nosetests --verbosity=1
Creating test database for alias 'default'...
..............................EEEEE...............................................................EEEEEEEEEEEEEEEEEEEEEEEEEEEEE....................E........................................................................................................................................................................................................................................................../root/.cache/pypoetry/virtualenvs/cpdbv2-backend-VA82Wl8V-py3.7/lib/python3.7/site-packages/urllib3/connection.py:335: SystemTimeWarning: System time is way off (before 2019-01-01). This will probably lead to SSL verification errors
  SystemTimeWarning,
./root/.cache/pypoetry/virtualenvs/cpdbv2-backend-VA82Wl8V-py3.7/lib/python3.7/site-packages/urllib3/connection.py:335: SystemTimeWarning: System time is way off (before 2019-01-01). This will probably lead to SSL verification errors
  SystemTimeWarning,
............................................EEEEEEEEEEEEEEEEEE..................................................EEEEEEEEEEEEEEEEEEEEEEEEEEEEEEE....................................................................................................................................................................................................EEEEEEEEEEEEEEEEEEEEEEEEEEEEEE.EEEEE.......EEEEE.............E.............................................................................................................EEEEEEEEEEEEEEEEEEEEE.................EEEEEEEEEEEEEEEE....EEEEEEEEEEEEEEE....EEEEEEEEEE...............EE.....................EE..E.....E.........................................................................................................................................................E.......EEEE.............................EEEEEEEEEEEEEEEEEEEEE.......................................................................................................
======================================================================
ERROR: test_set_officer_aliases (alias.tests.test_utils.AliasUtilsTestCase)
----------------------------------------------------------------------
Traceback (most recent call last):
  File "/usr/src/app/cpdb/alias/tests/test_utils.py", line 15, in setUp
    super(AliasUtilsTestCase, self).setUp()
  File "/usr/src/app/cpdb/search/tests/utils.py", line 12, in setUp
    autocompletes_alias.read_index.delete(ignore=404)
  File "/root/.cache/pypoetry/virtualenvs/cpdbv2-backend-VA82Wl8V-py3.7/lib/python3.7/site-packages/elasticsearch_dsl/index.py", line 222, in delete
    self.connection.indices.delete(index=self._name, **kwargs)
  File "/root/.cache/pypoetry/virtualenvs/cpdbv2-backend-VA82Wl8V-py3.7/lib/python3.7/site-packages/elasticsearch/client/utils.py", line 73, in _wrapped
    return func(*args, params=params, **kwargs)
  File "/root/.cache/pypoetry/virtualenvs/cpdbv2-backend-VA82Wl8V-py3.7/lib/python3.7/site-packages/elasticsearch/client/indices.py", line 200, in delete
    params=params)
  File "/root/.cache/pypoetry/virtualenvs/cpdbv2-backend-VA82Wl8V-py3.7/lib/python3.7/site-packages/elasticsearch/transport.py", line 312, in perform_request
    status, headers, data = connection.perform_request(method, url, params, body, ignore=ignore, timeout=timeout)
  File "/root/.cache/pypoetry/virtualenvs/cpdbv2-backend-VA82Wl8V-py3.7/lib/python3.7/site-packages/elasticsearch/connection/http_urllib3.py", line 124, in perform_request
    raise ConnectionError('N/A', str(e), e)
elasticsearch.exceptions.ConnectionError: ConnectionError(<urllib3.connection.HTTPConnection object at 0x7ff069131750>: Failed to establish a new connection: [Errno -2] Name or service not known) caused by: NewConnectionError(<urllib3.connection.HTTPConnection object at 0x7ff069131750>: Failed to establish a new connection: [Errno -2] Name or service not known)
-------------------- >> begin captured logging << --------------------
urllib3.util.retry: DEBUG: Converted retries value: False -> Retry(total=False, connect=None, read=None, redirect=0, status=None)
urllib3.connectionpool: DEBUG: Starting new HTTP connection (1): elasticsearch:9200
elasticsearch: WARNING: DELETE http://elasticsearch:9200/test_autocompletes [status:N/A request:0.226s]
Traceback (most recent call last):
  File "/root/.cache/pypoetry/virtualenvs/cpdbv2-backend-VA82Wl8V-py3.7/lib/python3.7/site-packages/urllib3/connection.py", line 160, in _new_conn
    (self._dns_host, self.port), self.timeout, **extra_kw
  File "/root/.cache/pypoetry/virtualenvs/cpdbv2-backend-VA82Wl8V-py3.7/lib/python3.7/site-packages/urllib3/util/connection.py", line 61, in create_connection
    for res in socket.getaddrinfo(host, port, family, socket.SOCK_STREAM):
  File "/usr/local/lib/python3.7/socket.py", line 752, in getaddrinfo
    for res in _socket.getaddrinfo(host, port, family, type, proto, flags):
socket.gaierror: [Errno -2] Name or service not known

During handling of the above exception, another exception occurred:

Traceback (most recent call last):
  File "/root/.cache/pypoetry/virtualenvs/cpdbv2-backend-VA82Wl8V-py3.7/lib/python3.7/site-packages/elasticsearch/connection/http_urllib3.py", line 115, in perform_request
    response = self.pool.urlopen(method, url, body, retries=False, headers=self.headers, **kw)
  File "/root/.cache/pypoetry/virtualenvs/cpdbv2-backend-VA82Wl8V-py3.7/lib/python3.7/site-packages/urllib3/connectionpool.py", line 727, in urlopen
    method, url, error=e, _pool=self, _stacktrace=sys.exc_info()[2]
  File "/root/.cache/pypoetry/virtualenvs/cpdbv2-backend-VA82Wl8V-py3.7/lib/python3.7/site-packages/urllib3/util/retry.py", line 386, in increment
    raise six.reraise(type(error), error, _stacktrace)
  File "/root/.cache/pypoetry/virtualenvs/cpdbv2-backend-VA82Wl8V-py3.7/lib/python3.7/site-packages/urllib3/packages/six.py", line 735, in reraise
    raise value
  File "/root/.cache/pypoetry/virtualenvs/cpdbv2-backend-VA82Wl8V-py3.7/lib/python3.7/site-packages/urllib3/connectionpool.py", line 677, in urlopen
    chunked=chunked,
  File "/root/.cache/pypoetry/virtualenvs/cpdbv2-backend-VA82Wl8V-py3.7/lib/python3.7/site-packages/urllib3/connectionpool.py", line 392, in _make_request
    conn.request(method, url, **httplib_request_kw)
  File "/usr/local/lib/python3.7/http/client.py", line 1281, in request
    self._send_request(method, url, body, headers, encode_chunked)
  File "/usr/local/lib/python3.7/http/client.py", line 1327, in _send_request
    self.endheaders(body, encode_chunked=encode_chunked)
  File "/usr/local/lib/python3.7/http/client.py", line 1276, in endheaders
    self._send_output(message_body, encode_chunked=encode_chunked)
  File "/usr/local/lib/python3.7/http/client.py", line 1036, in _send_output
    self.send(msg)
  File "/usr/local/lib/python3.7/http/client.py", line 976, in send
    self.connect()
  File "/root/.cache/pypoetry/virtualenvs/cpdbv2-backend-VA82Wl8V-py3.7/lib/python3.7/site-packages/urllib3/connection.py", line 187, in connect
    conn = self._new_conn()
  File "/root/.cache/pypoetry/virtualenvs/cpdbv2-backend-VA82Wl8V-py3.7/lib/python3.7/site-packages/urllib3/connection.py", line 172, in _new_conn
    self, "Failed to establish a new connection: %s" % e
urllib3.exceptions.NewConnectionError: <urllib3.connection.HTTPConnection object at 0x7ff06912af10>: Failed to establish a new connection: [Errno -2] Name or service not known
elasticsearch: DEBUG: > None
urllib3.util.retry: DEBUG: Converted retries value: False -> Retry(total=False, connect=None, read=None, redirect=0, status=None)
urllib3.connectionpool: DEBUG: Starting new HTTP connection (2): elasticsearch:9200
elasticsearch: WARNING: DELETE http://elasticsearch:9200/test_autocompletes [status:N/A request:0.020s]
Traceback (most recent call last):
  File "/root/.cache/pypoetry/virtualenvs/cpdbv2-backend-VA82Wl8V-py3.7/lib/python3.7/site-packages/urllib3/connection.py", line 160, in _new_conn
    (self._dns_host, self.port), self.timeout, **extra_kw
  File "/root/.cache/pypoetry/virtualenvs/cpdbv2-backend-VA82Wl8V-py3.7/lib/python3.7/site-packages/urllib3/util/connection.py", line 61, in create_connection
    for res in socket.getaddrinfo(host, port, family, socket.SOCK_STREAM):
  File "/usr/local/lib/python3.7/socket.py", line 752, in getaddrinfo
    for res in _socket.getaddrinfo(host, port, family, type, proto, flags):
socket.gaierror: [Errno -2] Name or service not known

During handling of the above exception, another exception occurred:

Traceback (most recent call last):
  File "/root/.cache/pypoetry/virtualenvs/cpdbv2-backend-VA82Wl8V-py3.7/lib/python3.7/site-packages/elasticsearch/connection/http_urllib3.py", line 115, in perform_request
    response = self.pool.urlopen(method, url, body, retries=False, headers=self.headers, **kw)
  File "/root/.cache/pypoetry/virtualenvs/cpdbv2-backend-VA82Wl8V-py3.7/lib/python3.7/site-packages/urllib3/connectionpool.py", line 727, in urlopen
    method, url, error=e, _pool=self, _stacktrace=sys.exc_info()[2]
  File "/root/.cache/pypoetry/virtualenvs/cpdbv2-backend-VA82Wl8V-py3.7/lib/python3.7/site-packages/urllib3/util/retry.py", line 386, in increment
    raise six.reraise(type(error), error, _stacktrace)
  File "/root/.cache/pypoetry/virtualenvs/cpdbv2-backend-VA82Wl8V-py3.7/lib/python3.7/site-packages/urllib3/packages/six.py", line 735, in reraise
    raise value
  File "/root/.cache/pypoetry/virtualenvs/cpdbv2-backend-VA82Wl8V-py3.7/lib/python3.7/site-packages/urllib3/connectionpool.py", line 677, in urlopen
    chunked=chunked,
  File "/root/.cache/pypoetry/virtualenvs/cpdbv2-backend-VA82Wl8V-py3.7/lib/python3.7/site-packages/urllib3/connectionpool.py", line 392, in _make_request
    conn.request(method, url, **httplib_request_kw)
  File "/usr/local/lib/python3.7/http/client.py", line 1281, in request
    self._send_request(method, url, body, headers, encode_chunked)
  File "/usr/local/lib/python3.7/http/client.py", line 1327, in _send_request
    self.endheaders(body, encode_chunked=encode_chunked)
  File "/usr/local/lib/python3.7/http/client.py", line 1276, in endheaders
    self._send_output(message_body, encode_chunked=encode_chunked)
  File "/usr/local/lib/python3.7/http/client.py", line 1036, in _send_output
    self.send(msg)
  File "/usr/local/lib/python3.7/http/client.py", line 976, in send
    self.connect()
  File "/root/.cache/pypoetry/virtualenvs/cpdbv2-backend-VA82Wl8V-py3.7/lib/python3.7/site-packages/urllib3/connection.py", line 187, in connect
    conn = self._new_conn()
  File "/root/.cache/pypoetry/virtualenvs/cpdbv2-backend-VA82Wl8V-py3.7/lib/python3.7/site-packages/urllib3/connection.py", line 172, in _new_conn
    self, "Failed to establish a new connection: %s" % e
urllib3.exceptions.NewConnectionError: <urllib3.connection.HTTPConnection object at 0x7ff06912a3d0>: Failed to establish a new connection: [Errno -2] Name or service not known
elasticsearch: DEBUG: > None
urllib3.util.retry: DEBUG: Converted retries value: False -> Retry(total=False, connect=None, read=None, redirect=0, status=None)
urllib3.connectionpool: DEBUG: Starting new HTTP connection (3): elasticsearch:9200
elasticsearch: WARNING: DELETE http://elasticsearch:9200/test_autocompletes [status:N/A request:0.017s]
Traceback (most recent call last):
  File "/root/.cache/pypoetry/virtualenvs/cpdbv2-backend-VA82Wl8V-py3.7/lib/python3.7/site-packages/urllib3/connection.py", line 160, in _new_conn
    (self._dns_host, self.port), self.timeout, **extra_kw
  File "/root/.cache/pypoetry/virtualenvs/cpdbv2-backend-VA82Wl8V-py3.7/lib/python3.7/site-packages/urllib3/util/connection.py", line 61, in create_connection
    for res in socket.getaddrinfo(host, port, family, socket.SOCK_STREAM):
  File "/usr/local/lib/python3.7/socket.py", line 752, in getaddrinfo
    for res in _socket.getaddrinfo(host, port, family, type, proto, flags):
socket.gaierror: [Errno -2] Name or service not known

During handling of the above exception, another exception occurred:

Traceback (most recent call last):
  File "/root/.cache/pypoetry/virtualenvs/cpdbv2-backend-VA82Wl8V-py3.7/lib/python3.7/site-packages/elasticsearch/connection/http_urllib3.py", line 115, in perform_request
    response = self.pool.urlopen(method, url, body, retries=False, headers=self.headers, **kw)
  File "/root/.cache/pypoetry/virtualenvs/cpdbv2-backend-VA82Wl8V-py3.7/lib/python3.7/site-packages/urllib3/connectionpool.py", line 727, in urlopen
    method, url, error=e, _pool=self, _stacktrace=sys.exc_info()[2]
  File "/root/.cache/pypoetry/virtualenvs/cpdbv2-backend-VA82Wl8V-py3.7/lib/python3.7/site-packages/urllib3/util/retry.py", line 386, in increment
    raise six.reraise(type(error), error, _stacktrace)
  File "/root/.cache/pypoetry/virtualenvs/cpdbv2-backend-VA82Wl8V-py3.7/lib/python3.7/site-packages/urllib3/packages/six.py", line 735, in reraise
    raise value
  File "/root/.cache/pypoetry/virtualenvs/cpdbv2-backend-VA82Wl8V-py3.7/lib/python3.7/site-packages/urllib3/connectionpool.py", line 677, in urlopen
    chunked=chunked,
  File "/root/.cache/pypoetry/virtualenvs/cpdbv2-backend-VA82Wl8V-py3.7/lib/python3.7/site-packages/urllib3/connectionpool.py", line 392, in _make_request
    conn.request(method, url, **httplib_request_kw)
  File "/usr/local/lib/python3.7/http/client.py", line 1281, in request
    self._send_request(method, url, body, headers, encode_chunked)
  File "/usr/local/lib/python3.7/http/client.py", line 1327, in _send_request
    self.endheaders(body, encode_chunked=encode_chunked)
  File "/usr/local/lib/python3.7/http/client.py", line 1276, in endheaders
    self._send_output(message_body, encode_chunked=encode_chunked)
  File "/usr/local/lib/python3.7/http/client.py", line 1036, in _send_output
    self.send(msg)
  File "/usr/local/lib/python3.7/http/client.py", line 976, in send
    self.connect()
  File "/root/.cache/pypoetry/virtualenvs/cpdbv2-backend-VA82Wl8V-py3.7/lib/python3.7/site-packages/urllib3/connection.py", line 187, in connect
    conn = self._new_conn()
  File "/root/.cache/pypoetry/virtualenvs/cpdbv2-backend-VA82Wl8V-py3.7/lib/python3.7/site-packages/urllib3/connection.py", line 172, in _new_conn
    self, "Failed to establish a new connection: %s" % e
urllib3.exceptions.NewConnectionError: <urllib3.connection.HTTPConnection object at 0x7ff0693d2250>: Failed to establish a new connection: [Errno -2] Name or service not known
elasticsearch: DEBUG: > None
urllib3.util.retry: DEBUG: Converted retries value: False -> Retry(total=False, connect=None, read=None, redirect=0, status=None)
urllib3.connectionpool: DEBUG: Starting new HTTP connection (4): elasticsearch:9200
elasticsearch: WARNING: DELETE http://elasticsearch:9200/test_autocompletes [status:N/A request:0.005s]
Traceback (most recent call last):
  File "/root/.cache/pypoetry/virtualenvs/cpdbv2-backend-VA82Wl8V-py3.7/lib/python3.7/site-packages/urllib3/connection.py", line 160, in _new_conn
    (self._dns_host, self.port), self.timeout, **extra_kw
  File "/root/.cache/pypoetry/virtualenvs/cpdbv2-backend-VA82Wl8V-py3.7/lib/python3.7/site-packages/urllib3/util/connection.py", line 61, in create_connection
    for res in socket.getaddrinfo(host, port, family, socket.SOCK_STREAM):
  File "/usr/local/lib/python3.7/socket.py", line 752, in getaddrinfo
    for res in _socket.getaddrinfo(host, port, family, type, proto, flags):
socket.gaierror: [Errno -2] Name or service not known

During handling of the above exception, another exception occurred:

Traceback (most recent call last):
  File "/root/.cache/pypoetry/virtualenvs/cpdbv2-backend-VA82Wl8V-py3.7/lib/python3.7/site-packages/elasticsearch/connection/http_urllib3.py", line 115, in perform_request
    response = self.pool.urlopen(method, url, body, retries=False, headers=self.headers, **kw)
  File "/root/.cache/pypoetry/virtualenvs/cpdbv2-backend-VA82Wl8V-py3.7/lib/python3.7/site-packages/urllib3/connectionpool.py", line 727, in urlopen
    method, url, error=e, _pool=self, _stacktrace=sys.exc_info()[2]
  File "/root/.cache/pypoetry/virtualenvs/cpdbv2-backend-VA82Wl8V-py3.7/lib/python3.7/site-packages/urllib3/util/retry.py", line 386, in increment
    raise six.reraise(type(error), error, _stacktrace)
  File "/root/.cache/pypoetry/virtualenvs/cpdbv2-backend-VA82Wl8V-py3.7/lib/python3.7/site-packages/urllib3/packages/six.py", line 735, in reraise
    raise value
  File "/root/.cache/pypoetry/virtualenvs/cpdbv2-backend-VA82Wl8V-py3.7/lib/python3.7/site-packages/urllib3/connectionpool.py", line 677, in urlopen
    chunked=chunked,
  File "/root/.cache/pypoetry/virtualenvs/cpdbv2-backend-VA82Wl8V-py3.7/lib/python3.7/site-packages/urllib3/connectionpool.py", line 392, in _make_request
    conn.request(method, url, **httplib_request_kw)
  File "/usr/local/lib/python3.7/http/client.py", line 1281, in request
    self._send_request(method, url, body, headers, encode_chunked)
  File "/usr/local/lib/python3.7/http/client.py", line 1327, in _send_request
    self.endheaders(body, encode_chunked=encode_chunked)
  File "/usr/local/lib/python3.7/http/client.py", line 1276, in endheaders
    self._send_output(message_body, encode_chunked=encode_chunked)
  File "/usr/local/lib/python3.7/http/client.py", line 1036, in _send_output
    self.send(msg)
  File "/usr/local/lib/python3.7/http/client.py", line 976, in send
    self.connect()
  File "/root/.cache/pypoetry/virtualenvs/cpdbv2-backend-VA82Wl8V-py3.7/lib/python3.7/site-packages/urllib3/connection.py", line 187, in connect
    conn = self._new_conn()
  File "/root/.cache/pypoetry/virtualenvs/cpdbv2-backend-VA82Wl8V-py3.7/lib/python3.7/site-packages/urllib3/connection.py", line 172, in _new_conn
    self, "Failed to establish a new connection: %s" % e
urllib3.exceptions.NewConnectionError: <urllib3.connection.HTTPConnection object at 0x7ff069131750>: Failed to establish a new connection: [Errno -2] Name or service not known
elasticsearch: DEBUG: > None
--------------------- >> end captured logging << ---------------------

======================================================================
ERROR: test_update_aliases_with_wrong_pk (alias.tests.test_views.AliasViewSetTestCase)
----------------------------------------------------------------------
Traceback (most recent call last):
  File "/usr/src/app/cpdb/alias/tests/test_views.py", line 15, in setUp
    super(AliasViewSetTestCase, self).setUp()
  File "/usr/src/app/cpdb/search/tests/utils.py", line 12, in setUp
    autocompletes_alias.read_index.delete(ignore=404)
  File "/root/.cache/pypoetry/virtualenvs/cpdbv2-backend-VA82Wl8V-py3.7/lib/python3.7/site-packages/elasticsearch_dsl/index.py", line 222, in delete
    self.connection.indices.delete(index=self._name, **kwargs)
  File "/root/.cache/pypoetry/virtualenvs/cpdbv2-backend-VA82Wl8V-py3.7/lib/python3.7/site-packages/elasticsearch/client/utils.py", line 73, in _wrapped
    return func(*args, params=params, **kwargs)
  File "/root/.cache/pypoetry/virtualenvs/cpdbv2-backend-VA82Wl8V-py3.7/lib/python3.7/site-packages/elasticsearch/client/indices.py", line 200, in delete
    params=params)
  File "/root/.cache/pypoetry/virtualenvs/cpdbv2-backend-VA82Wl8V-py3.7/lib/python3.7/site-packages/elasticsearch/transport.py", line 312, in perform_request
    status, headers, data = connection.perform_request(method, url, params, body, ignore=ignore, timeout=timeout)
  File "/root/.cache/pypoetry/virtualenvs/cpdbv2-backend-VA82Wl8V-py3.7/lib/python3.7/site-packages/elasticsearch/connection/http_urllib3.py", line 124, in perform_request
    raise ConnectionError('N/A', str(e), e)
elasticsearch.exceptions.ConnectionError: ConnectionError(<urllib3.connection.HTTPConnection object at 0x7ff0693c7250>: Failed to establish a new connection: [Errno -2] Name or service not known) caused by: NewConnectionError(<urllib3.connection.HTTPConnection object at 0x7ff0693c7250>: Failed to establish a new connection: [Errno -2] Name or service not known)
-------------------- >> begin captured logging << --------------------
urllib3.util.retry: DEBUG: Converted retries value: False -> Retry(total=False, connect=None, read=None, redirect=0, status=None)
urllib3.connectionpool: DEBUG: Starting new HTTP connection (5): elasticsearch:9200
elasticsearch: WARNING: DELETE http://elasticsearch:9200/test_autocompletes [status:N/A request:0.008s]
Traceback (most recent call last):
  File "/root/.cache/pypoetry/virtualenvs/cpdbv2-backend-VA82Wl8V-py3.7/lib/python3.7/site-packages/urllib3/connection.py", line 160, in _new_conn
    (self._dns_host, self.port), self.timeout, **extra_kw
  File "/root/.cache/pypoetry/virtualenvs/cpdbv2-backend-VA82Wl8V-py3.7/lib/python3.7/site-packages/urllib3/util/connection.py", line 61, in create_connection
    for res in socket.getaddrinfo(host, port, family, socket.SOCK_STREAM):
  File "/usr/local/lib/python3.7/socket.py", line 752, in getaddrinfo
    for res in _socket.getaddrinfo(host, port, family, type, proto, flags):
socket.gaierror: [Errno -2] Name or service not known

During handling of the above exception, another exception occurred:

Traceback (most recent call last):
  File "/root/.cache/pypoetry/virtualenvs/cpdbv2-backend-VA82Wl8V-py3.7/lib/python3.7/site-packages/elasticsearch/connection/http_urllib3.py", line 115, in perform_request
    response = self.pool.urlopen(method, url, body, retries=False, headers=self.headers, **kw)
  File "/root/.cache/pypoetry/virtualenvs/cpdbv2-backend-VA82Wl8V-py3.7/lib/python3.7/site-packages/urllib3/connectionpool.py", line 727, in urlopen
    method, url, error=e, _pool=self, _stacktrace=sys.exc_info()[2]
  File "/root/.cache/pypoetry/virtualenvs/cpdbv2-backend-VA82Wl8V-py3.7/lib/python3.7/site-packages/urllib3/util/retry.py", line 386, in increment
    raise six.reraise(type(error), error, _stacktrace)
  File "/root/.cache/pypoetry/virtualenvs/cpdbv2-backend-VA82Wl8V-py3.7/lib/python3.7/site-packages/urllib3/packages/six.py", line 735, in reraise
    raise value
  File "/root/.cache/pypoetry/virtualenvs/cpdbv2-backend-VA82Wl8V-py3.7/lib/python3.7/site-packages/urllib3/connectionpool.py", line 677, in urlopen
    chunked=chunked,
  File "/root/.cache/pypoetry/virtualenvs/cpdbv2-backend-VA82Wl8V-py3.7/lib/python3.7/site-packages/urllib3/connectionpool.py", line 392, in _make_request
    conn.request(method, url, **httplib_request_kw)
  File "/usr/local/lib/python3.7/http/client.py", line 1281, in request
    self._send_request(method, url, body, headers, encode_chunked)
  File "/usr/local/lib/python3.7/http/client.py", line 1327, in _send_request
    self.endheaders(body, encode_chunked=encode_chunked)
  File "/usr/local/lib/python3.7/http/client.py", line 1276, in endheaders
    self._send_output(message_body, encode_chunked=encode_chunked)
  File "/usr/local/lib/python3.7/http/client.py", line 1036, in _send_output
    self.send(msg)
  File "/usr/local/lib/python3.7/http/client.py", line 976, in send
    self.connect()
  File "/root/.cache/pypoetry/virtualenvs/cpdbv2-backend-VA82Wl8V-py3.7/lib/python3.7/site-packages/urllib3/connection.py", line 187, in connect
    conn = self._new_conn()
  File "/root/.cache/pypoetry/virtualenvs/cpdbv2-backend-VA82Wl8V-py3.7/lib/python3.7/site-packages/urllib3/connection.py", line 172, in _new_conn
    self, "Failed to establish a new connection: %s" % e
urllib3.exceptions.NewConnectionError: <urllib3.connection.HTTPConnection object at 0x7ff069131890>: Failed to establish a new connection: [Errno -2] Name or service not known
elasticsearch: DEBUG: > None
urllib3.util.retry: DEBUG: Converted retries value: False -> Retry(total=False, connect=None, read=None, redirect=0, status=None)
urllib3.connectionpool: DEBUG: Starting new HTTP connection (6): elasticsearch:9200
elasticsearch: WARNING: DELETE http://elasticsearch:9200/test_autocompletes [status:N/A request:0.017s]
Traceback (most recent call last):
  File "/root/.cache/pypoetry/virtualenvs/cpdbv2-backend-VA82Wl8V-py3.7/lib/python3.7/site-packages/urllib3/connection.py", line 160, in _new_conn
    (self._dns_host, self.port), self.timeout, **extra_kw
  File "/root/.cache/pypoetry/virtualenvs/cpdbv2-backend-VA82Wl8V-py3.7/lib/python3.7/site-packages/urllib3/util/connection.py", line 61, in create_connection
    for res in socket.getaddrinfo(host, port, family, socket.SOCK_STREAM):
  File "/usr/local/lib/python3.7/socket.py", line 752, in getaddrinfo
    for res in _socket.getaddrinfo(host, port, family, type, proto, flags):
socket.gaierror: [Errno -2] Name or service not known

During handling of the above exception, another exception occurred:

Traceback (most recent call last):
  File "/root/.cache/pypoetry/virtualenvs/cpdbv2-backend-VA82Wl8V-py3.7/lib/python3.7/site-packages/elasticsearch/connection/http_urllib3.py", line 115, in perform_request
    response = self.pool.urlopen(method, url, body, retries=False, headers=self.headers, **kw)
  File "/root/.cache/pypoetry/virtualenvs/cpdbv2-backend-VA82Wl8V-py3.7/lib/python3.7/site-packages/urllib3/connectionpool.py", line 727, in urlopen
    method, url, error=e, _pool=self, _stacktrace=sys.exc_info()[2]
  File "/root/.cache/pypoetry/virtualenvs/cpdbv2-backend-VA82Wl8V-py3.7/lib/python3.7/site-packages/urllib3/util/retry.py", line 386, in increment
    raise six.reraise(type(error), error, _stacktrace)
  File "/root/.cache/pypoetry/virtualenvs/cpdbv2-backend-VA82Wl8V-py3.7/lib/python3.7/site-packages/urllib3/packages/six.py", line 735, in reraise
    raise value
  File "/root/.cache/pypoetry/virtualenvs/cpdbv2-backend-VA82Wl8V-py3.7/lib/python3.7/site-packages/urllib3/connectionpool.py", line 677, in urlopen
    chunked=chunked,
  File "/root/.cache/pypoetry/virtualenvs/cpdbv2-backend-VA82Wl8V-py3.7/lib/python3.7/site-packages/urllib3/connectionpool.py", line 392, in _make_request
    conn.request(method, url, **httplib_request_kw)
  File "/usr/local/lib/python3.7/http/client.py", line 1281, in request
    self._send_request(method, url, body, headers, encode_chunked)
  File "/usr/local/lib/python3.7/http/client.py", line 1327, in _send_request
    self.endheaders(body, encode_chunked=encode_chunked)
  File "/usr/local/lib/python3.7/http/client.py", line 1276, in endheaders
    self._send_output(message_body, encode_chunked=encode_chunked)
  File "/usr/local/lib/python3.7/http/client.py", line 1036, in _send_output
    self.send(msg)
  File "/usr/local/lib/python3.7/http/client.py", line 976, in send
    self.connect()
  File "/root/.cache/pypoetry/virtualenvs/cpdbv2-backend-VA82Wl8V-py3.7/lib/python3.7/site-packages/urllib3/connection.py", line 187, in connect
    conn = self._new_conn()
  File "/root/.cache/pypoetry/virtualenvs/cpdbv2-backend-VA82Wl8V-py3.7/lib/python3.7/site-packages/urllib3/connection.py", line 172, in _new_conn
    self, "Failed to establish a new connection: %s" % e
urllib3.exceptions.NewConnectionError: <urllib3.connection.HTTPConnection object at 0x7ff0691f2e10>: Failed to establish a new connection: [Errno -2] Name or service not known
elasticsearch: DEBUG: > None
urllib3.util.retry: DEBUG: Converted retries value: False -> Retry(total=False, connect=None, read=None, redirect=0, status=None)
urllib3.connectionpool: DEBUG: Starting new HTTP connection (7): elasticsearch:9200
elasticsearch: WARNING: DELETE http://elasticsearch:9200/test_autocompletes [status:N/A request:0.014s]
Traceback (most recent call last):
  File "/root/.cache/pypoetry/virtualenvs/cpdbv2-backend-VA82Wl8V-py3.7/lib/python3.7/site-packages/urllib3/connection.py", line 160, in _new_conn
    (self._dns_host, self.port), self.timeout, **extra_kw
  File "/root/.cache/pypoetry/virtualenvs/cpdbv2-backend-VA82Wl8V-py3.7/lib/python3.7/site-packages/urllib3/util/connection.py", line 61, in create_connection
    for res in socket.getaddrinfo(host, port, family, socket.SOCK_STREAM):
  File "/usr/local/lib/python3.7/socket.py", line 752, in getaddrinfo
    for res in _socket.getaddrinfo(host, port, family, type, proto, flags):
socket.gaierror: [Errno -2] Name or service not known

During handling of the above exception, another exception occurred:

Traceback (most recent call last):
  File "/root/.cache/pypoetry/virtualenvs/cpdbv2-backend-VA82Wl8V-py3.7/lib/python3.7/site-packages/elasticsearch/connection/http_urllib3.py", line 115, in perform_request
    response = self.pool.urlopen(method, url, body, retries=False, headers=self.headers, **kw)
  File "/root/.cache/pypoetry/virtualenvs/cpdbv2-backend-VA82Wl8V-py3.7/lib/python3.7/site-packages/urllib3/connectionpool.py", line 727, in urlopen
    method, url, error=e, _pool=self, _stacktrace=sys.exc_info()[2]
  File "/root/.cache/pypoetry/virtualenvs/cpdbv2-backend-VA82Wl8V-py3.7/lib/python3.7/site-packages/urllib3/util/retry.py", line 386, in increment
    raise six.reraise(type(error), error, _stacktrace)
  File "/root/.cache/pypoetry/virtualenvs/cpdbv2-backend-VA82Wl8V-py3.7/lib/python3.7/site-packages/urllib3/packages/six.py", line 735, in reraise
    raise value
  File "/root/.cache/pypoetry/virtualenvs/cpdbv2-backend-VA82Wl8V-py3.7/lib/python3.7/site-packages/urllib3/connectionpool.py", line 677, in urlopen
    chunked=chunked,
  File "/root/.cache/pypoetry/virtualenvs/cpdbv2-backend-VA82Wl8V-py3.7/lib/python3.7/site-packages/urllib3/connectionpool.py", line 392, in _make_request
    conn.request(method, url, **httplib_request_kw)
  File "/usr/local/lib/python3.7/http/client.py", line 1281, in request
    self._send_request(method, url, body, headers, encode_chunked)
  File "/usr/local/lib/python3.7/http/client.py", line 1327, in _send_request
    self.endheaders(body, encode_chunked=encode_chunked)
  File "/usr/local/lib/python3.7/http/client.py", line 1276, in endheaders
    self._send_output(message_body, encode_chunked=encode_chunked)
  File "/usr/local/lib/python3.7/http/client.py", line 1036, in _send_output
    self.send(msg)
  File "/usr/local/lib/python3.7/http/client.py", line 976, in send
    self.connect()
  File "/root/.cache/pypoetry/virtualenvs/cpdbv2-backend-VA82Wl8V-py3.7/lib/python3.7/site-packages/urllib3/connection.py", line 187, in connect
    conn = self._new_conn()
  File "/root/.cache/pypoetry/virtualenvs/cpdbv2-backend-VA82Wl8V-py3.7/lib/python3.7/site-packages/urllib3/connection.py", line 172, in _new_conn
    self, "Failed to establish a new connection: %s" % e
urllib3.exceptions.NewConnectionError: <urllib3.connection.HTTPConnection object at 0x7ff0691f2f90>: Failed to establish a new connection: [Errno -2] Name or service not known
elasticsearch: DEBUG: > None
urllib3.util.retry: DEBUG: Converted retries value: False -> Retry(total=False, connect=None, read=None, redirect=0, status=None)
urllib3.connectionpool: DEBUG: Starting new HTTP connection (8): elasticsearch:9200
elasticsearch: WARNING: DELETE http://elasticsearch:9200/test_autocompletes [status:N/A request:0.006s]
Traceback (most recent call last):
  File "/root/.cache/pypoetry/virtualenvs/cpdbv2-backend-VA82Wl8V-py3.7/lib/python3.7/site-packages/urllib3/connection.py", line 160, in _new_conn
    (self._dns_host, self.port), self.timeout, **extra_kw
  File "/root/.cache/pypoetry/virtualenvs/cpdbv2-backend-VA82Wl8V-py3.7/lib/python3.7/site-packages/urllib3/util/connection.py", line 61, in create_connection
    for res in socket.getaddrinfo(host, port, family, socket.SOCK_STREAM):
  File "/usr/local/lib/python3.7/socket.py", line 752, in getaddrinfo
    for res in _socket.getaddrinfo(host, port, family, type, proto, flags):
socket.gaierror: [Errno -2] Name or service not known

During handling of the above exception, another exception occurred:

Traceback (most recent call last):
  File "/root/.cache/pypoetry/virtualenvs/cpdbv2-backend-VA82Wl8V-py3.7/lib/python3.7/site-packages/elasticsearch/connection/http_urllib3.py", line 115, in perform_request
    response = self.pool.urlopen(method, url, body, retries=False, headers=self.headers, **kw)
  File "/root/.cache/pypoetry/virtualenvs/cpdbv2-backend-VA82Wl8V-py3.7/lib/python3.7/site-packages/urllib3/connectionpool.py", line 727, in urlopen
    method, url, error=e, _pool=self, _stacktrace=sys.exc_info()[2]
  File "/root/.cache/pypoetry/virtualenvs/cpdbv2-backend-VA82Wl8V-py3.7/lib/python3.7/site-packages/urllib3/util/retry.py", line 386, in increment
    raise six.reraise(type(error), error, _stacktrace)
  File "/root/.cache/pypoetry/virtualenvs/cpdbv2-backend-VA82Wl8V-py3.7/lib/python3.7/site-packages/urllib3/packages/six.py", line 735, in reraise
    raise value
  File "/root/.cache/pypoetry/virtualenvs/cpdbv2-backend-VA82Wl8V-py3.7/lib/python3.7/site-packages/urllib3/connectionpool.py", line 677, in urlopen
    chunked=chunked,
  File "/root/.cache/pypoetry/virtualenvs/cpdbv2-backend-VA82Wl8V-py3.7/lib/python3.7/site-packages/urllib3/connectionpool.py", line 392, in _make_request
    conn.request(method, url, **httplib_request_kw)
  File "/usr/local/lib/python3.7/http/client.py", line 1281, in request
    self._send_request(method, url, body, headers, encode_chunked)
  File "/usr/local/lib/python3.7/http/client.py", line 1327, in _send_request
    self.endheaders(body, encode_chunked=encode_chunked)
  File "/usr/local/lib/python3.7/http/client.py", line 1276, in endheaders
    self._send_output(message_body, encode_chunked=encode_chunked)
  File "/usr/local/lib/python3.7/http/client.py", line 1036, in _send_output
    self.send(msg)
  File "/usr/local/lib/python3.7/http/client.py", line 976, in send
    self.connect()
  File "/root/.cache/pypoetry/virtualenvs/cpdbv2-backend-VA82Wl8V-py3.7/lib/python3.7/site-packages/urllib3/connection.py", line 187, in connect
    conn = self._new_conn()
  File "/root/.cache/pypoetry/virtualenvs/cpdbv2-backend-VA82Wl8V-py3.7/lib/python3.7/site-packages/urllib3/connection.py", line 172, in _new_conn
    self, "Failed to establish a new connection: %s" % e
urllib3.exceptions.NewConnectionError: <urllib3.connection.HTTPConnection object at 0x7ff0693c7250>: Failed to establish a new connection: [Errno -2] Name or service not known
elasticsearch: DEBUG: > None
--------------------- >> end captured logging << ---------------------

======================================================================
ERROR: test_update_aliases_with_wrong_type (alias.tests.test_views.AliasViewSetTestCase)
----------------------------------------------------------------------
Traceback (most recent call last):
  File "/usr/src/app/cpdb/alias/tests/test_views.py", line 15, in setUp
    super(AliasViewSetTestCase, self).setUp()
  File "/usr/src/app/cpdb/search/tests/utils.py", line 12, in setUp
    autocompletes_alias.read_index.delete(ignore=404)
  File "/root/.cache/pypoetry/virtualenvs/cpdbv2-backend-VA82Wl8V-py3.7/lib/python3.7/site-packages/elasticsearch_dsl/index.py", line 222, in delete
    self.connection.indices.delete(index=self._name, **kwargs)
  File "/root/.cache/pypoetry/virtualenvs/cpdbv2-backend-VA82Wl8V-py3.7/lib/python3.7/site-packages/elasticsearch/client/utils.py", line 73, in _wrapped
    return func(*args, params=params, **kwargs)
  File "/root/.cache/pypoetry/virtualenvs/cpdbv2-backend-VA82Wl8V-py3.7/lib/python3.7/site-packages/elasticsearch/client/indices.py", line 200, in delete
    params=params)
  File "/root/.cache/pypoetry/virtualenvs/cpdbv2-backend-VA82Wl8V-py3.7/lib/python3.7/site-packages/elasticsearch/transport.py", line 312, in perform_request
    status, headers, data = connection.perform_request(method, url, params, body, ignore=ignore, timeout=timeout)
  File "/root/.cache/pypoetry/virtualenvs/cpdbv2-backend-VA82Wl8V-py3.7/lib/python3.7/site-packages/elasticsearch/connection/http_urllib3.py", line 124, in perform_request
    raise ConnectionError('N/A', str(e), e)
elasticsearch.exceptions.ConnectionError: ConnectionError(<urllib3.connection.HTTPConnection object at 0x7ff0693d2c10>: Failed to establish a new connection: [Errno -2] Name or service not known) caused by: NewConnectionError(<urllib3.connection.HTTPConnection object at 0x7ff0693d2c10>: Failed to establish a new connection: [Errno -2] Name or service not known)
-------------------- >> begin captured logging << --------------------
urllib3.util.retry: DEBUG: Converted retries value: False -> Retry(total=False, connect=None, read=None, redirect=0, status=None)
urllib3.connectionpool: DEBUG: Starting new HTTP connection (9): elasticsearch:9200
elasticsearch: WARNING: DELETE http://elasticsearch:9200/test_autocompletes [status:N/A request:0.009s]
Traceback (most recent call last):
  File "/root/.cache/pypoetry/virtualenvs/cpdbv2-backend-VA82Wl8V-py3.7/lib/python3.7/site-packages/urllib3/connection.py", line 160, in _new_conn
    (self._dns_host, self.port), self.timeout, **extra_kw
  File "/root/.cache/pypoetry/virtualenvs/cpdbv2-backend-VA82Wl8V-py3.7/lib/python3.7/site-packages/urllib3/util/connection.py", line 61, in create_connection
    for res in socket.getaddrinfo(host, port, family, socket.SOCK_STREAM):
  File "/usr/local/lib/python3.7/socket.py", line 752, in getaddrinfo
    for res in _socket.getaddrinfo(host, port, family, type, proto, flags):
socket.gaierror: [Errno -2] Name or service not known

During handling of the above exception, another exception occurred:

Traceback (most recent call last):
  File "/root/.cache/pypoetry/virtualenvs/cpdbv2-backend-VA82Wl8V-py3.7/lib/python3.7/site-packages/elasticsearch/connection/http_urllib3.py", line 115, in perform_request
    response = self.pool.urlopen(method, url, body, retries=False, headers=self.headers, **kw)
  File "/root/.cache/pypoetry/virtualenvs/cpdbv2-backend-VA82Wl8V-py3.7/lib/python3.7/site-packages/urllib3/connectionpool.py", line 727, in urlopen
    method, url, error=e, _pool=self, _stacktrace=sys.exc_info()[2]
  File "/root/.cache/pypoetry/virtualenvs/cpdbv2-backend-VA82Wl8V-py3.7/lib/python3.7/site-packages/urllib3/util/retry.py", line 386, in increment
    raise six.reraise(type(error), error, _stacktrace)
  File "/root/.cache/pypoetry/virtualenvs/cpdbv2-backend-VA82Wl8V-py3.7/lib/python3.7/site-packages/urllib3/packages/six.py", line 735, in reraise
    raise value
  File "/root/.cache/pypoetry/virtualenvs/cpdbv2-backend-VA82Wl8V-py3.7/lib/python3.7/site-packages/urllib3/connectionpool.py", line 677, in urlopen
    chunked=chunked,
  File "/root/.cache/pypoetry/virtualenvs/cpdbv2-backend-VA82Wl8V-py3.7/lib/python3.7/site-packages/urllib3/connectionpool.py", line 392, in _make_request
    conn.request(method, url, **httplib_request_kw)
  File "/usr/local/lib/python3.7/http/client.py", line 1281, in request
    self._send_request(method, url, body, headers, encode_chunked)
  File "/usr/local/lib/python3.7/http/client.py", line 1327, in _send_request
    self.endheaders(body, encode_chunked=encode_chunked)
  File "/usr/local/lib/python3.7/http/client.py", line 1276, in endheaders
    self._send_output(message_body, encode_chunked=encode_chunked)
  File "/usr/local/lib/python3.7/http/client.py", line 1036, in _send_output
    self.send(msg)
  File "/usr/local/lib/python3.7/http/client.py", line 976, in send
    self.connect()
  File "/root/.cache/pypoetry/virtualenvs/cpdbv2-backend-VA82Wl8V-py3.7/lib/python3.7/site-packages/urllib3/connection.py", line 187, in connect
    conn = self._new_conn()
  File "/root/.cache/pypoetry/virtualenvs/cpdbv2-backend-VA82Wl8V-py3.7/lib/python3.7/site-packages/urllib3/connection.py", line 172, in _new_conn
    self, "Failed to establish a new connection: %s" % e
urllib3.exceptions.NewConnectionError: <urllib3.connection.HTTPConnection object at 0x7ff0693c73d0>: Failed to establish a new connection: [Errno -2] Name or service not known
elasticsearch: DEBUG: > None
urllib3.util.retry: DEBUG: Converted retries value: False -> Retry(total=False, connect=None, read=None, redirect=0, status=None)
urllib3.connectionpool: DEBUG: Starting new HTTP connection (10): elasticsearch:9200
elasticsearch: WARNING: DELETE http://elasticsearch:9200/test_autocompletes [status:N/A request:0.019s]
Traceback (most recent call last):
  File "/root/.cache/pypoetry/virtualenvs/cpdbv2-backend-VA82Wl8V-py3.7/lib/python3.7/site-packages/urllib3/connection.py", line 160, in _new_conn
    (self._dns_host, self.port), self.timeout, **extra_kw
  File "/root/.cache/pypoetry/virtualenvs/cpdbv2-backend-VA82Wl8V-py3.7/lib/python3.7/site-packages/urllib3/util/connection.py", line 61, in create_connection
    for res in socket.getaddrinfo(host, port, family, socket.SOCK_STREAM):
  File "/usr/local/lib/python3.7/socket.py", line 752, in getaddrinfo
    for res in _socket.getaddrinfo(host, port, family, type, proto, flags):
socket.gaierror: [Errno -2] Name or service not known

During handling of the above exception, another exception occurred:

Traceback (most recent call last):
  File "/root/.cache/pypoetry/virtualenvs/cpdbv2-backend-VA82Wl8V-py3.7/lib/python3.7/site-packages/elasticsearch/connection/http_urllib3.py", line 115, in perform_request
    response = self.pool.urlopen(method, url, body, retries=False, headers=self.headers, **kw)
  File "/root/.cache/pypoetry/virtualenvs/cpdbv2-backend-VA82Wl8V-py3.7/lib/python3.7/site-packages/urllib3/connectionpool.py", line 727, in urlopen
    method, url, error=e, _pool=self, _stacktrace=sys.exc_info()[2]
  File "/root/.cache/pypoetry/virtualenvs/cpdbv2-backend-VA82Wl8V-py3.7/lib/python3.7/site-packages/urllib3/util/retry.py", line 386, in increment
    raise six.reraise(type(error), error, _stacktrace)
  File "/root/.cache/pypoetry/virtualenvs/cpdbv2-backend-VA82Wl8V-py3.7/lib/python3.7/site-packages/urllib3/packages/six.py", line 735, in reraise
    raise value
  File "/root/.cache/pypoetry/virtualenvs/cpdbv2-backend-VA82Wl8V-py3.7/lib/python3.7/site-packages/urllib3/connectionpool.py", line 677, in urlopen
    chunked=chunked,
  File "/root/.cache/pypoetry/virtualenvs/cpdbv2-backend-VA82Wl8V-py3.7/lib/python3.7/site-packages/urllib3/connectionpool.py", line 392, in _make_request
    conn.request(method, url, **httplib_request_kw)
  File "/usr/local/lib/python3.7/http/client.py", line 1281, in request
    self._send_request(method, url, body, headers, encode_chunked)
  File "/usr/local/lib/python3.7/http/client.py", line 1327, in _send_request
    self.endheaders(body, encode_chunked=encode_chunked)
  File "/usr/local/lib/python3.7/http/client.py", line 1276, in endheaders
    self._send_output(message_body, encode_chunked=encode_chunked)
  File "/usr/local/lib/python3.7/http/client.py", line 1036, in _send_output
    self.send(msg)
  File "/usr/local/lib/python3.7/http/client.py", line 976, in send
    self.connect()
  File "/root/.cache/pypoetry/virtualenvs/cpdbv2-backend-VA82Wl8V-py3.7/lib/python3.7/site-packages/urllib3/connection.py", line 187, in connect
    conn = self._new_conn()
  File "/root/.cache/pypoetry/virtualenvs/cpdbv2-backend-VA82Wl8V-py3.7/lib/python3.7/site-packages/urllib3/connection.py", line 172, in _new_conn
    self, "Failed to establish a new connection: %s" % e
urllib3.exceptions.NewConnectionError: <urllib3.connection.HTTPConnection object at 0x7ff0691f2cd0>: Failed to establish a new connection: [Errno -2] Name or service not known
elasticsearch: DEBUG: > None
urllib3.util.retry: DEBUG: Converted retries value: False -> Retry(total=False, connect=None, read=None, redirect=0, status=None)
urllib3.connectionpool: DEBUG: Starting new HTTP connection (11): elasticsearch:9200
elasticsearch: WARNING: DELETE http://elasticsearch:9200/test_autocompletes [status:N/A request:0.004s]
Traceback (most recent call last):
  File "/root/.cache/pypoetry/virtualenvs/cpdbv2-backend-VA82Wl8V-py3.7/lib/python3.7/site-packages/urllib3/connection.py", line 160, in _new_conn
    (self._dns_host, self.port), self.timeout, **extra_kw
  File "/root/.cache/pypoetry/virtualenvs/cpdbv2-backend-VA82Wl8V-py3.7/lib/python3.7/site-packages/urllib3/util/connection.py", line 61, in create_connection
    for res in socket.getaddrinfo(host, port, family, socket.SOCK_STREAM):
  File "/usr/local/lib/python3.7/socket.py", line 752, in getaddrinfo
    for res in _socket.getaddrinfo(host, port, family, type, proto, flags):
socket.gaierror: [Errno -2] Name or service not known

During handling of the above exception, another exception occurred:

Traceback (most recent call last):
  File "/root/.cache/pypoetry/virtualenvs/cpdbv2-backend-VA82Wl8V-py3.7/lib/python3.7/site-packages/elasticsearch/connection/http_urllib3.py", line 115, in perform_request
    response = self.pool.urlopen(method, url, body, retries=False, headers=self.headers, **kw)
  File "/root/.cache/pypoetry/virtualenvs/cpdbv2-backend-VA82Wl8V-py3.7/lib/python3.7/site-packages/urllib3/connectionpool.py", line 727, in urlopen
    method, url, error=e, _pool=self, _stacktrace=sys.exc_info()[2]
  File "/root/.cache/pypoetry/virtualenvs/cpdbv2-backend-VA82Wl8V-py3.7/lib/python3.7/site-packages/urllib3/util/retry.py", line 386, in increment
    raise six.reraise(type(error), error, _stacktrace)
  File "/root/.cache/pypoetry/virtualenvs/cpdbv2-backend-VA82Wl8V-py3.7/lib/python3.7/site-packages/urllib3/packages/six.py", line 735, in reraise
    raise value
  File "/root/.cache/pypoetry/virtualenvs/cpdbv2-backend-VA82Wl8V-py3.7/lib/python3.7/site-packages/urllib3/connectionpool.py", line 677, in urlopen
    chunked=chunked,
  File "/root/.cache/pypoetry/virtualenvs/cpdbv2-backend-VA82Wl8V-py3.7/lib/python3.7/site-packages/urllib3/connectionpool.py", line 392, in _make_request
    conn.request(method, url, **httplib_request_kw)
  File "/usr/local/lib/python3.7/http/client.py", line 1281, in request
    self._send_request(method, url, body, headers, encode_chunked)
  File "/usr/local/lib/python3.7/http/client.py", line 1327, in _send_request
    self.endheaders(body, encode_chunked=encode_chunked)
  File "/usr/local/lib/python3.7/http/client.py", line 1276, in endheaders
    self._send_output(message_body, encode_chunked=encode_chunked)
  File "/usr/local/lib/python3.7/http/client.py", line 1036, in _send_output
    self.send(msg)
  File "/usr/local/lib/python3.7/http/client.py", line 976, in send
    self.connect()
  File "/root/.cache/pypoetry/virtualenvs/cpdbv2-backend-VA82Wl8V-py3.7/lib/python3.7/site-packages/urllib3/connection.py", line 187, in connect
    conn = self._new_conn()
  File "/root/.cache/pypoetry/virtualenvs/cpdbv2-backend-VA82Wl8V-py3.7/lib/python3.7/site-packages/urllib3/connection.py", line 172, in _new_conn
    self, "Failed to establish a new connection: %s" % e
urllib3.exceptions.NewConnectionError: <urllib3.connection.HTTPConnection object at 0x7ff0691f2e50>: Failed to establish a new connection: [Errno -2] Name or service not known
elasticsearch: DEBUG: > None
urllib3.util.retry: DEBUG: Converted retries value: False -> Retry(total=False, connect=None, read=None, redirect=0, status=None)
urllib3.connectionpool: DEBUG: Starting new HTTP connection (12): elasticsearch:9200
elasticsearch: WARNING: DELETE http://elasticsearch:9200/test_autocompletes [status:N/A request:0.005s]
Traceback (most recent call last):
  File "/root/.cache/pypoetry/virtualenvs/cpdbv2-backend-VA82Wl8V-py3.7/lib/python3.7/site-packages/urllib3/connection.py", line 160, in _new_conn
    (self._dns_host, self.port), self.timeout, **extra_kw
  File "/root/.cache/pypoetry/virtualenvs/cpdbv2-backend-VA82Wl8V-py3.7/lib/python3.7/site-packages/urllib3/util/connection.py", line 61, in create_connection
    for res in socket.getaddrinfo(host, port, family, socket.SOCK_STREAM):
  File "/usr/local/lib/python3.7/socket.py", line 752, in getaddrinfo
    for res in _socket.getaddrinfo(host, port, family, type, proto, flags):
socket.gaierror: [Errno -2] Name or service not known

During handling of the above exception, another exception occurred:

Traceback (most recent call last):
  File "/root/.cache/pypoetry/virtualenvs/cpdbv2-backend-VA82Wl8V-py3.7/lib/python3.7/site-packages/elasticsearch/connection/http_urllib3.py", line 115, in perform_request
    response = self.pool.urlopen(method, url, body, retries=False, headers=self.headers, **kw)
  File "/root/.cache/pypoetry/virtualenvs/cpdbv2-backend-VA82Wl8V-py3.7/lib/python3.7/site-packages/urllib3/connectionpool.py", line 727, in urlopen
    method, url, error=e, _pool=self, _stacktrace=sys.exc_info()[2]
  File "/root/.cache/pypoetry/virtualenvs/cpdbv2-backend-VA82Wl8V-py3.7/lib/python3.7/site-packages/urllib3/util/retry.py", line 386, in increment
    raise six.reraise(type(error), error, _stacktrace)
  File "/root/.cache/pypoetry/virtualenvs/cpdbv2-backend-VA82Wl8V-py3.7/lib/python3.7/site-packages/urllib3/packages/six.py", line 735, in reraise
    raise value
  File "/root/.cache/pypoetry/virtualenvs/cpdbv2-backend-VA82Wl8V-py3.7/lib/python3.7/site-packages/urllib3/connectionpool.py", line 677, in urlopen
    chunked=chunked,
  File "/root/.cache/pypoetry/virtualenvs/cpdbv2-backend-VA82Wl8V-py3.7/lib/python3.7/site-packages/urllib3/connectionpool.py", line 392, in _make_request
    conn.request(method, url, **httplib_request_kw)
  File "/usr/local/lib/python3.7/http/client.py", line 1281, in request
    self._send_request(method, url, body, headers, encode_chunked)
  File "/usr/local/lib/python3.7/http/client.py", line 1327, in _send_request
    self.endheaders(body, encode_chunked=encode_chunked)
  File "/usr/local/lib/python3.7/http/client.py", line 1276, in endheaders
    self._send_output(message_body, encode_chunked=encode_chunked)
  File "/usr/local/lib/python3.7/http/client.py", line 1036, in _send_output
    self.send(msg)
  File "/usr/local/lib/python3.7/http/client.py", line 976, in send
    self.connect()
  File "/root/.cache/pypoetry/virtualenvs/cpdbv2-backend-VA82Wl8V-py3.7/lib/python3.7/site-packages/urllib3/connection.py", line 187, in connect
    conn = self._new_conn()
  File "/root/.cache/pypoetry/virtualenvs/cpdbv2-backend-VA82Wl8V-py3.7/lib/python3.7/site-packages/urllib3/connection.py", line 172, in _new_conn
    self, "Failed to establish a new connection: %s" % e
urllib3.exceptions.NewConnectionError: <urllib3.connection.HTTPConnection object at 0x7ff0693d2c10>: Failed to establish a new connection: [Errno -2] Name or service not known
elasticsearch: DEBUG: > None
--------------------- >> end captured logging << ---------------------

======================================================================
ERROR: test_update_officer_aliases (alias.tests.test_views.AliasViewSetTestCase)
----------------------------------------------------------------------
Traceback (most recent call last):
  File "/usr/src/app/cpdb/alias/tests/test_views.py", line 15, in setUp
    super(AliasViewSetTestCase, self).setUp()
  File "/usr/src/app/cpdb/search/tests/utils.py", line 12, in setUp
    autocompletes_alias.read_index.delete(ignore=404)
  File "/root/.cache/pypoetry/virtualenvs/cpdbv2-backend-VA82Wl8V-py3.7/lib/python3.7/site-packages/elasticsearch_dsl/index.py", line 222, in delete
    self.connection.indices.delete(index=self._name, **kwargs)
  File "/root/.cache/pypoetry/virtualenvs/cpdbv2-backend-VA82Wl8V-py3.7/lib/python3.7/site-packages/elasticsearch/client/utils.py", line 73, in _wrapped
    return func(*args, params=params, **kwargs)
  File "/root/.cache/pypoetry/virtualenvs/cpdbv2-backend-VA82Wl8V-py3.7/lib/python3.7/site-packages/elasticsearch/client/indices.py", line 200, in delete
    params=params)
  File "/root/.cache/pypoetry/virtualenvs/cpdbv2-backend-VA82Wl8V-py3.7/lib/python3.7/site-packages/elasticsearch/transport.py", line 312, in perform_request
    status, headers, data = connection.perform_request(method, url, params, body, ignore=ignore, timeout=timeout)
  File "/root/.cache/pypoetry/virtualenvs/cpdbv2-backend-VA82Wl8V-py3.7/lib/python3.7/site-packages/elasticsearch/connection/http_urllib3.py", line 124, in perform_request
    raise ConnectionError('N/A', str(e), e)
elasticsearch.exceptions.ConnectionError: ConnectionError(<urllib3.connection.HTTPConnection object at 0x7ff06971aa10>: Failed to establish a new connection: [Errno -2] Name or service not known) caused by: NewConnectionError(<urllib3.connection.HTTPConnection object at 0x7ff06971aa10>: Failed to establish a new connection: [Errno -2] Name or service not known)
-------------------- >> begin captured logging << --------------------
urllib3.util.retry: DEBUG: Converted retries value: False -> Retry(total=False, connect=None, read=None, redirect=0, status=None)
urllib3.connectionpool: DEBUG: Starting new HTTP connection (13): elasticsearch:9200
elasticsearch: WARNING: DELETE http://elasticsearch:9200/test_autocompletes [status:N/A request:0.004s]
Traceback (most recent call last):
  File "/root/.cache/pypoetry/virtualenvs/cpdbv2-backend-VA82Wl8V-py3.7/lib/python3.7/site-packages/urllib3/connection.py", line 160, in _new_conn
    (self._dns_host, self.port), self.timeout, **extra_kw
  File "/root/.cache/pypoetry/virtualenvs/cpdbv2-backend-VA82Wl8V-py3.7/lib/python3.7/site-packages/urllib3/util/connection.py", line 61, in create_connection
    for res in socket.getaddrinfo(host, port, family, socket.SOCK_STREAM):
  File "/usr/local/lib/python3.7/socket.py", line 752, in getaddrinfo
    for res in _socket.getaddrinfo(host, port, family, type, proto, flags):
socket.gaierror: [Errno -2] Name or service not known

During handling of the above exception, another exception occurred:

Traceback (most recent call last):
  File "/root/.cache/pypoetry/virtualenvs/cpdbv2-backend-VA82Wl8V-py3.7/lib/python3.7/site-packages/elasticsearch/connection/http_urllib3.py", line 115, in perform_request
    response = self.pool.urlopen(method, url, body, retries=False, headers=self.headers, **kw)
  File "/root/.cache/pypoetry/virtualenvs/cpdbv2-backend-VA82Wl8V-py3.7/lib/python3.7/site-packages/urllib3/connectionpool.py", line 727, in urlopen
    method, url, error=e, _pool=self, _stacktrace=sys.exc_info()[2]
  File "/root/.cache/pypoetry/virtualenvs/cpdbv2-backend-VA82Wl8V-py3.7/lib/python3.7/site-packages/urllib3/util/retry.py", line 386, in increment
    raise six.reraise(type(error), error, _stacktrace)
  File "/root/.cache/pypoetry/virtualenvs/cpdbv2-backend-VA82Wl8V-py3.7/lib/python3.7/site-packages/urllib3/packages/six.py", line 735, in reraise
    raise value
  File "/root/.cache/pypoetry/virtualenvs/cpdbv2-backend-VA82Wl8V-py3.7/lib/python3.7/site-packages/urllib3/connectionpool.py", line 677, in urlopen
    chunked=chunked,
  File "/root/.cache/pypoetry/virtualenvs/cpdbv2-backend-VA82Wl8V-py3.7/lib/python3.7/site-packages/urllib3/connectionpool.py", line 392, in _make_request
    conn.request(method, url, **httplib_request_kw)
  File "/usr/local/lib/python3.7/http/client.py", line 1281, in request
    self._send_request(method, url, body, headers, encode_chunked)
  File "/usr/local/lib/python3.7/http/client.py", line 1327, in _send_request
    self.endheaders(body, encode_chunked=encode_chunked)
  File "/usr/local/lib/python3.7/http/client.py", line 1276, in endheaders
    self._send_output(message_body, encode_chunked=encode_chunked)
  File "/usr/local/lib/python3.7/http/client.py", line 1036, in _send_output
    self.send(msg)
  File "/usr/local/lib/python3.7/http/client.py", line 976, in send
    self.connect()
  File "/root/.cache/pypoetry/virtualenvs/cpdbv2-backend-VA82Wl8V-py3.7/lib/python3.7/site-packages/urllib3/connection.py", line 187, in connect
    conn = self._new_conn()
  File "/root/.cache/pypoetry/virtualenvs/cpdbv2-backend-VA82Wl8V-py3.7/lib/python3.7/site-packages/urllib3/connection.py", line 172, in _new_conn
    self, "Failed to establish a new connection: %s" % e
urllib3.exceptions.NewConnectionError: <urllib3.connection.HTTPConnection object at 0x7ff069131690>: Failed to establish a new connection: [Errno -2] Name or service not known
elasticsearch: DEBUG: > None
urllib3.util.retry: DEBUG: Converted retries value: False -> Retry(total=False, connect=None, read=None, redirect=0, status=None)
urllib3.connectionpool: DEBUG: Starting new HTTP connection (14): elasticsearch:9200
elasticsearch: WARNING: DELETE http://elasticsearch:9200/test_autocompletes [status:N/A request:0.004s]
Traceback (most recent call last):
  File "/root/.cache/pypoetry/virtualenvs/cpdbv2-backend-VA82Wl8V-py3.7/lib/python3.7/site-packages/urllib3/connection.py", line 160, in _new_conn
    (self._dns_host, self.port), self.timeout, **extra_kw
  File "/root/.cache/pypoetry/virtualenvs/cpdbv2-backend-VA82Wl8V-py3.7/lib/python3.7/site-packages/urllib3/util/connection.py", line 61, in create_connection
    for res in socket.getaddrinfo(host, port, family, socket.SOCK_STREAM):
  File "/usr/local/lib/python3.7/socket.py", line 752, in getaddrinfo
    for res in _socket.getaddrinfo(host, port, family, type, proto, flags):
socket.gaierror: [Errno -2] Name or service not known

During handling of the above exception, another exception occurred:

Traceback (most recent call last):
  File "/root/.cache/pypoetry/virtualenvs/cpdbv2-backend-VA82Wl8V-py3.7/lib/python3.7/site-packages/elasticsearch/connection/http_urllib3.py", line 115, in perform_request
    response = self.pool.urlopen(method, url, body, retries=False, headers=self.headers, **kw)
  File "/root/.cache/pypoetry/virtualenvs/cpdbv2-backend-VA82Wl8V-py3.7/lib/python3.7/site-packages/urllib3/connectionpool.py", line 727, in urlopen
    method, url, error=e, _pool=self, _stacktrace=sys.exc_info()[2]
  File "/root/.cache/pypoetry/virtualenvs/cpdbv2-backend-VA82Wl8V-py3.7/lib/python3.7/site-packages/urllib3/util/retry.py", line 386, in increment
    raise six.reraise(type(error), error, _stacktrace)
  File "/root/.cache/pypoetry/virtualenvs/cpdbv2-backend-VA82Wl8V-py3.7/lib/python3.7/site-packages/urllib3/packages/six.py", line 735, in reraise
    raise value
  File "/root/.cache/pypoetry/virtualenvs/cpdbv2-backend-VA82Wl8V-py3.7/lib/python3.7/site-packages/urllib3/connectionpool.py", line 677, in urlopen
    chunked=chunked,
  File "/root/.cache/pypoetry/virtualenvs/cpdbv2-backend-VA82Wl8V-py3.7/lib/python3.7/site-packages/urllib3/connectionpool.py", line 392, in _make_request
    conn.request(method, url, **httplib_request_kw)
  File "/usr/local/lib/python3.7/http/client.py", line 1281, in request
    self._send_request(method, url, body, headers, encode_chunked)
  File "/usr/local/lib/python3.7/http/client.py", line 1327, in _send_request
    self.endheaders(body, encode_chunked=encode_chunked)
  File "/usr/local/lib/python3.7/http/client.py", line 1276, in endheaders
    self._send_output(message_body, encode_chunked=encode_chunked)
  File "/usr/local/lib/python3.7/http/client.py", line 1036, in _send_output
    self.send(msg)
  File "/usr/local/lib/python3.7/http/client.py", line 976, in send
    self.connect()
  File "/root/.cache/pypoetry/virtualenvs/cpdbv2-backend-VA82Wl8V-py3.7/lib/python3.7/site-packages/urllib3/connection.py", line 187, in connect
    conn = self._new_conn()
  File "/root/.cache/pypoetry/virtualenvs/cpdbv2-backend-VA82Wl8V-py3.7/lib/python3.7/site-packages/urllib3/connection.py", line 172, in _new_conn
    self, "Failed to establish a new connection: %s" % e
urllib3.exceptions.NewConnectionError: <urllib3.connection.HTTPConnection object at 0x7ff06912a610>: Failed to establish a new connection: [Errno -2] Name or service not known
elasticsearch: DEBUG: > None
urllib3.util.retry: DEBUG: Converted retries value: False -> Retry(total=False, connect=None, read=None, redirect=0, status=None)
urllib3.connectionpool: DEBUG: Starting new HTTP connection (15): elasticsearch:9200
elasticsearch: WARNING: DELETE http://elasticsearch:9200/test_autocompletes [status:N/A request:0.009s]
Traceback (most recent call last):
  File "/root/.cache/pypoetry/virtualenvs/cpdbv2-backend-VA82Wl8V-py3.7/lib/python3.7/site-packages/urllib3/connection.py", line 160, in _new_conn
    (self._dns_host, self.port), self.timeout, **extra_kw
  File "/root/.cache/pypoetry/virtualenvs/cpdbv2-backend-VA82Wl8V-py3.7/lib/python3.7/site-packages/urllib3/util/connection.py", line 61, in create_connection
    for res in socket.getaddrinfo(host, port, family, socket.SOCK_STREAM):
  File "/usr/local/lib/python3.7/socket.py", line 752, in getaddrinfo
    for res in _socket.getaddrinfo(host, port, family, type, proto, flags):
socket.gaierror: [Errno -2] Name or service not known

During handling of the above exception, another exception occurred:

Traceback (most recent call last):
  File "/root/.cache/pypoetry/virtualenvs/cpdbv2-backend-VA82Wl8V-py3.7/lib/python3.7/site-packages/elasticsearch/connection/http_urllib3.py", line 115, in perform_request
    response = self.pool.urlopen(method, url, body, retries=False, headers=self.headers, **kw)
  File "/root/.cache/pypoetry/virtualenvs/cpdbv2-backend-VA82Wl8V-py3.7/lib/python3.7/site-packages/urllib3/connectionpool.py", line 727, in urlopen
    method, url, error=e, _pool=self, _stacktrace=sys.exc_info()[2]
  File "/root/.cache/pypoetry/virtualenvs/cpdbv2-backend-VA82Wl8V-py3.7/lib/python3.7/site-packages/urllib3/util/retry.py", line 386, in increment
    raise six.reraise(type(error), error, _stacktrace)
  File "/root/.cache/pypoetry/virtualenvs/cpdbv2-backend-VA82Wl8V-py3.7/lib/python3.7/site-packages/urllib3/packages/six.py", line 735, in reraise
    raise value
  File "/root/.cache/pypoetry/virtualenvs/cpdbv2-backend-VA82Wl8V-py3.7/lib/python3.7/site-packages/urllib3/connectionpool.py", line 677, in urlopen
    chunked=chunked,
  File "/root/.cache/pypoetry/virtualenvs/cpdbv2-backend-VA82Wl8V-py3.7/lib/python3.7/site-packages/urllib3/connectionpool.py", line 392, in _make_request
    conn.request(method, url, **httplib_request_kw)
  File "/usr/local/lib/python3.7/http/client.py", line 1281, in request
    self._send_request(method, url, body, headers, encode_chunked)
  File "/usr/local/lib/python3.7/http/client.py", line 1327, in _send_request
    self.endheaders(body, encode_chunked=encode_chunked)
  File "/usr/local/lib/python3.7/http/client.py", line 1276, in endheaders
    self._send_output(message_body, encode_chunked=encode_chunked)
  File "/usr/local/lib/python3.7/http/client.py", line 1036, in _send_output
    self.send(msg)
  File "/usr/local/lib/python3.7/http/client.py", line 976, in send
    self.connect()
  File "/root/.cache/pypoetry/virtualenvs/cpdbv2-backend-VA82Wl8V-py3.7/lib/python3.7/site-packages/urllib3/connection.py", line 187, in connect
    conn = self._new_conn()
  File "/root/.cache/pypoetry/virtualenvs/cpdbv2-backend-VA82Wl8V-py3.7/lib/python3.7/site-packages/urllib3/connection.py", line 172, in _new_conn
    self, "Failed to establish a new connection: %s" % e
urllib3.exceptions.NewConnectionError: <urllib3.connection.HTTPConnection object at 0x7ff06912a910>: Failed to establish a new connection: [Errno -2] Name or service not known
elasticsearch: DEBUG: > None
urllib3.util.retry: DEBUG: Converted retries value: False -> Retry(total=False, connect=None, read=None, redirect=0, status=None)
urllib3.connectionpool: DEBUG: Starting new HTTP connection (16): elasticsearch:9200
elasticsearch: WARNING: DELETE http://elasticsearch:9200/test_autocompletes [status:N/A request:0.004s]
Traceback (most recent call last):
  File "/root/.cache/pypoetry/virtualenvs/cpdbv2-backend-VA82Wl8V-py3.7/lib/python3.7/site-packages/urllib3/connection.py", line 160, in _new_conn
    (self._dns_host, self.port), self.timeout, **extra_kw
  File "/root/.cache/pypoetry/virtualenvs/cpdbv2-backend-VA82Wl8V-py3.7/lib/python3.7/site-packages/urllib3/util/connection.py", line 61, in create_connection
    for res in socket.getaddrinfo(host, port, family, socket.SOCK_STREAM):
  File "/usr/local/lib/python3.7/socket.py", line 752, in getaddrinfo
    for res in _socket.getaddrinfo(host, port, family, type, proto, flags):
socket.gaierror: [Errno -2] Name or service not known

During handling of the above exception, another exception occurred:

Traceback (most recent call last):
  File "/root/.cache/pypoetry/virtualenvs/cpdbv2-backend-VA82Wl8V-py3.7/lib/python3.7/site-packages/elasticsearch/connection/http_urllib3.py", line 115, in perform_request
    response = self.pool.urlopen(method, url, body, retries=False, headers=self.headers, **kw)
  File "/root/.cache/pypoetry/virtualenvs/cpdbv2-backend-VA82Wl8V-py3.7/lib/python3.7/site-packages/urllib3/connectionpool.py", line 727, in urlopen
    method, url, error=e, _pool=self, _stacktrace=sys.exc_info()[2]
  File "/root/.cache/pypoetry/virtualenvs/cpdbv2-backend-VA82Wl8V-py3.7/lib/python3.7/site-packages/urllib3/util/retry.py", line 386, in increment
    raise six.reraise(type(error), error, _stacktrace)
  File "/root/.cache/pypoetry/virtualenvs/cpdbv2-backend-VA82Wl8V-py3.7/lib/python3.7/site-packages/urllib3/packages/six.py", line 735, in reraise
    raise value
  File "/root/.cache/pypoetry/virtualenvs/cpdbv2-backend-VA82Wl8V-py3.7/lib/python3.7/site-packages/urllib3/connectionpool.py", line 677, in urlopen
    chunked=chunked,
  File "/root/.cache/pypoetry/virtualenvs/cpdbv2-backend-VA82Wl8V-py3.7/lib/python3.7/site-packages/urllib3/connectionpool.py", line 392, in _make_request
    conn.request(method, url, **httplib_request_kw)
  File "/usr/local/lib/python3.7/http/client.py", line 1281, in request
    self._send_request(method, url, body, headers, encode_chunked)
  File "/usr/local/lib/python3.7/http/client.py", line 1327, in _send_request
    self.endheaders(body, encode_chunked=encode_chunked)
  File "/usr/local/lib/python3.7/http/client.py", line 1276, in endheaders
    self._send_output(message_body, encode_chunked=encode_chunked)
  File "/usr/local/lib/python3.7/http/client.py", line 1036, in _send_output
    self.send(msg)
  File "/usr/local/lib/python3.7/http/client.py", line 976, in send
    self.connect()
  File "/root/.cache/pypoetry/virtualenvs/cpdbv2-backend-VA82Wl8V-py3.7/lib/python3.7/site-packages/urllib3/connection.py", line 187, in connect
    conn = self._new_conn()
  File "/root/.cache/pypoetry/virtualenvs/cpdbv2-backend-VA82Wl8V-py3.7/lib/python3.7/site-packages/urllib3/connection.py", line 172, in _new_conn
    self, "Failed to establish a new connection: %s" % e
urllib3.exceptions.NewConnectionError: <urllib3.connection.HTTPConnection object at 0x7ff06971aa10>: Failed to establish a new connection: [Errno -2] Name or service not known
elasticsearch: DEBUG: > None
--------------------- >> end captured logging << ---------------------

======================================================================
ERROR: test_update_with_invalid_aliases (alias.tests.test_views.AliasViewSetTestCase)
----------------------------------------------------------------------
Traceback (most recent call last):
  File "/usr/src/app/cpdb/alias/tests/test_views.py", line 15, in setUp
    super(AliasViewSetTestCase, self).setUp()
  File "/usr/src/app/cpdb/search/tests/utils.py", line 12, in setUp
    autocompletes_alias.read_index.delete(ignore=404)
  File "/root/.cache/pypoetry/virtualenvs/cpdbv2-backend-VA82Wl8V-py3.7/lib/python3.7/site-packages/elasticsearch_dsl/index.py", line 222, in delete
    self.connection.indices.delete(index=self._name, **kwargs)
  File "/root/.cache/pypoetry/virtualenvs/cpdbv2-backend-VA82Wl8V-py3.7/lib/python3.7/site-packages/elasticsearch/client/utils.py", line 73, in _wrapped
    return func(*args, params=params, **kwargs)
  File "/root/.cache/pypoetry/virtualenvs/cpdbv2-backend-VA82Wl8V-py3.7/lib/python3.7/site-packages/elasticsearch/client/indices.py", line 200, in delete
    params=params)
  File "/root/.cache/pypoetry/virtualenvs/cpdbv2-backend-VA82Wl8V-py3.7/lib/python3.7/site-packages/elasticsearch/transport.py", line 312, in perform_request
    status, headers, data = connection.perform_request(method, url, params, body, ignore=ignore, timeout=timeout)
  File "/root/.cache/pypoetry/virtualenvs/cpdbv2-backend-VA82Wl8V-py3.7/lib/python3.7/site-packages/elasticsearch/connection/http_urllib3.py", line 124, in perform_request
    raise ConnectionError('N/A', str(e), e)
elasticsearch.exceptions.ConnectionError: ConnectionError(<urllib3.connection.HTTPConnection object at 0x7ff0693c7e10>: Failed to establish a new connection: [Errno -2] Name or service not known) caused by: NewConnectionError(<urllib3.connection.HTTPConnection object at 0x7ff0693c7e10>: Failed to establish a new connection: [Errno -2] Name or service not known)
-------------------- >> begin captured logging << --------------------
urllib3.util.retry: DEBUG: Converted retries value: False -> Retry(total=False, connect=None, read=None, redirect=0, status=None)
urllib3.connectionpool: DEBUG: Starting new HTTP connection (17): elasticsearch:9200
elasticsearch: WARNING: DELETE http://elasticsearch:9200/test_autocompletes [status:N/A request:0.011s]
Traceback (most recent call last):
  File "/root/.cache/pypoetry/virtualenvs/cpdbv2-backend-VA82Wl8V-py3.7/lib/python3.7/site-packages/urllib3/connection.py", line 160, in _new_conn
    (self._dns_host, self.port), self.timeout, **extra_kw
  File "/root/.cache/pypoetry/virtualenvs/cpdbv2-backend-VA82Wl8V-py3.7/lib/python3.7/site-packages/urllib3/util/connection.py", line 61, in create_connection
    for res in socket.getaddrinfo(host, port, family, socket.SOCK_STREAM):
  File "/usr/local/lib/python3.7/socket.py", line 752, in getaddrinfo
    for res in _socket.getaddrinfo(host, port, family, type, proto, flags):
socket.gaierror: [Errno -2] Name or service not known

During handling of the above exception, another exception occurred:

Traceback (most recent call last):
  File "/root/.cache/pypoetry/virtualenvs/cpdbv2-backend-VA82Wl8V-py3.7/lib/python3.7/site-packages/elasticsearch/connection/http_urllib3.py", line 115, in perform_request
    response = self.pool.urlopen(method, url, body, retries=False, headers=self.headers, **kw)
  File "/root/.cache/pypoetry/virtualenvs/cpdbv2-backend-VA82Wl8V-py3.7/lib/python3.7/site-packages/urllib3/connectionpool.py", line 727, in urlopen
    method, url, error=e, _pool=self, _stacktrace=sys.exc_info()[2]
  File "/root/.cache/pypoetry/virtualenvs/cpdbv2-backend-VA82Wl8V-py3.7/lib/python3.7/site-packages/urllib3/util/retry.py", line 386, in increment
    raise six.reraise(type(error), error, _stacktrace)
  File "/root/.cache/pypoetry/virtualenvs/cpdbv2-backend-VA82Wl8V-py3.7/lib/python3.7/site-packages/urllib3/packages/six.py", line 735, in reraise
    raise value
  File "/root/.cache/pypoetry/virtualenvs/cpdbv2-backend-VA82Wl8V-py3.7/lib/python3.7/site-packages/urllib3/connectionpool.py", line 677, in urlopen
    chunked=chunked,
  File "/root/.cache/pypoetry/virtualenvs/cpdbv2-backend-VA82Wl8V-py3.7/lib/python3.7/site-packages/urllib3/connectionpool.py", line 392, in _make_request
    conn.request(method, url, **httplib_request_kw)
  File "/usr/local/lib/python3.7/http/client.py", line 1281, in request
    self._send_request(method, url, body, headers, encode_chunked)
  File "/usr/local/lib/python3.7/http/client.py", line 1327, in _send_request
    self.endheaders(body, encode_chunked=encode_chunked)
  File "/usr/local/lib/python3.7/http/client.py", line 1276, in endheaders
    self._send_output(message_body, encode_chunked=encode_chunked)
  File "/usr/local/lib/python3.7/http/client.py", line 1036, in _send_output
    self.send(msg)
  File "/usr/local/lib/python3.7/http/client.py", line 976, in send
    self.connect()
  File "/root/.cache/pypoetry/virtualenvs/cpdbv2-backend-VA82Wl8V-py3.7/lib/python3.7/site-packages/urllib3/connection.py", line 187, in connect
    conn = self._new_conn()
  File "/root/.cache/pypoetry/virtualenvs/cpdbv2-backend-VA82Wl8V-py3.7/lib/python3.7/site-packages/urllib3/connection.py", line 172, in _new_conn
    self, "Failed to establish a new connection: %s" % e
urllib3.exceptions.NewConnectionError: <urllib3.connection.HTTPConnection object at 0x7ff0693c7190>: Failed to establish a new connection: [Errno -2] Name or service not known
elasticsearch: DEBUG: > None
urllib3.util.retry: DEBUG: Converted retries value: False -> Retry(total=False, connect=None, read=None, redirect=0, status=None)
urllib3.connectionpool: DEBUG: Starting new HTTP connection (18): elasticsearch:9200
elasticsearch: WARNING: DELETE http://elasticsearch:9200/test_autocompletes [status:N/A request:0.007s]
Traceback (most recent call last):
  File "/root/.cache/pypoetry/virtualenvs/cpdbv2-backend-VA82Wl8V-py3.7/lib/python3.7/site-packages/urllib3/connection.py", line 160, in _new_conn
    (self._dns_host, self.port), self.timeout, **extra_kw
  File "/root/.cache/pypoetry/virtualenvs/cpdbv2-backend-VA82Wl8V-py3.7/lib/python3.7/site-packages/urllib3/util/connection.py", line 61, in create_connection
    for res in socket.getaddrinfo(host, port, family, socket.SOCK_STREAM):
  File "/usr/local/lib/python3.7/socket.py", line 752, in getaddrinfo
    for res in _socket.getaddrinfo(host, port, family, type, proto, flags):
socket.gaierror: [Errno -2] Name or service not known

During handling of the above exception, another exception occurred:

Traceback (most recent call last):
  File "/root/.cache/pypoetry/virtualenvs/cpdbv2-backend-VA82Wl8V-py3.7/lib/python3.7/site-packages/elasticsearch/connection/http_urllib3.py", line 115, in perform_request
    response = self.pool.urlopen(method, url, body, retries=False, headers=self.headers, **kw)
  File "/root/.cache/pypoetry/virtualenvs/cpdbv2-backend-VA82Wl8V-py3.7/lib/python3.7/site-packages/urllib3/connectionpool.py", line 727, in urlopen
    method, url, error=e, _pool=self, _stacktrace=sys.exc_info()[2]
  File "/root/.cache/pypoetry/virtualenvs/cpdbv2-backend-VA82Wl8V-py3.7/lib/python3.7/site-packages/urllib3/util/retry.py", line 386, in increment
    raise six.reraise(type(error), error, _stacktrace)
  File "/root/.cache/pypoetry/virtualenvs/cpdbv2-backend-VA82Wl8V-py3.7/lib/python3.7/site-packages/urllib3/packages/six.py", line 735, in reraise
    raise value
  File "/root/.cache/pypoetry/virtualenvs/cpdbv2-backend-VA82Wl8V-py3.7/lib/python3.7/site-packages/urllib3/connectionpool.py", line 677, in urlopen
    chunked=chunked,
  File "/root/.cache/pypoetry/virtualenvs/cpdbv2-backend-VA82Wl8V-py3.7/lib/python3.7/site-packages/urllib3/connectionpool.py", line 392, in _make_request
    conn.request(method, url, **httplib_request_kw)
  File "/usr/local/lib/python3.7/http/client.py", line 1281, in request
    self._send_request(method, url, body, headers, encode_chunked)
  File "/usr/local/lib/python3.7/http/client.py", line 1327, in _send_request
    self.endheaders(body, encode_chunked=encode_chunked)
  File "/usr/local/lib/python3.7/http/client.py", line 1276, in endheaders
    self._send_output(message_body, encode_chunked=encode_chunked)
  File "/usr/local/lib/python3.7/http/client.py", line 1036, in _send_output
    self.send(msg)
  File "/usr/local/lib/python3.7/http/client.py", line 976, in send
    self.connect()
  File "/root/.cache/pypoetry/virtualenvs/cpdbv2-backend-VA82Wl8V-py3.7/lib/python3.7/site-packages/urllib3/connection.py", line 187, in connect
    conn = self._new_conn()
  File "/root/.cache/pypoetry/virtualenvs/cpdbv2-backend-VA82Wl8V-py3.7/lib/python3.7/site-packages/urllib3/connection.py", line 172, in _new_conn
    self, "Failed to establish a new connection: %s" % e
urllib3.exceptions.NewConnectionError: <urllib3.connection.HTTPConnection object at 0x7ff0693c7a50>: Failed to establish a new connection: [Errno -2] Name or service not known
elasticsearch: DEBUG: > None
urllib3.util.retry: DEBUG: Converted retries value: False -> Retry(total=False, connect=None, read=None, redirect=0, status=None)
urllib3.connectionpool: DEBUG: Starting new HTTP connection (19): elasticsearch:9200
elasticsearch: WARNING: DELETE http://elasticsearch:9200/test_autocompletes [status:N/A request:0.005s]
Traceback (most recent call last):
  File "/root/.cache/pypoetry/virtualenvs/cpdbv2-backend-VA82Wl8V-py3.7/lib/python3.7/site-packages/urllib3/connection.py", line 160, in _new_conn
    (self._dns_host, self.port), self.timeout, **extra_kw
  File "/root/.cache/pypoetry/virtualenvs/cpdbv2-backend-VA82Wl8V-py3.7/lib/python3.7/site-packages/urllib3/util/connection.py", line 61, in create_connection
    for res in socket.getaddrinfo(host, port, family, socket.SOCK_STREAM):
  File "/usr/local/lib/python3.7/socket.py", line 752, in getaddrinfo
    for res in _socket.getaddrinfo(host, port, family, type, proto, flags):
socket.gaierror: [Errno -2] Name or service not known

During handling of the above exception, another exception occurred:

Traceback (most recent call last):
  File "/root/.cache/pypoetry/virtualenvs/cpdbv2-backend-VA82Wl8V-py3.7/lib/python3.7/site-packages/elasticsearch/connection/http_urllib3.py", line 115, in perform_request
    response = self.pool.urlopen(method, url, body, retries=False, headers=self.headers, **kw)
  File "/root/.cache/pypoetry/virtualenvs/cpdbv2-backend-VA82Wl8V-py3.7/lib/python3.7/site-packages/urllib3/connectionpool.py", line 727, in urlopen
    method, url, error=e, _pool=self, _stacktrace=sys.exc_info()[2]
  File "/root/.cache/pypoetry/virtualenvs/cpdbv2-backend-VA82Wl8V-py3.7/lib/python3.7/site-packages/urllib3/util/retry.py", line 386, in increment
    raise six.reraise(type(error), error, _stacktrace)
  File "/root/.cache/pypoetry/virtualenvs/cpdbv2-backend-VA82Wl8V-py3.7/lib/python3.7/site-packages/urllib3/packages/six.py", line 735, in reraise
    raise value
  File "/root/.cache/pypoetry/virtualenvs/cpdbv2-backend-VA82Wl8V-py3.7/lib/python3.7/site-packages/urllib3/connectionpool.py", line 677, in urlopen
    chunked=chunked,
  File "/root/.cache/pypoetry/virtualenvs/cpdbv2-backend-VA82Wl8V-py3.7/lib/python3.7/site-packages/urllib3/connectionpool.py", line 392, in _make_request
    conn.request(method, url, **httplib_request_kw)
  File "/usr/local/lib/python3.7/http/client.py", line 1281, in request
    self._send_request(method, url, body, headers, encode_chunked)
  File "/usr/local/lib/python3.7/http/client.py", line 1327, in _send_request
    self.endheaders(body, encode_chunked=encode_chunked)
  File "/usr/local/lib/python3.7/http/client.py", line 1276, in endheaders
    self._send_output(message_body, encode_chunked=encode_chunked)
  File "/usr/local/lib/python3.7/http/client.py", line 1036, in _send_output
    self.send(msg)
  File "/usr/local/lib/python3.7/http/client.py", line 976, in send
    self.connect()
  File "/root/.cache/pypoetry/virtualenvs/cpdbv2-backend-VA82Wl8V-py3.7/lib/python3.7/site-packages/urllib3/connection.py", line 187, in connect
    conn = self._new_conn()
  File "/root/.cache/pypoetry/virtualenvs/cpdbv2-backend-VA82Wl8V-py3.7/lib/python3.7/site-packages/urllib3/connection.py", line 172, in _new_conn
    self, "Failed to establish a new connection: %s" % e
urllib3.exceptions.NewConnectionError: <urllib3.connection.HTTPConnection object at 0x7ff0693c7c10>: Failed to establish a new connection: [Errno -2] Name or service not known
elasticsearch: DEBUG: > None
urllib3.util.retry: DEBUG: Converted retries value: False -> Retry(total=False, connect=None, read=None, redirect=0, status=None)
urllib3.connectionpool: DEBUG: Starting new HTTP connection (20): elasticsearch:9200
elasticsearch: WARNING: DELETE http://elasticsearch:9200/test_autocompletes [status:N/A request:0.004s]
Traceback (most recent call last):
  File "/root/.cache/pypoetry/virtualenvs/cpdbv2-backend-VA82Wl8V-py3.7/lib/python3.7/site-packages/urllib3/connection.py", line 160, in _new_conn
    (self._dns_host, self.port), self.timeout, **extra_kw
  File "/root/.cache/pypoetry/virtualenvs/cpdbv2-backend-VA82Wl8V-py3.7/lib/python3.7/site-packages/urllib3/util/connection.py", line 61, in create_connection
    for res in socket.getaddrinfo(host, port, family, socket.SOCK_STREAM):
  File "/usr/local/lib/python3.7/socket.py", line 752, in getaddrinfo
    for res in _socket.getaddrinfo(host, port, family, type, proto, flags):
socket.gaierror: [Errno -2] Name or service not known

During handling of the above exception, another exception occurred:

Traceback (most recent call last):
  File "/root/.cache/pypoetry/virtualenvs/cpdbv2-backend-VA82Wl8V-py3.7/lib/python3.7/site-packages/elasticsearch/connection/http_urllib3.py", line 115, in perform_request
    response = self.pool.urlopen(method, url, body, retries=False, headers=self.headers, **kw)
  File "/root/.cache/pypoetry/virtualenvs/cpdbv2-backend-VA82Wl8V-py3.7/lib/python3.7/site-packages/urllib3/connectionpool.py", line 727, in urlopen
    method, url, error=e, _pool=self, _stacktrace=sys.exc_info()[2]
  File "/root/.cache/pypoetry/virtualenvs/cpdbv2-backend-VA82Wl8V-py3.7/lib/python3.7/site-packages/urllib3/util/retry.py", line 386, in increment
    raise six.reraise(type(error), error, _stacktrace)
  File "/root/.cache/pypoetry/virtualenvs/cpdbv2-backend-VA82Wl8V-py3.7/lib/python3.7/site-packages/urllib3/packages/six.py", line 735, in reraise
    raise value
  File "/root/.cache/pypoetry/virtualenvs/cpdbv2-backend-VA82Wl8V-py3.7/lib/python3.7/site-packages/urllib3/connectionpool.py", line 677, in urlopen
    chunked=chunked,
  File "/root/.cache/pypoetry/virtualenvs/cpdbv2-backend-VA82Wl8V-py3.7/lib/python3.7/site-packages/urllib3/connectionpool.py", line 392, in _make_request
    conn.request(method, url, **httplib_request_kw)
  File "/usr/local/lib/python3.7/http/client.py", line 1281, in request
    self._send_request(method, url, body, headers, encode_chunked)
  File "/usr/local/lib/python3.7/http/client.py", line 1327, in _send_request
    self.endheaders(body, encode_chunked=encode_chunked)
  File "/usr/local/lib/python3.7/http/client.py", line 1276, in endheaders
    self._send_output(message_body, encode_chunked=encode_chunked)
  File "/usr/local/lib/python3.7/http/client.py", line 1036, in _send_output
    self.send(msg)
  File "/usr/local/lib/python3.7/http/client.py", line 976, in send
    self.connect()
  File "/root/.cache/pypoetry/virtualenvs/cpdbv2-backend-VA82Wl8V-py3.7/lib/python3.7/site-packages/urllib3/connection.py", line 187, in connect
    conn = self._new_conn()
  File "/root/.cache/pypoetry/virtualenvs/cpdbv2-backend-VA82Wl8V-py3.7/lib/python3.7/site-packages/urllib3/connection.py", line 172, in _new_conn
    self, "Failed to establish a new connection: %s" % e
urllib3.exceptions.NewConnectionError: <urllib3.connection.HTTPConnection object at 0x7ff0693c7e10>: Failed to establish a new connection: [Errno -2] Name or service not known
elasticsearch: DEBUG: > None
--------------------- >> end captured logging << ---------------------

======================================================================
ERROR: test_request_document (cr.tests.views.test_cr_mobile_viewset.CRMobileViewSetTestCase)
----------------------------------------------------------------------
Traceback (most recent call last):
  File "/usr/src/app/cpdb/cr/tests/mixins.py", line 7, in setUp
    cr_index_alias.write_index.delete(ignore=404)
  File "/root/.cache/pypoetry/virtualenvs/cpdbv2-backend-VA82Wl8V-py3.7/lib/python3.7/site-packages/elasticsearch_dsl/index.py", line 222, in delete
    self.connection.indices.delete(index=self._name, **kwargs)
  File "/root/.cache/pypoetry/virtualenvs/cpdbv2-backend-VA82Wl8V-py3.7/lib/python3.7/site-packages/elasticsearch/client/utils.py", line 73, in _wrapped
    return func(*args, params=params, **kwargs)
  File "/root/.cache/pypoetry/virtualenvs/cpdbv2-backend-VA82Wl8V-py3.7/lib/python3.7/site-packages/elasticsearch/client/indices.py", line 200, in delete
    params=params)
  File "/root/.cache/pypoetry/virtualenvs/cpdbv2-backend-VA82Wl8V-py3.7/lib/python3.7/site-packages/elasticsearch/transport.py", line 312, in perform_request
    status, headers, data = connection.perform_request(method, url, params, body, ignore=ignore, timeout=timeout)
  File "/root/.cache/pypoetry/virtualenvs/cpdbv2-backend-VA82Wl8V-py3.7/lib/python3.7/site-packages/elasticsearch/connection/http_urllib3.py", line 124, in perform_request
    raise ConnectionError('N/A', str(e), e)
elasticsearch.exceptions.ConnectionError: ConnectionError(<urllib3.connection.HTTPConnection object at 0x7ff0694d1fd0>: Failed to establish a new connection: [Errno -2] Name or service not known) caused by: NewConnectionError(<urllib3.connection.HTTPConnection object at 0x7ff0694d1fd0>: Failed to establish a new connection: [Errno -2] Name or service not known)
-------------------- >> begin captured logging << --------------------
urllib3.util.retry: DEBUG: Converted retries value: False -> Retry(total=False, connect=None, read=None, redirect=0, status=None)
urllib3.connectionpool: DEBUG: Starting new HTTP connection (21): elasticsearch:9200
elasticsearch: WARNING: DELETE http://elasticsearch:9200/test_cr_c97d3965-996f-4fbb-b4a7-1038423423bd [status:N/A request:0.005s]
Traceback (most recent call last):
  File "/root/.cache/pypoetry/virtualenvs/cpdbv2-backend-VA82Wl8V-py3.7/lib/python3.7/site-packages/urllib3/connection.py", line 160, in _new_conn
    (self._dns_host, self.port), self.timeout, **extra_kw
  File "/root/.cache/pypoetry/virtualenvs/cpdbv2-backend-VA82Wl8V-py3.7/lib/python3.7/site-packages/urllib3/util/connection.py", line 61, in create_connection
    for res in socket.getaddrinfo(host, port, family, socket.SOCK_STREAM):
  File "/usr/local/lib/python3.7/socket.py", line 752, in getaddrinfo
    for res in _socket.getaddrinfo(host, port, family, type, proto, flags):
socket.gaierror: [Errno -2] Name or service not known

During handling of the above exception, another exception occurred:

Traceback (most recent call last):
  File "/root/.cache/pypoetry/virtualenvs/cpdbv2-backend-VA82Wl8V-py3.7/lib/python3.7/site-packages/elasticsearch/connection/http_urllib3.py", line 115, in perform_request
    response = self.pool.urlopen(method, url, body, retries=False, headers=self.headers, **kw)
  File "/root/.cache/pypoetry/virtualenvs/cpdbv2-backend-VA82Wl8V-py3.7/lib/python3.7/site-packages/urllib3/connectionpool.py", line 727, in urlopen
    method, url, error=e, _pool=self, _stacktrace=sys.exc_info()[2]
  File "/root/.cache/pypoetry/virtualenvs/cpdbv2-backend-VA82Wl8V-py3.7/lib/python3.7/site-packages/urllib3/util/retry.py", line 386, in increment
    raise six.reraise(type(error), error, _stacktrace)
  File "/root/.cache/pypoetry/virtualenvs/cpdbv2-backend-VA82Wl8V-py3.7/lib/python3.7/site-packages/urllib3/packages/six.py", line 735, in reraise
    raise value
  File "/root/.cache/pypoetry/virtualenvs/cpdbv2-backend-VA82Wl8V-py3.7/lib/python3.7/site-packages/urllib3/connectionpool.py", line 677, in urlopen
    chunked=chunked,
  File "/root/.cache/pypoetry/virtualenvs/cpdbv2-backend-VA82Wl8V-py3.7/lib/python3.7/site-packages/urllib3/connectionpool.py", line 392, in _make_request
    conn.request(method, url, **httplib_request_kw)
  File "/usr/local/lib/python3.7/http/client.py", line 1281, in request
    self._send_request(method, url, body, headers, encode_chunked)
  File "/usr/local/lib/python3.7/http/client.py", line 1327, in _send_request
    self.endheaders(body, encode_chunked=encode_chunked)
  File "/usr/local/lib/python3.7/http/client.py", line 1276, in endheaders
    self._send_output(message_body, encode_chunked=encode_chunked)
  File "/usr/local/lib/python3.7/http/client.py", line 1036, in _send_output
    self.send(msg)
  File "/usr/local/lib/python3.7/http/client.py", line 976, in send
    self.connect()
  File "/root/.cache/pypoetry/virtualenvs/cpdbv2-backend-VA82Wl8V-py3.7/lib/python3.7/site-packages/urllib3/connection.py", line 187, in connect
    conn = self._new_conn()
  File "/root/.cache/pypoetry/virtualenvs/cpdbv2-backend-VA82Wl8V-py3.7/lib/python3.7/site-packages/urllib3/connection.py", line 172, in _new_conn
    self, "Failed to establish a new connection: %s" % e
urllib3.exceptions.NewConnectionError: <urllib3.connection.HTTPConnection object at 0x7ff0694eb950>: Failed to establish a new connection: [Errno -2] Name or service not known
elasticsearch: DEBUG: > None
urllib3.util.retry: DEBUG: Converted retries value: False -> Retry(total=False, connect=None, read=None, redirect=0, status=None)
urllib3.connectionpool: DEBUG: Starting new HTTP connection (22): elasticsearch:9200
elasticsearch: WARNING: DELETE http://elasticsearch:9200/test_cr_c97d3965-996f-4fbb-b4a7-1038423423bd [status:N/A request:0.008s]
Traceback (most recent call last):
  File "/root/.cache/pypoetry/virtualenvs/cpdbv2-backend-VA82Wl8V-py3.7/lib/python3.7/site-packages/urllib3/connection.py", line 160, in _new_conn
    (self._dns_host, self.port), self.timeout, **extra_kw
  File "/root/.cache/pypoetry/virtualenvs/cpdbv2-backend-VA82Wl8V-py3.7/lib/python3.7/site-packages/urllib3/util/connection.py", line 61, in create_connection
    for res in socket.getaddrinfo(host, port, family, socket.SOCK_STREAM):
  File "/usr/local/lib/python3.7/socket.py", line 752, in getaddrinfo
    for res in _socket.getaddrinfo(host, port, family, type, proto, flags):
socket.gaierror: [Errno -2] Name or service not known

During handling of the above exception, another exception occurred:

Traceback (most recent call last):
  File "/root/.cache/pypoetry/virtualenvs/cpdbv2-backend-VA82Wl8V-py3.7/lib/python3.7/site-packages/elasticsearch/connection/http_urllib3.py", line 115, in perform_request
    response = self.pool.urlopen(method, url, body, retries=False, headers=self.headers, **kw)
  File "/root/.cache/pypoetry/virtualenvs/cpdbv2-backend-VA82Wl8V-py3.7/lib/python3.7/site-packages/urllib3/connectionpool.py", line 727, in urlopen
    method, url, error=e, _pool=self, _stacktrace=sys.exc_info()[2]
  File "/root/.cache/pypoetry/virtualenvs/cpdbv2-backend-VA82Wl8V-py3.7/lib/python3.7/site-packages/urllib3/util/retry.py", line 386, in increment
    raise six.reraise(type(error), error, _stacktrace)
  File "/root/.cache/pypoetry/virtualenvs/cpdbv2-backend-VA82Wl8V-py3.7/lib/python3.7/site-packages/urllib3/packages/six.py", line 735, in reraise
    raise value
  File "/root/.cache/pypoetry/virtualenvs/cpdbv2-backend-VA82Wl8V-py3.7/lib/python3.7/site-packages/urllib3/connectionpool.py", line 677, in urlopen
    chunked=chunked,
  File "/root/.cache/pypoetry/virtualenvs/cpdbv2-backend-VA82Wl8V-py3.7/lib/python3.7/site-packages/urllib3/connectionpool.py", line 392, in _make_request
    conn.request(method, url, **httplib_request_kw)
  File "/usr/local/lib/python3.7/http/client.py", line 1281, in request
    self._send_request(method, url, body, headers, encode_chunked)
  File "/usr/local/lib/python3.7/http/client.py", line 1327, in _send_request
    self.endheaders(body, encode_chunked=encode_chunked)
  File "/usr/local/lib/python3.7/http/client.py", line 1276, in endheaders
    self._send_output(message_body, encode_chunked=encode_chunked)
  File "/usr/local/lib/python3.7/http/client.py", line 1036, in _send_output
    self.send(msg)
  File "/usr/local/lib/python3.7/http/client.py", line 976, in send
    self.connect()
  File "/root/.cache/pypoetry/virtualenvs/cpdbv2-backend-VA82Wl8V-py3.7/lib/python3.7/site-packages/urllib3/connection.py", line 187, in connect
    conn = self._new_conn()
  File "/root/.cache/pypoetry/virtualenvs/cpdbv2-backend-VA82Wl8V-py3.7/lib/python3.7/site-packages/urllib3/connection.py", line 172, in _new_conn
    self, "Failed to establish a new connection: %s" % e
urllib3.exceptions.NewConnectionError: <urllib3.connection.HTTPConnection object at 0x7ff0694ebb10>: Failed to establish a new connection: [Errno -2] Name or service not known
elasticsearch: DEBUG: > None
urllib3.util.retry: DEBUG: Converted retries value: False -> Retry(total=False, connect=None, read=None, redirect=0, status=None)
urllib3.connectionpool: DEBUG: Starting new HTTP connection (23): elasticsearch:9200
elasticsearch: WARNING: DELETE http://elasticsearch:9200/test_cr_c97d3965-996f-4fbb-b4a7-1038423423bd [status:N/A request:0.006s]
Traceback (most recent call last):
  File "/root/.cache/pypoetry/virtualenvs/cpdbv2-backend-VA82Wl8V-py3.7/lib/python3.7/site-packages/urllib3/connection.py", line 160, in _new_conn
    (self._dns_host, self.port), self.timeout, **extra_kw
  File "/root/.cache/pypoetry/virtualenvs/cpdbv2-backend-VA82Wl8V-py3.7/lib/python3.7/site-packages/urllib3/util/connection.py", line 61, in create_connection
    for res in socket.getaddrinfo(host, port, family, socket.SOCK_STREAM):
  File "/usr/local/lib/python3.7/socket.py", line 752, in getaddrinfo
    for res in _socket.getaddrinfo(host, port, family, type, proto, flags):
socket.gaierror: [Errno -2] Name or service not known

During handling of the above exception, another exception occurred:

Traceback (most recent call last):
  File "/root/.cache/pypoetry/virtualenvs/cpdbv2-backend-VA82Wl8V-py3.7/lib/python3.7/site-packages/elasticsearch/connection/http_urllib3.py", line 115, in perform_request
    response = self.pool.urlopen(method, url, body, retries=False, headers=self.headers, **kw)
  File "/root/.cache/pypoetry/virtualenvs/cpdbv2-backend-VA82Wl8V-py3.7/lib/python3.7/site-packages/urllib3/connectionpool.py", line 727, in urlopen
    method, url, error=e, _pool=self, _stacktrace=sys.exc_info()[2]
  File "/root/.cache/pypoetry/virtualenvs/cpdbv2-backend-VA82Wl8V-py3.7/lib/python3.7/site-packages/urllib3/util/retry.py", line 386, in increment
    raise six.reraise(type(error), error, _stacktrace)
  File "/root/.cache/pypoetry/virtualenvs/cpdbv2-backend-VA82Wl8V-py3.7/lib/python3.7/site-packages/urllib3/packages/six.py", line 735, in reraise
    raise value
  File "/root/.cache/pypoetry/virtualenvs/cpdbv2-backend-VA82Wl8V-py3.7/lib/python3.7/site-packages/urllib3/connectionpool.py", line 677, in urlopen
    chunked=chunked,
  File "/root/.cache/pypoetry/virtualenvs/cpdbv2-backend-VA82Wl8V-py3.7/lib/python3.7/site-packages/urllib3/connectionpool.py", line 392, in _make_request
    conn.request(method, url, **httplib_request_kw)
  File "/usr/local/lib/python3.7/http/client.py", line 1281, in request
    self._send_request(method, url, body, headers, encode_chunked)
  File "/usr/local/lib/python3.7/http/client.py", line 1327, in _send_request
    self.endheaders(body, encode_chunked=encode_chunked)
  File "/usr/local/lib/python3.7/http/client.py", line 1276, in endheaders
    self._send_output(message_body, encode_chunked=encode_chunked)
  File "/usr/local/lib/python3.7/http/client.py", line 1036, in _send_output
    self.send(msg)
  File "/usr/local/lib/python3.7/http/client.py", line 976, in send
    self.connect()
  File "/root/.cache/pypoetry/virtualenvs/cpdbv2-backend-VA82Wl8V-py3.7/lib/python3.7/site-packages/urllib3/connection.py", line 187, in connect
    conn = self._new_conn()
  File "/root/.cache/pypoetry/virtualenvs/cpdbv2-backend-VA82Wl8V-py3.7/lib/python3.7/site-packages/urllib3/connection.py", line 172, in _new_conn
    self, "Failed to establish a new connection: %s" % e
urllib3.exceptions.NewConnectionError: <urllib3.connection.HTTPConnection object at 0x7ff0694d1d50>: Failed to establish a new connection: [Errno -2] Name or service not known
elasticsearch: DEBUG: > None
urllib3.util.retry: DEBUG: Converted retries value: False -> Retry(total=False, connect=None, read=None, redirect=0, status=None)
urllib3.connectionpool: DEBUG: Starting new HTTP connection (24): elasticsearch:9200
elasticsearch: WARNING: DELETE http://elasticsearch:9200/test_cr_c97d3965-996f-4fbb-b4a7-1038423423bd [status:N/A request:0.005s]
Traceback (most recent call last):
  File "/root/.cache/pypoetry/virtualenvs/cpdbv2-backend-VA82Wl8V-py3.7/lib/python3.7/site-packages/urllib3/connection.py", line 160, in _new_conn
    (self._dns_host, self.port), self.timeout, **extra_kw
  File "/root/.cache/pypoetry/virtualenvs/cpdbv2-backend-VA82Wl8V-py3.7/lib/python3.7/site-packages/urllib3/util/connection.py", line 61, in create_connection
    for res in socket.getaddrinfo(host, port, family, socket.SOCK_STREAM):
  File "/usr/local/lib/python3.7/socket.py", line 752, in getaddrinfo
    for res in _socket.getaddrinfo(host, port, family, type, proto, flags):
socket.gaierror: [Errno -2] Name or service not known

During handling of the above exception, another exception occurred:

Traceback (most recent call last):
  File "/root/.cache/pypoetry/virtualenvs/cpdbv2-backend-VA82Wl8V-py3.7/lib/python3.7/site-packages/elasticsearch/connection/http_urllib3.py", line 115, in perform_request
    response = self.pool.urlopen(method, url, body, retries=False, headers=self.headers, **kw)
  File "/root/.cache/pypoetry/virtualenvs/cpdbv2-backend-VA82Wl8V-py3.7/lib/python3.7/site-packages/urllib3/connectionpool.py", line 727, in urlopen
    method, url, error=e, _pool=self, _stacktrace=sys.exc_info()[2]
  File "/root/.cache/pypoetry/virtualenvs/cpdbv2-backend-VA82Wl8V-py3.7/lib/python3.7/site-packages/urllib3/util/retry.py", line 386, in increment
    raise six.reraise(type(error), error, _stacktrace)
  File "/root/.cache/pypoetry/virtualenvs/cpdbv2-backend-VA82Wl8V-py3.7/lib/python3.7/site-packages/urllib3/packages/six.py", line 735, in reraise
    raise value
  File "/root/.cache/pypoetry/virtualenvs/cpdbv2-backend-VA82Wl8V-py3.7/lib/python3.7/site-packages/urllib3/connectionpool.py", line 677, in urlopen
    chunked=chunked,
  File "/root/.cache/pypoetry/virtualenvs/cpdbv2-backend-VA82Wl8V-py3.7/lib/python3.7/site-packages/urllib3/connectionpool.py", line 392, in _make_request
    conn.request(method, url, **httplib_request_kw)
  File "/usr/local/lib/python3.7/http/client.py", line 1281, in request
    self._send_request(method, url, body, headers, encode_chunked)
  File "/usr/local/lib/python3.7/http/client.py", line 1327, in _send_request
    self.endheaders(body, encode_chunked=encode_chunked)
  File "/usr/local/lib/python3.7/http/client.py", line 1276, in endheaders
    self._send_output(message_body, encode_chunked=encode_chunked)
  File "/usr/local/lib/python3.7/http/client.py", line 1036, in _send_output
    self.send(msg)
  File "/usr/local/lib/python3.7/http/client.py", line 976, in send
    self.connect()
  File "/root/.cache/pypoetry/virtualenvs/cpdbv2-backend-VA82Wl8V-py3.7/lib/python3.7/site-packages/urllib3/connection.py", line 187, in connect
    conn = self._new_conn()
  File "/root/.cache/pypoetry/virtualenvs/cpdbv2-backend-VA82Wl8V-py3.7/lib/python3.7/site-packages/urllib3/connection.py", line 172, in _new_conn
    self, "Failed to establish a new connection: %s" % e
urllib3.exceptions.NewConnectionError: <urllib3.connection.HTTPConnection object at 0x7ff0694d1fd0>: Failed to establish a new connection: [Errno -2] Name or service not known
elasticsearch: DEBUG: > None
--------------------- >> end captured logging << ---------------------

======================================================================
ERROR: test_request_document_with_invalid_allegation (cr.tests.views.test_cr_mobile_viewset.CRMobileViewSetTestCase)
----------------------------------------------------------------------
Traceback (most recent call last):
  File "/usr/src/app/cpdb/cr/tests/mixins.py", line 7, in setUp
    cr_index_alias.write_index.delete(ignore=404)
  File "/root/.cache/pypoetry/virtualenvs/cpdbv2-backend-VA82Wl8V-py3.7/lib/python3.7/site-packages/elasticsearch_dsl/index.py", line 222, in delete
    self.connection.indices.delete(index=self._name, **kwargs)
  File "/root/.cache/pypoetry/virtualenvs/cpdbv2-backend-VA82Wl8V-py3.7/lib/python3.7/site-packages/elasticsearch/client/utils.py", line 73, in _wrapped
    return func(*args, params=params, **kwargs)
  File "/root/.cache/pypoetry/virtualenvs/cpdbv2-backend-VA82Wl8V-py3.7/lib/python3.7/site-packages/elasticsearch/client/indices.py", line 200, in delete
    params=params)
  File "/root/.cache/pypoetry/virtualenvs/cpdbv2-backend-VA82Wl8V-py3.7/lib/python3.7/site-packages/elasticsearch/transport.py", line 312, in perform_request
    status, headers, data = connection.perform_request(method, url, params, body, ignore=ignore, timeout=timeout)
  File "/root/.cache/pypoetry/virtualenvs/cpdbv2-backend-VA82Wl8V-py3.7/lib/python3.7/site-packages/elasticsearch/connection/http_urllib3.py", line 124, in perform_request
    raise ConnectionError('N/A', str(e), e)
elasticsearch.exceptions.ConnectionError: ConnectionError(<urllib3.connection.HTTPConnection object at 0x7ff0694d1c90>: Failed to establish a new connection: [Errno -2] Name or service not known) caused by: NewConnectionError(<urllib3.connection.HTTPConnection object at 0x7ff0694d1c90>: Failed to establish a new connection: [Errno -2] Name or service not known)
-------------------- >> begin captured logging << --------------------
urllib3.util.retry: DEBUG: Converted retries value: False -> Retry(total=False, connect=None, read=None, redirect=0, status=None)
urllib3.connectionpool: DEBUG: Starting new HTTP connection (25): elasticsearch:9200
elasticsearch: WARNING: DELETE http://elasticsearch:9200/test_cr_c97d3965-996f-4fbb-b4a7-1038423423bd [status:N/A request:0.007s]
Traceback (most recent call last):
  File "/root/.cache/pypoetry/virtualenvs/cpdbv2-backend-VA82Wl8V-py3.7/lib/python3.7/site-packages/urllib3/connection.py", line 160, in _new_conn
    (self._dns_host, self.port), self.timeout, **extra_kw
  File "/root/.cache/pypoetry/virtualenvs/cpdbv2-backend-VA82Wl8V-py3.7/lib/python3.7/site-packages/urllib3/util/connection.py", line 61, in create_connection
    for res in socket.getaddrinfo(host, port, family, socket.SOCK_STREAM):
  File "/usr/local/lib/python3.7/socket.py", line 752, in getaddrinfo
    for res in _socket.getaddrinfo(host, port, family, type, proto, flags):
socket.gaierror: [Errno -2] Name or service not known

During handling of the above exception, another exception occurred:

Traceback (most recent call last):
  File "/root/.cache/pypoetry/virtualenvs/cpdbv2-backend-VA82Wl8V-py3.7/lib/python3.7/site-packages/elasticsearch/connection/http_urllib3.py", line 115, in perform_request
    response = self.pool.urlopen(method, url, body, retries=False, headers=self.headers, **kw)
  File "/root/.cache/pypoetry/virtualenvs/cpdbv2-backend-VA82Wl8V-py3.7/lib/python3.7/site-packages/urllib3/connectionpool.py", line 727, in urlopen
    method, url, error=e, _pool=self, _stacktrace=sys.exc_info()[2]
  File "/root/.cache/pypoetry/virtualenvs/cpdbv2-backend-VA82Wl8V-py3.7/lib/python3.7/site-packages/urllib3/util/retry.py", line 386, in increment
    raise six.reraise(type(error), error, _stacktrace)
  File "/root/.cache/pypoetry/virtualenvs/cpdbv2-backend-VA82Wl8V-py3.7/lib/python3.7/site-packages/urllib3/packages/six.py", line 735, in reraise
    raise value
  File "/root/.cache/pypoetry/virtualenvs/cpdbv2-backend-VA82Wl8V-py3.7/lib/python3.7/site-packages/urllib3/connectionpool.py", line 677, in urlopen
    chunked=chunked,
  File "/root/.cache/pypoetry/virtualenvs/cpdbv2-backend-VA82Wl8V-py3.7/lib/python3.7/site-packages/urllib3/connectionpool.py", line 392, in _make_request
    conn.request(method, url, **httplib_request_kw)
  File "/usr/local/lib/python3.7/http/client.py", line 1281, in request
    self._send_request(method, url, body, headers, encode_chunked)
  File "/usr/local/lib/python3.7/http/client.py", line 1327, in _send_request
    self.endheaders(body, encode_chunked=encode_chunked)
  File "/usr/local/lib/python3.7/http/client.py", line 1276, in endheaders
    self._send_output(message_body, encode_chunked=encode_chunked)
  File "/usr/local/lib/python3.7/http/client.py", line 1036, in _send_output
    self.send(msg)
  File "/usr/local/lib/python3.7/http/client.py", line 976, in send
    self.connect()
  File "/root/.cache/pypoetry/virtualenvs/cpdbv2-backend-VA82Wl8V-py3.7/lib/python3.7/site-packages/urllib3/connection.py", line 187, in connect
    conn = self._new_conn()
  File "/root/.cache/pypoetry/virtualenvs/cpdbv2-backend-VA82Wl8V-py3.7/lib/python3.7/site-packages/urllib3/connection.py", line 172, in _new_conn
    self, "Failed to establish a new connection: %s" % e
urllib3.exceptions.NewConnectionError: <urllib3.connection.HTTPConnection object at 0x7ff0694d1450>: Failed to establish a new connection: [Errno -2] Name or service not known
elasticsearch: DEBUG: > None
urllib3.util.retry: DEBUG: Converted retries value: False -> Retry(total=False, connect=None, read=None, redirect=0, status=None)
urllib3.connectionpool: DEBUG: Starting new HTTP connection (26): elasticsearch:9200
elasticsearch: WARNING: DELETE http://elasticsearch:9200/test_cr_c97d3965-996f-4fbb-b4a7-1038423423bd [status:N/A request:0.004s]
Traceback (most recent call last):
  File "/root/.cache/pypoetry/virtualenvs/cpdbv2-backend-VA82Wl8V-py3.7/lib/python3.7/site-packages/urllib3/connection.py", line 160, in _new_conn
    (self._dns_host, self.port), self.timeout, **extra_kw
  File "/root/.cache/pypoetry/virtualenvs/cpdbv2-backend-VA82Wl8V-py3.7/lib/python3.7/site-packages/urllib3/util/connection.py", line 61, in create_connection
    for res in socket.getaddrinfo(host, port, family, socket.SOCK_STREAM):
  File "/usr/local/lib/python3.7/socket.py", line 752, in getaddrinfo
    for res in _socket.getaddrinfo(host, port, family, type, proto, flags):
socket.gaierror: [Errno -2] Name or service not known

During handling of the above exception, another exception occurred:

Traceback (most recent call last):
  File "/root/.cache/pypoetry/virtualenvs/cpdbv2-backend-VA82Wl8V-py3.7/lib/python3.7/site-packages/elasticsearch/connection/http_urllib3.py", line 115, in perform_request
    response = self.pool.urlopen(method, url, body, retries=False, headers=self.headers, **kw)
  File "/root/.cache/pypoetry/virtualenvs/cpdbv2-backend-VA82Wl8V-py3.7/lib/python3.7/site-packages/urllib3/connectionpool.py", line 727, in urlopen
    method, url, error=e, _pool=self, _stacktrace=sys.exc_info()[2]
  File "/root/.cache/pypoetry/virtualenvs/cpdbv2-backend-VA82Wl8V-py3.7/lib/python3.7/site-packages/urllib3/util/retry.py", line 386, in increment
    raise six.reraise(type(error), error, _stacktrace)
  File "/root/.cache/pypoetry/virtualenvs/cpdbv2-backend-VA82Wl8V-py3.7/lib/python3.7/site-packages/urllib3/packages/six.py", line 735, in reraise
    raise value
  File "/root/.cache/pypoetry/virtualenvs/cpdbv2-backend-VA82Wl8V-py3.7/lib/python3.7/site-packages/urllib3/connectionpool.py", line 677, in urlopen
    chunked=chunked,
  File "/root/.cache/pypoetry/virtualenvs/cpdbv2-backend-VA82Wl8V-py3.7/lib/python3.7/site-packages/urllib3/connectionpool.py", line 392, in _make_request
    conn.request(method, url, **httplib_request_kw)
  File "/usr/local/lib/python3.7/http/client.py", line 1281, in request
    self._send_request(method, url, body, headers, encode_chunked)
  File "/usr/local/lib/python3.7/http/client.py", line 1327, in _send_request
    self.endheaders(body, encode_chunked=encode_chunked)
  File "/usr/local/lib/python3.7/http/client.py", line 1276, in endheaders
    self._send_output(message_body, encode_chunked=encode_chunked)
  File "/usr/local/lib/python3.7/http/client.py", line 1036, in _send_output
    self.send(msg)
  File "/usr/local/lib/python3.7/http/client.py", line 976, in send
    self.connect()
  File "/root/.cache/pypoetry/virtualenvs/cpdbv2-backend-VA82Wl8V-py3.7/lib/python3.7/site-packages/urllib3/connection.py", line 187, in connect
    conn = self._new_conn()
  File "/root/.cache/pypoetry/virtualenvs/cpdbv2-backend-VA82Wl8V-py3.7/lib/python3.7/site-packages/urllib3/connection.py", line 172, in _new_conn
    self, "Failed to establish a new connection: %s" % e
urllib3.exceptions.NewConnectionError: <urllib3.connection.HTTPConnection object at 0x7ff0694d1110>: Failed to establish a new connection: [Errno -2] Name or service not known
elasticsearch: DEBUG: > None
urllib3.util.retry: DEBUG: Converted retries value: False -> Retry(total=False, connect=None, read=None, redirect=0, status=None)
urllib3.connectionpool: DEBUG: Starting new HTTP connection (27): elasticsearch:9200
elasticsearch: WARNING: DELETE http://elasticsearch:9200/test_cr_c97d3965-996f-4fbb-b4a7-1038423423bd [status:N/A request:0.004s]
Traceback (most recent call last):
  File "/root/.cache/pypoetry/virtualenvs/cpdbv2-backend-VA82Wl8V-py3.7/lib/python3.7/site-packages/urllib3/connection.py", line 160, in _new_conn
    (self._dns_host, self.port), self.timeout, **extra_kw
  File "/root/.cache/pypoetry/virtualenvs/cpdbv2-backend-VA82Wl8V-py3.7/lib/python3.7/site-packages/urllib3/util/connection.py", line 61, in create_connection
    for res in socket.getaddrinfo(host, port, family, socket.SOCK_STREAM):
  File "/usr/local/lib/python3.7/socket.py", line 752, in getaddrinfo
    for res in _socket.getaddrinfo(host, port, family, type, proto, flags):
socket.gaierror: [Errno -2] Name or service not known

During handling of the above exception, another exception occurred:

Traceback (most recent call last):
  File "/root/.cache/pypoetry/virtualenvs/cpdbv2-backend-VA82Wl8V-py3.7/lib/python3.7/site-packages/elasticsearch/connection/http_urllib3.py", line 115, in perform_request
    response = self.pool.urlopen(method, url, body, retries=False, headers=self.headers, **kw)
  File "/root/.cache/pypoetry/virtualenvs/cpdbv2-backend-VA82Wl8V-py3.7/lib/python3.7/site-packages/urllib3/connectionpool.py", line 727, in urlopen
    method, url, error=e, _pool=self, _stacktrace=sys.exc_info()[2]
  File "/root/.cache/pypoetry/virtualenvs/cpdbv2-backend-VA82Wl8V-py3.7/lib/python3.7/site-packages/urllib3/util/retry.py", line 386, in increment
    raise six.reraise(type(error), error, _stacktrace)
  File "/root/.cache/pypoetry/virtualenvs/cpdbv2-backend-VA82Wl8V-py3.7/lib/python3.7/site-packages/urllib3/packages/six.py", line 735, in reraise
    raise value
  File "/root/.cache/pypoetry/virtualenvs/cpdbv2-backend-VA82Wl8V-py3.7/lib/python3.7/site-packages/urllib3/connectionpool.py", line 677, in urlopen
    chunked=chunked,
  File "/root/.cache/pypoetry/virtualenvs/cpdbv2-backend-VA82Wl8V-py3.7/lib/python3.7/site-packages/urllib3/connectionpool.py", line 392, in _make_request
    conn.request(method, url, **httplib_request_kw)
  File "/usr/local/lib/python3.7/http/client.py", line 1281, in request
    self._send_request(method, url, body, headers, encode_chunked)
  File "/usr/local/lib/python3.7/http/client.py", line 1327, in _send_request
    self.endheaders(body, encode_chunked=encode_chunked)
  File "/usr/local/lib/python3.7/http/client.py", line 1276, in endheaders
    self._send_output(message_body, encode_chunked=encode_chunked)
  File "/usr/local/lib/python3.7/http/client.py", line 1036, in _send_output
    self.send(msg)
  File "/usr/local/lib/python3.7/http/client.py", line 976, in send
    self.connect()
  File "/root/.cache/pypoetry/virtualenvs/cpdbv2-backend-VA82Wl8V-py3.7/lib/python3.7/site-packages/urllib3/connection.py", line 187, in connect
    conn = self._new_conn()
  File "/root/.cache/pypoetry/virtualenvs/cpdbv2-backend-VA82Wl8V-py3.7/lib/python3.7/site-packages/urllib3/connection.py", line 172, in _new_conn
    self, "Failed to establish a new connection: %s" % e
urllib3.exceptions.NewConnectionError: <urllib3.connection.HTTPConnection object at 0x7ff0694d1dd0>: Failed to establish a new connection: [Errno -2] Name or service not known
elasticsearch: DEBUG: > None
urllib3.util.retry: DEBUG: Converted retries value: False -> Retry(total=False, connect=None, read=None, redirect=0, status=None)
urllib3.connectionpool: DEBUG: Starting new HTTP connection (28): elasticsearch:9200
elasticsearch: WARNING: DELETE http://elasticsearch:9200/test_cr_c97d3965-996f-4fbb-b4a7-1038423423bd [status:N/A request:0.005s]
Traceback (most recent call last):
  File "/root/.cache/pypoetry/virtualenvs/cpdbv2-backend-VA82Wl8V-py3.7/lib/python3.7/site-packages/urllib3/connection.py", line 160, in _new_conn
    (self._dns_host, self.port), self.timeout, **extra_kw
  File "/root/.cache/pypoetry/virtualenvs/cpdbv2-backend-VA82Wl8V-py3.7/lib/python3.7/site-packages/urllib3/util/connection.py", line 61, in create_connection
    for res in socket.getaddrinfo(host, port, family, socket.SOCK_STREAM):
  File "/usr/local/lib/python3.7/socket.py", line 752, in getaddrinfo
    for res in _socket.getaddrinfo(host, port, family, type, proto, flags):
socket.gaierror: [Errno -2] Name or service not known

During handling of the above exception, another exception occurred:

Traceback (most recent call last):
  File "/root/.cache/pypoetry/virtualenvs/cpdbv2-backend-VA82Wl8V-py3.7/lib/python3.7/site-packages/elasticsearch/connection/http_urllib3.py", line 115, in perform_request
    response = self.pool.urlopen(method, url, body, retries=False, headers=self.headers, **kw)
  File "/root/.cache/pypoetry/virtualenvs/cpdbv2-backend-VA82Wl8V-py3.7/lib/python3.7/site-packages/urllib3/connectionpool.py", line 727, in urlopen
    method, url, error=e, _pool=self, _stacktrace=sys.exc_info()[2]
  File "/root/.cache/pypoetry/virtualenvs/cpdbv2-backend-VA82Wl8V-py3.7/lib/python3.7/site-packages/urllib3/util/retry.py", line 386, in increment
    raise six.reraise(type(error), error, _stacktrace)
  File "/root/.cache/pypoetry/virtualenvs/cpdbv2-backend-VA82Wl8V-py3.7/lib/python3.7/site-packages/urllib3/packages/six.py", line 735, in reraise
    raise value
  File "/root/.cache/pypoetry/virtualenvs/cpdbv2-backend-VA82Wl8V-py3.7/lib/python3.7/site-packages/urllib3/connectionpool.py", line 677, in urlopen
    chunked=chunked,
  File "/root/.cache/pypoetry/virtualenvs/cpdbv2-backend-VA82Wl8V-py3.7/lib/python3.7/site-packages/urllib3/connectionpool.py", line 392, in _make_request
    conn.request(method, url, **httplib_request_kw)
  File "/usr/local/lib/python3.7/http/client.py", line 1281, in request
    self._send_request(method, url, body, headers, encode_chunked)
  File "/usr/local/lib/python3.7/http/client.py", line 1327, in _send_request
    self.endheaders(body, encode_chunked=encode_chunked)
  File "/usr/local/lib/python3.7/http/client.py", line 1276, in endheaders
    self._send_output(message_body, encode_chunked=encode_chunked)
  File "/usr/local/lib/python3.7/http/client.py", line 1036, in _send_output
    self.send(msg)
  File "/usr/local/lib/python3.7/http/client.py", line 976, in send
    self.connect()
  File "/root/.cache/pypoetry/virtualenvs/cpdbv2-backend-VA82Wl8V-py3.7/lib/python3.7/site-packages/urllib3/connection.py", line 187, in connect
    conn = self._new_conn()
  File "/root/.cache/pypoetry/virtualenvs/cpdbv2-backend-VA82Wl8V-py3.7/lib/python3.7/site-packages/urllib3/connection.py", line 172, in _new_conn
    self, "Failed to establish a new connection: %s" % e
urllib3.exceptions.NewConnectionError: <urllib3.connection.HTTPConnection object at 0x7ff0694d1c90>: Failed to establish a new connection: [Errno -2] Name or service not known
elasticsearch: DEBUG: > None
--------------------- >> end captured logging << ---------------------

======================================================================
ERROR: test_request_document_with_invalid_email (cr.tests.views.test_cr_mobile_viewset.CRMobileViewSetTestCase)
----------------------------------------------------------------------
Traceback (most recent call last):
  File "/usr/src/app/cpdb/cr/tests/mixins.py", line 7, in setUp
    cr_index_alias.write_index.delete(ignore=404)
  File "/root/.cache/pypoetry/virtualenvs/cpdbv2-backend-VA82Wl8V-py3.7/lib/python3.7/site-packages/elasticsearch_dsl/index.py", line 222, in delete
    self.connection.indices.delete(index=self._name, **kwargs)
  File "/root/.cache/pypoetry/virtualenvs/cpdbv2-backend-VA82Wl8V-py3.7/lib/python3.7/site-packages/elasticsearch/client/utils.py", line 73, in _wrapped
    return func(*args, params=params, **kwargs)
  File "/root/.cache/pypoetry/virtualenvs/cpdbv2-backend-VA82Wl8V-py3.7/lib/python3.7/site-packages/elasticsearch/client/indices.py", line 200, in delete
    params=params)
  File "/root/.cache/pypoetry/virtualenvs/cpdbv2-backend-VA82Wl8V-py3.7/lib/python3.7/site-packages/elasticsearch/transport.py", line 312, in perform_request
    status, headers, data = connection.perform_request(method, url, params, body, ignore=ignore, timeout=timeout)
  File "/root/.cache/pypoetry/virtualenvs/cpdbv2-backend-VA82Wl8V-py3.7/lib/python3.7/site-packages/elasticsearch/connection/http_urllib3.py", line 124, in perform_request
    raise ConnectionError('N/A', str(e), e)
elasticsearch.exceptions.ConnectionError: ConnectionError(<urllib3.connection.HTTPConnection object at 0x7ff0694eb610>: Failed to establish a new connection: [Errno -2] Name or service not known) caused by: NewConnectionError(<urllib3.connection.HTTPConnection object at 0x7ff0694eb610>: Failed to establish a new connection: [Errno -2] Name or service not known)
-------------------- >> begin captured logging << --------------------
urllib3.util.retry: DEBUG: Converted retries value: False -> Retry(total=False, connect=None, read=None, redirect=0, status=None)
urllib3.connectionpool: DEBUG: Starting new HTTP connection (29): elasticsearch:9200
elasticsearch: WARNING: DELETE http://elasticsearch:9200/test_cr_c97d3965-996f-4fbb-b4a7-1038423423bd [status:N/A request:0.004s]
Traceback (most recent call last):
  File "/root/.cache/pypoetry/virtualenvs/cpdbv2-backend-VA82Wl8V-py3.7/lib/python3.7/site-packages/urllib3/connection.py", line 160, in _new_conn
    (self._dns_host, self.port), self.timeout, **extra_kw
  File "/root/.cache/pypoetry/virtualenvs/cpdbv2-backend-VA82Wl8V-py3.7/lib/python3.7/site-packages/urllib3/util/connection.py", line 61, in create_connection
    for res in socket.getaddrinfo(host, port, family, socket.SOCK_STREAM):
  File "/usr/local/lib/python3.7/socket.py", line 752, in getaddrinfo
    for res in _socket.getaddrinfo(host, port, family, type, proto, flags):
socket.gaierror: [Errno -2] Name or service not known

During handling of the above exception, another exception occurred:

Traceback (most recent call last):
  File "/root/.cache/pypoetry/virtualenvs/cpdbv2-backend-VA82Wl8V-py3.7/lib/python3.7/site-packages/elasticsearch/connection/http_urllib3.py", line 115, in perform_request
    response = self.pool.urlopen(method, url, body, retries=False, headers=self.headers, **kw)
  File "/root/.cache/pypoetry/virtualenvs/cpdbv2-backend-VA82Wl8V-py3.7/lib/python3.7/site-packages/urllib3/connectionpool.py", line 727, in urlopen
    method, url, error=e, _pool=self, _stacktrace=sys.exc_info()[2]
  File "/root/.cache/pypoetry/virtualenvs/cpdbv2-backend-VA82Wl8V-py3.7/lib/python3.7/site-packages/urllib3/util/retry.py", line 386, in increment
    raise six.reraise(type(error), error, _stacktrace)
  File "/root/.cache/pypoetry/virtualenvs/cpdbv2-backend-VA82Wl8V-py3.7/lib/python3.7/site-packages/urllib3/packages/six.py", line 735, in reraise
    raise value
  File "/root/.cache/pypoetry/virtualenvs/cpdbv2-backend-VA82Wl8V-py3.7/lib/python3.7/site-packages/urllib3/connectionpool.py", line 677, in urlopen
    chunked=chunked,
  File "/root/.cache/pypoetry/virtualenvs/cpdbv2-backend-VA82Wl8V-py3.7/lib/python3.7/site-packages/urllib3/connectionpool.py", line 392, in _make_request
    conn.request(method, url, **httplib_request_kw)
  File "/usr/local/lib/python3.7/http/client.py", line 1281, in request
    self._send_request(method, url, body, headers, encode_chunked)
  File "/usr/local/lib/python3.7/http/client.py", line 1327, in _send_request
    self.endheaders(body, encode_chunked=encode_chunked)
  File "/usr/local/lib/python3.7/http/client.py", line 1276, in endheaders
    self._send_output(message_body, encode_chunked=encode_chunked)
  File "/usr/local/lib/python3.7/http/client.py", line 1036, in _send_output
    self.send(msg)
  File "/usr/local/lib/python3.7/http/client.py", line 976, in send
    self.connect()
  File "/root/.cache/pypoetry/virtualenvs/cpdbv2-backend-VA82Wl8V-py3.7/lib/python3.7/site-packages/urllib3/connection.py", line 187, in connect
    conn = self._new_conn()
  File "/root/.cache/pypoetry/virtualenvs/cpdbv2-backend-VA82Wl8V-py3.7/lib/python3.7/site-packages/urllib3/connection.py", line 172, in _new_conn
    self, "Failed to establish a new connection: %s" % e
urllib3.exceptions.NewConnectionError: <urllib3.connection.HTTPConnection object at 0x7ff0694d1e10>: Failed to establish a new connection: [Errno -2] Name or service not known
elasticsearch: DEBUG: > None
urllib3.util.retry: DEBUG: Converted retries value: False -> Retry(total=False, connect=None, read=None, redirect=0, status=None)
urllib3.connectionpool: DEBUG: Starting new HTTP connection (30): elasticsearch:9200
elasticsearch: WARNING: DELETE http://elasticsearch:9200/test_cr_c97d3965-996f-4fbb-b4a7-1038423423bd [status:N/A request:0.004s]
Traceback (most recent call last):
  File "/root/.cache/pypoetry/virtualenvs/cpdbv2-backend-VA82Wl8V-py3.7/lib/python3.7/site-packages/urllib3/connection.py", line 160, in _new_conn
    (self._dns_host, self.port), self.timeout, **extra_kw
  File "/root/.cache/pypoetry/virtualenvs/cpdbv2-backend-VA82Wl8V-py3.7/lib/python3.7/site-packages/urllib3/util/connection.py", line 61, in create_connection
    for res in socket.getaddrinfo(host, port, family, socket.SOCK_STREAM):
  File "/usr/local/lib/python3.7/socket.py", line 752, in getaddrinfo
    for res in _socket.getaddrinfo(host, port, family, type, proto, flags):
socket.gaierror: [Errno -2] Name or service not known

During handling of the above exception, another exception occurred:

Traceback (most recent call last):
  File "/root/.cache/pypoetry/virtualenvs/cpdbv2-backend-VA82Wl8V-py3.7/lib/python3.7/site-packages/elasticsearch/connection/http_urllib3.py", line 115, in perform_request
    response = self.pool.urlopen(method, url, body, retries=False, headers=self.headers, **kw)
  File "/root/.cache/pypoetry/virtualenvs/cpdbv2-backend-VA82Wl8V-py3.7/lib/python3.7/site-packages/urllib3/connectionpool.py", line 727, in urlopen
    method, url, error=e, _pool=self, _stacktrace=sys.exc_info()[2]
  File "/root/.cache/pypoetry/virtualenvs/cpdbv2-backend-VA82Wl8V-py3.7/lib/python3.7/site-packages/urllib3/util/retry.py", line 386, in increment
    raise six.reraise(type(error), error, _stacktrace)
  File "/root/.cache/pypoetry/virtualenvs/cpdbv2-backend-VA82Wl8V-py3.7/lib/python3.7/site-packages/urllib3/packages/six.py", line 735, in reraise
    raise value
  File "/root/.cache/pypoetry/virtualenvs/cpdbv2-backend-VA82Wl8V-py3.7/lib/python3.7/site-packages/urllib3/connectionpool.py", line 677, in urlopen
    chunked=chunked,
  File "/root/.cache/pypoetry/virtualenvs/cpdbv2-backend-VA82Wl8V-py3.7/lib/python3.7/site-packages/urllib3/connectionpool.py", line 392, in _make_request
    conn.request(method, url, **httplib_request_kw)
  File "/usr/local/lib/python3.7/http/client.py", line 1281, in request
    self._send_request(method, url, body, headers, encode_chunked)
  File "/usr/local/lib/python3.7/http/client.py", line 1327, in _send_request
    self.endheaders(body, encode_chunked=encode_chunked)
  File "/usr/local/lib/python3.7/http/client.py", line 1276, in endheaders
    self._send_output(message_body, encode_chunked=encode_chunked)
  File "/usr/local/lib/python3.7/http/client.py", line 1036, in _send_output
    self.send(msg)
  File "/usr/local/lib/python3.7/http/client.py", line 976, in send
    self.connect()
  File "/root/.cache/pypoetry/virtualenvs/cpdbv2-backend-VA82Wl8V-py3.7/lib/python3.7/site-packages/urllib3/connection.py", line 187, in connect
    conn = self._new_conn()
  File "/root/.cache/pypoetry/virtualenvs/cpdbv2-backend-VA82Wl8V-py3.7/lib/python3.7/site-packages/urllib3/connection.py", line 172, in _new_conn
    self, "Failed to establish a new connection: %s" % e
urllib3.exceptions.NewConnectionError: <urllib3.connection.HTTPConnection object at 0x7ff069674450>: Failed to establish a new connection: [Errno -2] Name or service not known
elasticsearch: DEBUG: > None
urllib3.util.retry: DEBUG: Converted retries value: False -> Retry(total=False, connect=None, read=None, redirect=0, status=None)
urllib3.connectionpool: DEBUG: Starting new HTTP connection (31): elasticsearch:9200
elasticsearch: WARNING: DELETE http://elasticsearch:9200/test_cr_c97d3965-996f-4fbb-b4a7-1038423423bd [status:N/A request:0.006s]
Traceback (most recent call last):
  File "/root/.cache/pypoetry/virtualenvs/cpdbv2-backend-VA82Wl8V-py3.7/lib/python3.7/site-packages/urllib3/connection.py", line 160, in _new_conn
    (self._dns_host, self.port), self.timeout, **extra_kw
  File "/root/.cache/pypoetry/virtualenvs/cpdbv2-backend-VA82Wl8V-py3.7/lib/python3.7/site-packages/urllib3/util/connection.py", line 61, in create_connection
    for res in socket.getaddrinfo(host, port, family, socket.SOCK_STREAM):
  File "/usr/local/lib/python3.7/socket.py", line 752, in getaddrinfo
    for res in _socket.getaddrinfo(host, port, family, type, proto, flags):
socket.gaierror: [Errno -2] Name or service not known

During handling of the above exception, another exception occurred:

Traceback (most recent call last):
  File "/root/.cache/pypoetry/virtualenvs/cpdbv2-backend-VA82Wl8V-py3.7/lib/python3.7/site-packages/elasticsearch/connection/http_urllib3.py", line 115, in perform_request
    response = self.pool.urlopen(method, url, body, retries=False, headers=self.headers, **kw)
  File "/root/.cache/pypoetry/virtualenvs/cpdbv2-backend-VA82Wl8V-py3.7/lib/python3.7/site-packages/urllib3/connectionpool.py", line 727, in urlopen
    method, url, error=e, _pool=self, _stacktrace=sys.exc_info()[2]
  File "/root/.cache/pypoetry/virtualenvs/cpdbv2-backend-VA82Wl8V-py3.7/lib/python3.7/site-packages/urllib3/util/retry.py", line 386, in increment
    raise six.reraise(type(error), error, _stacktrace)
  File "/root/.cache/pypoetry/virtualenvs/cpdbv2-backend-VA82Wl8V-py3.7/lib/python3.7/site-packages/urllib3/packages/six.py", line 735, in reraise
    raise value
  File "/root/.cache/pypoetry/virtualenvs/cpdbv2-backend-VA82Wl8V-py3.7/lib/python3.7/site-packages/urllib3/connectionpool.py", line 677, in urlopen
    chunked=chunked,
  File "/root/.cache/pypoetry/virtualenvs/cpdbv2-backend-VA82Wl8V-py3.7/lib/python3.7/site-packages/urllib3/connectionpool.py", line 392, in _make_request
    conn.request(method, url, **httplib_request_kw)
  File "/usr/local/lib/python3.7/http/client.py", line 1281, in request
    self._send_request(method, url, body, headers, encode_chunked)
  File "/usr/local/lib/python3.7/http/client.py", line 1327, in _send_request
    self.endheaders(body, encode_chunked=encode_chunked)
  File "/usr/local/lib/python3.7/http/client.py", line 1276, in endheaders
    self._send_output(message_body, encode_chunked=encode_chunked)
  File "/usr/local/lib/python3.7/http/client.py", line 1036, in _send_output
    self.send(msg)
  File "/usr/local/lib/python3.7/http/client.py", line 976, in send
    self.connect()
  File "/root/.cache/pypoetry/virtualenvs/cpdbv2-backend-VA82Wl8V-py3.7/lib/python3.7/site-packages/urllib3/connection.py", line 187, in connect
    conn = self._new_conn()
  File "/root/.cache/pypoetry/virtualenvs/cpdbv2-backend-VA82Wl8V-py3.7/lib/python3.7/site-packages/urllib3/connection.py", line 172, in _new_conn
    self, "Failed to establish a new connection: %s" % e
urllib3.exceptions.NewConnectionError: <urllib3.connection.HTTPConnection object at 0x7ff0694eb490>: Failed to establish a new connection: [Errno -2] Name or service not known
elasticsearch: DEBUG: > None
urllib3.util.retry: DEBUG: Converted retries value: False -> Retry(total=False, connect=None, read=None, redirect=0, status=None)
urllib3.connectionpool: DEBUG: Starting new HTTP connection (32): elasticsearch:9200
elasticsearch: WARNING: DELETE http://elasticsearch:9200/test_cr_c97d3965-996f-4fbb-b4a7-1038423423bd [status:N/A request:0.004s]
Traceback (most recent call last):
  File "/root/.cache/pypoetry/virtualenvs/cpdbv2-backend-VA82Wl8V-py3.7/lib/python3.7/site-packages/urllib3/connection.py", line 160, in _new_conn
    (self._dns_host, self.port), self.timeout, **extra_kw
  File "/root/.cache/pypoetry/virtualenvs/cpdbv2-backend-VA82Wl8V-py3.7/lib/python3.7/site-packages/urllib3/util/connection.py", line 61, in create_connection
    for res in socket.getaddrinfo(host, port, family, socket.SOCK_STREAM):
  File "/usr/local/lib/python3.7/socket.py", line 752, in getaddrinfo
    for res in _socket.getaddrinfo(host, port, family, type, proto, flags):
socket.gaierror: [Errno -2] Name or service not known

During handling of the above exception, another exception occurred:

Traceback (most recent call last):
  File "/root/.cache/pypoetry/virtualenvs/cpdbv2-backend-VA82Wl8V-py3.7/lib/python3.7/site-packages/elasticsearch/connection/http_urllib3.py", line 115, in perform_request
    response = self.pool.urlopen(method, url, body, retries=False, headers=self.headers, **kw)
  File "/root/.cache/pypoetry/virtualenvs/cpdbv2-backend-VA82Wl8V-py3.7/lib/python3.7/site-packages/urllib3/connectionpool.py", line 727, in urlopen
    method, url, error=e, _pool=self, _stacktrace=sys.exc_info()[2]
  File "/root/.cache/pypoetry/virtualenvs/cpdbv2-backend-VA82Wl8V-py3.7/lib/python3.7/site-packages/urllib3/util/retry.py", line 386, in increment
    raise six.reraise(type(error), error, _stacktrace)
  File "/root/.cache/pypoetry/virtualenvs/cpdbv2-backend-VA82Wl8V-py3.7/lib/python3.7/site-packages/urllib3/packages/six.py", line 735, in reraise
    raise value
  File "/root/.cache/pypoetry/virtualenvs/cpdbv2-backend-VA82Wl8V-py3.7/lib/python3.7/site-packages/urllib3/connectionpool.py", line 677, in urlopen
    chunked=chunked,
  File "/root/.cache/pypoetry/virtualenvs/cpdbv2-backend-VA82Wl8V-py3.7/lib/python3.7/site-packages/urllib3/connectionpool.py", line 392, in _make_request
    conn.request(method, url, **httplib_request_kw)
  File "/usr/local/lib/python3.7/http/client.py", line 1281, in request
    self._send_request(method, url, body, headers, encode_chunked)
  File "/usr/local/lib/python3.7/http/client.py", line 1327, in _send_request
    self.endheaders(body, encode_chunked=encode_chunked)
  File "/usr/local/lib/python3.7/http/client.py", line 1276, in endheaders
    self._send_output(message_body, encode_chunked=encode_chunked)
  File "/usr/local/lib/python3.7/http/client.py", line 1036, in _send_output
    self.send(msg)
  File "/usr/local/lib/python3.7/http/client.py", line 976, in send
    self.connect()
  File "/root/.cache/pypoetry/virtualenvs/cpdbv2-backend-VA82Wl8V-py3.7/lib/python3.7/site-packages/urllib3/connection.py", line 187, in connect
    conn = self._new_conn()
  File "/root/.cache/pypoetry/virtualenvs/cpdbv2-backend-VA82Wl8V-py3.7/lib/python3.7/site-packages/urllib3/connection.py", line 172, in _new_conn
    self, "Failed to establish a new connection: %s" % e
urllib3.exceptions.NewConnectionError: <urllib3.connection.HTTPConnection object at 0x7ff0694eb610>: Failed to establish a new connection: [Errno -2] Name or service not known
elasticsearch: DEBUG: > None
--------------------- >> end captured logging << ---------------------

======================================================================
ERROR: test_request_document_without_email (cr.tests.views.test_cr_mobile_viewset.CRMobileViewSetTestCase)
----------------------------------------------------------------------
Traceback (most recent call last):
  File "/usr/src/app/cpdb/cr/tests/mixins.py", line 7, in setUp
    cr_index_alias.write_index.delete(ignore=404)
  File "/root/.cache/pypoetry/virtualenvs/cpdbv2-backend-VA82Wl8V-py3.7/lib/python3.7/site-packages/elasticsearch_dsl/index.py", line 222, in delete
    self.connection.indices.delete(index=self._name, **kwargs)
  File "/root/.cache/pypoetry/virtualenvs/cpdbv2-backend-VA82Wl8V-py3.7/lib/python3.7/site-packages/elasticsearch/client/utils.py", line 73, in _wrapped
    return func(*args, params=params, **kwargs)
  File "/root/.cache/pypoetry/virtualenvs/cpdbv2-backend-VA82Wl8V-py3.7/lib/python3.7/site-packages/elasticsearch/client/indices.py", line 200, in delete
    params=params)
  File "/root/.cache/pypoetry/virtualenvs/cpdbv2-backend-VA82Wl8V-py3.7/lib/python3.7/site-packages/elasticsearch/transport.py", line 312, in perform_request
    status, headers, data = connection.perform_request(method, url, params, body, ignore=ignore, timeout=timeout)
  File "/root/.cache/pypoetry/virtualenvs/cpdbv2-backend-VA82Wl8V-py3.7/lib/python3.7/site-packages/elasticsearch/connection/http_urllib3.py", line 124, in perform_request
    raise ConnectionError('N/A', str(e), e)
elasticsearch.exceptions.ConnectionError: ConnectionError(<urllib3.connection.HTTPConnection object at 0x7ff0694cc190>: Failed to establish a new connection: [Errno -2] Name or service not known) caused by: NewConnectionError(<urllib3.connection.HTTPConnection object at 0x7ff0694cc190>: Failed to establish a new connection: [Errno -2] Name or service not known)
-------------------- >> begin captured logging << --------------------
urllib3.util.retry: DEBUG: Converted retries value: False -> Retry(total=False, connect=None, read=None, redirect=0, status=None)
urllib3.connectionpool: DEBUG: Starting new HTTP connection (33): elasticsearch:9200
elasticsearch: WARNING: DELETE http://elasticsearch:9200/test_cr_c97d3965-996f-4fbb-b4a7-1038423423bd [status:N/A request:0.006s]
Traceback (most recent call last):
  File "/root/.cache/pypoetry/virtualenvs/cpdbv2-backend-VA82Wl8V-py3.7/lib/python3.7/site-packages/urllib3/connection.py", line 160, in _new_conn
    (self._dns_host, self.port), self.timeout, **extra_kw
  File "/root/.cache/pypoetry/virtualenvs/cpdbv2-backend-VA82Wl8V-py3.7/lib/python3.7/site-packages/urllib3/util/connection.py", line 61, in create_connection
    for res in socket.getaddrinfo(host, port, family, socket.SOCK_STREAM):
  File "/usr/local/lib/python3.7/socket.py", line 752, in getaddrinfo
    for res in _socket.getaddrinfo(host, port, family, type, proto, flags):
socket.gaierror: [Errno -2] Name or service not known

During handling of the above exception, another exception occurred:

Traceback (most recent call last):
  File "/root/.cache/pypoetry/virtualenvs/cpdbv2-backend-VA82Wl8V-py3.7/lib/python3.7/site-packages/elasticsearch/connection/http_urllib3.py", line 115, in perform_request
    response = self.pool.urlopen(method, url, body, retries=False, headers=self.headers, **kw)
  File "/root/.cache/pypoetry/virtualenvs/cpdbv2-backend-VA82Wl8V-py3.7/lib/python3.7/site-packages/urllib3/connectionpool.py", line 727, in urlopen
    method, url, error=e, _pool=self, _stacktrace=sys.exc_info()[2]
  File "/root/.cache/pypoetry/virtualenvs/cpdbv2-backend-VA82Wl8V-py3.7/lib/python3.7/site-packages/urllib3/util/retry.py", line 386, in increment
    raise six.reraise(type(error), error, _stacktrace)
  File "/root/.cache/pypoetry/virtualenvs/cpdbv2-backend-VA82Wl8V-py3.7/lib/python3.7/site-packages/urllib3/packages/six.py", line 735, in reraise
    raise value
  File "/root/.cache/pypoetry/virtualenvs/cpdbv2-backend-VA82Wl8V-py3.7/lib/python3.7/site-packages/urllib3/connectionpool.py", line 677, in urlopen
    chunked=chunked,
  File "/root/.cache/pypoetry/virtualenvs/cpdbv2-backend-VA82Wl8V-py3.7/lib/python3.7/site-packages/urllib3/connectionpool.py", line 392, in _make_request
    conn.request(method, url, **httplib_request_kw)
  File "/usr/local/lib/python3.7/http/client.py", line 1281, in request
    self._send_request(method, url, body, headers, encode_chunked)
  File "/usr/local/lib/python3.7/http/client.py", line 1327, in _send_request
    self.endheaders(body, encode_chunked=encode_chunked)
  File "/usr/local/lib/python3.7/http/client.py", line 1276, in endheaders
    self._send_output(message_body, encode_chunked=encode_chunked)
  File "/usr/local/lib/python3.7/http/client.py", line 1036, in _send_output
    self.send(msg)
  File "/usr/local/lib/python3.7/http/client.py", line 976, in send
    self.connect()
  File "/root/.cache/pypoetry/virtualenvs/cpdbv2-backend-VA82Wl8V-py3.7/lib/python3.7/site-packages/urllib3/connection.py", line 187, in connect
    conn = self._new_conn()
  File "/root/.cache/pypoetry/virtualenvs/cpdbv2-backend-VA82Wl8V-py3.7/lib/python3.7/site-packages/urllib3/connection.py", line 172, in _new_conn
    self, "Failed to establish a new connection: %s" % e
urllib3.exceptions.NewConnectionError: <urllib3.connection.HTTPConnection object at 0x7ff0694eb3d0>: Failed to establish a new connection: [Errno -2] Name or service not known
elasticsearch: DEBUG: > None
urllib3.util.retry: DEBUG: Converted retries value: False -> Retry(total=False, connect=None, read=None, redirect=0, status=None)
urllib3.connectionpool: DEBUG: Starting new HTTP connection (34): elasticsearch:9200
elasticsearch: WARNING: DELETE http://elasticsearch:9200/test_cr_c97d3965-996f-4fbb-b4a7-1038423423bd [status:N/A request:0.006s]
Traceback (most recent call last):
  File "/root/.cache/pypoetry/virtualenvs/cpdbv2-backend-VA82Wl8V-py3.7/lib/python3.7/site-packages/urllib3/connection.py", line 160, in _new_conn
    (self._dns_host, self.port), self.timeout, **extra_kw
  File "/root/.cache/pypoetry/virtualenvs/cpdbv2-backend-VA82Wl8V-py3.7/lib/python3.7/site-packages/urllib3/util/connection.py", line 61, in create_connection
    for res in socket.getaddrinfo(host, port, family, socket.SOCK_STREAM):
  File "/usr/local/lib/python3.7/socket.py", line 752, in getaddrinfo
    for res in _socket.getaddrinfo(host, port, family, type, proto, flags):
socket.gaierror: [Errno -2] Name or service not known

During handling of the above exception, another exception occurred:

Traceback (most recent call last):
  File "/root/.cache/pypoetry/virtualenvs/cpdbv2-backend-VA82Wl8V-py3.7/lib/python3.7/site-packages/elasticsearch/connection/http_urllib3.py", line 115, in perform_request
    response = self.pool.urlopen(method, url, body, retries=False, headers=self.headers, **kw)
  File "/root/.cache/pypoetry/virtualenvs/cpdbv2-backend-VA82Wl8V-py3.7/lib/python3.7/site-packages/urllib3/connectionpool.py", line 727, in urlopen
    method, url, error=e, _pool=self, _stacktrace=sys.exc_info()[2]
  File "/root/.cache/pypoetry/virtualenvs/cpdbv2-backend-VA82Wl8V-py3.7/lib/python3.7/site-packages/urllib3/util/retry.py", line 386, in increment
    raise six.reraise(type(error), error, _stacktrace)
  File "/root/.cache/pypoetry/virtualenvs/cpdbv2-backend-VA82Wl8V-py3.7/lib/python3.7/site-packages/urllib3/packages/six.py", line 735, in reraise
    raise value
  File "/root/.cache/pypoetry/virtualenvs/cpdbv2-backend-VA82Wl8V-py3.7/lib/python3.7/site-packages/urllib3/connectionpool.py", line 677, in urlopen
    chunked=chunked,
  File "/root/.cache/pypoetry/virtualenvs/cpdbv2-backend-VA82Wl8V-py3.7/lib/python3.7/site-packages/urllib3/connectionpool.py", line 392, in _make_request
    conn.request(method, url, **httplib_request_kw)
  File "/usr/local/lib/python3.7/http/client.py", line 1281, in request
    self._send_request(method, url, body, headers, encode_chunked)
  File "/usr/local/lib/python3.7/http/client.py", line 1327, in _send_request
    self.endheaders(body, encode_chunked=encode_chunked)
  File "/usr/local/lib/python3.7/http/client.py", line 1276, in endheaders
    self._send_output(message_body, encode_chunked=encode_chunked)
  File "/usr/local/lib/python3.7/http/client.py", line 1036, in _send_output
    self.send(msg)
  File "/usr/local/lib/python3.7/http/client.py", line 976, in send
    self.connect()
  File "/root/.cache/pypoetry/virtualenvs/cpdbv2-backend-VA82Wl8V-py3.7/lib/python3.7/site-packages/urllib3/connection.py", line 187, in connect
    conn = self._new_conn()
  File "/root/.cache/pypoetry/virtualenvs/cpdbv2-backend-VA82Wl8V-py3.7/lib/python3.7/site-packages/urllib3/connection.py", line 172, in _new_conn
    self, "Failed to establish a new connection: %s" % e
urllib3.exceptions.NewConnectionError: <urllib3.connection.HTTPConnection object at 0x7ff0694eb590>: Failed to establish a new connection: [Errno -2] Name or service not known
elasticsearch: DEBUG: > None
urllib3.util.retry: DEBUG: Converted retries value: False -> Retry(total=False, connect=None, read=None, redirect=0, status=None)
urllib3.connectionpool: DEBUG: Starting new HTTP connection (35): elasticsearch:9200
elasticsearch: WARNING: DELETE http://elasticsearch:9200/test_cr_c97d3965-996f-4fbb-b4a7-1038423423bd [status:N/A request:0.006s]
Traceback (most recent call last):
  File "/root/.cache/pypoetry/virtualenvs/cpdbv2-backend-VA82Wl8V-py3.7/lib/python3.7/site-packages/urllib3/connection.py", line 160, in _new_conn
    (self._dns_host, self.port), self.timeout, **extra_kw
  File "/root/.cache/pypoetry/virtualenvs/cpdbv2-backend-VA82Wl8V-py3.7/lib/python3.7/site-packages/urllib3/util/connection.py", line 61, in create_connection
    for res in socket.getaddrinfo(host, port, family, socket.SOCK_STREAM):
  File "/usr/local/lib/python3.7/socket.py", line 752, in getaddrinfo
    for res in _socket.getaddrinfo(host, port, family, type, proto, flags):
socket.gaierror: [Errno -2] Name or service not known

During handling of the above exception, another exception occurred:

Traceback (most recent call last):
  File "/root/.cache/pypoetry/virtualenvs/cpdbv2-backend-VA82Wl8V-py3.7/lib/python3.7/site-packages/elasticsearch/connection/http_urllib3.py", line 115, in perform_request
    response = self.pool.urlopen(method, url, body, retries=False, headers=self.headers, **kw)
  File "/root/.cache/pypoetry/virtualenvs/cpdbv2-backend-VA82Wl8V-py3.7/lib/python3.7/site-packages/urllib3/connectionpool.py", line 727, in urlopen
    method, url, error=e, _pool=self, _stacktrace=sys.exc_info()[2]
  File "/root/.cache/pypoetry/virtualenvs/cpdbv2-backend-VA82Wl8V-py3.7/lib/python3.7/site-packages/urllib3/util/retry.py", line 386, in increment
    raise six.reraise(type(error), error, _stacktrace)
  File "/root/.cache/pypoetry/virtualenvs/cpdbv2-backend-VA82Wl8V-py3.7/lib/python3.7/site-packages/urllib3/packages/six.py", line 735, in reraise
    raise value
  File "/root/.cache/pypoetry/virtualenvs/cpdbv2-backend-VA82Wl8V-py3.7/lib/python3.7/site-packages/urllib3/connectionpool.py", line 677, in urlopen
    chunked=chunked,
  File "/root/.cache/pypoetry/virtualenvs/cpdbv2-backend-VA82Wl8V-py3.7/lib/python3.7/site-packages/urllib3/connectionpool.py", line 392, in _make_request
    conn.request(method, url, **httplib_request_kw)
  File "/usr/local/lib/python3.7/http/client.py", line 1281, in request
    self._send_request(method, url, body, headers, encode_chunked)
  File "/usr/local/lib/python3.7/http/client.py", line 1327, in _send_request
    self.endheaders(body, encode_chunked=encode_chunked)
  File "/usr/local/lib/python3.7/http/client.py", line 1276, in endheaders
    self._send_output(message_body, encode_chunked=encode_chunked)
  File "/usr/local/lib/python3.7/http/client.py", line 1036, in _send_output
    self.send(msg)
  File "/usr/local/lib/python3.7/http/client.py", line 976, in send
    self.connect()
  File "/root/.cache/pypoetry/virtualenvs/cpdbv2-backend-VA82Wl8V-py3.7/lib/python3.7/site-packages/urllib3/connection.py", line 187, in connect
    conn = self._new_conn()
  File "/root/.cache/pypoetry/virtualenvs/cpdbv2-backend-VA82Wl8V-py3.7/lib/python3.7/site-packages/urllib3/connection.py", line 172, in _new_conn
    self, "Failed to establish a new connection: %s" % e
urllib3.exceptions.NewConnectionError: <urllib3.connection.HTTPConnection object at 0x7ff0694ebe90>: Failed to establish a new connection: [Errno -2] Name or service not known
elasticsearch: DEBUG: > None
urllib3.util.retry: DEBUG: Converted retries value: False -> Retry(total=False, connect=None, read=None, redirect=0, status=None)
urllib3.connectionpool: DEBUG: Starting new HTTP connection (36): elasticsearch:9200
elasticsearch: WARNING: DELETE http://elasticsearch:9200/test_cr_c97d3965-996f-4fbb-b4a7-1038423423bd [status:N/A request:0.005s]
Traceback (most recent call last):
  File "/root/.cache/pypoetry/virtualenvs/cpdbv2-backend-VA82Wl8V-py3.7/lib/python3.7/site-packages/urllib3/connection.py", line 160, in _new_conn
    (self._dns_host, self.port), self.timeout, **extra_kw
  File "/root/.cache/pypoetry/virtualenvs/cpdbv2-backend-VA82Wl8V-py3.7/lib/python3.7/site-packages/urllib3/util/connection.py", line 61, in create_connection
    for res in socket.getaddrinfo(host, port, family, socket.SOCK_STREAM):
  File "/usr/local/lib/python3.7/socket.py", line 752, in getaddrinfo
    for res in _socket.getaddrinfo(host, port, family, type, proto, flags):
socket.gaierror: [Errno -2] Name or service not known

During handling of the above exception, another exception occurred:

Traceback (most recent call last):
  File "/root/.cache/pypoetry/virtualenvs/cpdbv2-backend-VA82Wl8V-py3.7/lib/python3.7/site-packages/elasticsearch/connection/http_urllib3.py", line 115, in perform_request
    response = self.pool.urlopen(method, url, body, retries=False, headers=self.headers, **kw)
  File "/root/.cache/pypoetry/virtualenvs/cpdbv2-backend-VA82Wl8V-py3.7/lib/python3.7/site-packages/urllib3/connectionpool.py", line 727, in urlopen
    method, url, error=e, _pool=self, _stacktrace=sys.exc_info()[2]
  File "/root/.cache/pypoetry/virtualenvs/cpdbv2-backend-VA82Wl8V-py3.7/lib/python3.7/site-packages/urllib3/util/retry.py", line 386, in increment
    raise six.reraise(type(error), error, _stacktrace)
  File "/root/.cache/pypoetry/virtualenvs/cpdbv2-backend-VA82Wl8V-py3.7/lib/python3.7/site-packages/urllib3/packages/six.py", line 735, in reraise
    raise value
  File "/root/.cache/pypoetry/virtualenvs/cpdbv2-backend-VA82Wl8V-py3.7/lib/python3.7/site-packages/urllib3/connectionpool.py", line 677, in urlopen
    chunked=chunked,
  File "/root/.cache/pypoetry/virtualenvs/cpdbv2-backend-VA82Wl8V-py3.7/lib/python3.7/site-packages/urllib3/connectionpool.py", line 392, in _make_request
    conn.request(method, url, **httplib_request_kw)
  File "/usr/local/lib/python3.7/http/client.py", line 1281, in request
    self._send_request(method, url, body, headers, encode_chunked)
  File "/usr/local/lib/python3.7/http/client.py", line 1327, in _send_request
    self.endheaders(body, encode_chunked=encode_chunked)
  File "/usr/local/lib/python3.7/http/client.py", line 1276, in endheaders
    self._send_output(message_body, encode_chunked=encode_chunked)
  File "/usr/local/lib/python3.7/http/client.py", line 1036, in _send_output
    self.send(msg)
  File "/usr/local/lib/python3.7/http/client.py", line 976, in send
    self.connect()
  File "/root/.cache/pypoetry/virtualenvs/cpdbv2-backend-VA82Wl8V-py3.7/lib/python3.7/site-packages/urllib3/connection.py", line 187, in connect
    conn = self._new_conn()
  File "/root/.cache/pypoetry/virtualenvs/cpdbv2-backend-VA82Wl8V-py3.7/lib/python3.7/site-packages/urllib3/connection.py", line 172, in _new_conn
    self, "Failed to establish a new connection: %s" % e
urllib3.exceptions.NewConnectionError: <urllib3.connection.HTTPConnection object at 0x7ff0694cc190>: Failed to establish a new connection: [Errno -2] Name or service not known
elasticsearch: DEBUG: > None
--------------------- >> end captured logging << ---------------------

======================================================================
ERROR: test_request_same_document_twice (cr.tests.views.test_cr_mobile_viewset.CRMobileViewSetTestCase)
----------------------------------------------------------------------
Traceback (most recent call last):
  File "/usr/src/app/cpdb/cr/tests/mixins.py", line 7, in setUp
    cr_index_alias.write_index.delete(ignore=404)
  File "/root/.cache/pypoetry/virtualenvs/cpdbv2-backend-VA82Wl8V-py3.7/lib/python3.7/site-packages/elasticsearch_dsl/index.py", line 222, in delete
    self.connection.indices.delete(index=self._name, **kwargs)
  File "/root/.cache/pypoetry/virtualenvs/cpdbv2-backend-VA82Wl8V-py3.7/lib/python3.7/site-packages/elasticsearch/client/utils.py", line 73, in _wrapped
    return func(*args, params=params, **kwargs)
  File "/root/.cache/pypoetry/virtualenvs/cpdbv2-backend-VA82Wl8V-py3.7/lib/python3.7/site-packages/elasticsearch/client/indices.py", line 200, in delete
    params=params)
  File "/root/.cache/pypoetry/virtualenvs/cpdbv2-backend-VA82Wl8V-py3.7/lib/python3.7/site-packages/elasticsearch/transport.py", line 312, in perform_request
    status, headers, data = connection.perform_request(method, url, params, body, ignore=ignore, timeout=timeout)
  File "/root/.cache/pypoetry/virtualenvs/cpdbv2-backend-VA82Wl8V-py3.7/lib/python3.7/site-packages/elasticsearch/connection/http_urllib3.py", line 124, in perform_request
    raise ConnectionError('N/A', str(e), e)
elasticsearch.exceptions.ConnectionError: ConnectionError(<urllib3.connection.HTTPConnection object at 0x7ff0694ccdd0>: Failed to establish a new connection: [Errno -2] Name or service not known) caused by: NewConnectionError(<urllib3.connection.HTTPConnection object at 0x7ff0694ccdd0>: Failed to establish a new connection: [Errno -2] Name or service not known)
-------------------- >> begin captured logging << --------------------
urllib3.util.retry: DEBUG: Converted retries value: False -> Retry(total=False, connect=None, read=None, redirect=0, status=None)
urllib3.connectionpool: DEBUG: Starting new HTTP connection (37): elasticsearch:9200
elasticsearch: WARNING: DELETE http://elasticsearch:9200/test_cr_c97d3965-996f-4fbb-b4a7-1038423423bd [status:N/A request:0.005s]
Traceback (most recent call last):
  File "/root/.cache/pypoetry/virtualenvs/cpdbv2-backend-VA82Wl8V-py3.7/lib/python3.7/site-packages/urllib3/connection.py", line 160, in _new_conn
    (self._dns_host, self.port), self.timeout, **extra_kw
  File "/root/.cache/pypoetry/virtualenvs/cpdbv2-backend-VA82Wl8V-py3.7/lib/python3.7/site-packages/urllib3/util/connection.py", line 61, in create_connection
    for res in socket.getaddrinfo(host, port, family, socket.SOCK_STREAM):
  File "/usr/local/lib/python3.7/socket.py", line 752, in getaddrinfo
    for res in _socket.getaddrinfo(host, port, family, type, proto, flags):
socket.gaierror: [Errno -2] Name or service not known

During handling of the above exception, another exception occurred:

Traceback (most recent call last):
  File "/root/.cache/pypoetry/virtualenvs/cpdbv2-backend-VA82Wl8V-py3.7/lib/python3.7/site-packages/elasticsearch/connection/http_urllib3.py", line 115, in perform_request
    response = self.pool.urlopen(method, url, body, retries=False, headers=self.headers, **kw)
  File "/root/.cache/pypoetry/virtualenvs/cpdbv2-backend-VA82Wl8V-py3.7/lib/python3.7/site-packages/urllib3/connectionpool.py", line 727, in urlopen
    method, url, error=e, _pool=self, _stacktrace=sys.exc_info()[2]
  File "/root/.cache/pypoetry/virtualenvs/cpdbv2-backend-VA82Wl8V-py3.7/lib/python3.7/site-packages/urllib3/util/retry.py", line 386, in increment
    raise six.reraise(type(error), error, _stacktrace)
  File "/root/.cache/pypoetry/virtualenvs/cpdbv2-backend-VA82Wl8V-py3.7/lib/python3.7/site-packages/urllib3/packages/six.py", line 735, in reraise
    raise value
  File "/root/.cache/pypoetry/virtualenvs/cpdbv2-backend-VA82Wl8V-py3.7/lib/python3.7/site-packages/urllib3/connectionpool.py", line 677, in urlopen
    chunked=chunked,
  File "/root/.cache/pypoetry/virtualenvs/cpdbv2-backend-VA82Wl8V-py3.7/lib/python3.7/site-packages/urllib3/connectionpool.py", line 392, in _make_request
    conn.request(method, url, **httplib_request_kw)
  File "/usr/local/lib/python3.7/http/client.py", line 1281, in request
    self._send_request(method, url, body, headers, encode_chunked)
  File "/usr/local/lib/python3.7/http/client.py", line 1327, in _send_request
    self.endheaders(body, encode_chunked=encode_chunked)
  File "/usr/local/lib/python3.7/http/client.py", line 1276, in endheaders
    self._send_output(message_body, encode_chunked=encode_chunked)
  File "/usr/local/lib/python3.7/http/client.py", line 1036, in _send_output
    self.send(msg)
  File "/usr/local/lib/python3.7/http/client.py", line 976, in send
    self.connect()
  File "/root/.cache/pypoetry/virtualenvs/cpdbv2-backend-VA82Wl8V-py3.7/lib/python3.7/site-packages/urllib3/connection.py", line 187, in connect
    conn = self._new_conn()
  File "/root/.cache/pypoetry/virtualenvs/cpdbv2-backend-VA82Wl8V-py3.7/lib/python3.7/site-packages/urllib3/connection.py", line 172, in _new_conn
    self, "Failed to establish a new connection: %s" % e
urllib3.exceptions.NewConnectionError: <urllib3.connection.HTTPConnection object at 0x7ff0694cc610>: Failed to establish a new connection: [Errno -2] Name or service not known
elasticsearch: DEBUG: > None
urllib3.util.retry: DEBUG: Converted retries value: False -> Retry(total=False, connect=None, read=None, redirect=0, status=None)
urllib3.connectionpool: DEBUG: Starting new HTTP connection (38): elasticsearch:9200
elasticsearch: WARNING: DELETE http://elasticsearch:9200/test_cr_c97d3965-996f-4fbb-b4a7-1038423423bd [status:N/A request:0.004s]
Traceback (most recent call last):
  File "/root/.cache/pypoetry/virtualenvs/cpdbv2-backend-VA82Wl8V-py3.7/lib/python3.7/site-packages/urllib3/connection.py", line 160, in _new_conn
    (self._dns_host, self.port), self.timeout, **extra_kw
  File "/root/.cache/pypoetry/virtualenvs/cpdbv2-backend-VA82Wl8V-py3.7/lib/python3.7/site-packages/urllib3/util/connection.py", line 61, in create_connection
    for res in socket.getaddrinfo(host, port, family, socket.SOCK_STREAM):
  File "/usr/local/lib/python3.7/socket.py", line 752, in getaddrinfo
    for res in _socket.getaddrinfo(host, port, family, type, proto, flags):
socket.gaierror: [Errno -2] Name or service not known

During handling of the above exception, another exception occurred:

Traceback (most recent call last):
  File "/root/.cache/pypoetry/virtualenvs/cpdbv2-backend-VA82Wl8V-py3.7/lib/python3.7/site-packages/elasticsearch/connection/http_urllib3.py", line 115, in perform_request
    response = self.pool.urlopen(method, url, body, retries=False, headers=self.headers, **kw)
  File "/root/.cache/pypoetry/virtualenvs/cpdbv2-backend-VA82Wl8V-py3.7/lib/python3.7/site-packages/urllib3/connectionpool.py", line 727, in urlopen
    method, url, error=e, _pool=self, _stacktrace=sys.exc_info()[2]
  File "/root/.cache/pypoetry/virtualenvs/cpdbv2-backend-VA82Wl8V-py3.7/lib/python3.7/site-packages/urllib3/util/retry.py", line 386, in increment
    raise six.reraise(type(error), error, _stacktrace)
  File "/root/.cache/pypoetry/virtualenvs/cpdbv2-backend-VA82Wl8V-py3.7/lib/python3.7/site-packages/urllib3/packages/six.py", line 735, in reraise
    raise value
  File "/root/.cache/pypoetry/virtualenvs/cpdbv2-backend-VA82Wl8V-py3.7/lib/python3.7/site-packages/urllib3/connectionpool.py", line 677, in urlopen
    chunked=chunked,
  File "/root/.cache/pypoetry/virtualenvs/cpdbv2-backend-VA82Wl8V-py3.7/lib/python3.7/site-packages/urllib3/connectionpool.py", line 392, in _make_request
    conn.request(method, url, **httplib_request_kw)
  File "/usr/local/lib/python3.7/http/client.py", line 1281, in request
    self._send_request(method, url, body, headers, encode_chunked)
  File "/usr/local/lib/python3.7/http/client.py", line 1327, in _send_request
    self.endheaders(body, encode_chunked=encode_chunked)
  File "/usr/local/lib/python3.7/http/client.py", line 1276, in endheaders
    self._send_output(message_body, encode_chunked=encode_chunked)
  File "/usr/local/lib/python3.7/http/client.py", line 1036, in _send_output
    self.send(msg)
  File "/usr/local/lib/python3.7/http/client.py", line 976, in send
    self.connect()
  File "/root/.cache/pypoetry/virtualenvs/cpdbv2-backend-VA82Wl8V-py3.7/lib/python3.7/site-packages/urllib3/connection.py", line 187, in connect
    conn = self._new_conn()
  File "/root/.cache/pypoetry/virtualenvs/cpdbv2-backend-VA82Wl8V-py3.7/lib/python3.7/site-packages/urllib3/connection.py", line 172, in _new_conn
    self, "Failed to establish a new connection: %s" % e
urllib3.exceptions.NewConnectionError: <urllib3.connection.HTTPConnection object at 0x7ff0694ccc50>: Failed to establish a new connection: [Errno -2] Name or service not known
elasticsearch: DEBUG: > None
urllib3.util.retry: DEBUG: Converted retries value: False -> Retry(total=False, connect=None, read=None, redirect=0, status=None)
urllib3.connectionpool: DEBUG: Starting new HTTP connection (39): elasticsearch:9200
elasticsearch: WARNING: DELETE http://elasticsearch:9200/test_cr_c97d3965-996f-4fbb-b4a7-1038423423bd [status:N/A request:0.005s]
Traceback (most recent call last):
  File "/root/.cache/pypoetry/virtualenvs/cpdbv2-backend-VA82Wl8V-py3.7/lib/python3.7/site-packages/urllib3/connection.py", line 160, in _new_conn
    (self._dns_host, self.port), self.timeout, **extra_kw
  File "/root/.cache/pypoetry/virtualenvs/cpdbv2-backend-VA82Wl8V-py3.7/lib/python3.7/site-packages/urllib3/util/connection.py", line 61, in create_connection
    for res in socket.getaddrinfo(host, port, family, socket.SOCK_STREAM):
  File "/usr/local/lib/python3.7/socket.py", line 752, in getaddrinfo
    for res in _socket.getaddrinfo(host, port, family, type, proto, flags):
socket.gaierror: [Errno -2] Name or service not known

During handling of the above exception, another exception occurred:

Traceback (most recent call last):
  File "/root/.cache/pypoetry/virtualenvs/cpdbv2-backend-VA82Wl8V-py3.7/lib/python3.7/site-packages/elasticsearch/connection/http_urllib3.py", line 115, in perform_request
    response = self.pool.urlopen(method, url, body, retries=False, headers=self.headers, **kw)
  File "/root/.cache/pypoetry/virtualenvs/cpdbv2-backend-VA82Wl8V-py3.7/lib/python3.7/site-packages/urllib3/connectionpool.py", line 727, in urlopen
    method, url, error=e, _pool=self, _stacktrace=sys.exc_info()[2]
  File "/root/.cache/pypoetry/virtualenvs/cpdbv2-backend-VA82Wl8V-py3.7/lib/python3.7/site-packages/urllib3/util/retry.py", line 386, in increment
    raise six.reraise(type(error), error, _stacktrace)
  File "/root/.cache/pypoetry/virtualenvs/cpdbv2-backend-VA82Wl8V-py3.7/lib/python3.7/site-packages/urllib3/packages/six.py", line 735, in reraise
    raise value
  File "/root/.cache/pypoetry/virtualenvs/cpdbv2-backend-VA82Wl8V-py3.7/lib/python3.7/site-packages/urllib3/connectionpool.py", line 677, in urlopen
    chunked=chunked,
  File "/root/.cache/pypoetry/virtualenvs/cpdbv2-backend-VA82Wl8V-py3.7/lib/python3.7/site-packages/urllib3/connectionpool.py", line 392, in _make_request
    conn.request(method, url, **httplib_request_kw)
  File "/usr/local/lib/python3.7/http/client.py", line 1281, in request
    self._send_request(method, url, body, headers, encode_chunked)
  File "/usr/local/lib/python3.7/http/client.py", line 1327, in _send_request
    self.endheaders(body, encode_chunked=encode_chunked)
  File "/usr/local/lib/python3.7/http/client.py", line 1276, in endheaders
    self._send_output(message_body, encode_chunked=encode_chunked)
  File "/usr/local/lib/python3.7/http/client.py", line 1036, in _send_output
    self.send(msg)
  File "/usr/local/lib/python3.7/http/client.py", line 976, in send
    self.connect()
  File "/root/.cache/pypoetry/virtualenvs/cpdbv2-backend-VA82Wl8V-py3.7/lib/python3.7/site-packages/urllib3/connection.py", line 187, in connect
    conn = self._new_conn()
  File "/root/.cache/pypoetry/virtualenvs/cpdbv2-backend-VA82Wl8V-py3.7/lib/python3.7/site-packages/urllib3/connection.py", line 172, in _new_conn
    self, "Failed to establish a new connection: %s" % e
urllib3.exceptions.NewConnectionError: <urllib3.connection.HTTPConnection object at 0x7ff0694ccad0>: Failed to establish a new connection: [Errno -2] Name or service not known
elasticsearch: DEBUG: > None
urllib3.util.retry: DEBUG: Converted retries value: False -> Retry(total=False, connect=None, read=None, redirect=0, status=None)
urllib3.connectionpool: DEBUG: Starting new HTTP connection (40): elasticsearch:9200
elasticsearch: WARNING: DELETE http://elasticsearch:9200/test_cr_c97d3965-996f-4fbb-b4a7-1038423423bd [status:N/A request:0.004s]
Traceback (most recent call last):
  File "/root/.cache/pypoetry/virtualenvs/cpdbv2-backend-VA82Wl8V-py3.7/lib/python3.7/site-packages/urllib3/connection.py", line 160, in _new_conn
    (self._dns_host, self.port), self.timeout, **extra_kw
  File "/root/.cache/pypoetry/virtualenvs/cpdbv2-backend-VA82Wl8V-py3.7/lib/python3.7/site-packages/urllib3/util/connection.py", line 61, in create_connection
    for res in socket.getaddrinfo(host, port, family, socket.SOCK_STREAM):
  File "/usr/local/lib/python3.7/socket.py", line 752, in getaddrinfo
    for res in _socket.getaddrinfo(host, port, family, type, proto, flags):
socket.gaierror: [Errno -2] Name or service not known

During handling of the above exception, another exception occurred:

Traceback (most recent call last):
  File "/root/.cache/pypoetry/virtualenvs/cpdbv2-backend-VA82Wl8V-py3.7/lib/python3.7/site-packages/elasticsearch/connection/http_urllib3.py", line 115, in perform_request
    response = self.pool.urlopen(method, url, body, retries=False, headers=self.headers, **kw)
  File "/root/.cache/pypoetry/virtualenvs/cpdbv2-backend-VA82Wl8V-py3.7/lib/python3.7/site-packages/urllib3/connectionpool.py", line 727, in urlopen
    method, url, error=e, _pool=self, _stacktrace=sys.exc_info()[2]
  File "/root/.cache/pypoetry/virtualenvs/cpdbv2-backend-VA82Wl8V-py3.7/lib/python3.7/site-packages/urllib3/util/retry.py", line 386, in increment
    raise six.reraise(type(error), error, _stacktrace)
  File "/root/.cache/pypoetry/virtualenvs/cpdbv2-backend-VA82Wl8V-py3.7/lib/python3.7/site-packages/urllib3/packages/six.py", line 735, in reraise
    raise value
  File "/root/.cache/pypoetry/virtualenvs/cpdbv2-backend-VA82Wl8V-py3.7/lib/python3.7/site-packages/urllib3/connectionpool.py", line 677, in urlopen
    chunked=chunked,
  File "/root/.cache/pypoetry/virtualenvs/cpdbv2-backend-VA82Wl8V-py3.7/lib/python3.7/site-packages/urllib3/connectionpool.py", line 392, in _make_request
    conn.request(method, url, **httplib_request_kw)
  File "/usr/local/lib/python3.7/http/client.py", line 1281, in request
    self._send_request(method, url, body, headers, encode_chunked)
  File "/usr/local/lib/python3.7/http/client.py", line 1327, in _send_request
    self.endheaders(body, encode_chunked=encode_chunked)
  File "/usr/local/lib/python3.7/http/client.py", line 1276, in endheaders
    self._send_output(message_body, encode_chunked=encode_chunked)
  File "/usr/local/lib/python3.7/http/client.py", line 1036, in _send_output
    self.send(msg)
  File "/usr/local/lib/python3.7/http/client.py", line 976, in send
    self.connect()
  File "/root/.cache/pypoetry/virtualenvs/cpdbv2-backend-VA82Wl8V-py3.7/lib/python3.7/site-packages/urllib3/connection.py", line 187, in connect
    conn = self._new_conn()
  File "/root/.cache/pypoetry/virtualenvs/cpdbv2-backend-VA82Wl8V-py3.7/lib/python3.7/site-packages/urllib3/connection.py", line 172, in _new_conn
    self, "Failed to establish a new connection: %s" % e
urllib3.exceptions.NewConnectionError: <urllib3.connection.HTTPConnection object at 0x7ff0694ccdd0>: Failed to establish a new connection: [Errno -2] Name or service not known
elasticsearch: DEBUG: > None
--------------------- >> end captured logging << ---------------------

======================================================================
ERROR: test_retrieve (cr.tests.views.test_cr_mobile_viewset.CRMobileViewSetTestCase)
----------------------------------------------------------------------
Traceback (most recent call last):
  File "/usr/src/app/cpdb/cr/tests/mixins.py", line 7, in setUp
    cr_index_alias.write_index.delete(ignore=404)
  File "/root/.cache/pypoetry/virtualenvs/cpdbv2-backend-VA82Wl8V-py3.7/lib/python3.7/site-packages/elasticsearch_dsl/index.py", line 222, in delete
    self.connection.indices.delete(index=self._name, **kwargs)
  File "/root/.cache/pypoetry/virtualenvs/cpdbv2-backend-VA82Wl8V-py3.7/lib/python3.7/site-packages/elasticsearch/client/utils.py", line 73, in _wrapped
    return func(*args, params=params, **kwargs)
  File "/root/.cache/pypoetry/virtualenvs/cpdbv2-backend-VA82Wl8V-py3.7/lib/python3.7/site-packages/elasticsearch/client/indices.py", line 200, in delete
    params=params)
  File "/root/.cache/pypoetry/virtualenvs/cpdbv2-backend-VA82Wl8V-py3.7/lib/python3.7/site-packages/elasticsearch/transport.py", line 312, in perform_request
    status, headers, data = connection.perform_request(method, url, params, body, ignore=ignore, timeout=timeout)
  File "/root/.cache/pypoetry/virtualenvs/cpdbv2-backend-VA82Wl8V-py3.7/lib/python3.7/site-packages/elasticsearch/connection/http_urllib3.py", line 124, in perform_request
    raise ConnectionError('N/A', str(e), e)
elasticsearch.exceptions.ConnectionError: ConnectionError(<urllib3.connection.HTTPConnection object at 0x7ff0694d1a50>: Failed to establish a new connection: [Errno -2] Name or service not known) caused by: NewConnectionError(<urllib3.connection.HTTPConnection object at 0x7ff0694d1a50>: Failed to establish a new connection: [Errno -2] Name or service not known)
-------------------- >> begin captured logging << --------------------
urllib3.util.retry: DEBUG: Converted retries value: False -> Retry(total=False, connect=None, read=None, redirect=0, status=None)
urllib3.connectionpool: DEBUG: Starting new HTTP connection (41): elasticsearch:9200
elasticsearch: WARNING: DELETE http://elasticsearch:9200/test_cr_c97d3965-996f-4fbb-b4a7-1038423423bd [status:N/A request:0.006s]
Traceback (most recent call last):
  File "/root/.cache/pypoetry/virtualenvs/cpdbv2-backend-VA82Wl8V-py3.7/lib/python3.7/site-packages/urllib3/connection.py", line 160, in _new_conn
    (self._dns_host, self.port), self.timeout, **extra_kw
  File "/root/.cache/pypoetry/virtualenvs/cpdbv2-backend-VA82Wl8V-py3.7/lib/python3.7/site-packages/urllib3/util/connection.py", line 61, in create_connection
    for res in socket.getaddrinfo(host, port, family, socket.SOCK_STREAM):
  File "/usr/local/lib/python3.7/socket.py", line 752, in getaddrinfo
    for res in _socket.getaddrinfo(host, port, family, type, proto, flags):
socket.gaierror: [Errno -2] Name or service not known

During handling of the above exception, another exception occurred:

Traceback (most recent call last):
  File "/root/.cache/pypoetry/virtualenvs/cpdbv2-backend-VA82Wl8V-py3.7/lib/python3.7/site-packages/elasticsearch/connection/http_urllib3.py", line 115, in perform_request
    response = self.pool.urlopen(method, url, body, retries=False, headers=self.headers, **kw)
  File "/root/.cache/pypoetry/virtualenvs/cpdbv2-backend-VA82Wl8V-py3.7/lib/python3.7/site-packages/urllib3/connectionpool.py", line 727, in urlopen
    method, url, error=e, _pool=self, _stacktrace=sys.exc_info()[2]
  File "/root/.cache/pypoetry/virtualenvs/cpdbv2-backend-VA82Wl8V-py3.7/lib/python3.7/site-packages/urllib3/util/retry.py", line 386, in increment
    raise six.reraise(type(error), error, _stacktrace)
  File "/root/.cache/pypoetry/virtualenvs/cpdbv2-backend-VA82Wl8V-py3.7/lib/python3.7/site-packages/urllib3/packages/six.py", line 735, in reraise
    raise value
  File "/root/.cache/pypoetry/virtualenvs/cpdbv2-backend-VA82Wl8V-py3.7/lib/python3.7/site-packages/urllib3/connectionpool.py", line 677, in urlopen
    chunked=chunked,
  File "/root/.cache/pypoetry/virtualenvs/cpdbv2-backend-VA82Wl8V-py3.7/lib/python3.7/site-packages/urllib3/connectionpool.py", line 392, in _make_request
    conn.request(method, url, **httplib_request_kw)
  File "/usr/local/lib/python3.7/http/client.py", line 1281, in request
    self._send_request(method, url, body, headers, encode_chunked)
  File "/usr/local/lib/python3.7/http/client.py", line 1327, in _send_request
    self.endheaders(body, encode_chunked=encode_chunked)
  File "/usr/local/lib/python3.7/http/client.py", line 1276, in endheaders
    self._send_output(message_body, encode_chunked=encode_chunked)
  File "/usr/local/lib/python3.7/http/client.py", line 1036, in _send_output
    self.send(msg)
  File "/usr/local/lib/python3.7/http/client.py", line 976, in send
    self.connect()
  File "/root/.cache/pypoetry/virtualenvs/cpdbv2-backend-VA82Wl8V-py3.7/lib/python3.7/site-packages/urllib3/connection.py", line 187, in connect
    conn = self._new_conn()
  File "/root/.cache/pypoetry/virtualenvs/cpdbv2-backend-VA82Wl8V-py3.7/lib/python3.7/site-packages/urllib3/connection.py", line 172, in _new_conn
    self, "Failed to establish a new connection: %s" % e
urllib3.exceptions.NewConnectionError: <urllib3.connection.HTTPConnection object at 0x7ff0694cc910>: Failed to establish a new connection: [Errno -2] Name or service not known
elasticsearch: DEBUG: > None
urllib3.util.retry: DEBUG: Converted retries value: False -> Retry(total=False, connect=None, read=None, redirect=0, status=None)
urllib3.connectionpool: DEBUG: Starting new HTTP connection (42): elasticsearch:9200
elasticsearch: WARNING: DELETE http://elasticsearch:9200/test_cr_c97d3965-996f-4fbb-b4a7-1038423423bd [status:N/A request:0.005s]
Traceback (most recent call last):
  File "/root/.cache/pypoetry/virtualenvs/cpdbv2-backend-VA82Wl8V-py3.7/lib/python3.7/site-packages/urllib3/connection.py", line 160, in _new_conn
    (self._dns_host, self.port), self.timeout, **extra_kw
  File "/root/.cache/pypoetry/virtualenvs/cpdbv2-backend-VA82Wl8V-py3.7/lib/python3.7/site-packages/urllib3/util/connection.py", line 61, in create_connection
    for res in socket.getaddrinfo(host, port, family, socket.SOCK_STREAM):
  File "/usr/local/lib/python3.7/socket.py", line 752, in getaddrinfo
    for res in _socket.getaddrinfo(host, port, family, type, proto, flags):
socket.gaierror: [Errno -2] Name or service not known

During handling of the above exception, another exception occurred:

Traceback (most recent call last):
  File "/root/.cache/pypoetry/virtualenvs/cpdbv2-backend-VA82Wl8V-py3.7/lib/python3.7/site-packages/elasticsearch/connection/http_urllib3.py", line 115, in perform_request
    response = self.pool.urlopen(method, url, body, retries=False, headers=self.headers, **kw)
  File "/root/.cache/pypoetry/virtualenvs/cpdbv2-backend-VA82Wl8V-py3.7/lib/python3.7/site-packages/urllib3/connectionpool.py", line 727, in urlopen
    method, url, error=e, _pool=self, _stacktrace=sys.exc_info()[2]
  File "/root/.cache/pypoetry/virtualenvs/cpdbv2-backend-VA82Wl8V-py3.7/lib/python3.7/site-packages/urllib3/util/retry.py", line 386, in increment
    raise six.reraise(type(error), error, _stacktrace)
  File "/root/.cache/pypoetry/virtualenvs/cpdbv2-backend-VA82Wl8V-py3.7/lib/python3.7/site-packages/urllib3/packages/six.py", line 735, in reraise
    raise value
  File "/root/.cache/pypoetry/virtualenvs/cpdbv2-backend-VA82Wl8V-py3.7/lib/python3.7/site-packages/urllib3/connectionpool.py", line 677, in urlopen
    chunked=chunked,
  File "/root/.cache/pypoetry/virtualenvs/cpdbv2-backend-VA82Wl8V-py3.7/lib/python3.7/site-packages/urllib3/connectionpool.py", line 392, in _make_request
    conn.request(method, url, **httplib_request_kw)
  File "/usr/local/lib/python3.7/http/client.py", line 1281, in request
    self._send_request(method, url, body, headers, encode_chunked)
  File "/usr/local/lib/python3.7/http/client.py", line 1327, in _send_request
    self.endheaders(body, encode_chunked=encode_chunked)
  File "/usr/local/lib/python3.7/http/client.py", line 1276, in endheaders
    self._send_output(message_body, encode_chunked=encode_chunked)
  File "/usr/local/lib/python3.7/http/client.py", line 1036, in _send_output
    self.send(msg)
  File "/usr/local/lib/python3.7/http/client.py", line 976, in send
    self.connect()
  File "/root/.cache/pypoetry/virtualenvs/cpdbv2-backend-VA82Wl8V-py3.7/lib/python3.7/site-packages/urllib3/connection.py", line 187, in connect
    conn = self._new_conn()
  File "/root/.cache/pypoetry/virtualenvs/cpdbv2-backend-VA82Wl8V-py3.7/lib/python3.7/site-packages/urllib3/connection.py", line 172, in _new_conn
    self, "Failed to establish a new connection: %s" % e
urllib3.exceptions.NewConnectionError: <urllib3.connection.HTTPConnection object at 0x7ff0694d1210>: Failed to establish a new connection: [Errno -2] Name or service not known
elasticsearch: DEBUG: > None
urllib3.util.retry: DEBUG: Converted retries value: False -> Retry(total=False, connect=None, read=None, redirect=0, status=None)
urllib3.connectionpool: DEBUG: Starting new HTTP connection (43): elasticsearch:9200
elasticsearch: WARNING: DELETE http://elasticsearch:9200/test_cr_c97d3965-996f-4fbb-b4a7-1038423423bd [status:N/A request:0.004s]
Traceback (most recent call last):
  File "/root/.cache/pypoetry/virtualenvs/cpdbv2-backend-VA82Wl8V-py3.7/lib/python3.7/site-packages/urllib3/connection.py", line 160, in _new_conn
    (self._dns_host, self.port), self.timeout, **extra_kw
  File "/root/.cache/pypoetry/virtualenvs/cpdbv2-backend-VA82Wl8V-py3.7/lib/python3.7/site-packages/urllib3/util/connection.py", line 61, in create_connection
    for res in socket.getaddrinfo(host, port, family, socket.SOCK_STREAM):
  File "/usr/local/lib/python3.7/socket.py", line 752, in getaddrinfo
    for res in _socket.getaddrinfo(host, port, family, type, proto, flags):
socket.gaierror: [Errno -2] Name or service not known

During handling of the above exception, another exception occurred:

Traceback (most recent call last):
  File "/root/.cache/pypoetry/virtualenvs/cpdbv2-backend-VA82Wl8V-py3.7/lib/python3.7/site-packages/elasticsearch/connection/http_urllib3.py", line 115, in perform_request
    response = self.pool.urlopen(method, url, body, retries=False, headers=self.headers, **kw)
  File "/root/.cache/pypoetry/virtualenvs/cpdbv2-backend-VA82Wl8V-py3.7/lib/python3.7/site-packages/urllib3/connectionpool.py", line 727, in urlopen
    method, url, error=e, _pool=self, _stacktrace=sys.exc_info()[2]
  File "/root/.cache/pypoetry/virtualenvs/cpdbv2-backend-VA82Wl8V-py3.7/lib/python3.7/site-packages/urllib3/util/retry.py", line 386, in increment
    raise six.reraise(type(error), error, _stacktrace)
  File "/root/.cache/pypoetry/virtualenvs/cpdbv2-backend-VA82Wl8V-py3.7/lib/python3.7/site-packages/urllib3/packages/six.py", line 735, in reraise
    raise value
  File "/root/.cache/pypoetry/virtualenvs/cpdbv2-backend-VA82Wl8V-py3.7/lib/python3.7/site-packages/urllib3/connectionpool.py", line 677, in urlopen
    chunked=chunked,
  File "/root/.cache/pypoetry/virtualenvs/cpdbv2-backend-VA82Wl8V-py3.7/lib/python3.7/site-packages/urllib3/connectionpool.py", line 392, in _make_request
    conn.request(method, url, **httplib_request_kw)
  File "/usr/local/lib/python3.7/http/client.py", line 1281, in request
    self._send_request(method, url, body, headers, encode_chunked)
  File "/usr/local/lib/python3.7/http/client.py", line 1327, in _send_request
    self.endheaders(body, encode_chunked=encode_chunked)
  File "/usr/local/lib/python3.7/http/client.py", line 1276, in endheaders
    self._send_output(message_body, encode_chunked=encode_chunked)
  File "/usr/local/lib/python3.7/http/client.py", line 1036, in _send_output
    self.send(msg)
  File "/usr/local/lib/python3.7/http/client.py", line 976, in send
    self.connect()
  File "/root/.cache/pypoetry/virtualenvs/cpdbv2-backend-VA82Wl8V-py3.7/lib/python3.7/site-packages/urllib3/connection.py", line 187, in connect
    conn = self._new_conn()
  File "/root/.cache/pypoetry/virtualenvs/cpdbv2-backend-VA82Wl8V-py3.7/lib/python3.7/site-packages/urllib3/connection.py", line 172, in _new_conn
    self, "Failed to establish a new connection: %s" % e
urllib3.exceptions.NewConnectionError: <urllib3.connection.HTTPConnection object at 0x7ff0694d16d0>: Failed to establish a new connection: [Errno -2] Name or service not known
elasticsearch: DEBUG: > None
urllib3.util.retry: DEBUG: Converted retries value: False -> Retry(total=False, connect=None, read=None, redirect=0, status=None)
urllib3.connectionpool: DEBUG: Starting new HTTP connection (44): elasticsearch:9200
elasticsearch: WARNING: DELETE http://elasticsearch:9200/test_cr_c97d3965-996f-4fbb-b4a7-1038423423bd [status:N/A request:0.005s]
Traceback (most recent call last):
  File "/root/.cache/pypoetry/virtualenvs/cpdbv2-backend-VA82Wl8V-py3.7/lib/python3.7/site-packages/urllib3/connection.py", line 160, in _new_conn
    (self._dns_host, self.port), self.timeout, **extra_kw
  File "/root/.cache/pypoetry/virtualenvs/cpdbv2-backend-VA82Wl8V-py3.7/lib/python3.7/site-packages/urllib3/util/connection.py", line 61, in create_connection
    for res in socket.getaddrinfo(host, port, family, socket.SOCK_STREAM):
  File "/usr/local/lib/python3.7/socket.py", line 752, in getaddrinfo
    for res in _socket.getaddrinfo(host, port, family, type, proto, flags):
socket.gaierror: [Errno -2] Name or service not known

During handling of the above exception, another exception occurred:

Traceback (most recent call last):
  File "/root/.cache/pypoetry/virtualenvs/cpdbv2-backend-VA82Wl8V-py3.7/lib/python3.7/site-packages/elasticsearch/connection/http_urllib3.py", line 115, in perform_request
    response = self.pool.urlopen(method, url, body, retries=False, headers=self.headers, **kw)
  File "/root/.cache/pypoetry/virtualenvs/cpdbv2-backend-VA82Wl8V-py3.7/lib/python3.7/site-packages/urllib3/connectionpool.py", line 727, in urlopen
    method, url, error=e, _pool=self, _stacktrace=sys.exc_info()[2]
  File "/root/.cache/pypoetry/virtualenvs/cpdbv2-backend-VA82Wl8V-py3.7/lib/python3.7/site-packages/urllib3/util/retry.py", line 386, in increment
    raise six.reraise(type(error), error, _stacktrace)
  File "/root/.cache/pypoetry/virtualenvs/cpdbv2-backend-VA82Wl8V-py3.7/lib/python3.7/site-packages/urllib3/packages/six.py", line 735, in reraise
    raise value
  File "/root/.cache/pypoetry/virtualenvs/cpdbv2-backend-VA82Wl8V-py3.7/lib/python3.7/site-packages/urllib3/connectionpool.py", line 677, in urlopen
    chunked=chunked,
  File "/root/.cache/pypoetry/virtualenvs/cpdbv2-backend-VA82Wl8V-py3.7/lib/python3.7/site-packages/urllib3/connectionpool.py", line 392, in _make_request
    conn.request(method, url, **httplib_request_kw)
  File "/usr/local/lib/python3.7/http/client.py", line 1281, in request
    self._send_request(method, url, body, headers, encode_chunked)
  File "/usr/local/lib/python3.7/http/client.py", line 1327, in _send_request
    self.endheaders(body, encode_chunked=encode_chunked)
  File "/usr/local/lib/python3.7/http/client.py", line 1276, in endheaders
    self._send_output(message_body, encode_chunked=encode_chunked)
  File "/usr/local/lib/python3.7/http/client.py", line 1036, in _send_output
    self.send(msg)
  File "/usr/local/lib/python3.7/http/client.py", line 976, in send
    self.connect()
  File "/root/.cache/pypoetry/virtualenvs/cpdbv2-backend-VA82Wl8V-py3.7/lib/python3.7/site-packages/urllib3/connection.py", line 187, in connect
    conn = self._new_conn()
  File "/root/.cache/pypoetry/virtualenvs/cpdbv2-backend-VA82Wl8V-py3.7/lib/python3.7/site-packages/urllib3/connection.py", line 172, in _new_conn
    self, "Failed to establish a new connection: %s" % e
urllib3.exceptions.NewConnectionError: <urllib3.connection.HTTPConnection object at 0x7ff0694d1a50>: Failed to establish a new connection: [Errno -2] Name or service not known
elasticsearch: DEBUG: > None
--------------------- >> end captured logging << ---------------------

======================================================================
ERROR: test_retrieve_badge (cr.tests.views.test_cr_mobile_viewset.CRMobileViewSetTestCase)
----------------------------------------------------------------------
Traceback (most recent call last):
  File "/usr/src/app/cpdb/cr/tests/mixins.py", line 7, in setUp
    cr_index_alias.write_index.delete(ignore=404)
  File "/root/.cache/pypoetry/virtualenvs/cpdbv2-backend-VA82Wl8V-py3.7/lib/python3.7/site-packages/elasticsearch_dsl/index.py", line 222, in delete
    self.connection.indices.delete(index=self._name, **kwargs)
  File "/root/.cache/pypoetry/virtualenvs/cpdbv2-backend-VA82Wl8V-py3.7/lib/python3.7/site-packages/elasticsearch/client/utils.py", line 73, in _wrapped
    return func(*args, params=params, **kwargs)
  File "/root/.cache/pypoetry/virtualenvs/cpdbv2-backend-VA82Wl8V-py3.7/lib/python3.7/site-packages/elasticsearch/client/indices.py", line 200, in delete
    params=params)
  File "/root/.cache/pypoetry/virtualenvs/cpdbv2-backend-VA82Wl8V-py3.7/lib/python3.7/site-packages/elasticsearch/transport.py", line 312, in perform_request
    status, headers, data = connection.perform_request(method, url, params, body, ignore=ignore, timeout=timeout)
  File "/root/.cache/pypoetry/virtualenvs/cpdbv2-backend-VA82Wl8V-py3.7/lib/python3.7/site-packages/elasticsearch/connection/http_urllib3.py", line 124, in perform_request
    raise ConnectionError('N/A', str(e), e)
elasticsearch.exceptions.ConnectionError: ConnectionError(<urllib3.connection.HTTPConnection object at 0x7ff0694ccad0>: Failed to establish a new connection: [Errno -2] Name or service not known) caused by: NewConnectionError(<urllib3.connection.HTTPConnection object at 0x7ff0694ccad0>: Failed to establish a new connection: [Errno -2] Name or service not known)
-------------------- >> begin captured logging << --------------------
urllib3.util.retry: DEBUG: Converted retries value: False -> Retry(total=False, connect=None, read=None, redirect=0, status=None)
urllib3.connectionpool: DEBUG: Starting new HTTP connection (45): elasticsearch:9200
elasticsearch: WARNING: DELETE http://elasticsearch:9200/test_cr_c97d3965-996f-4fbb-b4a7-1038423423bd [status:N/A request:0.004s]
Traceback (most recent call last):
  File "/root/.cache/pypoetry/virtualenvs/cpdbv2-backend-VA82Wl8V-py3.7/lib/python3.7/site-packages/urllib3/connection.py", line 160, in _new_conn
    (self._dns_host, self.port), self.timeout, **extra_kw
  File "/root/.cache/pypoetry/virtualenvs/cpdbv2-backend-VA82Wl8V-py3.7/lib/python3.7/site-packages/urllib3/util/connection.py", line 61, in create_connection
    for res in socket.getaddrinfo(host, port, family, socket.SOCK_STREAM):
  File "/usr/local/lib/python3.7/socket.py", line 752, in getaddrinfo
    for res in _socket.getaddrinfo(host, port, family, type, proto, flags):
socket.gaierror: [Errno -2] Name or service not known

During handling of the above exception, another exception occurred:

Traceback (most recent call last):
  File "/root/.cache/pypoetry/virtualenvs/cpdbv2-backend-VA82Wl8V-py3.7/lib/python3.7/site-packages/elasticsearch/connection/http_urllib3.py", line 115, in perform_request
    response = self.pool.urlopen(method, url, body, retries=False, headers=self.headers, **kw)
  File "/root/.cache/pypoetry/virtualenvs/cpdbv2-backend-VA82Wl8V-py3.7/lib/python3.7/site-packages/urllib3/connectionpool.py", line 727, in urlopen
    method, url, error=e, _pool=self, _stacktrace=sys.exc_info()[2]
  File "/root/.cache/pypoetry/virtualenvs/cpdbv2-backend-VA82Wl8V-py3.7/lib/python3.7/site-packages/urllib3/util/retry.py", line 386, in increment
    raise six.reraise(type(error), error, _stacktrace)
  File "/root/.cache/pypoetry/virtualenvs/cpdbv2-backend-VA82Wl8V-py3.7/lib/python3.7/site-packages/urllib3/packages/six.py", line 735, in reraise
    raise value
  File "/root/.cache/pypoetry/virtualenvs/cpdbv2-backend-VA82Wl8V-py3.7/lib/python3.7/site-packages/urllib3/connectionpool.py", line 677, in urlopen
    chunked=chunked,
  File "/root/.cache/pypoetry/virtualenvs/cpdbv2-backend-VA82Wl8V-py3.7/lib/python3.7/site-packages/urllib3/connectionpool.py", line 392, in _make_request
    conn.request(method, url, **httplib_request_kw)
  File "/usr/local/lib/python3.7/http/client.py", line 1281, in request
    self._send_request(method, url, body, headers, encode_chunked)
  File "/usr/local/lib/python3.7/http/client.py", line 1327, in _send_request
    self.endheaders(body, encode_chunked=encode_chunked)
  File "/usr/local/lib/python3.7/http/client.py", line 1276, in endheaders
    self._send_output(message_body, encode_chunked=encode_chunked)
  File "/usr/local/lib/python3.7/http/client.py", line 1036, in _send_output
    self.send(msg)
  File "/usr/local/lib/python3.7/http/client.py", line 976, in send
    self.connect()
  File "/root/.cache/pypoetry/virtualenvs/cpdbv2-backend-VA82Wl8V-py3.7/lib/python3.7/site-packages/urllib3/connection.py", line 187, in connect
    conn = self._new_conn()
  File "/root/.cache/pypoetry/virtualenvs/cpdbv2-backend-VA82Wl8V-py3.7/lib/python3.7/site-packages/urllib3/connection.py", line 172, in _new_conn
    self, "Failed to establish a new connection: %s" % e
urllib3.exceptions.NewConnectionError: <urllib3.connection.HTTPConnection object at 0x7ff0694d1a90>: Failed to establish a new connection: [Errno -2] Name or service not known
elasticsearch: DEBUG: > None
urllib3.util.retry: DEBUG: Converted retries value: False -> Retry(total=False, connect=None, read=None, redirect=0, status=None)
urllib3.connectionpool: DEBUG: Starting new HTTP connection (46): elasticsearch:9200
elasticsearch: WARNING: DELETE http://elasticsearch:9200/test_cr_c97d3965-996f-4fbb-b4a7-1038423423bd [status:N/A request:0.005s]
Traceback (most recent call last):
  File "/root/.cache/pypoetry/virtualenvs/cpdbv2-backend-VA82Wl8V-py3.7/lib/python3.7/site-packages/urllib3/connection.py", line 160, in _new_conn
    (self._dns_host, self.port), self.timeout, **extra_kw
  File "/root/.cache/pypoetry/virtualenvs/cpdbv2-backend-VA82Wl8V-py3.7/lib/python3.7/site-packages/urllib3/util/connection.py", line 61, in create_connection
    for res in socket.getaddrinfo(host, port, family, socket.SOCK_STREAM):
  File "/usr/local/lib/python3.7/socket.py", line 752, in getaddrinfo
    for res in _socket.getaddrinfo(host, port, family, type, proto, flags):
socket.gaierror: [Errno -2] Name or service not known

During handling of the above exception, another exception occurred:

Traceback (most recent call last):
  File "/root/.cache/pypoetry/virtualenvs/cpdbv2-backend-VA82Wl8V-py3.7/lib/python3.7/site-packages/elasticsearch/connection/http_urllib3.py", line 115, in perform_request
    response = self.pool.urlopen(method, url, body, retries=False, headers=self.headers, **kw)
  File "/root/.cache/pypoetry/virtualenvs/cpdbv2-backend-VA82Wl8V-py3.7/lib/python3.7/site-packages/urllib3/connectionpool.py", line 727, in urlopen
    method, url, error=e, _pool=self, _stacktrace=sys.exc_info()[2]
  File "/root/.cache/pypoetry/virtualenvs/cpdbv2-backend-VA82Wl8V-py3.7/lib/python3.7/site-packages/urllib3/util/retry.py", line 386, in increment
    raise six.reraise(type(error), error, _stacktrace)
  File "/root/.cache/pypoetry/virtualenvs/cpdbv2-backend-VA82Wl8V-py3.7/lib/python3.7/site-packages/urllib3/packages/six.py", line 735, in reraise
    raise value
  File "/root/.cache/pypoetry/virtualenvs/cpdbv2-backend-VA82Wl8V-py3.7/lib/python3.7/site-packages/urllib3/connectionpool.py", line 677, in urlopen
    chunked=chunked,
  File "/root/.cache/pypoetry/virtualenvs/cpdbv2-backend-VA82Wl8V-py3.7/lib/python3.7/site-packages/urllib3/connectionpool.py", line 392, in _make_request
    conn.request(method, url, **httplib_request_kw)
  File "/usr/local/lib/python3.7/http/client.py", line 1281, in request
    self._send_request(method, url, body, headers, encode_chunked)
  File "/usr/local/lib/python3.7/http/client.py", line 1327, in _send_request
    self.endheaders(body, encode_chunked=encode_chunked)
  File "/usr/local/lib/python3.7/http/client.py", line 1276, in endheaders
    self._send_output(message_body, encode_chunked=encode_chunked)
  File "/usr/local/lib/python3.7/http/client.py", line 1036, in _send_output
    self.send(msg)
  File "/usr/local/lib/python3.7/http/client.py", line 976, in send
    self.connect()
  File "/root/.cache/pypoetry/virtualenvs/cpdbv2-backend-VA82Wl8V-py3.7/lib/python3.7/site-packages/urllib3/connection.py", line 187, in connect
    conn = self._new_conn()
  File "/root/.cache/pypoetry/virtualenvs/cpdbv2-backend-VA82Wl8V-py3.7/lib/python3.7/site-packages/urllib3/connection.py", line 172, in _new_conn
    self, "Failed to establish a new connection: %s" % e
urllib3.exceptions.NewConnectionError: <urllib3.connection.HTTPConnection object at 0x7ff0694cc590>: Failed to establish a new connection: [Errno -2] Name or service not known
elasticsearch: DEBUG: > None
urllib3.util.retry: DEBUG: Converted retries value: False -> Retry(total=False, connect=None, read=None, redirect=0, status=None)
urllib3.connectionpool: DEBUG: Starting new HTTP connection (47): elasticsearch:9200
elasticsearch: WARNING: DELETE http://elasticsearch:9200/test_cr_c97d3965-996f-4fbb-b4a7-1038423423bd [status:N/A request:0.005s]
Traceback (most recent call last):
  File "/root/.cache/pypoetry/virtualenvs/cpdbv2-backend-VA82Wl8V-py3.7/lib/python3.7/site-packages/urllib3/connection.py", line 160, in _new_conn
    (self._dns_host, self.port), self.timeout, **extra_kw
  File "/root/.cache/pypoetry/virtualenvs/cpdbv2-backend-VA82Wl8V-py3.7/lib/python3.7/site-packages/urllib3/util/connection.py", line 61, in create_connection
    for res in socket.getaddrinfo(host, port, family, socket.SOCK_STREAM):
  File "/usr/local/lib/python3.7/socket.py", line 752, in getaddrinfo
    for res in _socket.getaddrinfo(host, port, family, type, proto, flags):
socket.gaierror: [Errno -2] Name or service not known

During handling of the above exception, another exception occurred:

Traceback (most recent call last):
  File "/root/.cache/pypoetry/virtualenvs/cpdbv2-backend-VA82Wl8V-py3.7/lib/python3.7/site-packages/elasticsearch/connection/http_urllib3.py", line 115, in perform_request
    response = self.pool.urlopen(method, url, body, retries=False, headers=self.headers, **kw)
  File "/root/.cache/pypoetry/virtualenvs/cpdbv2-backend-VA82Wl8V-py3.7/lib/python3.7/site-packages/urllib3/connectionpool.py", line 727, in urlopen
    method, url, error=e, _pool=self, _stacktrace=sys.exc_info()[2]
  File "/root/.cache/pypoetry/virtualenvs/cpdbv2-backend-VA82Wl8V-py3.7/lib/python3.7/site-packages/urllib3/util/retry.py", line 386, in increment
    raise six.reraise(type(error), error, _stacktrace)
  File "/root/.cache/pypoetry/virtualenvs/cpdbv2-backend-VA82Wl8V-py3.7/lib/python3.7/site-packages/urllib3/packages/six.py", line 735, in reraise
    raise value
  File "/root/.cache/pypoetry/virtualenvs/cpdbv2-backend-VA82Wl8V-py3.7/lib/python3.7/site-packages/urllib3/connectionpool.py", line 677, in urlopen
    chunked=chunked,
  File "/root/.cache/pypoetry/virtualenvs/cpdbv2-backend-VA82Wl8V-py3.7/lib/python3.7/site-packages/urllib3/connectionpool.py", line 392, in _make_request
    conn.request(method, url, **httplib_request_kw)
  File "/usr/local/lib/python3.7/http/client.py", line 1281, in request
    self._send_request(method, url, body, headers, encode_chunked)
  File "/usr/local/lib/python3.7/http/client.py", line 1327, in _send_request
    self.endheaders(body, encode_chunked=encode_chunked)
  File "/usr/local/lib/python3.7/http/client.py", line 1276, in endheaders
    self._send_output(message_body, encode_chunked=encode_chunked)
  File "/usr/local/lib/python3.7/http/client.py", line 1036, in _send_output
    self.send(msg)
  File "/usr/local/lib/python3.7/http/client.py", line 976, in send
    self.connect()
  File "/root/.cache/pypoetry/virtualenvs/cpdbv2-backend-VA82Wl8V-py3.7/lib/python3.7/site-packages/urllib3/connection.py", line 187, in connect
    conn = self._new_conn()
  File "/root/.cache/pypoetry/virtualenvs/cpdbv2-backend-VA82Wl8V-py3.7/lib/python3.7/site-packages/urllib3/connection.py", line 172, in _new_conn
    self, "Failed to establish a new connection: %s" % e
urllib3.exceptions.NewConnectionError: <urllib3.connection.HTTPConnection object at 0x7ff0694ccd50>: Failed to establish a new connection: [Errno -2] Name or service not known
elasticsearch: DEBUG: > None
urllib3.util.retry: DEBUG: Converted retries value: False -> Retry(total=False, connect=None, read=None, redirect=0, status=None)
urllib3.connectionpool: DEBUG: Starting new HTTP connection (48): elasticsearch:9200
elasticsearch: WARNING: DELETE http://elasticsearch:9200/test_cr_c97d3965-996f-4fbb-b4a7-1038423423bd [status:N/A request:0.005s]
Traceback (most recent call last):
  File "/root/.cache/pypoetry/virtualenvs/cpdbv2-backend-VA82Wl8V-py3.7/lib/python3.7/site-packages/urllib3/connection.py", line 160, in _new_conn
    (self._dns_host, self.port), self.timeout, **extra_kw
  File "/root/.cache/pypoetry/virtualenvs/cpdbv2-backend-VA82Wl8V-py3.7/lib/python3.7/site-packages/urllib3/util/connection.py", line 61, in create_connection
    for res in socket.getaddrinfo(host, port, family, socket.SOCK_STREAM):
  File "/usr/local/lib/python3.7/socket.py", line 752, in getaddrinfo
    for res in _socket.getaddrinfo(host, port, family, type, proto, flags):
socket.gaierror: [Errno -2] Name or service not known

During handling of the above exception, another exception occurred:

Traceback (most recent call last):
  File "/root/.cache/pypoetry/virtualenvs/cpdbv2-backend-VA82Wl8V-py3.7/lib/python3.7/site-packages/elasticsearch/connection/http_urllib3.py", line 115, in perform_request
    response = self.pool.urlopen(method, url, body, retries=False, headers=self.headers, **kw)
  File "/root/.cache/pypoetry/virtualenvs/cpdbv2-backend-VA82Wl8V-py3.7/lib/python3.7/site-packages/urllib3/connectionpool.py", line 727, in urlopen
    method, url, error=e, _pool=self, _stacktrace=sys.exc_info()[2]
  File "/root/.cache/pypoetry/virtualenvs/cpdbv2-backend-VA82Wl8V-py3.7/lib/python3.7/site-packages/urllib3/util/retry.py", line 386, in increment
    raise six.reraise(type(error), error, _stacktrace)
  File "/root/.cache/pypoetry/virtualenvs/cpdbv2-backend-VA82Wl8V-py3.7/lib/python3.7/site-packages/urllib3/packages/six.py", line 735, in reraise
    raise value
  File "/root/.cache/pypoetry/virtualenvs/cpdbv2-backend-VA82Wl8V-py3.7/lib/python3.7/site-packages/urllib3/connectionpool.py", line 677, in urlopen
    chunked=chunked,
  File "/root/.cache/pypoetry/virtualenvs/cpdbv2-backend-VA82Wl8V-py3.7/lib/python3.7/site-packages/urllib3/connectionpool.py", line 392, in _make_request
    conn.request(method, url, **httplib_request_kw)
  File "/usr/local/lib/python3.7/http/client.py", line 1281, in request
    self._send_request(method, url, body, headers, encode_chunked)
  File "/usr/local/lib/python3.7/http/client.py", line 1327, in _send_request
    self.endheaders(body, encode_chunked=encode_chunked)
  File "/usr/local/lib/python3.7/http/client.py", line 1276, in endheaders
    self._send_output(message_body, encode_chunked=encode_chunked)
  File "/usr/local/lib/python3.7/http/client.py", line 1036, in _send_output
    self.send(msg)
  File "/usr/local/lib/python3.7/http/client.py", line 976, in send
    self.connect()
  File "/root/.cache/pypoetry/virtualenvs/cpdbv2-backend-VA82Wl8V-py3.7/lib/python3.7/site-packages/urllib3/connection.py", line 187, in connect
    conn = self._new_conn()
  File "/root/.cache/pypoetry/virtualenvs/cpdbv2-backend-VA82Wl8V-py3.7/lib/python3.7/site-packages/urllib3/connection.py", line 172, in _new_conn
    self, "Failed to establish a new connection: %s" % e
urllib3.exceptions.NewConnectionError: <urllib3.connection.HTTPConnection object at 0x7ff0694ccad0>: Failed to establish a new connection: [Errno -2] Name or service not known
elasticsearch: DEBUG: > None
--------------------- >> end captured logging << ---------------------

======================================================================
ERROR: test_retrieve_not_found (cr.tests.views.test_cr_mobile_viewset.CRMobileViewSetTestCase)
----------------------------------------------------------------------
Traceback (most recent call last):
  File "/usr/src/app/cpdb/cr/tests/mixins.py", line 7, in setUp
    cr_index_alias.write_index.delete(ignore=404)
  File "/root/.cache/pypoetry/virtualenvs/cpdbv2-backend-VA82Wl8V-py3.7/lib/python3.7/site-packages/elasticsearch_dsl/index.py", line 222, in delete
    self.connection.indices.delete(index=self._name, **kwargs)
  File "/root/.cache/pypoetry/virtualenvs/cpdbv2-backend-VA82Wl8V-py3.7/lib/python3.7/site-packages/elasticsearch/client/utils.py", line 73, in _wrapped
    return func(*args, params=params, **kwargs)
  File "/root/.cache/pypoetry/virtualenvs/cpdbv2-backend-VA82Wl8V-py3.7/lib/python3.7/site-packages/elasticsearch/client/indices.py", line 200, in delete
    params=params)
  File "/root/.cache/pypoetry/virtualenvs/cpdbv2-backend-VA82Wl8V-py3.7/lib/python3.7/site-packages/elasticsearch/transport.py", line 312, in perform_request
    status, headers, data = connection.perform_request(method, url, params, body, ignore=ignore, timeout=timeout)
  File "/root/.cache/pypoetry/virtualenvs/cpdbv2-backend-VA82Wl8V-py3.7/lib/python3.7/site-packages/elasticsearch/connection/http_urllib3.py", line 124, in perform_request
    raise ConnectionError('N/A', str(e), e)
elasticsearch.exceptions.ConnectionError: ConnectionError(<urllib3.connection.HTTPConnection object at 0x7ff0694eba10>: Failed to establish a new connection: [Errno -2] Name or service not known) caused by: NewConnectionError(<urllib3.connection.HTTPConnection object at 0x7ff0694eba10>: Failed to establish a new connection: [Errno -2] Name or service not known)
-------------------- >> begin captured logging << --------------------
urllib3.util.retry: DEBUG: Converted retries value: False -> Retry(total=False, connect=None, read=None, redirect=0, status=None)
urllib3.connectionpool: DEBUG: Starting new HTTP connection (49): elasticsearch:9200
elasticsearch: WARNING: DELETE http://elasticsearch:9200/test_cr_c97d3965-996f-4fbb-b4a7-1038423423bd [status:N/A request:0.005s]
Traceback (most recent call last):
  File "/root/.cache/pypoetry/virtualenvs/cpdbv2-backend-VA82Wl8V-py3.7/lib/python3.7/site-packages/urllib3/connection.py", line 160, in _new_conn
    (self._dns_host, self.port), self.timeout, **extra_kw
  File "/root/.cache/pypoetry/virtualenvs/cpdbv2-backend-VA82Wl8V-py3.7/lib/python3.7/site-packages/urllib3/util/connection.py", line 61, in create_connection
    for res in socket.getaddrinfo(host, port, family, socket.SOCK_STREAM):
  File "/usr/local/lib/python3.7/socket.py", line 752, in getaddrinfo
    for res in _socket.getaddrinfo(host, port, family, type, proto, flags):
socket.gaierror: [Errno -2] Name or service not known

During handling of the above exception, another exception occurred:

Traceback (most recent call last):
  File "/root/.cache/pypoetry/virtualenvs/cpdbv2-backend-VA82Wl8V-py3.7/lib/python3.7/site-packages/elasticsearch/connection/http_urllib3.py", line 115, in perform_request
    response = self.pool.urlopen(method, url, body, retries=False, headers=self.headers, **kw)
  File "/root/.cache/pypoetry/virtualenvs/cpdbv2-backend-VA82Wl8V-py3.7/lib/python3.7/site-packages/urllib3/connectionpool.py", line 727, in urlopen
    method, url, error=e, _pool=self, _stacktrace=sys.exc_info()[2]
  File "/root/.cache/pypoetry/virtualenvs/cpdbv2-backend-VA82Wl8V-py3.7/lib/python3.7/site-packages/urllib3/util/retry.py", line 386, in increment
    raise six.reraise(type(error), error, _stacktrace)
  File "/root/.cache/pypoetry/virtualenvs/cpdbv2-backend-VA82Wl8V-py3.7/lib/python3.7/site-packages/urllib3/packages/six.py", line 735, in reraise
    raise value
  File "/root/.cache/pypoetry/virtualenvs/cpdbv2-backend-VA82Wl8V-py3.7/lib/python3.7/site-packages/urllib3/connectionpool.py", line 677, in urlopen
    chunked=chunked,
  File "/root/.cache/pypoetry/virtualenvs/cpdbv2-backend-VA82Wl8V-py3.7/lib/python3.7/site-packages/urllib3/connectionpool.py", line 392, in _make_request
    conn.request(method, url, **httplib_request_kw)
  File "/usr/local/lib/python3.7/http/client.py", line 1281, in request
    self._send_request(method, url, body, headers, encode_chunked)
  File "/usr/local/lib/python3.7/http/client.py", line 1327, in _send_request
    self.endheaders(body, encode_chunked=encode_chunked)
  File "/usr/local/lib/python3.7/http/client.py", line 1276, in endheaders
    self._send_output(message_body, encode_chunked=encode_chunked)
  File "/usr/local/lib/python3.7/http/client.py", line 1036, in _send_output
    self.send(msg)
  File "/usr/local/lib/python3.7/http/client.py", line 976, in send
    self.connect()
  File "/root/.cache/pypoetry/virtualenvs/cpdbv2-backend-VA82Wl8V-py3.7/lib/python3.7/site-packages/urllib3/connection.py", line 187, in connect
    conn = self._new_conn()
  File "/root/.cache/pypoetry/virtualenvs/cpdbv2-backend-VA82Wl8V-py3.7/lib/python3.7/site-packages/urllib3/connection.py", line 172, in _new_conn
    self, "Failed to establish a new connection: %s" % e
urllib3.exceptions.NewConnectionError: <urllib3.connection.HTTPConnection object at 0x7ff0694cc950>: Failed to establish a new connection: [Errno -2] Name or service not known
elasticsearch: DEBUG: > None
urllib3.util.retry: DEBUG: Converted retries value: False -> Retry(total=False, connect=None, read=None, redirect=0, status=None)
urllib3.connectionpool: DEBUG: Starting new HTTP connection (50): elasticsearch:9200
elasticsearch: WARNING: DELETE http://elasticsearch:9200/test_cr_c97d3965-996f-4fbb-b4a7-1038423423bd [status:N/A request:0.006s]
Traceback (most recent call last):
  File "/root/.cache/pypoetry/virtualenvs/cpdbv2-backend-VA82Wl8V-py3.7/lib/python3.7/site-packages/urllib3/connection.py", line 160, in _new_conn
    (self._dns_host, self.port), self.timeout, **extra_kw
  File "/root/.cache/pypoetry/virtualenvs/cpdbv2-backend-VA82Wl8V-py3.7/lib/python3.7/site-packages/urllib3/util/connection.py", line 61, in create_connection
    for res in socket.getaddrinfo(host, port, family, socket.SOCK_STREAM):
  File "/usr/local/lib/python3.7/socket.py", line 752, in getaddrinfo
    for res in _socket.getaddrinfo(host, port, family, type, proto, flags):
socket.gaierror: [Errno -2] Name or service not known

During handling of the above exception, another exception occurred:

Traceback (most recent call last):
  File "/root/.cache/pypoetry/virtualenvs/cpdbv2-backend-VA82Wl8V-py3.7/lib/python3.7/site-packages/elasticsearch/connection/http_urllib3.py", line 115, in perform_request
    response = self.pool.urlopen(method, url, body, retries=False, headers=self.headers, **kw)
  File "/root/.cache/pypoetry/virtualenvs/cpdbv2-backend-VA82Wl8V-py3.7/lib/python3.7/site-packages/urllib3/connectionpool.py", line 727, in urlopen
    method, url, error=e, _pool=self, _stacktrace=sys.exc_info()[2]
  File "/root/.cache/pypoetry/virtualenvs/cpdbv2-backend-VA82Wl8V-py3.7/lib/python3.7/site-packages/urllib3/util/retry.py", line 386, in increment
    raise six.reraise(type(error), error, _stacktrace)
  File "/root/.cache/pypoetry/virtualenvs/cpdbv2-backend-VA82Wl8V-py3.7/lib/python3.7/site-packages/urllib3/packages/six.py", line 735, in reraise
    raise value
  File "/root/.cache/pypoetry/virtualenvs/cpdbv2-backend-VA82Wl8V-py3.7/lib/python3.7/site-packages/urllib3/connectionpool.py", line 677, in urlopen
    chunked=chunked,
  File "/root/.cache/pypoetry/virtualenvs/cpdbv2-backend-VA82Wl8V-py3.7/lib/python3.7/site-packages/urllib3/connectionpool.py", line 392, in _make_request
    conn.request(method, url, **httplib_request_kw)
  File "/usr/local/lib/python3.7/http/client.py", line 1281, in request
    self._send_request(method, url, body, headers, encode_chunked)
  File "/usr/local/lib/python3.7/http/client.py", line 1327, in _send_request
    self.endheaders(body, encode_chunked=encode_chunked)
  File "/usr/local/lib/python3.7/http/client.py", line 1276, in endheaders
    self._send_output(message_body, encode_chunked=encode_chunked)
  File "/usr/local/lib/python3.7/http/client.py", line 1036, in _send_output
    self.send(msg)
  File "/usr/local/lib/python3.7/http/client.py", line 976, in send
    self.connect()
  File "/root/.cache/pypoetry/virtualenvs/cpdbv2-backend-VA82Wl8V-py3.7/lib/python3.7/site-packages/urllib3/connection.py", line 187, in connect
    conn = self._new_conn()
  File "/root/.cache/pypoetry/virtualenvs/cpdbv2-backend-VA82Wl8V-py3.7/lib/python3.7/site-packages/urllib3/connection.py", line 172, in _new_conn
    self, "Failed to establish a new connection: %s" % e
urllib3.exceptions.NewConnectionError: <urllib3.connection.HTTPConnection object at 0x7ff0694cc610>: Failed to establish a new connection: [Errno -2] Name or service not known
elasticsearch: DEBUG: > None
urllib3.util.retry: DEBUG: Converted retries value: False -> Retry(total=False, connect=None, read=None, redirect=0, status=None)
urllib3.connectionpool: DEBUG: Starting new HTTP connection (51): elasticsearch:9200
elasticsearch: WARNING: DELETE http://elasticsearch:9200/test_cr_c97d3965-996f-4fbb-b4a7-1038423423bd [status:N/A request:0.004s]
Traceback (most recent call last):
  File "/root/.cache/pypoetry/virtualenvs/cpdbv2-backend-VA82Wl8V-py3.7/lib/python3.7/site-packages/urllib3/connection.py", line 160, in _new_conn
    (self._dns_host, self.port), self.timeout, **extra_kw
  File "/root/.cache/pypoetry/virtualenvs/cpdbv2-backend-VA82Wl8V-py3.7/lib/python3.7/site-packages/urllib3/util/connection.py", line 61, in create_connection
    for res in socket.getaddrinfo(host, port, family, socket.SOCK_STREAM):
  File "/usr/local/lib/python3.7/socket.py", line 752, in getaddrinfo
    for res in _socket.getaddrinfo(host, port, family, type, proto, flags):
socket.gaierror: [Errno -2] Name or service not known

During handling of the above exception, another exception occurred:

Traceback (most recent call last):
  File "/root/.cache/pypoetry/virtualenvs/cpdbv2-backend-VA82Wl8V-py3.7/lib/python3.7/site-packages/elasticsearch/connection/http_urllib3.py", line 115, in perform_request
    response = self.pool.urlopen(method, url, body, retries=False, headers=self.headers, **kw)
  File "/root/.cache/pypoetry/virtualenvs/cpdbv2-backend-VA82Wl8V-py3.7/lib/python3.7/site-packages/urllib3/connectionpool.py", line 727, in urlopen
    method, url, error=e, _pool=self, _stacktrace=sys.exc_info()[2]
  File "/root/.cache/pypoetry/virtualenvs/cpdbv2-backend-VA82Wl8V-py3.7/lib/python3.7/site-packages/urllib3/util/retry.py", line 386, in increment
    raise six.reraise(type(error), error, _stacktrace)
  File "/root/.cache/pypoetry/virtualenvs/cpdbv2-backend-VA82Wl8V-py3.7/lib/python3.7/site-packages/urllib3/packages/six.py", line 735, in reraise
    raise value
  File "/root/.cache/pypoetry/virtualenvs/cpdbv2-backend-VA82Wl8V-py3.7/lib/python3.7/site-packages/urllib3/connectionpool.py", line 677, in urlopen
    chunked=chunked,
  File "/root/.cache/pypoetry/virtualenvs/cpdbv2-backend-VA82Wl8V-py3.7/lib/python3.7/site-packages/urllib3/connectionpool.py", line 392, in _make_request
    conn.request(method, url, **httplib_request_kw)
  File "/usr/local/lib/python3.7/http/client.py", line 1281, in request
    self._send_request(method, url, body, headers, encode_chunked)
  File "/usr/local/lib/python3.7/http/client.py", line 1327, in _send_request
    self.endheaders(body, encode_chunked=encode_chunked)
  File "/usr/local/lib/python3.7/http/client.py", line 1276, in endheaders
    self._send_output(message_body, encode_chunked=encode_chunked)
  File "/usr/local/lib/python3.7/http/client.py", line 1036, in _send_output
    self.send(msg)
  File "/usr/local/lib/python3.7/http/client.py", line 976, in send
    self.connect()
  File "/root/.cache/pypoetry/virtualenvs/cpdbv2-backend-VA82Wl8V-py3.7/lib/python3.7/site-packages/urllib3/connection.py", line 187, in connect
    conn = self._new_conn()
  File "/root/.cache/pypoetry/virtualenvs/cpdbv2-backend-VA82Wl8V-py3.7/lib/python3.7/site-packages/urllib3/connection.py", line 172, in _new_conn
    self, "Failed to establish a new connection: %s" % e
urllib3.exceptions.NewConnectionError: <urllib3.connection.HTTPConnection object at 0x7ff0694eb410>: Failed to establish a new connection: [Errno -2] Name or service not known
elasticsearch: DEBUG: > None
urllib3.util.retry: DEBUG: Converted retries value: False -> Retry(total=False, connect=None, read=None, redirect=0, status=None)
urllib3.connectionpool: DEBUG: Starting new HTTP connection (52): elasticsearch:9200
elasticsearch: WARNING: DELETE http://elasticsearch:9200/test_cr_c97d3965-996f-4fbb-b4a7-1038423423bd [status:N/A request:0.004s]
Traceback (most recent call last):
  File "/root/.cache/pypoetry/virtualenvs/cpdbv2-backend-VA82Wl8V-py3.7/lib/python3.7/site-packages/urllib3/connection.py", line 160, in _new_conn
    (self._dns_host, self.port), self.timeout, **extra_kw
  File "/root/.cache/pypoetry/virtualenvs/cpdbv2-backend-VA82Wl8V-py3.7/lib/python3.7/site-packages/urllib3/util/connection.py", line 61, in create_connection
    for res in socket.getaddrinfo(host, port, family, socket.SOCK_STREAM):
  File "/usr/local/lib/python3.7/socket.py", line 752, in getaddrinfo
    for res in _socket.getaddrinfo(host, port, family, type, proto, flags):
socket.gaierror: [Errno -2] Name or service not known

During handling of the above exception, another exception occurred:

Traceback (most recent call last):
  File "/root/.cache/pypoetry/virtualenvs/cpdbv2-backend-VA82Wl8V-py3.7/lib/python3.7/site-packages/elasticsearch/connection/http_urllib3.py", line 115, in perform_request
    response = self.pool.urlopen(method, url, body, retries=False, headers=self.headers, **kw)
  File "/root/.cache/pypoetry/virtualenvs/cpdbv2-backend-VA82Wl8V-py3.7/lib/python3.7/site-packages/urllib3/connectionpool.py", line 727, in urlopen
    method, url, error=e, _pool=self, _stacktrace=sys.exc_info()[2]
  File "/root/.cache/pypoetry/virtualenvs/cpdbv2-backend-VA82Wl8V-py3.7/lib/python3.7/site-packages/urllib3/util/retry.py", line 386, in increment
    raise six.reraise(type(error), error, _stacktrace)
  File "/root/.cache/pypoetry/virtualenvs/cpdbv2-backend-VA82Wl8V-py3.7/lib/python3.7/site-packages/urllib3/packages/six.py", line 735, in reraise
    raise value
  File "/root/.cache/pypoetry/virtualenvs/cpdbv2-backend-VA82Wl8V-py3.7/lib/python3.7/site-packages/urllib3/connectionpool.py", line 677, in urlopen
    chunked=chunked,
  File "/root/.cache/pypoetry/virtualenvs/cpdbv2-backend-VA82Wl8V-py3.7/lib/python3.7/site-packages/urllib3/connectionpool.py", line 392, in _make_request
    conn.request(method, url, **httplib_request_kw)
  File "/usr/local/lib/python3.7/http/client.py", line 1281, in request
    self._send_request(method, url, body, headers, encode_chunked)
  File "/usr/local/lib/python3.7/http/client.py", line 1327, in _send_request
    self.endheaders(body, encode_chunked=encode_chunked)
  File "/usr/local/lib/python3.7/http/client.py", line 1276, in endheaders
    self._send_output(message_body, encode_chunked=encode_chunked)
  File "/usr/local/lib/python3.7/http/client.py", line 1036, in _send_output
    self.send(msg)
  File "/usr/local/lib/python3.7/http/client.py", line 976, in send
    self.connect()
  File "/root/.cache/pypoetry/virtualenvs/cpdbv2-backend-VA82Wl8V-py3.7/lib/python3.7/site-packages/urllib3/connection.py", line 187, in connect
    conn = self._new_conn()
  File "/root/.cache/pypoetry/virtualenvs/cpdbv2-backend-VA82Wl8V-py3.7/lib/python3.7/site-packages/urllib3/connection.py", line 172, in _new_conn
    self, "Failed to establish a new connection: %s" % e
urllib3.exceptions.NewConnectionError: <urllib3.connection.HTTPConnection object at 0x7ff0694eba10>: Failed to establish a new connection: [Errno -2] Name or service not known
elasticsearch: DEBUG: > None
--------------------- >> end captured logging << ---------------------

======================================================================
ERROR: test_cr_new_documents (cr.tests.views.test_cr_viewset.CRViewSetTestCase)
----------------------------------------------------------------------
Traceback (most recent call last):
  File "/root/.cache/pypoetry/virtualenvs/cpdbv2-backend-VA82Wl8V-py3.7/lib/python3.7/site-packages/freezegun/api.py", line 735, in wrapper
    result = func(*args, **kwargs)
  File "/usr/src/app/cpdb/cr/tests/views/test_cr_viewset.py", line 30, in setUp
    super(CRViewSetTestCase, self).setUp()
  File "/usr/src/app/cpdb/cr/tests/mixins.py", line 7, in setUp
    cr_index_alias.write_index.delete(ignore=404)
  File "/root/.cache/pypoetry/virtualenvs/cpdbv2-backend-VA82Wl8V-py3.7/lib/python3.7/site-packages/elasticsearch_dsl/index.py", line 222, in delete
    self.connection.indices.delete(index=self._name, **kwargs)
  File "/root/.cache/pypoetry/virtualenvs/cpdbv2-backend-VA82Wl8V-py3.7/lib/python3.7/site-packages/elasticsearch/client/utils.py", line 73, in _wrapped
    return func(*args, params=params, **kwargs)
  File "/root/.cache/pypoetry/virtualenvs/cpdbv2-backend-VA82Wl8V-py3.7/lib/python3.7/site-packages/elasticsearch/client/indices.py", line 200, in delete
    params=params)
  File "/root/.cache/pypoetry/virtualenvs/cpdbv2-backend-VA82Wl8V-py3.7/lib/python3.7/site-packages/elasticsearch/transport.py", line 312, in perform_request
    status, headers, data = connection.perform_request(method, url, params, body, ignore=ignore, timeout=timeout)
  File "/root/.cache/pypoetry/virtualenvs/cpdbv2-backend-VA82Wl8V-py3.7/lib/python3.7/site-packages/elasticsearch/connection/http_urllib3.py", line 124, in perform_request
    raise ConnectionError('N/A', str(e), e)
elasticsearch.exceptions.ConnectionError: ConnectionError(<urllib3.connection.HTTPConnection object at 0x7ff0694cc390>: Failed to establish a new connection: [Errno -2] Name or service not known) caused by: NewConnectionError(<urllib3.connection.HTTPConnection object at 0x7ff0694cc390>: Failed to establish a new connection: [Errno -2] Name or service not known)
-------------------- >> begin captured logging << --------------------
urllib3.util.retry: DEBUG: Converted retries value: False -> Retry(total=False, connect=None, read=None, redirect=0, status=None)
urllib3.connectionpool: DEBUG: Starting new HTTP connection (53): elasticsearch:9200
elasticsearch: WARNING: DELETE http://elasticsearch:9200/test_cr_c97d3965-996f-4fbb-b4a7-1038423423bd [status:N/A request:0.000s]
Traceback (most recent call last):
  File "/root/.cache/pypoetry/virtualenvs/cpdbv2-backend-VA82Wl8V-py3.7/lib/python3.7/site-packages/urllib3/connection.py", line 160, in _new_conn
    (self._dns_host, self.port), self.timeout, **extra_kw
  File "/root/.cache/pypoetry/virtualenvs/cpdbv2-backend-VA82Wl8V-py3.7/lib/python3.7/site-packages/urllib3/util/connection.py", line 61, in create_connection
    for res in socket.getaddrinfo(host, port, family, socket.SOCK_STREAM):
  File "/usr/local/lib/python3.7/socket.py", line 752, in getaddrinfo
    for res in _socket.getaddrinfo(host, port, family, type, proto, flags):
socket.gaierror: [Errno -2] Name or service not known

During handling of the above exception, another exception occurred:

Traceback (most recent call last):
  File "/root/.cache/pypoetry/virtualenvs/cpdbv2-backend-VA82Wl8V-py3.7/lib/python3.7/site-packages/elasticsearch/connection/http_urllib3.py", line 115, in perform_request
    response = self.pool.urlopen(method, url, body, retries=False, headers=self.headers, **kw)
  File "/root/.cache/pypoetry/virtualenvs/cpdbv2-backend-VA82Wl8V-py3.7/lib/python3.7/site-packages/urllib3/connectionpool.py", line 727, in urlopen
    method, url, error=e, _pool=self, _stacktrace=sys.exc_info()[2]
  File "/root/.cache/pypoetry/virtualenvs/cpdbv2-backend-VA82Wl8V-py3.7/lib/python3.7/site-packages/urllib3/util/retry.py", line 386, in increment
    raise six.reraise(type(error), error, _stacktrace)
  File "/root/.cache/pypoetry/virtualenvs/cpdbv2-backend-VA82Wl8V-py3.7/lib/python3.7/site-packages/urllib3/packages/six.py", line 735, in reraise
    raise value
  File "/root/.cache/pypoetry/virtualenvs/cpdbv2-backend-VA82Wl8V-py3.7/lib/python3.7/site-packages/urllib3/connectionpool.py", line 677, in urlopen
    chunked=chunked,
  File "/root/.cache/pypoetry/virtualenvs/cpdbv2-backend-VA82Wl8V-py3.7/lib/python3.7/site-packages/urllib3/connectionpool.py", line 392, in _make_request
    conn.request(method, url, **httplib_request_kw)
  File "/usr/local/lib/python3.7/http/client.py", line 1281, in request
    self._send_request(method, url, body, headers, encode_chunked)
  File "/usr/local/lib/python3.7/http/client.py", line 1327, in _send_request
    self.endheaders(body, encode_chunked=encode_chunked)
  File "/usr/local/lib/python3.7/http/client.py", line 1276, in endheaders
    self._send_output(message_body, encode_chunked=encode_chunked)
  File "/usr/local/lib/python3.7/http/client.py", line 1036, in _send_output
    self.send(msg)
  File "/usr/local/lib/python3.7/http/client.py", line 976, in send
    self.connect()
  File "/root/.cache/pypoetry/virtualenvs/cpdbv2-backend-VA82Wl8V-py3.7/lib/python3.7/site-packages/urllib3/connection.py", line 187, in connect
    conn = self._new_conn()
  File "/root/.cache/pypoetry/virtualenvs/cpdbv2-backend-VA82Wl8V-py3.7/lib/python3.7/site-packages/urllib3/connection.py", line 172, in _new_conn
    self, "Failed to establish a new connection: %s" % e
urllib3.exceptions.NewConnectionError: <urllib3.connection.HTTPConnection object at 0x7ff0694ccb50>: Failed to establish a new connection: [Errno -2] Name or service not known
elasticsearch: DEBUG: > None
urllib3.util.retry: DEBUG: Converted retries value: False -> Retry(total=False, connect=None, read=None, redirect=0, status=None)
urllib3.connectionpool: DEBUG: Starting new HTTP connection (54): elasticsearch:9200
elasticsearch: WARNING: DELETE http://elasticsearch:9200/test_cr_c97d3965-996f-4fbb-b4a7-1038423423bd [status:N/A request:0.000s]
Traceback (most recent call last):
  File "/root/.cache/pypoetry/virtualenvs/cpdbv2-backend-VA82Wl8V-py3.7/lib/python3.7/site-packages/urllib3/connection.py", line 160, in _new_conn
    (self._dns_host, self.port), self.timeout, **extra_kw
  File "/root/.cache/pypoetry/virtualenvs/cpdbv2-backend-VA82Wl8V-py3.7/lib/python3.7/site-packages/urllib3/util/connection.py", line 61, in create_connection
    for res in socket.getaddrinfo(host, port, family, socket.SOCK_STREAM):
  File "/usr/local/lib/python3.7/socket.py", line 752, in getaddrinfo
    for res in _socket.getaddrinfo(host, port, family, type, proto, flags):
socket.gaierror: [Errno -2] Name or service not known

During handling of the above exception, another exception occurred:

Traceback (most recent call last):
  File "/root/.cache/pypoetry/virtualenvs/cpdbv2-backend-VA82Wl8V-py3.7/lib/python3.7/site-packages/elasticsearch/connection/http_urllib3.py", line 115, in perform_request
    response = self.pool.urlopen(method, url, body, retries=False, headers=self.headers, **kw)
  File "/root/.cache/pypoetry/virtualenvs/cpdbv2-backend-VA82Wl8V-py3.7/lib/python3.7/site-packages/urllib3/connectionpool.py", line 727, in urlopen
    method, url, error=e, _pool=self, _stacktrace=sys.exc_info()[2]
  File "/root/.cache/pypoetry/virtualenvs/cpdbv2-backend-VA82Wl8V-py3.7/lib/python3.7/site-packages/urllib3/util/retry.py", line 386, in increment
    raise six.reraise(type(error), error, _stacktrace)
  File "/root/.cache/pypoetry/virtualenvs/cpdbv2-backend-VA82Wl8V-py3.7/lib/python3.7/site-packages/urllib3/packages/six.py", line 735, in reraise
    raise value
  File "/root/.cache/pypoetry/virtualenvs/cpdbv2-backend-VA82Wl8V-py3.7/lib/python3.7/site-packages/urllib3/connectionpool.py", line 677, in urlopen
    chunked=chunked,
  File "/root/.cache/pypoetry/virtualenvs/cpdbv2-backend-VA82Wl8V-py3.7/lib/python3.7/site-packages/urllib3/connectionpool.py", line 392, in _make_request
    conn.request(method, url, **httplib_request_kw)
  File "/usr/local/lib/python3.7/http/client.py", line 1281, in request
    self._send_request(method, url, body, headers, encode_chunked)
  File "/usr/local/lib/python3.7/http/client.py", line 1327, in _send_request
    self.endheaders(body, encode_chunked=encode_chunked)
  File "/usr/local/lib/python3.7/http/client.py", line 1276, in endheaders
    self._send_output(message_body, encode_chunked=encode_chunked)
  File "/usr/local/lib/python3.7/http/client.py", line 1036, in _send_output
    self.send(msg)
  File "/usr/local/lib/python3.7/http/client.py", line 976, in send
    self.connect()
  File "/root/.cache/pypoetry/virtualenvs/cpdbv2-backend-VA82Wl8V-py3.7/lib/python3.7/site-packages/urllib3/connection.py", line 187, in connect
    conn = self._new_conn()
  File "/root/.cache/pypoetry/virtualenvs/cpdbv2-backend-VA82Wl8V-py3.7/lib/python3.7/site-packages/urllib3/connection.py", line 172, in _new_conn
    self, "Failed to establish a new connection: %s" % e
urllib3.exceptions.NewConnectionError: <urllib3.connection.HTTPConnection object at 0x7ff0694cc610>: Failed to establish a new connection: [Errno -2] Name or service not known
elasticsearch: DEBUG: > None
urllib3.util.retry: DEBUG: Converted retries value: False -> Retry(total=False, connect=None, read=None, redirect=0, status=None)
urllib3.connectionpool: DEBUG: Starting new HTTP connection (55): elasticsearch:9200
elasticsearch: WARNING: DELETE http://elasticsearch:9200/test_cr_c97d3965-996f-4fbb-b4a7-1038423423bd [status:N/A request:0.000s]
Traceback (most recent call last):
  File "/root/.cache/pypoetry/virtualenvs/cpdbv2-backend-VA82Wl8V-py3.7/lib/python3.7/site-packages/urllib3/connection.py", line 160, in _new_conn
    (self._dns_host, self.port), self.timeout, **extra_kw
  File "/root/.cache/pypoetry/virtualenvs/cpdbv2-backend-VA82Wl8V-py3.7/lib/python3.7/site-packages/urllib3/util/connection.py", line 61, in create_connection
    for res in socket.getaddrinfo(host, port, family, socket.SOCK_STREAM):
  File "/usr/local/lib/python3.7/socket.py", line 752, in getaddrinfo
    for res in _socket.getaddrinfo(host, port, family, type, proto, flags):
socket.gaierror: [Errno -2] Name or service not known

During handling of the above exception, another exception occurred:

Traceback (most recent call last):
  File "/root/.cache/pypoetry/virtualenvs/cpdbv2-backend-VA82Wl8V-py3.7/lib/python3.7/site-packages/elasticsearch/connection/http_urllib3.py", line 115, in perform_request
    response = self.pool.urlopen(method, url, body, retries=False, headers=self.headers, **kw)
  File "/root/.cache/pypoetry/virtualenvs/cpdbv2-backend-VA82Wl8V-py3.7/lib/python3.7/site-packages/urllib3/connectionpool.py", line 727, in urlopen
    method, url, error=e, _pool=self, _stacktrace=sys.exc_info()[2]
  File "/root/.cache/pypoetry/virtualenvs/cpdbv2-backend-VA82Wl8V-py3.7/lib/python3.7/site-packages/urllib3/util/retry.py", line 386, in increment
    raise six.reraise(type(error), error, _stacktrace)
  File "/root/.cache/pypoetry/virtualenvs/cpdbv2-backend-VA82Wl8V-py3.7/lib/python3.7/site-packages/urllib3/packages/six.py", line 735, in reraise
    raise value
  File "/root/.cache/pypoetry/virtualenvs/cpdbv2-backend-VA82Wl8V-py3.7/lib/python3.7/site-packages/urllib3/connectionpool.py", line 677, in urlopen
    chunked=chunked,
  File "/root/.cache/pypoetry/virtualenvs/cpdbv2-backend-VA82Wl8V-py3.7/lib/python3.7/site-packages/urllib3/connectionpool.py", line 392, in _make_request
    conn.request(method, url, **httplib_request_kw)
  File "/usr/local/lib/python3.7/http/client.py", line 1281, in request
    self._send_request(method, url, body, headers, encode_chunked)
  File "/usr/local/lib/python3.7/http/client.py", line 1327, in _send_request
    self.endheaders(body, encode_chunked=encode_chunked)
  File "/usr/local/lib/python3.7/http/client.py", line 1276, in endheaders
    self._send_output(message_body, encode_chunked=encode_chunked)
  File "/usr/local/lib/python3.7/http/client.py", line 1036, in _send_output
    self.send(msg)
  File "/usr/local/lib/python3.7/http/client.py", line 976, in send
    self.connect()
  File "/root/.cache/pypoetry/virtualenvs/cpdbv2-backend-VA82Wl8V-py3.7/lib/python3.7/site-packages/urllib3/connection.py", line 187, in connect
    conn = self._new_conn()
  File "/root/.cache/pypoetry/virtualenvs/cpdbv2-backend-VA82Wl8V-py3.7/lib/python3.7/site-packages/urllib3/connection.py", line 172, in _new_conn
    self, "Failed to establish a new connection: %s" % e
urllib3.exceptions.NewConnectionError: <urllib3.connection.HTTPConnection object at 0x7ff0694ccf50>: Failed to establish a new connection: [Errno -2] Name or service not known
elasticsearch: DEBUG: > None
urllib3.util.retry: DEBUG: Converted retries value: False -> Retry(total=False, connect=None, read=None, redirect=0, status=None)
urllib3.connectionpool: DEBUG: Starting new HTTP connection (56): elasticsearch:9200
elasticsearch: WARNING: DELETE http://elasticsearch:9200/test_cr_c97d3965-996f-4fbb-b4a7-1038423423bd [status:N/A request:0.000s]
Traceback (most recent call last):
  File "/root/.cache/pypoetry/virtualenvs/cpdbv2-backend-VA82Wl8V-py3.7/lib/python3.7/site-packages/urllib3/connection.py", line 160, in _new_conn
    (self._dns_host, self.port), self.timeout, **extra_kw
  File "/root/.cache/pypoetry/virtualenvs/cpdbv2-backend-VA82Wl8V-py3.7/lib/python3.7/site-packages/urllib3/util/connection.py", line 61, in create_connection
    for res in socket.getaddrinfo(host, port, family, socket.SOCK_STREAM):
  File "/usr/local/lib/python3.7/socket.py", line 752, in getaddrinfo
    for res in _socket.getaddrinfo(host, port, family, type, proto, flags):
socket.gaierror: [Errno -2] Name or service not known

During handling of the above exception, another exception occurred:

Traceback (most recent call last):
  File "/root/.cache/pypoetry/virtualenvs/cpdbv2-backend-VA82Wl8V-py3.7/lib/python3.7/site-packages/elasticsearch/connection/http_urllib3.py", line 115, in perform_request
    response = self.pool.urlopen(method, url, body, retries=False, headers=self.headers, **kw)
  File "/root/.cache/pypoetry/virtualenvs/cpdbv2-backend-VA82Wl8V-py3.7/lib/python3.7/site-packages/urllib3/connectionpool.py", line 727, in urlopen
    method, url, error=e, _pool=self, _stacktrace=sys.exc_info()[2]
  File "/root/.cache/pypoetry/virtualenvs/cpdbv2-backend-VA82Wl8V-py3.7/lib/python3.7/site-packages/urllib3/util/retry.py", line 386, in increment
    raise six.reraise(type(error), error, _stacktrace)
  File "/root/.cache/pypoetry/virtualenvs/cpdbv2-backend-VA82Wl8V-py3.7/lib/python3.7/site-packages/urllib3/packages/six.py", line 735, in reraise
    raise value
  File "/root/.cache/pypoetry/virtualenvs/cpdbv2-backend-VA82Wl8V-py3.7/lib/python3.7/site-packages/urllib3/connectionpool.py", line 677, in urlopen
    chunked=chunked,
  File "/root/.cache/pypoetry/virtualenvs/cpdbv2-backend-VA82Wl8V-py3.7/lib/python3.7/site-packages/urllib3/connectionpool.py", line 392, in _make_request
    conn.request(method, url, **httplib_request_kw)
  File "/usr/local/lib/python3.7/http/client.py", line 1281, in request
    self._send_request(method, url, body, headers, encode_chunked)
  File "/usr/local/lib/python3.7/http/client.py", line 1327, in _send_request
    self.endheaders(body, encode_chunked=encode_chunked)
  File "/usr/local/lib/python3.7/http/client.py", line 1276, in endheaders
    self._send_output(message_body, encode_chunked=encode_chunked)
  File "/usr/local/lib/python3.7/http/client.py", line 1036, in _send_output
    self.send(msg)
  File "/usr/local/lib/python3.7/http/client.py", line 976, in send
    self.connect()
  File "/root/.cache/pypoetry/virtualenvs/cpdbv2-backend-VA82Wl8V-py3.7/lib/python3.7/site-packages/urllib3/connection.py", line 187, in connect
    conn = self._new_conn()
  File "/root/.cache/pypoetry/virtualenvs/cpdbv2-backend-VA82Wl8V-py3.7/lib/python3.7/site-packages/urllib3/connection.py", line 172, in _new_conn
    self, "Failed to establish a new connection: %s" % e
urllib3.exceptions.NewConnectionError: <urllib3.connection.HTTPConnection object at 0x7ff0694cc390>: Failed to establish a new connection: [Errno -2] Name or service not known
elasticsearch: DEBUG: > None
--------------------- >> end captured logging << ---------------------

======================================================================
ERROR: test_request_complaint_summary (cr.tests.views.test_cr_viewset.CRViewSetTestCase)
----------------------------------------------------------------------
Traceback (most recent call last):
  File "/root/.cache/pypoetry/virtualenvs/cpdbv2-backend-VA82Wl8V-py3.7/lib/python3.7/site-packages/freezegun/api.py", line 735, in wrapper
    result = func(*args, **kwargs)
  File "/usr/src/app/cpdb/cr/tests/views/test_cr_viewset.py", line 30, in setUp
    super(CRViewSetTestCase, self).setUp()
  File "/usr/src/app/cpdb/cr/tests/mixins.py", line 7, in setUp
    cr_index_alias.write_index.delete(ignore=404)
  File "/root/.cache/pypoetry/virtualenvs/cpdbv2-backend-VA82Wl8V-py3.7/lib/python3.7/site-packages/elasticsearch_dsl/index.py", line 222, in delete
    self.connection.indices.delete(index=self._name, **kwargs)
  File "/root/.cache/pypoetry/virtualenvs/cpdbv2-backend-VA82Wl8V-py3.7/lib/python3.7/site-packages/elasticsearch/client/utils.py", line 73, in _wrapped
    return func(*args, params=params, **kwargs)
  File "/root/.cache/pypoetry/virtualenvs/cpdbv2-backend-VA82Wl8V-py3.7/lib/python3.7/site-packages/elasticsearch/client/indices.py", line 200, in delete
    params=params)
  File "/root/.cache/pypoetry/virtualenvs/cpdbv2-backend-VA82Wl8V-py3.7/lib/python3.7/site-packages/elasticsearch/transport.py", line 312, in perform_request
    status, headers, data = connection.perform_request(method, url, params, body, ignore=ignore, timeout=timeout)
  File "/root/.cache/pypoetry/virtualenvs/cpdbv2-backend-VA82Wl8V-py3.7/lib/python3.7/site-packages/elasticsearch/connection/http_urllib3.py", line 124, in perform_request
    raise ConnectionError('N/A', str(e), e)
elasticsearch.exceptions.ConnectionError: ConnectionError(<urllib3.connection.HTTPConnection object at 0x7ff0694cc190>: Failed to establish a new connection: [Errno -2] Name or service not known) caused by: NewConnectionError(<urllib3.connection.HTTPConnection object at 0x7ff0694cc190>: Failed to establish a new connection: [Errno -2] Name or service not known)
-------------------- >> begin captured logging << --------------------
urllib3.util.retry: DEBUG: Converted retries value: False -> Retry(total=False, connect=None, read=None, redirect=0, status=None)
urllib3.connectionpool: DEBUG: Starting new HTTP connection (57): elasticsearch:9200
elasticsearch: WARNING: DELETE http://elasticsearch:9200/test_cr_c97d3965-996f-4fbb-b4a7-1038423423bd [status:N/A request:0.000s]
Traceback (most recent call last):
  File "/root/.cache/pypoetry/virtualenvs/cpdbv2-backend-VA82Wl8V-py3.7/lib/python3.7/site-packages/urllib3/connection.py", line 160, in _new_conn
    (self._dns_host, self.port), self.timeout, **extra_kw
  File "/root/.cache/pypoetry/virtualenvs/cpdbv2-backend-VA82Wl8V-py3.7/lib/python3.7/site-packages/urllib3/util/connection.py", line 61, in create_connection
    for res in socket.getaddrinfo(host, port, family, socket.SOCK_STREAM):
  File "/usr/local/lib/python3.7/socket.py", line 752, in getaddrinfo
    for res in _socket.getaddrinfo(host, port, family, type, proto, flags):
socket.gaierror: [Errno -2] Name or service not known

During handling of the above exception, another exception occurred:

Traceback (most recent call last):
  File "/root/.cache/pypoetry/virtualenvs/cpdbv2-backend-VA82Wl8V-py3.7/lib/python3.7/site-packages/elasticsearch/connection/http_urllib3.py", line 115, in perform_request
    response = self.pool.urlopen(method, url, body, retries=False, headers=self.headers, **kw)
  File "/root/.cache/pypoetry/virtualenvs/cpdbv2-backend-VA82Wl8V-py3.7/lib/python3.7/site-packages/urllib3/connectionpool.py", line 727, in urlopen
    method, url, error=e, _pool=self, _stacktrace=sys.exc_info()[2]
  File "/root/.cache/pypoetry/virtualenvs/cpdbv2-backend-VA82Wl8V-py3.7/lib/python3.7/site-packages/urllib3/util/retry.py", line 386, in increment
    raise six.reraise(type(error), error, _stacktrace)
  File "/root/.cache/pypoetry/virtualenvs/cpdbv2-backend-VA82Wl8V-py3.7/lib/python3.7/site-packages/urllib3/packages/six.py", line 735, in reraise
    raise value
  File "/root/.cache/pypoetry/virtualenvs/cpdbv2-backend-VA82Wl8V-py3.7/lib/python3.7/site-packages/urllib3/connectionpool.py", line 677, in urlopen
    chunked=chunked,
  File "/root/.cache/pypoetry/virtualenvs/cpdbv2-backend-VA82Wl8V-py3.7/lib/python3.7/site-packages/urllib3/connectionpool.py", line 392, in _make_request
    conn.request(method, url, **httplib_request_kw)
  File "/usr/local/lib/python3.7/http/client.py", line 1281, in request
    self._send_request(method, url, body, headers, encode_chunked)
  File "/usr/local/lib/python3.7/http/client.py", line 1327, in _send_request
    self.endheaders(body, encode_chunked=encode_chunked)
  File "/usr/local/lib/python3.7/http/client.py", line 1276, in endheaders
    self._send_output(message_body, encode_chunked=encode_chunked)
  File "/usr/local/lib/python3.7/http/client.py", line 1036, in _send_output
    self.send(msg)
  File "/usr/local/lib/python3.7/http/client.py", line 976, in send
    self.connect()
  File "/root/.cache/pypoetry/virtualenvs/cpdbv2-backend-VA82Wl8V-py3.7/lib/python3.7/site-packages/urllib3/connection.py", line 187, in connect
    conn = self._new_conn()
  File "/root/.cache/pypoetry/virtualenvs/cpdbv2-backend-VA82Wl8V-py3.7/lib/python3.7/site-packages/urllib3/connection.py", line 172, in _new_conn
    self, "Failed to establish a new connection: %s" % e
urllib3.exceptions.NewConnectionError: <urllib3.connection.HTTPConnection object at 0x7ff0693c7dd0>: Failed to establish a new connection: [Errno -2] Name or service not known
elasticsearch: DEBUG: > None
urllib3.util.retry: DEBUG: Converted retries value: False -> Retry(total=False, connect=None, read=None, redirect=0, status=None)
urllib3.connectionpool: DEBUG: Starting new HTTP connection (58): elasticsearch:9200
elasticsearch: WARNING: DELETE http://elasticsearch:9200/test_cr_c97d3965-996f-4fbb-b4a7-1038423423bd [status:N/A request:0.000s]
Traceback (most recent call last):
  File "/root/.cache/pypoetry/virtualenvs/cpdbv2-backend-VA82Wl8V-py3.7/lib/python3.7/site-packages/urllib3/connection.py", line 160, in _new_conn
    (self._dns_host, self.port), self.timeout, **extra_kw
  File "/root/.cache/pypoetry/virtualenvs/cpdbv2-backend-VA82Wl8V-py3.7/lib/python3.7/site-packages/urllib3/util/connection.py", line 61, in create_connection
    for res in socket.getaddrinfo(host, port, family, socket.SOCK_STREAM):
  File "/usr/local/lib/python3.7/socket.py", line 752, in getaddrinfo
    for res in _socket.getaddrinfo(host, port, family, type, proto, flags):
socket.gaierror: [Errno -2] Name or service not known

During handling of the above exception, another exception occurred:

Traceback (most recent call last):
  File "/root/.cache/pypoetry/virtualenvs/cpdbv2-backend-VA82Wl8V-py3.7/lib/python3.7/site-packages/elasticsearch/connection/http_urllib3.py", line 115, in perform_request
    response = self.pool.urlopen(method, url, body, retries=False, headers=self.headers, **kw)
  File "/root/.cache/pypoetry/virtualenvs/cpdbv2-backend-VA82Wl8V-py3.7/lib/python3.7/site-packages/urllib3/connectionpool.py", line 727, in urlopen
    method, url, error=e, _pool=self, _stacktrace=sys.exc_info()[2]
  File "/root/.cache/pypoetry/virtualenvs/cpdbv2-backend-VA82Wl8V-py3.7/lib/python3.7/site-packages/urllib3/util/retry.py", line 386, in increment
    raise six.reraise(type(error), error, _stacktrace)
  File "/root/.cache/pypoetry/virtualenvs/cpdbv2-backend-VA82Wl8V-py3.7/lib/python3.7/site-packages/urllib3/packages/six.py", line 735, in reraise
    raise value
  File "/root/.cache/pypoetry/virtualenvs/cpdbv2-backend-VA82Wl8V-py3.7/lib/python3.7/site-packages/urllib3/connectionpool.py", line 677, in urlopen
    chunked=chunked,
  File "/root/.cache/pypoetry/virtualenvs/cpdbv2-backend-VA82Wl8V-py3.7/lib/python3.7/site-packages/urllib3/connectionpool.py", line 392, in _make_request
    conn.request(method, url, **httplib_request_kw)
  File "/usr/local/lib/python3.7/http/client.py", line 1281, in request
    self._send_request(method, url, body, headers, encode_chunked)
  File "/usr/local/lib/python3.7/http/client.py", line 1327, in _send_request
    self.endheaders(body, encode_chunked=encode_chunked)
  File "/usr/local/lib/python3.7/http/client.py", line 1276, in endheaders
    self._send_output(message_body, encode_chunked=encode_chunked)
  File "/usr/local/lib/python3.7/http/client.py", line 1036, in _send_output
    self.send(msg)
  File "/usr/local/lib/python3.7/http/client.py", line 976, in send
    self.connect()
  File "/root/.cache/pypoetry/virtualenvs/cpdbv2-backend-VA82Wl8V-py3.7/lib/python3.7/site-packages/urllib3/connection.py", line 187, in connect
    conn = self._new_conn()
  File "/root/.cache/pypoetry/virtualenvs/cpdbv2-backend-VA82Wl8V-py3.7/lib/python3.7/site-packages/urllib3/connection.py", line 172, in _new_conn
    self, "Failed to establish a new connection: %s" % e
urllib3.exceptions.NewConnectionError: <urllib3.connection.HTTPConnection object at 0x7ff0694cc2d0>: Failed to establish a new connection: [Errno -2] Name or service not known
elasticsearch: DEBUG: > None
urllib3.util.retry: DEBUG: Converted retries value: False -> Retry(total=False, connect=None, read=None, redirect=0, status=None)
urllib3.connectionpool: DEBUG: Starting new HTTP connection (59): elasticsearch:9200
elasticsearch: WARNING: DELETE http://elasticsearch:9200/test_cr_c97d3965-996f-4fbb-b4a7-1038423423bd [status:N/A request:0.000s]
Traceback (most recent call last):
  File "/root/.cache/pypoetry/virtualenvs/cpdbv2-backend-VA82Wl8V-py3.7/lib/python3.7/site-packages/urllib3/connection.py", line 160, in _new_conn
    (self._dns_host, self.port), self.timeout, **extra_kw
  File "/root/.cache/pypoetry/virtualenvs/cpdbv2-backend-VA82Wl8V-py3.7/lib/python3.7/site-packages/urllib3/util/connection.py", line 61, in create_connection
    for res in socket.getaddrinfo(host, port, family, socket.SOCK_STREAM):
  File "/usr/local/lib/python3.7/socket.py", line 752, in getaddrinfo
    for res in _socket.getaddrinfo(host, port, family, type, proto, flags):
socket.gaierror: [Errno -2] Name or service not known

During handling of the above exception, another exception occurred:

Traceback (most recent call last):
  File "/root/.cache/pypoetry/virtualenvs/cpdbv2-backend-VA82Wl8V-py3.7/lib/python3.7/site-packages/elasticsearch/connection/http_urllib3.py", line 115, in perform_request
    response = self.pool.urlopen(method, url, body, retries=False, headers=self.headers, **kw)
  File "/root/.cache/pypoetry/virtualenvs/cpdbv2-backend-VA82Wl8V-py3.7/lib/python3.7/site-packages/urllib3/connectionpool.py", line 727, in urlopen
    method, url, error=e, _pool=self, _stacktrace=sys.exc_info()[2]
  File "/root/.cache/pypoetry/virtualenvs/cpdbv2-backend-VA82Wl8V-py3.7/lib/python3.7/site-packages/urllib3/util/retry.py", line 386, in increment
    raise six.reraise(type(error), error, _stacktrace)
  File "/root/.cache/pypoetry/virtualenvs/cpdbv2-backend-VA82Wl8V-py3.7/lib/python3.7/site-packages/urllib3/packages/six.py", line 735, in reraise
    raise value
  File "/root/.cache/pypoetry/virtualenvs/cpdbv2-backend-VA82Wl8V-py3.7/lib/python3.7/site-packages/urllib3/connectionpool.py", line 677, in urlopen
    chunked=chunked,
  File "/root/.cache/pypoetry/virtualenvs/cpdbv2-backend-VA82Wl8V-py3.7/lib/python3.7/site-packages/urllib3/connectionpool.py", line 392, in _make_request
    conn.request(method, url, **httplib_request_kw)
  File "/usr/local/lib/python3.7/http/client.py", line 1281, in request
    self._send_request(method, url, body, headers, encode_chunked)
  File "/usr/local/lib/python3.7/http/client.py", line 1327, in _send_request
    self.endheaders(body, encode_chunked=encode_chunked)
  File "/usr/local/lib/python3.7/http/client.py", line 1276, in endheaders
    self._send_output(message_body, encode_chunked=encode_chunked)
  File "/usr/local/lib/python3.7/http/client.py", line 1036, in _send_output
    self.send(msg)
  File "/usr/local/lib/python3.7/http/client.py", line 976, in send
    self.connect()
  File "/root/.cache/pypoetry/virtualenvs/cpdbv2-backend-VA82Wl8V-py3.7/lib/python3.7/site-packages/urllib3/connection.py", line 187, in connect
    conn = self._new_conn()
  File "/root/.cache/pypoetry/virtualenvs/cpdbv2-backend-VA82Wl8V-py3.7/lib/python3.7/site-packages/urllib3/connection.py", line 172, in _new_conn
    self, "Failed to establish a new connection: %s" % e
urllib3.exceptions.NewConnectionError: <urllib3.connection.HTTPConnection object at 0x7ff0694ccad0>: Failed to establish a new connection: [Errno -2] Name or service not known
elasticsearch: DEBUG: > None
urllib3.util.retry: DEBUG: Converted retries value: False -> Retry(total=False, connect=None, read=None, redirect=0, status=None)
urllib3.connectionpool: DEBUG: Starting new HTTP connection (60): elasticsearch:9200
elasticsearch: WARNING: DELETE http://elasticsearch:9200/test_cr_c97d3965-996f-4fbb-b4a7-1038423423bd [status:N/A request:0.000s]
Traceback (most recent call last):
  File "/root/.cache/pypoetry/virtualenvs/cpdbv2-backend-VA82Wl8V-py3.7/lib/python3.7/site-packages/urllib3/connection.py", line 160, in _new_conn
    (self._dns_host, self.port), self.timeout, **extra_kw
  File "/root/.cache/pypoetry/virtualenvs/cpdbv2-backend-VA82Wl8V-py3.7/lib/python3.7/site-packages/urllib3/util/connection.py", line 61, in create_connection
    for res in socket.getaddrinfo(host, port, family, socket.SOCK_STREAM):
  File "/usr/local/lib/python3.7/socket.py", line 752, in getaddrinfo
    for res in _socket.getaddrinfo(host, port, family, type, proto, flags):
socket.gaierror: [Errno -2] Name or service not known

During handling of the above exception, another exception occurred:

Traceback (most recent call last):
  File "/root/.cache/pypoetry/virtualenvs/cpdbv2-backend-VA82Wl8V-py3.7/lib/python3.7/site-packages/elasticsearch/connection/http_urllib3.py", line 115, in perform_request
    response = self.pool.urlopen(method, url, body, retries=False, headers=self.headers, **kw)
  File "/root/.cache/pypoetry/virtualenvs/cpdbv2-backend-VA82Wl8V-py3.7/lib/python3.7/site-packages/urllib3/connectionpool.py", line 727, in urlopen
    method, url, error=e, _pool=self, _stacktrace=sys.exc_info()[2]
  File "/root/.cache/pypoetry/virtualenvs/cpdbv2-backend-VA82Wl8V-py3.7/lib/python3.7/site-packages/urllib3/util/retry.py", line 386, in increment
    raise six.reraise(type(error), error, _stacktrace)
  File "/root/.cache/pypoetry/virtualenvs/cpdbv2-backend-VA82Wl8V-py3.7/lib/python3.7/site-packages/urllib3/packages/six.py", line 735, in reraise
    raise value
  File "/root/.cache/pypoetry/virtualenvs/cpdbv2-backend-VA82Wl8V-py3.7/lib/python3.7/site-packages/urllib3/connectionpool.py", line 677, in urlopen
    chunked=chunked,
  File "/root/.cache/pypoetry/virtualenvs/cpdbv2-backend-VA82Wl8V-py3.7/lib/python3.7/site-packages/urllib3/connectionpool.py", line 392, in _make_request
    conn.request(method, url, **httplib_request_kw)
  File "/usr/local/lib/python3.7/http/client.py", line 1281, in request
    self._send_request(method, url, body, headers, encode_chunked)
  File "/usr/local/lib/python3.7/http/client.py", line 1327, in _send_request
    self.endheaders(body, encode_chunked=encode_chunked)
  File "/usr/local/lib/python3.7/http/client.py", line 1276, in endheaders
    self._send_output(message_body, encode_chunked=encode_chunked)
  File "/usr/local/lib/python3.7/http/client.py", line 1036, in _send_output
    self.send(msg)
  File "/usr/local/lib/python3.7/http/client.py", line 976, in send
    self.connect()
  File "/root/.cache/pypoetry/virtualenvs/cpdbv2-backend-VA82Wl8V-py3.7/lib/python3.7/site-packages/urllib3/connection.py", line 187, in connect
    conn = self._new_conn()
  File "/root/.cache/pypoetry/virtualenvs/cpdbv2-backend-VA82Wl8V-py3.7/lib/python3.7/site-packages/urllib3/connection.py", line 172, in _new_conn
    self, "Failed to establish a new connection: %s" % e
urllib3.exceptions.NewConnectionError: <urllib3.connection.HTTPConnection object at 0x7ff0694cc190>: Failed to establish a new connection: [Errno -2] Name or service not known
elasticsearch: DEBUG: > None
--------------------- >> end captured logging << ---------------------

======================================================================
ERROR: test_request_document (cr.tests.views.test_cr_viewset.CRViewSetTestCase)
----------------------------------------------------------------------
Traceback (most recent call last):
  File "/root/.cache/pypoetry/virtualenvs/cpdbv2-backend-VA82Wl8V-py3.7/lib/python3.7/site-packages/freezegun/api.py", line 735, in wrapper
    result = func(*args, **kwargs)
  File "/usr/src/app/cpdb/cr/tests/views/test_cr_viewset.py", line 30, in setUp
    super(CRViewSetTestCase, self).setUp()
  File "/usr/src/app/cpdb/cr/tests/mixins.py", line 7, in setUp
    cr_index_alias.write_index.delete(ignore=404)
  File "/root/.cache/pypoetry/virtualenvs/cpdbv2-backend-VA82Wl8V-py3.7/lib/python3.7/site-packages/elasticsearch_dsl/index.py", line 222, in delete
    self.connection.indices.delete(index=self._name, **kwargs)
  File "/root/.cache/pypoetry/virtualenvs/cpdbv2-backend-VA82Wl8V-py3.7/lib/python3.7/site-packages/elasticsearch/client/utils.py", line 73, in _wrapped
    return func(*args, params=params, **kwargs)
  File "/root/.cache/pypoetry/virtualenvs/cpdbv2-backend-VA82Wl8V-py3.7/lib/python3.7/site-packages/elasticsearch/client/indices.py", line 200, in delete
    params=params)
  File "/root/.cache/pypoetry/virtualenvs/cpdbv2-backend-VA82Wl8V-py3.7/lib/python3.7/site-packages/elasticsearch/transport.py", line 312, in perform_request
    status, headers, data = connection.perform_request(method, url, params, body, ignore=ignore, timeout=timeout)
  File "/root/.cache/pypoetry/virtualenvs/cpdbv2-backend-VA82Wl8V-py3.7/lib/python3.7/site-packages/elasticsearch/connection/http_urllib3.py", line 124, in perform_request
    raise ConnectionError('N/A', str(e), e)
elasticsearch.exceptions.ConnectionError: ConnectionError(<urllib3.connection.HTTPConnection object at 0x7ff0694cc550>: Failed to establish a new connection: [Errno -2] Name or service not known) caused by: NewConnectionError(<urllib3.connection.HTTPConnection object at 0x7ff0694cc550>: Failed to establish a new connection: [Errno -2] Name or service not known)
-------------------- >> begin captured logging << --------------------
urllib3.util.retry: DEBUG: Converted retries value: False -> Retry(total=False, connect=None, read=None, redirect=0, status=None)
urllib3.connectionpool: DEBUG: Starting new HTTP connection (61): elasticsearch:9200
elasticsearch: WARNING: DELETE http://elasticsearch:9200/test_cr_c97d3965-996f-4fbb-b4a7-1038423423bd [status:N/A request:0.000s]
Traceback (most recent call last):
  File "/root/.cache/pypoetry/virtualenvs/cpdbv2-backend-VA82Wl8V-py3.7/lib/python3.7/site-packages/urllib3/connection.py", line 160, in _new_conn
    (self._dns_host, self.port), self.timeout, **extra_kw
  File "/root/.cache/pypoetry/virtualenvs/cpdbv2-backend-VA82Wl8V-py3.7/lib/python3.7/site-packages/urllib3/util/connection.py", line 61, in create_connection
    for res in socket.getaddrinfo(host, port, family, socket.SOCK_STREAM):
  File "/usr/local/lib/python3.7/socket.py", line 752, in getaddrinfo
    for res in _socket.getaddrinfo(host, port, family, type, proto, flags):
socket.gaierror: [Errno -2] Name or service not known

During handling of the above exception, another exception occurred:

Traceback (most recent call last):
  File "/root/.cache/pypoetry/virtualenvs/cpdbv2-backend-VA82Wl8V-py3.7/lib/python3.7/site-packages/elasticsearch/connection/http_urllib3.py", line 115, in perform_request
    response = self.pool.urlopen(method, url, body, retries=False, headers=self.headers, **kw)
  File "/root/.cache/pypoetry/virtualenvs/cpdbv2-backend-VA82Wl8V-py3.7/lib/python3.7/site-packages/urllib3/connectionpool.py", line 727, in urlopen
    method, url, error=e, _pool=self, _stacktrace=sys.exc_info()[2]
  File "/root/.cache/pypoetry/virtualenvs/cpdbv2-backend-VA82Wl8V-py3.7/lib/python3.7/site-packages/urllib3/util/retry.py", line 386, in increment
    raise six.reraise(type(error), error, _stacktrace)
  File "/root/.cache/pypoetry/virtualenvs/cpdbv2-backend-VA82Wl8V-py3.7/lib/python3.7/site-packages/urllib3/packages/six.py", line 735, in reraise
    raise value
  File "/root/.cache/pypoetry/virtualenvs/cpdbv2-backend-VA82Wl8V-py3.7/lib/python3.7/site-packages/urllib3/connectionpool.py", line 677, in urlopen
    chunked=chunked,
  File "/root/.cache/pypoetry/virtualenvs/cpdbv2-backend-VA82Wl8V-py3.7/lib/python3.7/site-packages/urllib3/connectionpool.py", line 392, in _make_request
    conn.request(method, url, **httplib_request_kw)
  File "/usr/local/lib/python3.7/http/client.py", line 1281, in request
    self._send_request(method, url, body, headers, encode_chunked)
  File "/usr/local/lib/python3.7/http/client.py", line 1327, in _send_request
    self.endheaders(body, encode_chunked=encode_chunked)
  File "/usr/local/lib/python3.7/http/client.py", line 1276, in endheaders
    self._send_output(message_body, encode_chunked=encode_chunked)
  File "/usr/local/lib/python3.7/http/client.py", line 1036, in _send_output
    self.send(msg)
  File "/usr/local/lib/python3.7/http/client.py", line 976, in send
    self.connect()
  File "/root/.cache/pypoetry/virtualenvs/cpdbv2-backend-VA82Wl8V-py3.7/lib/python3.7/site-packages/urllib3/connection.py", line 187, in connect
    conn = self._new_conn()
  File "/root/.cache/pypoetry/virtualenvs/cpdbv2-backend-VA82Wl8V-py3.7/lib/python3.7/site-packages/urllib3/connection.py", line 172, in _new_conn
    self, "Failed to establish a new connection: %s" % e
urllib3.exceptions.NewConnectionError: <urllib3.connection.HTTPConnection object at 0x7ff0694cc6d0>: Failed to establish a new connection: [Errno -2] Name or service not known
elasticsearch: DEBUG: > None
urllib3.util.retry: DEBUG: Converted retries value: False -> Retry(total=False, connect=None, read=None, redirect=0, status=None)
urllib3.connectionpool: DEBUG: Starting new HTTP connection (62): elasticsearch:9200
elasticsearch: WARNING: DELETE http://elasticsearch:9200/test_cr_c97d3965-996f-4fbb-b4a7-1038423423bd [status:N/A request:0.000s]
Traceback (most recent call last):
  File "/root/.cache/pypoetry/virtualenvs/cpdbv2-backend-VA82Wl8V-py3.7/lib/python3.7/site-packages/urllib3/connection.py", line 160, in _new_conn
    (self._dns_host, self.port), self.timeout, **extra_kw
  File "/root/.cache/pypoetry/virtualenvs/cpdbv2-backend-VA82Wl8V-py3.7/lib/python3.7/site-packages/urllib3/util/connection.py", line 61, in create_connection
    for res in socket.getaddrinfo(host, port, family, socket.SOCK_STREAM):
  File "/usr/local/lib/python3.7/socket.py", line 752, in getaddrinfo
    for res in _socket.getaddrinfo(host, port, family, type, proto, flags):
socket.gaierror: [Errno -2] Name or service not known

During handling of the above exception, another exception occurred:

Traceback (most recent call last):
  File "/root/.cache/pypoetry/virtualenvs/cpdbv2-backend-VA82Wl8V-py3.7/lib/python3.7/site-packages/elasticsearch/connection/http_urllib3.py", line 115, in perform_request
    response = self.pool.urlopen(method, url, body, retries=False, headers=self.headers, **kw)
  File "/root/.cache/pypoetry/virtualenvs/cpdbv2-backend-VA82Wl8V-py3.7/lib/python3.7/site-packages/urllib3/connectionpool.py", line 727, in urlopen
    method, url, error=e, _pool=self, _stacktrace=sys.exc_info()[2]
  File "/root/.cache/pypoetry/virtualenvs/cpdbv2-backend-VA82Wl8V-py3.7/lib/python3.7/site-packages/urllib3/util/retry.py", line 386, in increment
    raise six.reraise(type(error), error, _stacktrace)
  File "/root/.cache/pypoetry/virtualenvs/cpdbv2-backend-VA82Wl8V-py3.7/lib/python3.7/site-packages/urllib3/packages/six.py", line 735, in reraise
    raise value
  File "/root/.cache/pypoetry/virtualenvs/cpdbv2-backend-VA82Wl8V-py3.7/lib/python3.7/site-packages/urllib3/connectionpool.py", line 677, in urlopen
    chunked=chunked,
  File "/root/.cache/pypoetry/virtualenvs/cpdbv2-backend-VA82Wl8V-py3.7/lib/python3.7/site-packages/urllib3/connectionpool.py", line 392, in _make_request
    conn.request(method, url, **httplib_request_kw)
  File "/usr/local/lib/python3.7/http/client.py", line 1281, in request
    self._send_request(method, url, body, headers, encode_chunked)
  File "/usr/local/lib/python3.7/http/client.py", line 1327, in _send_request
    self.endheaders(body, encode_chunked=encode_chunked)
  File "/usr/local/lib/python3.7/http/client.py", line 1276, in endheaders
    self._send_output(message_body, encode_chunked=encode_chunked)
  File "/usr/local/lib/python3.7/http/client.py", line 1036, in _send_output
    self.send(msg)
  File "/usr/local/lib/python3.7/http/client.py", line 976, in send
    self.connect()
  File "/root/.cache/pypoetry/virtualenvs/cpdbv2-backend-VA82Wl8V-py3.7/lib/python3.7/site-packages/urllib3/connection.py", line 187, in connect
    conn = self._new_conn()
  File "/root/.cache/pypoetry/virtualenvs/cpdbv2-backend-VA82Wl8V-py3.7/lib/python3.7/site-packages/urllib3/connection.py", line 172, in _new_conn
    self, "Failed to establish a new connection: %s" % e
urllib3.exceptions.NewConnectionError: <urllib3.connection.HTTPConnection object at 0x7ff0694cc590>: Failed to establish a new connection: [Errno -2] Name or service not known
elasticsearch: DEBUG: > None
urllib3.util.retry: DEBUG: Converted retries value: False -> Retry(total=False, connect=None, read=None, redirect=0, status=None)
urllib3.connectionpool: DEBUG: Starting new HTTP connection (63): elasticsearch:9200
elasticsearch: WARNING: DELETE http://elasticsearch:9200/test_cr_c97d3965-996f-4fbb-b4a7-1038423423bd [status:N/A request:0.000s]
Traceback (most recent call last):
  File "/root/.cache/pypoetry/virtualenvs/cpdbv2-backend-VA82Wl8V-py3.7/lib/python3.7/site-packages/urllib3/connection.py", line 160, in _new_conn
    (self._dns_host, self.port), self.timeout, **extra_kw
  File "/root/.cache/pypoetry/virtualenvs/cpdbv2-backend-VA82Wl8V-py3.7/lib/python3.7/site-packages/urllib3/util/connection.py", line 61, in create_connection
    for res in socket.getaddrinfo(host, port, family, socket.SOCK_STREAM):
  File "/usr/local/lib/python3.7/socket.py", line 752, in getaddrinfo
    for res in _socket.getaddrinfo(host, port, family, type, proto, flags):
socket.gaierror: [Errno -2] Name or service not known

During handling of the above exception, another exception occurred:

Traceback (most recent call last):
  File "/root/.cache/pypoetry/virtualenvs/cpdbv2-backend-VA82Wl8V-py3.7/lib/python3.7/site-packages/elasticsearch/connection/http_urllib3.py", line 115, in perform_request
    response = self.pool.urlopen(method, url, body, retries=False, headers=self.headers, **kw)
  File "/root/.cache/pypoetry/virtualenvs/cpdbv2-backend-VA82Wl8V-py3.7/lib/python3.7/site-packages/urllib3/connectionpool.py", line 727, in urlopen
    method, url, error=e, _pool=self, _stacktrace=sys.exc_info()[2]
  File "/root/.cache/pypoetry/virtualenvs/cpdbv2-backend-VA82Wl8V-py3.7/lib/python3.7/site-packages/urllib3/util/retry.py", line 386, in increment
    raise six.reraise(type(error), error, _stacktrace)
  File "/root/.cache/pypoetry/virtualenvs/cpdbv2-backend-VA82Wl8V-py3.7/lib/python3.7/site-packages/urllib3/packages/six.py", line 735, in reraise
    raise value
  File "/root/.cache/pypoetry/virtualenvs/cpdbv2-backend-VA82Wl8V-py3.7/lib/python3.7/site-packages/urllib3/connectionpool.py", line 677, in urlopen
    chunked=chunked,
  File "/root/.cache/pypoetry/virtualenvs/cpdbv2-backend-VA82Wl8V-py3.7/lib/python3.7/site-packages/urllib3/connectionpool.py", line 392, in _make_request
    conn.request(method, url, **httplib_request_kw)
  File "/usr/local/lib/python3.7/http/client.py", line 1281, in request
    self._send_request(method, url, body, headers, encode_chunked)
  File "/usr/local/lib/python3.7/http/client.py", line 1327, in _send_request
    self.endheaders(body, encode_chunked=encode_chunked)
  File "/usr/local/lib/python3.7/http/client.py", line 1276, in endheaders
    self._send_output(message_body, encode_chunked=encode_chunked)
  File "/usr/local/lib/python3.7/http/client.py", line 1036, in _send_output
    self.send(msg)
  File "/usr/local/lib/python3.7/http/client.py", line 976, in send
    self.connect()
  File "/root/.cache/pypoetry/virtualenvs/cpdbv2-backend-VA82Wl8V-py3.7/lib/python3.7/site-packages/urllib3/connection.py", line 187, in connect
    conn = self._new_conn()
  File "/root/.cache/pypoetry/virtualenvs/cpdbv2-backend-VA82Wl8V-py3.7/lib/python3.7/site-packages/urllib3/connection.py", line 172, in _new_conn
    self, "Failed to establish a new connection: %s" % e
urllib3.exceptions.NewConnectionError: <urllib3.connection.HTTPConnection object at 0x7ff0694ccdd0>: Failed to establish a new connection: [Errno -2] Name or service not known
elasticsearch: DEBUG: > None
urllib3.util.retry: DEBUG: Converted retries value: False -> Retry(total=False, connect=None, read=None, redirect=0, status=None)
urllib3.connectionpool: DEBUG: Starting new HTTP connection (64): elasticsearch:9200
elasticsearch: WARNING: DELETE http://elasticsearch:9200/test_cr_c97d3965-996f-4fbb-b4a7-1038423423bd [status:N/A request:0.000s]
Traceback (most recent call last):
  File "/root/.cache/pypoetry/virtualenvs/cpdbv2-backend-VA82Wl8V-py3.7/lib/python3.7/site-packages/urllib3/connection.py", line 160, in _new_conn
    (self._dns_host, self.port), self.timeout, **extra_kw
  File "/root/.cache/pypoetry/virtualenvs/cpdbv2-backend-VA82Wl8V-py3.7/lib/python3.7/site-packages/urllib3/util/connection.py", line 61, in create_connection
    for res in socket.getaddrinfo(host, port, family, socket.SOCK_STREAM):
  File "/usr/local/lib/python3.7/socket.py", line 752, in getaddrinfo
    for res in _socket.getaddrinfo(host, port, family, type, proto, flags):
socket.gaierror: [Errno -2] Name or service not known

During handling of the above exception, another exception occurred:

Traceback (most recent call last):
  File "/root/.cache/pypoetry/virtualenvs/cpdbv2-backend-VA82Wl8V-py3.7/lib/python3.7/site-packages/elasticsearch/connection/http_urllib3.py", line 115, in perform_request
    response = self.pool.urlopen(method, url, body, retries=False, headers=self.headers, **kw)
  File "/root/.cache/pypoetry/virtualenvs/cpdbv2-backend-VA82Wl8V-py3.7/lib/python3.7/site-packages/urllib3/connectionpool.py", line 727, in urlopen
    method, url, error=e, _pool=self, _stacktrace=sys.exc_info()[2]
  File "/root/.cache/pypoetry/virtualenvs/cpdbv2-backend-VA82Wl8V-py3.7/lib/python3.7/site-packages/urllib3/util/retry.py", line 386, in increment
    raise six.reraise(type(error), error, _stacktrace)
  File "/root/.cache/pypoetry/virtualenvs/cpdbv2-backend-VA82Wl8V-py3.7/lib/python3.7/site-packages/urllib3/packages/six.py", line 735, in reraise
    raise value
  File "/root/.cache/pypoetry/virtualenvs/cpdbv2-backend-VA82Wl8V-py3.7/lib/python3.7/site-packages/urllib3/connectionpool.py", line 677, in urlopen
    chunked=chunked,
  File "/root/.cache/pypoetry/virtualenvs/cpdbv2-backend-VA82Wl8V-py3.7/lib/python3.7/site-packages/urllib3/connectionpool.py", line 392, in _make_request
    conn.request(method, url, **httplib_request_kw)
  File "/usr/local/lib/python3.7/http/client.py", line 1281, in request
    self._send_request(method, url, body, headers, encode_chunked)
  File "/usr/local/lib/python3.7/http/client.py", line 1327, in _send_request
    self.endheaders(body, encode_chunked=encode_chunked)
  File "/usr/local/lib/python3.7/http/client.py", line 1276, in endheaders
    self._send_output(message_body, encode_chunked=encode_chunked)
  File "/usr/local/lib/python3.7/http/client.py", line 1036, in _send_output
    self.send(msg)
  File "/usr/local/lib/python3.7/http/client.py", line 976, in send
    self.connect()
  File "/root/.cache/pypoetry/virtualenvs/cpdbv2-backend-VA82Wl8V-py3.7/lib/python3.7/site-packages/urllib3/connection.py", line 187, in connect
    conn = self._new_conn()
  File "/root/.cache/pypoetry/virtualenvs/cpdbv2-backend-VA82Wl8V-py3.7/lib/python3.7/site-packages/urllib3/connection.py", line 172, in _new_conn
    self, "Failed to establish a new connection: %s" % e
urllib3.exceptions.NewConnectionError: <urllib3.connection.HTTPConnection object at 0x7ff0694cc550>: Failed to establish a new connection: [Errno -2] Name or service not known
elasticsearch: DEBUG: > None
--------------------- >> end captured logging << ---------------------

======================================================================
ERROR: test_request_document_with_invalid_allegation (cr.tests.views.test_cr_viewset.CRViewSetTestCase)
----------------------------------------------------------------------
Traceback (most recent call last):
  File "/root/.cache/pypoetry/virtualenvs/cpdbv2-backend-VA82Wl8V-py3.7/lib/python3.7/site-packages/freezegun/api.py", line 735, in wrapper
    result = func(*args, **kwargs)
  File "/usr/src/app/cpdb/cr/tests/views/test_cr_viewset.py", line 30, in setUp
    super(CRViewSetTestCase, self).setUp()
  File "/usr/src/app/cpdb/cr/tests/mixins.py", line 7, in setUp
    cr_index_alias.write_index.delete(ignore=404)
  File "/root/.cache/pypoetry/virtualenvs/cpdbv2-backend-VA82Wl8V-py3.7/lib/python3.7/site-packages/elasticsearch_dsl/index.py", line 222, in delete
    self.connection.indices.delete(index=self._name, **kwargs)
  File "/root/.cache/pypoetry/virtualenvs/cpdbv2-backend-VA82Wl8V-py3.7/lib/python3.7/site-packages/elasticsearch/client/utils.py", line 73, in _wrapped
    return func(*args, params=params, **kwargs)
  File "/root/.cache/pypoetry/virtualenvs/cpdbv2-backend-VA82Wl8V-py3.7/lib/python3.7/site-packages/elasticsearch/client/indices.py", line 200, in delete
    params=params)
  File "/root/.cache/pypoetry/virtualenvs/cpdbv2-backend-VA82Wl8V-py3.7/lib/python3.7/site-packages/elasticsearch/transport.py", line 312, in perform_request
    status, headers, data = connection.perform_request(method, url, params, body, ignore=ignore, timeout=timeout)
  File "/root/.cache/pypoetry/virtualenvs/cpdbv2-backend-VA82Wl8V-py3.7/lib/python3.7/site-packages/elasticsearch/connection/http_urllib3.py", line 124, in perform_request
    raise ConnectionError('N/A', str(e), e)
elasticsearch.exceptions.ConnectionError: ConnectionError(<urllib3.connection.HTTPConnection object at 0x7ff0694cc290>: Failed to establish a new connection: [Errno -2] Name or service not known) caused by: NewConnectionError(<urllib3.connection.HTTPConnection object at 0x7ff0694cc290>: Failed to establish a new connection: [Errno -2] Name or service not known)
-------------------- >> begin captured logging << --------------------
urllib3.util.retry: DEBUG: Converted retries value: False -> Retry(total=False, connect=None, read=None, redirect=0, status=None)
urllib3.connectionpool: DEBUG: Starting new HTTP connection (65): elasticsearch:9200
elasticsearch: WARNING: DELETE http://elasticsearch:9200/test_cr_c97d3965-996f-4fbb-b4a7-1038423423bd [status:N/A request:0.000s]
Traceback (most recent call last):
  File "/root/.cache/pypoetry/virtualenvs/cpdbv2-backend-VA82Wl8V-py3.7/lib/python3.7/site-packages/urllib3/connection.py", line 160, in _new_conn
    (self._dns_host, self.port), self.timeout, **extra_kw
  File "/root/.cache/pypoetry/virtualenvs/cpdbv2-backend-VA82Wl8V-py3.7/lib/python3.7/site-packages/urllib3/util/connection.py", line 61, in create_connection
    for res in socket.getaddrinfo(host, port, family, socket.SOCK_STREAM):
  File "/usr/local/lib/python3.7/socket.py", line 752, in getaddrinfo
    for res in _socket.getaddrinfo(host, port, family, type, proto, flags):
socket.gaierror: [Errno -2] Name or service not known

During handling of the above exception, another exception occurred:

Traceback (most recent call last):
  File "/root/.cache/pypoetry/virtualenvs/cpdbv2-backend-VA82Wl8V-py3.7/lib/python3.7/site-packages/elasticsearch/connection/http_urllib3.py", line 115, in perform_request
    response = self.pool.urlopen(method, url, body, retries=False, headers=self.headers, **kw)
  File "/root/.cache/pypoetry/virtualenvs/cpdbv2-backend-VA82Wl8V-py3.7/lib/python3.7/site-packages/urllib3/connectionpool.py", line 727, in urlopen
    method, url, error=e, _pool=self, _stacktrace=sys.exc_info()[2]
  File "/root/.cache/pypoetry/virtualenvs/cpdbv2-backend-VA82Wl8V-py3.7/lib/python3.7/site-packages/urllib3/util/retry.py", line 386, in increment
    raise six.reraise(type(error), error, _stacktrace)
  File "/root/.cache/pypoetry/virtualenvs/cpdbv2-backend-VA82Wl8V-py3.7/lib/python3.7/site-packages/urllib3/packages/six.py", line 735, in reraise
    raise value
  File "/root/.cache/pypoetry/virtualenvs/cpdbv2-backend-VA82Wl8V-py3.7/lib/python3.7/site-packages/urllib3/connectionpool.py", line 677, in urlopen
    chunked=chunked,
  File "/root/.cache/pypoetry/virtualenvs/cpdbv2-backend-VA82Wl8V-py3.7/lib/python3.7/site-packages/urllib3/connectionpool.py", line 392, in _make_request
    conn.request(method, url, **httplib_request_kw)
  File "/usr/local/lib/python3.7/http/client.py", line 1281, in request
    self._send_request(method, url, body, headers, encode_chunked)
  File "/usr/local/lib/python3.7/http/client.py", line 1327, in _send_request
    self.endheaders(body, encode_chunked=encode_chunked)
  File "/usr/local/lib/python3.7/http/client.py", line 1276, in endheaders
    self._send_output(message_body, encode_chunked=encode_chunked)
  File "/usr/local/lib/python3.7/http/client.py", line 1036, in _send_output
    self.send(msg)
  File "/usr/local/lib/python3.7/http/client.py", line 976, in send
    self.connect()
  File "/root/.cache/pypoetry/virtualenvs/cpdbv2-backend-VA82Wl8V-py3.7/lib/python3.7/site-packages/urllib3/connection.py", line 187, in connect
    conn = self._new_conn()
  File "/root/.cache/pypoetry/virtualenvs/cpdbv2-backend-VA82Wl8V-py3.7/lib/python3.7/site-packages/urllib3/connection.py", line 172, in _new_conn
    self, "Failed to establish a new connection: %s" % e
urllib3.exceptions.NewConnectionError: <urllib3.connection.HTTPConnection object at 0x7ff0694d1310>: Failed to establish a new connection: [Errno -2] Name or service not known
elasticsearch: DEBUG: > None
urllib3.util.retry: DEBUG: Converted retries value: False -> Retry(total=False, connect=None, read=None, redirect=0, status=None)
urllib3.connectionpool: DEBUG: Starting new HTTP connection (66): elasticsearch:9200
elasticsearch: WARNING: DELETE http://elasticsearch:9200/test_cr_c97d3965-996f-4fbb-b4a7-1038423423bd [status:N/A request:0.000s]
Traceback (most recent call last):
  File "/root/.cache/pypoetry/virtualenvs/cpdbv2-backend-VA82Wl8V-py3.7/lib/python3.7/site-packages/urllib3/connection.py", line 160, in _new_conn
    (self._dns_host, self.port), self.timeout, **extra_kw
  File "/root/.cache/pypoetry/virtualenvs/cpdbv2-backend-VA82Wl8V-py3.7/lib/python3.7/site-packages/urllib3/util/connection.py", line 61, in create_connection
    for res in socket.getaddrinfo(host, port, family, socket.SOCK_STREAM):
  File "/usr/local/lib/python3.7/socket.py", line 752, in getaddrinfo
    for res in _socket.getaddrinfo(host, port, family, type, proto, flags):
socket.gaierror: [Errno -2] Name or service not known

During handling of the above exception, another exception occurred:

Traceback (most recent call last):
  File "/root/.cache/pypoetry/virtualenvs/cpdbv2-backend-VA82Wl8V-py3.7/lib/python3.7/site-packages/elasticsearch/connection/http_urllib3.py", line 115, in perform_request
    response = self.pool.urlopen(method, url, body, retries=False, headers=self.headers, **kw)
  File "/root/.cache/pypoetry/virtualenvs/cpdbv2-backend-VA82Wl8V-py3.7/lib/python3.7/site-packages/urllib3/connectionpool.py", line 727, in urlopen
    method, url, error=e, _pool=self, _stacktrace=sys.exc_info()[2]
  File "/root/.cache/pypoetry/virtualenvs/cpdbv2-backend-VA82Wl8V-py3.7/lib/python3.7/site-packages/urllib3/util/retry.py", line 386, in increment
    raise six.reraise(type(error), error, _stacktrace)
  File "/root/.cache/pypoetry/virtualenvs/cpdbv2-backend-VA82Wl8V-py3.7/lib/python3.7/site-packages/urllib3/packages/six.py", line 735, in reraise
    raise value
  File "/root/.cache/pypoetry/virtualenvs/cpdbv2-backend-VA82Wl8V-py3.7/lib/python3.7/site-packages/urllib3/connectionpool.py", line 677, in urlopen
    chunked=chunked,
  File "/root/.cache/pypoetry/virtualenvs/cpdbv2-backend-VA82Wl8V-py3.7/lib/python3.7/site-packages/urllib3/connectionpool.py", line 392, in _make_request
    conn.request(method, url, **httplib_request_kw)
  File "/usr/local/lib/python3.7/http/client.py", line 1281, in request
    self._send_request(method, url, body, headers, encode_chunked)
  File "/usr/local/lib/python3.7/http/client.py", line 1327, in _send_request
    self.endheaders(body, encode_chunked=encode_chunked)
  File "/usr/local/lib/python3.7/http/client.py", line 1276, in endheaders
    self._send_output(message_body, encode_chunked=encode_chunked)
  File "/usr/local/lib/python3.7/http/client.py", line 1036, in _send_output
    self.send(msg)
  File "/usr/local/lib/python3.7/http/client.py", line 976, in send
    self.connect()
  File "/root/.cache/pypoetry/virtualenvs/cpdbv2-backend-VA82Wl8V-py3.7/lib/python3.7/site-packages/urllib3/connection.py", line 187, in connect
    conn = self._new_conn()
  File "/root/.cache/pypoetry/virtualenvs/cpdbv2-backend-VA82Wl8V-py3.7/lib/python3.7/site-packages/urllib3/connection.py", line 172, in _new_conn
    self, "Failed to establish a new connection: %s" % e
urllib3.exceptions.NewConnectionError: <urllib3.connection.HTTPConnection object at 0x7ff0694cc2d0>: Failed to establish a new connection: [Errno -2] Name or service not known
elasticsearch: DEBUG: > None
urllib3.util.retry: DEBUG: Converted retries value: False -> Retry(total=False, connect=None, read=None, redirect=0, status=None)
urllib3.connectionpool: DEBUG: Starting new HTTP connection (67): elasticsearch:9200
elasticsearch: WARNING: DELETE http://elasticsearch:9200/test_cr_c97d3965-996f-4fbb-b4a7-1038423423bd [status:N/A request:0.000s]
Traceback (most recent call last):
  File "/root/.cache/pypoetry/virtualenvs/cpdbv2-backend-VA82Wl8V-py3.7/lib/python3.7/site-packages/urllib3/connection.py", line 160, in _new_conn
    (self._dns_host, self.port), self.timeout, **extra_kw
  File "/root/.cache/pypoetry/virtualenvs/cpdbv2-backend-VA82Wl8V-py3.7/lib/python3.7/site-packages/urllib3/util/connection.py", line 61, in create_connection
    for res in socket.getaddrinfo(host, port, family, socket.SOCK_STREAM):
  File "/usr/local/lib/python3.7/socket.py", line 752, in getaddrinfo
    for res in _socket.getaddrinfo(host, port, family, type, proto, flags):
socket.gaierror: [Errno -2] Name or service not known

During handling of the above exception, another exception occurred:

Traceback (most recent call last):
  File "/root/.cache/pypoetry/virtualenvs/cpdbv2-backend-VA82Wl8V-py3.7/lib/python3.7/site-packages/elasticsearch/connection/http_urllib3.py", line 115, in perform_request
    response = self.pool.urlopen(method, url, body, retries=False, headers=self.headers, **kw)
  File "/root/.cache/pypoetry/virtualenvs/cpdbv2-backend-VA82Wl8V-py3.7/lib/python3.7/site-packages/urllib3/connectionpool.py", line 727, in urlopen
    method, url, error=e, _pool=self, _stacktrace=sys.exc_info()[2]
  File "/root/.cache/pypoetry/virtualenvs/cpdbv2-backend-VA82Wl8V-py3.7/lib/python3.7/site-packages/urllib3/util/retry.py", line 386, in increment
    raise six.reraise(type(error), error, _stacktrace)
  File "/root/.cache/pypoetry/virtualenvs/cpdbv2-backend-VA82Wl8V-py3.7/lib/python3.7/site-packages/urllib3/packages/six.py", line 735, in reraise
    raise value
  File "/root/.cache/pypoetry/virtualenvs/cpdbv2-backend-VA82Wl8V-py3.7/lib/python3.7/site-packages/urllib3/connectionpool.py", line 677, in urlopen
    chunked=chunked,
  File "/root/.cache/pypoetry/virtualenvs/cpdbv2-backend-VA82Wl8V-py3.7/lib/python3.7/site-packages/urllib3/connectionpool.py", line 392, in _make_request
    conn.request(method, url, **httplib_request_kw)
  File "/usr/local/lib/python3.7/http/client.py", line 1281, in request
    self._send_request(method, url, body, headers, encode_chunked)
  File "/usr/local/lib/python3.7/http/client.py", line 1327, in _send_request
    self.endheaders(body, encode_chunked=encode_chunked)
  File "/usr/local/lib/python3.7/http/client.py", line 1276, in endheaders
    self._send_output(message_body, encode_chunked=encode_chunked)
  File "/usr/local/lib/python3.7/http/client.py", line 1036, in _send_output
    self.send(msg)
  File "/usr/local/lib/python3.7/http/client.py", line 976, in send
    self.connect()
  File "/root/.cache/pypoetry/virtualenvs/cpdbv2-backend-VA82Wl8V-py3.7/lib/python3.7/site-packages/urllib3/connection.py", line 187, in connect
    conn = self._new_conn()
  File "/root/.cache/pypoetry/virtualenvs/cpdbv2-backend-VA82Wl8V-py3.7/lib/python3.7/site-packages/urllib3/connection.py", line 172, in _new_conn
    self, "Failed to establish a new connection: %s" % e
urllib3.exceptions.NewConnectionError: <urllib3.connection.HTTPConnection object at 0x7ff0694ccd50>: Failed to establish a new connection: [Errno -2] Name or service not known
elasticsearch: DEBUG: > None
urllib3.util.retry: DEBUG: Converted retries value: False -> Retry(total=False, connect=None, read=None, redirect=0, status=None)
urllib3.connectionpool: DEBUG: Starting new HTTP connection (68): elasticsearch:9200
elasticsearch: WARNING: DELETE http://elasticsearch:9200/test_cr_c97d3965-996f-4fbb-b4a7-1038423423bd [status:N/A request:0.000s]
Traceback (most recent call last):
  File "/root/.cache/pypoetry/virtualenvs/cpdbv2-backend-VA82Wl8V-py3.7/lib/python3.7/site-packages/urllib3/connection.py", line 160, in _new_conn
    (self._dns_host, self.port), self.timeout, **extra_kw
  File "/root/.cache/pypoetry/virtualenvs/cpdbv2-backend-VA82Wl8V-py3.7/lib/python3.7/site-packages/urllib3/util/connection.py", line 61, in create_connection
    for res in socket.getaddrinfo(host, port, family, socket.SOCK_STREAM):
  File "/usr/local/lib/python3.7/socket.py", line 752, in getaddrinfo
    for res in _socket.getaddrinfo(host, port, family, type, proto, flags):
socket.gaierror: [Errno -2] Name or service not known

During handling of the above exception, another exception occurred:

Traceback (most recent call last):
  File "/root/.cache/pypoetry/virtualenvs/cpdbv2-backend-VA82Wl8V-py3.7/lib/python3.7/site-packages/elasticsearch/connection/http_urllib3.py", line 115, in perform_request
    response = self.pool.urlopen(method, url, body, retries=False, headers=self.headers, **kw)
  File "/root/.cache/pypoetry/virtualenvs/cpdbv2-backend-VA82Wl8V-py3.7/lib/python3.7/site-packages/urllib3/connectionpool.py", line 727, in urlopen
    method, url, error=e, _pool=self, _stacktrace=sys.exc_info()[2]
  File "/root/.cache/pypoetry/virtualenvs/cpdbv2-backend-VA82Wl8V-py3.7/lib/python3.7/site-packages/urllib3/util/retry.py", line 386, in increment
    raise six.reraise(type(error), error, _stacktrace)
  File "/root/.cache/pypoetry/virtualenvs/cpdbv2-backend-VA82Wl8V-py3.7/lib/python3.7/site-packages/urllib3/packages/six.py", line 735, in reraise
    raise value
  File "/root/.cache/pypoetry/virtualenvs/cpdbv2-backend-VA82Wl8V-py3.7/lib/python3.7/site-packages/urllib3/connectionpool.py", line 677, in urlopen
    chunked=chunked,
  File "/root/.cache/pypoetry/virtualenvs/cpdbv2-backend-VA82Wl8V-py3.7/lib/python3.7/site-packages/urllib3/connectionpool.py", line 392, in _make_request
    conn.request(method, url, **httplib_request_kw)
  File "/usr/local/lib/python3.7/http/client.py", line 1281, in request
    self._send_request(method, url, body, headers, encode_chunked)
  File "/usr/local/lib/python3.7/http/client.py", line 1327, in _send_request
    self.endheaders(body, encode_chunked=encode_chunked)
  File "/usr/local/lib/python3.7/http/client.py", line 1276, in endheaders
    self._send_output(message_body, encode_chunked=encode_chunked)
  File "/usr/local/lib/python3.7/http/client.py", line 1036, in _send_output
    self.send(msg)
  File "/usr/local/lib/python3.7/http/client.py", line 976, in send
    self.connect()
  File "/root/.cache/pypoetry/virtualenvs/cpdbv2-backend-VA82Wl8V-py3.7/lib/python3.7/site-packages/urllib3/connection.py", line 187, in connect
    conn = self._new_conn()
  File "/root/.cache/pypoetry/virtualenvs/cpdbv2-backend-VA82Wl8V-py3.7/lib/python3.7/site-packages/urllib3/connection.py", line 172, in _new_conn
    self, "Failed to establish a new connection: %s" % e
urllib3.exceptions.NewConnectionError: <urllib3.connection.HTTPConnection object at 0x7ff0694cc290>: Failed to establish a new connection: [Errno -2] Name or service not known
elasticsearch: DEBUG: > None
--------------------- >> end captured logging << ---------------------

======================================================================
ERROR: test_request_document_with_invalid_email (cr.tests.views.test_cr_viewset.CRViewSetTestCase)
----------------------------------------------------------------------
Traceback (most recent call last):
  File "/root/.cache/pypoetry/virtualenvs/cpdbv2-backend-VA82Wl8V-py3.7/lib/python3.7/site-packages/freezegun/api.py", line 735, in wrapper
    result = func(*args, **kwargs)
  File "/usr/src/app/cpdb/cr/tests/views/test_cr_viewset.py", line 30, in setUp
    super(CRViewSetTestCase, self).setUp()
  File "/usr/src/app/cpdb/cr/tests/mixins.py", line 7, in setUp
    cr_index_alias.write_index.delete(ignore=404)
  File "/root/.cache/pypoetry/virtualenvs/cpdbv2-backend-VA82Wl8V-py3.7/lib/python3.7/site-packages/elasticsearch_dsl/index.py", line 222, in delete
    self.connection.indices.delete(index=self._name, **kwargs)
  File "/root/.cache/pypoetry/virtualenvs/cpdbv2-backend-VA82Wl8V-py3.7/lib/python3.7/site-packages/elasticsearch/client/utils.py", line 73, in _wrapped
    return func(*args, params=params, **kwargs)
  File "/root/.cache/pypoetry/virtualenvs/cpdbv2-backend-VA82Wl8V-py3.7/lib/python3.7/site-packages/elasticsearch/client/indices.py", line 200, in delete
    params=params)
  File "/root/.cache/pypoetry/virtualenvs/cpdbv2-backend-VA82Wl8V-py3.7/lib/python3.7/site-packages/elasticsearch/transport.py", line 312, in perform_request
    status, headers, data = connection.perform_request(method, url, params, body, ignore=ignore, timeout=timeout)
  File "/root/.cache/pypoetry/virtualenvs/cpdbv2-backend-VA82Wl8V-py3.7/lib/python3.7/site-packages/elasticsearch/connection/http_urllib3.py", line 124, in perform_request
    raise ConnectionError('N/A', str(e), e)
elasticsearch.exceptions.ConnectionError: ConnectionError(<urllib3.connection.HTTPConnection object at 0x7ff0694ccb50>: Failed to establish a new connection: [Errno -2] Name or service not known) caused by: NewConnectionError(<urllib3.connection.HTTPConnection object at 0x7ff0694ccb50>: Failed to establish a new connection: [Errno -2] Name or service not known)
-------------------- >> begin captured logging << --------------------
urllib3.util.retry: DEBUG: Converted retries value: False -> Retry(total=False, connect=None, read=None, redirect=0, status=None)
urllib3.connectionpool: DEBUG: Starting new HTTP connection (69): elasticsearch:9200
elasticsearch: WARNING: DELETE http://elasticsearch:9200/test_cr_c97d3965-996f-4fbb-b4a7-1038423423bd [status:N/A request:0.000s]
Traceback (most recent call last):
  File "/root/.cache/pypoetry/virtualenvs/cpdbv2-backend-VA82Wl8V-py3.7/lib/python3.7/site-packages/urllib3/connection.py", line 160, in _new_conn
    (self._dns_host, self.port), self.timeout, **extra_kw
  File "/root/.cache/pypoetry/virtualenvs/cpdbv2-backend-VA82Wl8V-py3.7/lib/python3.7/site-packages/urllib3/util/connection.py", line 61, in create_connection
    for res in socket.getaddrinfo(host, port, family, socket.SOCK_STREAM):
  File "/usr/local/lib/python3.7/socket.py", line 752, in getaddrinfo
    for res in _socket.getaddrinfo(host, port, family, type, proto, flags):
socket.gaierror: [Errno -2] Name or service not known

During handling of the above exception, another exception occurred:

Traceback (most recent call last):
  File "/root/.cache/pypoetry/virtualenvs/cpdbv2-backend-VA82Wl8V-py3.7/lib/python3.7/site-packages/elasticsearch/connection/http_urllib3.py", line 115, in perform_request
    response = self.pool.urlopen(method, url, body, retries=False, headers=self.headers, **kw)
  File "/root/.cache/pypoetry/virtualenvs/cpdbv2-backend-VA82Wl8V-py3.7/lib/python3.7/site-packages/urllib3/connectionpool.py", line 727, in urlopen
    method, url, error=e, _pool=self, _stacktrace=sys.exc_info()[2]
  File "/root/.cache/pypoetry/virtualenvs/cpdbv2-backend-VA82Wl8V-py3.7/lib/python3.7/site-packages/urllib3/util/retry.py", line 386, in increment
    raise six.reraise(type(error), error, _stacktrace)
  File "/root/.cache/pypoetry/virtualenvs/cpdbv2-backend-VA82Wl8V-py3.7/lib/python3.7/site-packages/urllib3/packages/six.py", line 735, in reraise
    raise value
  File "/root/.cache/pypoetry/virtualenvs/cpdbv2-backend-VA82Wl8V-py3.7/lib/python3.7/site-packages/urllib3/connectionpool.py", line 677, in urlopen
    chunked=chunked,
  File "/root/.cache/pypoetry/virtualenvs/cpdbv2-backend-VA82Wl8V-py3.7/lib/python3.7/site-packages/urllib3/connectionpool.py", line 392, in _make_request
    conn.request(method, url, **httplib_request_kw)
  File "/usr/local/lib/python3.7/http/client.py", line 1281, in request
    self._send_request(method, url, body, headers, encode_chunked)
  File "/usr/local/lib/python3.7/http/client.py", line 1327, in _send_request
    self.endheaders(body, encode_chunked=encode_chunked)
  File "/usr/local/lib/python3.7/http/client.py", line 1276, in endheaders
    self._send_output(message_body, encode_chunked=encode_chunked)
  File "/usr/local/lib/python3.7/http/client.py", line 1036, in _send_output
    self.send(msg)
  File "/usr/local/lib/python3.7/http/client.py", line 976, in send
    self.connect()
  File "/root/.cache/pypoetry/virtualenvs/cpdbv2-backend-VA82Wl8V-py3.7/lib/python3.7/site-packages/urllib3/connection.py", line 187, in connect
    conn = self._new_conn()
  File "/root/.cache/pypoetry/virtualenvs/cpdbv2-backend-VA82Wl8V-py3.7/lib/python3.7/site-packages/urllib3/connection.py", line 172, in _new_conn
    self, "Failed to establish a new connection: %s" % e
urllib3.exceptions.NewConnectionError: <urllib3.connection.HTTPConnection object at 0x7ff0694d1310>: Failed to establish a new connection: [Errno -2] Name or service not known
elasticsearch: DEBUG: > None
urllib3.util.retry: DEBUG: Converted retries value: False -> Retry(total=False, connect=None, read=None, redirect=0, status=None)
urllib3.connectionpool: DEBUG: Starting new HTTP connection (70): elasticsearch:9200
elasticsearch: WARNING: DELETE http://elasticsearch:9200/test_cr_c97d3965-996f-4fbb-b4a7-1038423423bd [status:N/A request:0.000s]
Traceback (most recent call last):
  File "/root/.cache/pypoetry/virtualenvs/cpdbv2-backend-VA82Wl8V-py3.7/lib/python3.7/site-packages/urllib3/connection.py", line 160, in _new_conn
    (self._dns_host, self.port), self.timeout, **extra_kw
  File "/root/.cache/pypoetry/virtualenvs/cpdbv2-backend-VA82Wl8V-py3.7/lib/python3.7/site-packages/urllib3/util/connection.py", line 61, in create_connection
    for res in socket.getaddrinfo(host, port, family, socket.SOCK_STREAM):
  File "/usr/local/lib/python3.7/socket.py", line 752, in getaddrinfo
    for res in _socket.getaddrinfo(host, port, family, type, proto, flags):
socket.gaierror: [Errno -2] Name or service not known

During handling of the above exception, another exception occurred:

Traceback (most recent call last):
  File "/root/.cache/pypoetry/virtualenvs/cpdbv2-backend-VA82Wl8V-py3.7/lib/python3.7/site-packages/elasticsearch/connection/http_urllib3.py", line 115, in perform_request
    response = self.pool.urlopen(method, url, body, retries=False, headers=self.headers, **kw)
  File "/root/.cache/pypoetry/virtualenvs/cpdbv2-backend-VA82Wl8V-py3.7/lib/python3.7/site-packages/urllib3/connectionpool.py", line 727, in urlopen
    method, url, error=e, _pool=self, _stacktrace=sys.exc_info()[2]
  File "/root/.cache/pypoetry/virtualenvs/cpdbv2-backend-VA82Wl8V-py3.7/lib/python3.7/site-packages/urllib3/util/retry.py", line 386, in increment
    raise six.reraise(type(error), error, _stacktrace)
  File "/root/.cache/pypoetry/virtualenvs/cpdbv2-backend-VA82Wl8V-py3.7/lib/python3.7/site-packages/urllib3/packages/six.py", line 735, in reraise
    raise value
  File "/root/.cache/pypoetry/virtualenvs/cpdbv2-backend-VA82Wl8V-py3.7/lib/python3.7/site-packages/urllib3/connectionpool.py", line 677, in urlopen
    chunked=chunked,
  File "/root/.cache/pypoetry/virtualenvs/cpdbv2-backend-VA82Wl8V-py3.7/lib/python3.7/site-packages/urllib3/connectionpool.py", line 392, in _make_request
    conn.request(method, url, **httplib_request_kw)
  File "/usr/local/lib/python3.7/http/client.py", line 1281, in request
    self._send_request(method, url, body, headers, encode_chunked)
  File "/usr/local/lib/python3.7/http/client.py", line 1327, in _send_request
    self.endheaders(body, encode_chunked=encode_chunked)
  File "/usr/local/lib/python3.7/http/client.py", line 1276, in endheaders
    self._send_output(message_body, encode_chunked=encode_chunked)
  File "/usr/local/lib/python3.7/http/client.py", line 1036, in _send_output
    self.send(msg)
  File "/usr/local/lib/python3.7/http/client.py", line 976, in send
    self.connect()
  File "/root/.cache/pypoetry/virtualenvs/cpdbv2-backend-VA82Wl8V-py3.7/lib/python3.7/site-packages/urllib3/connection.py", line 187, in connect
    conn = self._new_conn()
  File "/root/.cache/pypoetry/virtualenvs/cpdbv2-backend-VA82Wl8V-py3.7/lib/python3.7/site-packages/urllib3/connection.py", line 172, in _new_conn
    self, "Failed to establish a new connection: %s" % e
urllib3.exceptions.NewConnectionError: <urllib3.connection.HTTPConnection object at 0x7ff0694cc590>: Failed to establish a new connection: [Errno -2] Name or service not known
elasticsearch: DEBUG: > None
urllib3.util.retry: DEBUG: Converted retries value: False -> Retry(total=False, connect=None, read=None, redirect=0, status=None)
urllib3.connectionpool: DEBUG: Starting new HTTP connection (71): elasticsearch:9200
elasticsearch: WARNING: DELETE http://elasticsearch:9200/test_cr_c97d3965-996f-4fbb-b4a7-1038423423bd [status:N/A request:0.000s]
Traceback (most recent call last):
  File "/root/.cache/pypoetry/virtualenvs/cpdbv2-backend-VA82Wl8V-py3.7/lib/python3.7/site-packages/urllib3/connection.py", line 160, in _new_conn
    (self._dns_host, self.port), self.timeout, **extra_kw
  File "/root/.cache/pypoetry/virtualenvs/cpdbv2-backend-VA82Wl8V-py3.7/lib/python3.7/site-packages/urllib3/util/connection.py", line 61, in create_connection
    for res in socket.getaddrinfo(host, port, family, socket.SOCK_STREAM):
  File "/usr/local/lib/python3.7/socket.py", line 752, in getaddrinfo
    for res in _socket.getaddrinfo(host, port, family, type, proto, flags):
socket.gaierror: [Errno -2] Name or service not known

During handling of the above exception, another exception occurred:

Traceback (most recent call last):
  File "/root/.cache/pypoetry/virtualenvs/cpdbv2-backend-VA82Wl8V-py3.7/lib/python3.7/site-packages/elasticsearch/connection/http_urllib3.py", line 115, in perform_request
    response = self.pool.urlopen(method, url, body, retries=False, headers=self.headers, **kw)
  File "/root/.cache/pypoetry/virtualenvs/cpdbv2-backend-VA82Wl8V-py3.7/lib/python3.7/site-packages/urllib3/connectionpool.py", line 727, in urlopen
    method, url, error=e, _pool=self, _stacktrace=sys.exc_info()[2]
  File "/root/.cache/pypoetry/virtualenvs/cpdbv2-backend-VA82Wl8V-py3.7/lib/python3.7/site-packages/urllib3/util/retry.py", line 386, in increment
    raise six.reraise(type(error), error, _stacktrace)
  File "/root/.cache/pypoetry/virtualenvs/cpdbv2-backend-VA82Wl8V-py3.7/lib/python3.7/site-packages/urllib3/packages/six.py", line 735, in reraise
    raise value
  File "/root/.cache/pypoetry/virtualenvs/cpdbv2-backend-VA82Wl8V-py3.7/lib/python3.7/site-packages/urllib3/connectionpool.py", line 677, in urlopen
    chunked=chunked,
  File "/root/.cache/pypoetry/virtualenvs/cpdbv2-backend-VA82Wl8V-py3.7/lib/python3.7/site-packages/urllib3/connectionpool.py", line 392, in _make_request
    conn.request(method, url, **httplib_request_kw)
  File "/usr/local/lib/python3.7/http/client.py", line 1281, in request
    self._send_request(method, url, body, headers, encode_chunked)
  File "/usr/local/lib/python3.7/http/client.py", line 1327, in _send_request
    self.endheaders(body, encode_chunked=encode_chunked)
  File "/usr/local/lib/python3.7/http/client.py", line 1276, in endheaders
    self._send_output(message_body, encode_chunked=encode_chunked)
  File "/usr/local/lib/python3.7/http/client.py", line 1036, in _send_output
    self.send(msg)
  File "/usr/local/lib/python3.7/http/client.py", line 976, in send
    self.connect()
  File "/root/.cache/pypoetry/virtualenvs/cpdbv2-backend-VA82Wl8V-py3.7/lib/python3.7/site-packages/urllib3/connection.py", line 187, in connect
    conn = self._new_conn()
  File "/root/.cache/pypoetry/virtualenvs/cpdbv2-backend-VA82Wl8V-py3.7/lib/python3.7/site-packages/urllib3/connection.py", line 172, in _new_conn
    self, "Failed to establish a new connection: %s" % e
urllib3.exceptions.NewConnectionError: <urllib3.connection.HTTPConnection object at 0x7ff0694cc3d0>: Failed to establish a new connection: [Errno -2] Name or service not known
elasticsearch: DEBUG: > None
urllib3.util.retry: DEBUG: Converted retries value: False -> Retry(total=False, connect=None, read=None, redirect=0, status=None)
urllib3.connectionpool: DEBUG: Starting new HTTP connection (72): elasticsearch:9200
elasticsearch: WARNING: DELETE http://elasticsearch:9200/test_cr_c97d3965-996f-4fbb-b4a7-1038423423bd [status:N/A request:0.000s]
Traceback (most recent call last):
  File "/root/.cache/pypoetry/virtualenvs/cpdbv2-backend-VA82Wl8V-py3.7/lib/python3.7/site-packages/urllib3/connection.py", line 160, in _new_conn
    (self._dns_host, self.port), self.timeout, **extra_kw
  File "/root/.cache/pypoetry/virtualenvs/cpdbv2-backend-VA82Wl8V-py3.7/lib/python3.7/site-packages/urllib3/util/connection.py", line 61, in create_connection
    for res in socket.getaddrinfo(host, port, family, socket.SOCK_STREAM):
  File "/usr/local/lib/python3.7/socket.py", line 752, in getaddrinfo
    for res in _socket.getaddrinfo(host, port, family, type, proto, flags):
socket.gaierror: [Errno -2] Name or service not known

During handling of the above exception, another exception occurred:

Traceback (most recent call last):
  File "/root/.cache/pypoetry/virtualenvs/cpdbv2-backend-VA82Wl8V-py3.7/lib/python3.7/site-packages/elasticsearch/connection/http_urllib3.py", line 115, in perform_request
    response = self.pool.urlopen(method, url, body, retries=False, headers=self.headers, **kw)
  File "/root/.cache/pypoetry/virtualenvs/cpdbv2-backend-VA82Wl8V-py3.7/lib/python3.7/site-packages/urllib3/connectionpool.py", line 727, in urlopen
    method, url, error=e, _pool=self, _stacktrace=sys.exc_info()[2]
  File "/root/.cache/pypoetry/virtualenvs/cpdbv2-backend-VA82Wl8V-py3.7/lib/python3.7/site-packages/urllib3/util/retry.py", line 386, in increment
    raise six.reraise(type(error), error, _stacktrace)
  File "/root/.cache/pypoetry/virtualenvs/cpdbv2-backend-VA82Wl8V-py3.7/lib/python3.7/site-packages/urllib3/packages/six.py", line 735, in reraise
    raise value
  File "/root/.cache/pypoetry/virtualenvs/cpdbv2-backend-VA82Wl8V-py3.7/lib/python3.7/site-packages/urllib3/connectionpool.py", line 677, in urlopen
    chunked=chunked,
  File "/root/.cache/pypoetry/virtualenvs/cpdbv2-backend-VA82Wl8V-py3.7/lib/python3.7/site-packages/urllib3/connectionpool.py", line 392, in _make_request
    conn.request(method, url, **httplib_request_kw)
  File "/usr/local/lib/python3.7/http/client.py", line 1281, in request
    self._send_request(method, url, body, headers, encode_chunked)
  File "/usr/local/lib/python3.7/http/client.py", line 1327, in _send_request
    self.endheaders(body, encode_chunked=encode_chunked)
  File "/usr/local/lib/python3.7/http/client.py", line 1276, in endheaders
    self._send_output(message_body, encode_chunked=encode_chunked)
  File "/usr/local/lib/python3.7/http/client.py", line 1036, in _send_output
    self.send(msg)
  File "/usr/local/lib/python3.7/http/client.py", line 976, in send
    self.connect()
  File "/root/.cache/pypoetry/virtualenvs/cpdbv2-backend-VA82Wl8V-py3.7/lib/python3.7/site-packages/urllib3/connection.py", line 187, in connect
    conn = self._new_conn()
  File "/root/.cache/pypoetry/virtualenvs/cpdbv2-backend-VA82Wl8V-py3.7/lib/python3.7/site-packages/urllib3/connection.py", line 172, in _new_conn
    self, "Failed to establish a new connection: %s" % e
urllib3.exceptions.NewConnectionError: <urllib3.connection.HTTPConnection object at 0x7ff0694ccb50>: Failed to establish a new connection: [Errno -2] Name or service not known
elasticsearch: DEBUG: > None
--------------------- >> end captured logging << ---------------------

======================================================================
ERROR: test_request_document_without_email (cr.tests.views.test_cr_viewset.CRViewSetTestCase)
----------------------------------------------------------------------
Traceback (most recent call last):
  File "/root/.cache/pypoetry/virtualenvs/cpdbv2-backend-VA82Wl8V-py3.7/lib/python3.7/site-packages/freezegun/api.py", line 735, in wrapper
    result = func(*args, **kwargs)
  File "/usr/src/app/cpdb/cr/tests/views/test_cr_viewset.py", line 30, in setUp
    super(CRViewSetTestCase, self).setUp()
  File "/usr/src/app/cpdb/cr/tests/mixins.py", line 7, in setUp
    cr_index_alias.write_index.delete(ignore=404)
  File "/root/.cache/pypoetry/virtualenvs/cpdbv2-backend-VA82Wl8V-py3.7/lib/python3.7/site-packages/elasticsearch_dsl/index.py", line 222, in delete
    self.connection.indices.delete(index=self._name, **kwargs)
  File "/root/.cache/pypoetry/virtualenvs/cpdbv2-backend-VA82Wl8V-py3.7/lib/python3.7/site-packages/elasticsearch/client/utils.py", line 73, in _wrapped
    return func(*args, params=params, **kwargs)
  File "/root/.cache/pypoetry/virtualenvs/cpdbv2-backend-VA82Wl8V-py3.7/lib/python3.7/site-packages/elasticsearch/client/indices.py", line 200, in delete
    params=params)
  File "/root/.cache/pypoetry/virtualenvs/cpdbv2-backend-VA82Wl8V-py3.7/lib/python3.7/site-packages/elasticsearch/transport.py", line 312, in perform_request
    status, headers, data = connection.perform_request(method, url, params, body, ignore=ignore, timeout=timeout)
  File "/root/.cache/pypoetry/virtualenvs/cpdbv2-backend-VA82Wl8V-py3.7/lib/python3.7/site-packages/elasticsearch/connection/http_urllib3.py", line 124, in perform_request
    raise ConnectionError('N/A', str(e), e)
elasticsearch.exceptions.ConnectionError: ConnectionError(<urllib3.connection.HTTPConnection object at 0x7ff0694cc590>: Failed to establish a new connection: [Errno -2] Name or service not known) caused by: NewConnectionError(<urllib3.connection.HTTPConnection object at 0x7ff0694cc590>: Failed to establish a new connection: [Errno -2] Name or service not known)
-------------------- >> begin captured logging << --------------------
urllib3.util.retry: DEBUG: Converted retries value: False -> Retry(total=False, connect=None, read=None, redirect=0, status=None)
urllib3.connectionpool: DEBUG: Starting new HTTP connection (73): elasticsearch:9200
elasticsearch: WARNING: DELETE http://elasticsearch:9200/test_cr_c97d3965-996f-4fbb-b4a7-1038423423bd [status:N/A request:0.000s]
Traceback (most recent call last):
  File "/root/.cache/pypoetry/virtualenvs/cpdbv2-backend-VA82Wl8V-py3.7/lib/python3.7/site-packages/urllib3/connection.py", line 160, in _new_conn
    (self._dns_host, self.port), self.timeout, **extra_kw
  File "/root/.cache/pypoetry/virtualenvs/cpdbv2-backend-VA82Wl8V-py3.7/lib/python3.7/site-packages/urllib3/util/connection.py", line 61, in create_connection
    for res in socket.getaddrinfo(host, port, family, socket.SOCK_STREAM):
  File "/usr/local/lib/python3.7/socket.py", line 752, in getaddrinfo
    for res in _socket.getaddrinfo(host, port, family, type, proto, flags):
socket.gaierror: [Errno -2] Name or service not known

During handling of the above exception, another exception occurred:

Traceback (most recent call last):
  File "/root/.cache/pypoetry/virtualenvs/cpdbv2-backend-VA82Wl8V-py3.7/lib/python3.7/site-packages/elasticsearch/connection/http_urllib3.py", line 115, in perform_request
    response = self.pool.urlopen(method, url, body, retries=False, headers=self.headers, **kw)
  File "/root/.cache/pypoetry/virtualenvs/cpdbv2-backend-VA82Wl8V-py3.7/lib/python3.7/site-packages/urllib3/connectionpool.py", line 727, in urlopen
    method, url, error=e, _pool=self, _stacktrace=sys.exc_info()[2]
  File "/root/.cache/pypoetry/virtualenvs/cpdbv2-backend-VA82Wl8V-py3.7/lib/python3.7/site-packages/urllib3/util/retry.py", line 386, in increment
    raise six.reraise(type(error), error, _stacktrace)
  File "/root/.cache/pypoetry/virtualenvs/cpdbv2-backend-VA82Wl8V-py3.7/lib/python3.7/site-packages/urllib3/packages/six.py", line 735, in reraise
    raise value
  File "/root/.cache/pypoetry/virtualenvs/cpdbv2-backend-VA82Wl8V-py3.7/lib/python3.7/site-packages/urllib3/connectionpool.py", line 677, in urlopen
    chunked=chunked,
  File "/root/.cache/pypoetry/virtualenvs/cpdbv2-backend-VA82Wl8V-py3.7/lib/python3.7/site-packages/urllib3/connectionpool.py", line 392, in _make_request
    conn.request(method, url, **httplib_request_kw)
  File "/usr/local/lib/python3.7/http/client.py", line 1281, in request
    self._send_request(method, url, body, headers, encode_chunked)
  File "/usr/local/lib/python3.7/http/client.py", line 1327, in _send_request
    self.endheaders(body, encode_chunked=encode_chunked)
  File "/usr/local/lib/python3.7/http/client.py", line 1276, in endheaders
    self._send_output(message_body, encode_chunked=encode_chunked)
  File "/usr/local/lib/python3.7/http/client.py", line 1036, in _send_output
    self.send(msg)
  File "/usr/local/lib/python3.7/http/client.py", line 976, in send
    self.connect()
  File "/root/.cache/pypoetry/virtualenvs/cpdbv2-backend-VA82Wl8V-py3.7/lib/python3.7/site-packages/urllib3/connection.py", line 187, in connect
    conn = self._new_conn()
  File "/root/.cache/pypoetry/virtualenvs/cpdbv2-backend-VA82Wl8V-py3.7/lib/python3.7/site-packages/urllib3/connection.py", line 172, in _new_conn
    self, "Failed to establish a new connection: %s" % e
urllib3.exceptions.NewConnectionError: <urllib3.connection.HTTPConnection object at 0x7ff0694cc550>: Failed to establish a new connection: [Errno -2] Name or service not known
elasticsearch: DEBUG: > None
urllib3.util.retry: DEBUG: Converted retries value: False -> Retry(total=False, connect=None, read=None, redirect=0, status=None)
urllib3.connectionpool: DEBUG: Starting new HTTP connection (74): elasticsearch:9200
elasticsearch: WARNING: DELETE http://elasticsearch:9200/test_cr_c97d3965-996f-4fbb-b4a7-1038423423bd [status:N/A request:0.000s]
Traceback (most recent call last):
  File "/root/.cache/pypoetry/virtualenvs/cpdbv2-backend-VA82Wl8V-py3.7/lib/python3.7/site-packages/urllib3/connection.py", line 160, in _new_conn
    (self._dns_host, self.port), self.timeout, **extra_kw
  File "/root/.cache/pypoetry/virtualenvs/cpdbv2-backend-VA82Wl8V-py3.7/lib/python3.7/site-packages/urllib3/util/connection.py", line 61, in create_connection
    for res in socket.getaddrinfo(host, port, family, socket.SOCK_STREAM):
  File "/usr/local/lib/python3.7/socket.py", line 752, in getaddrinfo
    for res in _socket.getaddrinfo(host, port, family, type, proto, flags):
socket.gaierror: [Errno -2] Name or service not known

During handling of the above exception, another exception occurred:

Traceback (most recent call last):
  File "/root/.cache/pypoetry/virtualenvs/cpdbv2-backend-VA82Wl8V-py3.7/lib/python3.7/site-packages/elasticsearch/connection/http_urllib3.py", line 115, in perform_request
    response = self.pool.urlopen(method, url, body, retries=False, headers=self.headers, **kw)
  File "/root/.cache/pypoetry/virtualenvs/cpdbv2-backend-VA82Wl8V-py3.7/lib/python3.7/site-packages/urllib3/connectionpool.py", line 727, in urlopen
    method, url, error=e, _pool=self, _stacktrace=sys.exc_info()[2]
  File "/root/.cache/pypoetry/virtualenvs/cpdbv2-backend-VA82Wl8V-py3.7/lib/python3.7/site-packages/urllib3/util/retry.py", line 386, in increment
    raise six.reraise(type(error), error, _stacktrace)
  File "/root/.cache/pypoetry/virtualenvs/cpdbv2-backend-VA82Wl8V-py3.7/lib/python3.7/site-packages/urllib3/packages/six.py", line 735, in reraise
    raise value
  File "/root/.cache/pypoetry/virtualenvs/cpdbv2-backend-VA82Wl8V-py3.7/lib/python3.7/site-packages/urllib3/connectionpool.py", line 677, in urlopen
    chunked=chunked,
  File "/root/.cache/pypoetry/virtualenvs/cpdbv2-backend-VA82Wl8V-py3.7/lib/python3.7/site-packages/urllib3/connectionpool.py", line 392, in _make_request
    conn.request(method, url, **httplib_request_kw)
  File "/usr/local/lib/python3.7/http/client.py", line 1281, in request
    self._send_request(method, url, body, headers, encode_chunked)
  File "/usr/local/lib/python3.7/http/client.py", line 1327, in _send_request
    self.endheaders(body, encode_chunked=encode_chunked)
  File "/usr/local/lib/python3.7/http/client.py", line 1276, in endheaders
    self._send_output(message_body, encode_chunked=encode_chunked)
  File "/usr/local/lib/python3.7/http/client.py", line 1036, in _send_output
    self.send(msg)
  File "/usr/local/lib/python3.7/http/client.py", line 976, in send
    self.connect()
  File "/root/.cache/pypoetry/virtualenvs/cpdbv2-backend-VA82Wl8V-py3.7/lib/python3.7/site-packages/urllib3/connection.py", line 187, in connect
    conn = self._new_conn()
  File "/root/.cache/pypoetry/virtualenvs/cpdbv2-backend-VA82Wl8V-py3.7/lib/python3.7/site-packages/urllib3/connection.py", line 172, in _new_conn
    self, "Failed to establish a new connection: %s" % e
urllib3.exceptions.NewConnectionError: <urllib3.connection.HTTPConnection object at 0x7ff0694ccd90>: Failed to establish a new connection: [Errno -2] Name or service not known
elasticsearch: DEBUG: > None
urllib3.util.retry: DEBUG: Converted retries value: False -> Retry(total=False, connect=None, read=None, redirect=0, status=None)
urllib3.connectionpool: DEBUG: Starting new HTTP connection (75): elasticsearch:9200
elasticsearch: WARNING: DELETE http://elasticsearch:9200/test_cr_c97d3965-996f-4fbb-b4a7-1038423423bd [status:N/A request:0.000s]
Traceback (most recent call last):
  File "/root/.cache/pypoetry/virtualenvs/cpdbv2-backend-VA82Wl8V-py3.7/lib/python3.7/site-packages/urllib3/connection.py", line 160, in _new_conn
    (self._dns_host, self.port), self.timeout, **extra_kw
  File "/root/.cache/pypoetry/virtualenvs/cpdbv2-backend-VA82Wl8V-py3.7/lib/python3.7/site-packages/urllib3/util/connection.py", line 61, in create_connection
    for res in socket.getaddrinfo(host, port, family, socket.SOCK_STREAM):
  File "/usr/local/lib/python3.7/socket.py", line 752, in getaddrinfo
    for res in _socket.getaddrinfo(host, port, family, type, proto, flags):
socket.gaierror: [Errno -2] Name or service not known

During handling of the above exception, another exception occurred:

Traceback (most recent call last):
  File "/root/.cache/pypoetry/virtualenvs/cpdbv2-backend-VA82Wl8V-py3.7/lib/python3.7/site-packages/elasticsearch/connection/http_urllib3.py", line 115, in perform_request
    response = self.pool.urlopen(method, url, body, retries=False, headers=self.headers, **kw)
  File "/root/.cache/pypoetry/virtualenvs/cpdbv2-backend-VA82Wl8V-py3.7/lib/python3.7/site-packages/urllib3/connectionpool.py", line 727, in urlopen
    method, url, error=e, _pool=self, _stacktrace=sys.exc_info()[2]
  File "/root/.cache/pypoetry/virtualenvs/cpdbv2-backend-VA82Wl8V-py3.7/lib/python3.7/site-packages/urllib3/util/retry.py", line 386, in increment
    raise six.reraise(type(error), error, _stacktrace)
  File "/root/.cache/pypoetry/virtualenvs/cpdbv2-backend-VA82Wl8V-py3.7/lib/python3.7/site-packages/urllib3/packages/six.py", line 735, in reraise
    raise value
  File "/root/.cache/pypoetry/virtualenvs/cpdbv2-backend-VA82Wl8V-py3.7/lib/python3.7/site-packages/urllib3/connectionpool.py", line 677, in urlopen
    chunked=chunked,
  File "/root/.cache/pypoetry/virtualenvs/cpdbv2-backend-VA82Wl8V-py3.7/lib/python3.7/site-packages/urllib3/connectionpool.py", line 392, in _make_request
    conn.request(method, url, **httplib_request_kw)
  File "/usr/local/lib/python3.7/http/client.py", line 1281, in request
    self._send_request(method, url, body, headers, encode_chunked)
  File "/usr/local/lib/python3.7/http/client.py", line 1327, in _send_request
    self.endheaders(body, encode_chunked=encode_chunked)
  File "/usr/local/lib/python3.7/http/client.py", line 1276, in endheaders
    self._send_output(message_body, encode_chunked=encode_chunked)
  File "/usr/local/lib/python3.7/http/client.py", line 1036, in _send_output
    self.send(msg)
  File "/usr/local/lib/python3.7/http/client.py", line 976, in send
    self.connect()
  File "/root/.cache/pypoetry/virtualenvs/cpdbv2-backend-VA82Wl8V-py3.7/lib/python3.7/site-packages/urllib3/connection.py", line 187, in connect
    conn = self._new_conn()
  File "/root/.cache/pypoetry/virtualenvs/cpdbv2-backend-VA82Wl8V-py3.7/lib/python3.7/site-packages/urllib3/connection.py", line 172, in _new_conn
    self, "Failed to establish a new connection: %s" % e
urllib3.exceptions.NewConnectionError: <urllib3.connection.HTTPConnection object at 0x7ff0694cc6d0>: Failed to establish a new connection: [Errno -2] Name or service not known
elasticsearch: DEBUG: > None
urllib3.util.retry: DEBUG: Converted retries value: False -> Retry(total=False, connect=None, read=None, redirect=0, status=None)
urllib3.connectionpool: DEBUG: Starting new HTTP connection (76): elasticsearch:9200
elasticsearch: WARNING: DELETE http://elasticsearch:9200/test_cr_c97d3965-996f-4fbb-b4a7-1038423423bd [status:N/A request:0.000s]
Traceback (most recent call last):
  File "/root/.cache/pypoetry/virtualenvs/cpdbv2-backend-VA82Wl8V-py3.7/lib/python3.7/site-packages/urllib3/connection.py", line 160, in _new_conn
    (self._dns_host, self.port), self.timeout, **extra_kw
  File "/root/.cache/pypoetry/virtualenvs/cpdbv2-backend-VA82Wl8V-py3.7/lib/python3.7/site-packages/urllib3/util/connection.py", line 61, in create_connection
    for res in socket.getaddrinfo(host, port, family, socket.SOCK_STREAM):
  File "/usr/local/lib/python3.7/socket.py", line 752, in getaddrinfo
    for res in _socket.getaddrinfo(host, port, family, type, proto, flags):
socket.gaierror: [Errno -2] Name or service not known

During handling of the above exception, another exception occurred:

Traceback (most recent call last):
  File "/root/.cache/pypoetry/virtualenvs/cpdbv2-backend-VA82Wl8V-py3.7/lib/python3.7/site-packages/elasticsearch/connection/http_urllib3.py", line 115, in perform_request
    response = self.pool.urlopen(method, url, body, retries=False, headers=self.headers, **kw)
  File "/root/.cache/pypoetry/virtualenvs/cpdbv2-backend-VA82Wl8V-py3.7/lib/python3.7/site-packages/urllib3/connectionpool.py", line 727, in urlopen
    method, url, error=e, _pool=self, _stacktrace=sys.exc_info()[2]
  File "/root/.cache/pypoetry/virtualenvs/cpdbv2-backend-VA82Wl8V-py3.7/lib/python3.7/site-packages/urllib3/util/retry.py", line 386, in increment
    raise six.reraise(type(error), error, _stacktrace)
  File "/root/.cache/pypoetry/virtualenvs/cpdbv2-backend-VA82Wl8V-py3.7/lib/python3.7/site-packages/urllib3/packages/six.py", line 735, in reraise
    raise value
  File "/root/.cache/pypoetry/virtualenvs/cpdbv2-backend-VA82Wl8V-py3.7/lib/python3.7/site-packages/urllib3/connectionpool.py", line 677, in urlopen
    chunked=chunked,
  File "/root/.cache/pypoetry/virtualenvs/cpdbv2-backend-VA82Wl8V-py3.7/lib/python3.7/site-packages/urllib3/connectionpool.py", line 392, in _make_request
    conn.request(method, url, **httplib_request_kw)
  File "/usr/local/lib/python3.7/http/client.py", line 1281, in request
    self._send_request(method, url, body, headers, encode_chunked)
  File "/usr/local/lib/python3.7/http/client.py", line 1327, in _send_request
    self.endheaders(body, encode_chunked=encode_chunked)
  File "/usr/local/lib/python3.7/http/client.py", line 1276, in endheaders
    self._send_output(message_body, encode_chunked=encode_chunked)
  File "/usr/local/lib/python3.7/http/client.py", line 1036, in _send_output
    self.send(msg)
  File "/usr/local/lib/python3.7/http/client.py", line 976, in send
    self.connect()
  File "/root/.cache/pypoetry/virtualenvs/cpdbv2-backend-VA82Wl8V-py3.7/lib/python3.7/site-packages/urllib3/connection.py", line 187, in connect
    conn = self._new_conn()
  File "/root/.cache/pypoetry/virtualenvs/cpdbv2-backend-VA82Wl8V-py3.7/lib/python3.7/site-packages/urllib3/connection.py", line 172, in _new_conn
    self, "Failed to establish a new connection: %s" % e
urllib3.exceptions.NewConnectionError: <urllib3.connection.HTTPConnection object at 0x7ff0694cc590>: Failed to establish a new connection: [Errno -2] Name or service not known
elasticsearch: DEBUG: > None
--------------------- >> end captured logging << ---------------------

======================================================================
ERROR: test_request_same_document_twice (cr.tests.views.test_cr_viewset.CRViewSetTestCase)
----------------------------------------------------------------------
Traceback (most recent call last):
  File "/root/.cache/pypoetry/virtualenvs/cpdbv2-backend-VA82Wl8V-py3.7/lib/python3.7/site-packages/freezegun/api.py", line 735, in wrapper
    result = func(*args, **kwargs)
  File "/usr/src/app/cpdb/cr/tests/views/test_cr_viewset.py", line 30, in setUp
    super(CRViewSetTestCase, self).setUp()
  File "/usr/src/app/cpdb/cr/tests/mixins.py", line 7, in setUp
    cr_index_alias.write_index.delete(ignore=404)
  File "/root/.cache/pypoetry/virtualenvs/cpdbv2-backend-VA82Wl8V-py3.7/lib/python3.7/site-packages/elasticsearch_dsl/index.py", line 222, in delete
    self.connection.indices.delete(index=self._name, **kwargs)
  File "/root/.cache/pypoetry/virtualenvs/cpdbv2-backend-VA82Wl8V-py3.7/lib/python3.7/site-packages/elasticsearch/client/utils.py", line 73, in _wrapped
    return func(*args, params=params, **kwargs)
  File "/root/.cache/pypoetry/virtualenvs/cpdbv2-backend-VA82Wl8V-py3.7/lib/python3.7/site-packages/elasticsearch/client/indices.py", line 200, in delete
    params=params)
  File "/root/.cache/pypoetry/virtualenvs/cpdbv2-backend-VA82Wl8V-py3.7/lib/python3.7/site-packages/elasticsearch/transport.py", line 312, in perform_request
    status, headers, data = connection.perform_request(method, url, params, body, ignore=ignore, timeout=timeout)
  File "/root/.cache/pypoetry/virtualenvs/cpdbv2-backend-VA82Wl8V-py3.7/lib/python3.7/site-packages/elasticsearch/connection/http_urllib3.py", line 124, in perform_request
    raise ConnectionError('N/A', str(e), e)
elasticsearch.exceptions.ConnectionError: ConnectionError(<urllib3.connection.HTTPConnection object at 0x7ff0694cc9d0>: Failed to establish a new connection: [Errno -2] Name or service not known) caused by: NewConnectionError(<urllib3.connection.HTTPConnection object at 0x7ff0694cc9d0>: Failed to establish a new connection: [Errno -2] Name or service not known)
-------------------- >> begin captured logging << --------------------
urllib3.util.retry: DEBUG: Converted retries value: False -> Retry(total=False, connect=None, read=None, redirect=0, status=None)
urllib3.connectionpool: DEBUG: Starting new HTTP connection (77): elasticsearch:9200
elasticsearch: WARNING: DELETE http://elasticsearch:9200/test_cr_c97d3965-996f-4fbb-b4a7-1038423423bd [status:N/A request:0.000s]
Traceback (most recent call last):
  File "/root/.cache/pypoetry/virtualenvs/cpdbv2-backend-VA82Wl8V-py3.7/lib/python3.7/site-packages/urllib3/connection.py", line 160, in _new_conn
    (self._dns_host, self.port), self.timeout, **extra_kw
  File "/root/.cache/pypoetry/virtualenvs/cpdbv2-backend-VA82Wl8V-py3.7/lib/python3.7/site-packages/urllib3/util/connection.py", line 61, in create_connection
    for res in socket.getaddrinfo(host, port, family, socket.SOCK_STREAM):
  File "/usr/local/lib/python3.7/socket.py", line 752, in getaddrinfo
    for res in _socket.getaddrinfo(host, port, family, type, proto, flags):
socket.gaierror: [Errno -2] Name or service not known

During handling of the above exception, another exception occurred:

Traceback (most recent call last):
  File "/root/.cache/pypoetry/virtualenvs/cpdbv2-backend-VA82Wl8V-py3.7/lib/python3.7/site-packages/elasticsearch/connection/http_urllib3.py", line 115, in perform_request
    response = self.pool.urlopen(method, url, body, retries=False, headers=self.headers, **kw)
  File "/root/.cache/pypoetry/virtualenvs/cpdbv2-backend-VA82Wl8V-py3.7/lib/python3.7/site-packages/urllib3/connectionpool.py", line 727, in urlopen
    method, url, error=e, _pool=self, _stacktrace=sys.exc_info()[2]
  File "/root/.cache/pypoetry/virtualenvs/cpdbv2-backend-VA82Wl8V-py3.7/lib/python3.7/site-packages/urllib3/util/retry.py", line 386, in increment
    raise six.reraise(type(error), error, _stacktrace)
  File "/root/.cache/pypoetry/virtualenvs/cpdbv2-backend-VA82Wl8V-py3.7/lib/python3.7/site-packages/urllib3/packages/six.py", line 735, in reraise
    raise value
  File "/root/.cache/pypoetry/virtualenvs/cpdbv2-backend-VA82Wl8V-py3.7/lib/python3.7/site-packages/urllib3/connectionpool.py", line 677, in urlopen
    chunked=chunked,
  File "/root/.cache/pypoetry/virtualenvs/cpdbv2-backend-VA82Wl8V-py3.7/lib/python3.7/site-packages/urllib3/connectionpool.py", line 392, in _make_request
    conn.request(method, url, **httplib_request_kw)
  File "/usr/local/lib/python3.7/http/client.py", line 1281, in request
    self._send_request(method, url, body, headers, encode_chunked)
  File "/usr/local/lib/python3.7/http/client.py", line 1327, in _send_request
    self.endheaders(body, encode_chunked=encode_chunked)
  File "/usr/local/lib/python3.7/http/client.py", line 1276, in endheaders
    self._send_output(message_body, encode_chunked=encode_chunked)
  File "/usr/local/lib/python3.7/http/client.py", line 1036, in _send_output
    self.send(msg)
  File "/usr/local/lib/python3.7/http/client.py", line 976, in send
    self.connect()
  File "/root/.cache/pypoetry/virtualenvs/cpdbv2-backend-VA82Wl8V-py3.7/lib/python3.7/site-packages/urllib3/connection.py", line 187, in connect
    conn = self._new_conn()
  File "/root/.cache/pypoetry/virtualenvs/cpdbv2-backend-VA82Wl8V-py3.7/lib/python3.7/site-packages/urllib3/connection.py", line 172, in _new_conn
    self, "Failed to establish a new connection: %s" % e
urllib3.exceptions.NewConnectionError: <urllib3.connection.HTTPConnection object at 0x7ff0694d1b50>: Failed to establish a new connection: [Errno -2] Name or service not known
elasticsearch: DEBUG: > None
urllib3.util.retry: DEBUG: Converted retries value: False -> Retry(total=False, connect=None, read=None, redirect=0, status=None)
urllib3.connectionpool: DEBUG: Starting new HTTP connection (78): elasticsearch:9200
elasticsearch: WARNING: DELETE http://elasticsearch:9200/test_cr_c97d3965-996f-4fbb-b4a7-1038423423bd [status:N/A request:0.000s]
Traceback (most recent call last):
  File "/root/.cache/pypoetry/virtualenvs/cpdbv2-backend-VA82Wl8V-py3.7/lib/python3.7/site-packages/urllib3/connection.py", line 160, in _new_conn
    (self._dns_host, self.port), self.timeout, **extra_kw
  File "/root/.cache/pypoetry/virtualenvs/cpdbv2-backend-VA82Wl8V-py3.7/lib/python3.7/site-packages/urllib3/util/connection.py", line 61, in create_connection
    for res in socket.getaddrinfo(host, port, family, socket.SOCK_STREAM):
  File "/usr/local/lib/python3.7/socket.py", line 752, in getaddrinfo
    for res in _socket.getaddrinfo(host, port, family, type, proto, flags):
socket.gaierror: [Errno -2] Name or service not known

During handling of the above exception, another exception occurred:

Traceback (most recent call last):
  File "/root/.cache/pypoetry/virtualenvs/cpdbv2-backend-VA82Wl8V-py3.7/lib/python3.7/site-packages/elasticsearch/connection/http_urllib3.py", line 115, in perform_request
    response = self.pool.urlopen(method, url, body, retries=False, headers=self.headers, **kw)
  File "/root/.cache/pypoetry/virtualenvs/cpdbv2-backend-VA82Wl8V-py3.7/lib/python3.7/site-packages/urllib3/connectionpool.py", line 727, in urlopen
    method, url, error=e, _pool=self, _stacktrace=sys.exc_info()[2]
  File "/root/.cache/pypoetry/virtualenvs/cpdbv2-backend-VA82Wl8V-py3.7/lib/python3.7/site-packages/urllib3/util/retry.py", line 386, in increment
    raise six.reraise(type(error), error, _stacktrace)
  File "/root/.cache/pypoetry/virtualenvs/cpdbv2-backend-VA82Wl8V-py3.7/lib/python3.7/site-packages/urllib3/packages/six.py", line 735, in reraise
    raise value
  File "/root/.cache/pypoetry/virtualenvs/cpdbv2-backend-VA82Wl8V-py3.7/lib/python3.7/site-packages/urllib3/connectionpool.py", line 677, in urlopen
    chunked=chunked,
  File "/root/.cache/pypoetry/virtualenvs/cpdbv2-backend-VA82Wl8V-py3.7/lib/python3.7/site-packages/urllib3/connectionpool.py", line 392, in _make_request
    conn.request(method, url, **httplib_request_kw)
  File "/usr/local/lib/python3.7/http/client.py", line 1281, in request
    self._send_request(method, url, body, headers, encode_chunked)
  File "/usr/local/lib/python3.7/http/client.py", line 1327, in _send_request
    self.endheaders(body, encode_chunked=encode_chunked)
  File "/usr/local/lib/python3.7/http/client.py", line 1276, in endheaders
    self._send_output(message_body, encode_chunked=encode_chunked)
  File "/usr/local/lib/python3.7/http/client.py", line 1036, in _send_output
    self.send(msg)
  File "/usr/local/lib/python3.7/http/client.py", line 976, in send
    self.connect()
  File "/root/.cache/pypoetry/virtualenvs/cpdbv2-backend-VA82Wl8V-py3.7/lib/python3.7/site-packages/urllib3/connection.py", line 187, in connect
    conn = self._new_conn()
  File "/root/.cache/pypoetry/virtualenvs/cpdbv2-backend-VA82Wl8V-py3.7/lib/python3.7/site-packages/urllib3/connection.py", line 172, in _new_conn
    self, "Failed to establish a new connection: %s" % e
urllib3.exceptions.NewConnectionError: <urllib3.connection.HTTPConnection object at 0x7ff0694cc2d0>: Failed to establish a new connection: [Errno -2] Name or service not known
elasticsearch: DEBUG: > None
urllib3.util.retry: DEBUG: Converted retries value: False -> Retry(total=False, connect=None, read=None, redirect=0, status=None)
urllib3.connectionpool: DEBUG: Starting new HTTP connection (79): elasticsearch:9200
elasticsearch: WARNING: DELETE http://elasticsearch:9200/test_cr_c97d3965-996f-4fbb-b4a7-1038423423bd [status:N/A request:0.000s]
Traceback (most recent call last):
  File "/root/.cache/pypoetry/virtualenvs/cpdbv2-backend-VA82Wl8V-py3.7/lib/python3.7/site-packages/urllib3/connection.py", line 160, in _new_conn
    (self._dns_host, self.port), self.timeout, **extra_kw
  File "/root/.cache/pypoetry/virtualenvs/cpdbv2-backend-VA82Wl8V-py3.7/lib/python3.7/site-packages/urllib3/util/connection.py", line 61, in create_connection
    for res in socket.getaddrinfo(host, port, family, socket.SOCK_STREAM):
  File "/usr/local/lib/python3.7/socket.py", line 752, in getaddrinfo
    for res in _socket.getaddrinfo(host, port, family, type, proto, flags):
socket.gaierror: [Errno -2] Name or service not known

During handling of the above exception, another exception occurred:

Traceback (most recent call last):
  File "/root/.cache/pypoetry/virtualenvs/cpdbv2-backend-VA82Wl8V-py3.7/lib/python3.7/site-packages/elasticsearch/connection/http_urllib3.py", line 115, in perform_request
    response = self.pool.urlopen(method, url, body, retries=False, headers=self.headers, **kw)
  File "/root/.cache/pypoetry/virtualenvs/cpdbv2-backend-VA82Wl8V-py3.7/lib/python3.7/site-packages/urllib3/connectionpool.py", line 727, in urlopen
    method, url, error=e, _pool=self, _stacktrace=sys.exc_info()[2]
  File "/root/.cache/pypoetry/virtualenvs/cpdbv2-backend-VA82Wl8V-py3.7/lib/python3.7/site-packages/urllib3/util/retry.py", line 386, in increment
    raise six.reraise(type(error), error, _stacktrace)
  File "/root/.cache/pypoetry/virtualenvs/cpdbv2-backend-VA82Wl8V-py3.7/lib/python3.7/site-packages/urllib3/packages/six.py", line 735, in reraise
    raise value
  File "/root/.cache/pypoetry/virtualenvs/cpdbv2-backend-VA82Wl8V-py3.7/lib/python3.7/site-packages/urllib3/connectionpool.py", line 677, in urlopen
    chunked=chunked,
  File "/root/.cache/pypoetry/virtualenvs/cpdbv2-backend-VA82Wl8V-py3.7/lib/python3.7/site-packages/urllib3/connectionpool.py", line 392, in _make_request
    conn.request(method, url, **httplib_request_kw)
  File "/usr/local/lib/python3.7/http/client.py", line 1281, in request
    self._send_request(method, url, body, headers, encode_chunked)
  File "/usr/local/lib/python3.7/http/client.py", line 1327, in _send_request
    self.endheaders(body, encode_chunked=encode_chunked)
  File "/usr/local/lib/python3.7/http/client.py", line 1276, in endheaders
    self._send_output(message_body, encode_chunked=encode_chunked)
  File "/usr/local/lib/python3.7/http/client.py", line 1036, in _send_output
    self.send(msg)
  File "/usr/local/lib/python3.7/http/client.py", line 976, in send
    self.connect()
  File "/root/.cache/pypoetry/virtualenvs/cpdbv2-backend-VA82Wl8V-py3.7/lib/python3.7/site-packages/urllib3/connection.py", line 187, in connect
    conn = self._new_conn()
  File "/root/.cache/pypoetry/virtualenvs/cpdbv2-backend-VA82Wl8V-py3.7/lib/python3.7/site-packages/urllib3/connection.py", line 172, in _new_conn
    self, "Failed to establish a new connection: %s" % e
urllib3.exceptions.NewConnectionError: <urllib3.connection.HTTPConnection object at 0x7ff0694cc0d0>: Failed to establish a new connection: [Errno -2] Name or service not known
elasticsearch: DEBUG: > None
urllib3.util.retry: DEBUG: Converted retries value: False -> Retry(total=False, connect=None, read=None, redirect=0, status=None)
urllib3.connectionpool: DEBUG: Starting new HTTP connection (80): elasticsearch:9200
elasticsearch: WARNING: DELETE http://elasticsearch:9200/test_cr_c97d3965-996f-4fbb-b4a7-1038423423bd [status:N/A request:0.000s]
Traceback (most recent call last):
  File "/root/.cache/pypoetry/virtualenvs/cpdbv2-backend-VA82Wl8V-py3.7/lib/python3.7/site-packages/urllib3/connection.py", line 160, in _new_conn
    (self._dns_host, self.port), self.timeout, **extra_kw
  File "/root/.cache/pypoetry/virtualenvs/cpdbv2-backend-VA82Wl8V-py3.7/lib/python3.7/site-packages/urllib3/util/connection.py", line 61, in create_connection
    for res in socket.getaddrinfo(host, port, family, socket.SOCK_STREAM):
  File "/usr/local/lib/python3.7/socket.py", line 752, in getaddrinfo
    for res in _socket.getaddrinfo(host, port, family, type, proto, flags):
socket.gaierror: [Errno -2] Name or service not known

During handling of the above exception, another exception occurred:

Traceback (most recent call last):
  File "/root/.cache/pypoetry/virtualenvs/cpdbv2-backend-VA82Wl8V-py3.7/lib/python3.7/site-packages/elasticsearch/connection/http_urllib3.py", line 115, in perform_request
    response = self.pool.urlopen(method, url, body, retries=False, headers=self.headers, **kw)
  File "/root/.cache/pypoetry/virtualenvs/cpdbv2-backend-VA82Wl8V-py3.7/lib/python3.7/site-packages/urllib3/connectionpool.py", line 727, in urlopen
    method, url, error=e, _pool=self, _stacktrace=sys.exc_info()[2]
  File "/root/.cache/pypoetry/virtualenvs/cpdbv2-backend-VA82Wl8V-py3.7/lib/python3.7/site-packages/urllib3/util/retry.py", line 386, in increment
    raise six.reraise(type(error), error, _stacktrace)
  File "/root/.cache/pypoetry/virtualenvs/cpdbv2-backend-VA82Wl8V-py3.7/lib/python3.7/site-packages/urllib3/packages/six.py", line 735, in reraise
    raise value
  File "/root/.cache/pypoetry/virtualenvs/cpdbv2-backend-VA82Wl8V-py3.7/lib/python3.7/site-packages/urllib3/connectionpool.py", line 677, in urlopen
    chunked=chunked,
  File "/root/.cache/pypoetry/virtualenvs/cpdbv2-backend-VA82Wl8V-py3.7/lib/python3.7/site-packages/urllib3/connectionpool.py", line 392, in _make_request
    conn.request(method, url, **httplib_request_kw)
  File "/usr/local/lib/python3.7/http/client.py", line 1281, in request
    self._send_request(method, url, body, headers, encode_chunked)
  File "/usr/local/lib/python3.7/http/client.py", line 1327, in _send_request
    self.endheaders(body, encode_chunked=encode_chunked)
  File "/usr/local/lib/python3.7/http/client.py", line 1276, in endheaders
    self._send_output(message_body, encode_chunked=encode_chunked)
  File "/usr/local/lib/python3.7/http/client.py", line 1036, in _send_output
    self.send(msg)
  File "/usr/local/lib/python3.7/http/client.py", line 976, in send
    self.connect()
  File "/root/.cache/pypoetry/virtualenvs/cpdbv2-backend-VA82Wl8V-py3.7/lib/python3.7/site-packages/urllib3/connection.py", line 187, in connect
    conn = self._new_conn()
  File "/root/.cache/pypoetry/virtualenvs/cpdbv2-backend-VA82Wl8V-py3.7/lib/python3.7/site-packages/urllib3/connection.py", line 172, in _new_conn
    self, "Failed to establish a new connection: %s" % e
urllib3.exceptions.NewConnectionError: <urllib3.connection.HTTPConnection object at 0x7ff0694cc9d0>: Failed to establish a new connection: [Errno -2] Name or service not known
elasticsearch: DEBUG: > None
--------------------- >> end captured logging << ---------------------

======================================================================
ERROR: test_retrieve (cr.tests.views.test_cr_viewset.CRViewSetTestCase)
----------------------------------------------------------------------
Traceback (most recent call last):
  File "/root/.cache/pypoetry/virtualenvs/cpdbv2-backend-VA82Wl8V-py3.7/lib/python3.7/site-packages/freezegun/api.py", line 735, in wrapper
    result = func(*args, **kwargs)
  File "/usr/src/app/cpdb/cr/tests/views/test_cr_viewset.py", line 30, in setUp
    super(CRViewSetTestCase, self).setUp()
  File "/usr/src/app/cpdb/cr/tests/mixins.py", line 7, in setUp
    cr_index_alias.write_index.delete(ignore=404)
  File "/root/.cache/pypoetry/virtualenvs/cpdbv2-backend-VA82Wl8V-py3.7/lib/python3.7/site-packages/elasticsearch_dsl/index.py", line 222, in delete
    self.connection.indices.delete(index=self._name, **kwargs)
  File "/root/.cache/pypoetry/virtualenvs/cpdbv2-backend-VA82Wl8V-py3.7/lib/python3.7/site-packages/elasticsearch/client/utils.py", line 73, in _wrapped
    return func(*args, params=params, **kwargs)
  File "/root/.cache/pypoetry/virtualenvs/cpdbv2-backend-VA82Wl8V-py3.7/lib/python3.7/site-packages/elasticsearch/client/indices.py", line 200, in delete
    params=params)
  File "/root/.cache/pypoetry/virtualenvs/cpdbv2-backend-VA82Wl8V-py3.7/lib/python3.7/site-packages/elasticsearch/transport.py", line 312, in perform_request
    status, headers, data = connection.perform_request(method, url, params, body, ignore=ignore, timeout=timeout)
  File "/root/.cache/pypoetry/virtualenvs/cpdbv2-backend-VA82Wl8V-py3.7/lib/python3.7/site-packages/elasticsearch/connection/http_urllib3.py", line 124, in perform_request
    raise ConnectionError('N/A', str(e), e)
elasticsearch.exceptions.ConnectionError: ConnectionError(<urllib3.connection.HTTPConnection object at 0x7ff0694ccb10>: Failed to establish a new connection: [Errno -2] Name or service not known) caused by: NewConnectionError(<urllib3.connection.HTTPConnection object at 0x7ff0694ccb10>: Failed to establish a new connection: [Errno -2] Name or service not known)
-------------------- >> begin captured logging << --------------------
urllib3.util.retry: DEBUG: Converted retries value: False -> Retry(total=False, connect=None, read=None, redirect=0, status=None)
urllib3.connectionpool: DEBUG: Starting new HTTP connection (81): elasticsearch:9200
elasticsearch: WARNING: DELETE http://elasticsearch:9200/test_cr_c97d3965-996f-4fbb-b4a7-1038423423bd [status:N/A request:0.000s]
Traceback (most recent call last):
  File "/root/.cache/pypoetry/virtualenvs/cpdbv2-backend-VA82Wl8V-py3.7/lib/python3.7/site-packages/urllib3/connection.py", line 160, in _new_conn
    (self._dns_host, self.port), self.timeout, **extra_kw
  File "/root/.cache/pypoetry/virtualenvs/cpdbv2-backend-VA82Wl8V-py3.7/lib/python3.7/site-packages/urllib3/util/connection.py", line 61, in create_connection
    for res in socket.getaddrinfo(host, port, family, socket.SOCK_STREAM):
  File "/usr/local/lib/python3.7/socket.py", line 752, in getaddrinfo
    for res in _socket.getaddrinfo(host, port, family, type, proto, flags):
socket.gaierror: [Errno -2] Name or service not known

During handling of the above exception, another exception occurred:

Traceback (most recent call last):
  File "/root/.cache/pypoetry/virtualenvs/cpdbv2-backend-VA82Wl8V-py3.7/lib/python3.7/site-packages/elasticsearch/connection/http_urllib3.py", line 115, in perform_request
    response = self.pool.urlopen(method, url, body, retries=False, headers=self.headers, **kw)
  File "/root/.cache/pypoetry/virtualenvs/cpdbv2-backend-VA82Wl8V-py3.7/lib/python3.7/site-packages/urllib3/connectionpool.py", line 727, in urlopen
    method, url, error=e, _pool=self, _stacktrace=sys.exc_info()[2]
  File "/root/.cache/pypoetry/virtualenvs/cpdbv2-backend-VA82Wl8V-py3.7/lib/python3.7/site-packages/urllib3/util/retry.py", line 386, in increment
    raise six.reraise(type(error), error, _stacktrace)
  File "/root/.cache/pypoetry/virtualenvs/cpdbv2-backend-VA82Wl8V-py3.7/lib/python3.7/site-packages/urllib3/packages/six.py", line 735, in reraise
    raise value
  File "/root/.cache/pypoetry/virtualenvs/cpdbv2-backend-VA82Wl8V-py3.7/lib/python3.7/site-packages/urllib3/connectionpool.py", line 677, in urlopen
    chunked=chunked,
  File "/root/.cache/pypoetry/virtualenvs/cpdbv2-backend-VA82Wl8V-py3.7/lib/python3.7/site-packages/urllib3/connectionpool.py", line 392, in _make_request
    conn.request(method, url, **httplib_request_kw)
  File "/usr/local/lib/python3.7/http/client.py", line 1281, in request
    self._send_request(method, url, body, headers, encode_chunked)
  File "/usr/local/lib/python3.7/http/client.py", line 1327, in _send_request
    self.endheaders(body, encode_chunked=encode_chunked)
  File "/usr/local/lib/python3.7/http/client.py", line 1276, in endheaders
    self._send_output(message_body, encode_chunked=encode_chunked)
  File "/usr/local/lib/python3.7/http/client.py", line 1036, in _send_output
    self.send(msg)
  File "/usr/local/lib/python3.7/http/client.py", line 976, in send
    self.connect()
  File "/root/.cache/pypoetry/virtualenvs/cpdbv2-backend-VA82Wl8V-py3.7/lib/python3.7/site-packages/urllib3/connection.py", line 187, in connect
    conn = self._new_conn()
  File "/root/.cache/pypoetry/virtualenvs/cpdbv2-backend-VA82Wl8V-py3.7/lib/python3.7/site-packages/urllib3/connection.py", line 172, in _new_conn
    self, "Failed to establish a new connection: %s" % e
urllib3.exceptions.NewConnectionError: <urllib3.connection.HTTPConnection object at 0x7ff0694eba50>: Failed to establish a new connection: [Errno -2] Name or service not known
elasticsearch: DEBUG: > None
urllib3.util.retry: DEBUG: Converted retries value: False -> Retry(total=False, connect=None, read=None, redirect=0, status=None)
urllib3.connectionpool: DEBUG: Starting new HTTP connection (82): elasticsearch:9200
elasticsearch: WARNING: DELETE http://elasticsearch:9200/test_cr_c97d3965-996f-4fbb-b4a7-1038423423bd [status:N/A request:0.000s]
Traceback (most recent call last):
  File "/root/.cache/pypoetry/virtualenvs/cpdbv2-backend-VA82Wl8V-py3.7/lib/python3.7/site-packages/urllib3/connection.py", line 160, in _new_conn
    (self._dns_host, self.port), self.timeout, **extra_kw
  File "/root/.cache/pypoetry/virtualenvs/cpdbv2-backend-VA82Wl8V-py3.7/lib/python3.7/site-packages/urllib3/util/connection.py", line 61, in create_connection
    for res in socket.getaddrinfo(host, port, family, socket.SOCK_STREAM):
  File "/usr/local/lib/python3.7/socket.py", line 752, in getaddrinfo
    for res in _socket.getaddrinfo(host, port, family, type, proto, flags):
socket.gaierror: [Errno -2] Name or service not known

During handling of the above exception, another exception occurred:

Traceback (most recent call last):
  File "/root/.cache/pypoetry/virtualenvs/cpdbv2-backend-VA82Wl8V-py3.7/lib/python3.7/site-packages/elasticsearch/connection/http_urllib3.py", line 115, in perform_request
    response = self.pool.urlopen(method, url, body, retries=False, headers=self.headers, **kw)
  File "/root/.cache/pypoetry/virtualenvs/cpdbv2-backend-VA82Wl8V-py3.7/lib/python3.7/site-packages/urllib3/connectionpool.py", line 727, in urlopen
    method, url, error=e, _pool=self, _stacktrace=sys.exc_info()[2]
  File "/root/.cache/pypoetry/virtualenvs/cpdbv2-backend-VA82Wl8V-py3.7/lib/python3.7/site-packages/urllib3/util/retry.py", line 386, in increment
    raise six.reraise(type(error), error, _stacktrace)
  File "/root/.cache/pypoetry/virtualenvs/cpdbv2-backend-VA82Wl8V-py3.7/lib/python3.7/site-packages/urllib3/packages/six.py", line 735, in reraise
    raise value
  File "/root/.cache/pypoetry/virtualenvs/cpdbv2-backend-VA82Wl8V-py3.7/lib/python3.7/site-packages/urllib3/connectionpool.py", line 677, in urlopen
    chunked=chunked,
  File "/root/.cache/pypoetry/virtualenvs/cpdbv2-backend-VA82Wl8V-py3.7/lib/python3.7/site-packages/urllib3/connectionpool.py", line 392, in _make_request
    conn.request(method, url, **httplib_request_kw)
  File "/usr/local/lib/python3.7/http/client.py", line 1281, in request
    self._send_request(method, url, body, headers, encode_chunked)
  File "/usr/local/lib/python3.7/http/client.py", line 1327, in _send_request
    self.endheaders(body, encode_chunked=encode_chunked)
  File "/usr/local/lib/python3.7/http/client.py", line 1276, in endheaders
    self._send_output(message_body, encode_chunked=encode_chunked)
  File "/usr/local/lib/python3.7/http/client.py", line 1036, in _send_output
    self.send(msg)
  File "/usr/local/lib/python3.7/http/client.py", line 976, in send
    self.connect()
  File "/root/.cache/pypoetry/virtualenvs/cpdbv2-backend-VA82Wl8V-py3.7/lib/python3.7/site-packages/urllib3/connection.py", line 187, in connect
    conn = self._new_conn()
  File "/root/.cache/pypoetry/virtualenvs/cpdbv2-backend-VA82Wl8V-py3.7/lib/python3.7/site-packages/urllib3/connection.py", line 172, in _new_conn
    self, "Failed to establish a new connection: %s" % e
urllib3.exceptions.NewConnectionError: <urllib3.connection.HTTPConnection object at 0x7ff0694ccad0>: Failed to establish a new connection: [Errno -2] Name or service not known
elasticsearch: DEBUG: > None
urllib3.util.retry: DEBUG: Converted retries value: False -> Retry(total=False, connect=None, read=None, redirect=0, status=None)
urllib3.connectionpool: DEBUG: Starting new HTTP connection (83): elasticsearch:9200
elasticsearch: WARNING: DELETE http://elasticsearch:9200/test_cr_c97d3965-996f-4fbb-b4a7-1038423423bd [status:N/A request:0.000s]
Traceback (most recent call last):
  File "/root/.cache/pypoetry/virtualenvs/cpdbv2-backend-VA82Wl8V-py3.7/lib/python3.7/site-packages/urllib3/connection.py", line 160, in _new_conn
    (self._dns_host, self.port), self.timeout, **extra_kw
  File "/root/.cache/pypoetry/virtualenvs/cpdbv2-backend-VA82Wl8V-py3.7/lib/python3.7/site-packages/urllib3/util/connection.py", line 61, in create_connection
    for res in socket.getaddrinfo(host, port, family, socket.SOCK_STREAM):
  File "/usr/local/lib/python3.7/socket.py", line 752, in getaddrinfo
    for res in _socket.getaddrinfo(host, port, family, type, proto, flags):
socket.gaierror: [Errno -2] Name or service not known

During handling of the above exception, another exception occurred:

Traceback (most recent call last):
  File "/root/.cache/pypoetry/virtualenvs/cpdbv2-backend-VA82Wl8V-py3.7/lib/python3.7/site-packages/elasticsearch/connection/http_urllib3.py", line 115, in perform_request
    response = self.pool.urlopen(method, url, body, retries=False, headers=self.headers, **kw)
  File "/root/.cache/pypoetry/virtualenvs/cpdbv2-backend-VA82Wl8V-py3.7/lib/python3.7/site-packages/urllib3/connectionpool.py", line 727, in urlopen
    method, url, error=e, _pool=self, _stacktrace=sys.exc_info()[2]
  File "/root/.cache/pypoetry/virtualenvs/cpdbv2-backend-VA82Wl8V-py3.7/lib/python3.7/site-packages/urllib3/util/retry.py", line 386, in increment
    raise six.reraise(type(error), error, _stacktrace)
  File "/root/.cache/pypoetry/virtualenvs/cpdbv2-backend-VA82Wl8V-py3.7/lib/python3.7/site-packages/urllib3/packages/six.py", line 735, in reraise
    raise value
  File "/root/.cache/pypoetry/virtualenvs/cpdbv2-backend-VA82Wl8V-py3.7/lib/python3.7/site-packages/urllib3/connectionpool.py", line 677, in urlopen
    chunked=chunked,
  File "/root/.cache/pypoetry/virtualenvs/cpdbv2-backend-VA82Wl8V-py3.7/lib/python3.7/site-packages/urllib3/connectionpool.py", line 392, in _make_request
    conn.request(method, url, **httplib_request_kw)
  File "/usr/local/lib/python3.7/http/client.py", line 1281, in request
    self._send_request(method, url, body, headers, encode_chunked)
  File "/usr/local/lib/python3.7/http/client.py", line 1327, in _send_request
    self.endheaders(body, encode_chunked=encode_chunked)
  File "/usr/local/lib/python3.7/http/client.py", line 1276, in endheaders
    self._send_output(message_body, encode_chunked=encode_chunked)
  File "/usr/local/lib/python3.7/http/client.py", line 1036, in _send_output
    self.send(msg)
  File "/usr/local/lib/python3.7/http/client.py", line 976, in send
    self.connect()
  File "/root/.cache/pypoetry/virtualenvs/cpdbv2-backend-VA82Wl8V-py3.7/lib/python3.7/site-packages/urllib3/connection.py", line 187, in connect
    conn = self._new_conn()
  File "/root/.cache/pypoetry/virtualenvs/cpdbv2-backend-VA82Wl8V-py3.7/lib/python3.7/site-packages/urllib3/connection.py", line 172, in _new_conn
    self, "Failed to establish a new connection: %s" % e
urllib3.exceptions.NewConnectionError: <urllib3.connection.HTTPConnection object at 0x7ff0694cccd0>: Failed to establish a new connection: [Errno -2] Name or service not known
elasticsearch: DEBUG: > None
urllib3.util.retry: DEBUG: Converted retries value: False -> Retry(total=False, connect=None, read=None, redirect=0, status=None)
urllib3.connectionpool: DEBUG: Starting new HTTP connection (84): elasticsearch:9200
elasticsearch: WARNING: DELETE http://elasticsearch:9200/test_cr_c97d3965-996f-4fbb-b4a7-1038423423bd [status:N/A request:0.000s]
Traceback (most recent call last):
  File "/root/.cache/pypoetry/virtualenvs/cpdbv2-backend-VA82Wl8V-py3.7/lib/python3.7/site-packages/urllib3/connection.py", line 160, in _new_conn
    (self._dns_host, self.port), self.timeout, **extra_kw
  File "/root/.cache/pypoetry/virtualenvs/cpdbv2-backend-VA82Wl8V-py3.7/lib/python3.7/site-packages/urllib3/util/connection.py", line 61, in create_connection
    for res in socket.getaddrinfo(host, port, family, socket.SOCK_STREAM):
  File "/usr/local/lib/python3.7/socket.py", line 752, in getaddrinfo
    for res in _socket.getaddrinfo(host, port, family, type, proto, flags):
socket.gaierror: [Errno -2] Name or service not known

During handling of the above exception, another exception occurred:

Traceback (most recent call last):
  File "/root/.cache/pypoetry/virtualenvs/cpdbv2-backend-VA82Wl8V-py3.7/lib/python3.7/site-packages/elasticsearch/connection/http_urllib3.py", line 115, in perform_request
    response = self.pool.urlopen(method, url, body, retries=False, headers=self.headers, **kw)
  File "/root/.cache/pypoetry/virtualenvs/cpdbv2-backend-VA82Wl8V-py3.7/lib/python3.7/site-packages/urllib3/connectionpool.py", line 727, in urlopen
    method, url, error=e, _pool=self, _stacktrace=sys.exc_info()[2]
  File "/root/.cache/pypoetry/virtualenvs/cpdbv2-backend-VA82Wl8V-py3.7/lib/python3.7/site-packages/urllib3/util/retry.py", line 386, in increment
    raise six.reraise(type(error), error, _stacktrace)
  File "/root/.cache/pypoetry/virtualenvs/cpdbv2-backend-VA82Wl8V-py3.7/lib/python3.7/site-packages/urllib3/packages/six.py", line 735, in reraise
    raise value
  File "/root/.cache/pypoetry/virtualenvs/cpdbv2-backend-VA82Wl8V-py3.7/lib/python3.7/site-packages/urllib3/connectionpool.py", line 677, in urlopen
    chunked=chunked,
  File "/root/.cache/pypoetry/virtualenvs/cpdbv2-backend-VA82Wl8V-py3.7/lib/python3.7/site-packages/urllib3/connectionpool.py", line 392, in _make_request
    conn.request(method, url, **httplib_request_kw)
  File "/usr/local/lib/python3.7/http/client.py", line 1281, in request
    self._send_request(method, url, body, headers, encode_chunked)
  File "/usr/local/lib/python3.7/http/client.py", line 1327, in _send_request
    self.endheaders(body, encode_chunked=encode_chunked)
  File "/usr/local/lib/python3.7/http/client.py", line 1276, in endheaders
    self._send_output(message_body, encode_chunked=encode_chunked)
  File "/usr/local/lib/python3.7/http/client.py", line 1036, in _send_output
    self.send(msg)
  File "/usr/local/lib/python3.7/http/client.py", line 976, in send
    self.connect()
  File "/root/.cache/pypoetry/virtualenvs/cpdbv2-backend-VA82Wl8V-py3.7/lib/python3.7/site-packages/urllib3/connection.py", line 187, in connect
    conn = self._new_conn()
  File "/root/.cache/pypoetry/virtualenvs/cpdbv2-backend-VA82Wl8V-py3.7/lib/python3.7/site-packages/urllib3/connection.py", line 172, in _new_conn
    self, "Failed to establish a new connection: %s" % e
urllib3.exceptions.NewConnectionError: <urllib3.connection.HTTPConnection object at 0x7ff0694ccb10>: Failed to establish a new connection: [Errno -2] Name or service not known
elasticsearch: DEBUG: > None
--------------------- >> end captured logging << ---------------------

======================================================================
ERROR: test_retrieve_badge (cr.tests.views.test_cr_viewset.CRViewSetTestCase)
----------------------------------------------------------------------
Traceback (most recent call last):
  File "/root/.cache/pypoetry/virtualenvs/cpdbv2-backend-VA82Wl8V-py3.7/lib/python3.7/site-packages/freezegun/api.py", line 735, in wrapper
    result = func(*args, **kwargs)
  File "/usr/src/app/cpdb/cr/tests/views/test_cr_viewset.py", line 30, in setUp
    super(CRViewSetTestCase, self).setUp()
  File "/usr/src/app/cpdb/cr/tests/mixins.py", line 7, in setUp
    cr_index_alias.write_index.delete(ignore=404)
  File "/root/.cache/pypoetry/virtualenvs/cpdbv2-backend-VA82Wl8V-py3.7/lib/python3.7/site-packages/elasticsearch_dsl/index.py", line 222, in delete
    self.connection.indices.delete(index=self._name, **kwargs)
  File "/root/.cache/pypoetry/virtualenvs/cpdbv2-backend-VA82Wl8V-py3.7/lib/python3.7/site-packages/elasticsearch/client/utils.py", line 73, in _wrapped
    return func(*args, params=params, **kwargs)
  File "/root/.cache/pypoetry/virtualenvs/cpdbv2-backend-VA82Wl8V-py3.7/lib/python3.7/site-packages/elasticsearch/client/indices.py", line 200, in delete
    params=params)
  File "/root/.cache/pypoetry/virtualenvs/cpdbv2-backend-VA82Wl8V-py3.7/lib/python3.7/site-packages/elasticsearch/transport.py", line 312, in perform_request
    status, headers, data = connection.perform_request(method, url, params, body, ignore=ignore, timeout=timeout)
  File "/root/.cache/pypoetry/virtualenvs/cpdbv2-backend-VA82Wl8V-py3.7/lib/python3.7/site-packages/elasticsearch/connection/http_urllib3.py", line 124, in perform_request
    raise ConnectionError('N/A', str(e), e)
elasticsearch.exceptions.ConnectionError: ConnectionError(<urllib3.connection.HTTPConnection object at 0x7ff0694cc390>: Failed to establish a new connection: [Errno -2] Name or service not known) caused by: NewConnectionError(<urllib3.connection.HTTPConnection object at 0x7ff0694cc390>: Failed to establish a new connection: [Errno -2] Name or service not known)
-------------------- >> begin captured logging << --------------------
urllib3.util.retry: DEBUG: Converted retries value: False -> Retry(total=False, connect=None, read=None, redirect=0, status=None)
urllib3.connectionpool: DEBUG: Starting new HTTP connection (85): elasticsearch:9200
elasticsearch: WARNING: DELETE http://elasticsearch:9200/test_cr_c97d3965-996f-4fbb-b4a7-1038423423bd [status:N/A request:0.000s]
Traceback (most recent call last):
  File "/root/.cache/pypoetry/virtualenvs/cpdbv2-backend-VA82Wl8V-py3.7/lib/python3.7/site-packages/urllib3/connection.py", line 160, in _new_conn
    (self._dns_host, self.port), self.timeout, **extra_kw
  File "/root/.cache/pypoetry/virtualenvs/cpdbv2-backend-VA82Wl8V-py3.7/lib/python3.7/site-packages/urllib3/util/connection.py", line 61, in create_connection
    for res in socket.getaddrinfo(host, port, family, socket.SOCK_STREAM):
  File "/usr/local/lib/python3.7/socket.py", line 752, in getaddrinfo
    for res in _socket.getaddrinfo(host, port, family, type, proto, flags):
socket.gaierror: [Errno -2] Name or service not known

During handling of the above exception, another exception occurred:

Traceback (most recent call last):
  File "/root/.cache/pypoetry/virtualenvs/cpdbv2-backend-VA82Wl8V-py3.7/lib/python3.7/site-packages/elasticsearch/connection/http_urllib3.py", line 115, in perform_request
    response = self.pool.urlopen(method, url, body, retries=False, headers=self.headers, **kw)
  File "/root/.cache/pypoetry/virtualenvs/cpdbv2-backend-VA82Wl8V-py3.7/lib/python3.7/site-packages/urllib3/connectionpool.py", line 727, in urlopen
    method, url, error=e, _pool=self, _stacktrace=sys.exc_info()[2]
  File "/root/.cache/pypoetry/virtualenvs/cpdbv2-backend-VA82Wl8V-py3.7/lib/python3.7/site-packages/urllib3/util/retry.py", line 386, in increment
    raise six.reraise(type(error), error, _stacktrace)
  File "/root/.cache/pypoetry/virtualenvs/cpdbv2-backend-VA82Wl8V-py3.7/lib/python3.7/site-packages/urllib3/packages/six.py", line 735, in reraise
    raise value
  File "/root/.cache/pypoetry/virtualenvs/cpdbv2-backend-VA82Wl8V-py3.7/lib/python3.7/site-packages/urllib3/connectionpool.py", line 677, in urlopen
    chunked=chunked,
  File "/root/.cache/pypoetry/virtualenvs/cpdbv2-backend-VA82Wl8V-py3.7/lib/python3.7/site-packages/urllib3/connectionpool.py", line 392, in _make_request
    conn.request(method, url, **httplib_request_kw)
  File "/usr/local/lib/python3.7/http/client.py", line 1281, in request
    self._send_request(method, url, body, headers, encode_chunked)
  File "/usr/local/lib/python3.7/http/client.py", line 1327, in _send_request
    self.endheaders(body, encode_chunked=encode_chunked)
  File "/usr/local/lib/python3.7/http/client.py", line 1276, in endheaders
    self._send_output(message_body, encode_chunked=encode_chunked)
  File "/usr/local/lib/python3.7/http/client.py", line 1036, in _send_output
    self.send(msg)
  File "/usr/local/lib/python3.7/http/client.py", line 976, in send
    self.connect()
  File "/root/.cache/pypoetry/virtualenvs/cpdbv2-backend-VA82Wl8V-py3.7/lib/python3.7/site-packages/urllib3/connection.py", line 187, in connect
    conn = self._new_conn()
  File "/root/.cache/pypoetry/virtualenvs/cpdbv2-backend-VA82Wl8V-py3.7/lib/python3.7/site-packages/urllib3/connection.py", line 172, in _new_conn
    self, "Failed to establish a new connection: %s" % e
urllib3.exceptions.NewConnectionError: <urllib3.connection.HTTPConnection object at 0x7ff0694d1b50>: Failed to establish a new connection: [Errno -2] Name or service not known
elasticsearch: DEBUG: > None
urllib3.util.retry: DEBUG: Converted retries value: False -> Retry(total=False, connect=None, read=None, redirect=0, status=None)
urllib3.connectionpool: DEBUG: Starting new HTTP connection (86): elasticsearch:9200
elasticsearch: WARNING: DELETE http://elasticsearch:9200/test_cr_c97d3965-996f-4fbb-b4a7-1038423423bd [status:N/A request:0.000s]
Traceback (most recent call last):
  File "/root/.cache/pypoetry/virtualenvs/cpdbv2-backend-VA82Wl8V-py3.7/lib/python3.7/site-packages/urllib3/connection.py", line 160, in _new_conn
    (self._dns_host, self.port), self.timeout, **extra_kw
  File "/root/.cache/pypoetry/virtualenvs/cpdbv2-backend-VA82Wl8V-py3.7/lib/python3.7/site-packages/urllib3/util/connection.py", line 61, in create_connection
    for res in socket.getaddrinfo(host, port, family, socket.SOCK_STREAM):
  File "/usr/local/lib/python3.7/socket.py", line 752, in getaddrinfo
    for res in _socket.getaddrinfo(host, port, family, type, proto, flags):
socket.gaierror: [Errno -2] Name or service not known

During handling of the above exception, another exception occurred:

Traceback (most recent call last):
  File "/root/.cache/pypoetry/virtualenvs/cpdbv2-backend-VA82Wl8V-py3.7/lib/python3.7/site-packages/elasticsearch/connection/http_urllib3.py", line 115, in perform_request
    response = self.pool.urlopen(method, url, body, retries=False, headers=self.headers, **kw)
  File "/root/.cache/pypoetry/virtualenvs/cpdbv2-backend-VA82Wl8V-py3.7/lib/python3.7/site-packages/urllib3/connectionpool.py", line 727, in urlopen
    method, url, error=e, _pool=self, _stacktrace=sys.exc_info()[2]
  File "/root/.cache/pypoetry/virtualenvs/cpdbv2-backend-VA82Wl8V-py3.7/lib/python3.7/site-packages/urllib3/util/retry.py", line 386, in increment
    raise six.reraise(type(error), error, _stacktrace)
  File "/root/.cache/pypoetry/virtualenvs/cpdbv2-backend-VA82Wl8V-py3.7/lib/python3.7/site-packages/urllib3/packages/six.py", line 735, in reraise
    raise value
  File "/root/.cache/pypoetry/virtualenvs/cpdbv2-backend-VA82Wl8V-py3.7/lib/python3.7/site-packages/urllib3/connectionpool.py", line 677, in urlopen
    chunked=chunked,
  File "/root/.cache/pypoetry/virtualenvs/cpdbv2-backend-VA82Wl8V-py3.7/lib/python3.7/site-packages/urllib3/connectionpool.py", line 392, in _make_request
    conn.request(method, url, **httplib_request_kw)
  File "/usr/local/lib/python3.7/http/client.py", line 1281, in request
    self._send_request(method, url, body, headers, encode_chunked)
  File "/usr/local/lib/python3.7/http/client.py", line 1327, in _send_request
    self.endheaders(body, encode_chunked=encode_chunked)
  File "/usr/local/lib/python3.7/http/client.py", line 1276, in endheaders
    self._send_output(message_body, encode_chunked=encode_chunked)
  File "/usr/local/lib/python3.7/http/client.py", line 1036, in _send_output
    self.send(msg)
  File "/usr/local/lib/python3.7/http/client.py", line 976, in send
    self.connect()
  File "/root/.cache/pypoetry/virtualenvs/cpdbv2-backend-VA82Wl8V-py3.7/lib/python3.7/site-packages/urllib3/connection.py", line 187, in connect
    conn = self._new_conn()
  File "/root/.cache/pypoetry/virtualenvs/cpdbv2-backend-VA82Wl8V-py3.7/lib/python3.7/site-packages/urllib3/connection.py", line 172, in _new_conn
    self, "Failed to establish a new connection: %s" % e
urllib3.exceptions.NewConnectionError: <urllib3.connection.HTTPConnection object at 0x7ff0694ccd10>: Failed to establish a new connection: [Errno -2] Name or service not known
elasticsearch: DEBUG: > None
urllib3.util.retry: DEBUG: Converted retries value: False -> Retry(total=False, connect=None, read=None, redirect=0, status=None)
urllib3.connectionpool: DEBUG: Starting new HTTP connection (87): elasticsearch:9200
elasticsearch: WARNING: DELETE http://elasticsearch:9200/test_cr_c97d3965-996f-4fbb-b4a7-1038423423bd [status:N/A request:0.000s]
Traceback (most recent call last):
  File "/root/.cache/pypoetry/virtualenvs/cpdbv2-backend-VA82Wl8V-py3.7/lib/python3.7/site-packages/urllib3/connection.py", line 160, in _new_conn
    (self._dns_host, self.port), self.timeout, **extra_kw
  File "/root/.cache/pypoetry/virtualenvs/cpdbv2-backend-VA82Wl8V-py3.7/lib/python3.7/site-packages/urllib3/util/connection.py", line 61, in create_connection
    for res in socket.getaddrinfo(host, port, family, socket.SOCK_STREAM):
  File "/usr/local/lib/python3.7/socket.py", line 752, in getaddrinfo
    for res in _socket.getaddrinfo(host, port, family, type, proto, flags):
socket.gaierror: [Errno -2] Name or service not known

During handling of the above exception, another exception occurred:

Traceback (most recent call last):
  File "/root/.cache/pypoetry/virtualenvs/cpdbv2-backend-VA82Wl8V-py3.7/lib/python3.7/site-packages/elasticsearch/connection/http_urllib3.py", line 115, in perform_request
    response = self.pool.urlopen(method, url, body, retries=False, headers=self.headers, **kw)
  File "/root/.cache/pypoetry/virtualenvs/cpdbv2-backend-VA82Wl8V-py3.7/lib/python3.7/site-packages/urllib3/connectionpool.py", line 727, in urlopen
    method, url, error=e, _pool=self, _stacktrace=sys.exc_info()[2]
  File "/root/.cache/pypoetry/virtualenvs/cpdbv2-backend-VA82Wl8V-py3.7/lib/python3.7/site-packages/urllib3/util/retry.py", line 386, in increment
    raise six.reraise(type(error), error, _stacktrace)
  File "/root/.cache/pypoetry/virtualenvs/cpdbv2-backend-VA82Wl8V-py3.7/lib/python3.7/site-packages/urllib3/packages/six.py", line 735, in reraise
    raise value
  File "/root/.cache/pypoetry/virtualenvs/cpdbv2-backend-VA82Wl8V-py3.7/lib/python3.7/site-packages/urllib3/connectionpool.py", line 677, in urlopen
    chunked=chunked,
  File "/root/.cache/pypoetry/virtualenvs/cpdbv2-backend-VA82Wl8V-py3.7/lib/python3.7/site-packages/urllib3/connectionpool.py", line 392, in _make_request
    conn.request(method, url, **httplib_request_kw)
  File "/usr/local/lib/python3.7/http/client.py", line 1281, in request
    self._send_request(method, url, body, headers, encode_chunked)
  File "/usr/local/lib/python3.7/http/client.py", line 1327, in _send_request
    self.endheaders(body, encode_chunked=encode_chunked)
  File "/usr/local/lib/python3.7/http/client.py", line 1276, in endheaders
    self._send_output(message_body, encode_chunked=encode_chunked)
  File "/usr/local/lib/python3.7/http/client.py", line 1036, in _send_output
    self.send(msg)
  File "/usr/local/lib/python3.7/http/client.py", line 976, in send
    self.connect()
  File "/root/.cache/pypoetry/virtualenvs/cpdbv2-backend-VA82Wl8V-py3.7/lib/python3.7/site-packages/urllib3/connection.py", line 187, in connect
    conn = self._new_conn()
  File "/root/.cache/pypoetry/virtualenvs/cpdbv2-backend-VA82Wl8V-py3.7/lib/python3.7/site-packages/urllib3/connection.py", line 172, in _new_conn
    self, "Failed to establish a new connection: %s" % e
urllib3.exceptions.NewConnectionError: <urllib3.connection.HTTPConnection object at 0x7ff0694cccd0>: Failed to establish a new connection: [Errno -2] Name or service not known
elasticsearch: DEBUG: > None
urllib3.util.retry: DEBUG: Converted retries value: False -> Retry(total=False, connect=None, read=None, redirect=0, status=None)
urllib3.connectionpool: DEBUG: Starting new HTTP connection (88): elasticsearch:9200
elasticsearch: WARNING: DELETE http://elasticsearch:9200/test_cr_c97d3965-996f-4fbb-b4a7-1038423423bd [status:N/A request:0.000s]
Traceback (most recent call last):
  File "/root/.cache/pypoetry/virtualenvs/cpdbv2-backend-VA82Wl8V-py3.7/lib/python3.7/site-packages/urllib3/connection.py", line 160, in _new_conn
    (self._dns_host, self.port), self.timeout, **extra_kw
  File "/root/.cache/pypoetry/virtualenvs/cpdbv2-backend-VA82Wl8V-py3.7/lib/python3.7/site-packages/urllib3/util/connection.py", line 61, in create_connection
    for res in socket.getaddrinfo(host, port, family, socket.SOCK_STREAM):
  File "/usr/local/lib/python3.7/socket.py", line 752, in getaddrinfo
    for res in _socket.getaddrinfo(host, port, family, type, proto, flags):
socket.gaierror: [Errno -2] Name or service not known

During handling of the above exception, another exception occurred:

Traceback (most recent call last):
  File "/root/.cache/pypoetry/virtualenvs/cpdbv2-backend-VA82Wl8V-py3.7/lib/python3.7/site-packages/elasticsearch/connection/http_urllib3.py", line 115, in perform_request
    response = self.pool.urlopen(method, url, body, retries=False, headers=self.headers, **kw)
  File "/root/.cache/pypoetry/virtualenvs/cpdbv2-backend-VA82Wl8V-py3.7/lib/python3.7/site-packages/urllib3/connectionpool.py", line 727, in urlopen
    method, url, error=e, _pool=self, _stacktrace=sys.exc_info()[2]
  File "/root/.cache/pypoetry/virtualenvs/cpdbv2-backend-VA82Wl8V-py3.7/lib/python3.7/site-packages/urllib3/util/retry.py", line 386, in increment
    raise six.reraise(type(error), error, _stacktrace)
  File "/root/.cache/pypoetry/virtualenvs/cpdbv2-backend-VA82Wl8V-py3.7/lib/python3.7/site-packages/urllib3/packages/six.py", line 735, in reraise
    raise value
  File "/root/.cache/pypoetry/virtualenvs/cpdbv2-backend-VA82Wl8V-py3.7/lib/python3.7/site-packages/urllib3/connectionpool.py", line 677, in urlopen
    chunked=chunked,
  File "/root/.cache/pypoetry/virtualenvs/cpdbv2-backend-VA82Wl8V-py3.7/lib/python3.7/site-packages/urllib3/connectionpool.py", line 392, in _make_request
    conn.request(method, url, **httplib_request_kw)
  File "/usr/local/lib/python3.7/http/client.py", line 1281, in request
    self._send_request(method, url, body, headers, encode_chunked)
  File "/usr/local/lib/python3.7/http/client.py", line 1327, in _send_request
    self.endheaders(body, encode_chunked=encode_chunked)
  File "/usr/local/lib/python3.7/http/client.py", line 1276, in endheaders
    self._send_output(message_body, encode_chunked=encode_chunked)
  File "/usr/local/lib/python3.7/http/client.py", line 1036, in _send_output
    self.send(msg)
  File "/usr/local/lib/python3.7/http/client.py", line 976, in send
    self.connect()
  File "/root/.cache/pypoetry/virtualenvs/cpdbv2-backend-VA82Wl8V-py3.7/lib/python3.7/site-packages/urllib3/connection.py", line 187, in connect
    conn = self._new_conn()
  File "/root/.cache/pypoetry/virtualenvs/cpdbv2-backend-VA82Wl8V-py3.7/lib/python3.7/site-packages/urllib3/connection.py", line 172, in _new_conn
    self, "Failed to establish a new connection: %s" % e
urllib3.exceptions.NewConnectionError: <urllib3.connection.HTTPConnection object at 0x7ff0694cc390>: Failed to establish a new connection: [Errno -2] Name or service not known
elasticsearch: DEBUG: > None
--------------------- >> end captured logging << ---------------------

======================================================================
ERROR: test_retrieve_no_match (cr.tests.views.test_cr_viewset.CRViewSetTestCase)
----------------------------------------------------------------------
Traceback (most recent call last):
  File "/root/.cache/pypoetry/virtualenvs/cpdbv2-backend-VA82Wl8V-py3.7/lib/python3.7/site-packages/freezegun/api.py", line 735, in wrapper
    result = func(*args, **kwargs)
  File "/usr/src/app/cpdb/cr/tests/views/test_cr_viewset.py", line 30, in setUp
    super(CRViewSetTestCase, self).setUp()
  File "/usr/src/app/cpdb/cr/tests/mixins.py", line 7, in setUp
    cr_index_alias.write_index.delete(ignore=404)
  File "/root/.cache/pypoetry/virtualenvs/cpdbv2-backend-VA82Wl8V-py3.7/lib/python3.7/site-packages/elasticsearch_dsl/index.py", line 222, in delete
    self.connection.indices.delete(index=self._name, **kwargs)
  File "/root/.cache/pypoetry/virtualenvs/cpdbv2-backend-VA82Wl8V-py3.7/lib/python3.7/site-packages/elasticsearch/client/utils.py", line 73, in _wrapped
    return func(*args, params=params, **kwargs)
  File "/root/.cache/pypoetry/virtualenvs/cpdbv2-backend-VA82Wl8V-py3.7/lib/python3.7/site-packages/elasticsearch/client/indices.py", line 200, in delete
    params=params)
  File "/root/.cache/pypoetry/virtualenvs/cpdbv2-backend-VA82Wl8V-py3.7/lib/python3.7/site-packages/elasticsearch/transport.py", line 312, in perform_request
    status, headers, data = connection.perform_request(method, url, params, body, ignore=ignore, timeout=timeout)
  File "/root/.cache/pypoetry/virtualenvs/cpdbv2-backend-VA82Wl8V-py3.7/lib/python3.7/site-packages/elasticsearch/connection/http_urllib3.py", line 124, in perform_request
    raise ConnectionError('N/A', str(e), e)
elasticsearch.exceptions.ConnectionError: ConnectionError(<urllib3.connection.HTTPConnection object at 0x7ff0694ccd10>: Failed to establish a new connection: [Errno -2] Name or service not known) caused by: NewConnectionError(<urllib3.connection.HTTPConnection object at 0x7ff0694ccd10>: Failed to establish a new connection: [Errno -2] Name or service not known)
-------------------- >> begin captured logging << --------------------
urllib3.util.retry: DEBUG: Converted retries value: False -> Retry(total=False, connect=None, read=None, redirect=0, status=None)
urllib3.connectionpool: DEBUG: Starting new HTTP connection (89): elasticsearch:9200
elasticsearch: WARNING: DELETE http://elasticsearch:9200/test_cr_c97d3965-996f-4fbb-b4a7-1038423423bd [status:N/A request:0.000s]
Traceback (most recent call last):
  File "/root/.cache/pypoetry/virtualenvs/cpdbv2-backend-VA82Wl8V-py3.7/lib/python3.7/site-packages/urllib3/connection.py", line 160, in _new_conn
    (self._dns_host, self.port), self.timeout, **extra_kw
  File "/root/.cache/pypoetry/virtualenvs/cpdbv2-backend-VA82Wl8V-py3.7/lib/python3.7/site-packages/urllib3/util/connection.py", line 61, in create_connection
    for res in socket.getaddrinfo(host, port, family, socket.SOCK_STREAM):
  File "/usr/local/lib/python3.7/socket.py", line 752, in getaddrinfo
    for res in _socket.getaddrinfo(host, port, family, type, proto, flags):
socket.gaierror: [Errno -2] Name or service not known

During handling of the above exception, another exception occurred:

Traceback (most recent call last):
  File "/root/.cache/pypoetry/virtualenvs/cpdbv2-backend-VA82Wl8V-py3.7/lib/python3.7/site-packages/elasticsearch/connection/http_urllib3.py", line 115, in perform_request
    response = self.pool.urlopen(method, url, body, retries=False, headers=self.headers, **kw)
  File "/root/.cache/pypoetry/virtualenvs/cpdbv2-backend-VA82Wl8V-py3.7/lib/python3.7/site-packages/urllib3/connectionpool.py", line 727, in urlopen
    method, url, error=e, _pool=self, _stacktrace=sys.exc_info()[2]
  File "/root/.cache/pypoetry/virtualenvs/cpdbv2-backend-VA82Wl8V-py3.7/lib/python3.7/site-packages/urllib3/util/retry.py", line 386, in increment
    raise six.reraise(type(error), error, _stacktrace)
  File "/root/.cache/pypoetry/virtualenvs/cpdbv2-backend-VA82Wl8V-py3.7/lib/python3.7/site-packages/urllib3/packages/six.py", line 735, in reraise
    raise value
  File "/root/.cache/pypoetry/virtualenvs/cpdbv2-backend-VA82Wl8V-py3.7/lib/python3.7/site-packages/urllib3/connectionpool.py", line 677, in urlopen
    chunked=chunked,
  File "/root/.cache/pypoetry/virtualenvs/cpdbv2-backend-VA82Wl8V-py3.7/lib/python3.7/site-packages/urllib3/connectionpool.py", line 392, in _make_request
    conn.request(method, url, **httplib_request_kw)
  File "/usr/local/lib/python3.7/http/client.py", line 1281, in request
    self._send_request(method, url, body, headers, encode_chunked)
  File "/usr/local/lib/python3.7/http/client.py", line 1327, in _send_request
    self.endheaders(body, encode_chunked=encode_chunked)
  File "/usr/local/lib/python3.7/http/client.py", line 1276, in endheaders
    self._send_output(message_body, encode_chunked=encode_chunked)
  File "/usr/local/lib/python3.7/http/client.py", line 1036, in _send_output
    self.send(msg)
  File "/usr/local/lib/python3.7/http/client.py", line 976, in send
    self.connect()
  File "/root/.cache/pypoetry/virtualenvs/cpdbv2-backend-VA82Wl8V-py3.7/lib/python3.7/site-packages/urllib3/connection.py", line 187, in connect
    conn = self._new_conn()
  File "/root/.cache/pypoetry/virtualenvs/cpdbv2-backend-VA82Wl8V-py3.7/lib/python3.7/site-packages/urllib3/connection.py", line 172, in _new_conn
    self, "Failed to establish a new connection: %s" % e
urllib3.exceptions.NewConnectionError: <urllib3.connection.HTTPConnection object at 0x7ff0694eb150>: Failed to establish a new connection: [Errno -2] Name or service not known
elasticsearch: DEBUG: > None
urllib3.util.retry: DEBUG: Converted retries value: False -> Retry(total=False, connect=None, read=None, redirect=0, status=None)
urllib3.connectionpool: DEBUG: Starting new HTTP connection (90): elasticsearch:9200
elasticsearch: WARNING: DELETE http://elasticsearch:9200/test_cr_c97d3965-996f-4fbb-b4a7-1038423423bd [status:N/A request:0.000s]
Traceback (most recent call last):
  File "/root/.cache/pypoetry/virtualenvs/cpdbv2-backend-VA82Wl8V-py3.7/lib/python3.7/site-packages/urllib3/connection.py", line 160, in _new_conn
    (self._dns_host, self.port), self.timeout, **extra_kw
  File "/root/.cache/pypoetry/virtualenvs/cpdbv2-backend-VA82Wl8V-py3.7/lib/python3.7/site-packages/urllib3/util/connection.py", line 61, in create_connection
    for res in socket.getaddrinfo(host, port, family, socket.SOCK_STREAM):
  File "/usr/local/lib/python3.7/socket.py", line 752, in getaddrinfo
    for res in _socket.getaddrinfo(host, port, family, type, proto, flags):
socket.gaierror: [Errno -2] Name or service not known

During handling of the above exception, another exception occurred:

Traceback (most recent call last):
  File "/root/.cache/pypoetry/virtualenvs/cpdbv2-backend-VA82Wl8V-py3.7/lib/python3.7/site-packages/elasticsearch/connection/http_urllib3.py", line 115, in perform_request
    response = self.pool.urlopen(method, url, body, retries=False, headers=self.headers, **kw)
  File "/root/.cache/pypoetry/virtualenvs/cpdbv2-backend-VA82Wl8V-py3.7/lib/python3.7/site-packages/urllib3/connectionpool.py", line 727, in urlopen
    method, url, error=e, _pool=self, _stacktrace=sys.exc_info()[2]
  File "/root/.cache/pypoetry/virtualenvs/cpdbv2-backend-VA82Wl8V-py3.7/lib/python3.7/site-packages/urllib3/util/retry.py", line 386, in increment
    raise six.reraise(type(error), error, _stacktrace)
  File "/root/.cache/pypoetry/virtualenvs/cpdbv2-backend-VA82Wl8V-py3.7/lib/python3.7/site-packages/urllib3/packages/six.py", line 735, in reraise
    raise value
  File "/root/.cache/pypoetry/virtualenvs/cpdbv2-backend-VA82Wl8V-py3.7/lib/python3.7/site-packages/urllib3/connectionpool.py", line 677, in urlopen
    chunked=chunked,
  File "/root/.cache/pypoetry/virtualenvs/cpdbv2-backend-VA82Wl8V-py3.7/lib/python3.7/site-packages/urllib3/connectionpool.py", line 392, in _make_request
    conn.request(method, url, **httplib_request_kw)
  File "/usr/local/lib/python3.7/http/client.py", line 1281, in request
    self._send_request(method, url, body, headers, encode_chunked)
  File "/usr/local/lib/python3.7/http/client.py", line 1327, in _send_request
    self.endheaders(body, encode_chunked=encode_chunked)
  File "/usr/local/lib/python3.7/http/client.py", line 1276, in endheaders
    self._send_output(message_body, encode_chunked=encode_chunked)
  File "/usr/local/lib/python3.7/http/client.py", line 1036, in _send_output
    self.send(msg)
  File "/usr/local/lib/python3.7/http/client.py", line 976, in send
    self.connect()
  File "/root/.cache/pypoetry/virtualenvs/cpdbv2-backend-VA82Wl8V-py3.7/lib/python3.7/site-packages/urllib3/connection.py", line 187, in connect
    conn = self._new_conn()
  File "/root/.cache/pypoetry/virtualenvs/cpdbv2-backend-VA82Wl8V-py3.7/lib/python3.7/site-packages/urllib3/connection.py", line 172, in _new_conn
    self, "Failed to establish a new connection: %s" % e
urllib3.exceptions.NewConnectionError: <urllib3.connection.HTTPConnection object at 0x7ff0694cc590>: Failed to establish a new connection: [Errno -2] Name or service not known
elasticsearch: DEBUG: > None
urllib3.util.retry: DEBUG: Converted retries value: False -> Retry(total=False, connect=None, read=None, redirect=0, status=None)
urllib3.connectionpool: DEBUG: Starting new HTTP connection (91): elasticsearch:9200
elasticsearch: WARNING: DELETE http://elasticsearch:9200/test_cr_c97d3965-996f-4fbb-b4a7-1038423423bd [status:N/A request:0.000s]
Traceback (most recent call last):
  File "/root/.cache/pypoetry/virtualenvs/cpdbv2-backend-VA82Wl8V-py3.7/lib/python3.7/site-packages/urllib3/connection.py", line 160, in _new_conn
    (self._dns_host, self.port), self.timeout, **extra_kw
  File "/root/.cache/pypoetry/virtualenvs/cpdbv2-backend-VA82Wl8V-py3.7/lib/python3.7/site-packages/urllib3/util/connection.py", line 61, in create_connection
    for res in socket.getaddrinfo(host, port, family, socket.SOCK_STREAM):
  File "/usr/local/lib/python3.7/socket.py", line 752, in getaddrinfo
    for res in _socket.getaddrinfo(host, port, family, type, proto, flags):
socket.gaierror: [Errno -2] Name or service not known

During handling of the above exception, another exception occurred:

Traceback (most recent call last):
  File "/root/.cache/pypoetry/virtualenvs/cpdbv2-backend-VA82Wl8V-py3.7/lib/python3.7/site-packages/elasticsearch/connection/http_urllib3.py", line 115, in perform_request
    response = self.pool.urlopen(method, url, body, retries=False, headers=self.headers, **kw)
  File "/root/.cache/pypoetry/virtualenvs/cpdbv2-backend-VA82Wl8V-py3.7/lib/python3.7/site-packages/urllib3/connectionpool.py", line 727, in urlopen
    method, url, error=e, _pool=self, _stacktrace=sys.exc_info()[2]
  File "/root/.cache/pypoetry/virtualenvs/cpdbv2-backend-VA82Wl8V-py3.7/lib/python3.7/site-packages/urllib3/util/retry.py", line 386, in increment
    raise six.reraise(type(error), error, _stacktrace)
  File "/root/.cache/pypoetry/virtualenvs/cpdbv2-backend-VA82Wl8V-py3.7/lib/python3.7/site-packages/urllib3/packages/six.py", line 735, in reraise
    raise value
  File "/root/.cache/pypoetry/virtualenvs/cpdbv2-backend-VA82Wl8V-py3.7/lib/python3.7/site-packages/urllib3/connectionpool.py", line 677, in urlopen
    chunked=chunked,
  File "/root/.cache/pypoetry/virtualenvs/cpdbv2-backend-VA82Wl8V-py3.7/lib/python3.7/site-packages/urllib3/connectionpool.py", line 392, in _make_request
    conn.request(method, url, **httplib_request_kw)
  File "/usr/local/lib/python3.7/http/client.py", line 1281, in request
    self._send_request(method, url, body, headers, encode_chunked)
  File "/usr/local/lib/python3.7/http/client.py", line 1327, in _send_request
    self.endheaders(body, encode_chunked=encode_chunked)
  File "/usr/local/lib/python3.7/http/client.py", line 1276, in endheaders
    self._send_output(message_body, encode_chunked=encode_chunked)
  File "/usr/local/lib/python3.7/http/client.py", line 1036, in _send_output
    self.send(msg)
  File "/usr/local/lib/python3.7/http/client.py", line 976, in send
    self.connect()
  File "/root/.cache/pypoetry/virtualenvs/cpdbv2-backend-VA82Wl8V-py3.7/lib/python3.7/site-packages/urllib3/connection.py", line 187, in connect
    conn = self._new_conn()
  File "/root/.cache/pypoetry/virtualenvs/cpdbv2-backend-VA82Wl8V-py3.7/lib/python3.7/site-packages/urllib3/connection.py", line 172, in _new_conn
    self, "Failed to establish a new connection: %s" % e
urllib3.exceptions.NewConnectionError: <urllib3.connection.HTTPConnection object at 0x7ff0694cc790>: Failed to establish a new connection: [Errno -2] Name or service not known
elasticsearch: DEBUG: > None
urllib3.util.retry: DEBUG: Converted retries value: False -> Retry(total=False, connect=None, read=None, redirect=0, status=None)
urllib3.connectionpool: DEBUG: Starting new HTTP connection (92): elasticsearch:9200
elasticsearch: WARNING: DELETE http://elasticsearch:9200/test_cr_c97d3965-996f-4fbb-b4a7-1038423423bd [status:N/A request:0.000s]
Traceback (most recent call last):
  File "/root/.cache/pypoetry/virtualenvs/cpdbv2-backend-VA82Wl8V-py3.7/lib/python3.7/site-packages/urllib3/connection.py", line 160, in _new_conn
    (self._dns_host, self.port), self.timeout, **extra_kw
  File "/root/.cache/pypoetry/virtualenvs/cpdbv2-backend-VA82Wl8V-py3.7/lib/python3.7/site-packages/urllib3/util/connection.py", line 61, in create_connection
    for res in socket.getaddrinfo(host, port, family, socket.SOCK_STREAM):
  File "/usr/local/lib/python3.7/socket.py", line 752, in getaddrinfo
    for res in _socket.getaddrinfo(host, port, family, type, proto, flags):
socket.gaierror: [Errno -2] Name or service not known

During handling of the above exception, another exception occurred:

Traceback (most recent call last):
  File "/root/.cache/pypoetry/virtualenvs/cpdbv2-backend-VA82Wl8V-py3.7/lib/python3.7/site-packages/elasticsearch/connection/http_urllib3.py", line 115, in perform_request
    response = self.pool.urlopen(method, url, body, retries=False, headers=self.headers, **kw)
  File "/root/.cache/pypoetry/virtualenvs/cpdbv2-backend-VA82Wl8V-py3.7/lib/python3.7/site-packages/urllib3/connectionpool.py", line 727, in urlopen
    method, url, error=e, _pool=self, _stacktrace=sys.exc_info()[2]
  File "/root/.cache/pypoetry/virtualenvs/cpdbv2-backend-VA82Wl8V-py3.7/lib/python3.7/site-packages/urllib3/util/retry.py", line 386, in increment
    raise six.reraise(type(error), error, _stacktrace)
  File "/root/.cache/pypoetry/virtualenvs/cpdbv2-backend-VA82Wl8V-py3.7/lib/python3.7/site-packages/urllib3/packages/six.py", line 735, in reraise
    raise value
  File "/root/.cache/pypoetry/virtualenvs/cpdbv2-backend-VA82Wl8V-py3.7/lib/python3.7/site-packages/urllib3/connectionpool.py", line 677, in urlopen
    chunked=chunked,
  File "/root/.cache/pypoetry/virtualenvs/cpdbv2-backend-VA82Wl8V-py3.7/lib/python3.7/site-packages/urllib3/connectionpool.py", line 392, in _make_request
    conn.request(method, url, **httplib_request_kw)
  File "/usr/local/lib/python3.7/http/client.py", line 1281, in request
    self._send_request(method, url, body, headers, encode_chunked)
  File "/usr/local/lib/python3.7/http/client.py", line 1327, in _send_request
    self.endheaders(body, encode_chunked=encode_chunked)
  File "/usr/local/lib/python3.7/http/client.py", line 1276, in endheaders
    self._send_output(message_body, encode_chunked=encode_chunked)
  File "/usr/local/lib/python3.7/http/client.py", line 1036, in _send_output
    self.send(msg)
  File "/usr/local/lib/python3.7/http/client.py", line 976, in send
    self.connect()
  File "/root/.cache/pypoetry/virtualenvs/cpdbv2-backend-VA82Wl8V-py3.7/lib/python3.7/site-packages/urllib3/connection.py", line 187, in connect
    conn = self._new_conn()
  File "/root/.cache/pypoetry/virtualenvs/cpdbv2-backend-VA82Wl8V-py3.7/lib/python3.7/site-packages/urllib3/connection.py", line 172, in _new_conn
    self, "Failed to establish a new connection: %s" % e
urllib3.exceptions.NewConnectionError: <urllib3.connection.HTTPConnection object at 0x7ff0694ccd10>: Failed to establish a new connection: [Errno -2] Name or service not known
elasticsearch: DEBUG: > None
--------------------- >> end captured logging << ---------------------

======================================================================
ERROR: test_allegation_has_no_category (cr.tests.views.test_cr_viewset_related_complaints.CRViewSetRelatedComplaintsTestCase)
----------------------------------------------------------------------
Traceback (most recent call last):
  File "/usr/src/app/cpdb/cr/tests/views/test_cr_viewset_related_complaints.py", line 21, in setUp
    super(CRViewSetRelatedComplaintsTestCase, self).setUp()
  File "/usr/src/app/cpdb/cr/tests/mixins.py", line 7, in setUp
    cr_index_alias.write_index.delete(ignore=404)
  File "/root/.cache/pypoetry/virtualenvs/cpdbv2-backend-VA82Wl8V-py3.7/lib/python3.7/site-packages/elasticsearch_dsl/index.py", line 222, in delete
    self.connection.indices.delete(index=self._name, **kwargs)
  File "/root/.cache/pypoetry/virtualenvs/cpdbv2-backend-VA82Wl8V-py3.7/lib/python3.7/site-packages/elasticsearch/client/utils.py", line 73, in _wrapped
    return func(*args, params=params, **kwargs)
  File "/root/.cache/pypoetry/virtualenvs/cpdbv2-backend-VA82Wl8V-py3.7/lib/python3.7/site-packages/elasticsearch/client/indices.py", line 200, in delete
    params=params)
  File "/root/.cache/pypoetry/virtualenvs/cpdbv2-backend-VA82Wl8V-py3.7/lib/python3.7/site-packages/elasticsearch/transport.py", line 312, in perform_request
    status, headers, data = connection.perform_request(method, url, params, body, ignore=ignore, timeout=timeout)
  File "/root/.cache/pypoetry/virtualenvs/cpdbv2-backend-VA82Wl8V-py3.7/lib/python3.7/site-packages/elasticsearch/connection/http_urllib3.py", line 124, in perform_request
    raise ConnectionError('N/A', str(e), e)
elasticsearch.exceptions.ConnectionError: ConnectionError(<urllib3.connection.HTTPConnection object at 0x7ff069674050>: Failed to establish a new connection: [Errno -2] Name or service not known) caused by: NewConnectionError(<urllib3.connection.HTTPConnection object at 0x7ff069674050>: Failed to establish a new connection: [Errno -2] Name or service not known)
-------------------- >> begin captured logging << --------------------
urllib3.util.retry: DEBUG: Converted retries value: False -> Retry(total=False, connect=None, read=None, redirect=0, status=None)
urllib3.connectionpool: DEBUG: Starting new HTTP connection (93): elasticsearch:9200
elasticsearch: WARNING: DELETE http://elasticsearch:9200/test_cr_c97d3965-996f-4fbb-b4a7-1038423423bd [status:N/A request:0.005s]
Traceback (most recent call last):
  File "/root/.cache/pypoetry/virtualenvs/cpdbv2-backend-VA82Wl8V-py3.7/lib/python3.7/site-packages/urllib3/connection.py", line 160, in _new_conn
    (self._dns_host, self.port), self.timeout, **extra_kw
  File "/root/.cache/pypoetry/virtualenvs/cpdbv2-backend-VA82Wl8V-py3.7/lib/python3.7/site-packages/urllib3/util/connection.py", line 61, in create_connection
    for res in socket.getaddrinfo(host, port, family, socket.SOCK_STREAM):
  File "/usr/local/lib/python3.7/socket.py", line 752, in getaddrinfo
    for res in _socket.getaddrinfo(host, port, family, type, proto, flags):
socket.gaierror: [Errno -2] Name or service not known

During handling of the above exception, another exception occurred:

Traceback (most recent call last):
  File "/root/.cache/pypoetry/virtualenvs/cpdbv2-backend-VA82Wl8V-py3.7/lib/python3.7/site-packages/elasticsearch/connection/http_urllib3.py", line 115, in perform_request
    response = self.pool.urlopen(method, url, body, retries=False, headers=self.headers, **kw)
  File "/root/.cache/pypoetry/virtualenvs/cpdbv2-backend-VA82Wl8V-py3.7/lib/python3.7/site-packages/urllib3/connectionpool.py", line 727, in urlopen
    method, url, error=e, _pool=self, _stacktrace=sys.exc_info()[2]
  File "/root/.cache/pypoetry/virtualenvs/cpdbv2-backend-VA82Wl8V-py3.7/lib/python3.7/site-packages/urllib3/util/retry.py", line 386, in increment
    raise six.reraise(type(error), error, _stacktrace)
  File "/root/.cache/pypoetry/virtualenvs/cpdbv2-backend-VA82Wl8V-py3.7/lib/python3.7/site-packages/urllib3/packages/six.py", line 735, in reraise
    raise value
  File "/root/.cache/pypoetry/virtualenvs/cpdbv2-backend-VA82Wl8V-py3.7/lib/python3.7/site-packages/urllib3/connectionpool.py", line 677, in urlopen
    chunked=chunked,
  File "/root/.cache/pypoetry/virtualenvs/cpdbv2-backend-VA82Wl8V-py3.7/lib/python3.7/site-packages/urllib3/connectionpool.py", line 392, in _make_request
    conn.request(method, url, **httplib_request_kw)
  File "/usr/local/lib/python3.7/http/client.py", line 1281, in request
    self._send_request(method, url, body, headers, encode_chunked)
  File "/usr/local/lib/python3.7/http/client.py", line 1327, in _send_request
    self.endheaders(body, encode_chunked=encode_chunked)
  File "/usr/local/lib/python3.7/http/client.py", line 1276, in endheaders
    self._send_output(message_body, encode_chunked=encode_chunked)
  File "/usr/local/lib/python3.7/http/client.py", line 1036, in _send_output
    self.send(msg)
  File "/usr/local/lib/python3.7/http/client.py", line 976, in send
    self.connect()
  File "/root/.cache/pypoetry/virtualenvs/cpdbv2-backend-VA82Wl8V-py3.7/lib/python3.7/site-packages/urllib3/connection.py", line 187, in connect
    conn = self._new_conn()
  File "/root/.cache/pypoetry/virtualenvs/cpdbv2-backend-VA82Wl8V-py3.7/lib/python3.7/site-packages/urllib3/connection.py", line 172, in _new_conn
    self, "Failed to establish a new connection: %s" % e
urllib3.exceptions.NewConnectionError: <urllib3.connection.HTTPConnection object at 0x7ff0694d1f90>: Failed to establish a new connection: [Errno -2] Name or service not known
elasticsearch: DEBUG: > None
urllib3.util.retry: DEBUG: Converted retries value: False -> Retry(total=False, connect=None, read=None, redirect=0, status=None)
urllib3.connectionpool: DEBUG: Starting new HTTP connection (94): elasticsearch:9200
elasticsearch: WARNING: DELETE http://elasticsearch:9200/test_cr_c97d3965-996f-4fbb-b4a7-1038423423bd [status:N/A request:0.004s]
Traceback (most recent call last):
  File "/root/.cache/pypoetry/virtualenvs/cpdbv2-backend-VA82Wl8V-py3.7/lib/python3.7/site-packages/urllib3/connection.py", line 160, in _new_conn
    (self._dns_host, self.port), self.timeout, **extra_kw
  File "/root/.cache/pypoetry/virtualenvs/cpdbv2-backend-VA82Wl8V-py3.7/lib/python3.7/site-packages/urllib3/util/connection.py", line 61, in create_connection
    for res in socket.getaddrinfo(host, port, family, socket.SOCK_STREAM):
  File "/usr/local/lib/python3.7/socket.py", line 752, in getaddrinfo
    for res in _socket.getaddrinfo(host, port, family, type, proto, flags):
socket.gaierror: [Errno -2] Name or service not known

During handling of the above exception, another exception occurred:

Traceback (most recent call last):
  File "/root/.cache/pypoetry/virtualenvs/cpdbv2-backend-VA82Wl8V-py3.7/lib/python3.7/site-packages/elasticsearch/connection/http_urllib3.py", line 115, in perform_request
    response = self.pool.urlopen(method, url, body, retries=False, headers=self.headers, **kw)
  File "/root/.cache/pypoetry/virtualenvs/cpdbv2-backend-VA82Wl8V-py3.7/lib/python3.7/site-packages/urllib3/connectionpool.py", line 727, in urlopen
    method, url, error=e, _pool=self, _stacktrace=sys.exc_info()[2]
  File "/root/.cache/pypoetry/virtualenvs/cpdbv2-backend-VA82Wl8V-py3.7/lib/python3.7/site-packages/urllib3/util/retry.py", line 386, in increment
    raise six.reraise(type(error), error, _stacktrace)
  File "/root/.cache/pypoetry/virtualenvs/cpdbv2-backend-VA82Wl8V-py3.7/lib/python3.7/site-packages/urllib3/packages/six.py", line 735, in reraise
    raise value
  File "/root/.cache/pypoetry/virtualenvs/cpdbv2-backend-VA82Wl8V-py3.7/lib/python3.7/site-packages/urllib3/connectionpool.py", line 677, in urlopen
    chunked=chunked,
  File "/root/.cache/pypoetry/virtualenvs/cpdbv2-backend-VA82Wl8V-py3.7/lib/python3.7/site-packages/urllib3/connectionpool.py", line 392, in _make_request
    conn.request(method, url, **httplib_request_kw)
  File "/usr/local/lib/python3.7/http/client.py", line 1281, in request
    self._send_request(method, url, body, headers, encode_chunked)
  File "/usr/local/lib/python3.7/http/client.py", line 1327, in _send_request
    self.endheaders(body, encode_chunked=encode_chunked)
  File "/usr/local/lib/python3.7/http/client.py", line 1276, in endheaders
    self._send_output(message_body, encode_chunked=encode_chunked)
  File "/usr/local/lib/python3.7/http/client.py", line 1036, in _send_output
    self.send(msg)
  File "/usr/local/lib/python3.7/http/client.py", line 976, in send
    self.connect()
  File "/root/.cache/pypoetry/virtualenvs/cpdbv2-backend-VA82Wl8V-py3.7/lib/python3.7/site-packages/urllib3/connection.py", line 187, in connect
    conn = self._new_conn()
  File "/root/.cache/pypoetry/virtualenvs/cpdbv2-backend-VA82Wl8V-py3.7/lib/python3.7/site-packages/urllib3/connection.py", line 172, in _new_conn
    self, "Failed to establish a new connection: %s" % e
urllib3.exceptions.NewConnectionError: <urllib3.connection.HTTPConnection object at 0x7ff069674850>: Failed to establish a new connection: [Errno -2] Name or service not known
elasticsearch: DEBUG: > None
urllib3.util.retry: DEBUG: Converted retries value: False -> Retry(total=False, connect=None, read=None, redirect=0, status=None)
urllib3.connectionpool: DEBUG: Starting new HTTP connection (95): elasticsearch:9200
elasticsearch: WARNING: DELETE http://elasticsearch:9200/test_cr_c97d3965-996f-4fbb-b4a7-1038423423bd [status:N/A request:0.004s]
Traceback (most recent call last):
  File "/root/.cache/pypoetry/virtualenvs/cpdbv2-backend-VA82Wl8V-py3.7/lib/python3.7/site-packages/urllib3/connection.py", line 160, in _new_conn
    (self._dns_host, self.port), self.timeout, **extra_kw
  File "/root/.cache/pypoetry/virtualenvs/cpdbv2-backend-VA82Wl8V-py3.7/lib/python3.7/site-packages/urllib3/util/connection.py", line 61, in create_connection
    for res in socket.getaddrinfo(host, port, family, socket.SOCK_STREAM):
  File "/usr/local/lib/python3.7/socket.py", line 752, in getaddrinfo
    for res in _socket.getaddrinfo(host, port, family, type, proto, flags):
socket.gaierror: [Errno -2] Name or service not known

During handling of the above exception, another exception occurred:

Traceback (most recent call last):
  File "/root/.cache/pypoetry/virtualenvs/cpdbv2-backend-VA82Wl8V-py3.7/lib/python3.7/site-packages/elasticsearch/connection/http_urllib3.py", line 115, in perform_request
    response = self.pool.urlopen(method, url, body, retries=False, headers=self.headers, **kw)
  File "/root/.cache/pypoetry/virtualenvs/cpdbv2-backend-VA82Wl8V-py3.7/lib/python3.7/site-packages/urllib3/connectionpool.py", line 727, in urlopen
    method, url, error=e, _pool=self, _stacktrace=sys.exc_info()[2]
  File "/root/.cache/pypoetry/virtualenvs/cpdbv2-backend-VA82Wl8V-py3.7/lib/python3.7/site-packages/urllib3/util/retry.py", line 386, in increment
    raise six.reraise(type(error), error, _stacktrace)
  File "/root/.cache/pypoetry/virtualenvs/cpdbv2-backend-VA82Wl8V-py3.7/lib/python3.7/site-packages/urllib3/packages/six.py", line 735, in reraise
    raise value
  File "/root/.cache/pypoetry/virtualenvs/cpdbv2-backend-VA82Wl8V-py3.7/lib/python3.7/site-packages/urllib3/connectionpool.py", line 677, in urlopen
    chunked=chunked,
  File "/root/.cache/pypoetry/virtualenvs/cpdbv2-backend-VA82Wl8V-py3.7/lib/python3.7/site-packages/urllib3/connectionpool.py", line 392, in _make_request
    conn.request(method, url, **httplib_request_kw)
  File "/usr/local/lib/python3.7/http/client.py", line 1281, in request
    self._send_request(method, url, body, headers, encode_chunked)
  File "/usr/local/lib/python3.7/http/client.py", line 1327, in _send_request
    self.endheaders(body, encode_chunked=encode_chunked)
  File "/usr/local/lib/python3.7/http/client.py", line 1276, in endheaders
    self._send_output(message_body, encode_chunked=encode_chunked)
  File "/usr/local/lib/python3.7/http/client.py", line 1036, in _send_output
    self.send(msg)
  File "/usr/local/lib/python3.7/http/client.py", line 976, in send
    self.connect()
  File "/root/.cache/pypoetry/virtualenvs/cpdbv2-backend-VA82Wl8V-py3.7/lib/python3.7/site-packages/urllib3/connection.py", line 187, in connect
    conn = self._new_conn()
  File "/root/.cache/pypoetry/virtualenvs/cpdbv2-backend-VA82Wl8V-py3.7/lib/python3.7/site-packages/urllib3/connection.py", line 172, in _new_conn
    self, "Failed to establish a new connection: %s" % e
urllib3.exceptions.NewConnectionError: <urllib3.connection.HTTPConnection object at 0x7ff069674c90>: Failed to establish a new connection: [Errno -2] Name or service not known
elasticsearch: DEBUG: > None
urllib3.util.retry: DEBUG: Converted retries value: False -> Retry(total=False, connect=None, read=None, redirect=0, status=None)
urllib3.connectionpool: DEBUG: Starting new HTTP connection (96): elasticsearch:9200
elasticsearch: WARNING: DELETE http://elasticsearch:9200/test_cr_c97d3965-996f-4fbb-b4a7-1038423423bd [status:N/A request:0.004s]
Traceback (most recent call last):
  File "/root/.cache/pypoetry/virtualenvs/cpdbv2-backend-VA82Wl8V-py3.7/lib/python3.7/site-packages/urllib3/connection.py", line 160, in _new_conn
    (self._dns_host, self.port), self.timeout, **extra_kw
  File "/root/.cache/pypoetry/virtualenvs/cpdbv2-backend-VA82Wl8V-py3.7/lib/python3.7/site-packages/urllib3/util/connection.py", line 61, in create_connection
    for res in socket.getaddrinfo(host, port, family, socket.SOCK_STREAM):
  File "/usr/local/lib/python3.7/socket.py", line 752, in getaddrinfo
    for res in _socket.getaddrinfo(host, port, family, type, proto, flags):
socket.gaierror: [Errno -2] Name or service not known

During handling of the above exception, another exception occurred:

Traceback (most recent call last):
  File "/root/.cache/pypoetry/virtualenvs/cpdbv2-backend-VA82Wl8V-py3.7/lib/python3.7/site-packages/elasticsearch/connection/http_urllib3.py", line 115, in perform_request
    response = self.pool.urlopen(method, url, body, retries=False, headers=self.headers, **kw)
  File "/root/.cache/pypoetry/virtualenvs/cpdbv2-backend-VA82Wl8V-py3.7/lib/python3.7/site-packages/urllib3/connectionpool.py", line 727, in urlopen
    method, url, error=e, _pool=self, _stacktrace=sys.exc_info()[2]
  File "/root/.cache/pypoetry/virtualenvs/cpdbv2-backend-VA82Wl8V-py3.7/lib/python3.7/site-packages/urllib3/util/retry.py", line 386, in increment
    raise six.reraise(type(error), error, _stacktrace)
  File "/root/.cache/pypoetry/virtualenvs/cpdbv2-backend-VA82Wl8V-py3.7/lib/python3.7/site-packages/urllib3/packages/six.py", line 735, in reraise
    raise value
  File "/root/.cache/pypoetry/virtualenvs/cpdbv2-backend-VA82Wl8V-py3.7/lib/python3.7/site-packages/urllib3/connectionpool.py", line 677, in urlopen
    chunked=chunked,
  File "/root/.cache/pypoetry/virtualenvs/cpdbv2-backend-VA82Wl8V-py3.7/lib/python3.7/site-packages/urllib3/connectionpool.py", line 392, in _make_request
    conn.request(method, url, **httplib_request_kw)
  File "/usr/local/lib/python3.7/http/client.py", line 1281, in request
    self._send_request(method, url, body, headers, encode_chunked)
  File "/usr/local/lib/python3.7/http/client.py", line 1327, in _send_request
    self.endheaders(body, encode_chunked=encode_chunked)
  File "/usr/local/lib/python3.7/http/client.py", line 1276, in endheaders
    self._send_output(message_body, encode_chunked=encode_chunked)
  File "/usr/local/lib/python3.7/http/client.py", line 1036, in _send_output
    self.send(msg)
  File "/usr/local/lib/python3.7/http/client.py", line 976, in send
    self.connect()
  File "/root/.cache/pypoetry/virtualenvs/cpdbv2-backend-VA82Wl8V-py3.7/lib/python3.7/site-packages/urllib3/connection.py", line 187, in connect
    conn = self._new_conn()
  File "/root/.cache/pypoetry/virtualenvs/cpdbv2-backend-VA82Wl8V-py3.7/lib/python3.7/site-packages/urllib3/connection.py", line 172, in _new_conn
    self, "Failed to establish a new connection: %s" % e
urllib3.exceptions.NewConnectionError: <urllib3.connection.HTTPConnection object at 0x7ff069674050>: Failed to establish a new connection: [Errno -2] Name or service not known
elasticsearch: DEBUG: > None
--------------------- >> end captured logging << ---------------------

======================================================================
ERROR: test_allegation_has_no_coaccused (cr.tests.views.test_cr_viewset_related_complaints.CRViewSetRelatedComplaintsTestCase)
----------------------------------------------------------------------
Traceback (most recent call last):
  File "/usr/src/app/cpdb/cr/tests/views/test_cr_viewset_related_complaints.py", line 21, in setUp
    super(CRViewSetRelatedComplaintsTestCase, self).setUp()
  File "/usr/src/app/cpdb/cr/tests/mixins.py", line 7, in setUp
    cr_index_alias.write_index.delete(ignore=404)
  File "/root/.cache/pypoetry/virtualenvs/cpdbv2-backend-VA82Wl8V-py3.7/lib/python3.7/site-packages/elasticsearch_dsl/index.py", line 222, in delete
    self.connection.indices.delete(index=self._name, **kwargs)
  File "/root/.cache/pypoetry/virtualenvs/cpdbv2-backend-VA82Wl8V-py3.7/lib/python3.7/site-packages/elasticsearch/client/utils.py", line 73, in _wrapped
    return func(*args, params=params, **kwargs)
  File "/root/.cache/pypoetry/virtualenvs/cpdbv2-backend-VA82Wl8V-py3.7/lib/python3.7/site-packages/elasticsearch/client/indices.py", line 200, in delete
    params=params)
  File "/root/.cache/pypoetry/virtualenvs/cpdbv2-backend-VA82Wl8V-py3.7/lib/python3.7/site-packages/elasticsearch/transport.py", line 312, in perform_request
    status, headers, data = connection.perform_request(method, url, params, body, ignore=ignore, timeout=timeout)
  File "/root/.cache/pypoetry/virtualenvs/cpdbv2-backend-VA82Wl8V-py3.7/lib/python3.7/site-packages/elasticsearch/connection/http_urllib3.py", line 124, in perform_request
    raise ConnectionError('N/A', str(e), e)
elasticsearch.exceptions.ConnectionError: ConnectionError(<urllib3.connection.HTTPConnection object at 0x7ff06963aa10>: Failed to establish a new connection: [Errno -2] Name or service not known) caused by: NewConnectionError(<urllib3.connection.HTTPConnection object at 0x7ff06963aa10>: Failed to establish a new connection: [Errno -2] Name or service not known)
-------------------- >> begin captured logging << --------------------
urllib3.util.retry: DEBUG: Converted retries value: False -> Retry(total=False, connect=None, read=None, redirect=0, status=None)
urllib3.connectionpool: DEBUG: Starting new HTTP connection (97): elasticsearch:9200
elasticsearch: WARNING: DELETE http://elasticsearch:9200/test_cr_c97d3965-996f-4fbb-b4a7-1038423423bd [status:N/A request:0.004s]
Traceback (most recent call last):
  File "/root/.cache/pypoetry/virtualenvs/cpdbv2-backend-VA82Wl8V-py3.7/lib/python3.7/site-packages/urllib3/connection.py", line 160, in _new_conn
    (self._dns_host, self.port), self.timeout, **extra_kw
  File "/root/.cache/pypoetry/virtualenvs/cpdbv2-backend-VA82Wl8V-py3.7/lib/python3.7/site-packages/urllib3/util/connection.py", line 61, in create_connection
    for res in socket.getaddrinfo(host, port, family, socket.SOCK_STREAM):
  File "/usr/local/lib/python3.7/socket.py", line 752, in getaddrinfo
    for res in _socket.getaddrinfo(host, port, family, type, proto, flags):
socket.gaierror: [Errno -2] Name or service not known

During handling of the above exception, another exception occurred:

Traceback (most recent call last):
  File "/root/.cache/pypoetry/virtualenvs/cpdbv2-backend-VA82Wl8V-py3.7/lib/python3.7/site-packages/elasticsearch/connection/http_urllib3.py", line 115, in perform_request
    response = self.pool.urlopen(method, url, body, retries=False, headers=self.headers, **kw)
  File "/root/.cache/pypoetry/virtualenvs/cpdbv2-backend-VA82Wl8V-py3.7/lib/python3.7/site-packages/urllib3/connectionpool.py", line 727, in urlopen
    method, url, error=e, _pool=self, _stacktrace=sys.exc_info()[2]
  File "/root/.cache/pypoetry/virtualenvs/cpdbv2-backend-VA82Wl8V-py3.7/lib/python3.7/site-packages/urllib3/util/retry.py", line 386, in increment
    raise six.reraise(type(error), error, _stacktrace)
  File "/root/.cache/pypoetry/virtualenvs/cpdbv2-backend-VA82Wl8V-py3.7/lib/python3.7/site-packages/urllib3/packages/six.py", line 735, in reraise
    raise value
  File "/root/.cache/pypoetry/virtualenvs/cpdbv2-backend-VA82Wl8V-py3.7/lib/python3.7/site-packages/urllib3/connectionpool.py", line 677, in urlopen
    chunked=chunked,
  File "/root/.cache/pypoetry/virtualenvs/cpdbv2-backend-VA82Wl8V-py3.7/lib/python3.7/site-packages/urllib3/connectionpool.py", line 392, in _make_request
    conn.request(method, url, **httplib_request_kw)
  File "/usr/local/lib/python3.7/http/client.py", line 1281, in request
    self._send_request(method, url, body, headers, encode_chunked)
  File "/usr/local/lib/python3.7/http/client.py", line 1327, in _send_request
    self.endheaders(body, encode_chunked=encode_chunked)
  File "/usr/local/lib/python3.7/http/client.py", line 1276, in endheaders
    self._send_output(message_body, encode_chunked=encode_chunked)
  File "/usr/local/lib/python3.7/http/client.py", line 1036, in _send_output
    self.send(msg)
  File "/usr/local/lib/python3.7/http/client.py", line 976, in send
    self.connect()
  File "/root/.cache/pypoetry/virtualenvs/cpdbv2-backend-VA82Wl8V-py3.7/lib/python3.7/site-packages/urllib3/connection.py", line 187, in connect
    conn = self._new_conn()
  File "/root/.cache/pypoetry/virtualenvs/cpdbv2-backend-VA82Wl8V-py3.7/lib/python3.7/site-packages/urllib3/connection.py", line 172, in _new_conn
    self, "Failed to establish a new connection: %s" % e
urllib3.exceptions.NewConnectionError: <urllib3.connection.HTTPConnection object at 0x7ff069674ed0>: Failed to establish a new connection: [Errno -2] Name or service not known
elasticsearch: DEBUG: > None
urllib3.util.retry: DEBUG: Converted retries value: False -> Retry(total=False, connect=None, read=None, redirect=0, status=None)
urllib3.connectionpool: DEBUG: Starting new HTTP connection (98): elasticsearch:9200
elasticsearch: WARNING: DELETE http://elasticsearch:9200/test_cr_c97d3965-996f-4fbb-b4a7-1038423423bd [status:N/A request:0.007s]
Traceback (most recent call last):
  File "/root/.cache/pypoetry/virtualenvs/cpdbv2-backend-VA82Wl8V-py3.7/lib/python3.7/site-packages/urllib3/connection.py", line 160, in _new_conn
    (self._dns_host, self.port), self.timeout, **extra_kw
  File "/root/.cache/pypoetry/virtualenvs/cpdbv2-backend-VA82Wl8V-py3.7/lib/python3.7/site-packages/urllib3/util/connection.py", line 61, in create_connection
    for res in socket.getaddrinfo(host, port, family, socket.SOCK_STREAM):
  File "/usr/local/lib/python3.7/socket.py", line 752, in getaddrinfo
    for res in _socket.getaddrinfo(host, port, family, type, proto, flags):
socket.gaierror: [Errno -2] Name or service not known

During handling of the above exception, another exception occurred:

Traceback (most recent call last):
  File "/root/.cache/pypoetry/virtualenvs/cpdbv2-backend-VA82Wl8V-py3.7/lib/python3.7/site-packages/elasticsearch/connection/http_urllib3.py", line 115, in perform_request
    response = self.pool.urlopen(method, url, body, retries=False, headers=self.headers, **kw)
  File "/root/.cache/pypoetry/virtualenvs/cpdbv2-backend-VA82Wl8V-py3.7/lib/python3.7/site-packages/urllib3/connectionpool.py", line 727, in urlopen
    method, url, error=e, _pool=self, _stacktrace=sys.exc_info()[2]
  File "/root/.cache/pypoetry/virtualenvs/cpdbv2-backend-VA82Wl8V-py3.7/lib/python3.7/site-packages/urllib3/util/retry.py", line 386, in increment
    raise six.reraise(type(error), error, _stacktrace)
  File "/root/.cache/pypoetry/virtualenvs/cpdbv2-backend-VA82Wl8V-py3.7/lib/python3.7/site-packages/urllib3/packages/six.py", line 735, in reraise
    raise value
  File "/root/.cache/pypoetry/virtualenvs/cpdbv2-backend-VA82Wl8V-py3.7/lib/python3.7/site-packages/urllib3/connectionpool.py", line 677, in urlopen
    chunked=chunked,
  File "/root/.cache/pypoetry/virtualenvs/cpdbv2-backend-VA82Wl8V-py3.7/lib/python3.7/site-packages/urllib3/connectionpool.py", line 392, in _make_request
    conn.request(method, url, **httplib_request_kw)
  File "/usr/local/lib/python3.7/http/client.py", line 1281, in request
    self._send_request(method, url, body, headers, encode_chunked)
  File "/usr/local/lib/python3.7/http/client.py", line 1327, in _send_request
    self.endheaders(body, encode_chunked=encode_chunked)
  File "/usr/local/lib/python3.7/http/client.py", line 1276, in endheaders
    self._send_output(message_body, encode_chunked=encode_chunked)
  File "/usr/local/lib/python3.7/http/client.py", line 1036, in _send_output
    self.send(msg)
  File "/usr/local/lib/python3.7/http/client.py", line 976, in send
    self.connect()
  File "/root/.cache/pypoetry/virtualenvs/cpdbv2-backend-VA82Wl8V-py3.7/lib/python3.7/site-packages/urllib3/connection.py", line 187, in connect
    conn = self._new_conn()
  File "/root/.cache/pypoetry/virtualenvs/cpdbv2-backend-VA82Wl8V-py3.7/lib/python3.7/site-packages/urllib3/connection.py", line 172, in _new_conn
    self, "Failed to establish a new connection: %s" % e
urllib3.exceptions.NewConnectionError: <urllib3.connection.HTTPConnection object at 0x7ff06963ac50>: Failed to establish a new connection: [Errno -2] Name or service not known
elasticsearch: DEBUG: > None
urllib3.util.retry: DEBUG: Converted retries value: False -> Retry(total=False, connect=None, read=None, redirect=0, status=None)
urllib3.connectionpool: DEBUG: Starting new HTTP connection (99): elasticsearch:9200
elasticsearch: WARNING: DELETE http://elasticsearch:9200/test_cr_c97d3965-996f-4fbb-b4a7-1038423423bd [status:N/A request:0.005s]
Traceback (most recent call last):
  File "/root/.cache/pypoetry/virtualenvs/cpdbv2-backend-VA82Wl8V-py3.7/lib/python3.7/site-packages/urllib3/connection.py", line 160, in _new_conn
    (self._dns_host, self.port), self.timeout, **extra_kw
  File "/root/.cache/pypoetry/virtualenvs/cpdbv2-backend-VA82Wl8V-py3.7/lib/python3.7/site-packages/urllib3/util/connection.py", line 61, in create_connection
    for res in socket.getaddrinfo(host, port, family, socket.SOCK_STREAM):
  File "/usr/local/lib/python3.7/socket.py", line 752, in getaddrinfo
    for res in _socket.getaddrinfo(host, port, family, type, proto, flags):
socket.gaierror: [Errno -2] Name or service not known

During handling of the above exception, another exception occurred:

Traceback (most recent call last):
  File "/root/.cache/pypoetry/virtualenvs/cpdbv2-backend-VA82Wl8V-py3.7/lib/python3.7/site-packages/elasticsearch/connection/http_urllib3.py", line 115, in perform_request
    response = self.pool.urlopen(method, url, body, retries=False, headers=self.headers, **kw)
  File "/root/.cache/pypoetry/virtualenvs/cpdbv2-backend-VA82Wl8V-py3.7/lib/python3.7/site-packages/urllib3/connectionpool.py", line 727, in urlopen
    method, url, error=e, _pool=self, _stacktrace=sys.exc_info()[2]
  File "/root/.cache/pypoetry/virtualenvs/cpdbv2-backend-VA82Wl8V-py3.7/lib/python3.7/site-packages/urllib3/util/retry.py", line 386, in increment
    raise six.reraise(type(error), error, _stacktrace)
  File "/root/.cache/pypoetry/virtualenvs/cpdbv2-backend-VA82Wl8V-py3.7/lib/python3.7/site-packages/urllib3/packages/six.py", line 735, in reraise
    raise value
  File "/root/.cache/pypoetry/virtualenvs/cpdbv2-backend-VA82Wl8V-py3.7/lib/python3.7/site-packages/urllib3/connectionpool.py", line 677, in urlopen
    chunked=chunked,
  File "/root/.cache/pypoetry/virtualenvs/cpdbv2-backend-VA82Wl8V-py3.7/lib/python3.7/site-packages/urllib3/connectionpool.py", line 392, in _make_request
    conn.request(method, url, **httplib_request_kw)
  File "/usr/local/lib/python3.7/http/client.py", line 1281, in request
    self._send_request(method, url, body, headers, encode_chunked)
  File "/usr/local/lib/python3.7/http/client.py", line 1327, in _send_request
    self.endheaders(body, encode_chunked=encode_chunked)
  File "/usr/local/lib/python3.7/http/client.py", line 1276, in endheaders
    self._send_output(message_body, encode_chunked=encode_chunked)
  File "/usr/local/lib/python3.7/http/client.py", line 1036, in _send_output
    self.send(msg)
  File "/usr/local/lib/python3.7/http/client.py", line 976, in send
    self.connect()
  File "/root/.cache/pypoetry/virtualenvs/cpdbv2-backend-VA82Wl8V-py3.7/lib/python3.7/site-packages/urllib3/connection.py", line 187, in connect
    conn = self._new_conn()
  File "/root/.cache/pypoetry/virtualenvs/cpdbv2-backend-VA82Wl8V-py3.7/lib/python3.7/site-packages/urllib3/connection.py", line 172, in _new_conn
    self, "Failed to establish a new connection: %s" % e
urllib3.exceptions.NewConnectionError: <urllib3.connection.HTTPConnection object at 0x7ff06963a1d0>: Failed to establish a new connection: [Errno -2] Name or service not known
elasticsearch: DEBUG: > None
urllib3.util.retry: DEBUG: Converted retries value: False -> Retry(total=False, connect=None, read=None, redirect=0, status=None)
urllib3.connectionpool: DEBUG: Starting new HTTP connection (100): elasticsearch:9200
elasticsearch: WARNING: DELETE http://elasticsearch:9200/test_cr_c97d3965-996f-4fbb-b4a7-1038423423bd [status:N/A request:0.005s]
Traceback (most recent call last):
  File "/root/.cache/pypoetry/virtualenvs/cpdbv2-backend-VA82Wl8V-py3.7/lib/python3.7/site-packages/urllib3/connection.py", line 160, in _new_conn
    (self._dns_host, self.port), self.timeout, **extra_kw
  File "/root/.cache/pypoetry/virtualenvs/cpdbv2-backend-VA82Wl8V-py3.7/lib/python3.7/site-packages/urllib3/util/connection.py", line 61, in create_connection
    for res in socket.getaddrinfo(host, port, family, socket.SOCK_STREAM):
  File "/usr/local/lib/python3.7/socket.py", line 752, in getaddrinfo
    for res in _socket.getaddrinfo(host, port, family, type, proto, flags):
socket.gaierror: [Errno -2] Name or service not known

During handling of the above exception, another exception occurred:

Traceback (most recent call last):
  File "/root/.cache/pypoetry/virtualenvs/cpdbv2-backend-VA82Wl8V-py3.7/lib/python3.7/site-packages/elasticsearch/connection/http_urllib3.py", line 115, in perform_request
    response = self.pool.urlopen(method, url, body, retries=False, headers=self.headers, **kw)
  File "/root/.cache/pypoetry/virtualenvs/cpdbv2-backend-VA82Wl8V-py3.7/lib/python3.7/site-packages/urllib3/connectionpool.py", line 727, in urlopen
    method, url, error=e, _pool=self, _stacktrace=sys.exc_info()[2]
  File "/root/.cache/pypoetry/virtualenvs/cpdbv2-backend-VA82Wl8V-py3.7/lib/python3.7/site-packages/urllib3/util/retry.py", line 386, in increment
    raise six.reraise(type(error), error, _stacktrace)
  File "/root/.cache/pypoetry/virtualenvs/cpdbv2-backend-VA82Wl8V-py3.7/lib/python3.7/site-packages/urllib3/packages/six.py", line 735, in reraise
    raise value
  File "/root/.cache/pypoetry/virtualenvs/cpdbv2-backend-VA82Wl8V-py3.7/lib/python3.7/site-packages/urllib3/connectionpool.py", line 677, in urlopen
    chunked=chunked,
  File "/root/.cache/pypoetry/virtualenvs/cpdbv2-backend-VA82Wl8V-py3.7/lib/python3.7/site-packages/urllib3/connectionpool.py", line 392, in _make_request
    conn.request(method, url, **httplib_request_kw)
  File "/usr/local/lib/python3.7/http/client.py", line 1281, in request
    self._send_request(method, url, body, headers, encode_chunked)
  File "/usr/local/lib/python3.7/http/client.py", line 1327, in _send_request
    self.endheaders(body, encode_chunked=encode_chunked)
  File "/usr/local/lib/python3.7/http/client.py", line 1276, in endheaders
    self._send_output(message_body, encode_chunked=encode_chunked)
  File "/usr/local/lib/python3.7/http/client.py", line 1036, in _send_output
    self.send(msg)
  File "/usr/local/lib/python3.7/http/client.py", line 976, in send
    self.connect()
  File "/root/.cache/pypoetry/virtualenvs/cpdbv2-backend-VA82Wl8V-py3.7/lib/python3.7/site-packages/urllib3/connection.py", line 187, in connect
    conn = self._new_conn()
  File "/root/.cache/pypoetry/virtualenvs/cpdbv2-backend-VA82Wl8V-py3.7/lib/python3.7/site-packages/urllib3/connection.py", line 172, in _new_conn
    self, "Failed to establish a new connection: %s" % e
urllib3.exceptions.NewConnectionError: <urllib3.connection.HTTPConnection object at 0x7ff06963aa10>: Failed to establish a new connection: [Errno -2] Name or service not known
elasticsearch: DEBUG: > None
--------------------- >> end captured logging << ---------------------

======================================================================
ERROR: test_allegation_has_no_complainant (cr.tests.views.test_cr_viewset_related_complaints.CRViewSetRelatedComplaintsTestCase)
----------------------------------------------------------------------
Traceback (most recent call last):
  File "/usr/src/app/cpdb/cr/tests/views/test_cr_viewset_related_complaints.py", line 21, in setUp
    super(CRViewSetRelatedComplaintsTestCase, self).setUp()
  File "/usr/src/app/cpdb/cr/tests/mixins.py", line 7, in setUp
    cr_index_alias.write_index.delete(ignore=404)
  File "/root/.cache/pypoetry/virtualenvs/cpdbv2-backend-VA82Wl8V-py3.7/lib/python3.7/site-packages/elasticsearch_dsl/index.py", line 222, in delete
    self.connection.indices.delete(index=self._name, **kwargs)
  File "/root/.cache/pypoetry/virtualenvs/cpdbv2-backend-VA82Wl8V-py3.7/lib/python3.7/site-packages/elasticsearch/client/utils.py", line 73, in _wrapped
    return func(*args, params=params, **kwargs)
  File "/root/.cache/pypoetry/virtualenvs/cpdbv2-backend-VA82Wl8V-py3.7/lib/python3.7/site-packages/elasticsearch/client/indices.py", line 200, in delete
    params=params)
  File "/root/.cache/pypoetry/virtualenvs/cpdbv2-backend-VA82Wl8V-py3.7/lib/python3.7/site-packages/elasticsearch/transport.py", line 312, in perform_request
    status, headers, data = connection.perform_request(method, url, params, body, ignore=ignore, timeout=timeout)
  File "/root/.cache/pypoetry/virtualenvs/cpdbv2-backend-VA82Wl8V-py3.7/lib/python3.7/site-packages/elasticsearch/connection/http_urllib3.py", line 124, in perform_request
    raise ConnectionError('N/A', str(e), e)
elasticsearch.exceptions.ConnectionError: ConnectionError(<urllib3.connection.HTTPConnection object at 0x7ff06964b5d0>: Failed to establish a new connection: [Errno -2] Name or service not known) caused by: NewConnectionError(<urllib3.connection.HTTPConnection object at 0x7ff06964b5d0>: Failed to establish a new connection: [Errno -2] Name or service not known)
-------------------- >> begin captured logging << --------------------
urllib3.util.retry: DEBUG: Converted retries value: False -> Retry(total=False, connect=None, read=None, redirect=0, status=None)
urllib3.connectionpool: DEBUG: Starting new HTTP connection (101): elasticsearch:9200
elasticsearch: WARNING: DELETE http://elasticsearch:9200/test_cr_c97d3965-996f-4fbb-b4a7-1038423423bd [status:N/A request:0.005s]
Traceback (most recent call last):
  File "/root/.cache/pypoetry/virtualenvs/cpdbv2-backend-VA82Wl8V-py3.7/lib/python3.7/site-packages/urllib3/connection.py", line 160, in _new_conn
    (self._dns_host, self.port), self.timeout, **extra_kw
  File "/root/.cache/pypoetry/virtualenvs/cpdbv2-backend-VA82Wl8V-py3.7/lib/python3.7/site-packages/urllib3/util/connection.py", line 61, in create_connection
    for res in socket.getaddrinfo(host, port, family, socket.SOCK_STREAM):
  File "/usr/local/lib/python3.7/socket.py", line 752, in getaddrinfo
    for res in _socket.getaddrinfo(host, port, family, type, proto, flags):
socket.gaierror: [Errno -2] Name or service not known

During handling of the above exception, another exception occurred:

Traceback (most recent call last):
  File "/root/.cache/pypoetry/virtualenvs/cpdbv2-backend-VA82Wl8V-py3.7/lib/python3.7/site-packages/elasticsearch/connection/http_urllib3.py", line 115, in perform_request
    response = self.pool.urlopen(method, url, body, retries=False, headers=self.headers, **kw)
  File "/root/.cache/pypoetry/virtualenvs/cpdbv2-backend-VA82Wl8V-py3.7/lib/python3.7/site-packages/urllib3/connectionpool.py", line 727, in urlopen
    method, url, error=e, _pool=self, _stacktrace=sys.exc_info()[2]
  File "/root/.cache/pypoetry/virtualenvs/cpdbv2-backend-VA82Wl8V-py3.7/lib/python3.7/site-packages/urllib3/util/retry.py", line 386, in increment
    raise six.reraise(type(error), error, _stacktrace)
  File "/root/.cache/pypoetry/virtualenvs/cpdbv2-backend-VA82Wl8V-py3.7/lib/python3.7/site-packages/urllib3/packages/six.py", line 735, in reraise
    raise value
  File "/root/.cache/pypoetry/virtualenvs/cpdbv2-backend-VA82Wl8V-py3.7/lib/python3.7/site-packages/urllib3/connectionpool.py", line 677, in urlopen
    chunked=chunked,
  File "/root/.cache/pypoetry/virtualenvs/cpdbv2-backend-VA82Wl8V-py3.7/lib/python3.7/site-packages/urllib3/connectionpool.py", line 392, in _make_request
    conn.request(method, url, **httplib_request_kw)
  File "/usr/local/lib/python3.7/http/client.py", line 1281, in request
    self._send_request(method, url, body, headers, encode_chunked)
  File "/usr/local/lib/python3.7/http/client.py", line 1327, in _send_request
    self.endheaders(body, encode_chunked=encode_chunked)
  File "/usr/local/lib/python3.7/http/client.py", line 1276, in endheaders
    self._send_output(message_body, encode_chunked=encode_chunked)
  File "/usr/local/lib/python3.7/http/client.py", line 1036, in _send_output
    self.send(msg)
  File "/usr/local/lib/python3.7/http/client.py", line 976, in send
    self.connect()
  File "/root/.cache/pypoetry/virtualenvs/cpdbv2-backend-VA82Wl8V-py3.7/lib/python3.7/site-packages/urllib3/connection.py", line 187, in connect
    conn = self._new_conn()
  File "/root/.cache/pypoetry/virtualenvs/cpdbv2-backend-VA82Wl8V-py3.7/lib/python3.7/site-packages/urllib3/connection.py", line 172, in _new_conn
    self, "Failed to establish a new connection: %s" % e
urllib3.exceptions.NewConnectionError: <urllib3.connection.HTTPConnection object at 0x7ff06963af10>: Failed to establish a new connection: [Errno -2] Name or service not known
elasticsearch: DEBUG: > None
urllib3.util.retry: DEBUG: Converted retries value: False -> Retry(total=False, connect=None, read=None, redirect=0, status=None)
urllib3.connectionpool: DEBUG: Starting new HTTP connection (102): elasticsearch:9200
elasticsearch: WARNING: DELETE http://elasticsearch:9200/test_cr_c97d3965-996f-4fbb-b4a7-1038423423bd [status:N/A request:0.004s]
Traceback (most recent call last):
  File "/root/.cache/pypoetry/virtualenvs/cpdbv2-backend-VA82Wl8V-py3.7/lib/python3.7/site-packages/urllib3/connection.py", line 160, in _new_conn
    (self._dns_host, self.port), self.timeout, **extra_kw
  File "/root/.cache/pypoetry/virtualenvs/cpdbv2-backend-VA82Wl8V-py3.7/lib/python3.7/site-packages/urllib3/util/connection.py", line 61, in create_connection
    for res in socket.getaddrinfo(host, port, family, socket.SOCK_STREAM):
  File "/usr/local/lib/python3.7/socket.py", line 752, in getaddrinfo
    for res in _socket.getaddrinfo(host, port, family, type, proto, flags):
socket.gaierror: [Errno -2] Name or service not known

During handling of the above exception, another exception occurred:

Traceback (most recent call last):
  File "/root/.cache/pypoetry/virtualenvs/cpdbv2-backend-VA82Wl8V-py3.7/lib/python3.7/site-packages/elasticsearch/connection/http_urllib3.py", line 115, in perform_request
    response = self.pool.urlopen(method, url, body, retries=False, headers=self.headers, **kw)
  File "/root/.cache/pypoetry/virtualenvs/cpdbv2-backend-VA82Wl8V-py3.7/lib/python3.7/site-packages/urllib3/connectionpool.py", line 727, in urlopen
    method, url, error=e, _pool=self, _stacktrace=sys.exc_info()[2]
  File "/root/.cache/pypoetry/virtualenvs/cpdbv2-backend-VA82Wl8V-py3.7/lib/python3.7/site-packages/urllib3/util/retry.py", line 386, in increment
    raise six.reraise(type(error), error, _stacktrace)
  File "/root/.cache/pypoetry/virtualenvs/cpdbv2-backend-VA82Wl8V-py3.7/lib/python3.7/site-packages/urllib3/packages/six.py", line 735, in reraise
    raise value
  File "/root/.cache/pypoetry/virtualenvs/cpdbv2-backend-VA82Wl8V-py3.7/lib/python3.7/site-packages/urllib3/connectionpool.py", line 677, in urlopen
    chunked=chunked,
  File "/root/.cache/pypoetry/virtualenvs/cpdbv2-backend-VA82Wl8V-py3.7/lib/python3.7/site-packages/urllib3/connectionpool.py", line 392, in _make_request
    conn.request(method, url, **httplib_request_kw)
  File "/usr/local/lib/python3.7/http/client.py", line 1281, in request
    self._send_request(method, url, body, headers, encode_chunked)
  File "/usr/local/lib/python3.7/http/client.py", line 1327, in _send_request
    self.endheaders(body, encode_chunked=encode_chunked)
  File "/usr/local/lib/python3.7/http/client.py", line 1276, in endheaders
    self._send_output(message_body, encode_chunked=encode_chunked)
  File "/usr/local/lib/python3.7/http/client.py", line 1036, in _send_output
    self.send(msg)
  File "/usr/local/lib/python3.7/http/client.py", line 976, in send
    self.connect()
  File "/root/.cache/pypoetry/virtualenvs/cpdbv2-backend-VA82Wl8V-py3.7/lib/python3.7/site-packages/urllib3/connection.py", line 187, in connect
    conn = self._new_conn()
  File "/root/.cache/pypoetry/virtualenvs/cpdbv2-backend-VA82Wl8V-py3.7/lib/python3.7/site-packages/urllib3/connection.py", line 172, in _new_conn
    self, "Failed to establish a new connection: %s" % e
urllib3.exceptions.NewConnectionError: <urllib3.connection.HTTPConnection object at 0x7ff06964b210>: Failed to establish a new connection: [Errno -2] Name or service not known
elasticsearch: DEBUG: > None
urllib3.util.retry: DEBUG: Converted retries value: False -> Retry(total=False, connect=None, read=None, redirect=0, status=None)
urllib3.connectionpool: DEBUG: Starting new HTTP connection (103): elasticsearch:9200
elasticsearch: WARNING: DELETE http://elasticsearch:9200/test_cr_c97d3965-996f-4fbb-b4a7-1038423423bd [status:N/A request:0.006s]
Traceback (most recent call last):
  File "/root/.cache/pypoetry/virtualenvs/cpdbv2-backend-VA82Wl8V-py3.7/lib/python3.7/site-packages/urllib3/connection.py", line 160, in _new_conn
    (self._dns_host, self.port), self.timeout, **extra_kw
  File "/root/.cache/pypoetry/virtualenvs/cpdbv2-backend-VA82Wl8V-py3.7/lib/python3.7/site-packages/urllib3/util/connection.py", line 61, in create_connection
    for res in socket.getaddrinfo(host, port, family, socket.SOCK_STREAM):
  File "/usr/local/lib/python3.7/socket.py", line 752, in getaddrinfo
    for res in _socket.getaddrinfo(host, port, family, type, proto, flags):
socket.gaierror: [Errno -2] Name or service not known

During handling of the above exception, another exception occurred:

Traceback (most recent call last):
  File "/root/.cache/pypoetry/virtualenvs/cpdbv2-backend-VA82Wl8V-py3.7/lib/python3.7/site-packages/elasticsearch/connection/http_urllib3.py", line 115, in perform_request
    response = self.pool.urlopen(method, url, body, retries=False, headers=self.headers, **kw)
  File "/root/.cache/pypoetry/virtualenvs/cpdbv2-backend-VA82Wl8V-py3.7/lib/python3.7/site-packages/urllib3/connectionpool.py", line 727, in urlopen
    method, url, error=e, _pool=self, _stacktrace=sys.exc_info()[2]
  File "/root/.cache/pypoetry/virtualenvs/cpdbv2-backend-VA82Wl8V-py3.7/lib/python3.7/site-packages/urllib3/util/retry.py", line 386, in increment
    raise six.reraise(type(error), error, _stacktrace)
  File "/root/.cache/pypoetry/virtualenvs/cpdbv2-backend-VA82Wl8V-py3.7/lib/python3.7/site-packages/urllib3/packages/six.py", line 735, in reraise
    raise value
  File "/root/.cache/pypoetry/virtualenvs/cpdbv2-backend-VA82Wl8V-py3.7/lib/python3.7/site-packages/urllib3/connectionpool.py", line 677, in urlopen
    chunked=chunked,
  File "/root/.cache/pypoetry/virtualenvs/cpdbv2-backend-VA82Wl8V-py3.7/lib/python3.7/site-packages/urllib3/connectionpool.py", line 392, in _make_request
    conn.request(method, url, **httplib_request_kw)
  File "/usr/local/lib/python3.7/http/client.py", line 1281, in request
    self._send_request(method, url, body, headers, encode_chunked)
  File "/usr/local/lib/python3.7/http/client.py", line 1327, in _send_request
    self.endheaders(body, encode_chunked=encode_chunked)
  File "/usr/local/lib/python3.7/http/client.py", line 1276, in endheaders
    self._send_output(message_body, encode_chunked=encode_chunked)
  File "/usr/local/lib/python3.7/http/client.py", line 1036, in _send_output
    self.send(msg)
  File "/usr/local/lib/python3.7/http/client.py", line 976, in send
    self.connect()
  File "/root/.cache/pypoetry/virtualenvs/cpdbv2-backend-VA82Wl8V-py3.7/lib/python3.7/site-packages/urllib3/connection.py", line 187, in connect
    conn = self._new_conn()
  File "/root/.cache/pypoetry/virtualenvs/cpdbv2-backend-VA82Wl8V-py3.7/lib/python3.7/site-packages/urllib3/connection.py", line 172, in _new_conn
    self, "Failed to establish a new connection: %s" % e
urllib3.exceptions.NewConnectionError: <urllib3.connection.HTTPConnection object at 0x7ff06964bcd0>: Failed to establish a new connection: [Errno -2] Name or service not known
elasticsearch: DEBUG: > None
urllib3.util.retry: DEBUG: Converted retries value: False -> Retry(total=False, connect=None, read=None, redirect=0, status=None)
urllib3.connectionpool: DEBUG: Starting new HTTP connection (104): elasticsearch:9200
elasticsearch: WARNING: DELETE http://elasticsearch:9200/test_cr_c97d3965-996f-4fbb-b4a7-1038423423bd [status:N/A request:0.004s]
Traceback (most recent call last):
  File "/root/.cache/pypoetry/virtualenvs/cpdbv2-backend-VA82Wl8V-py3.7/lib/python3.7/site-packages/urllib3/connection.py", line 160, in _new_conn
    (self._dns_host, self.port), self.timeout, **extra_kw
  File "/root/.cache/pypoetry/virtualenvs/cpdbv2-backend-VA82Wl8V-py3.7/lib/python3.7/site-packages/urllib3/util/connection.py", line 61, in create_connection
    for res in socket.getaddrinfo(host, port, family, socket.SOCK_STREAM):
  File "/usr/local/lib/python3.7/socket.py", line 752, in getaddrinfo
    for res in _socket.getaddrinfo(host, port, family, type, proto, flags):
socket.gaierror: [Errno -2] Name or service not known

During handling of the above exception, another exception occurred:

Traceback (most recent call last):
  File "/root/.cache/pypoetry/virtualenvs/cpdbv2-backend-VA82Wl8V-py3.7/lib/python3.7/site-packages/elasticsearch/connection/http_urllib3.py", line 115, in perform_request
    response = self.pool.urlopen(method, url, body, retries=False, headers=self.headers, **kw)
  File "/root/.cache/pypoetry/virtualenvs/cpdbv2-backend-VA82Wl8V-py3.7/lib/python3.7/site-packages/urllib3/connectionpool.py", line 727, in urlopen
    method, url, error=e, _pool=self, _stacktrace=sys.exc_info()[2]
  File "/root/.cache/pypoetry/virtualenvs/cpdbv2-backend-VA82Wl8V-py3.7/lib/python3.7/site-packages/urllib3/util/retry.py", line 386, in increment
    raise six.reraise(type(error), error, _stacktrace)
  File "/root/.cache/pypoetry/virtualenvs/cpdbv2-backend-VA82Wl8V-py3.7/lib/python3.7/site-packages/urllib3/packages/six.py", line 735, in reraise
    raise value
  File "/root/.cache/pypoetry/virtualenvs/cpdbv2-backend-VA82Wl8V-py3.7/lib/python3.7/site-packages/urllib3/connectionpool.py", line 677, in urlopen
    chunked=chunked,
  File "/root/.cache/pypoetry/virtualenvs/cpdbv2-backend-VA82Wl8V-py3.7/lib/python3.7/site-packages/urllib3/connectionpool.py", line 392, in _make_request
    conn.request(method, url, **httplib_request_kw)
  File "/usr/local/lib/python3.7/http/client.py", line 1281, in request
    self._send_request(method, url, body, headers, encode_chunked)
  File "/usr/local/lib/python3.7/http/client.py", line 1327, in _send_request
    self.endheaders(body, encode_chunked=encode_chunked)
  File "/usr/local/lib/python3.7/http/client.py", line 1276, in endheaders
    self._send_output(message_body, encode_chunked=encode_chunked)
  File "/usr/local/lib/python3.7/http/client.py", line 1036, in _send_output
    self.send(msg)
  File "/usr/local/lib/python3.7/http/client.py", line 976, in send
    self.connect()
  File "/root/.cache/pypoetry/virtualenvs/cpdbv2-backend-VA82Wl8V-py3.7/lib/python3.7/site-packages/urllib3/connection.py", line 187, in connect
    conn = self._new_conn()
  File "/root/.cache/pypoetry/virtualenvs/cpdbv2-backend-VA82Wl8V-py3.7/lib/python3.7/site-packages/urllib3/connection.py", line 172, in _new_conn
    self, "Failed to establish a new connection: %s" % e
urllib3.exceptions.NewConnectionError: <urllib3.connection.HTTPConnection object at 0x7ff06964b5d0>: Failed to establish a new connection: [Errno -2] Name or service not known
elasticsearch: DEBUG: > None
--------------------- >> end captured logging << ---------------------

======================================================================
ERROR: test_allegation_has_no_link_to_officer (cr.tests.views.test_cr_viewset_related_complaints.CRViewSetRelatedComplaintsTestCase)
----------------------------------------------------------------------
Traceback (most recent call last):
  File "/usr/src/app/cpdb/cr/tests/views/test_cr_viewset_related_complaints.py", line 21, in setUp
    super(CRViewSetRelatedComplaintsTestCase, self).setUp()
  File "/usr/src/app/cpdb/cr/tests/mixins.py", line 7, in setUp
    cr_index_alias.write_index.delete(ignore=404)
  File "/root/.cache/pypoetry/virtualenvs/cpdbv2-backend-VA82Wl8V-py3.7/lib/python3.7/site-packages/elasticsearch_dsl/index.py", line 222, in delete
    self.connection.indices.delete(index=self._name, **kwargs)
  File "/root/.cache/pypoetry/virtualenvs/cpdbv2-backend-VA82Wl8V-py3.7/lib/python3.7/site-packages/elasticsearch/client/utils.py", line 73, in _wrapped
    return func(*args, params=params, **kwargs)
  File "/root/.cache/pypoetry/virtualenvs/cpdbv2-backend-VA82Wl8V-py3.7/lib/python3.7/site-packages/elasticsearch/client/indices.py", line 200, in delete
    params=params)
  File "/root/.cache/pypoetry/virtualenvs/cpdbv2-backend-VA82Wl8V-py3.7/lib/python3.7/site-packages/elasticsearch/transport.py", line 312, in perform_request
    status, headers, data = connection.perform_request(method, url, params, body, ignore=ignore, timeout=timeout)
  File "/root/.cache/pypoetry/virtualenvs/cpdbv2-backend-VA82Wl8V-py3.7/lib/python3.7/site-packages/elasticsearch/connection/http_urllib3.py", line 124, in perform_request
    raise ConnectionError('N/A', str(e), e)
elasticsearch.exceptions.ConnectionError: ConnectionError(<urllib3.connection.HTTPConnection object at 0x7ff06963a9d0>: Failed to establish a new connection: [Errno -2] Name or service not known) caused by: NewConnectionError(<urllib3.connection.HTTPConnection object at 0x7ff06963a9d0>: Failed to establish a new connection: [Errno -2] Name or service not known)
-------------------- >> begin captured logging << --------------------
urllib3.util.retry: DEBUG: Converted retries value: False -> Retry(total=False, connect=None, read=None, redirect=0, status=None)
urllib3.connectionpool: DEBUG: Starting new HTTP connection (105): elasticsearch:9200
elasticsearch: WARNING: DELETE http://elasticsearch:9200/test_cr_c97d3965-996f-4fbb-b4a7-1038423423bd [status:N/A request:0.004s]
Traceback (most recent call last):
  File "/root/.cache/pypoetry/virtualenvs/cpdbv2-backend-VA82Wl8V-py3.7/lib/python3.7/site-packages/urllib3/connection.py", line 160, in _new_conn
    (self._dns_host, self.port), self.timeout, **extra_kw
  File "/root/.cache/pypoetry/virtualenvs/cpdbv2-backend-VA82Wl8V-py3.7/lib/python3.7/site-packages/urllib3/util/connection.py", line 61, in create_connection
    for res in socket.getaddrinfo(host, port, family, socket.SOCK_STREAM):
  File "/usr/local/lib/python3.7/socket.py", line 752, in getaddrinfo
    for res in _socket.getaddrinfo(host, port, family, type, proto, flags):
socket.gaierror: [Errno -2] Name or service not known

During handling of the above exception, another exception occurred:

Traceback (most recent call last):
  File "/root/.cache/pypoetry/virtualenvs/cpdbv2-backend-VA82Wl8V-py3.7/lib/python3.7/site-packages/elasticsearch/connection/http_urllib3.py", line 115, in perform_request
    response = self.pool.urlopen(method, url, body, retries=False, headers=self.headers, **kw)
  File "/root/.cache/pypoetry/virtualenvs/cpdbv2-backend-VA82Wl8V-py3.7/lib/python3.7/site-packages/urllib3/connectionpool.py", line 727, in urlopen
    method, url, error=e, _pool=self, _stacktrace=sys.exc_info()[2]
  File "/root/.cache/pypoetry/virtualenvs/cpdbv2-backend-VA82Wl8V-py3.7/lib/python3.7/site-packages/urllib3/util/retry.py", line 386, in increment
    raise six.reraise(type(error), error, _stacktrace)
  File "/root/.cache/pypoetry/virtualenvs/cpdbv2-backend-VA82Wl8V-py3.7/lib/python3.7/site-packages/urllib3/packages/six.py", line 735, in reraise
    raise value
  File "/root/.cache/pypoetry/virtualenvs/cpdbv2-backend-VA82Wl8V-py3.7/lib/python3.7/site-packages/urllib3/connectionpool.py", line 677, in urlopen
    chunked=chunked,
  File "/root/.cache/pypoetry/virtualenvs/cpdbv2-backend-VA82Wl8V-py3.7/lib/python3.7/site-packages/urllib3/connectionpool.py", line 392, in _make_request
    conn.request(method, url, **httplib_request_kw)
  File "/usr/local/lib/python3.7/http/client.py", line 1281, in request
    self._send_request(method, url, body, headers, encode_chunked)
  File "/usr/local/lib/python3.7/http/client.py", line 1327, in _send_request
    self.endheaders(body, encode_chunked=encode_chunked)
  File "/usr/local/lib/python3.7/http/client.py", line 1276, in endheaders
    self._send_output(message_body, encode_chunked=encode_chunked)
  File "/usr/local/lib/python3.7/http/client.py", line 1036, in _send_output
    self.send(msg)
  File "/usr/local/lib/python3.7/http/client.py", line 976, in send
    self.connect()
  File "/root/.cache/pypoetry/virtualenvs/cpdbv2-backend-VA82Wl8V-py3.7/lib/python3.7/site-packages/urllib3/connection.py", line 187, in connect
    conn = self._new_conn()
  File "/root/.cache/pypoetry/virtualenvs/cpdbv2-backend-VA82Wl8V-py3.7/lib/python3.7/site-packages/urllib3/connection.py", line 172, in _new_conn
    self, "Failed to establish a new connection: %s" % e
urllib3.exceptions.NewConnectionError: <urllib3.connection.HTTPConnection object at 0x7ff06963af10>: Failed to establish a new connection: [Errno -2] Name or service not known
elasticsearch: DEBUG: > None
urllib3.util.retry: DEBUG: Converted retries value: False -> Retry(total=False, connect=None, read=None, redirect=0, status=None)
urllib3.connectionpool: DEBUG: Starting new HTTP connection (106): elasticsearch:9200
elasticsearch: WARNING: DELETE http://elasticsearch:9200/test_cr_c97d3965-996f-4fbb-b4a7-1038423423bd [status:N/A request:0.005s]
Traceback (most recent call last):
  File "/root/.cache/pypoetry/virtualenvs/cpdbv2-backend-VA82Wl8V-py3.7/lib/python3.7/site-packages/urllib3/connection.py", line 160, in _new_conn
    (self._dns_host, self.port), self.timeout, **extra_kw
  File "/root/.cache/pypoetry/virtualenvs/cpdbv2-backend-VA82Wl8V-py3.7/lib/python3.7/site-packages/urllib3/util/connection.py", line 61, in create_connection
    for res in socket.getaddrinfo(host, port, family, socket.SOCK_STREAM):
  File "/usr/local/lib/python3.7/socket.py", line 752, in getaddrinfo
    for res in _socket.getaddrinfo(host, port, family, type, proto, flags):
socket.gaierror: [Errno -2] Name or service not known

During handling of the above exception, another exception occurred:

Traceback (most recent call last):
  File "/root/.cache/pypoetry/virtualenvs/cpdbv2-backend-VA82Wl8V-py3.7/lib/python3.7/site-packages/elasticsearch/connection/http_urllib3.py", line 115, in perform_request
    response = self.pool.urlopen(method, url, body, retries=False, headers=self.headers, **kw)
  File "/root/.cache/pypoetry/virtualenvs/cpdbv2-backend-VA82Wl8V-py3.7/lib/python3.7/site-packages/urllib3/connectionpool.py", line 727, in urlopen
    method, url, error=e, _pool=self, _stacktrace=sys.exc_info()[2]
  File "/root/.cache/pypoetry/virtualenvs/cpdbv2-backend-VA82Wl8V-py3.7/lib/python3.7/site-packages/urllib3/util/retry.py", line 386, in increment
    raise six.reraise(type(error), error, _stacktrace)
  File "/root/.cache/pypoetry/virtualenvs/cpdbv2-backend-VA82Wl8V-py3.7/lib/python3.7/site-packages/urllib3/packages/six.py", line 735, in reraise
    raise value
  File "/root/.cache/pypoetry/virtualenvs/cpdbv2-backend-VA82Wl8V-py3.7/lib/python3.7/site-packages/urllib3/connectionpool.py", line 677, in urlopen
    chunked=chunked,
  File "/root/.cache/pypoetry/virtualenvs/cpdbv2-backend-VA82Wl8V-py3.7/lib/python3.7/site-packages/urllib3/connectionpool.py", line 392, in _make_request
    conn.request(method, url, **httplib_request_kw)
  File "/usr/local/lib/python3.7/http/client.py", line 1281, in request
    self._send_request(method, url, body, headers, encode_chunked)
  File "/usr/local/lib/python3.7/http/client.py", line 1327, in _send_request
    self.endheaders(body, encode_chunked=encode_chunked)
  File "/usr/local/lib/python3.7/http/client.py", line 1276, in endheaders
    self._send_output(message_body, encode_chunked=encode_chunked)
  File "/usr/local/lib/python3.7/http/client.py", line 1036, in _send_output
    self.send(msg)
  File "/usr/local/lib/python3.7/http/client.py", line 976, in send
    self.connect()
  File "/root/.cache/pypoetry/virtualenvs/cpdbv2-backend-VA82Wl8V-py3.7/lib/python3.7/site-packages/urllib3/connection.py", line 187, in connect
    conn = self._new_conn()
  File "/root/.cache/pypoetry/virtualenvs/cpdbv2-backend-VA82Wl8V-py3.7/lib/python3.7/site-packages/urllib3/connection.py", line 172, in _new_conn
    self, "Failed to establish a new connection: %s" % e
urllib3.exceptions.NewConnectionError: <urllib3.connection.HTTPConnection object at 0x7ff06963ab90>: Failed to establish a new connection: [Errno -2] Name or service not known
elasticsearch: DEBUG: > None
urllib3.util.retry: DEBUG: Converted retries value: False -> Retry(total=False, connect=None, read=None, redirect=0, status=None)
urllib3.connectionpool: DEBUG: Starting new HTTP connection (107): elasticsearch:9200
elasticsearch: WARNING: DELETE http://elasticsearch:9200/test_cr_c97d3965-996f-4fbb-b4a7-1038423423bd [status:N/A request:0.007s]
Traceback (most recent call last):
  File "/root/.cache/pypoetry/virtualenvs/cpdbv2-backend-VA82Wl8V-py3.7/lib/python3.7/site-packages/urllib3/connection.py", line 160, in _new_conn
    (self._dns_host, self.port), self.timeout, **extra_kw
  File "/root/.cache/pypoetry/virtualenvs/cpdbv2-backend-VA82Wl8V-py3.7/lib/python3.7/site-packages/urllib3/util/connection.py", line 61, in create_connection
    for res in socket.getaddrinfo(host, port, family, socket.SOCK_STREAM):
  File "/usr/local/lib/python3.7/socket.py", line 752, in getaddrinfo
    for res in _socket.getaddrinfo(host, port, family, type, proto, flags):
socket.gaierror: [Errno -2] Name or service not known

During handling of the above exception, another exception occurred:

Traceback (most recent call last):
  File "/root/.cache/pypoetry/virtualenvs/cpdbv2-backend-VA82Wl8V-py3.7/lib/python3.7/site-packages/elasticsearch/connection/http_urllib3.py", line 115, in perform_request
    response = self.pool.urlopen(method, url, body, retries=False, headers=self.headers, **kw)
  File "/root/.cache/pypoetry/virtualenvs/cpdbv2-backend-VA82Wl8V-py3.7/lib/python3.7/site-packages/urllib3/connectionpool.py", line 727, in urlopen
    method, url, error=e, _pool=self, _stacktrace=sys.exc_info()[2]
  File "/root/.cache/pypoetry/virtualenvs/cpdbv2-backend-VA82Wl8V-py3.7/lib/python3.7/site-packages/urllib3/util/retry.py", line 386, in increment
    raise six.reraise(type(error), error, _stacktrace)
  File "/root/.cache/pypoetry/virtualenvs/cpdbv2-backend-VA82Wl8V-py3.7/lib/python3.7/site-packages/urllib3/packages/six.py", line 735, in reraise
    raise value
  File "/root/.cache/pypoetry/virtualenvs/cpdbv2-backend-VA82Wl8V-py3.7/lib/python3.7/site-packages/urllib3/connectionpool.py", line 677, in urlopen
    chunked=chunked,
  File "/root/.cache/pypoetry/virtualenvs/cpdbv2-backend-VA82Wl8V-py3.7/lib/python3.7/site-packages/urllib3/connectionpool.py", line 392, in _make_request
    conn.request(method, url, **httplib_request_kw)
  File "/usr/local/lib/python3.7/http/client.py", line 1281, in request
    self._send_request(method, url, body, headers, encode_chunked)
  File "/usr/local/lib/python3.7/http/client.py", line 1327, in _send_request
    self.endheaders(body, encode_chunked=encode_chunked)
  File "/usr/local/lib/python3.7/http/client.py", line 1276, in endheaders
    self._send_output(message_body, encode_chunked=encode_chunked)
  File "/usr/local/lib/python3.7/http/client.py", line 1036, in _send_output
    self.send(msg)
  File "/usr/local/lib/python3.7/http/client.py", line 976, in send
    self.connect()
  File "/root/.cache/pypoetry/virtualenvs/cpdbv2-backend-VA82Wl8V-py3.7/lib/python3.7/site-packages/urllib3/connection.py", line 187, in connect
    conn = self._new_conn()
  File "/root/.cache/pypoetry/virtualenvs/cpdbv2-backend-VA82Wl8V-py3.7/lib/python3.7/site-packages/urllib3/connection.py", line 172, in _new_conn
    self, "Failed to establish a new connection: %s" % e
urllib3.exceptions.NewConnectionError: <urllib3.connection.HTTPConnection object at 0x7ff06963ae90>: Failed to establish a new connection: [Errno -2] Name or service not known
elasticsearch: DEBUG: > None
urllib3.util.retry: DEBUG: Converted retries value: False -> Retry(total=False, connect=None, read=None, redirect=0, status=None)
urllib3.connectionpool: DEBUG: Starting new HTTP connection (108): elasticsearch:9200
elasticsearch: WARNING: DELETE http://elasticsearch:9200/test_cr_c97d3965-996f-4fbb-b4a7-1038423423bd [status:N/A request:0.004s]
Traceback (most recent call last):
  File "/root/.cache/pypoetry/virtualenvs/cpdbv2-backend-VA82Wl8V-py3.7/lib/python3.7/site-packages/urllib3/connection.py", line 160, in _new_conn
    (self._dns_host, self.port), self.timeout, **extra_kw
  File "/root/.cache/pypoetry/virtualenvs/cpdbv2-backend-VA82Wl8V-py3.7/lib/python3.7/site-packages/urllib3/util/connection.py", line 61, in create_connection
    for res in socket.getaddrinfo(host, port, family, socket.SOCK_STREAM):
  File "/usr/local/lib/python3.7/socket.py", line 752, in getaddrinfo
    for res in _socket.getaddrinfo(host, port, family, type, proto, flags):
socket.gaierror: [Errno -2] Name or service not known

During handling of the above exception, another exception occurred:

Traceback (most recent call last):
  File "/root/.cache/pypoetry/virtualenvs/cpdbv2-backend-VA82Wl8V-py3.7/lib/python3.7/site-packages/elasticsearch/connection/http_urllib3.py", line 115, in perform_request
    response = self.pool.urlopen(method, url, body, retries=False, headers=self.headers, **kw)
  File "/root/.cache/pypoetry/virtualenvs/cpdbv2-backend-VA82Wl8V-py3.7/lib/python3.7/site-packages/urllib3/connectionpool.py", line 727, in urlopen
    method, url, error=e, _pool=self, _stacktrace=sys.exc_info()[2]
  File "/root/.cache/pypoetry/virtualenvs/cpdbv2-backend-VA82Wl8V-py3.7/lib/python3.7/site-packages/urllib3/util/retry.py", line 386, in increment
    raise six.reraise(type(error), error, _stacktrace)
  File "/root/.cache/pypoetry/virtualenvs/cpdbv2-backend-VA82Wl8V-py3.7/lib/python3.7/site-packages/urllib3/packages/six.py", line 735, in reraise
    raise value
  File "/root/.cache/pypoetry/virtualenvs/cpdbv2-backend-VA82Wl8V-py3.7/lib/python3.7/site-packages/urllib3/connectionpool.py", line 677, in urlopen
    chunked=chunked,
  File "/root/.cache/pypoetry/virtualenvs/cpdbv2-backend-VA82Wl8V-py3.7/lib/python3.7/site-packages/urllib3/connectionpool.py", line 392, in _make_request
    conn.request(method, url, **httplib_request_kw)
  File "/usr/local/lib/python3.7/http/client.py", line 1281, in request
    self._send_request(method, url, body, headers, encode_chunked)
  File "/usr/local/lib/python3.7/http/client.py", line 1327, in _send_request
    self.endheaders(body, encode_chunked=encode_chunked)
  File "/usr/local/lib/python3.7/http/client.py", line 1276, in endheaders
    self._send_output(message_body, encode_chunked=encode_chunked)
  File "/usr/local/lib/python3.7/http/client.py", line 1036, in _send_output
    self.send(msg)
  File "/usr/local/lib/python3.7/http/client.py", line 976, in send
    self.connect()
  File "/root/.cache/pypoetry/virtualenvs/cpdbv2-backend-VA82Wl8V-py3.7/lib/python3.7/site-packages/urllib3/connection.py", line 187, in connect
    conn = self._new_conn()
  File "/root/.cache/pypoetry/virtualenvs/cpdbv2-backend-VA82Wl8V-py3.7/lib/python3.7/site-packages/urllib3/connection.py", line 172, in _new_conn
    self, "Failed to establish a new connection: %s" % e
urllib3.exceptions.NewConnectionError: <urllib3.connection.HTTPConnection object at 0x7ff06963a9d0>: Failed to establish a new connection: [Errno -2] Name or service not known
elasticsearch: DEBUG: > None
--------------------- >> end captured logging << ---------------------

======================================================================
ERROR: test_allegation_has_no_point (cr.tests.views.test_cr_viewset_related_complaints.CRViewSetRelatedComplaintsTestCase)
----------------------------------------------------------------------
Traceback (most recent call last):
  File "/usr/src/app/cpdb/cr/tests/views/test_cr_viewset_related_complaints.py", line 21, in setUp
    super(CRViewSetRelatedComplaintsTestCase, self).setUp()
  File "/usr/src/app/cpdb/cr/tests/mixins.py", line 7, in setUp
    cr_index_alias.write_index.delete(ignore=404)
  File "/root/.cache/pypoetry/virtualenvs/cpdbv2-backend-VA82Wl8V-py3.7/lib/python3.7/site-packages/elasticsearch_dsl/index.py", line 222, in delete
    self.connection.indices.delete(index=self._name, **kwargs)
  File "/root/.cache/pypoetry/virtualenvs/cpdbv2-backend-VA82Wl8V-py3.7/lib/python3.7/site-packages/elasticsearch/client/utils.py", line 73, in _wrapped
    return func(*args, params=params, **kwargs)
  File "/root/.cache/pypoetry/virtualenvs/cpdbv2-backend-VA82Wl8V-py3.7/lib/python3.7/site-packages/elasticsearch/client/indices.py", line 200, in delete
    params=params)
  File "/root/.cache/pypoetry/virtualenvs/cpdbv2-backend-VA82Wl8V-py3.7/lib/python3.7/site-packages/elasticsearch/transport.py", line 312, in perform_request
    status, headers, data = connection.perform_request(method, url, params, body, ignore=ignore, timeout=timeout)
  File "/root/.cache/pypoetry/virtualenvs/cpdbv2-backend-VA82Wl8V-py3.7/lib/python3.7/site-packages/elasticsearch/connection/http_urllib3.py", line 124, in perform_request
    raise ConnectionError('N/A', str(e), e)
elasticsearch.exceptions.ConnectionError: ConnectionError(<urllib3.connection.HTTPConnection object at 0x7ff0696749d0>: Failed to establish a new connection: [Errno -2] Name or service not known) caused by: NewConnectionError(<urllib3.connection.HTTPConnection object at 0x7ff0696749d0>: Failed to establish a new connection: [Errno -2] Name or service not known)
-------------------- >> begin captured logging << --------------------
urllib3.util.retry: DEBUG: Converted retries value: False -> Retry(total=False, connect=None, read=None, redirect=0, status=None)
urllib3.connectionpool: DEBUG: Starting new HTTP connection (109): elasticsearch:9200
elasticsearch: WARNING: DELETE http://elasticsearch:9200/test_cr_c97d3965-996f-4fbb-b4a7-1038423423bd [status:N/A request:0.007s]
Traceback (most recent call last):
  File "/root/.cache/pypoetry/virtualenvs/cpdbv2-backend-VA82Wl8V-py3.7/lib/python3.7/site-packages/urllib3/connection.py", line 160, in _new_conn
    (self._dns_host, self.port), self.timeout, **extra_kw
  File "/root/.cache/pypoetry/virtualenvs/cpdbv2-backend-VA82Wl8V-py3.7/lib/python3.7/site-packages/urllib3/util/connection.py", line 61, in create_connection
    for res in socket.getaddrinfo(host, port, family, socket.SOCK_STREAM):
  File "/usr/local/lib/python3.7/socket.py", line 752, in getaddrinfo
    for res in _socket.getaddrinfo(host, port, family, type, proto, flags):
socket.gaierror: [Errno -2] Name or service not known

During handling of the above exception, another exception occurred:

Traceback (most recent call last):
  File "/root/.cache/pypoetry/virtualenvs/cpdbv2-backend-VA82Wl8V-py3.7/lib/python3.7/site-packages/elasticsearch/connection/http_urllib3.py", line 115, in perform_request
    response = self.pool.urlopen(method, url, body, retries=False, headers=self.headers, **kw)
  File "/root/.cache/pypoetry/virtualenvs/cpdbv2-backend-VA82Wl8V-py3.7/lib/python3.7/site-packages/urllib3/connectionpool.py", line 727, in urlopen
    method, url, error=e, _pool=self, _stacktrace=sys.exc_info()[2]
  File "/root/.cache/pypoetry/virtualenvs/cpdbv2-backend-VA82Wl8V-py3.7/lib/python3.7/site-packages/urllib3/util/retry.py", line 386, in increment
    raise six.reraise(type(error), error, _stacktrace)
  File "/root/.cache/pypoetry/virtualenvs/cpdbv2-backend-VA82Wl8V-py3.7/lib/python3.7/site-packages/urllib3/packages/six.py", line 735, in reraise
    raise value
  File "/root/.cache/pypoetry/virtualenvs/cpdbv2-backend-VA82Wl8V-py3.7/lib/python3.7/site-packages/urllib3/connectionpool.py", line 677, in urlopen
    chunked=chunked,
  File "/root/.cache/pypoetry/virtualenvs/cpdbv2-backend-VA82Wl8V-py3.7/lib/python3.7/site-packages/urllib3/connectionpool.py", line 392, in _make_request
    conn.request(method, url, **httplib_request_kw)
  File "/usr/local/lib/python3.7/http/client.py", line 1281, in request
    self._send_request(method, url, body, headers, encode_chunked)
  File "/usr/local/lib/python3.7/http/client.py", line 1327, in _send_request
    self.endheaders(body, encode_chunked=encode_chunked)
  File "/usr/local/lib/python3.7/http/client.py", line 1276, in endheaders
    self._send_output(message_body, encode_chunked=encode_chunked)
  File "/usr/local/lib/python3.7/http/client.py", line 1036, in _send_output
    self.send(msg)
  File "/usr/local/lib/python3.7/http/client.py", line 976, in send
    self.connect()
  File "/root/.cache/pypoetry/virtualenvs/cpdbv2-backend-VA82Wl8V-py3.7/lib/python3.7/site-packages/urllib3/connection.py", line 187, in connect
    conn = self._new_conn()
  File "/root/.cache/pypoetry/virtualenvs/cpdbv2-backend-VA82Wl8V-py3.7/lib/python3.7/site-packages/urllib3/connection.py", line 172, in _new_conn
    self, "Failed to establish a new connection: %s" % e
urllib3.exceptions.NewConnectionError: <urllib3.connection.HTTPConnection object at 0x7ff069674890>: Failed to establish a new connection: [Errno -2] Name or service not known
elasticsearch: DEBUG: > None
urllib3.util.retry: DEBUG: Converted retries value: False -> Retry(total=False, connect=None, read=None, redirect=0, status=None)
urllib3.connectionpool: DEBUG: Starting new HTTP connection (110): elasticsearch:9200
elasticsearch: WARNING: DELETE http://elasticsearch:9200/test_cr_c97d3965-996f-4fbb-b4a7-1038423423bd [status:N/A request:0.004s]
Traceback (most recent call last):
  File "/root/.cache/pypoetry/virtualenvs/cpdbv2-backend-VA82Wl8V-py3.7/lib/python3.7/site-packages/urllib3/connection.py", line 160, in _new_conn
    (self._dns_host, self.port), self.timeout, **extra_kw
  File "/root/.cache/pypoetry/virtualenvs/cpdbv2-backend-VA82Wl8V-py3.7/lib/python3.7/site-packages/urllib3/util/connection.py", line 61, in create_connection
    for res in socket.getaddrinfo(host, port, family, socket.SOCK_STREAM):
  File "/usr/local/lib/python3.7/socket.py", line 752, in getaddrinfo
    for res in _socket.getaddrinfo(host, port, family, type, proto, flags):
socket.gaierror: [Errno -2] Name or service not known

During handling of the above exception, another exception occurred:

Traceback (most recent call last):
  File "/root/.cache/pypoetry/virtualenvs/cpdbv2-backend-VA82Wl8V-py3.7/lib/python3.7/site-packages/elasticsearch/connection/http_urllib3.py", line 115, in perform_request
    response = self.pool.urlopen(method, url, body, retries=False, headers=self.headers, **kw)
  File "/root/.cache/pypoetry/virtualenvs/cpdbv2-backend-VA82Wl8V-py3.7/lib/python3.7/site-packages/urllib3/connectionpool.py", line 727, in urlopen
    method, url, error=e, _pool=self, _stacktrace=sys.exc_info()[2]
  File "/root/.cache/pypoetry/virtualenvs/cpdbv2-backend-VA82Wl8V-py3.7/lib/python3.7/site-packages/urllib3/util/retry.py", line 386, in increment
    raise six.reraise(type(error), error, _stacktrace)
  File "/root/.cache/pypoetry/virtualenvs/cpdbv2-backend-VA82Wl8V-py3.7/lib/python3.7/site-packages/urllib3/packages/six.py", line 735, in reraise
    raise value
  File "/root/.cache/pypoetry/virtualenvs/cpdbv2-backend-VA82Wl8V-py3.7/lib/python3.7/site-packages/urllib3/connectionpool.py", line 677, in urlopen
    chunked=chunked,
  File "/root/.cache/pypoetry/virtualenvs/cpdbv2-backend-VA82Wl8V-py3.7/lib/python3.7/site-packages/urllib3/connectionpool.py", line 392, in _make_request
    conn.request(method, url, **httplib_request_kw)
  File "/usr/local/lib/python3.7/http/client.py", line 1281, in request
    self._send_request(method, url, body, headers, encode_chunked)
  File "/usr/local/lib/python3.7/http/client.py", line 1327, in _send_request
    self.endheaders(body, encode_chunked=encode_chunked)
  File "/usr/local/lib/python3.7/http/client.py", line 1276, in endheaders
    self._send_output(message_body, encode_chunked=encode_chunked)
  File "/usr/local/lib/python3.7/http/client.py", line 1036, in _send_output
    self.send(msg)
  File "/usr/local/lib/python3.7/http/client.py", line 976, in send
    self.connect()
  File "/root/.cache/pypoetry/virtualenvs/cpdbv2-backend-VA82Wl8V-py3.7/lib/python3.7/site-packages/urllib3/connection.py", line 187, in connect
    conn = self._new_conn()
  File "/root/.cache/pypoetry/virtualenvs/cpdbv2-backend-VA82Wl8V-py3.7/lib/python3.7/site-packages/urllib3/connection.py", line 172, in _new_conn
    self, "Failed to establish a new connection: %s" % e
urllib3.exceptions.NewConnectionError: <urllib3.connection.HTTPConnection object at 0x7ff069674a90>: Failed to establish a new connection: [Errno -2] Name or service not known
elasticsearch: DEBUG: > None
urllib3.util.retry: DEBUG: Converted retries value: False -> Retry(total=False, connect=None, read=None, redirect=0, status=None)
urllib3.connectionpool: DEBUG: Starting new HTTP connection (111): elasticsearch:9200
elasticsearch: WARNING: DELETE http://elasticsearch:9200/test_cr_c97d3965-996f-4fbb-b4a7-1038423423bd [status:N/A request:0.004s]
Traceback (most recent call last):
  File "/root/.cache/pypoetry/virtualenvs/cpdbv2-backend-VA82Wl8V-py3.7/lib/python3.7/site-packages/urllib3/connection.py", line 160, in _new_conn
    (self._dns_host, self.port), self.timeout, **extra_kw
  File "/root/.cache/pypoetry/virtualenvs/cpdbv2-backend-VA82Wl8V-py3.7/lib/python3.7/site-packages/urllib3/util/connection.py", line 61, in create_connection
    for res in socket.getaddrinfo(host, port, family, socket.SOCK_STREAM):
  File "/usr/local/lib/python3.7/socket.py", line 752, in getaddrinfo
    for res in _socket.getaddrinfo(host, port, family, type, proto, flags):
socket.gaierror: [Errno -2] Name or service not known

During handling of the above exception, another exception occurred:

Traceback (most recent call last):
  File "/root/.cache/pypoetry/virtualenvs/cpdbv2-backend-VA82Wl8V-py3.7/lib/python3.7/site-packages/elasticsearch/connection/http_urllib3.py", line 115, in perform_request
    response = self.pool.urlopen(method, url, body, retries=False, headers=self.headers, **kw)
  File "/root/.cache/pypoetry/virtualenvs/cpdbv2-backend-VA82Wl8V-py3.7/lib/python3.7/site-packages/urllib3/connectionpool.py", line 727, in urlopen
    method, url, error=e, _pool=self, _stacktrace=sys.exc_info()[2]
  File "/root/.cache/pypoetry/virtualenvs/cpdbv2-backend-VA82Wl8V-py3.7/lib/python3.7/site-packages/urllib3/util/retry.py", line 386, in increment
    raise six.reraise(type(error), error, _stacktrace)
  File "/root/.cache/pypoetry/virtualenvs/cpdbv2-backend-VA82Wl8V-py3.7/lib/python3.7/site-packages/urllib3/packages/six.py", line 735, in reraise
    raise value
  File "/root/.cache/pypoetry/virtualenvs/cpdbv2-backend-VA82Wl8V-py3.7/lib/python3.7/site-packages/urllib3/connectionpool.py", line 677, in urlopen
    chunked=chunked,
  File "/root/.cache/pypoetry/virtualenvs/cpdbv2-backend-VA82Wl8V-py3.7/lib/python3.7/site-packages/urllib3/connectionpool.py", line 392, in _make_request
    conn.request(method, url, **httplib_request_kw)
  File "/usr/local/lib/python3.7/http/client.py", line 1281, in request
    self._send_request(method, url, body, headers, encode_chunked)
  File "/usr/local/lib/python3.7/http/client.py", line 1327, in _send_request
    self.endheaders(body, encode_chunked=encode_chunked)
  File "/usr/local/lib/python3.7/http/client.py", line 1276, in endheaders
    self._send_output(message_body, encode_chunked=encode_chunked)
  File "/usr/local/lib/python3.7/http/client.py", line 1036, in _send_output
    self.send(msg)
  File "/usr/local/lib/python3.7/http/client.py", line 976, in send
    self.connect()
  File "/root/.cache/pypoetry/virtualenvs/cpdbv2-backend-VA82Wl8V-py3.7/lib/python3.7/site-packages/urllib3/connection.py", line 187, in connect
    conn = self._new_conn()
  File "/root/.cache/pypoetry/virtualenvs/cpdbv2-backend-VA82Wl8V-py3.7/lib/python3.7/site-packages/urllib3/connection.py", line 172, in _new_conn
    self, "Failed to establish a new connection: %s" % e
urllib3.exceptions.NewConnectionError: <urllib3.connection.HTTPConnection object at 0x7ff069674550>: Failed to establish a new connection: [Errno -2] Name or service not known
elasticsearch: DEBUG: > None
urllib3.util.retry: DEBUG: Converted retries value: False -> Retry(total=False, connect=None, read=None, redirect=0, status=None)
urllib3.connectionpool: DEBUG: Starting new HTTP connection (112): elasticsearch:9200
elasticsearch: WARNING: DELETE http://elasticsearch:9200/test_cr_c97d3965-996f-4fbb-b4a7-1038423423bd [status:N/A request:0.004s]
Traceback (most recent call last):
  File "/root/.cache/pypoetry/virtualenvs/cpdbv2-backend-VA82Wl8V-py3.7/lib/python3.7/site-packages/urllib3/connection.py", line 160, in _new_conn
    (self._dns_host, self.port), self.timeout, **extra_kw
  File "/root/.cache/pypoetry/virtualenvs/cpdbv2-backend-VA82Wl8V-py3.7/lib/python3.7/site-packages/urllib3/util/connection.py", line 61, in create_connection
    for res in socket.getaddrinfo(host, port, family, socket.SOCK_STREAM):
  File "/usr/local/lib/python3.7/socket.py", line 752, in getaddrinfo
    for res in _socket.getaddrinfo(host, port, family, type, proto, flags):
socket.gaierror: [Errno -2] Name or service not known

During handling of the above exception, another exception occurred:

Traceback (most recent call last):
  File "/root/.cache/pypoetry/virtualenvs/cpdbv2-backend-VA82Wl8V-py3.7/lib/python3.7/site-packages/elasticsearch/connection/http_urllib3.py", line 115, in perform_request
    response = self.pool.urlopen(method, url, body, retries=False, headers=self.headers, **kw)
  File "/root/.cache/pypoetry/virtualenvs/cpdbv2-backend-VA82Wl8V-py3.7/lib/python3.7/site-packages/urllib3/connectionpool.py", line 727, in urlopen
    method, url, error=e, _pool=self, _stacktrace=sys.exc_info()[2]
  File "/root/.cache/pypoetry/virtualenvs/cpdbv2-backend-VA82Wl8V-py3.7/lib/python3.7/site-packages/urllib3/util/retry.py", line 386, in increment
    raise six.reraise(type(error), error, _stacktrace)
  File "/root/.cache/pypoetry/virtualenvs/cpdbv2-backend-VA82Wl8V-py3.7/lib/python3.7/site-packages/urllib3/packages/six.py", line 735, in reraise
    raise value
  File "/root/.cache/pypoetry/virtualenvs/cpdbv2-backend-VA82Wl8V-py3.7/lib/python3.7/site-packages/urllib3/connectionpool.py", line 677, in urlopen
    chunked=chunked,
  File "/root/.cache/pypoetry/virtualenvs/cpdbv2-backend-VA82Wl8V-py3.7/lib/python3.7/site-packages/urllib3/connectionpool.py", line 392, in _make_request
    conn.request(method, url, **httplib_request_kw)
  File "/usr/local/lib/python3.7/http/client.py", line 1281, in request
    self._send_request(method, url, body, headers, encode_chunked)
  File "/usr/local/lib/python3.7/http/client.py", line 1327, in _send_request
    self.endheaders(body, encode_chunked=encode_chunked)
  File "/usr/local/lib/python3.7/http/client.py", line 1276, in endheaders
    self._send_output(message_body, encode_chunked=encode_chunked)
  File "/usr/local/lib/python3.7/http/client.py", line 1036, in _send_output
    self.send(msg)
  File "/usr/local/lib/python3.7/http/client.py", line 976, in send
    self.connect()
  File "/root/.cache/pypoetry/virtualenvs/cpdbv2-backend-VA82Wl8V-py3.7/lib/python3.7/site-packages/urllib3/connection.py", line 187, in connect
    conn = self._new_conn()
  File "/root/.cache/pypoetry/virtualenvs/cpdbv2-backend-VA82Wl8V-py3.7/lib/python3.7/site-packages/urllib3/connection.py", line 172, in _new_conn
    self, "Failed to establish a new connection: %s" % e
urllib3.exceptions.NewConnectionError: <urllib3.connection.HTTPConnection object at 0x7ff0696749d0>: Failed to establish a new connection: [Errno -2] Name or service not known
elasticsearch: DEBUG: > None
--------------------- >> end captured logging << ---------------------

======================================================================
ERROR: test_invalid_params (cr.tests.views.test_cr_viewset_related_complaints.CRViewSetRelatedComplaintsTestCase)
----------------------------------------------------------------------
Traceback (most recent call last):
  File "/usr/src/app/cpdb/cr/tests/views/test_cr_viewset_related_complaints.py", line 21, in setUp
    super(CRViewSetRelatedComplaintsTestCase, self).setUp()
  File "/usr/src/app/cpdb/cr/tests/mixins.py", line 7, in setUp
    cr_index_alias.write_index.delete(ignore=404)
  File "/root/.cache/pypoetry/virtualenvs/cpdbv2-backend-VA82Wl8V-py3.7/lib/python3.7/site-packages/elasticsearch_dsl/index.py", line 222, in delete
    self.connection.indices.delete(index=self._name, **kwargs)
  File "/root/.cache/pypoetry/virtualenvs/cpdbv2-backend-VA82Wl8V-py3.7/lib/python3.7/site-packages/elasticsearch/client/utils.py", line 73, in _wrapped
    return func(*args, params=params, **kwargs)
  File "/root/.cache/pypoetry/virtualenvs/cpdbv2-backend-VA82Wl8V-py3.7/lib/python3.7/site-packages/elasticsearch/client/indices.py", line 200, in delete
    params=params)
  File "/root/.cache/pypoetry/virtualenvs/cpdbv2-backend-VA82Wl8V-py3.7/lib/python3.7/site-packages/elasticsearch/transport.py", line 312, in perform_request
    status, headers, data = connection.perform_request(method, url, params, body, ignore=ignore, timeout=timeout)
  File "/root/.cache/pypoetry/virtualenvs/cpdbv2-backend-VA82Wl8V-py3.7/lib/python3.7/site-packages/elasticsearch/connection/http_urllib3.py", line 124, in perform_request
    raise ConnectionError('N/A', str(e), e)
elasticsearch.exceptions.ConnectionError: ConnectionError(<urllib3.connection.HTTPConnection object at 0x7ff0694eba50>: Failed to establish a new connection: [Errno -2] Name or service not known) caused by: NewConnectionError(<urllib3.connection.HTTPConnection object at 0x7ff0694eba50>: Failed to establish a new connection: [Errno -2] Name or service not known)
-------------------- >> begin captured logging << --------------------
urllib3.util.retry: DEBUG: Converted retries value: False -> Retry(total=False, connect=None, read=None, redirect=0, status=None)
urllib3.connectionpool: DEBUG: Starting new HTTP connection (113): elasticsearch:9200
elasticsearch: WARNING: DELETE http://elasticsearch:9200/test_cr_c97d3965-996f-4fbb-b4a7-1038423423bd [status:N/A request:0.004s]
Traceback (most recent call last):
  File "/root/.cache/pypoetry/virtualenvs/cpdbv2-backend-VA82Wl8V-py3.7/lib/python3.7/site-packages/urllib3/connection.py", line 160, in _new_conn
    (self._dns_host, self.port), self.timeout, **extra_kw
  File "/root/.cache/pypoetry/virtualenvs/cpdbv2-backend-VA82Wl8V-py3.7/lib/python3.7/site-packages/urllib3/util/connection.py", line 61, in create_connection
    for res in socket.getaddrinfo(host, port, family, socket.SOCK_STREAM):
  File "/usr/local/lib/python3.7/socket.py", line 752, in getaddrinfo
    for res in _socket.getaddrinfo(host, port, family, type, proto, flags):
socket.gaierror: [Errno -2] Name or service not known

During handling of the above exception, another exception occurred:

Traceback (most recent call last):
  File "/root/.cache/pypoetry/virtualenvs/cpdbv2-backend-VA82Wl8V-py3.7/lib/python3.7/site-packages/elasticsearch/connection/http_urllib3.py", line 115, in perform_request
    response = self.pool.urlopen(method, url, body, retries=False, headers=self.headers, **kw)
  File "/root/.cache/pypoetry/virtualenvs/cpdbv2-backend-VA82Wl8V-py3.7/lib/python3.7/site-packages/urllib3/connectionpool.py", line 727, in urlopen
    method, url, error=e, _pool=self, _stacktrace=sys.exc_info()[2]
  File "/root/.cache/pypoetry/virtualenvs/cpdbv2-backend-VA82Wl8V-py3.7/lib/python3.7/site-packages/urllib3/util/retry.py", line 386, in increment
    raise six.reraise(type(error), error, _stacktrace)
  File "/root/.cache/pypoetry/virtualenvs/cpdbv2-backend-VA82Wl8V-py3.7/lib/python3.7/site-packages/urllib3/packages/six.py", line 735, in reraise
    raise value
  File "/root/.cache/pypoetry/virtualenvs/cpdbv2-backend-VA82Wl8V-py3.7/lib/python3.7/site-packages/urllib3/connectionpool.py", line 677, in urlopen
    chunked=chunked,
  File "/root/.cache/pypoetry/virtualenvs/cpdbv2-backend-VA82Wl8V-py3.7/lib/python3.7/site-packages/urllib3/connectionpool.py", line 392, in _make_request
    conn.request(method, url, **httplib_request_kw)
  File "/usr/local/lib/python3.7/http/client.py", line 1281, in request
    self._send_request(method, url, body, headers, encode_chunked)
  File "/usr/local/lib/python3.7/http/client.py", line 1327, in _send_request
    self.endheaders(body, encode_chunked=encode_chunked)
  File "/usr/local/lib/python3.7/http/client.py", line 1276, in endheaders
    self._send_output(message_body, encode_chunked=encode_chunked)
  File "/usr/local/lib/python3.7/http/client.py", line 1036, in _send_output
    self.send(msg)
  File "/usr/local/lib/python3.7/http/client.py", line 976, in send
    self.connect()
  File "/root/.cache/pypoetry/virtualenvs/cpdbv2-backend-VA82Wl8V-py3.7/lib/python3.7/site-packages/urllib3/connection.py", line 187, in connect
    conn = self._new_conn()
  File "/root/.cache/pypoetry/virtualenvs/cpdbv2-backend-VA82Wl8V-py3.7/lib/python3.7/site-packages/urllib3/connection.py", line 172, in _new_conn
    self, "Failed to establish a new connection: %s" % e
urllib3.exceptions.NewConnectionError: <urllib3.connection.HTTPConnection object at 0x7ff0694d1f90>: Failed to establish a new connection: [Errno -2] Name or service not known
elasticsearch: DEBUG: > None
urllib3.util.retry: DEBUG: Converted retries value: False -> Retry(total=False, connect=None, read=None, redirect=0, status=None)
urllib3.connectionpool: DEBUG: Starting new HTTP connection (114): elasticsearch:9200
elasticsearch: WARNING: DELETE http://elasticsearch:9200/test_cr_c97d3965-996f-4fbb-b4a7-1038423423bd [status:N/A request:0.004s]
Traceback (most recent call last):
  File "/root/.cache/pypoetry/virtualenvs/cpdbv2-backend-VA82Wl8V-py3.7/lib/python3.7/site-packages/urllib3/connection.py", line 160, in _new_conn
    (self._dns_host, self.port), self.timeout, **extra_kw
  File "/root/.cache/pypoetry/virtualenvs/cpdbv2-backend-VA82Wl8V-py3.7/lib/python3.7/site-packages/urllib3/util/connection.py", line 61, in create_connection
    for res in socket.getaddrinfo(host, port, family, socket.SOCK_STREAM):
  File "/usr/local/lib/python3.7/socket.py", line 752, in getaddrinfo
    for res in _socket.getaddrinfo(host, port, family, type, proto, flags):
socket.gaierror: [Errno -2] Name or service not known

During handling of the above exception, another exception occurred:

Traceback (most recent call last):
  File "/root/.cache/pypoetry/virtualenvs/cpdbv2-backend-VA82Wl8V-py3.7/lib/python3.7/site-packages/elasticsearch/connection/http_urllib3.py", line 115, in perform_request
    response = self.pool.urlopen(method, url, body, retries=False, headers=self.headers, **kw)
  File "/root/.cache/pypoetry/virtualenvs/cpdbv2-backend-VA82Wl8V-py3.7/lib/python3.7/site-packages/urllib3/connectionpool.py", line 727, in urlopen
    method, url, error=e, _pool=self, _stacktrace=sys.exc_info()[2]
  File "/root/.cache/pypoetry/virtualenvs/cpdbv2-backend-VA82Wl8V-py3.7/lib/python3.7/site-packages/urllib3/util/retry.py", line 386, in increment
    raise six.reraise(type(error), error, _stacktrace)
  File "/root/.cache/pypoetry/virtualenvs/cpdbv2-backend-VA82Wl8V-py3.7/lib/python3.7/site-packages/urllib3/packages/six.py", line 735, in reraise
    raise value
  File "/root/.cache/pypoetry/virtualenvs/cpdbv2-backend-VA82Wl8V-py3.7/lib/python3.7/site-packages/urllib3/connectionpool.py", line 677, in urlopen
    chunked=chunked,
  File "/root/.cache/pypoetry/virtualenvs/cpdbv2-backend-VA82Wl8V-py3.7/lib/python3.7/site-packages/urllib3/connectionpool.py", line 392, in _make_request
    conn.request(method, url, **httplib_request_kw)
  File "/usr/local/lib/python3.7/http/client.py", line 1281, in request
    self._send_request(method, url, body, headers, encode_chunked)
  File "/usr/local/lib/python3.7/http/client.py", line 1327, in _send_request
    self.endheaders(body, encode_chunked=encode_chunked)
  File "/usr/local/lib/python3.7/http/client.py", line 1276, in endheaders
    self._send_output(message_body, encode_chunked=encode_chunked)
  File "/usr/local/lib/python3.7/http/client.py", line 1036, in _send_output
    self.send(msg)
  File "/usr/local/lib/python3.7/http/client.py", line 976, in send
    self.connect()
  File "/root/.cache/pypoetry/virtualenvs/cpdbv2-backend-VA82Wl8V-py3.7/lib/python3.7/site-packages/urllib3/connection.py", line 187, in connect
    conn = self._new_conn()
  File "/root/.cache/pypoetry/virtualenvs/cpdbv2-backend-VA82Wl8V-py3.7/lib/python3.7/site-packages/urllib3/connection.py", line 172, in _new_conn
    self, "Failed to establish a new connection: %s" % e
urllib3.exceptions.NewConnectionError: <urllib3.connection.HTTPConnection object at 0x7ff0694ccad0>: Failed to establish a new connection: [Errno -2] Name or service not known
elasticsearch: DEBUG: > None
urllib3.util.retry: DEBUG: Converted retries value: False -> Retry(total=False, connect=None, read=None, redirect=0, status=None)
urllib3.connectionpool: DEBUG: Starting new HTTP connection (115): elasticsearch:9200
elasticsearch: WARNING: DELETE http://elasticsearch:9200/test_cr_c97d3965-996f-4fbb-b4a7-1038423423bd [status:N/A request:0.004s]
Traceback (most recent call last):
  File "/root/.cache/pypoetry/virtualenvs/cpdbv2-backend-VA82Wl8V-py3.7/lib/python3.7/site-packages/urllib3/connection.py", line 160, in _new_conn
    (self._dns_host, self.port), self.timeout, **extra_kw
  File "/root/.cache/pypoetry/virtualenvs/cpdbv2-backend-VA82Wl8V-py3.7/lib/python3.7/site-packages/urllib3/util/connection.py", line 61, in create_connection
    for res in socket.getaddrinfo(host, port, family, socket.SOCK_STREAM):
  File "/usr/local/lib/python3.7/socket.py", line 752, in getaddrinfo
    for res in _socket.getaddrinfo(host, port, family, type, proto, flags):
socket.gaierror: [Errno -2] Name or service not known

During handling of the above exception, another exception occurred:

Traceback (most recent call last):
  File "/root/.cache/pypoetry/virtualenvs/cpdbv2-backend-VA82Wl8V-py3.7/lib/python3.7/site-packages/elasticsearch/connection/http_urllib3.py", line 115, in perform_request
    response = self.pool.urlopen(method, url, body, retries=False, headers=self.headers, **kw)
  File "/root/.cache/pypoetry/virtualenvs/cpdbv2-backend-VA82Wl8V-py3.7/lib/python3.7/site-packages/urllib3/connectionpool.py", line 727, in urlopen
    method, url, error=e, _pool=self, _stacktrace=sys.exc_info()[2]
  File "/root/.cache/pypoetry/virtualenvs/cpdbv2-backend-VA82Wl8V-py3.7/lib/python3.7/site-packages/urllib3/util/retry.py", line 386, in increment
    raise six.reraise(type(error), error, _stacktrace)
  File "/root/.cache/pypoetry/virtualenvs/cpdbv2-backend-VA82Wl8V-py3.7/lib/python3.7/site-packages/urllib3/packages/six.py", line 735, in reraise
    raise value
  File "/root/.cache/pypoetry/virtualenvs/cpdbv2-backend-VA82Wl8V-py3.7/lib/python3.7/site-packages/urllib3/connectionpool.py", line 677, in urlopen
    chunked=chunked,
  File "/root/.cache/pypoetry/virtualenvs/cpdbv2-backend-VA82Wl8V-py3.7/lib/python3.7/site-packages/urllib3/connectionpool.py", line 392, in _make_request
    conn.request(method, url, **httplib_request_kw)
  File "/usr/local/lib/python3.7/http/client.py", line 1281, in request
    self._send_request(method, url, body, headers, encode_chunked)
  File "/usr/local/lib/python3.7/http/client.py", line 1327, in _send_request
    self.endheaders(body, encode_chunked=encode_chunked)
  File "/usr/local/lib/python3.7/http/client.py", line 1276, in endheaders
    self._send_output(message_body, encode_chunked=encode_chunked)
  File "/usr/local/lib/python3.7/http/client.py", line 1036, in _send_output
    self.send(msg)
  File "/usr/local/lib/python3.7/http/client.py", line 976, in send
    self.connect()
  File "/root/.cache/pypoetry/virtualenvs/cpdbv2-backend-VA82Wl8V-py3.7/lib/python3.7/site-packages/urllib3/connection.py", line 187, in connect
    conn = self._new_conn()
  File "/root/.cache/pypoetry/virtualenvs/cpdbv2-backend-VA82Wl8V-py3.7/lib/python3.7/site-packages/urllib3/connection.py", line 172, in _new_conn
    self, "Failed to establish a new connection: %s" % e
urllib3.exceptions.NewConnectionError: <urllib3.connection.HTTPConnection object at 0x7ff0694cc110>: Failed to establish a new connection: [Errno -2] Name or service not known
elasticsearch: DEBUG: > None
urllib3.util.retry: DEBUG: Converted retries value: False -> Retry(total=False, connect=None, read=None, redirect=0, status=None)
urllib3.connectionpool: DEBUG: Starting new HTTP connection (116): elasticsearch:9200
elasticsearch: WARNING: DELETE http://elasticsearch:9200/test_cr_c97d3965-996f-4fbb-b4a7-1038423423bd [status:N/A request:0.004s]
Traceback (most recent call last):
  File "/root/.cache/pypoetry/virtualenvs/cpdbv2-backend-VA82Wl8V-py3.7/lib/python3.7/site-packages/urllib3/connection.py", line 160, in _new_conn
    (self._dns_host, self.port), self.timeout, **extra_kw
  File "/root/.cache/pypoetry/virtualenvs/cpdbv2-backend-VA82Wl8V-py3.7/lib/python3.7/site-packages/urllib3/util/connection.py", line 61, in create_connection
    for res in socket.getaddrinfo(host, port, family, socket.SOCK_STREAM):
  File "/usr/local/lib/python3.7/socket.py", line 752, in getaddrinfo
    for res in _socket.getaddrinfo(host, port, family, type, proto, flags):
socket.gaierror: [Errno -2] Name or service not known

During handling of the above exception, another exception occurred:

Traceback (most recent call last):
  File "/root/.cache/pypoetry/virtualenvs/cpdbv2-backend-VA82Wl8V-py3.7/lib/python3.7/site-packages/elasticsearch/connection/http_urllib3.py", line 115, in perform_request
    response = self.pool.urlopen(method, url, body, retries=False, headers=self.headers, **kw)
  File "/root/.cache/pypoetry/virtualenvs/cpdbv2-backend-VA82Wl8V-py3.7/lib/python3.7/site-packages/urllib3/connectionpool.py", line 727, in urlopen
    method, url, error=e, _pool=self, _stacktrace=sys.exc_info()[2]
  File "/root/.cache/pypoetry/virtualenvs/cpdbv2-backend-VA82Wl8V-py3.7/lib/python3.7/site-packages/urllib3/util/retry.py", line 386, in increment
    raise six.reraise(type(error), error, _stacktrace)
  File "/root/.cache/pypoetry/virtualenvs/cpdbv2-backend-VA82Wl8V-py3.7/lib/python3.7/site-packages/urllib3/packages/six.py", line 735, in reraise
    raise value
  File "/root/.cache/pypoetry/virtualenvs/cpdbv2-backend-VA82Wl8V-py3.7/lib/python3.7/site-packages/urllib3/connectionpool.py", line 677, in urlopen
    chunked=chunked,
  File "/root/.cache/pypoetry/virtualenvs/cpdbv2-backend-VA82Wl8V-py3.7/lib/python3.7/site-packages/urllib3/connectionpool.py", line 392, in _make_request
    conn.request(method, url, **httplib_request_kw)
  File "/usr/local/lib/python3.7/http/client.py", line 1281, in request
    self._send_request(method, url, body, headers, encode_chunked)
  File "/usr/local/lib/python3.7/http/client.py", line 1327, in _send_request
    self.endheaders(body, encode_chunked=encode_chunked)
  File "/usr/local/lib/python3.7/http/client.py", line 1276, in endheaders
    self._send_output(message_body, encode_chunked=encode_chunked)
  File "/usr/local/lib/python3.7/http/client.py", line 1036, in _send_output
    self.send(msg)
  File "/usr/local/lib/python3.7/http/client.py", line 976, in send
    self.connect()
  File "/root/.cache/pypoetry/virtualenvs/cpdbv2-backend-VA82Wl8V-py3.7/lib/python3.7/site-packages/urllib3/connection.py", line 187, in connect
    conn = self._new_conn()
  File "/root/.cache/pypoetry/virtualenvs/cpdbv2-backend-VA82Wl8V-py3.7/lib/python3.7/site-packages/urllib3/connection.py", line 172, in _new_conn
    self, "Failed to establish a new connection: %s" % e
urllib3.exceptions.NewConnectionError: <urllib3.connection.HTTPConnection object at 0x7ff0694eba50>: Failed to establish a new connection: [Errno -2] Name or service not known
elasticsearch: DEBUG: > None
--------------------- >> end captured logging << ---------------------

======================================================================
ERROR: test_missing_params (cr.tests.views.test_cr_viewset_related_complaints.CRViewSetRelatedComplaintsTestCase)
----------------------------------------------------------------------
Traceback (most recent call last):
  File "/usr/src/app/cpdb/cr/tests/views/test_cr_viewset_related_complaints.py", line 21, in setUp
    super(CRViewSetRelatedComplaintsTestCase, self).setUp()
  File "/usr/src/app/cpdb/cr/tests/mixins.py", line 7, in setUp
    cr_index_alias.write_index.delete(ignore=404)
  File "/root/.cache/pypoetry/virtualenvs/cpdbv2-backend-VA82Wl8V-py3.7/lib/python3.7/site-packages/elasticsearch_dsl/index.py", line 222, in delete
    self.connection.indices.delete(index=self._name, **kwargs)
  File "/root/.cache/pypoetry/virtualenvs/cpdbv2-backend-VA82Wl8V-py3.7/lib/python3.7/site-packages/elasticsearch/client/utils.py", line 73, in _wrapped
    return func(*args, params=params, **kwargs)
  File "/root/.cache/pypoetry/virtualenvs/cpdbv2-backend-VA82Wl8V-py3.7/lib/python3.7/site-packages/elasticsearch/client/indices.py", line 200, in delete
    params=params)
  File "/root/.cache/pypoetry/virtualenvs/cpdbv2-backend-VA82Wl8V-py3.7/lib/python3.7/site-packages/elasticsearch/transport.py", line 312, in perform_request
    status, headers, data = connection.perform_request(method, url, params, body, ignore=ignore, timeout=timeout)
  File "/root/.cache/pypoetry/virtualenvs/cpdbv2-backend-VA82Wl8V-py3.7/lib/python3.7/site-packages/elasticsearch/connection/http_urllib3.py", line 124, in perform_request
    raise ConnectionError('N/A', str(e), e)
elasticsearch.exceptions.ConnectionError: ConnectionError(<urllib3.connection.HTTPConnection object at 0x7ff06964b750>: Failed to establish a new connection: [Errno -2] Name or service not known) caused by: NewConnectionError(<urllib3.connection.HTTPConnection object at 0x7ff06964b750>: Failed to establish a new connection: [Errno -2] Name or service not known)
-------------------- >> begin captured logging << --------------------
urllib3.util.retry: DEBUG: Converted retries value: False -> Retry(total=False, connect=None, read=None, redirect=0, status=None)
urllib3.connectionpool: DEBUG: Starting new HTTP connection (117): elasticsearch:9200
elasticsearch: WARNING: DELETE http://elasticsearch:9200/test_cr_c97d3965-996f-4fbb-b4a7-1038423423bd [status:N/A request:0.004s]
Traceback (most recent call last):
  File "/root/.cache/pypoetry/virtualenvs/cpdbv2-backend-VA82Wl8V-py3.7/lib/python3.7/site-packages/urllib3/connection.py", line 160, in _new_conn
    (self._dns_host, self.port), self.timeout, **extra_kw
  File "/root/.cache/pypoetry/virtualenvs/cpdbv2-backend-VA82Wl8V-py3.7/lib/python3.7/site-packages/urllib3/util/connection.py", line 61, in create_connection
    for res in socket.getaddrinfo(host, port, family, socket.SOCK_STREAM):
  File "/usr/local/lib/python3.7/socket.py", line 752, in getaddrinfo
    for res in _socket.getaddrinfo(host, port, family, type, proto, flags):
socket.gaierror: [Errno -2] Name or service not known

During handling of the above exception, another exception occurred:

Traceback (most recent call last):
  File "/root/.cache/pypoetry/virtualenvs/cpdbv2-backend-VA82Wl8V-py3.7/lib/python3.7/site-packages/elasticsearch/connection/http_urllib3.py", line 115, in perform_request
    response = self.pool.urlopen(method, url, body, retries=False, headers=self.headers, **kw)
  File "/root/.cache/pypoetry/virtualenvs/cpdbv2-backend-VA82Wl8V-py3.7/lib/python3.7/site-packages/urllib3/connectionpool.py", line 727, in urlopen
    method, url, error=e, _pool=self, _stacktrace=sys.exc_info()[2]
  File "/root/.cache/pypoetry/virtualenvs/cpdbv2-backend-VA82Wl8V-py3.7/lib/python3.7/site-packages/urllib3/util/retry.py", line 386, in increment
    raise six.reraise(type(error), error, _stacktrace)
  File "/root/.cache/pypoetry/virtualenvs/cpdbv2-backend-VA82Wl8V-py3.7/lib/python3.7/site-packages/urllib3/packages/six.py", line 735, in reraise
    raise value
  File "/root/.cache/pypoetry/virtualenvs/cpdbv2-backend-VA82Wl8V-py3.7/lib/python3.7/site-packages/urllib3/connectionpool.py", line 677, in urlopen
    chunked=chunked,
  File "/root/.cache/pypoetry/virtualenvs/cpdbv2-backend-VA82Wl8V-py3.7/lib/python3.7/site-packages/urllib3/connectionpool.py", line 392, in _make_request
    conn.request(method, url, **httplib_request_kw)
  File "/usr/local/lib/python3.7/http/client.py", line 1281, in request
    self._send_request(method, url, body, headers, encode_chunked)
  File "/usr/local/lib/python3.7/http/client.py", line 1327, in _send_request
    self.endheaders(body, encode_chunked=encode_chunked)
  File "/usr/local/lib/python3.7/http/client.py", line 1276, in endheaders
    self._send_output(message_body, encode_chunked=encode_chunked)
  File "/usr/local/lib/python3.7/http/client.py", line 1036, in _send_output
    self.send(msg)
  File "/usr/local/lib/python3.7/http/client.py", line 976, in send
    self.connect()
  File "/root/.cache/pypoetry/virtualenvs/cpdbv2-backend-VA82Wl8V-py3.7/lib/python3.7/site-packages/urllib3/connection.py", line 187, in connect
    conn = self._new_conn()
  File "/root/.cache/pypoetry/virtualenvs/cpdbv2-backend-VA82Wl8V-py3.7/lib/python3.7/site-packages/urllib3/connection.py", line 172, in _new_conn
    self, "Failed to establish a new connection: %s" % e
urllib3.exceptions.NewConnectionError: <urllib3.connection.HTTPConnection object at 0x7ff06964bed0>: Failed to establish a new connection: [Errno -2] Name or service not known
elasticsearch: DEBUG: > None
urllib3.util.retry: DEBUG: Converted retries value: False -> Retry(total=False, connect=None, read=None, redirect=0, status=None)
urllib3.connectionpool: DEBUG: Starting new HTTP connection (118): elasticsearch:9200
elasticsearch: WARNING: DELETE http://elasticsearch:9200/test_cr_c97d3965-996f-4fbb-b4a7-1038423423bd [status:N/A request:0.005s]
Traceback (most recent call last):
  File "/root/.cache/pypoetry/virtualenvs/cpdbv2-backend-VA82Wl8V-py3.7/lib/python3.7/site-packages/urllib3/connection.py", line 160, in _new_conn
    (self._dns_host, self.port), self.timeout, **extra_kw
  File "/root/.cache/pypoetry/virtualenvs/cpdbv2-backend-VA82Wl8V-py3.7/lib/python3.7/site-packages/urllib3/util/connection.py", line 61, in create_connection
    for res in socket.getaddrinfo(host, port, family, socket.SOCK_STREAM):
  File "/usr/local/lib/python3.7/socket.py", line 752, in getaddrinfo
    for res in _socket.getaddrinfo(host, port, family, type, proto, flags):
socket.gaierror: [Errno -2] Name or service not known

During handling of the above exception, another exception occurred:

Traceback (most recent call last):
  File "/root/.cache/pypoetry/virtualenvs/cpdbv2-backend-VA82Wl8V-py3.7/lib/python3.7/site-packages/elasticsearch/connection/http_urllib3.py", line 115, in perform_request
    response = self.pool.urlopen(method, url, body, retries=False, headers=self.headers, **kw)
  File "/root/.cache/pypoetry/virtualenvs/cpdbv2-backend-VA82Wl8V-py3.7/lib/python3.7/site-packages/urllib3/connectionpool.py", line 727, in urlopen
    method, url, error=e, _pool=self, _stacktrace=sys.exc_info()[2]
  File "/root/.cache/pypoetry/virtualenvs/cpdbv2-backend-VA82Wl8V-py3.7/lib/python3.7/site-packages/urllib3/util/retry.py", line 386, in increment
    raise six.reraise(type(error), error, _stacktrace)
  File "/root/.cache/pypoetry/virtualenvs/cpdbv2-backend-VA82Wl8V-py3.7/lib/python3.7/site-packages/urllib3/packages/six.py", line 735, in reraise
    raise value
  File "/root/.cache/pypoetry/virtualenvs/cpdbv2-backend-VA82Wl8V-py3.7/lib/python3.7/site-packages/urllib3/connectionpool.py", line 677, in urlopen
    chunked=chunked,
  File "/root/.cache/pypoetry/virtualenvs/cpdbv2-backend-VA82Wl8V-py3.7/lib/python3.7/site-packages/urllib3/connectionpool.py", line 392, in _make_request
    conn.request(method, url, **httplib_request_kw)
  File "/usr/local/lib/python3.7/http/client.py", line 1281, in request
    self._send_request(method, url, body, headers, encode_chunked)
  File "/usr/local/lib/python3.7/http/client.py", line 1327, in _send_request
    self.endheaders(body, encode_chunked=encode_chunked)
  File "/usr/local/lib/python3.7/http/client.py", line 1276, in endheaders
    self._send_output(message_body, encode_chunked=encode_chunked)
  File "/usr/local/lib/python3.7/http/client.py", line 1036, in _send_output
    self.send(msg)
  File "/usr/local/lib/python3.7/http/client.py", line 976, in send
    self.connect()
  File "/root/.cache/pypoetry/virtualenvs/cpdbv2-backend-VA82Wl8V-py3.7/lib/python3.7/site-packages/urllib3/connection.py", line 187, in connect
    conn = self._new_conn()
  File "/root/.cache/pypoetry/virtualenvs/cpdbv2-backend-VA82Wl8V-py3.7/lib/python3.7/site-packages/urllib3/connection.py", line 172, in _new_conn
    self, "Failed to establish a new connection: %s" % e
urllib3.exceptions.NewConnectionError: <urllib3.connection.HTTPConnection object at 0x7ff06964b210>: Failed to establish a new connection: [Errno -2] Name or service not known
elasticsearch: DEBUG: > None
urllib3.util.retry: DEBUG: Converted retries value: False -> Retry(total=False, connect=None, read=None, redirect=0, status=None)
urllib3.connectionpool: DEBUG: Starting new HTTP connection (119): elasticsearch:9200
elasticsearch: WARNING: DELETE http://elasticsearch:9200/test_cr_c97d3965-996f-4fbb-b4a7-1038423423bd [status:N/A request:0.005s]
Traceback (most recent call last):
  File "/root/.cache/pypoetry/virtualenvs/cpdbv2-backend-VA82Wl8V-py3.7/lib/python3.7/site-packages/urllib3/connection.py", line 160, in _new_conn
    (self._dns_host, self.port), self.timeout, **extra_kw
  File "/root/.cache/pypoetry/virtualenvs/cpdbv2-backend-VA82Wl8V-py3.7/lib/python3.7/site-packages/urllib3/util/connection.py", line 61, in create_connection
    for res in socket.getaddrinfo(host, port, family, socket.SOCK_STREAM):
  File "/usr/local/lib/python3.7/socket.py", line 752, in getaddrinfo
    for res in _socket.getaddrinfo(host, port, family, type, proto, flags):
socket.gaierror: [Errno -2] Name or service not known

During handling of the above exception, another exception occurred:

Traceback (most recent call last):
  File "/root/.cache/pypoetry/virtualenvs/cpdbv2-backend-VA82Wl8V-py3.7/lib/python3.7/site-packages/elasticsearch/connection/http_urllib3.py", line 115, in perform_request
    response = self.pool.urlopen(method, url, body, retries=False, headers=self.headers, **kw)
  File "/root/.cache/pypoetry/virtualenvs/cpdbv2-backend-VA82Wl8V-py3.7/lib/python3.7/site-packages/urllib3/connectionpool.py", line 727, in urlopen
    method, url, error=e, _pool=self, _stacktrace=sys.exc_info()[2]
  File "/root/.cache/pypoetry/virtualenvs/cpdbv2-backend-VA82Wl8V-py3.7/lib/python3.7/site-packages/urllib3/util/retry.py", line 386, in increment
    raise six.reraise(type(error), error, _stacktrace)
  File "/root/.cache/pypoetry/virtualenvs/cpdbv2-backend-VA82Wl8V-py3.7/lib/python3.7/site-packages/urllib3/packages/six.py", line 735, in reraise
    raise value
  File "/root/.cache/pypoetry/virtualenvs/cpdbv2-backend-VA82Wl8V-py3.7/lib/python3.7/site-packages/urllib3/connectionpool.py", line 677, in urlopen
    chunked=chunked,
  File "/root/.cache/pypoetry/virtualenvs/cpdbv2-backend-VA82Wl8V-py3.7/lib/python3.7/site-packages/urllib3/connectionpool.py", line 392, in _make_request
    conn.request(method, url, **httplib_request_kw)
  File "/usr/local/lib/python3.7/http/client.py", line 1281, in request
    self._send_request(method, url, body, headers, encode_chunked)
  File "/usr/local/lib/python3.7/http/client.py", line 1327, in _send_request
    self.endheaders(body, encode_chunked=encode_chunked)
  File "/usr/local/lib/python3.7/http/client.py", line 1276, in endheaders
    self._send_output(message_body, encode_chunked=encode_chunked)
  File "/usr/local/lib/python3.7/http/client.py", line 1036, in _send_output
    self.send(msg)
  File "/usr/local/lib/python3.7/http/client.py", line 976, in send
    self.connect()
  File "/root/.cache/pypoetry/virtualenvs/cpdbv2-backend-VA82Wl8V-py3.7/lib/python3.7/site-packages/urllib3/connection.py", line 187, in connect
    conn = self._new_conn()
  File "/root/.cache/pypoetry/virtualenvs/cpdbv2-backend-VA82Wl8V-py3.7/lib/python3.7/site-packages/urllib3/connection.py", line 172, in _new_conn
    self, "Failed to establish a new connection: %s" % e
urllib3.exceptions.NewConnectionError: <urllib3.connection.HTTPConnection object at 0x7ff06964b610>: Failed to establish a new connection: [Errno -2] Name or service not known
elasticsearch: DEBUG: > None
urllib3.util.retry: DEBUG: Converted retries value: False -> Retry(total=False, connect=None, read=None, redirect=0, status=None)
urllib3.connectionpool: DEBUG: Starting new HTTP connection (120): elasticsearch:9200
elasticsearch: WARNING: DELETE http://elasticsearch:9200/test_cr_c97d3965-996f-4fbb-b4a7-1038423423bd [status:N/A request:0.005s]
Traceback (most recent call last):
  File "/root/.cache/pypoetry/virtualenvs/cpdbv2-backend-VA82Wl8V-py3.7/lib/python3.7/site-packages/urllib3/connection.py", line 160, in _new_conn
    (self._dns_host, self.port), self.timeout, **extra_kw
  File "/root/.cache/pypoetry/virtualenvs/cpdbv2-backend-VA82Wl8V-py3.7/lib/python3.7/site-packages/urllib3/util/connection.py", line 61, in create_connection
    for res in socket.getaddrinfo(host, port, family, socket.SOCK_STREAM):
  File "/usr/local/lib/python3.7/socket.py", line 752, in getaddrinfo
    for res in _socket.getaddrinfo(host, port, family, type, proto, flags):
socket.gaierror: [Errno -2] Name or service not known

During handling of the above exception, another exception occurred:

Traceback (most recent call last):
  File "/root/.cache/pypoetry/virtualenvs/cpdbv2-backend-VA82Wl8V-py3.7/lib/python3.7/site-packages/elasticsearch/connection/http_urllib3.py", line 115, in perform_request
    response = self.pool.urlopen(method, url, body, retries=False, headers=self.headers, **kw)
  File "/root/.cache/pypoetry/virtualenvs/cpdbv2-backend-VA82Wl8V-py3.7/lib/python3.7/site-packages/urllib3/connectionpool.py", line 727, in urlopen
    method, url, error=e, _pool=self, _stacktrace=sys.exc_info()[2]
  File "/root/.cache/pypoetry/virtualenvs/cpdbv2-backend-VA82Wl8V-py3.7/lib/python3.7/site-packages/urllib3/util/retry.py", line 386, in increment
    raise six.reraise(type(error), error, _stacktrace)
  File "/root/.cache/pypoetry/virtualenvs/cpdbv2-backend-VA82Wl8V-py3.7/lib/python3.7/site-packages/urllib3/packages/six.py", line 735, in reraise
    raise value
  File "/root/.cache/pypoetry/virtualenvs/cpdbv2-backend-VA82Wl8V-py3.7/lib/python3.7/site-packages/urllib3/connectionpool.py", line 677, in urlopen
    chunked=chunked,
  File "/root/.cache/pypoetry/virtualenvs/cpdbv2-backend-VA82Wl8V-py3.7/lib/python3.7/site-packages/urllib3/connectionpool.py", line 392, in _make_request
    conn.request(method, url, **httplib_request_kw)
  File "/usr/local/lib/python3.7/http/client.py", line 1281, in request
    self._send_request(method, url, body, headers, encode_chunked)
  File "/usr/local/lib/python3.7/http/client.py", line 1327, in _send_request
    self.endheaders(body, encode_chunked=encode_chunked)
  File "/usr/local/lib/python3.7/http/client.py", line 1276, in endheaders
    self._send_output(message_body, encode_chunked=encode_chunked)
  File "/usr/local/lib/python3.7/http/client.py", line 1036, in _send_output
    self.send(msg)
  File "/usr/local/lib/python3.7/http/client.py", line 976, in send
    self.connect()
  File "/root/.cache/pypoetry/virtualenvs/cpdbv2-backend-VA82Wl8V-py3.7/lib/python3.7/site-packages/urllib3/connection.py", line 187, in connect
    conn = self._new_conn()
  File "/root/.cache/pypoetry/virtualenvs/cpdbv2-backend-VA82Wl8V-py3.7/lib/python3.7/site-packages/urllib3/connection.py", line 172, in _new_conn
    self, "Failed to establish a new connection: %s" % e
urllib3.exceptions.NewConnectionError: <urllib3.connection.HTTPConnection object at 0x7ff06964b750>: Failed to establish a new connection: [Errno -2] Name or service not known
elasticsearch: DEBUG: > None
--------------------- >> end captured logging << ---------------------

======================================================================
ERROR: test_query_matching_allegation_with_same_categories (cr.tests.views.test_cr_viewset_related_complaints.CRViewSetRelatedComplaintsTestCase)
----------------------------------------------------------------------
Traceback (most recent call last):
  File "/usr/src/app/cpdb/cr/tests/views/test_cr_viewset_related_complaints.py", line 21, in setUp
    super(CRViewSetRelatedComplaintsTestCase, self).setUp()
  File "/usr/src/app/cpdb/cr/tests/mixins.py", line 7, in setUp
    cr_index_alias.write_index.delete(ignore=404)
  File "/root/.cache/pypoetry/virtualenvs/cpdbv2-backend-VA82Wl8V-py3.7/lib/python3.7/site-packages/elasticsearch_dsl/index.py", line 222, in delete
    self.connection.indices.delete(index=self._name, **kwargs)
  File "/root/.cache/pypoetry/virtualenvs/cpdbv2-backend-VA82Wl8V-py3.7/lib/python3.7/site-packages/elasticsearch/client/utils.py", line 73, in _wrapped
    return func(*args, params=params, **kwargs)
  File "/root/.cache/pypoetry/virtualenvs/cpdbv2-backend-VA82Wl8V-py3.7/lib/python3.7/site-packages/elasticsearch/client/indices.py", line 200, in delete
    params=params)
  File "/root/.cache/pypoetry/virtualenvs/cpdbv2-backend-VA82Wl8V-py3.7/lib/python3.7/site-packages/elasticsearch/transport.py", line 312, in perform_request
    status, headers, data = connection.perform_request(method, url, params, body, ignore=ignore, timeout=timeout)
  File "/root/.cache/pypoetry/virtualenvs/cpdbv2-backend-VA82Wl8V-py3.7/lib/python3.7/site-packages/elasticsearch/connection/http_urllib3.py", line 124, in perform_request
    raise ConnectionError('N/A', str(e), e)
elasticsearch.exceptions.ConnectionError: ConnectionError(<urllib3.connection.HTTPConnection object at 0x7ff069674410>: Failed to establish a new connection: [Errno -2] Name or service not known) caused by: NewConnectionError(<urllib3.connection.HTTPConnection object at 0x7ff069674410>: Failed to establish a new connection: [Errno -2] Name or service not known)
-------------------- >> begin captured logging << --------------------
urllib3.util.retry: DEBUG: Converted retries value: False -> Retry(total=False, connect=None, read=None, redirect=0, status=None)
urllib3.connectionpool: DEBUG: Starting new HTTP connection (121): elasticsearch:9200
elasticsearch: WARNING: DELETE http://elasticsearch:9200/test_cr_c97d3965-996f-4fbb-b4a7-1038423423bd [status:N/A request:0.004s]
Traceback (most recent call last):
  File "/root/.cache/pypoetry/virtualenvs/cpdbv2-backend-VA82Wl8V-py3.7/lib/python3.7/site-packages/urllib3/connection.py", line 160, in _new_conn
    (self._dns_host, self.port), self.timeout, **extra_kw
  File "/root/.cache/pypoetry/virtualenvs/cpdbv2-backend-VA82Wl8V-py3.7/lib/python3.7/site-packages/urllib3/util/connection.py", line 61, in create_connection
    for res in socket.getaddrinfo(host, port, family, socket.SOCK_STREAM):
  File "/usr/local/lib/python3.7/socket.py", line 752, in getaddrinfo
    for res in _socket.getaddrinfo(host, port, family, type, proto, flags):
socket.gaierror: [Errno -2] Name or service not known

During handling of the above exception, another exception occurred:

Traceback (most recent call last):
  File "/root/.cache/pypoetry/virtualenvs/cpdbv2-backend-VA82Wl8V-py3.7/lib/python3.7/site-packages/elasticsearch/connection/http_urllib3.py", line 115, in perform_request
    response = self.pool.urlopen(method, url, body, retries=False, headers=self.headers, **kw)
  File "/root/.cache/pypoetry/virtualenvs/cpdbv2-backend-VA82Wl8V-py3.7/lib/python3.7/site-packages/urllib3/connectionpool.py", line 727, in urlopen
    method, url, error=e, _pool=self, _stacktrace=sys.exc_info()[2]
  File "/root/.cache/pypoetry/virtualenvs/cpdbv2-backend-VA82Wl8V-py3.7/lib/python3.7/site-packages/urllib3/util/retry.py", line 386, in increment
    raise six.reraise(type(error), error, _stacktrace)
  File "/root/.cache/pypoetry/virtualenvs/cpdbv2-backend-VA82Wl8V-py3.7/lib/python3.7/site-packages/urllib3/packages/six.py", line 735, in reraise
    raise value
  File "/root/.cache/pypoetry/virtualenvs/cpdbv2-backend-VA82Wl8V-py3.7/lib/python3.7/site-packages/urllib3/connectionpool.py", line 677, in urlopen
    chunked=chunked,
  File "/root/.cache/pypoetry/virtualenvs/cpdbv2-backend-VA82Wl8V-py3.7/lib/python3.7/site-packages/urllib3/connectionpool.py", line 392, in _make_request
    conn.request(method, url, **httplib_request_kw)
  File "/usr/local/lib/python3.7/http/client.py", line 1281, in request
    self._send_request(method, url, body, headers, encode_chunked)
  File "/usr/local/lib/python3.7/http/client.py", line 1327, in _send_request
    self.endheaders(body, encode_chunked=encode_chunked)
  File "/usr/local/lib/python3.7/http/client.py", line 1276, in endheaders
    self._send_output(message_body, encode_chunked=encode_chunked)
  File "/usr/local/lib/python3.7/http/client.py", line 1036, in _send_output
    self.send(msg)
  File "/usr/local/lib/python3.7/http/client.py", line 976, in send
    self.connect()
  File "/root/.cache/pypoetry/virtualenvs/cpdbv2-backend-VA82Wl8V-py3.7/lib/python3.7/site-packages/urllib3/connection.py", line 187, in connect
    conn = self._new_conn()
  File "/root/.cache/pypoetry/virtualenvs/cpdbv2-backend-VA82Wl8V-py3.7/lib/python3.7/site-packages/urllib3/connection.py", line 172, in _new_conn
    self, "Failed to establish a new connection: %s" % e
urllib3.exceptions.NewConnectionError: <urllib3.connection.HTTPConnection object at 0x7ff0694cc110>: Failed to establish a new connection: [Errno -2] Name or service not known
elasticsearch: DEBUG: > None
urllib3.util.retry: DEBUG: Converted retries value: False -> Retry(total=False, connect=None, read=None, redirect=0, status=None)
urllib3.connectionpool: DEBUG: Starting new HTTP connection (122): elasticsearch:9200
elasticsearch: WARNING: DELETE http://elasticsearch:9200/test_cr_c97d3965-996f-4fbb-b4a7-1038423423bd [status:N/A request:0.004s]
Traceback (most recent call last):
  File "/root/.cache/pypoetry/virtualenvs/cpdbv2-backend-VA82Wl8V-py3.7/lib/python3.7/site-packages/urllib3/connection.py", line 160, in _new_conn
    (self._dns_host, self.port), self.timeout, **extra_kw
  File "/root/.cache/pypoetry/virtualenvs/cpdbv2-backend-VA82Wl8V-py3.7/lib/python3.7/site-packages/urllib3/util/connection.py", line 61, in create_connection
    for res in socket.getaddrinfo(host, port, family, socket.SOCK_STREAM):
  File "/usr/local/lib/python3.7/socket.py", line 752, in getaddrinfo
    for res in _socket.getaddrinfo(host, port, family, type, proto, flags):
socket.gaierror: [Errno -2] Name or service not known

During handling of the above exception, another exception occurred:

Traceback (most recent call last):
  File "/root/.cache/pypoetry/virtualenvs/cpdbv2-backend-VA82Wl8V-py3.7/lib/python3.7/site-packages/elasticsearch/connection/http_urllib3.py", line 115, in perform_request
    response = self.pool.urlopen(method, url, body, retries=False, headers=self.headers, **kw)
  File "/root/.cache/pypoetry/virtualenvs/cpdbv2-backend-VA82Wl8V-py3.7/lib/python3.7/site-packages/urllib3/connectionpool.py", line 727, in urlopen
    method, url, error=e, _pool=self, _stacktrace=sys.exc_info()[2]
  File "/root/.cache/pypoetry/virtualenvs/cpdbv2-backend-VA82Wl8V-py3.7/lib/python3.7/site-packages/urllib3/util/retry.py", line 386, in increment
    raise six.reraise(type(error), error, _stacktrace)
  File "/root/.cache/pypoetry/virtualenvs/cpdbv2-backend-VA82Wl8V-py3.7/lib/python3.7/site-packages/urllib3/packages/six.py", line 735, in reraise
    raise value
  File "/root/.cache/pypoetry/virtualenvs/cpdbv2-backend-VA82Wl8V-py3.7/lib/python3.7/site-packages/urllib3/connectionpool.py", line 677, in urlopen
    chunked=chunked,
  File "/root/.cache/pypoetry/virtualenvs/cpdbv2-backend-VA82Wl8V-py3.7/lib/python3.7/site-packages/urllib3/connectionpool.py", line 392, in _make_request
    conn.request(method, url, **httplib_request_kw)
  File "/usr/local/lib/python3.7/http/client.py", line 1281, in request
    self._send_request(method, url, body, headers, encode_chunked)
  File "/usr/local/lib/python3.7/http/client.py", line 1327, in _send_request
    self.endheaders(body, encode_chunked=encode_chunked)
  File "/usr/local/lib/python3.7/http/client.py", line 1276, in endheaders
    self._send_output(message_body, encode_chunked=encode_chunked)
  File "/usr/local/lib/python3.7/http/client.py", line 1036, in _send_output
    self.send(msg)
  File "/usr/local/lib/python3.7/http/client.py", line 976, in send
    self.connect()
  File "/root/.cache/pypoetry/virtualenvs/cpdbv2-backend-VA82Wl8V-py3.7/lib/python3.7/site-packages/urllib3/connection.py", line 187, in connect
    conn = self._new_conn()
  File "/root/.cache/pypoetry/virtualenvs/cpdbv2-backend-VA82Wl8V-py3.7/lib/python3.7/site-packages/urllib3/connection.py", line 172, in _new_conn
    self, "Failed to establish a new connection: %s" % e
urllib3.exceptions.NewConnectionError: <urllib3.connection.HTTPConnection object at 0x7ff0694cc850>: Failed to establish a new connection: [Errno -2] Name or service not known
elasticsearch: DEBUG: > None
urllib3.util.retry: DEBUG: Converted retries value: False -> Retry(total=False, connect=None, read=None, redirect=0, status=None)
urllib3.connectionpool: DEBUG: Starting new HTTP connection (123): elasticsearch:9200
elasticsearch: WARNING: DELETE http://elasticsearch:9200/test_cr_c97d3965-996f-4fbb-b4a7-1038423423bd [status:N/A request:0.005s]
Traceback (most recent call last):
  File "/root/.cache/pypoetry/virtualenvs/cpdbv2-backend-VA82Wl8V-py3.7/lib/python3.7/site-packages/urllib3/connection.py", line 160, in _new_conn
    (self._dns_host, self.port), self.timeout, **extra_kw
  File "/root/.cache/pypoetry/virtualenvs/cpdbv2-backend-VA82Wl8V-py3.7/lib/python3.7/site-packages/urllib3/util/connection.py", line 61, in create_connection
    for res in socket.getaddrinfo(host, port, family, socket.SOCK_STREAM):
  File "/usr/local/lib/python3.7/socket.py", line 752, in getaddrinfo
    for res in _socket.getaddrinfo(host, port, family, type, proto, flags):
socket.gaierror: [Errno -2] Name or service not known

During handling of the above exception, another exception occurred:

Traceback (most recent call last):
  File "/root/.cache/pypoetry/virtualenvs/cpdbv2-backend-VA82Wl8V-py3.7/lib/python3.7/site-packages/elasticsearch/connection/http_urllib3.py", line 115, in perform_request
    response = self.pool.urlopen(method, url, body, retries=False, headers=self.headers, **kw)
  File "/root/.cache/pypoetry/virtualenvs/cpdbv2-backend-VA82Wl8V-py3.7/lib/python3.7/site-packages/urllib3/connectionpool.py", line 727, in urlopen
    method, url, error=e, _pool=self, _stacktrace=sys.exc_info()[2]
  File "/root/.cache/pypoetry/virtualenvs/cpdbv2-backend-VA82Wl8V-py3.7/lib/python3.7/site-packages/urllib3/util/retry.py", line 386, in increment
    raise six.reraise(type(error), error, _stacktrace)
  File "/root/.cache/pypoetry/virtualenvs/cpdbv2-backend-VA82Wl8V-py3.7/lib/python3.7/site-packages/urllib3/packages/six.py", line 735, in reraise
    raise value
  File "/root/.cache/pypoetry/virtualenvs/cpdbv2-backend-VA82Wl8V-py3.7/lib/python3.7/site-packages/urllib3/connectionpool.py", line 677, in urlopen
    chunked=chunked,
  File "/root/.cache/pypoetry/virtualenvs/cpdbv2-backend-VA82Wl8V-py3.7/lib/python3.7/site-packages/urllib3/connectionpool.py", line 392, in _make_request
    conn.request(method, url, **httplib_request_kw)
  File "/usr/local/lib/python3.7/http/client.py", line 1281, in request
    self._send_request(method, url, body, headers, encode_chunked)
  File "/usr/local/lib/python3.7/http/client.py", line 1327, in _send_request
    self.endheaders(body, encode_chunked=encode_chunked)
  File "/usr/local/lib/python3.7/http/client.py", line 1276, in endheaders
    self._send_output(message_body, encode_chunked=encode_chunked)
  File "/usr/local/lib/python3.7/http/client.py", line 1036, in _send_output
    self.send(msg)
  File "/usr/local/lib/python3.7/http/client.py", line 976, in send
    self.connect()
  File "/root/.cache/pypoetry/virtualenvs/cpdbv2-backend-VA82Wl8V-py3.7/lib/python3.7/site-packages/urllib3/connection.py", line 187, in connect
    conn = self._new_conn()
  File "/root/.cache/pypoetry/virtualenvs/cpdbv2-backend-VA82Wl8V-py3.7/lib/python3.7/site-packages/urllib3/connection.py", line 172, in _new_conn
    self, "Failed to establish a new connection: %s" % e
urllib3.exceptions.NewConnectionError: <urllib3.connection.HTTPConnection object at 0x7ff0694cc6d0>: Failed to establish a new connection: [Errno -2] Name or service not known
elasticsearch: DEBUG: > None
urllib3.util.retry: DEBUG: Converted retries value: False -> Retry(total=False, connect=None, read=None, redirect=0, status=None)
urllib3.connectionpool: DEBUG: Starting new HTTP connection (124): elasticsearch:9200
elasticsearch: WARNING: DELETE http://elasticsearch:9200/test_cr_c97d3965-996f-4fbb-b4a7-1038423423bd [status:N/A request:0.005s]
Traceback (most recent call last):
  File "/root/.cache/pypoetry/virtualenvs/cpdbv2-backend-VA82Wl8V-py3.7/lib/python3.7/site-packages/urllib3/connection.py", line 160, in _new_conn
    (self._dns_host, self.port), self.timeout, **extra_kw
  File "/root/.cache/pypoetry/virtualenvs/cpdbv2-backend-VA82Wl8V-py3.7/lib/python3.7/site-packages/urllib3/util/connection.py", line 61, in create_connection
    for res in socket.getaddrinfo(host, port, family, socket.SOCK_STREAM):
  File "/usr/local/lib/python3.7/socket.py", line 752, in getaddrinfo
    for res in _socket.getaddrinfo(host, port, family, type, proto, flags):
socket.gaierror: [Errno -2] Name or service not known

During handling of the above exception, another exception occurred:

Traceback (most recent call last):
  File "/root/.cache/pypoetry/virtualenvs/cpdbv2-backend-VA82Wl8V-py3.7/lib/python3.7/site-packages/elasticsearch/connection/http_urllib3.py", line 115, in perform_request
    response = self.pool.urlopen(method, url, body, retries=False, headers=self.headers, **kw)
  File "/root/.cache/pypoetry/virtualenvs/cpdbv2-backend-VA82Wl8V-py3.7/lib/python3.7/site-packages/urllib3/connectionpool.py", line 727, in urlopen
    method, url, error=e, _pool=self, _stacktrace=sys.exc_info()[2]
  File "/root/.cache/pypoetry/virtualenvs/cpdbv2-backend-VA82Wl8V-py3.7/lib/python3.7/site-packages/urllib3/util/retry.py", line 386, in increment
    raise six.reraise(type(error), error, _stacktrace)
  File "/root/.cache/pypoetry/virtualenvs/cpdbv2-backend-VA82Wl8V-py3.7/lib/python3.7/site-packages/urllib3/packages/six.py", line 735, in reraise
    raise value
  File "/root/.cache/pypoetry/virtualenvs/cpdbv2-backend-VA82Wl8V-py3.7/lib/python3.7/site-packages/urllib3/connectionpool.py", line 677, in urlopen
    chunked=chunked,
  File "/root/.cache/pypoetry/virtualenvs/cpdbv2-backend-VA82Wl8V-py3.7/lib/python3.7/site-packages/urllib3/connectionpool.py", line 392, in _make_request
    conn.request(method, url, **httplib_request_kw)
  File "/usr/local/lib/python3.7/http/client.py", line 1281, in request
    self._send_request(method, url, body, headers, encode_chunked)
  File "/usr/local/lib/python3.7/http/client.py", line 1327, in _send_request
    self.endheaders(body, encode_chunked=encode_chunked)
  File "/usr/local/lib/python3.7/http/client.py", line 1276, in endheaders
    self._send_output(message_body, encode_chunked=encode_chunked)
  File "/usr/local/lib/python3.7/http/client.py", line 1036, in _send_output
    self.send(msg)
  File "/usr/local/lib/python3.7/http/client.py", line 976, in send
    self.connect()
  File "/root/.cache/pypoetry/virtualenvs/cpdbv2-backend-VA82Wl8V-py3.7/lib/python3.7/site-packages/urllib3/connection.py", line 187, in connect
    conn = self._new_conn()
  File "/root/.cache/pypoetry/virtualenvs/cpdbv2-backend-VA82Wl8V-py3.7/lib/python3.7/site-packages/urllib3/connection.py", line 172, in _new_conn
    self, "Failed to establish a new connection: %s" % e
urllib3.exceptions.NewConnectionError: <urllib3.connection.HTTPConnection object at 0x7ff069674410>: Failed to establish a new connection: [Errno -2] Name or service not known
elasticsearch: DEBUG: > None
--------------------- >> end captured logging << ---------------------

======================================================================
ERROR: test_query_matching_allegation_with_same_officers (cr.tests.views.test_cr_viewset_related_complaints.CRViewSetRelatedComplaintsTestCase)
----------------------------------------------------------------------
Traceback (most recent call last):
  File "/usr/src/app/cpdb/cr/tests/views/test_cr_viewset_related_complaints.py", line 21, in setUp
    super(CRViewSetRelatedComplaintsTestCase, self).setUp()
  File "/usr/src/app/cpdb/cr/tests/mixins.py", line 7, in setUp
    cr_index_alias.write_index.delete(ignore=404)
  File "/root/.cache/pypoetry/virtualenvs/cpdbv2-backend-VA82Wl8V-py3.7/lib/python3.7/site-packages/elasticsearch_dsl/index.py", line 222, in delete
    self.connection.indices.delete(index=self._name, **kwargs)
  File "/root/.cache/pypoetry/virtualenvs/cpdbv2-backend-VA82Wl8V-py3.7/lib/python3.7/site-packages/elasticsearch/client/utils.py", line 73, in _wrapped
    return func(*args, params=params, **kwargs)
  File "/root/.cache/pypoetry/virtualenvs/cpdbv2-backend-VA82Wl8V-py3.7/lib/python3.7/site-packages/elasticsearch/client/indices.py", line 200, in delete
    params=params)
  File "/root/.cache/pypoetry/virtualenvs/cpdbv2-backend-VA82Wl8V-py3.7/lib/python3.7/site-packages/elasticsearch/transport.py", line 312, in perform_request
    status, headers, data = connection.perform_request(method, url, params, body, ignore=ignore, timeout=timeout)
  File "/root/.cache/pypoetry/virtualenvs/cpdbv2-backend-VA82Wl8V-py3.7/lib/python3.7/site-packages/elasticsearch/connection/http_urllib3.py", line 124, in perform_request
    raise ConnectionError('N/A', str(e), e)
elasticsearch.exceptions.ConnectionError: ConnectionError(<urllib3.connection.HTTPConnection object at 0x7ff06963afd0>: Failed to establish a new connection: [Errno -2] Name or service not known) caused by: NewConnectionError(<urllib3.connection.HTTPConnection object at 0x7ff06963afd0>: Failed to establish a new connection: [Errno -2] Name or service not known)
-------------------- >> begin captured logging << --------------------
urllib3.util.retry: DEBUG: Converted retries value: False -> Retry(total=False, connect=None, read=None, redirect=0, status=None)
urllib3.connectionpool: DEBUG: Starting new HTTP connection (125): elasticsearch:9200
elasticsearch: WARNING: DELETE http://elasticsearch:9200/test_cr_c97d3965-996f-4fbb-b4a7-1038423423bd [status:N/A request:0.004s]
Traceback (most recent call last):
  File "/root/.cache/pypoetry/virtualenvs/cpdbv2-backend-VA82Wl8V-py3.7/lib/python3.7/site-packages/urllib3/connection.py", line 160, in _new_conn
    (self._dns_host, self.port), self.timeout, **extra_kw
  File "/root/.cache/pypoetry/virtualenvs/cpdbv2-backend-VA82Wl8V-py3.7/lib/python3.7/site-packages/urllib3/util/connection.py", line 61, in create_connection
    for res in socket.getaddrinfo(host, port, family, socket.SOCK_STREAM):
  File "/usr/local/lib/python3.7/socket.py", line 752, in getaddrinfo
    for res in _socket.getaddrinfo(host, port, family, type, proto, flags):
socket.gaierror: [Errno -2] Name or service not known

During handling of the above exception, another exception occurred:

Traceback (most recent call last):
  File "/root/.cache/pypoetry/virtualenvs/cpdbv2-backend-VA82Wl8V-py3.7/lib/python3.7/site-packages/elasticsearch/connection/http_urllib3.py", line 115, in perform_request
    response = self.pool.urlopen(method, url, body, retries=False, headers=self.headers, **kw)
  File "/root/.cache/pypoetry/virtualenvs/cpdbv2-backend-VA82Wl8V-py3.7/lib/python3.7/site-packages/urllib3/connectionpool.py", line 727, in urlopen
    method, url, error=e, _pool=self, _stacktrace=sys.exc_info()[2]
  File "/root/.cache/pypoetry/virtualenvs/cpdbv2-backend-VA82Wl8V-py3.7/lib/python3.7/site-packages/urllib3/util/retry.py", line 386, in increment
    raise six.reraise(type(error), error, _stacktrace)
  File "/root/.cache/pypoetry/virtualenvs/cpdbv2-backend-VA82Wl8V-py3.7/lib/python3.7/site-packages/urllib3/packages/six.py", line 735, in reraise
    raise value
  File "/root/.cache/pypoetry/virtualenvs/cpdbv2-backend-VA82Wl8V-py3.7/lib/python3.7/site-packages/urllib3/connectionpool.py", line 677, in urlopen
    chunked=chunked,
  File "/root/.cache/pypoetry/virtualenvs/cpdbv2-backend-VA82Wl8V-py3.7/lib/python3.7/site-packages/urllib3/connectionpool.py", line 392, in _make_request
    conn.request(method, url, **httplib_request_kw)
  File "/usr/local/lib/python3.7/http/client.py", line 1281, in request
    self._send_request(method, url, body, headers, encode_chunked)
  File "/usr/local/lib/python3.7/http/client.py", line 1327, in _send_request
    self.endheaders(body, encode_chunked=encode_chunked)
  File "/usr/local/lib/python3.7/http/client.py", line 1276, in endheaders
    self._send_output(message_body, encode_chunked=encode_chunked)
  File "/usr/local/lib/python3.7/http/client.py", line 1036, in _send_output
    self.send(msg)
  File "/usr/local/lib/python3.7/http/client.py", line 976, in send
    self.connect()
  File "/root/.cache/pypoetry/virtualenvs/cpdbv2-backend-VA82Wl8V-py3.7/lib/python3.7/site-packages/urllib3/connection.py", line 187, in connect
    conn = self._new_conn()
  File "/root/.cache/pypoetry/virtualenvs/cpdbv2-backend-VA82Wl8V-py3.7/lib/python3.7/site-packages/urllib3/connection.py", line 172, in _new_conn
    self, "Failed to establish a new connection: %s" % e
urllib3.exceptions.NewConnectionError: <urllib3.connection.HTTPConnection object at 0x7ff069674f10>: Failed to establish a new connection: [Errno -2] Name or service not known
elasticsearch: DEBUG: > None
urllib3.util.retry: DEBUG: Converted retries value: False -> Retry(total=False, connect=None, read=None, redirect=0, status=None)
urllib3.connectionpool: DEBUG: Starting new HTTP connection (126): elasticsearch:9200
elasticsearch: WARNING: DELETE http://elasticsearch:9200/test_cr_c97d3965-996f-4fbb-b4a7-1038423423bd [status:N/A request:0.007s]
Traceback (most recent call last):
  File "/root/.cache/pypoetry/virtualenvs/cpdbv2-backend-VA82Wl8V-py3.7/lib/python3.7/site-packages/urllib3/connection.py", line 160, in _new_conn
    (self._dns_host, self.port), self.timeout, **extra_kw
  File "/root/.cache/pypoetry/virtualenvs/cpdbv2-backend-VA82Wl8V-py3.7/lib/python3.7/site-packages/urllib3/util/connection.py", line 61, in create_connection
    for res in socket.getaddrinfo(host, port, family, socket.SOCK_STREAM):
  File "/usr/local/lib/python3.7/socket.py", line 752, in getaddrinfo
    for res in _socket.getaddrinfo(host, port, family, type, proto, flags):
socket.gaierror: [Errno -2] Name or service not known

During handling of the above exception, another exception occurred:

Traceback (most recent call last):
  File "/root/.cache/pypoetry/virtualenvs/cpdbv2-backend-VA82Wl8V-py3.7/lib/python3.7/site-packages/elasticsearch/connection/http_urllib3.py", line 115, in perform_request
    response = self.pool.urlopen(method, url, body, retries=False, headers=self.headers, **kw)
  File "/root/.cache/pypoetry/virtualenvs/cpdbv2-backend-VA82Wl8V-py3.7/lib/python3.7/site-packages/urllib3/connectionpool.py", line 727, in urlopen
    method, url, error=e, _pool=self, _stacktrace=sys.exc_info()[2]
  File "/root/.cache/pypoetry/virtualenvs/cpdbv2-backend-VA82Wl8V-py3.7/lib/python3.7/site-packages/urllib3/util/retry.py", line 386, in increment
    raise six.reraise(type(error), error, _stacktrace)
  File "/root/.cache/pypoetry/virtualenvs/cpdbv2-backend-VA82Wl8V-py3.7/lib/python3.7/site-packages/urllib3/packages/six.py", line 735, in reraise
    raise value
  File "/root/.cache/pypoetry/virtualenvs/cpdbv2-backend-VA82Wl8V-py3.7/lib/python3.7/site-packages/urllib3/connectionpool.py", line 677, in urlopen
    chunked=chunked,
  File "/root/.cache/pypoetry/virtualenvs/cpdbv2-backend-VA82Wl8V-py3.7/lib/python3.7/site-packages/urllib3/connectionpool.py", line 392, in _make_request
    conn.request(method, url, **httplib_request_kw)
  File "/usr/local/lib/python3.7/http/client.py", line 1281, in request
    self._send_request(method, url, body, headers, encode_chunked)
  File "/usr/local/lib/python3.7/http/client.py", line 1327, in _send_request
    self.endheaders(body, encode_chunked=encode_chunked)
  File "/usr/local/lib/python3.7/http/client.py", line 1276, in endheaders
    self._send_output(message_body, encode_chunked=encode_chunked)
  File "/usr/local/lib/python3.7/http/client.py", line 1036, in _send_output
    self.send(msg)
  File "/usr/local/lib/python3.7/http/client.py", line 976, in send
    self.connect()
  File "/root/.cache/pypoetry/virtualenvs/cpdbv2-backend-VA82Wl8V-py3.7/lib/python3.7/site-packages/urllib3/connection.py", line 187, in connect
    conn = self._new_conn()
  File "/root/.cache/pypoetry/virtualenvs/cpdbv2-backend-VA82Wl8V-py3.7/lib/python3.7/site-packages/urllib3/connection.py", line 172, in _new_conn
    self, "Failed to establish a new connection: %s" % e
urllib3.exceptions.NewConnectionError: <urllib3.connection.HTTPConnection object at 0x7ff0696748d0>: Failed to establish a new connection: [Errno -2] Name or service not known
elasticsearch: DEBUG: > None
urllib3.util.retry: DEBUG: Converted retries value: False -> Retry(total=False, connect=None, read=None, redirect=0, status=None)
urllib3.connectionpool: DEBUG: Starting new HTTP connection (127): elasticsearch:9200
elasticsearch: WARNING: DELETE http://elasticsearch:9200/test_cr_c97d3965-996f-4fbb-b4a7-1038423423bd [status:N/A request:0.005s]
Traceback (most recent call last):
  File "/root/.cache/pypoetry/virtualenvs/cpdbv2-backend-VA82Wl8V-py3.7/lib/python3.7/site-packages/urllib3/connection.py", line 160, in _new_conn
    (self._dns_host, self.port), self.timeout, **extra_kw
  File "/root/.cache/pypoetry/virtualenvs/cpdbv2-backend-VA82Wl8V-py3.7/lib/python3.7/site-packages/urllib3/util/connection.py", line 61, in create_connection
    for res in socket.getaddrinfo(host, port, family, socket.SOCK_STREAM):
  File "/usr/local/lib/python3.7/socket.py", line 752, in getaddrinfo
    for res in _socket.getaddrinfo(host, port, family, type, proto, flags):
socket.gaierror: [Errno -2] Name or service not known

During handling of the above exception, another exception occurred:

Traceback (most recent call last):
  File "/root/.cache/pypoetry/virtualenvs/cpdbv2-backend-VA82Wl8V-py3.7/lib/python3.7/site-packages/elasticsearch/connection/http_urllib3.py", line 115, in perform_request
    response = self.pool.urlopen(method, url, body, retries=False, headers=self.headers, **kw)
  File "/root/.cache/pypoetry/virtualenvs/cpdbv2-backend-VA82Wl8V-py3.7/lib/python3.7/site-packages/urllib3/connectionpool.py", line 727, in urlopen
    method, url, error=e, _pool=self, _stacktrace=sys.exc_info()[2]
  File "/root/.cache/pypoetry/virtualenvs/cpdbv2-backend-VA82Wl8V-py3.7/lib/python3.7/site-packages/urllib3/util/retry.py", line 386, in increment
    raise six.reraise(type(error), error, _stacktrace)
  File "/root/.cache/pypoetry/virtualenvs/cpdbv2-backend-VA82Wl8V-py3.7/lib/python3.7/site-packages/urllib3/packages/six.py", line 735, in reraise
    raise value
  File "/root/.cache/pypoetry/virtualenvs/cpdbv2-backend-VA82Wl8V-py3.7/lib/python3.7/site-packages/urllib3/connectionpool.py", line 677, in urlopen
    chunked=chunked,
  File "/root/.cache/pypoetry/virtualenvs/cpdbv2-backend-VA82Wl8V-py3.7/lib/python3.7/site-packages/urllib3/connectionpool.py", line 392, in _make_request
    conn.request(method, url, **httplib_request_kw)
  File "/usr/local/lib/python3.7/http/client.py", line 1281, in request
    self._send_request(method, url, body, headers, encode_chunked)
  File "/usr/local/lib/python3.7/http/client.py", line 1327, in _send_request
    self.endheaders(body, encode_chunked=encode_chunked)
  File "/usr/local/lib/python3.7/http/client.py", line 1276, in endheaders
    self._send_output(message_body, encode_chunked=encode_chunked)
  File "/usr/local/lib/python3.7/http/client.py", line 1036, in _send_output
    self.send(msg)
  File "/usr/local/lib/python3.7/http/client.py", line 976, in send
    self.connect()
  File "/root/.cache/pypoetry/virtualenvs/cpdbv2-backend-VA82Wl8V-py3.7/lib/python3.7/site-packages/urllib3/connection.py", line 187, in connect
    conn = self._new_conn()
  File "/root/.cache/pypoetry/virtualenvs/cpdbv2-backend-VA82Wl8V-py3.7/lib/python3.7/site-packages/urllib3/connection.py", line 172, in _new_conn
    self, "Failed to establish a new connection: %s" % e
urllib3.exceptions.NewConnectionError: <urllib3.connection.HTTPConnection object at 0x7ff069674290>: Failed to establish a new connection: [Errno -2] Name or service not known
elasticsearch: DEBUG: > None
urllib3.util.retry: DEBUG: Converted retries value: False -> Retry(total=False, connect=None, read=None, redirect=0, status=None)
urllib3.connectionpool: DEBUG: Starting new HTTP connection (128): elasticsearch:9200
elasticsearch: WARNING: DELETE http://elasticsearch:9200/test_cr_c97d3965-996f-4fbb-b4a7-1038423423bd [status:N/A request:0.004s]
Traceback (most recent call last):
  File "/root/.cache/pypoetry/virtualenvs/cpdbv2-backend-VA82Wl8V-py3.7/lib/python3.7/site-packages/urllib3/connection.py", line 160, in _new_conn
    (self._dns_host, self.port), self.timeout, **extra_kw
  File "/root/.cache/pypoetry/virtualenvs/cpdbv2-backend-VA82Wl8V-py3.7/lib/python3.7/site-packages/urllib3/util/connection.py", line 61, in create_connection
    for res in socket.getaddrinfo(host, port, family, socket.SOCK_STREAM):
  File "/usr/local/lib/python3.7/socket.py", line 752, in getaddrinfo
    for res in _socket.getaddrinfo(host, port, family, type, proto, flags):
socket.gaierror: [Errno -2] Name or service not known

During handling of the above exception, another exception occurred:

Traceback (most recent call last):
  File "/root/.cache/pypoetry/virtualenvs/cpdbv2-backend-VA82Wl8V-py3.7/lib/python3.7/site-packages/elasticsearch/connection/http_urllib3.py", line 115, in perform_request
    response = self.pool.urlopen(method, url, body, retries=False, headers=self.headers, **kw)
  File "/root/.cache/pypoetry/virtualenvs/cpdbv2-backend-VA82Wl8V-py3.7/lib/python3.7/site-packages/urllib3/connectionpool.py", line 727, in urlopen
    method, url, error=e, _pool=self, _stacktrace=sys.exc_info()[2]
  File "/root/.cache/pypoetry/virtualenvs/cpdbv2-backend-VA82Wl8V-py3.7/lib/python3.7/site-packages/urllib3/util/retry.py", line 386, in increment
    raise six.reraise(type(error), error, _stacktrace)
  File "/root/.cache/pypoetry/virtualenvs/cpdbv2-backend-VA82Wl8V-py3.7/lib/python3.7/site-packages/urllib3/packages/six.py", line 735, in reraise
    raise value
  File "/root/.cache/pypoetry/virtualenvs/cpdbv2-backend-VA82Wl8V-py3.7/lib/python3.7/site-packages/urllib3/connectionpool.py", line 677, in urlopen
    chunked=chunked,
  File "/root/.cache/pypoetry/virtualenvs/cpdbv2-backend-VA82Wl8V-py3.7/lib/python3.7/site-packages/urllib3/connectionpool.py", line 392, in _make_request
    conn.request(method, url, **httplib_request_kw)
  File "/usr/local/lib/python3.7/http/client.py", line 1281, in request
    self._send_request(method, url, body, headers, encode_chunked)
  File "/usr/local/lib/python3.7/http/client.py", line 1327, in _send_request
    self.endheaders(body, encode_chunked=encode_chunked)
  File "/usr/local/lib/python3.7/http/client.py", line 1276, in endheaders
    self._send_output(message_body, encode_chunked=encode_chunked)
  File "/usr/local/lib/python3.7/http/client.py", line 1036, in _send_output
    self.send(msg)
  File "/usr/local/lib/python3.7/http/client.py", line 976, in send
    self.connect()
  File "/root/.cache/pypoetry/virtualenvs/cpdbv2-backend-VA82Wl8V-py3.7/lib/python3.7/site-packages/urllib3/connection.py", line 187, in connect
    conn = self._new_conn()
  File "/root/.cache/pypoetry/virtualenvs/cpdbv2-backend-VA82Wl8V-py3.7/lib/python3.7/site-packages/urllib3/connection.py", line 172, in _new_conn
    self, "Failed to establish a new connection: %s" % e
urllib3.exceptions.NewConnectionError: <urllib3.connection.HTTPConnection object at 0x7ff06963afd0>: Failed to establish a new connection: [Errno -2] Name or service not known
elasticsearch: DEBUG: > None
--------------------- >> end captured logging << ---------------------

======================================================================
ERROR: test_query_not_matching_allegation_too_far_away (cr.tests.views.test_cr_viewset_related_complaints.CRViewSetRelatedComplaintsTestCase)
----------------------------------------------------------------------
Traceback (most recent call last):
  File "/usr/src/app/cpdb/cr/tests/views/test_cr_viewset_related_complaints.py", line 21, in setUp
    super(CRViewSetRelatedComplaintsTestCase, self).setUp()
  File "/usr/src/app/cpdb/cr/tests/mixins.py", line 7, in setUp
    cr_index_alias.write_index.delete(ignore=404)
  File "/root/.cache/pypoetry/virtualenvs/cpdbv2-backend-VA82Wl8V-py3.7/lib/python3.7/site-packages/elasticsearch_dsl/index.py", line 222, in delete
    self.connection.indices.delete(index=self._name, **kwargs)
  File "/root/.cache/pypoetry/virtualenvs/cpdbv2-backend-VA82Wl8V-py3.7/lib/python3.7/site-packages/elasticsearch/client/utils.py", line 73, in _wrapped
    return func(*args, params=params, **kwargs)
  File "/root/.cache/pypoetry/virtualenvs/cpdbv2-backend-VA82Wl8V-py3.7/lib/python3.7/site-packages/elasticsearch/client/indices.py", line 200, in delete
    params=params)
  File "/root/.cache/pypoetry/virtualenvs/cpdbv2-backend-VA82Wl8V-py3.7/lib/python3.7/site-packages/elasticsearch/transport.py", line 312, in perform_request
    status, headers, data = connection.perform_request(method, url, params, body, ignore=ignore, timeout=timeout)
  File "/root/.cache/pypoetry/virtualenvs/cpdbv2-backend-VA82Wl8V-py3.7/lib/python3.7/site-packages/elasticsearch/connection/http_urllib3.py", line 124, in perform_request
    raise ConnectionError('N/A', str(e), e)
elasticsearch.exceptions.ConnectionError: ConnectionError(<urllib3.connection.HTTPConnection object at 0x7ff06964b9d0>: Failed to establish a new connection: [Errno -2] Name or service not known) caused by: NewConnectionError(<urllib3.connection.HTTPConnection object at 0x7ff06964b9d0>: Failed to establish a new connection: [Errno -2] Name or service not known)
-------------------- >> begin captured logging << --------------------
urllib3.util.retry: DEBUG: Converted retries value: False -> Retry(total=False, connect=None, read=None, redirect=0, status=None)
urllib3.connectionpool: DEBUG: Starting new HTTP connection (129): elasticsearch:9200
elasticsearch: WARNING: DELETE http://elasticsearch:9200/test_cr_c97d3965-996f-4fbb-b4a7-1038423423bd [status:N/A request:0.004s]
Traceback (most recent call last):
  File "/root/.cache/pypoetry/virtualenvs/cpdbv2-backend-VA82Wl8V-py3.7/lib/python3.7/site-packages/urllib3/connection.py", line 160, in _new_conn
    (self._dns_host, self.port), self.timeout, **extra_kw
  File "/root/.cache/pypoetry/virtualenvs/cpdbv2-backend-VA82Wl8V-py3.7/lib/python3.7/site-packages/urllib3/util/connection.py", line 61, in create_connection
    for res in socket.getaddrinfo(host, port, family, socket.SOCK_STREAM):
  File "/usr/local/lib/python3.7/socket.py", line 752, in getaddrinfo
    for res in _socket.getaddrinfo(host, port, family, type, proto, flags):
socket.gaierror: [Errno -2] Name or service not known

During handling of the above exception, another exception occurred:

Traceback (most recent call last):
  File "/root/.cache/pypoetry/virtualenvs/cpdbv2-backend-VA82Wl8V-py3.7/lib/python3.7/site-packages/elasticsearch/connection/http_urllib3.py", line 115, in perform_request
    response = self.pool.urlopen(method, url, body, retries=False, headers=self.headers, **kw)
  File "/root/.cache/pypoetry/virtualenvs/cpdbv2-backend-VA82Wl8V-py3.7/lib/python3.7/site-packages/urllib3/connectionpool.py", line 727, in urlopen
    method, url, error=e, _pool=self, _stacktrace=sys.exc_info()[2]
  File "/root/.cache/pypoetry/virtualenvs/cpdbv2-backend-VA82Wl8V-py3.7/lib/python3.7/site-packages/urllib3/util/retry.py", line 386, in increment
    raise six.reraise(type(error), error, _stacktrace)
  File "/root/.cache/pypoetry/virtualenvs/cpdbv2-backend-VA82Wl8V-py3.7/lib/python3.7/site-packages/urllib3/packages/six.py", line 735, in reraise
    raise value
  File "/root/.cache/pypoetry/virtualenvs/cpdbv2-backend-VA82Wl8V-py3.7/lib/python3.7/site-packages/urllib3/connectionpool.py", line 677, in urlopen
    chunked=chunked,
  File "/root/.cache/pypoetry/virtualenvs/cpdbv2-backend-VA82Wl8V-py3.7/lib/python3.7/site-packages/urllib3/connectionpool.py", line 392, in _make_request
    conn.request(method, url, **httplib_request_kw)
  File "/usr/local/lib/python3.7/http/client.py", line 1281, in request
    self._send_request(method, url, body, headers, encode_chunked)
  File "/usr/local/lib/python3.7/http/client.py", line 1327, in _send_request
    self.endheaders(body, encode_chunked=encode_chunked)
  File "/usr/local/lib/python3.7/http/client.py", line 1276, in endheaders
    self._send_output(message_body, encode_chunked=encode_chunked)
  File "/usr/local/lib/python3.7/http/client.py", line 1036, in _send_output
    self.send(msg)
  File "/usr/local/lib/python3.7/http/client.py", line 976, in send
    self.connect()
  File "/root/.cache/pypoetry/virtualenvs/cpdbv2-backend-VA82Wl8V-py3.7/lib/python3.7/site-packages/urllib3/connection.py", line 187, in connect
    conn = self._new_conn()
  File "/root/.cache/pypoetry/virtualenvs/cpdbv2-backend-VA82Wl8V-py3.7/lib/python3.7/site-packages/urllib3/connection.py", line 172, in _new_conn
    self, "Failed to establish a new connection: %s" % e
urllib3.exceptions.NewConnectionError: <urllib3.connection.HTTPConnection object at 0x7ff06963aa10>: Failed to establish a new connection: [Errno -2] Name or service not known
elasticsearch: DEBUG: > None
urllib3.util.retry: DEBUG: Converted retries value: False -> Retry(total=False, connect=None, read=None, redirect=0, status=None)
urllib3.connectionpool: DEBUG: Starting new HTTP connection (130): elasticsearch:9200
elasticsearch: WARNING: DELETE http://elasticsearch:9200/test_cr_c97d3965-996f-4fbb-b4a7-1038423423bd [status:N/A request:0.004s]
Traceback (most recent call last):
  File "/root/.cache/pypoetry/virtualenvs/cpdbv2-backend-VA82Wl8V-py3.7/lib/python3.7/site-packages/urllib3/connection.py", line 160, in _new_conn
    (self._dns_host, self.port), self.timeout, **extra_kw
  File "/root/.cache/pypoetry/virtualenvs/cpdbv2-backend-VA82Wl8V-py3.7/lib/python3.7/site-packages/urllib3/util/connection.py", line 61, in create_connection
    for res in socket.getaddrinfo(host, port, family, socket.SOCK_STREAM):
  File "/usr/local/lib/python3.7/socket.py", line 752, in getaddrinfo
    for res in _socket.getaddrinfo(host, port, family, type, proto, flags):
socket.gaierror: [Errno -2] Name or service not known

During handling of the above exception, another exception occurred:

Traceback (most recent call last):
  File "/root/.cache/pypoetry/virtualenvs/cpdbv2-backend-VA82Wl8V-py3.7/lib/python3.7/site-packages/elasticsearch/connection/http_urllib3.py", line 115, in perform_request
    response = self.pool.urlopen(method, url, body, retries=False, headers=self.headers, **kw)
  File "/root/.cache/pypoetry/virtualenvs/cpdbv2-backend-VA82Wl8V-py3.7/lib/python3.7/site-packages/urllib3/connectionpool.py", line 727, in urlopen
    method, url, error=e, _pool=self, _stacktrace=sys.exc_info()[2]
  File "/root/.cache/pypoetry/virtualenvs/cpdbv2-backend-VA82Wl8V-py3.7/lib/python3.7/site-packages/urllib3/util/retry.py", line 386, in increment
    raise six.reraise(type(error), error, _stacktrace)
  File "/root/.cache/pypoetry/virtualenvs/cpdbv2-backend-VA82Wl8V-py3.7/lib/python3.7/site-packages/urllib3/packages/six.py", line 735, in reraise
    raise value
  File "/root/.cache/pypoetry/virtualenvs/cpdbv2-backend-VA82Wl8V-py3.7/lib/python3.7/site-packages/urllib3/connectionpool.py", line 677, in urlopen
    chunked=chunked,
  File "/root/.cache/pypoetry/virtualenvs/cpdbv2-backend-VA82Wl8V-py3.7/lib/python3.7/site-packages/urllib3/connectionpool.py", line 392, in _make_request
    conn.request(method, url, **httplib_request_kw)
  File "/usr/local/lib/python3.7/http/client.py", line 1281, in request
    self._send_request(method, url, body, headers, encode_chunked)
  File "/usr/local/lib/python3.7/http/client.py", line 1327, in _send_request
    self.endheaders(body, encode_chunked=encode_chunked)
  File "/usr/local/lib/python3.7/http/client.py", line 1276, in endheaders
    self._send_output(message_body, encode_chunked=encode_chunked)
  File "/usr/local/lib/python3.7/http/client.py", line 1036, in _send_output
    self.send(msg)
  File "/usr/local/lib/python3.7/http/client.py", line 976, in send
    self.connect()
  File "/root/.cache/pypoetry/virtualenvs/cpdbv2-backend-VA82Wl8V-py3.7/lib/python3.7/site-packages/urllib3/connection.py", line 187, in connect
    conn = self._new_conn()
  File "/root/.cache/pypoetry/virtualenvs/cpdbv2-backend-VA82Wl8V-py3.7/lib/python3.7/site-packages/urllib3/connection.py", line 172, in _new_conn
    self, "Failed to establish a new connection: %s" % e
urllib3.exceptions.NewConnectionError: <urllib3.connection.HTTPConnection object at 0x7ff06963a850>: Failed to establish a new connection: [Errno -2] Name or service not known
elasticsearch: DEBUG: > None
urllib3.util.retry: DEBUG: Converted retries value: False -> Retry(total=False, connect=None, read=None, redirect=0, status=None)
urllib3.connectionpool: DEBUG: Starting new HTTP connection (131): elasticsearch:9200
elasticsearch: WARNING: DELETE http://elasticsearch:9200/test_cr_c97d3965-996f-4fbb-b4a7-1038423423bd [status:N/A request:0.004s]
Traceback (most recent call last):
  File "/root/.cache/pypoetry/virtualenvs/cpdbv2-backend-VA82Wl8V-py3.7/lib/python3.7/site-packages/urllib3/connection.py", line 160, in _new_conn
    (self._dns_host, self.port), self.timeout, **extra_kw
  File "/root/.cache/pypoetry/virtualenvs/cpdbv2-backend-VA82Wl8V-py3.7/lib/python3.7/site-packages/urllib3/util/connection.py", line 61, in create_connection
    for res in socket.getaddrinfo(host, port, family, socket.SOCK_STREAM):
  File "/usr/local/lib/python3.7/socket.py", line 752, in getaddrinfo
    for res in _socket.getaddrinfo(host, port, family, type, proto, flags):
socket.gaierror: [Errno -2] Name or service not known

During handling of the above exception, another exception occurred:

Traceback (most recent call last):
  File "/root/.cache/pypoetry/virtualenvs/cpdbv2-backend-VA82Wl8V-py3.7/lib/python3.7/site-packages/elasticsearch/connection/http_urllib3.py", line 115, in perform_request
    response = self.pool.urlopen(method, url, body, retries=False, headers=self.headers, **kw)
  File "/root/.cache/pypoetry/virtualenvs/cpdbv2-backend-VA82Wl8V-py3.7/lib/python3.7/site-packages/urllib3/connectionpool.py", line 727, in urlopen
    method, url, error=e, _pool=self, _stacktrace=sys.exc_info()[2]
  File "/root/.cache/pypoetry/virtualenvs/cpdbv2-backend-VA82Wl8V-py3.7/lib/python3.7/site-packages/urllib3/util/retry.py", line 386, in increment
    raise six.reraise(type(error), error, _stacktrace)
  File "/root/.cache/pypoetry/virtualenvs/cpdbv2-backend-VA82Wl8V-py3.7/lib/python3.7/site-packages/urllib3/packages/six.py", line 735, in reraise
    raise value
  File "/root/.cache/pypoetry/virtualenvs/cpdbv2-backend-VA82Wl8V-py3.7/lib/python3.7/site-packages/urllib3/connectionpool.py", line 677, in urlopen
    chunked=chunked,
  File "/root/.cache/pypoetry/virtualenvs/cpdbv2-backend-VA82Wl8V-py3.7/lib/python3.7/site-packages/urllib3/connectionpool.py", line 392, in _make_request
    conn.request(method, url, **httplib_request_kw)
  File "/usr/local/lib/python3.7/http/client.py", line 1281, in request
    self._send_request(method, url, body, headers, encode_chunked)
  File "/usr/local/lib/python3.7/http/client.py", line 1327, in _send_request
    self.endheaders(body, encode_chunked=encode_chunked)
  File "/usr/local/lib/python3.7/http/client.py", line 1276, in endheaders
    self._send_output(message_body, encode_chunked=encode_chunked)
  File "/usr/local/lib/python3.7/http/client.py", line 1036, in _send_output
    self.send(msg)
  File "/usr/local/lib/python3.7/http/client.py", line 976, in send
    self.connect()
  File "/root/.cache/pypoetry/virtualenvs/cpdbv2-backend-VA82Wl8V-py3.7/lib/python3.7/site-packages/urllib3/connection.py", line 187, in connect
    conn = self._new_conn()
  File "/root/.cache/pypoetry/virtualenvs/cpdbv2-backend-VA82Wl8V-py3.7/lib/python3.7/site-packages/urllib3/connection.py", line 172, in _new_conn
    self, "Failed to establish a new connection: %s" % e
urllib3.exceptions.NewConnectionError: <urllib3.connection.HTTPConnection object at 0x7ff06964bbd0>: Failed to establish a new connection: [Errno -2] Name or service not known
elasticsearch: DEBUG: > None
urllib3.util.retry: DEBUG: Converted retries value: False -> Retry(total=False, connect=None, read=None, redirect=0, status=None)
urllib3.connectionpool: DEBUG: Starting new HTTP connection (132): elasticsearch:9200
elasticsearch: WARNING: DELETE http://elasticsearch:9200/test_cr_c97d3965-996f-4fbb-b4a7-1038423423bd [status:N/A request:0.004s]
Traceback (most recent call last):
  File "/root/.cache/pypoetry/virtualenvs/cpdbv2-backend-VA82Wl8V-py3.7/lib/python3.7/site-packages/urllib3/connection.py", line 160, in _new_conn
    (self._dns_host, self.port), self.timeout, **extra_kw
  File "/root/.cache/pypoetry/virtualenvs/cpdbv2-backend-VA82Wl8V-py3.7/lib/python3.7/site-packages/urllib3/util/connection.py", line 61, in create_connection
    for res in socket.getaddrinfo(host, port, family, socket.SOCK_STREAM):
  File "/usr/local/lib/python3.7/socket.py", line 752, in getaddrinfo
    for res in _socket.getaddrinfo(host, port, family, type, proto, flags):
socket.gaierror: [Errno -2] Name or service not known

During handling of the above exception, another exception occurred:

Traceback (most recent call last):
  File "/root/.cache/pypoetry/virtualenvs/cpdbv2-backend-VA82Wl8V-py3.7/lib/python3.7/site-packages/elasticsearch/connection/http_urllib3.py", line 115, in perform_request
    response = self.pool.urlopen(method, url, body, retries=False, headers=self.headers, **kw)
  File "/root/.cache/pypoetry/virtualenvs/cpdbv2-backend-VA82Wl8V-py3.7/lib/python3.7/site-packages/urllib3/connectionpool.py", line 727, in urlopen
    method, url, error=e, _pool=self, _stacktrace=sys.exc_info()[2]
  File "/root/.cache/pypoetry/virtualenvs/cpdbv2-backend-VA82Wl8V-py3.7/lib/python3.7/site-packages/urllib3/util/retry.py", line 386, in increment
    raise six.reraise(type(error), error, _stacktrace)
  File "/root/.cache/pypoetry/virtualenvs/cpdbv2-backend-VA82Wl8V-py3.7/lib/python3.7/site-packages/urllib3/packages/six.py", line 735, in reraise
    raise value
  File "/root/.cache/pypoetry/virtualenvs/cpdbv2-backend-VA82Wl8V-py3.7/lib/python3.7/site-packages/urllib3/connectionpool.py", line 677, in urlopen
    chunked=chunked,
  File "/root/.cache/pypoetry/virtualenvs/cpdbv2-backend-VA82Wl8V-py3.7/lib/python3.7/site-packages/urllib3/connectionpool.py", line 392, in _make_request
    conn.request(method, url, **httplib_request_kw)
  File "/usr/local/lib/python3.7/http/client.py", line 1281, in request
    self._send_request(method, url, body, headers, encode_chunked)
  File "/usr/local/lib/python3.7/http/client.py", line 1327, in _send_request
    self.endheaders(body, encode_chunked=encode_chunked)
  File "/usr/local/lib/python3.7/http/client.py", line 1276, in endheaders
    self._send_output(message_body, encode_chunked=encode_chunked)
  File "/usr/local/lib/python3.7/http/client.py", line 1036, in _send_output
    self.send(msg)
  File "/usr/local/lib/python3.7/http/client.py", line 976, in send
    self.connect()
  File "/root/.cache/pypoetry/virtualenvs/cpdbv2-backend-VA82Wl8V-py3.7/lib/python3.7/site-packages/urllib3/connection.py", line 187, in connect
    conn = self._new_conn()
  File "/root/.cache/pypoetry/virtualenvs/cpdbv2-backend-VA82Wl8V-py3.7/lib/python3.7/site-packages/urllib3/connection.py", line 172, in _new_conn
    self, "Failed to establish a new connection: %s" % e
urllib3.exceptions.NewConnectionError: <urllib3.connection.HTTPConnection object at 0x7ff06964b9d0>: Failed to establish a new connection: [Errno -2] Name or service not known
elasticsearch: DEBUG: > None
--------------------- >> end captured logging << ---------------------

======================================================================
ERROR: test_return_correct_response (cr.tests.views.test_cr_viewset_related_complaints.CRViewSetRelatedComplaintsTestCase)
----------------------------------------------------------------------
Traceback (most recent call last):
  File "/usr/src/app/cpdb/cr/tests/views/test_cr_viewset_related_complaints.py", line 21, in setUp
    super(CRViewSetRelatedComplaintsTestCase, self).setUp()
  File "/usr/src/app/cpdb/cr/tests/mixins.py", line 7, in setUp
    cr_index_alias.write_index.delete(ignore=404)
  File "/root/.cache/pypoetry/virtualenvs/cpdbv2-backend-VA82Wl8V-py3.7/lib/python3.7/site-packages/elasticsearch_dsl/index.py", line 222, in delete
    self.connection.indices.delete(index=self._name, **kwargs)
  File "/root/.cache/pypoetry/virtualenvs/cpdbv2-backend-VA82Wl8V-py3.7/lib/python3.7/site-packages/elasticsearch/client/utils.py", line 73, in _wrapped
    return func(*args, params=params, **kwargs)
  File "/root/.cache/pypoetry/virtualenvs/cpdbv2-backend-VA82Wl8V-py3.7/lib/python3.7/site-packages/elasticsearch/client/indices.py", line 200, in delete
    params=params)
  File "/root/.cache/pypoetry/virtualenvs/cpdbv2-backend-VA82Wl8V-py3.7/lib/python3.7/site-packages/elasticsearch/transport.py", line 312, in perform_request
    status, headers, data = connection.perform_request(method, url, params, body, ignore=ignore, timeout=timeout)
  File "/root/.cache/pypoetry/virtualenvs/cpdbv2-backend-VA82Wl8V-py3.7/lib/python3.7/site-packages/elasticsearch/connection/http_urllib3.py", line 124, in perform_request
    raise ConnectionError('N/A', str(e), e)
elasticsearch.exceptions.ConnectionError: ConnectionError(<urllib3.connection.HTTPConnection object at 0x7ff0694eee10>: Failed to establish a new connection: [Errno -2] Name or service not known) caused by: NewConnectionError(<urllib3.connection.HTTPConnection object at 0x7ff0694eee10>: Failed to establish a new connection: [Errno -2] Name or service not known)
-------------------- >> begin captured logging << --------------------
urllib3.util.retry: DEBUG: Converted retries value: False -> Retry(total=False, connect=None, read=None, redirect=0, status=None)
urllib3.connectionpool: DEBUG: Starting new HTTP connection (133): elasticsearch:9200
elasticsearch: WARNING: DELETE http://elasticsearch:9200/test_cr_c97d3965-996f-4fbb-b4a7-1038423423bd [status:N/A request:0.004s]
Traceback (most recent call last):
  File "/root/.cache/pypoetry/virtualenvs/cpdbv2-backend-VA82Wl8V-py3.7/lib/python3.7/site-packages/urllib3/connection.py", line 160, in _new_conn
    (self._dns_host, self.port), self.timeout, **extra_kw
  File "/root/.cache/pypoetry/virtualenvs/cpdbv2-backend-VA82Wl8V-py3.7/lib/python3.7/site-packages/urllib3/util/connection.py", line 61, in create_connection
    for res in socket.getaddrinfo(host, port, family, socket.SOCK_STREAM):
  File "/usr/local/lib/python3.7/socket.py", line 752, in getaddrinfo
    for res in _socket.getaddrinfo(host, port, family, type, proto, flags):
socket.gaierror: [Errno -2] Name or service not known

During handling of the above exception, another exception occurred:

Traceback (most recent call last):
  File "/root/.cache/pypoetry/virtualenvs/cpdbv2-backend-VA82Wl8V-py3.7/lib/python3.7/site-packages/elasticsearch/connection/http_urllib3.py", line 115, in perform_request
    response = self.pool.urlopen(method, url, body, retries=False, headers=self.headers, **kw)
  File "/root/.cache/pypoetry/virtualenvs/cpdbv2-backend-VA82Wl8V-py3.7/lib/python3.7/site-packages/urllib3/connectionpool.py", line 727, in urlopen
    method, url, error=e, _pool=self, _stacktrace=sys.exc_info()[2]
  File "/root/.cache/pypoetry/virtualenvs/cpdbv2-backend-VA82Wl8V-py3.7/lib/python3.7/site-packages/urllib3/util/retry.py", line 386, in increment
    raise six.reraise(type(error), error, _stacktrace)
  File "/root/.cache/pypoetry/virtualenvs/cpdbv2-backend-VA82Wl8V-py3.7/lib/python3.7/site-packages/urllib3/packages/six.py", line 735, in reraise
    raise value
  File "/root/.cache/pypoetry/virtualenvs/cpdbv2-backend-VA82Wl8V-py3.7/lib/python3.7/site-packages/urllib3/connectionpool.py", line 677, in urlopen
    chunked=chunked,
  File "/root/.cache/pypoetry/virtualenvs/cpdbv2-backend-VA82Wl8V-py3.7/lib/python3.7/site-packages/urllib3/connectionpool.py", line 392, in _make_request
    conn.request(method, url, **httplib_request_kw)
  File "/usr/local/lib/python3.7/http/client.py", line 1281, in request
    self._send_request(method, url, body, headers, encode_chunked)
  File "/usr/local/lib/python3.7/http/client.py", line 1327, in _send_request
    self.endheaders(body, encode_chunked=encode_chunked)
  File "/usr/local/lib/python3.7/http/client.py", line 1276, in endheaders
    self._send_output(message_body, encode_chunked=encode_chunked)
  File "/usr/local/lib/python3.7/http/client.py", line 1036, in _send_output
    self.send(msg)
  File "/usr/local/lib/python3.7/http/client.py", line 976, in send
    self.connect()
  File "/root/.cache/pypoetry/virtualenvs/cpdbv2-backend-VA82Wl8V-py3.7/lib/python3.7/site-packages/urllib3/connection.py", line 187, in connect
    conn = self._new_conn()
  File "/root/.cache/pypoetry/virtualenvs/cpdbv2-backend-VA82Wl8V-py3.7/lib/python3.7/site-packages/urllib3/connection.py", line 172, in _new_conn
    self, "Failed to establish a new connection: %s" % e
urllib3.exceptions.NewConnectionError: <urllib3.connection.HTTPConnection object at 0x7ff06964bf90>: Failed to establish a new connection: [Errno -2] Name or service not known
elasticsearch: DEBUG: > None
urllib3.util.retry: DEBUG: Converted retries value: False -> Retry(total=False, connect=None, read=None, redirect=0, status=None)
urllib3.connectionpool: DEBUG: Starting new HTTP connection (134): elasticsearch:9200
elasticsearch: WARNING: DELETE http://elasticsearch:9200/test_cr_c97d3965-996f-4fbb-b4a7-1038423423bd [status:N/A request:0.004s]
Traceback (most recent call last):
  File "/root/.cache/pypoetry/virtualenvs/cpdbv2-backend-VA82Wl8V-py3.7/lib/python3.7/site-packages/urllib3/connection.py", line 160, in _new_conn
    (self._dns_host, self.port), self.timeout, **extra_kw
  File "/root/.cache/pypoetry/virtualenvs/cpdbv2-backend-VA82Wl8V-py3.7/lib/python3.7/site-packages/urllib3/util/connection.py", line 61, in create_connection
    for res in socket.getaddrinfo(host, port, family, socket.SOCK_STREAM):
  File "/usr/local/lib/python3.7/socket.py", line 752, in getaddrinfo
    for res in _socket.getaddrinfo(host, port, family, type, proto, flags):
socket.gaierror: [Errno -2] Name or service not known

During handling of the above exception, another exception occurred:

Traceback (most recent call last):
  File "/root/.cache/pypoetry/virtualenvs/cpdbv2-backend-VA82Wl8V-py3.7/lib/python3.7/site-packages/elasticsearch/connection/http_urllib3.py", line 115, in perform_request
    response = self.pool.urlopen(method, url, body, retries=False, headers=self.headers, **kw)
  File "/root/.cache/pypoetry/virtualenvs/cpdbv2-backend-VA82Wl8V-py3.7/lib/python3.7/site-packages/urllib3/connectionpool.py", line 727, in urlopen
    method, url, error=e, _pool=self, _stacktrace=sys.exc_info()[2]
  File "/root/.cache/pypoetry/virtualenvs/cpdbv2-backend-VA82Wl8V-py3.7/lib/python3.7/site-packages/urllib3/util/retry.py", line 386, in increment
    raise six.reraise(type(error), error, _stacktrace)
  File "/root/.cache/pypoetry/virtualenvs/cpdbv2-backend-VA82Wl8V-py3.7/lib/python3.7/site-packages/urllib3/packages/six.py", line 735, in reraise
    raise value
  File "/root/.cache/pypoetry/virtualenvs/cpdbv2-backend-VA82Wl8V-py3.7/lib/python3.7/site-packages/urllib3/connectionpool.py", line 677, in urlopen
    chunked=chunked,
  File "/root/.cache/pypoetry/virtualenvs/cpdbv2-backend-VA82Wl8V-py3.7/lib/python3.7/site-packages/urllib3/connectionpool.py", line 392, in _make_request
    conn.request(method, url, **httplib_request_kw)
  File "/usr/local/lib/python3.7/http/client.py", line 1281, in request
    self._send_request(method, url, body, headers, encode_chunked)
  File "/usr/local/lib/python3.7/http/client.py", line 1327, in _send_request
    self.endheaders(body, encode_chunked=encode_chunked)
  File "/usr/local/lib/python3.7/http/client.py", line 1276, in endheaders
    self._send_output(message_body, encode_chunked=encode_chunked)
  File "/usr/local/lib/python3.7/http/client.py", line 1036, in _send_output
    self.send(msg)
  File "/usr/local/lib/python3.7/http/client.py", line 976, in send
    self.connect()
  File "/root/.cache/pypoetry/virtualenvs/cpdbv2-backend-VA82Wl8V-py3.7/lib/python3.7/site-packages/urllib3/connection.py", line 187, in connect
    conn = self._new_conn()
  File "/root/.cache/pypoetry/virtualenvs/cpdbv2-backend-VA82Wl8V-py3.7/lib/python3.7/site-packages/urllib3/connection.py", line 172, in _new_conn
    self, "Failed to establish a new connection: %s" % e
urllib3.exceptions.NewConnectionError: <urllib3.connection.HTTPConnection object at 0x7ff06964b310>: Failed to establish a new connection: [Errno -2] Name or service not known
elasticsearch: DEBUG: > None
urllib3.util.retry: DEBUG: Converted retries value: False -> Retry(total=False, connect=None, read=None, redirect=0, status=None)
urllib3.connectionpool: DEBUG: Starting new HTTP connection (135): elasticsearch:9200
elasticsearch: WARNING: DELETE http://elasticsearch:9200/test_cr_c97d3965-996f-4fbb-b4a7-1038423423bd [status:N/A request:0.003s]
Traceback (most recent call last):
  File "/root/.cache/pypoetry/virtualenvs/cpdbv2-backend-VA82Wl8V-py3.7/lib/python3.7/site-packages/urllib3/connection.py", line 160, in _new_conn
    (self._dns_host, self.port), self.timeout, **extra_kw
  File "/root/.cache/pypoetry/virtualenvs/cpdbv2-backend-VA82Wl8V-py3.7/lib/python3.7/site-packages/urllib3/util/connection.py", line 61, in create_connection
    for res in socket.getaddrinfo(host, port, family, socket.SOCK_STREAM):
  File "/usr/local/lib/python3.7/socket.py", line 752, in getaddrinfo
    for res in _socket.getaddrinfo(host, port, family, type, proto, flags):
socket.gaierror: [Errno -2] Name or service not known

During handling of the above exception, another exception occurred:

Traceback (most recent call last):
  File "/root/.cache/pypoetry/virtualenvs/cpdbv2-backend-VA82Wl8V-py3.7/lib/python3.7/site-packages/elasticsearch/connection/http_urllib3.py", line 115, in perform_request
    response = self.pool.urlopen(method, url, body, retries=False, headers=self.headers, **kw)
  File "/root/.cache/pypoetry/virtualenvs/cpdbv2-backend-VA82Wl8V-py3.7/lib/python3.7/site-packages/urllib3/connectionpool.py", line 727, in urlopen
    method, url, error=e, _pool=self, _stacktrace=sys.exc_info()[2]
  File "/root/.cache/pypoetry/virtualenvs/cpdbv2-backend-VA82Wl8V-py3.7/lib/python3.7/site-packages/urllib3/util/retry.py", line 386, in increment
    raise six.reraise(type(error), error, _stacktrace)
  File "/root/.cache/pypoetry/virtualenvs/cpdbv2-backend-VA82Wl8V-py3.7/lib/python3.7/site-packages/urllib3/packages/six.py", line 735, in reraise
    raise value
  File "/root/.cache/pypoetry/virtualenvs/cpdbv2-backend-VA82Wl8V-py3.7/lib/python3.7/site-packages/urllib3/connectionpool.py", line 677, in urlopen
    chunked=chunked,
  File "/root/.cache/pypoetry/virtualenvs/cpdbv2-backend-VA82Wl8V-py3.7/lib/python3.7/site-packages/urllib3/connectionpool.py", line 392, in _make_request
    conn.request(method, url, **httplib_request_kw)
  File "/usr/local/lib/python3.7/http/client.py", line 1281, in request
    self._send_request(method, url, body, headers, encode_chunked)
  File "/usr/local/lib/python3.7/http/client.py", line 1327, in _send_request
    self.endheaders(body, encode_chunked=encode_chunked)
  File "/usr/local/lib/python3.7/http/client.py", line 1276, in endheaders
    self._send_output(message_body, encode_chunked=encode_chunked)
  File "/usr/local/lib/python3.7/http/client.py", line 1036, in _send_output
    self.send(msg)
  File "/usr/local/lib/python3.7/http/client.py", line 976, in send
    self.connect()
  File "/root/.cache/pypoetry/virtualenvs/cpdbv2-backend-VA82Wl8V-py3.7/lib/python3.7/site-packages/urllib3/connection.py", line 187, in connect
    conn = self._new_conn()
  File "/root/.cache/pypoetry/virtualenvs/cpdbv2-backend-VA82Wl8V-py3.7/lib/python3.7/site-packages/urllib3/connection.py", line 172, in _new_conn
    self, "Failed to establish a new connection: %s" % e
urllib3.exceptions.NewConnectionError: <urllib3.connection.HTTPConnection object at 0x7ff06964bdd0>: Failed to establish a new connection: [Errno -2] Name or service not known
elasticsearch: DEBUG: > None
urllib3.util.retry: DEBUG: Converted retries value: False -> Retry(total=False, connect=None, read=None, redirect=0, status=None)
urllib3.connectionpool: DEBUG: Starting new HTTP connection (136): elasticsearch:9200
elasticsearch: WARNING: DELETE http://elasticsearch:9200/test_cr_c97d3965-996f-4fbb-b4a7-1038423423bd [status:N/A request:0.006s]
Traceback (most recent call last):
  File "/root/.cache/pypoetry/virtualenvs/cpdbv2-backend-VA82Wl8V-py3.7/lib/python3.7/site-packages/urllib3/connection.py", line 160, in _new_conn
    (self._dns_host, self.port), self.timeout, **extra_kw
  File "/root/.cache/pypoetry/virtualenvs/cpdbv2-backend-VA82Wl8V-py3.7/lib/python3.7/site-packages/urllib3/util/connection.py", line 61, in create_connection
    for res in socket.getaddrinfo(host, port, family, socket.SOCK_STREAM):
  File "/usr/local/lib/python3.7/socket.py", line 752, in getaddrinfo
    for res in _socket.getaddrinfo(host, port, family, type, proto, flags):
socket.gaierror: [Errno -2] Name or service not known

During handling of the above exception, another exception occurred:

Traceback (most recent call last):
  File "/root/.cache/pypoetry/virtualenvs/cpdbv2-backend-VA82Wl8V-py3.7/lib/python3.7/site-packages/elasticsearch/connection/http_urllib3.py", line 115, in perform_request
    response = self.pool.urlopen(method, url, body, retries=False, headers=self.headers, **kw)
  File "/root/.cache/pypoetry/virtualenvs/cpdbv2-backend-VA82Wl8V-py3.7/lib/python3.7/site-packages/urllib3/connectionpool.py", line 727, in urlopen
    method, url, error=e, _pool=self, _stacktrace=sys.exc_info()[2]
  File "/root/.cache/pypoetry/virtualenvs/cpdbv2-backend-VA82Wl8V-py3.7/lib/python3.7/site-packages/urllib3/util/retry.py", line 386, in increment
    raise six.reraise(type(error), error, _stacktrace)
  File "/root/.cache/pypoetry/virtualenvs/cpdbv2-backend-VA82Wl8V-py3.7/lib/python3.7/site-packages/urllib3/packages/six.py", line 735, in reraise
    raise value
  File "/root/.cache/pypoetry/virtualenvs/cpdbv2-backend-VA82Wl8V-py3.7/lib/python3.7/site-packages/urllib3/connectionpool.py", line 677, in urlopen
    chunked=chunked,
  File "/root/.cache/pypoetry/virtualenvs/cpdbv2-backend-VA82Wl8V-py3.7/lib/python3.7/site-packages/urllib3/connectionpool.py", line 392, in _make_request
    conn.request(method, url, **httplib_request_kw)
  File "/usr/local/lib/python3.7/http/client.py", line 1281, in request
    self._send_request(method, url, body, headers, encode_chunked)
  File "/usr/local/lib/python3.7/http/client.py", line 1327, in _send_request
    self.endheaders(body, encode_chunked=encode_chunked)
  File "/usr/local/lib/python3.7/http/client.py", line 1276, in endheaders
    self._send_output(message_body, encode_chunked=encode_chunked)
  File "/usr/local/lib/python3.7/http/client.py", line 1036, in _send_output
    self.send(msg)
  File "/usr/local/lib/python3.7/http/client.py", line 976, in send
    self.connect()
  File "/root/.cache/pypoetry/virtualenvs/cpdbv2-backend-VA82Wl8V-py3.7/lib/python3.7/site-packages/urllib3/connection.py", line 187, in connect
    conn = self._new_conn()
  File "/root/.cache/pypoetry/virtualenvs/cpdbv2-backend-VA82Wl8V-py3.7/lib/python3.7/site-packages/urllib3/connection.py", line 172, in _new_conn
    self, "Failed to establish a new connection: %s" % e
urllib3.exceptions.NewConnectionError: <urllib3.connection.HTTPConnection object at 0x7ff0694eee10>: Failed to establish a new connection: [Errno -2] Name or service not known
elasticsearch: DEBUG: > None
--------------------- >> end captured logging << ---------------------

======================================================================
ERROR: test_get_batch_update_docs_queries (cr.tests.test_indexers.CRPartialIndexerTestCase)
----------------------------------------------------------------------
Traceback (most recent call last):
  File "/usr/src/app/cpdb/cr/tests/test_indexers.py", line 459, in test_get_batch_update_docs_queries
    'category_names': [],
  File "/root/.cache/pypoetry/virtualenvs/cpdbv2-backend-VA82Wl8V-py3.7/lib/python3.7/site-packages/elasticsearch_dsl/document.py", line 410, in save
    **doc_meta
  File "/root/.cache/pypoetry/virtualenvs/cpdbv2-backend-VA82Wl8V-py3.7/lib/python3.7/site-packages/elasticsearch/client/utils.py", line 73, in _wrapped
    return func(*args, params=params, **kwargs)
  File "/root/.cache/pypoetry/virtualenvs/cpdbv2-backend-VA82Wl8V-py3.7/lib/python3.7/site-packages/elasticsearch/client/__init__.py", line 300, in index
    _make_path(index, doc_type, id), params=params, body=body)
  File "/root/.cache/pypoetry/virtualenvs/cpdbv2-backend-VA82Wl8V-py3.7/lib/python3.7/site-packages/elasticsearch/transport.py", line 312, in perform_request
    status, headers, data = connection.perform_request(method, url, params, body, ignore=ignore, timeout=timeout)
  File "/root/.cache/pypoetry/virtualenvs/cpdbv2-backend-VA82Wl8V-py3.7/lib/python3.7/site-packages/elasticsearch/connection/http_urllib3.py", line 124, in perform_request
    raise ConnectionError('N/A', str(e), e)
elasticsearch.exceptions.ConnectionError: ConnectionError(<urllib3.connection.HTTPConnection object at 0x7ff069616550>: Failed to establish a new connection: [Errno -2] Name or service not known) caused by: NewConnectionError(<urllib3.connection.HTTPConnection object at 0x7ff069616550>: Failed to establish a new connection: [Errno -2] Name or service not known)
-------------------- >> begin captured logging << --------------------
urllib3.util.retry: DEBUG: Converted retries value: False -> Retry(total=False, connect=None, read=None, redirect=0, status=None)
urllib3.connectionpool: DEBUG: Starting new HTTP connection (137): elasticsearch:9200
elasticsearch: WARNING: PUT http://elasticsearch:9200/test_cr/cr_doc_type/1 [status:N/A request:0.004s]
Traceback (most recent call last):
  File "/root/.cache/pypoetry/virtualenvs/cpdbv2-backend-VA82Wl8V-py3.7/lib/python3.7/site-packages/urllib3/connection.py", line 160, in _new_conn
    (self._dns_host, self.port), self.timeout, **extra_kw
  File "/root/.cache/pypoetry/virtualenvs/cpdbv2-backend-VA82Wl8V-py3.7/lib/python3.7/site-packages/urllib3/util/connection.py", line 61, in create_connection
    for res in socket.getaddrinfo(host, port, family, socket.SOCK_STREAM):
  File "/usr/local/lib/python3.7/socket.py", line 752, in getaddrinfo
    for res in _socket.getaddrinfo(host, port, family, type, proto, flags):
socket.gaierror: [Errno -2] Name or service not known

During handling of the above exception, another exception occurred:

Traceback (most recent call last):
  File "/root/.cache/pypoetry/virtualenvs/cpdbv2-backend-VA82Wl8V-py3.7/lib/python3.7/site-packages/elasticsearch/connection/http_urllib3.py", line 115, in perform_request
    response = self.pool.urlopen(method, url, body, retries=False, headers=self.headers, **kw)
  File "/root/.cache/pypoetry/virtualenvs/cpdbv2-backend-VA82Wl8V-py3.7/lib/python3.7/site-packages/urllib3/connectionpool.py", line 727, in urlopen
    method, url, error=e, _pool=self, _stacktrace=sys.exc_info()[2]
  File "/root/.cache/pypoetry/virtualenvs/cpdbv2-backend-VA82Wl8V-py3.7/lib/python3.7/site-packages/urllib3/util/retry.py", line 386, in increment
    raise six.reraise(type(error), error, _stacktrace)
  File "/root/.cache/pypoetry/virtualenvs/cpdbv2-backend-VA82Wl8V-py3.7/lib/python3.7/site-packages/urllib3/packages/six.py", line 735, in reraise
    raise value
  File "/root/.cache/pypoetry/virtualenvs/cpdbv2-backend-VA82Wl8V-py3.7/lib/python3.7/site-packages/urllib3/connectionpool.py", line 677, in urlopen
    chunked=chunked,
  File "/root/.cache/pypoetry/virtualenvs/cpdbv2-backend-VA82Wl8V-py3.7/lib/python3.7/site-packages/urllib3/connectionpool.py", line 392, in _make_request
    conn.request(method, url, **httplib_request_kw)
  File "/usr/local/lib/python3.7/http/client.py", line 1281, in request
    self._send_request(method, url, body, headers, encode_chunked)
  File "/usr/local/lib/python3.7/http/client.py", line 1327, in _send_request
    self.endheaders(body, encode_chunked=encode_chunked)
  File "/usr/local/lib/python3.7/http/client.py", line 1276, in endheaders
    self._send_output(message_body, encode_chunked=encode_chunked)
  File "/usr/local/lib/python3.7/http/client.py", line 1036, in _send_output
    self.send(msg)
  File "/usr/local/lib/python3.7/http/client.py", line 976, in send
    self.connect()
  File "/root/.cache/pypoetry/virtualenvs/cpdbv2-backend-VA82Wl8V-py3.7/lib/python3.7/site-packages/urllib3/connection.py", line 187, in connect
    conn = self._new_conn()
  File "/root/.cache/pypoetry/virtualenvs/cpdbv2-backend-VA82Wl8V-py3.7/lib/python3.7/site-packages/urllib3/connection.py", line 172, in _new_conn
    self, "Failed to establish a new connection: %s" % e
urllib3.exceptions.NewConnectionError: <urllib3.connection.HTTPConnection object at 0x7ff069616510>: Failed to establish a new connection: [Errno -2] Name or service not known
elasticsearch: DEBUG: > {"crid": "123456", "address": "30XX E NEW YORK ST , AURORA IL", "beat": "3100"}
urllib3.util.retry: DEBUG: Converted retries value: False -> Retry(total=False, connect=None, read=None, redirect=0, status=None)
urllib3.connectionpool: DEBUG: Starting new HTTP connection (138): elasticsearch:9200
elasticsearch: WARNING: PUT http://elasticsearch:9200/test_cr/cr_doc_type/1 [status:N/A request:0.004s]
Traceback (most recent call last):
  File "/root/.cache/pypoetry/virtualenvs/cpdbv2-backend-VA82Wl8V-py3.7/lib/python3.7/site-packages/urllib3/connection.py", line 160, in _new_conn
    (self._dns_host, self.port), self.timeout, **extra_kw
  File "/root/.cache/pypoetry/virtualenvs/cpdbv2-backend-VA82Wl8V-py3.7/lib/python3.7/site-packages/urllib3/util/connection.py", line 61, in create_connection
    for res in socket.getaddrinfo(host, port, family, socket.SOCK_STREAM):
  File "/usr/local/lib/python3.7/socket.py", line 752, in getaddrinfo
    for res in _socket.getaddrinfo(host, port, family, type, proto, flags):
socket.gaierror: [Errno -2] Name or service not known

During handling of the above exception, another exception occurred:

Traceback (most recent call last):
  File "/root/.cache/pypoetry/virtualenvs/cpdbv2-backend-VA82Wl8V-py3.7/lib/python3.7/site-packages/elasticsearch/connection/http_urllib3.py", line 115, in perform_request
    response = self.pool.urlopen(method, url, body, retries=False, headers=self.headers, **kw)
  File "/root/.cache/pypoetry/virtualenvs/cpdbv2-backend-VA82Wl8V-py3.7/lib/python3.7/site-packages/urllib3/connectionpool.py", line 727, in urlopen
    method, url, error=e, _pool=self, _stacktrace=sys.exc_info()[2]
  File "/root/.cache/pypoetry/virtualenvs/cpdbv2-backend-VA82Wl8V-py3.7/lib/python3.7/site-packages/urllib3/util/retry.py", line 386, in increment
    raise six.reraise(type(error), error, _stacktrace)
  File "/root/.cache/pypoetry/virtualenvs/cpdbv2-backend-VA82Wl8V-py3.7/lib/python3.7/site-packages/urllib3/packages/six.py", line 735, in reraise
    raise value
  File "/root/.cache/pypoetry/virtualenvs/cpdbv2-backend-VA82Wl8V-py3.7/lib/python3.7/site-packages/urllib3/connectionpool.py", line 677, in urlopen
    chunked=chunked,
  File "/root/.cache/pypoetry/virtualenvs/cpdbv2-backend-VA82Wl8V-py3.7/lib/python3.7/site-packages/urllib3/connectionpool.py", line 392, in _make_request
    conn.request(method, url, **httplib_request_kw)
  File "/usr/local/lib/python3.7/http/client.py", line 1281, in request
    self._send_request(method, url, body, headers, encode_chunked)
  File "/usr/local/lib/python3.7/http/client.py", line 1327, in _send_request
    self.endheaders(body, encode_chunked=encode_chunked)
  File "/usr/local/lib/python3.7/http/client.py", line 1276, in endheaders
    self._send_output(message_body, encode_chunked=encode_chunked)
  File "/usr/local/lib/python3.7/http/client.py", line 1036, in _send_output
    self.send(msg)
  File "/usr/local/lib/python3.7/http/client.py", line 976, in send
    self.connect()
  File "/root/.cache/pypoetry/virtualenvs/cpdbv2-backend-VA82Wl8V-py3.7/lib/python3.7/site-packages/urllib3/connection.py", line 187, in connect
    conn = self._new_conn()
  File "/root/.cache/pypoetry/virtualenvs/cpdbv2-backend-VA82Wl8V-py3.7/lib/python3.7/site-packages/urllib3/connection.py", line 172, in _new_conn
    self, "Failed to establish a new connection: %s" % e
urllib3.exceptions.NewConnectionError: <urllib3.connection.HTTPConnection object at 0x7ff069616190>: Failed to establish a new connection: [Errno -2] Name or service not known
elasticsearch: DEBUG: > {"crid": "123456", "address": "30XX E NEW YORK ST , AURORA IL", "beat": "3100"}
urllib3.util.retry: DEBUG: Converted retries value: False -> Retry(total=False, connect=None, read=None, redirect=0, status=None)
urllib3.connectionpool: DEBUG: Starting new HTTP connection (139): elasticsearch:9200
elasticsearch: WARNING: PUT http://elasticsearch:9200/test_cr/cr_doc_type/1 [status:N/A request:0.004s]
Traceback (most recent call last):
  File "/root/.cache/pypoetry/virtualenvs/cpdbv2-backend-VA82Wl8V-py3.7/lib/python3.7/site-packages/urllib3/connection.py", line 160, in _new_conn
    (self._dns_host, self.port), self.timeout, **extra_kw
  File "/root/.cache/pypoetry/virtualenvs/cpdbv2-backend-VA82Wl8V-py3.7/lib/python3.7/site-packages/urllib3/util/connection.py", line 61, in create_connection
    for res in socket.getaddrinfo(host, port, family, socket.SOCK_STREAM):
  File "/usr/local/lib/python3.7/socket.py", line 752, in getaddrinfo
    for res in _socket.getaddrinfo(host, port, family, type, proto, flags):
socket.gaierror: [Errno -2] Name or service not known

During handling of the above exception, another exception occurred:

Traceback (most recent call last):
  File "/root/.cache/pypoetry/virtualenvs/cpdbv2-backend-VA82Wl8V-py3.7/lib/python3.7/site-packages/elasticsearch/connection/http_urllib3.py", line 115, in perform_request
    response = self.pool.urlopen(method, url, body, retries=False, headers=self.headers, **kw)
  File "/root/.cache/pypoetry/virtualenvs/cpdbv2-backend-VA82Wl8V-py3.7/lib/python3.7/site-packages/urllib3/connectionpool.py", line 727, in urlopen
    method, url, error=e, _pool=self, _stacktrace=sys.exc_info()[2]
  File "/root/.cache/pypoetry/virtualenvs/cpdbv2-backend-VA82Wl8V-py3.7/lib/python3.7/site-packages/urllib3/util/retry.py", line 386, in increment
    raise six.reraise(type(error), error, _stacktrace)
  File "/root/.cache/pypoetry/virtualenvs/cpdbv2-backend-VA82Wl8V-py3.7/lib/python3.7/site-packages/urllib3/packages/six.py", line 735, in reraise
    raise value
  File "/root/.cache/pypoetry/virtualenvs/cpdbv2-backend-VA82Wl8V-py3.7/lib/python3.7/site-packages/urllib3/connectionpool.py", line 677, in urlopen
    chunked=chunked,
  File "/root/.cache/pypoetry/virtualenvs/cpdbv2-backend-VA82Wl8V-py3.7/lib/python3.7/site-packages/urllib3/connectionpool.py", line 392, in _make_request
    conn.request(method, url, **httplib_request_kw)
  File "/usr/local/lib/python3.7/http/client.py", line 1281, in request
    self._send_request(method, url, body, headers, encode_chunked)
  File "/usr/local/lib/python3.7/http/client.py", line 1327, in _send_request
    self.endheaders(body, encode_chunked=encode_chunked)
  File "/usr/local/lib/python3.7/http/client.py", line 1276, in endheaders
    self._send_output(message_body, encode_chunked=encode_chunked)
  File "/usr/local/lib/python3.7/http/client.py", line 1036, in _send_output
    self.send(msg)
  File "/usr/local/lib/python3.7/http/client.py", line 976, in send
    self.connect()
  File "/root/.cache/pypoetry/virtualenvs/cpdbv2-backend-VA82Wl8V-py3.7/lib/python3.7/site-packages/urllib3/connection.py", line 187, in connect
    conn = self._new_conn()
  File "/root/.cache/pypoetry/virtualenvs/cpdbv2-backend-VA82Wl8V-py3.7/lib/python3.7/site-packages/urllib3/connection.py", line 172, in _new_conn
    self, "Failed to establish a new connection: %s" % e
urllib3.exceptions.NewConnectionError: <urllib3.connection.HTTPConnection object at 0x7ff069616cd0>: Failed to establish a new connection: [Errno -2] Name or service not known
elasticsearch: DEBUG: > {"crid": "123456", "address": "30XX E NEW YORK ST , AURORA IL", "beat": "3100"}
urllib3.util.retry: DEBUG: Converted retries value: False -> Retry(total=False, connect=None, read=None, redirect=0, status=None)
urllib3.connectionpool: DEBUG: Starting new HTTP connection (140): elasticsearch:9200
elasticsearch: WARNING: PUT http://elasticsearch:9200/test_cr/cr_doc_type/1 [status:N/A request:0.004s]
Traceback (most recent call last):
  File "/root/.cache/pypoetry/virtualenvs/cpdbv2-backend-VA82Wl8V-py3.7/lib/python3.7/site-packages/urllib3/connection.py", line 160, in _new_conn
    (self._dns_host, self.port), self.timeout, **extra_kw
  File "/root/.cache/pypoetry/virtualenvs/cpdbv2-backend-VA82Wl8V-py3.7/lib/python3.7/site-packages/urllib3/util/connection.py", line 61, in create_connection
    for res in socket.getaddrinfo(host, port, family, socket.SOCK_STREAM):
  File "/usr/local/lib/python3.7/socket.py", line 752, in getaddrinfo
    for res in _socket.getaddrinfo(host, port, family, type, proto, flags):
socket.gaierror: [Errno -2] Name or service not known

During handling of the above exception, another exception occurred:

Traceback (most recent call last):
  File "/root/.cache/pypoetry/virtualenvs/cpdbv2-backend-VA82Wl8V-py3.7/lib/python3.7/site-packages/elasticsearch/connection/http_urllib3.py", line 115, in perform_request
    response = self.pool.urlopen(method, url, body, retries=False, headers=self.headers, **kw)
  File "/root/.cache/pypoetry/virtualenvs/cpdbv2-backend-VA82Wl8V-py3.7/lib/python3.7/site-packages/urllib3/connectionpool.py", line 727, in urlopen
    method, url, error=e, _pool=self, _stacktrace=sys.exc_info()[2]
  File "/root/.cache/pypoetry/virtualenvs/cpdbv2-backend-VA82Wl8V-py3.7/lib/python3.7/site-packages/urllib3/util/retry.py", line 386, in increment
    raise six.reraise(type(error), error, _stacktrace)
  File "/root/.cache/pypoetry/virtualenvs/cpdbv2-backend-VA82Wl8V-py3.7/lib/python3.7/site-packages/urllib3/packages/six.py", line 735, in reraise
    raise value
  File "/root/.cache/pypoetry/virtualenvs/cpdbv2-backend-VA82Wl8V-py3.7/lib/python3.7/site-packages/urllib3/connectionpool.py", line 677, in urlopen
    chunked=chunked,
  File "/root/.cache/pypoetry/virtualenvs/cpdbv2-backend-VA82Wl8V-py3.7/lib/python3.7/site-packages/urllib3/connectionpool.py", line 392, in _make_request
    conn.request(method, url, **httplib_request_kw)
  File "/usr/local/lib/python3.7/http/client.py", line 1281, in request
    self._send_request(method, url, body, headers, encode_chunked)
  File "/usr/local/lib/python3.7/http/client.py", line 1327, in _send_request
    self.endheaders(body, encode_chunked=encode_chunked)
  File "/usr/local/lib/python3.7/http/client.py", line 1276, in endheaders
    self._send_output(message_body, encode_chunked=encode_chunked)
  File "/usr/local/lib/python3.7/http/client.py", line 1036, in _send_output
    self.send(msg)
  File "/usr/local/lib/python3.7/http/client.py", line 976, in send
    self.connect()
  File "/root/.cache/pypoetry/virtualenvs/cpdbv2-backend-VA82Wl8V-py3.7/lib/python3.7/site-packages/urllib3/connection.py", line 187, in connect
    conn = self._new_conn()
  File "/root/.cache/pypoetry/virtualenvs/cpdbv2-backend-VA82Wl8V-py3.7/lib/python3.7/site-packages/urllib3/connection.py", line 172, in _new_conn
    self, "Failed to establish a new connection: %s" % e
urllib3.exceptions.NewConnectionError: <urllib3.connection.HTTPConnection object at 0x7ff069616550>: Failed to establish a new connection: [Errno -2] Name or service not known
elasticsearch: DEBUG: > {"crid": "123456", "address": "30XX E NEW YORK ST , AURORA IL", "beat": "3100"}
--------------------- >> end captured logging << ---------------------

======================================================================
ERROR: test_indexing (es_index.tests.test_index_aliases.IndexAliasTestCase)
----------------------------------------------------------------------
Traceback (most recent call last):
  File "/usr/src/app/cpdb/es_index/tests/test_index_aliases.py", line 23, in setUp
    es_client.indices.delete(self.real_name, ignore=404)
  File "/root/.cache/pypoetry/virtualenvs/cpdbv2-backend-VA82Wl8V-py3.7/lib/python3.7/site-packages/elasticsearch/client/utils.py", line 73, in _wrapped
    return func(*args, params=params, **kwargs)
  File "/root/.cache/pypoetry/virtualenvs/cpdbv2-backend-VA82Wl8V-py3.7/lib/python3.7/site-packages/elasticsearch/client/indices.py", line 200, in delete
    params=params)
  File "/root/.cache/pypoetry/virtualenvs/cpdbv2-backend-VA82Wl8V-py3.7/lib/python3.7/site-packages/elasticsearch/transport.py", line 312, in perform_request
    status, headers, data = connection.perform_request(method, url, params, body, ignore=ignore, timeout=timeout)
  File "/root/.cache/pypoetry/virtualenvs/cpdbv2-backend-VA82Wl8V-py3.7/lib/python3.7/site-packages/elasticsearch/connection/http_urllib3.py", line 124, in perform_request
    raise ConnectionError('N/A', str(e), e)
elasticsearch.exceptions.ConnectionError: ConnectionError(<urllib3.connection.HTTPConnection object at 0x7ff068f9c390>: Failed to establish a new connection: [Errno -2] Name or service not known) caused by: NewConnectionError(<urllib3.connection.HTTPConnection object at 0x7ff068f9c390>: Failed to establish a new connection: [Errno -2] Name or service not known)
-------------------- >> begin captured logging << --------------------
urllib3.util.retry: DEBUG: Converted retries value: False -> Retry(total=False, connect=None, read=None, redirect=0, status=None)
urllib3.connectionpool: DEBUG: Starting new HTTP connection (141): elasticsearch:9200
elasticsearch: WARNING: DELETE http://elasticsearch:9200/test_abc [status:N/A request:0.005s]
Traceback (most recent call last):
  File "/root/.cache/pypoetry/virtualenvs/cpdbv2-backend-VA82Wl8V-py3.7/lib/python3.7/site-packages/urllib3/connection.py", line 160, in _new_conn
    (self._dns_host, self.port), self.timeout, **extra_kw
  File "/root/.cache/pypoetry/virtualenvs/cpdbv2-backend-VA82Wl8V-py3.7/lib/python3.7/site-packages/urllib3/util/connection.py", line 61, in create_connection
    for res in socket.getaddrinfo(host, port, family, socket.SOCK_STREAM):
  File "/usr/local/lib/python3.7/socket.py", line 752, in getaddrinfo
    for res in _socket.getaddrinfo(host, port, family, type, proto, flags):
socket.gaierror: [Errno -2] Name or service not known

During handling of the above exception, another exception occurred:

Traceback (most recent call last):
  File "/root/.cache/pypoetry/virtualenvs/cpdbv2-backend-VA82Wl8V-py3.7/lib/python3.7/site-packages/elasticsearch/connection/http_urllib3.py", line 115, in perform_request
    response = self.pool.urlopen(method, url, body, retries=False, headers=self.headers, **kw)
  File "/root/.cache/pypoetry/virtualenvs/cpdbv2-backend-VA82Wl8V-py3.7/lib/python3.7/site-packages/urllib3/connectionpool.py", line 727, in urlopen
    method, url, error=e, _pool=self, _stacktrace=sys.exc_info()[2]
  File "/root/.cache/pypoetry/virtualenvs/cpdbv2-backend-VA82Wl8V-py3.7/lib/python3.7/site-packages/urllib3/util/retry.py", line 386, in increment
    raise six.reraise(type(error), error, _stacktrace)
  File "/root/.cache/pypoetry/virtualenvs/cpdbv2-backend-VA82Wl8V-py3.7/lib/python3.7/site-packages/urllib3/packages/six.py", line 735, in reraise
    raise value
  File "/root/.cache/pypoetry/virtualenvs/cpdbv2-backend-VA82Wl8V-py3.7/lib/python3.7/site-packages/urllib3/connectionpool.py", line 677, in urlopen
    chunked=chunked,
  File "/root/.cache/pypoetry/virtualenvs/cpdbv2-backend-VA82Wl8V-py3.7/lib/python3.7/site-packages/urllib3/connectionpool.py", line 392, in _make_request
    conn.request(method, url, **httplib_request_kw)
  File "/usr/local/lib/python3.7/http/client.py", line 1281, in request
    self._send_request(method, url, body, headers, encode_chunked)
  File "/usr/local/lib/python3.7/http/client.py", line 1327, in _send_request
    self.endheaders(body, encode_chunked=encode_chunked)
  File "/usr/local/lib/python3.7/http/client.py", line 1276, in endheaders
    self._send_output(message_body, encode_chunked=encode_chunked)
  File "/usr/local/lib/python3.7/http/client.py", line 1036, in _send_output
    self.send(msg)
  File "/usr/local/lib/python3.7/http/client.py", line 976, in send
    self.connect()
  File "/root/.cache/pypoetry/virtualenvs/cpdbv2-backend-VA82Wl8V-py3.7/lib/python3.7/site-packages/urllib3/connection.py", line 187, in connect
    conn = self._new_conn()
  File "/root/.cache/pypoetry/virtualenvs/cpdbv2-backend-VA82Wl8V-py3.7/lib/python3.7/site-packages/urllib3/connection.py", line 172, in _new_conn
    self, "Failed to establish a new connection: %s" % e
urllib3.exceptions.NewConnectionError: <urllib3.connection.HTTPConnection object at 0x7ff068f9c790>: Failed to establish a new connection: [Errno -2] Name or service not known
elasticsearch: DEBUG: > None
urllib3.util.retry: DEBUG: Converted retries value: False -> Retry(total=False, connect=None, read=None, redirect=0, status=None)
urllib3.connectionpool: DEBUG: Starting new HTTP connection (142): elasticsearch:9200
elasticsearch: WARNING: DELETE http://elasticsearch:9200/test_abc [status:N/A request:0.004s]
Traceback (most recent call last):
  File "/root/.cache/pypoetry/virtualenvs/cpdbv2-backend-VA82Wl8V-py3.7/lib/python3.7/site-packages/urllib3/connection.py", line 160, in _new_conn
    (self._dns_host, self.port), self.timeout, **extra_kw
  File "/root/.cache/pypoetry/virtualenvs/cpdbv2-backend-VA82Wl8V-py3.7/lib/python3.7/site-packages/urllib3/util/connection.py", line 61, in create_connection
    for res in socket.getaddrinfo(host, port, family, socket.SOCK_STREAM):
  File "/usr/local/lib/python3.7/socket.py", line 752, in getaddrinfo
    for res in _socket.getaddrinfo(host, port, family, type, proto, flags):
socket.gaierror: [Errno -2] Name or service not known

During handling of the above exception, another exception occurred:

Traceback (most recent call last):
  File "/root/.cache/pypoetry/virtualenvs/cpdbv2-backend-VA82Wl8V-py3.7/lib/python3.7/site-packages/elasticsearch/connection/http_urllib3.py", line 115, in perform_request
    response = self.pool.urlopen(method, url, body, retries=False, headers=self.headers, **kw)
  File "/root/.cache/pypoetry/virtualenvs/cpdbv2-backend-VA82Wl8V-py3.7/lib/python3.7/site-packages/urllib3/connectionpool.py", line 727, in urlopen
    method, url, error=e, _pool=self, _stacktrace=sys.exc_info()[2]
  File "/root/.cache/pypoetry/virtualenvs/cpdbv2-backend-VA82Wl8V-py3.7/lib/python3.7/site-packages/urllib3/util/retry.py", line 386, in increment
    raise six.reraise(type(error), error, _stacktrace)
  File "/root/.cache/pypoetry/virtualenvs/cpdbv2-backend-VA82Wl8V-py3.7/lib/python3.7/site-packages/urllib3/packages/six.py", line 735, in reraise
    raise value
  File "/root/.cache/pypoetry/virtualenvs/cpdbv2-backend-VA82Wl8V-py3.7/lib/python3.7/site-packages/urllib3/connectionpool.py", line 677, in urlopen
    chunked=chunked,
  File "/root/.cache/pypoetry/virtualenvs/cpdbv2-backend-VA82Wl8V-py3.7/lib/python3.7/site-packages/urllib3/connectionpool.py", line 392, in _make_request
    conn.request(method, url, **httplib_request_kw)
  File "/usr/local/lib/python3.7/http/client.py", line 1281, in request
    self._send_request(method, url, body, headers, encode_chunked)
  File "/usr/local/lib/python3.7/http/client.py", line 1327, in _send_request
    self.endheaders(body, encode_chunked=encode_chunked)
  File "/usr/local/lib/python3.7/http/client.py", line 1276, in endheaders
    self._send_output(message_body, encode_chunked=encode_chunked)
  File "/usr/local/lib/python3.7/http/client.py", line 1036, in _send_output
    self.send(msg)
  File "/usr/local/lib/python3.7/http/client.py", line 976, in send
    self.connect()
  File "/root/.cache/pypoetry/virtualenvs/cpdbv2-backend-VA82Wl8V-py3.7/lib/python3.7/site-packages/urllib3/connection.py", line 187, in connect
    conn = self._new_conn()
  File "/root/.cache/pypoetry/virtualenvs/cpdbv2-backend-VA82Wl8V-py3.7/lib/python3.7/site-packages/urllib3/connection.py", line 172, in _new_conn
    self, "Failed to establish a new connection: %s" % e
urllib3.exceptions.NewConnectionError: <urllib3.connection.HTTPConnection object at 0x7ff068f9c610>: Failed to establish a new connection: [Errno -2] Name or service not known
elasticsearch: DEBUG: > None
urllib3.util.retry: DEBUG: Converted retries value: False -> Retry(total=False, connect=None, read=None, redirect=0, status=None)
urllib3.connectionpool: DEBUG: Starting new HTTP connection (143): elasticsearch:9200
elasticsearch: WARNING: DELETE http://elasticsearch:9200/test_abc [status:N/A request:0.004s]
Traceback (most recent call last):
  File "/root/.cache/pypoetry/virtualenvs/cpdbv2-backend-VA82Wl8V-py3.7/lib/python3.7/site-packages/urllib3/connection.py", line 160, in _new_conn
    (self._dns_host, self.port), self.timeout, **extra_kw
  File "/root/.cache/pypoetry/virtualenvs/cpdbv2-backend-VA82Wl8V-py3.7/lib/python3.7/site-packages/urllib3/util/connection.py", line 61, in create_connection
    for res in socket.getaddrinfo(host, port, family, socket.SOCK_STREAM):
  File "/usr/local/lib/python3.7/socket.py", line 752, in getaddrinfo
    for res in _socket.getaddrinfo(host, port, family, type, proto, flags):
socket.gaierror: [Errno -2] Name or service not known

During handling of the above exception, another exception occurred:

Traceback (most recent call last):
  File "/root/.cache/pypoetry/virtualenvs/cpdbv2-backend-VA82Wl8V-py3.7/lib/python3.7/site-packages/elasticsearch/connection/http_urllib3.py", line 115, in perform_request
    response = self.pool.urlopen(method, url, body, retries=False, headers=self.headers, **kw)
  File "/root/.cache/pypoetry/virtualenvs/cpdbv2-backend-VA82Wl8V-py3.7/lib/python3.7/site-packages/urllib3/connectionpool.py", line 727, in urlopen
    method, url, error=e, _pool=self, _stacktrace=sys.exc_info()[2]
  File "/root/.cache/pypoetry/virtualenvs/cpdbv2-backend-VA82Wl8V-py3.7/lib/python3.7/site-packages/urllib3/util/retry.py", line 386, in increment
    raise six.reraise(type(error), error, _stacktrace)
  File "/root/.cache/pypoetry/virtualenvs/cpdbv2-backend-VA82Wl8V-py3.7/lib/python3.7/site-packages/urllib3/packages/six.py", line 735, in reraise
    raise value
  File "/root/.cache/pypoetry/virtualenvs/cpdbv2-backend-VA82Wl8V-py3.7/lib/python3.7/site-packages/urllib3/connectionpool.py", line 677, in urlopen
    chunked=chunked,
  File "/root/.cache/pypoetry/virtualenvs/cpdbv2-backend-VA82Wl8V-py3.7/lib/python3.7/site-packages/urllib3/connectionpool.py", line 392, in _make_request
    conn.request(method, url, **httplib_request_kw)
  File "/usr/local/lib/python3.7/http/client.py", line 1281, in request
    self._send_request(method, url, body, headers, encode_chunked)
  File "/usr/local/lib/python3.7/http/client.py", line 1327, in _send_request
    self.endheaders(body, encode_chunked=encode_chunked)
  File "/usr/local/lib/python3.7/http/client.py", line 1276, in endheaders
    self._send_output(message_body, encode_chunked=encode_chunked)
  File "/usr/local/lib/python3.7/http/client.py", line 1036, in _send_output
    self.send(msg)
  File "/usr/local/lib/python3.7/http/client.py", line 976, in send
    self.connect()
  File "/root/.cache/pypoetry/virtualenvs/cpdbv2-backend-VA82Wl8V-py3.7/lib/python3.7/site-packages/urllib3/connection.py", line 187, in connect
    conn = self._new_conn()
  File "/root/.cache/pypoetry/virtualenvs/cpdbv2-backend-VA82Wl8V-py3.7/lib/python3.7/site-packages/urllib3/connection.py", line 172, in _new_conn
    self, "Failed to establish a new connection: %s" % e
urllib3.exceptions.NewConnectionError: <urllib3.connection.HTTPConnection object at 0x7ff068f9c790>: Failed to establish a new connection: [Errno -2] Name or service not known
elasticsearch: DEBUG: > None
urllib3.util.retry: DEBUG: Converted retries value: False -> Retry(total=False, connect=None, read=None, redirect=0, status=None)
urllib3.connectionpool: DEBUG: Starting new HTTP connection (144): elasticsearch:9200
elasticsearch: WARNING: DELETE http://elasticsearch:9200/test_abc [status:N/A request:0.004s]
Traceback (most recent call last):
  File "/root/.cache/pypoetry/virtualenvs/cpdbv2-backend-VA82Wl8V-py3.7/lib/python3.7/site-packages/urllib3/connection.py", line 160, in _new_conn
    (self._dns_host, self.port), self.timeout, **extra_kw
  File "/root/.cache/pypoetry/virtualenvs/cpdbv2-backend-VA82Wl8V-py3.7/lib/python3.7/site-packages/urllib3/util/connection.py", line 61, in create_connection
    for res in socket.getaddrinfo(host, port, family, socket.SOCK_STREAM):
  File "/usr/local/lib/python3.7/socket.py", line 752, in getaddrinfo
    for res in _socket.getaddrinfo(host, port, family, type, proto, flags):
socket.gaierror: [Errno -2] Name or service not known

During handling of the above exception, another exception occurred:

Traceback (most recent call last):
  File "/root/.cache/pypoetry/virtualenvs/cpdbv2-backend-VA82Wl8V-py3.7/lib/python3.7/site-packages/elasticsearch/connection/http_urllib3.py", line 115, in perform_request
    response = self.pool.urlopen(method, url, body, retries=False, headers=self.headers, **kw)
  File "/root/.cache/pypoetry/virtualenvs/cpdbv2-backend-VA82Wl8V-py3.7/lib/python3.7/site-packages/urllib3/connectionpool.py", line 727, in urlopen
    method, url, error=e, _pool=self, _stacktrace=sys.exc_info()[2]
  File "/root/.cache/pypoetry/virtualenvs/cpdbv2-backend-VA82Wl8V-py3.7/lib/python3.7/site-packages/urllib3/util/retry.py", line 386, in increment
    raise six.reraise(type(error), error, _stacktrace)
  File "/root/.cache/pypoetry/virtualenvs/cpdbv2-backend-VA82Wl8V-py3.7/lib/python3.7/site-packages/urllib3/packages/six.py", line 735, in reraise
    raise value
  File "/root/.cache/pypoetry/virtualenvs/cpdbv2-backend-VA82Wl8V-py3.7/lib/python3.7/site-packages/urllib3/connectionpool.py", line 677, in urlopen
    chunked=chunked,
  File "/root/.cache/pypoetry/virtualenvs/cpdbv2-backend-VA82Wl8V-py3.7/lib/python3.7/site-packages/urllib3/connectionpool.py", line 392, in _make_request
    conn.request(method, url, **httplib_request_kw)
  File "/usr/local/lib/python3.7/http/client.py", line 1281, in request
    self._send_request(method, url, body, headers, encode_chunked)
  File "/usr/local/lib/python3.7/http/client.py", line 1327, in _send_request
    self.endheaders(body, encode_chunked=encode_chunked)
  File "/usr/local/lib/python3.7/http/client.py", line 1276, in endheaders
    self._send_output(message_body, encode_chunked=encode_chunked)
  File "/usr/local/lib/python3.7/http/client.py", line 1036, in _send_output
    self.send(msg)
  File "/usr/local/lib/python3.7/http/client.py", line 976, in send
    self.connect()
  File "/root/.cache/pypoetry/virtualenvs/cpdbv2-backend-VA82Wl8V-py3.7/lib/python3.7/site-packages/urllib3/connection.py", line 187, in connect
    conn = self._new_conn()
  File "/root/.cache/pypoetry/virtualenvs/cpdbv2-backend-VA82Wl8V-py3.7/lib/python3.7/site-packages/urllib3/connection.py", line 172, in _new_conn
    self, "Failed to establish a new connection: %s" % e
urllib3.exceptions.NewConnectionError: <urllib3.connection.HTTPConnection object at 0x7ff068f9c390>: Failed to establish a new connection: [Errno -2] Name or service not known
elasticsearch: DEBUG: > None
--------------------- >> end captured logging << ---------------------

======================================================================
ERROR: test_migrate_all_doc_types_when_doc_types_none (es_index.tests.test_index_aliases.IndexAliasTestCase)
----------------------------------------------------------------------
Traceback (most recent call last):
  File "/usr/src/app/cpdb/es_index/tests/test_index_aliases.py", line 23, in setUp
    es_client.indices.delete(self.real_name, ignore=404)
  File "/root/.cache/pypoetry/virtualenvs/cpdbv2-backend-VA82Wl8V-py3.7/lib/python3.7/site-packages/elasticsearch/client/utils.py", line 73, in _wrapped
    return func(*args, params=params, **kwargs)
  File "/root/.cache/pypoetry/virtualenvs/cpdbv2-backend-VA82Wl8V-py3.7/lib/python3.7/site-packages/elasticsearch/client/indices.py", line 200, in delete
    params=params)
  File "/root/.cache/pypoetry/virtualenvs/cpdbv2-backend-VA82Wl8V-py3.7/lib/python3.7/site-packages/elasticsearch/transport.py", line 312, in perform_request
    status, headers, data = connection.perform_request(method, url, params, body, ignore=ignore, timeout=timeout)
  File "/root/.cache/pypoetry/virtualenvs/cpdbv2-backend-VA82Wl8V-py3.7/lib/python3.7/site-packages/elasticsearch/connection/http_urllib3.py", line 124, in perform_request
    raise ConnectionError('N/A', str(e), e)
elasticsearch.exceptions.ConnectionError: ConnectionError(<urllib3.connection.HTTPConnection object at 0x7ff068f97c50>: Failed to establish a new connection: [Errno -2] Name or service not known) caused by: NewConnectionError(<urllib3.connection.HTTPConnection object at 0x7ff068f97c50>: Failed to establish a new connection: [Errno -2] Name or service not known)
-------------------- >> begin captured logging << --------------------
urllib3.util.retry: DEBUG: Converted retries value: False -> Retry(total=False, connect=None, read=None, redirect=0, status=None)
urllib3.connectionpool: DEBUG: Starting new HTTP connection (145): elasticsearch:9200
elasticsearch: WARNING: DELETE http://elasticsearch:9200/test_abc [status:N/A request:0.004s]
Traceback (most recent call last):
  File "/root/.cache/pypoetry/virtualenvs/cpdbv2-backend-VA82Wl8V-py3.7/lib/python3.7/site-packages/urllib3/connection.py", line 160, in _new_conn
    (self._dns_host, self.port), self.timeout, **extra_kw
  File "/root/.cache/pypoetry/virtualenvs/cpdbv2-backend-VA82Wl8V-py3.7/lib/python3.7/site-packages/urllib3/util/connection.py", line 61, in create_connection
    for res in socket.getaddrinfo(host, port, family, socket.SOCK_STREAM):
  File "/usr/local/lib/python3.7/socket.py", line 752, in getaddrinfo
    for res in _socket.getaddrinfo(host, port, family, type, proto, flags):
socket.gaierror: [Errno -2] Name or service not known

During handling of the above exception, another exception occurred:

Traceback (most recent call last):
  File "/root/.cache/pypoetry/virtualenvs/cpdbv2-backend-VA82Wl8V-py3.7/lib/python3.7/site-packages/elasticsearch/connection/http_urllib3.py", line 115, in perform_request
    response = self.pool.urlopen(method, url, body, retries=False, headers=self.headers, **kw)
  File "/root/.cache/pypoetry/virtualenvs/cpdbv2-backend-VA82Wl8V-py3.7/lib/python3.7/site-packages/urllib3/connectionpool.py", line 727, in urlopen
    method, url, error=e, _pool=self, _stacktrace=sys.exc_info()[2]
  File "/root/.cache/pypoetry/virtualenvs/cpdbv2-backend-VA82Wl8V-py3.7/lib/python3.7/site-packages/urllib3/util/retry.py", line 386, in increment
    raise six.reraise(type(error), error, _stacktrace)
  File "/root/.cache/pypoetry/virtualenvs/cpdbv2-backend-VA82Wl8V-py3.7/lib/python3.7/site-packages/urllib3/packages/six.py", line 735, in reraise
    raise value
  File "/root/.cache/pypoetry/virtualenvs/cpdbv2-backend-VA82Wl8V-py3.7/lib/python3.7/site-packages/urllib3/connectionpool.py", line 677, in urlopen
    chunked=chunked,
  File "/root/.cache/pypoetry/virtualenvs/cpdbv2-backend-VA82Wl8V-py3.7/lib/python3.7/site-packages/urllib3/connectionpool.py", line 392, in _make_request
    conn.request(method, url, **httplib_request_kw)
  File "/usr/local/lib/python3.7/http/client.py", line 1281, in request
    self._send_request(method, url, body, headers, encode_chunked)
  File "/usr/local/lib/python3.7/http/client.py", line 1327, in _send_request
    self.endheaders(body, encode_chunked=encode_chunked)
  File "/usr/local/lib/python3.7/http/client.py", line 1276, in endheaders
    self._send_output(message_body, encode_chunked=encode_chunked)
  File "/usr/local/lib/python3.7/http/client.py", line 1036, in _send_output
    self.send(msg)
  File "/usr/local/lib/python3.7/http/client.py", line 976, in send
    self.connect()
  File "/root/.cache/pypoetry/virtualenvs/cpdbv2-backend-VA82Wl8V-py3.7/lib/python3.7/site-packages/urllib3/connection.py", line 187, in connect
    conn = self._new_conn()
  File "/root/.cache/pypoetry/virtualenvs/cpdbv2-backend-VA82Wl8V-py3.7/lib/python3.7/site-packages/urllib3/connection.py", line 172, in _new_conn
    self, "Failed to establish a new connection: %s" % e
urllib3.exceptions.NewConnectionError: <urllib3.connection.HTTPConnection object at 0x7ff068f9c0d0>: Failed to establish a new connection: [Errno -2] Name or service not known
elasticsearch: DEBUG: > None
urllib3.util.retry: DEBUG: Converted retries value: False -> Retry(total=False, connect=None, read=None, redirect=0, status=None)
urllib3.connectionpool: DEBUG: Starting new HTTP connection (146): elasticsearch:9200
elasticsearch: WARNING: DELETE http://elasticsearch:9200/test_abc [status:N/A request:0.004s]
Traceback (most recent call last):
  File "/root/.cache/pypoetry/virtualenvs/cpdbv2-backend-VA82Wl8V-py3.7/lib/python3.7/site-packages/urllib3/connection.py", line 160, in _new_conn
    (self._dns_host, self.port), self.timeout, **extra_kw
  File "/root/.cache/pypoetry/virtualenvs/cpdbv2-backend-VA82Wl8V-py3.7/lib/python3.7/site-packages/urllib3/util/connection.py", line 61, in create_connection
    for res in socket.getaddrinfo(host, port, family, socket.SOCK_STREAM):
  File "/usr/local/lib/python3.7/socket.py", line 752, in getaddrinfo
    for res in _socket.getaddrinfo(host, port, family, type, proto, flags):
socket.gaierror: [Errno -2] Name or service not known

During handling of the above exception, another exception occurred:

Traceback (most recent call last):
  File "/root/.cache/pypoetry/virtualenvs/cpdbv2-backend-VA82Wl8V-py3.7/lib/python3.7/site-packages/elasticsearch/connection/http_urllib3.py", line 115, in perform_request
    response = self.pool.urlopen(method, url, body, retries=False, headers=self.headers, **kw)
  File "/root/.cache/pypoetry/virtualenvs/cpdbv2-backend-VA82Wl8V-py3.7/lib/python3.7/site-packages/urllib3/connectionpool.py", line 727, in urlopen
    method, url, error=e, _pool=self, _stacktrace=sys.exc_info()[2]
  File "/root/.cache/pypoetry/virtualenvs/cpdbv2-backend-VA82Wl8V-py3.7/lib/python3.7/site-packages/urllib3/util/retry.py", line 386, in increment
    raise six.reraise(type(error), error, _stacktrace)
  File "/root/.cache/pypoetry/virtualenvs/cpdbv2-backend-VA82Wl8V-py3.7/lib/python3.7/site-packages/urllib3/packages/six.py", line 735, in reraise
    raise value
  File "/root/.cache/pypoetry/virtualenvs/cpdbv2-backend-VA82Wl8V-py3.7/lib/python3.7/site-packages/urllib3/connectionpool.py", line 677, in urlopen
    chunked=chunked,
  File "/root/.cache/pypoetry/virtualenvs/cpdbv2-backend-VA82Wl8V-py3.7/lib/python3.7/site-packages/urllib3/connectionpool.py", line 392, in _make_request
    conn.request(method, url, **httplib_request_kw)
  File "/usr/local/lib/python3.7/http/client.py", line 1281, in request
    self._send_request(method, url, body, headers, encode_chunked)
  File "/usr/local/lib/python3.7/http/client.py", line 1327, in _send_request
    self.endheaders(body, encode_chunked=encode_chunked)
  File "/usr/local/lib/python3.7/http/client.py", line 1276, in endheaders
    self._send_output(message_body, encode_chunked=encode_chunked)
  File "/usr/local/lib/python3.7/http/client.py", line 1036, in _send_output
    self.send(msg)
  File "/usr/local/lib/python3.7/http/client.py", line 976, in send
    self.connect()
  File "/root/.cache/pypoetry/virtualenvs/cpdbv2-backend-VA82Wl8V-py3.7/lib/python3.7/site-packages/urllib3/connection.py", line 187, in connect
    conn = self._new_conn()
  File "/root/.cache/pypoetry/virtualenvs/cpdbv2-backend-VA82Wl8V-py3.7/lib/python3.7/site-packages/urllib3/connection.py", line 172, in _new_conn
    self, "Failed to establish a new connection: %s" % e
urllib3.exceptions.NewConnectionError: <urllib3.connection.HTTPConnection object at 0x7ff068f97e10>: Failed to establish a new connection: [Errno -2] Name or service not known
elasticsearch: DEBUG: > None
urllib3.util.retry: DEBUG: Converted retries value: False -> Retry(total=False, connect=None, read=None, redirect=0, status=None)
urllib3.connectionpool: DEBUG: Starting new HTTP connection (147): elasticsearch:9200
elasticsearch: WARNING: DELETE http://elasticsearch:9200/test_abc [status:N/A request:0.005s]
Traceback (most recent call last):
  File "/root/.cache/pypoetry/virtualenvs/cpdbv2-backend-VA82Wl8V-py3.7/lib/python3.7/site-packages/urllib3/connection.py", line 160, in _new_conn
    (self._dns_host, self.port), self.timeout, **extra_kw
  File "/root/.cache/pypoetry/virtualenvs/cpdbv2-backend-VA82Wl8V-py3.7/lib/python3.7/site-packages/urllib3/util/connection.py", line 61, in create_connection
    for res in socket.getaddrinfo(host, port, family, socket.SOCK_STREAM):
  File "/usr/local/lib/python3.7/socket.py", line 752, in getaddrinfo
    for res in _socket.getaddrinfo(host, port, family, type, proto, flags):
socket.gaierror: [Errno -2] Name or service not known

During handling of the above exception, another exception occurred:

Traceback (most recent call last):
  File "/root/.cache/pypoetry/virtualenvs/cpdbv2-backend-VA82Wl8V-py3.7/lib/python3.7/site-packages/elasticsearch/connection/http_urllib3.py", line 115, in perform_request
    response = self.pool.urlopen(method, url, body, retries=False, headers=self.headers, **kw)
  File "/root/.cache/pypoetry/virtualenvs/cpdbv2-backend-VA82Wl8V-py3.7/lib/python3.7/site-packages/urllib3/connectionpool.py", line 727, in urlopen
    method, url, error=e, _pool=self, _stacktrace=sys.exc_info()[2]
  File "/root/.cache/pypoetry/virtualenvs/cpdbv2-backend-VA82Wl8V-py3.7/lib/python3.7/site-packages/urllib3/util/retry.py", line 386, in increment
    raise six.reraise(type(error), error, _stacktrace)
  File "/root/.cache/pypoetry/virtualenvs/cpdbv2-backend-VA82Wl8V-py3.7/lib/python3.7/site-packages/urllib3/packages/six.py", line 735, in reraise
    raise value
  File "/root/.cache/pypoetry/virtualenvs/cpdbv2-backend-VA82Wl8V-py3.7/lib/python3.7/site-packages/urllib3/connectionpool.py", line 677, in urlopen
    chunked=chunked,
  File "/root/.cache/pypoetry/virtualenvs/cpdbv2-backend-VA82Wl8V-py3.7/lib/python3.7/site-packages/urllib3/connectionpool.py", line 392, in _make_request
    conn.request(method, url, **httplib_request_kw)
  File "/usr/local/lib/python3.7/http/client.py", line 1281, in request
    self._send_request(method, url, body, headers, encode_chunked)
  File "/usr/local/lib/python3.7/http/client.py", line 1327, in _send_request
    self.endheaders(body, encode_chunked=encode_chunked)
  File "/usr/local/lib/python3.7/http/client.py", line 1276, in endheaders
    self._send_output(message_body, encode_chunked=encode_chunked)
  File "/usr/local/lib/python3.7/http/client.py", line 1036, in _send_output
    self.send(msg)
  File "/usr/local/lib/python3.7/http/client.py", line 976, in send
    self.connect()
  File "/root/.cache/pypoetry/virtualenvs/cpdbv2-backend-VA82Wl8V-py3.7/lib/python3.7/site-packages/urllib3/connection.py", line 187, in connect
    conn = self._new_conn()
  File "/root/.cache/pypoetry/virtualenvs/cpdbv2-backend-VA82Wl8V-py3.7/lib/python3.7/site-packages/urllib3/connection.py", line 172, in _new_conn
    self, "Failed to establish a new connection: %s" % e
urllib3.exceptions.NewConnectionError: <urllib3.connection.HTTPConnection object at 0x7ff068f979d0>: Failed to establish a new connection: [Errno -2] Name or service not known
elasticsearch: DEBUG: > None
urllib3.util.retry: DEBUG: Converted retries value: False -> Retry(total=False, connect=None, read=None, redirect=0, status=None)
urllib3.connectionpool: DEBUG: Starting new HTTP connection (148): elasticsearch:9200
elasticsearch: WARNING: DELETE http://elasticsearch:9200/test_abc [status:N/A request:0.004s]
Traceback (most recent call last):
  File "/root/.cache/pypoetry/virtualenvs/cpdbv2-backend-VA82Wl8V-py3.7/lib/python3.7/site-packages/urllib3/connection.py", line 160, in _new_conn
    (self._dns_host, self.port), self.timeout, **extra_kw
  File "/root/.cache/pypoetry/virtualenvs/cpdbv2-backend-VA82Wl8V-py3.7/lib/python3.7/site-packages/urllib3/util/connection.py", line 61, in create_connection
    for res in socket.getaddrinfo(host, port, family, socket.SOCK_STREAM):
  File "/usr/local/lib/python3.7/socket.py", line 752, in getaddrinfo
    for res in _socket.getaddrinfo(host, port, family, type, proto, flags):
socket.gaierror: [Errno -2] Name or service not known

During handling of the above exception, another exception occurred:

Traceback (most recent call last):
  File "/root/.cache/pypoetry/virtualenvs/cpdbv2-backend-VA82Wl8V-py3.7/lib/python3.7/site-packages/elasticsearch/connection/http_urllib3.py", line 115, in perform_request
    response = self.pool.urlopen(method, url, body, retries=False, headers=self.headers, **kw)
  File "/root/.cache/pypoetry/virtualenvs/cpdbv2-backend-VA82Wl8V-py3.7/lib/python3.7/site-packages/urllib3/connectionpool.py", line 727, in urlopen
    method, url, error=e, _pool=self, _stacktrace=sys.exc_info()[2]
  File "/root/.cache/pypoetry/virtualenvs/cpdbv2-backend-VA82Wl8V-py3.7/lib/python3.7/site-packages/urllib3/util/retry.py", line 386, in increment
    raise six.reraise(type(error), error, _stacktrace)
  File "/root/.cache/pypoetry/virtualenvs/cpdbv2-backend-VA82Wl8V-py3.7/lib/python3.7/site-packages/urllib3/packages/six.py", line 735, in reraise
    raise value
  File "/root/.cache/pypoetry/virtualenvs/cpdbv2-backend-VA82Wl8V-py3.7/lib/python3.7/site-packages/urllib3/connectionpool.py", line 677, in urlopen
    chunked=chunked,
  File "/root/.cache/pypoetry/virtualenvs/cpdbv2-backend-VA82Wl8V-py3.7/lib/python3.7/site-packages/urllib3/connectionpool.py", line 392, in _make_request
    conn.request(method, url, **httplib_request_kw)
  File "/usr/local/lib/python3.7/http/client.py", line 1281, in request
    self._send_request(method, url, body, headers, encode_chunked)
  File "/usr/local/lib/python3.7/http/client.py", line 1327, in _send_request
    self.endheaders(body, encode_chunked=encode_chunked)
  File "/usr/local/lib/python3.7/http/client.py", line 1276, in endheaders
    self._send_output(message_body, encode_chunked=encode_chunked)
  File "/usr/local/lib/python3.7/http/client.py", line 1036, in _send_output
    self.send(msg)
  File "/usr/local/lib/python3.7/http/client.py", line 976, in send
    self.connect()
  File "/root/.cache/pypoetry/virtualenvs/cpdbv2-backend-VA82Wl8V-py3.7/lib/python3.7/site-packages/urllib3/connection.py", line 187, in connect
    conn = self._new_conn()
  File "/root/.cache/pypoetry/virtualenvs/cpdbv2-backend-VA82Wl8V-py3.7/lib/python3.7/site-packages/urllib3/connection.py", line 172, in _new_conn
    self, "Failed to establish a new connection: %s" % e
urllib3.exceptions.NewConnectionError: <urllib3.connection.HTTPConnection object at 0x7ff068f97c50>: Failed to establish a new connection: [Errno -2] Name or service not known
elasticsearch: DEBUG: > None
--------------------- >> end captured logging << ---------------------

======================================================================
ERROR: test_migrate_call_reindex_when_doc_types_is_not_empty (es_index.tests.test_index_aliases.IndexAliasTestCase)
----------------------------------------------------------------------
Traceback (most recent call last):
  File "/usr/src/app/cpdb/es_index/tests/test_index_aliases.py", line 23, in setUp
    es_client.indices.delete(self.real_name, ignore=404)
  File "/root/.cache/pypoetry/virtualenvs/cpdbv2-backend-VA82Wl8V-py3.7/lib/python3.7/site-packages/elasticsearch/client/utils.py", line 73, in _wrapped
    return func(*args, params=params, **kwargs)
  File "/root/.cache/pypoetry/virtualenvs/cpdbv2-backend-VA82Wl8V-py3.7/lib/python3.7/site-packages/elasticsearch/client/indices.py", line 200, in delete
    params=params)
  File "/root/.cache/pypoetry/virtualenvs/cpdbv2-backend-VA82Wl8V-py3.7/lib/python3.7/site-packages/elasticsearch/transport.py", line 312, in perform_request
    status, headers, data = connection.perform_request(method, url, params, body, ignore=ignore, timeout=timeout)
  File "/root/.cache/pypoetry/virtualenvs/cpdbv2-backend-VA82Wl8V-py3.7/lib/python3.7/site-packages/elasticsearch/connection/http_urllib3.py", line 124, in perform_request
    raise ConnectionError('N/A', str(e), e)
elasticsearch.exceptions.ConnectionError: ConnectionError(<urllib3.connection.HTTPConnection object at 0x7ff068f354d0>: Failed to establish a new connection: [Errno -2] Name or service not known) caused by: NewConnectionError(<urllib3.connection.HTTPConnection object at 0x7ff068f354d0>: Failed to establish a new connection: [Errno -2] Name or service not known)
-------------------- >> begin captured logging << --------------------
urllib3.util.retry: DEBUG: Converted retries value: False -> Retry(total=False, connect=None, read=None, redirect=0, status=None)
urllib3.connectionpool: DEBUG: Starting new HTTP connection (149): elasticsearch:9200
elasticsearch: WARNING: DELETE http://elasticsearch:9200/test_abc [status:N/A request:0.004s]
Traceback (most recent call last):
  File "/root/.cache/pypoetry/virtualenvs/cpdbv2-backend-VA82Wl8V-py3.7/lib/python3.7/site-packages/urllib3/connection.py", line 160, in _new_conn
    (self._dns_host, self.port), self.timeout, **extra_kw
  File "/root/.cache/pypoetry/virtualenvs/cpdbv2-backend-VA82Wl8V-py3.7/lib/python3.7/site-packages/urllib3/util/connection.py", line 61, in create_connection
    for res in socket.getaddrinfo(host, port, family, socket.SOCK_STREAM):
  File "/usr/local/lib/python3.7/socket.py", line 752, in getaddrinfo
    for res in _socket.getaddrinfo(host, port, family, type, proto, flags):
socket.gaierror: [Errno -2] Name or service not known

During handling of the above exception, another exception occurred:

Traceback (most recent call last):
  File "/root/.cache/pypoetry/virtualenvs/cpdbv2-backend-VA82Wl8V-py3.7/lib/python3.7/site-packages/elasticsearch/connection/http_urllib3.py", line 115, in perform_request
    response = self.pool.urlopen(method, url, body, retries=False, headers=self.headers, **kw)
  File "/root/.cache/pypoetry/virtualenvs/cpdbv2-backend-VA82Wl8V-py3.7/lib/python3.7/site-packages/urllib3/connectionpool.py", line 727, in urlopen
    method, url, error=e, _pool=self, _stacktrace=sys.exc_info()[2]
  File "/root/.cache/pypoetry/virtualenvs/cpdbv2-backend-VA82Wl8V-py3.7/lib/python3.7/site-packages/urllib3/util/retry.py", line 386, in increment
    raise six.reraise(type(error), error, _stacktrace)
  File "/root/.cache/pypoetry/virtualenvs/cpdbv2-backend-VA82Wl8V-py3.7/lib/python3.7/site-packages/urllib3/packages/six.py", line 735, in reraise
    raise value
  File "/root/.cache/pypoetry/virtualenvs/cpdbv2-backend-VA82Wl8V-py3.7/lib/python3.7/site-packages/urllib3/connectionpool.py", line 677, in urlopen
    chunked=chunked,
  File "/root/.cache/pypoetry/virtualenvs/cpdbv2-backend-VA82Wl8V-py3.7/lib/python3.7/site-packages/urllib3/connectionpool.py", line 392, in _make_request
    conn.request(method, url, **httplib_request_kw)
  File "/usr/local/lib/python3.7/http/client.py", line 1281, in request
    self._send_request(method, url, body, headers, encode_chunked)
  File "/usr/local/lib/python3.7/http/client.py", line 1327, in _send_request
    self.endheaders(body, encode_chunked=encode_chunked)
  File "/usr/local/lib/python3.7/http/client.py", line 1276, in endheaders
    self._send_output(message_body, encode_chunked=encode_chunked)
  File "/usr/local/lib/python3.7/http/client.py", line 1036, in _send_output
    self.send(msg)
  File "/usr/local/lib/python3.7/http/client.py", line 976, in send
    self.connect()
  File "/root/.cache/pypoetry/virtualenvs/cpdbv2-backend-VA82Wl8V-py3.7/lib/python3.7/site-packages/urllib3/connection.py", line 187, in connect
    conn = self._new_conn()
  File "/root/.cache/pypoetry/virtualenvs/cpdbv2-backend-VA82Wl8V-py3.7/lib/python3.7/site-packages/urllib3/connection.py", line 172, in _new_conn
    self, "Failed to establish a new connection: %s" % e
urllib3.exceptions.NewConnectionError: <urllib3.connection.HTTPConnection object at 0x7ff068f9fe50>: Failed to establish a new connection: [Errno -2] Name or service not known
elasticsearch: DEBUG: > None
urllib3.util.retry: DEBUG: Converted retries value: False -> Retry(total=False, connect=None, read=None, redirect=0, status=None)
urllib3.connectionpool: DEBUG: Starting new HTTP connection (150): elasticsearch:9200
elasticsearch: WARNING: DELETE http://elasticsearch:9200/test_abc [status:N/A request:0.004s]
Traceback (most recent call last):
  File "/root/.cache/pypoetry/virtualenvs/cpdbv2-backend-VA82Wl8V-py3.7/lib/python3.7/site-packages/urllib3/connection.py", line 160, in _new_conn
    (self._dns_host, self.port), self.timeout, **extra_kw
  File "/root/.cache/pypoetry/virtualenvs/cpdbv2-backend-VA82Wl8V-py3.7/lib/python3.7/site-packages/urllib3/util/connection.py", line 61, in create_connection
    for res in socket.getaddrinfo(host, port, family, socket.SOCK_STREAM):
  File "/usr/local/lib/python3.7/socket.py", line 752, in getaddrinfo
    for res in _socket.getaddrinfo(host, port, family, type, proto, flags):
socket.gaierror: [Errno -2] Name or service not known

During handling of the above exception, another exception occurred:

Traceback (most recent call last):
  File "/root/.cache/pypoetry/virtualenvs/cpdbv2-backend-VA82Wl8V-py3.7/lib/python3.7/site-packages/elasticsearch/connection/http_urllib3.py", line 115, in perform_request
    response = self.pool.urlopen(method, url, body, retries=False, headers=self.headers, **kw)
  File "/root/.cache/pypoetry/virtualenvs/cpdbv2-backend-VA82Wl8V-py3.7/lib/python3.7/site-packages/urllib3/connectionpool.py", line 727, in urlopen
    method, url, error=e, _pool=self, _stacktrace=sys.exc_info()[2]
  File "/root/.cache/pypoetry/virtualenvs/cpdbv2-backend-VA82Wl8V-py3.7/lib/python3.7/site-packages/urllib3/util/retry.py", line 386, in increment
    raise six.reraise(type(error), error, _stacktrace)
  File "/root/.cache/pypoetry/virtualenvs/cpdbv2-backend-VA82Wl8V-py3.7/lib/python3.7/site-packages/urllib3/packages/six.py", line 735, in reraise
    raise value
  File "/root/.cache/pypoetry/virtualenvs/cpdbv2-backend-VA82Wl8V-py3.7/lib/python3.7/site-packages/urllib3/connectionpool.py", line 677, in urlopen
    chunked=chunked,
  File "/root/.cache/pypoetry/virtualenvs/cpdbv2-backend-VA82Wl8V-py3.7/lib/python3.7/site-packages/urllib3/connectionpool.py", line 392, in _make_request
    conn.request(method, url, **httplib_request_kw)
  File "/usr/local/lib/python3.7/http/client.py", line 1281, in request
    self._send_request(method, url, body, headers, encode_chunked)
  File "/usr/local/lib/python3.7/http/client.py", line 1327, in _send_request
    self.endheaders(body, encode_chunked=encode_chunked)
  File "/usr/local/lib/python3.7/http/client.py", line 1276, in endheaders
    self._send_output(message_body, encode_chunked=encode_chunked)
  File "/usr/local/lib/python3.7/http/client.py", line 1036, in _send_output
    self.send(msg)
  File "/usr/local/lib/python3.7/http/client.py", line 976, in send
    self.connect()
  File "/root/.cache/pypoetry/virtualenvs/cpdbv2-backend-VA82Wl8V-py3.7/lib/python3.7/site-packages/urllib3/connection.py", line 187, in connect
    conn = self._new_conn()
  File "/root/.cache/pypoetry/virtualenvs/cpdbv2-backend-VA82Wl8V-py3.7/lib/python3.7/site-packages/urllib3/connection.py", line 172, in _new_conn
    self, "Failed to establish a new connection: %s" % e
urllib3.exceptions.NewConnectionError: <urllib3.connection.HTTPConnection object at 0x7ff068f35110>: Failed to establish a new connection: [Errno -2] Name or service not known
elasticsearch: DEBUG: > None
urllib3.util.retry: DEBUG: Converted retries value: False -> Retry(total=False, connect=None, read=None, redirect=0, status=None)
urllib3.connectionpool: DEBUG: Starting new HTTP connection (151): elasticsearch:9200
elasticsearch: WARNING: DELETE http://elasticsearch:9200/test_abc [status:N/A request:0.004s]
Traceback (most recent call last):
  File "/root/.cache/pypoetry/virtualenvs/cpdbv2-backend-VA82Wl8V-py3.7/lib/python3.7/site-packages/urllib3/connection.py", line 160, in _new_conn
    (self._dns_host, self.port), self.timeout, **extra_kw
  File "/root/.cache/pypoetry/virtualenvs/cpdbv2-backend-VA82Wl8V-py3.7/lib/python3.7/site-packages/urllib3/util/connection.py", line 61, in create_connection
    for res in socket.getaddrinfo(host, port, family, socket.SOCK_STREAM):
  File "/usr/local/lib/python3.7/socket.py", line 752, in getaddrinfo
    for res in _socket.getaddrinfo(host, port, family, type, proto, flags):
socket.gaierror: [Errno -2] Name or service not known

During handling of the above exception, another exception occurred:

Traceback (most recent call last):
  File "/root/.cache/pypoetry/virtualenvs/cpdbv2-backend-VA82Wl8V-py3.7/lib/python3.7/site-packages/elasticsearch/connection/http_urllib3.py", line 115, in perform_request
    response = self.pool.urlopen(method, url, body, retries=False, headers=self.headers, **kw)
  File "/root/.cache/pypoetry/virtualenvs/cpdbv2-backend-VA82Wl8V-py3.7/lib/python3.7/site-packages/urllib3/connectionpool.py", line 727, in urlopen
    method, url, error=e, _pool=self, _stacktrace=sys.exc_info()[2]
  File "/root/.cache/pypoetry/virtualenvs/cpdbv2-backend-VA82Wl8V-py3.7/lib/python3.7/site-packages/urllib3/util/retry.py", line 386, in increment
    raise six.reraise(type(error), error, _stacktrace)
  File "/root/.cache/pypoetry/virtualenvs/cpdbv2-backend-VA82Wl8V-py3.7/lib/python3.7/site-packages/urllib3/packages/six.py", line 735, in reraise
    raise value
  File "/root/.cache/pypoetry/virtualenvs/cpdbv2-backend-VA82Wl8V-py3.7/lib/python3.7/site-packages/urllib3/connectionpool.py", line 677, in urlopen
    chunked=chunked,
  File "/root/.cache/pypoetry/virtualenvs/cpdbv2-backend-VA82Wl8V-py3.7/lib/python3.7/site-packages/urllib3/connectionpool.py", line 392, in _make_request
    conn.request(method, url, **httplib_request_kw)
  File "/usr/local/lib/python3.7/http/client.py", line 1281, in request
    self._send_request(method, url, body, headers, encode_chunked)
  File "/usr/local/lib/python3.7/http/client.py", line 1327, in _send_request
    self.endheaders(body, encode_chunked=encode_chunked)
  File "/usr/local/lib/python3.7/http/client.py", line 1276, in endheaders
    self._send_output(message_body, encode_chunked=encode_chunked)
  File "/usr/local/lib/python3.7/http/client.py", line 1036, in _send_output
    self.send(msg)
  File "/usr/local/lib/python3.7/http/client.py", line 976, in send
    self.connect()
  File "/root/.cache/pypoetry/virtualenvs/cpdbv2-backend-VA82Wl8V-py3.7/lib/python3.7/site-packages/urllib3/connection.py", line 187, in connect
    conn = self._new_conn()
  File "/root/.cache/pypoetry/virtualenvs/cpdbv2-backend-VA82Wl8V-py3.7/lib/python3.7/site-packages/urllib3/connection.py", line 172, in _new_conn
    self, "Failed to establish a new connection: %s" % e
urllib3.exceptions.NewConnectionError: <urllib3.connection.HTTPConnection object at 0x7ff068f35290>: Failed to establish a new connection: [Errno -2] Name or service not known
elasticsearch: DEBUG: > None
urllib3.util.retry: DEBUG: Converted retries value: False -> Retry(total=False, connect=None, read=None, redirect=0, status=None)
urllib3.connectionpool: DEBUG: Starting new HTTP connection (152): elasticsearch:9200
elasticsearch: WARNING: DELETE http://elasticsearch:9200/test_abc [status:N/A request:0.004s]
Traceback (most recent call last):
  File "/root/.cache/pypoetry/virtualenvs/cpdbv2-backend-VA82Wl8V-py3.7/lib/python3.7/site-packages/urllib3/connection.py", line 160, in _new_conn
    (self._dns_host, self.port), self.timeout, **extra_kw
  File "/root/.cache/pypoetry/virtualenvs/cpdbv2-backend-VA82Wl8V-py3.7/lib/python3.7/site-packages/urllib3/util/connection.py", line 61, in create_connection
    for res in socket.getaddrinfo(host, port, family, socket.SOCK_STREAM):
  File "/usr/local/lib/python3.7/socket.py", line 752, in getaddrinfo
    for res in _socket.getaddrinfo(host, port, family, type, proto, flags):
socket.gaierror: [Errno -2] Name or service not known

During handling of the above exception, another exception occurred:

Traceback (most recent call last):
  File "/root/.cache/pypoetry/virtualenvs/cpdbv2-backend-VA82Wl8V-py3.7/lib/python3.7/site-packages/elasticsearch/connection/http_urllib3.py", line 115, in perform_request
    response = self.pool.urlopen(method, url, body, retries=False, headers=self.headers, **kw)
  File "/root/.cache/pypoetry/virtualenvs/cpdbv2-backend-VA82Wl8V-py3.7/lib/python3.7/site-packages/urllib3/connectionpool.py", line 727, in urlopen
    method, url, error=e, _pool=self, _stacktrace=sys.exc_info()[2]
  File "/root/.cache/pypoetry/virtualenvs/cpdbv2-backend-VA82Wl8V-py3.7/lib/python3.7/site-packages/urllib3/util/retry.py", line 386, in increment
    raise six.reraise(type(error), error, _stacktrace)
  File "/root/.cache/pypoetry/virtualenvs/cpdbv2-backend-VA82Wl8V-py3.7/lib/python3.7/site-packages/urllib3/packages/six.py", line 735, in reraise
    raise value
  File "/root/.cache/pypoetry/virtualenvs/cpdbv2-backend-VA82Wl8V-py3.7/lib/python3.7/site-packages/urllib3/connectionpool.py", line 677, in urlopen
    chunked=chunked,
  File "/root/.cache/pypoetry/virtualenvs/cpdbv2-backend-VA82Wl8V-py3.7/lib/python3.7/site-packages/urllib3/connectionpool.py", line 392, in _make_request
    conn.request(method, url, **httplib_request_kw)
  File "/usr/local/lib/python3.7/http/client.py", line 1281, in request
    self._send_request(method, url, body, headers, encode_chunked)
  File "/usr/local/lib/python3.7/http/client.py", line 1327, in _send_request
    self.endheaders(body, encode_chunked=encode_chunked)
  File "/usr/local/lib/python3.7/http/client.py", line 1276, in endheaders
    self._send_output(message_body, encode_chunked=encode_chunked)
  File "/usr/local/lib/python3.7/http/client.py", line 1036, in _send_output
    self.send(msg)
  File "/usr/local/lib/python3.7/http/client.py", line 976, in send
    self.connect()
  File "/root/.cache/pypoetry/virtualenvs/cpdbv2-backend-VA82Wl8V-py3.7/lib/python3.7/site-packages/urllib3/connection.py", line 187, in connect
    conn = self._new_conn()
  File "/root/.cache/pypoetry/virtualenvs/cpdbv2-backend-VA82Wl8V-py3.7/lib/python3.7/site-packages/urllib3/connection.py", line 172, in _new_conn
    self, "Failed to establish a new connection: %s" % e
urllib3.exceptions.NewConnectionError: <urllib3.connection.HTTPConnection object at 0x7ff068f354d0>: Failed to establish a new connection: [Errno -2] Name or service not known
elasticsearch: DEBUG: > None
--------------------- >> end captured logging << ---------------------

======================================================================
ERROR: test_migrate_not_call_reindex_when_doc_types_empty (es_index.tests.test_index_aliases.IndexAliasTestCase)
----------------------------------------------------------------------
Traceback (most recent call last):
  File "/usr/src/app/cpdb/es_index/tests/test_index_aliases.py", line 23, in setUp
    es_client.indices.delete(self.real_name, ignore=404)
  File "/root/.cache/pypoetry/virtualenvs/cpdbv2-backend-VA82Wl8V-py3.7/lib/python3.7/site-packages/elasticsearch/client/utils.py", line 73, in _wrapped
    return func(*args, params=params, **kwargs)
  File "/root/.cache/pypoetry/virtualenvs/cpdbv2-backend-VA82Wl8V-py3.7/lib/python3.7/site-packages/elasticsearch/client/indices.py", line 200, in delete
    params=params)
  File "/root/.cache/pypoetry/virtualenvs/cpdbv2-backend-VA82Wl8V-py3.7/lib/python3.7/site-packages/elasticsearch/transport.py", line 312, in perform_request
    status, headers, data = connection.perform_request(method, url, params, body, ignore=ignore, timeout=timeout)
  File "/root/.cache/pypoetry/virtualenvs/cpdbv2-backend-VA82Wl8V-py3.7/lib/python3.7/site-packages/elasticsearch/connection/http_urllib3.py", line 124, in perform_request
    raise ConnectionError('N/A', str(e), e)
elasticsearch.exceptions.ConnectionError: ConnectionError(<urllib3.connection.HTTPConnection object at 0x7ff068f97750>: Failed to establish a new connection: [Errno -2] Name or service not known) caused by: NewConnectionError(<urllib3.connection.HTTPConnection object at 0x7ff068f97750>: Failed to establish a new connection: [Errno -2] Name or service not known)
-------------------- >> begin captured logging << --------------------
urllib3.util.retry: DEBUG: Converted retries value: False -> Retry(total=False, connect=None, read=None, redirect=0, status=None)
urllib3.connectionpool: DEBUG: Starting new HTTP connection (153): elasticsearch:9200
elasticsearch: WARNING: DELETE http://elasticsearch:9200/test_abc [status:N/A request:0.005s]
Traceback (most recent call last):
  File "/root/.cache/pypoetry/virtualenvs/cpdbv2-backend-VA82Wl8V-py3.7/lib/python3.7/site-packages/urllib3/connection.py", line 160, in _new_conn
    (self._dns_host, self.port), self.timeout, **extra_kw
  File "/root/.cache/pypoetry/virtualenvs/cpdbv2-backend-VA82Wl8V-py3.7/lib/python3.7/site-packages/urllib3/util/connection.py", line 61, in create_connection
    for res in socket.getaddrinfo(host, port, family, socket.SOCK_STREAM):
  File "/usr/local/lib/python3.7/socket.py", line 752, in getaddrinfo
    for res in _socket.getaddrinfo(host, port, family, type, proto, flags):
socket.gaierror: [Errno -2] Name or service not known

During handling of the above exception, another exception occurred:

Traceback (most recent call last):
  File "/root/.cache/pypoetry/virtualenvs/cpdbv2-backend-VA82Wl8V-py3.7/lib/python3.7/site-packages/elasticsearch/connection/http_urllib3.py", line 115, in perform_request
    response = self.pool.urlopen(method, url, body, retries=False, headers=self.headers, **kw)
  File "/root/.cache/pypoetry/virtualenvs/cpdbv2-backend-VA82Wl8V-py3.7/lib/python3.7/site-packages/urllib3/connectionpool.py", line 727, in urlopen
    method, url, error=e, _pool=self, _stacktrace=sys.exc_info()[2]
  File "/root/.cache/pypoetry/virtualenvs/cpdbv2-backend-VA82Wl8V-py3.7/lib/python3.7/site-packages/urllib3/util/retry.py", line 386, in increment
    raise six.reraise(type(error), error, _stacktrace)
  File "/root/.cache/pypoetry/virtualenvs/cpdbv2-backend-VA82Wl8V-py3.7/lib/python3.7/site-packages/urllib3/packages/six.py", line 735, in reraise
    raise value
  File "/root/.cache/pypoetry/virtualenvs/cpdbv2-backend-VA82Wl8V-py3.7/lib/python3.7/site-packages/urllib3/connectionpool.py", line 677, in urlopen
    chunked=chunked,
  File "/root/.cache/pypoetry/virtualenvs/cpdbv2-backend-VA82Wl8V-py3.7/lib/python3.7/site-packages/urllib3/connectionpool.py", line 392, in _make_request
    conn.request(method, url, **httplib_request_kw)
  File "/usr/local/lib/python3.7/http/client.py", line 1281, in request
    self._send_request(method, url, body, headers, encode_chunked)
  File "/usr/local/lib/python3.7/http/client.py", line 1327, in _send_request
    self.endheaders(body, encode_chunked=encode_chunked)
  File "/usr/local/lib/python3.7/http/client.py", line 1276, in endheaders
    self._send_output(message_body, encode_chunked=encode_chunked)
  File "/usr/local/lib/python3.7/http/client.py", line 1036, in _send_output
    self.send(msg)
  File "/usr/local/lib/python3.7/http/client.py", line 976, in send
    self.connect()
  File "/root/.cache/pypoetry/virtualenvs/cpdbv2-backend-VA82Wl8V-py3.7/lib/python3.7/site-packages/urllib3/connection.py", line 187, in connect
    conn = self._new_conn()
  File "/root/.cache/pypoetry/virtualenvs/cpdbv2-backend-VA82Wl8V-py3.7/lib/python3.7/site-packages/urllib3/connection.py", line 172, in _new_conn
    self, "Failed to establish a new connection: %s" % e
urllib3.exceptions.NewConnectionError: <urllib3.connection.HTTPConnection object at 0x7ff068f35490>: Failed to establish a new connection: [Errno -2] Name or service not known
elasticsearch: DEBUG: > None
urllib3.util.retry: DEBUG: Converted retries value: False -> Retry(total=False, connect=None, read=None, redirect=0, status=None)
urllib3.connectionpool: DEBUG: Starting new HTTP connection (154): elasticsearch:9200
elasticsearch: WARNING: DELETE http://elasticsearch:9200/test_abc [status:N/A request:0.004s]
Traceback (most recent call last):
  File "/root/.cache/pypoetry/virtualenvs/cpdbv2-backend-VA82Wl8V-py3.7/lib/python3.7/site-packages/urllib3/connection.py", line 160, in _new_conn
    (self._dns_host, self.port), self.timeout, **extra_kw
  File "/root/.cache/pypoetry/virtualenvs/cpdbv2-backend-VA82Wl8V-py3.7/lib/python3.7/site-packages/urllib3/util/connection.py", line 61, in create_connection
    for res in socket.getaddrinfo(host, port, family, socket.SOCK_STREAM):
  File "/usr/local/lib/python3.7/socket.py", line 752, in getaddrinfo
    for res in _socket.getaddrinfo(host, port, family, type, proto, flags):
socket.gaierror: [Errno -2] Name or service not known

During handling of the above exception, another exception occurred:

Traceback (most recent call last):
  File "/root/.cache/pypoetry/virtualenvs/cpdbv2-backend-VA82Wl8V-py3.7/lib/python3.7/site-packages/elasticsearch/connection/http_urllib3.py", line 115, in perform_request
    response = self.pool.urlopen(method, url, body, retries=False, headers=self.headers, **kw)
  File "/root/.cache/pypoetry/virtualenvs/cpdbv2-backend-VA82Wl8V-py3.7/lib/python3.7/site-packages/urllib3/connectionpool.py", line 727, in urlopen
    method, url, error=e, _pool=self, _stacktrace=sys.exc_info()[2]
  File "/root/.cache/pypoetry/virtualenvs/cpdbv2-backend-VA82Wl8V-py3.7/lib/python3.7/site-packages/urllib3/util/retry.py", line 386, in increment
    raise six.reraise(type(error), error, _stacktrace)
  File "/root/.cache/pypoetry/virtualenvs/cpdbv2-backend-VA82Wl8V-py3.7/lib/python3.7/site-packages/urllib3/packages/six.py", line 735, in reraise
    raise value
  File "/root/.cache/pypoetry/virtualenvs/cpdbv2-backend-VA82Wl8V-py3.7/lib/python3.7/site-packages/urllib3/connectionpool.py", line 677, in urlopen
    chunked=chunked,
  File "/root/.cache/pypoetry/virtualenvs/cpdbv2-backend-VA82Wl8V-py3.7/lib/python3.7/site-packages/urllib3/connectionpool.py", line 392, in _make_request
    conn.request(method, url, **httplib_request_kw)
  File "/usr/local/lib/python3.7/http/client.py", line 1281, in request
    self._send_request(method, url, body, headers, encode_chunked)
  File "/usr/local/lib/python3.7/http/client.py", line 1327, in _send_request
    self.endheaders(body, encode_chunked=encode_chunked)
  File "/usr/local/lib/python3.7/http/client.py", line 1276, in endheaders
    self._send_output(message_body, encode_chunked=encode_chunked)
  File "/usr/local/lib/python3.7/http/client.py", line 1036, in _send_output
    self.send(msg)
  File "/usr/local/lib/python3.7/http/client.py", line 976, in send
    self.connect()
  File "/root/.cache/pypoetry/virtualenvs/cpdbv2-backend-VA82Wl8V-py3.7/lib/python3.7/site-packages/urllib3/connection.py", line 187, in connect
    conn = self._new_conn()
  File "/root/.cache/pypoetry/virtualenvs/cpdbv2-backend-VA82Wl8V-py3.7/lib/python3.7/site-packages/urllib3/connection.py", line 172, in _new_conn
    self, "Failed to establish a new connection: %s" % e
urllib3.exceptions.NewConnectionError: <urllib3.connection.HTTPConnection object at 0x7ff068f35a90>: Failed to establish a new connection: [Errno -2] Name or service not known
elasticsearch: DEBUG: > None
urllib3.util.retry: DEBUG: Converted retries value: False -> Retry(total=False, connect=None, read=None, redirect=0, status=None)
urllib3.connectionpool: DEBUG: Starting new HTTP connection (155): elasticsearch:9200
elasticsearch: WARNING: DELETE http://elasticsearch:9200/test_abc [status:N/A request:0.004s]
Traceback (most recent call last):
  File "/root/.cache/pypoetry/virtualenvs/cpdbv2-backend-VA82Wl8V-py3.7/lib/python3.7/site-packages/urllib3/connection.py", line 160, in _new_conn
    (self._dns_host, self.port), self.timeout, **extra_kw
  File "/root/.cache/pypoetry/virtualenvs/cpdbv2-backend-VA82Wl8V-py3.7/lib/python3.7/site-packages/urllib3/util/connection.py", line 61, in create_connection
    for res in socket.getaddrinfo(host, port, family, socket.SOCK_STREAM):
  File "/usr/local/lib/python3.7/socket.py", line 752, in getaddrinfo
    for res in _socket.getaddrinfo(host, port, family, type, proto, flags):
socket.gaierror: [Errno -2] Name or service not known

During handling of the above exception, another exception occurred:

Traceback (most recent call last):
  File "/root/.cache/pypoetry/virtualenvs/cpdbv2-backend-VA82Wl8V-py3.7/lib/python3.7/site-packages/elasticsearch/connection/http_urllib3.py", line 115, in perform_request
    response = self.pool.urlopen(method, url, body, retries=False, headers=self.headers, **kw)
  File "/root/.cache/pypoetry/virtualenvs/cpdbv2-backend-VA82Wl8V-py3.7/lib/python3.7/site-packages/urllib3/connectionpool.py", line 727, in urlopen
    method, url, error=e, _pool=self, _stacktrace=sys.exc_info()[2]
  File "/root/.cache/pypoetry/virtualenvs/cpdbv2-backend-VA82Wl8V-py3.7/lib/python3.7/site-packages/urllib3/util/retry.py", line 386, in increment
    raise six.reraise(type(error), error, _stacktrace)
  File "/root/.cache/pypoetry/virtualenvs/cpdbv2-backend-VA82Wl8V-py3.7/lib/python3.7/site-packages/urllib3/packages/six.py", line 735, in reraise
    raise value
  File "/root/.cache/pypoetry/virtualenvs/cpdbv2-backend-VA82Wl8V-py3.7/lib/python3.7/site-packages/urllib3/connectionpool.py", line 677, in urlopen
    chunked=chunked,
  File "/root/.cache/pypoetry/virtualenvs/cpdbv2-backend-VA82Wl8V-py3.7/lib/python3.7/site-packages/urllib3/connectionpool.py", line 392, in _make_request
    conn.request(method, url, **httplib_request_kw)
  File "/usr/local/lib/python3.7/http/client.py", line 1281, in request
    self._send_request(method, url, body, headers, encode_chunked)
  File "/usr/local/lib/python3.7/http/client.py", line 1327, in _send_request
    self.endheaders(body, encode_chunked=encode_chunked)
  File "/usr/local/lib/python3.7/http/client.py", line 1276, in endheaders
    self._send_output(message_body, encode_chunked=encode_chunked)
  File "/usr/local/lib/python3.7/http/client.py", line 1036, in _send_output
    self.send(msg)
  File "/usr/local/lib/python3.7/http/client.py", line 976, in send
    self.connect()
  File "/root/.cache/pypoetry/virtualenvs/cpdbv2-backend-VA82Wl8V-py3.7/lib/python3.7/site-packages/urllib3/connection.py", line 187, in connect
    conn = self._new_conn()
  File "/root/.cache/pypoetry/virtualenvs/cpdbv2-backend-VA82Wl8V-py3.7/lib/python3.7/site-packages/urllib3/connection.py", line 172, in _new_conn
    self, "Failed to establish a new connection: %s" % e
urllib3.exceptions.NewConnectionError: <urllib3.connection.HTTPConnection object at 0x7ff068f9fd90>: Failed to establish a new connection: [Errno -2] Name or service not known
elasticsearch: DEBUG: > None
urllib3.util.retry: DEBUG: Converted retries value: False -> Retry(total=False, connect=None, read=None, redirect=0, status=None)
urllib3.connectionpool: DEBUG: Starting new HTTP connection (156): elasticsearch:9200
elasticsearch: WARNING: DELETE http://elasticsearch:9200/test_abc [status:N/A request:0.004s]
Traceback (most recent call last):
  File "/root/.cache/pypoetry/virtualenvs/cpdbv2-backend-VA82Wl8V-py3.7/lib/python3.7/site-packages/urllib3/connection.py", line 160, in _new_conn
    (self._dns_host, self.port), self.timeout, **extra_kw
  File "/root/.cache/pypoetry/virtualenvs/cpdbv2-backend-VA82Wl8V-py3.7/lib/python3.7/site-packages/urllib3/util/connection.py", line 61, in create_connection
    for res in socket.getaddrinfo(host, port, family, socket.SOCK_STREAM):
  File "/usr/local/lib/python3.7/socket.py", line 752, in getaddrinfo
    for res in _socket.getaddrinfo(host, port, family, type, proto, flags):
socket.gaierror: [Errno -2] Name or service not known

During handling of the above exception, another exception occurred:

Traceback (most recent call last):
  File "/root/.cache/pypoetry/virtualenvs/cpdbv2-backend-VA82Wl8V-py3.7/lib/python3.7/site-packages/elasticsearch/connection/http_urllib3.py", line 115, in perform_request
    response = self.pool.urlopen(method, url, body, retries=False, headers=self.headers, **kw)
  File "/root/.cache/pypoetry/virtualenvs/cpdbv2-backend-VA82Wl8V-py3.7/lib/python3.7/site-packages/urllib3/connectionpool.py", line 727, in urlopen
    method, url, error=e, _pool=self, _stacktrace=sys.exc_info()[2]
  File "/root/.cache/pypoetry/virtualenvs/cpdbv2-backend-VA82Wl8V-py3.7/lib/python3.7/site-packages/urllib3/util/retry.py", line 386, in increment
    raise six.reraise(type(error), error, _stacktrace)
  File "/root/.cache/pypoetry/virtualenvs/cpdbv2-backend-VA82Wl8V-py3.7/lib/python3.7/site-packages/urllib3/packages/six.py", line 735, in reraise
    raise value
  File "/root/.cache/pypoetry/virtualenvs/cpdbv2-backend-VA82Wl8V-py3.7/lib/python3.7/site-packages/urllib3/connectionpool.py", line 677, in urlopen
    chunked=chunked,
  File "/root/.cache/pypoetry/virtualenvs/cpdbv2-backend-VA82Wl8V-py3.7/lib/python3.7/site-packages/urllib3/connectionpool.py", line 392, in _make_request
    conn.request(method, url, **httplib_request_kw)
  File "/usr/local/lib/python3.7/http/client.py", line 1281, in request
    self._send_request(method, url, body, headers, encode_chunked)
  File "/usr/local/lib/python3.7/http/client.py", line 1327, in _send_request
    self.endheaders(body, encode_chunked=encode_chunked)
  File "/usr/local/lib/python3.7/http/client.py", line 1276, in endheaders
    self._send_output(message_body, encode_chunked=encode_chunked)
  File "/usr/local/lib/python3.7/http/client.py", line 1036, in _send_output
    self.send(msg)
  File "/usr/local/lib/python3.7/http/client.py", line 976, in send
    self.connect()
  File "/root/.cache/pypoetry/virtualenvs/cpdbv2-backend-VA82Wl8V-py3.7/lib/python3.7/site-packages/urllib3/connection.py", line 187, in connect
    conn = self._new_conn()
  File "/root/.cache/pypoetry/virtualenvs/cpdbv2-backend-VA82Wl8V-py3.7/lib/python3.7/site-packages/urllib3/connection.py", line 172, in _new_conn
    self, "Failed to establish a new connection: %s" % e
urllib3.exceptions.NewConnectionError: <urllib3.connection.HTTPConnection object at 0x7ff068f97750>: Failed to establish a new connection: [Errno -2] Name or service not known
elasticsearch: DEBUG: > None
--------------------- >> end captured logging << ---------------------

======================================================================
ERROR: test_querying (es_index.tests.test_index_aliases.IndexAliasTestCase)
----------------------------------------------------------------------
Traceback (most recent call last):
  File "/usr/src/app/cpdb/es_index/tests/test_index_aliases.py", line 23, in setUp
    es_client.indices.delete(self.real_name, ignore=404)
  File "/root/.cache/pypoetry/virtualenvs/cpdbv2-backend-VA82Wl8V-py3.7/lib/python3.7/site-packages/elasticsearch/client/utils.py", line 73, in _wrapped
    return func(*args, params=params, **kwargs)
  File "/root/.cache/pypoetry/virtualenvs/cpdbv2-backend-VA82Wl8V-py3.7/lib/python3.7/site-packages/elasticsearch/client/indices.py", line 200, in delete
    params=params)
  File "/root/.cache/pypoetry/virtualenvs/cpdbv2-backend-VA82Wl8V-py3.7/lib/python3.7/site-packages/elasticsearch/transport.py", line 312, in perform_request
    status, headers, data = connection.perform_request(method, url, params, body, ignore=ignore, timeout=timeout)
  File "/root/.cache/pypoetry/virtualenvs/cpdbv2-backend-VA82Wl8V-py3.7/lib/python3.7/site-packages/elasticsearch/connection/http_urllib3.py", line 124, in perform_request
    raise ConnectionError('N/A', str(e), e)
elasticsearch.exceptions.ConnectionError: ConnectionError(<urllib3.connection.HTTPConnection object at 0x7ff068f9c150>: Failed to establish a new connection: [Errno -2] Name or service not known) caused by: NewConnectionError(<urllib3.connection.HTTPConnection object at 0x7ff068f9c150>: Failed to establish a new connection: [Errno -2] Name or service not known)
-------------------- >> begin captured logging << --------------------
urllib3.util.retry: DEBUG: Converted retries value: False -> Retry(total=False, connect=None, read=None, redirect=0, status=None)
urllib3.connectionpool: DEBUG: Starting new HTTP connection (157): elasticsearch:9200
elasticsearch: WARNING: DELETE http://elasticsearch:9200/test_abc [status:N/A request:0.004s]
Traceback (most recent call last):
  File "/root/.cache/pypoetry/virtualenvs/cpdbv2-backend-VA82Wl8V-py3.7/lib/python3.7/site-packages/urllib3/connection.py", line 160, in _new_conn
    (self._dns_host, self.port), self.timeout, **extra_kw
  File "/root/.cache/pypoetry/virtualenvs/cpdbv2-backend-VA82Wl8V-py3.7/lib/python3.7/site-packages/urllib3/util/connection.py", line 61, in create_connection
    for res in socket.getaddrinfo(host, port, family, socket.SOCK_STREAM):
  File "/usr/local/lib/python3.7/socket.py", line 752, in getaddrinfo
    for res in _socket.getaddrinfo(host, port, family, type, proto, flags):
socket.gaierror: [Errno -2] Name or service not known

During handling of the above exception, another exception occurred:

Traceback (most recent call last):
  File "/root/.cache/pypoetry/virtualenvs/cpdbv2-backend-VA82Wl8V-py3.7/lib/python3.7/site-packages/elasticsearch/connection/http_urllib3.py", line 115, in perform_request
    response = self.pool.urlopen(method, url, body, retries=False, headers=self.headers, **kw)
  File "/root/.cache/pypoetry/virtualenvs/cpdbv2-backend-VA82Wl8V-py3.7/lib/python3.7/site-packages/urllib3/connectionpool.py", line 727, in urlopen
    method, url, error=e, _pool=self, _stacktrace=sys.exc_info()[2]
  File "/root/.cache/pypoetry/virtualenvs/cpdbv2-backend-VA82Wl8V-py3.7/lib/python3.7/site-packages/urllib3/util/retry.py", line 386, in increment
    raise six.reraise(type(error), error, _stacktrace)
  File "/root/.cache/pypoetry/virtualenvs/cpdbv2-backend-VA82Wl8V-py3.7/lib/python3.7/site-packages/urllib3/packages/six.py", line 735, in reraise
    raise value
  File "/root/.cache/pypoetry/virtualenvs/cpdbv2-backend-VA82Wl8V-py3.7/lib/python3.7/site-packages/urllib3/connectionpool.py", line 677, in urlopen
    chunked=chunked,
  File "/root/.cache/pypoetry/virtualenvs/cpdbv2-backend-VA82Wl8V-py3.7/lib/python3.7/site-packages/urllib3/connectionpool.py", line 392, in _make_request
    conn.request(method, url, **httplib_request_kw)
  File "/usr/local/lib/python3.7/http/client.py", line 1281, in request
    self._send_request(method, url, body, headers, encode_chunked)
  File "/usr/local/lib/python3.7/http/client.py", line 1327, in _send_request
    self.endheaders(body, encode_chunked=encode_chunked)
  File "/usr/local/lib/python3.7/http/client.py", line 1276, in endheaders
    self._send_output(message_body, encode_chunked=encode_chunked)
  File "/usr/local/lib/python3.7/http/client.py", line 1036, in _send_output
    self.send(msg)
  File "/usr/local/lib/python3.7/http/client.py", line 976, in send
    self.connect()
  File "/root/.cache/pypoetry/virtualenvs/cpdbv2-backend-VA82Wl8V-py3.7/lib/python3.7/site-packages/urllib3/connection.py", line 187, in connect
    conn = self._new_conn()
  File "/root/.cache/pypoetry/virtualenvs/cpdbv2-backend-VA82Wl8V-py3.7/lib/python3.7/site-packages/urllib3/connection.py", line 172, in _new_conn
    self, "Failed to establish a new connection: %s" % e
urllib3.exceptions.NewConnectionError: <urllib3.connection.HTTPConnection object at 0x7ff068f97d50>: Failed to establish a new connection: [Errno -2] Name or service not known
elasticsearch: DEBUG: > None
urllib3.util.retry: DEBUG: Converted retries value: False -> Retry(total=False, connect=None, read=None, redirect=0, status=None)
urllib3.connectionpool: DEBUG: Starting new HTTP connection (158): elasticsearch:9200
elasticsearch: WARNING: DELETE http://elasticsearch:9200/test_abc [status:N/A request:0.004s]
Traceback (most recent call last):
  File "/root/.cache/pypoetry/virtualenvs/cpdbv2-backend-VA82Wl8V-py3.7/lib/python3.7/site-packages/urllib3/connection.py", line 160, in _new_conn
    (self._dns_host, self.port), self.timeout, **extra_kw
  File "/root/.cache/pypoetry/virtualenvs/cpdbv2-backend-VA82Wl8V-py3.7/lib/python3.7/site-packages/urllib3/util/connection.py", line 61, in create_connection
    for res in socket.getaddrinfo(host, port, family, socket.SOCK_STREAM):
  File "/usr/local/lib/python3.7/socket.py", line 752, in getaddrinfo
    for res in _socket.getaddrinfo(host, port, family, type, proto, flags):
socket.gaierror: [Errno -2] Name or service not known

During handling of the above exception, another exception occurred:

Traceback (most recent call last):
  File "/root/.cache/pypoetry/virtualenvs/cpdbv2-backend-VA82Wl8V-py3.7/lib/python3.7/site-packages/elasticsearch/connection/http_urllib3.py", line 115, in perform_request
    response = self.pool.urlopen(method, url, body, retries=False, headers=self.headers, **kw)
  File "/root/.cache/pypoetry/virtualenvs/cpdbv2-backend-VA82Wl8V-py3.7/lib/python3.7/site-packages/urllib3/connectionpool.py", line 727, in urlopen
    method, url, error=e, _pool=self, _stacktrace=sys.exc_info()[2]
  File "/root/.cache/pypoetry/virtualenvs/cpdbv2-backend-VA82Wl8V-py3.7/lib/python3.7/site-packages/urllib3/util/retry.py", line 386, in increment
    raise six.reraise(type(error), error, _stacktrace)
  File "/root/.cache/pypoetry/virtualenvs/cpdbv2-backend-VA82Wl8V-py3.7/lib/python3.7/site-packages/urllib3/packages/six.py", line 735, in reraise
    raise value
  File "/root/.cache/pypoetry/virtualenvs/cpdbv2-backend-VA82Wl8V-py3.7/lib/python3.7/site-packages/urllib3/connectionpool.py", line 677, in urlopen
    chunked=chunked,
  File "/root/.cache/pypoetry/virtualenvs/cpdbv2-backend-VA82Wl8V-py3.7/lib/python3.7/site-packages/urllib3/connectionpool.py", line 392, in _make_request
    conn.request(method, url, **httplib_request_kw)
  File "/usr/local/lib/python3.7/http/client.py", line 1281, in request
    self._send_request(method, url, body, headers, encode_chunked)
  File "/usr/local/lib/python3.7/http/client.py", line 1327, in _send_request
    self.endheaders(body, encode_chunked=encode_chunked)
  File "/usr/local/lib/python3.7/http/client.py", line 1276, in endheaders
    self._send_output(message_body, encode_chunked=encode_chunked)
  File "/usr/local/lib/python3.7/http/client.py", line 1036, in _send_output
    self.send(msg)
  File "/usr/local/lib/python3.7/http/client.py", line 976, in send
    self.connect()
  File "/root/.cache/pypoetry/virtualenvs/cpdbv2-backend-VA82Wl8V-py3.7/lib/python3.7/site-packages/urllib3/connection.py", line 187, in connect
    conn = self._new_conn()
  File "/root/.cache/pypoetry/virtualenvs/cpdbv2-backend-VA82Wl8V-py3.7/lib/python3.7/site-packages/urllib3/connection.py", line 172, in _new_conn
    self, "Failed to establish a new connection: %s" % e
urllib3.exceptions.NewConnectionError: <urllib3.connection.HTTPConnection object at 0x7ff068f97b90>: Failed to establish a new connection: [Errno -2] Name or service not known
elasticsearch: DEBUG: > None
urllib3.util.retry: DEBUG: Converted retries value: False -> Retry(total=False, connect=None, read=None, redirect=0, status=None)
urllib3.connectionpool: DEBUG: Starting new HTTP connection (159): elasticsearch:9200
elasticsearch: WARNING: DELETE http://elasticsearch:9200/test_abc [status:N/A request:0.004s]
Traceback (most recent call last):
  File "/root/.cache/pypoetry/virtualenvs/cpdbv2-backend-VA82Wl8V-py3.7/lib/python3.7/site-packages/urllib3/connection.py", line 160, in _new_conn
    (self._dns_host, self.port), self.timeout, **extra_kw
  File "/root/.cache/pypoetry/virtualenvs/cpdbv2-backend-VA82Wl8V-py3.7/lib/python3.7/site-packages/urllib3/util/connection.py", line 61, in create_connection
    for res in socket.getaddrinfo(host, port, family, socket.SOCK_STREAM):
  File "/usr/local/lib/python3.7/socket.py", line 752, in getaddrinfo
    for res in _socket.getaddrinfo(host, port, family, type, proto, flags):
socket.gaierror: [Errno -2] Name or service not known

During handling of the above exception, another exception occurred:

Traceback (most recent call last):
  File "/root/.cache/pypoetry/virtualenvs/cpdbv2-backend-VA82Wl8V-py3.7/lib/python3.7/site-packages/elasticsearch/connection/http_urllib3.py", line 115, in perform_request
    response = self.pool.urlopen(method, url, body, retries=False, headers=self.headers, **kw)
  File "/root/.cache/pypoetry/virtualenvs/cpdbv2-backend-VA82Wl8V-py3.7/lib/python3.7/site-packages/urllib3/connectionpool.py", line 727, in urlopen
    method, url, error=e, _pool=self, _stacktrace=sys.exc_info()[2]
  File "/root/.cache/pypoetry/virtualenvs/cpdbv2-backend-VA82Wl8V-py3.7/lib/python3.7/site-packages/urllib3/util/retry.py", line 386, in increment
    raise six.reraise(type(error), error, _stacktrace)
  File "/root/.cache/pypoetry/virtualenvs/cpdbv2-backend-VA82Wl8V-py3.7/lib/python3.7/site-packages/urllib3/packages/six.py", line 735, in reraise
    raise value
  File "/root/.cache/pypoetry/virtualenvs/cpdbv2-backend-VA82Wl8V-py3.7/lib/python3.7/site-packages/urllib3/connectionpool.py", line 677, in urlopen
    chunked=chunked,
  File "/root/.cache/pypoetry/virtualenvs/cpdbv2-backend-VA82Wl8V-py3.7/lib/python3.7/site-packages/urllib3/connectionpool.py", line 392, in _make_request
    conn.request(method, url, **httplib_request_kw)
  File "/usr/local/lib/python3.7/http/client.py", line 1281, in request
    self._send_request(method, url, body, headers, encode_chunked)
  File "/usr/local/lib/python3.7/http/client.py", line 1327, in _send_request
    self.endheaders(body, encode_chunked=encode_chunked)
  File "/usr/local/lib/python3.7/http/client.py", line 1276, in endheaders
    self._send_output(message_body, encode_chunked=encode_chunked)
  File "/usr/local/lib/python3.7/http/client.py", line 1036, in _send_output
    self.send(msg)
  File "/usr/local/lib/python3.7/http/client.py", line 976, in send
    self.connect()
  File "/root/.cache/pypoetry/virtualenvs/cpdbv2-backend-VA82Wl8V-py3.7/lib/python3.7/site-packages/urllib3/connection.py", line 187, in connect
    conn = self._new_conn()
  File "/root/.cache/pypoetry/virtualenvs/cpdbv2-backend-VA82Wl8V-py3.7/lib/python3.7/site-packages/urllib3/connection.py", line 172, in _new_conn
    self, "Failed to establish a new connection: %s" % e
urllib3.exceptions.NewConnectionError: <urllib3.connection.HTTPConnection object at 0x7ff068f9c690>: Failed to establish a new connection: [Errno -2] Name or service not known
elasticsearch: DEBUG: > None
urllib3.util.retry: DEBUG: Converted retries value: False -> Retry(total=False, connect=None, read=None, redirect=0, status=None)
urllib3.connectionpool: DEBUG: Starting new HTTP connection (160): elasticsearch:9200
elasticsearch: WARNING: DELETE http://elasticsearch:9200/test_abc [status:N/A request:0.004s]
Traceback (most recent call last):
  File "/root/.cache/pypoetry/virtualenvs/cpdbv2-backend-VA82Wl8V-py3.7/lib/python3.7/site-packages/urllib3/connection.py", line 160, in _new_conn
    (self._dns_host, self.port), self.timeout, **extra_kw
  File "/root/.cache/pypoetry/virtualenvs/cpdbv2-backend-VA82Wl8V-py3.7/lib/python3.7/site-packages/urllib3/util/connection.py", line 61, in create_connection
    for res in socket.getaddrinfo(host, port, family, socket.SOCK_STREAM):
  File "/usr/local/lib/python3.7/socket.py", line 752, in getaddrinfo
    for res in _socket.getaddrinfo(host, port, family, type, proto, flags):
socket.gaierror: [Errno -2] Name or service not known

During handling of the above exception, another exception occurred:

Traceback (most recent call last):
  File "/root/.cache/pypoetry/virtualenvs/cpdbv2-backend-VA82Wl8V-py3.7/lib/python3.7/site-packages/elasticsearch/connection/http_urllib3.py", line 115, in perform_request
    response = self.pool.urlopen(method, url, body, retries=False, headers=self.headers, **kw)
  File "/root/.cache/pypoetry/virtualenvs/cpdbv2-backend-VA82Wl8V-py3.7/lib/python3.7/site-packages/urllib3/connectionpool.py", line 727, in urlopen
    method, url, error=e, _pool=self, _stacktrace=sys.exc_info()[2]
  File "/root/.cache/pypoetry/virtualenvs/cpdbv2-backend-VA82Wl8V-py3.7/lib/python3.7/site-packages/urllib3/util/retry.py", line 386, in increment
    raise six.reraise(type(error), error, _stacktrace)
  File "/root/.cache/pypoetry/virtualenvs/cpdbv2-backend-VA82Wl8V-py3.7/lib/python3.7/site-packages/urllib3/packages/six.py", line 735, in reraise
    raise value
  File "/root/.cache/pypoetry/virtualenvs/cpdbv2-backend-VA82Wl8V-py3.7/lib/python3.7/site-packages/urllib3/connectionpool.py", line 677, in urlopen
    chunked=chunked,
  File "/root/.cache/pypoetry/virtualenvs/cpdbv2-backend-VA82Wl8V-py3.7/lib/python3.7/site-packages/urllib3/connectionpool.py", line 392, in _make_request
    conn.request(method, url, **httplib_request_kw)
  File "/usr/local/lib/python3.7/http/client.py", line 1281, in request
    self._send_request(method, url, body, headers, encode_chunked)
  File "/usr/local/lib/python3.7/http/client.py", line 1327, in _send_request
    self.endheaders(body, encode_chunked=encode_chunked)
  File "/usr/local/lib/python3.7/http/client.py", line 1276, in endheaders
    self._send_output(message_body, encode_chunked=encode_chunked)
  File "/usr/local/lib/python3.7/http/client.py", line 1036, in _send_output
    self.send(msg)
  File "/usr/local/lib/python3.7/http/client.py", line 976, in send
    self.connect()
  File "/root/.cache/pypoetry/virtualenvs/cpdbv2-backend-VA82Wl8V-py3.7/lib/python3.7/site-packages/urllib3/connection.py", line 187, in connect
    conn = self._new_conn()
  File "/root/.cache/pypoetry/virtualenvs/cpdbv2-backend-VA82Wl8V-py3.7/lib/python3.7/site-packages/urllib3/connection.py", line 172, in _new_conn
    self, "Failed to establish a new connection: %s" % e
urllib3.exceptions.NewConnectionError: <urllib3.connection.HTTPConnection object at 0x7ff068f9c150>: Failed to establish a new connection: [Errno -2] Name or service not known
elasticsearch: DEBUG: > None
--------------------- >> end captured logging << ---------------------

======================================================================
ERROR: test_remove_write_index_if_exception (es_index.tests.test_index_aliases.IndexAliasTestCase)
----------------------------------------------------------------------
Traceback (most recent call last):
  File "/usr/src/app/cpdb/es_index/tests/test_index_aliases.py", line 23, in setUp
    es_client.indices.delete(self.real_name, ignore=404)
  File "/root/.cache/pypoetry/virtualenvs/cpdbv2-backend-VA82Wl8V-py3.7/lib/python3.7/site-packages/elasticsearch/client/utils.py", line 73, in _wrapped
    return func(*args, params=params, **kwargs)
  File "/root/.cache/pypoetry/virtualenvs/cpdbv2-backend-VA82Wl8V-py3.7/lib/python3.7/site-packages/elasticsearch/client/indices.py", line 200, in delete
    params=params)
  File "/root/.cache/pypoetry/virtualenvs/cpdbv2-backend-VA82Wl8V-py3.7/lib/python3.7/site-packages/elasticsearch/transport.py", line 312, in perform_request
    status, headers, data = connection.perform_request(method, url, params, body, ignore=ignore, timeout=timeout)
  File "/root/.cache/pypoetry/virtualenvs/cpdbv2-backend-VA82Wl8V-py3.7/lib/python3.7/site-packages/elasticsearch/connection/http_urllib3.py", line 124, in perform_request
    raise ConnectionError('N/A', str(e), e)
elasticsearch.exceptions.ConnectionError: ConnectionError(<urllib3.connection.HTTPConnection object at 0x7ff068f35710>: Failed to establish a new connection: [Errno -2] Name or service not known) caused by: NewConnectionError(<urllib3.connection.HTTPConnection object at 0x7ff068f35710>: Failed to establish a new connection: [Errno -2] Name or service not known)
-------------------- >> begin captured logging << --------------------
urllib3.util.retry: DEBUG: Converted retries value: False -> Retry(total=False, connect=None, read=None, redirect=0, status=None)
urllib3.connectionpool: DEBUG: Starting new HTTP connection (161): elasticsearch:9200
elasticsearch: WARNING: DELETE http://elasticsearch:9200/test_abc [status:N/A request:0.004s]
Traceback (most recent call last):
  File "/root/.cache/pypoetry/virtualenvs/cpdbv2-backend-VA82Wl8V-py3.7/lib/python3.7/site-packages/urllib3/connection.py", line 160, in _new_conn
    (self._dns_host, self.port), self.timeout, **extra_kw
  File "/root/.cache/pypoetry/virtualenvs/cpdbv2-backend-VA82Wl8V-py3.7/lib/python3.7/site-packages/urllib3/util/connection.py", line 61, in create_connection
    for res in socket.getaddrinfo(host, port, family, socket.SOCK_STREAM):
  File "/usr/local/lib/python3.7/socket.py", line 752, in getaddrinfo
    for res in _socket.getaddrinfo(host, port, family, type, proto, flags):
socket.gaierror: [Errno -2] Name or service not known

During handling of the above exception, another exception occurred:

Traceback (most recent call last):
  File "/root/.cache/pypoetry/virtualenvs/cpdbv2-backend-VA82Wl8V-py3.7/lib/python3.7/site-packages/elasticsearch/connection/http_urllib3.py", line 115, in perform_request
    response = self.pool.urlopen(method, url, body, retries=False, headers=self.headers, **kw)
  File "/root/.cache/pypoetry/virtualenvs/cpdbv2-backend-VA82Wl8V-py3.7/lib/python3.7/site-packages/urllib3/connectionpool.py", line 727, in urlopen
    method, url, error=e, _pool=self, _stacktrace=sys.exc_info()[2]
  File "/root/.cache/pypoetry/virtualenvs/cpdbv2-backend-VA82Wl8V-py3.7/lib/python3.7/site-packages/urllib3/util/retry.py", line 386, in increment
    raise six.reraise(type(error), error, _stacktrace)
  File "/root/.cache/pypoetry/virtualenvs/cpdbv2-backend-VA82Wl8V-py3.7/lib/python3.7/site-packages/urllib3/packages/six.py", line 735, in reraise
    raise value
  File "/root/.cache/pypoetry/virtualenvs/cpdbv2-backend-VA82Wl8V-py3.7/lib/python3.7/site-packages/urllib3/connectionpool.py", line 677, in urlopen
    chunked=chunked,
  File "/root/.cache/pypoetry/virtualenvs/cpdbv2-backend-VA82Wl8V-py3.7/lib/python3.7/site-packages/urllib3/connectionpool.py", line 392, in _make_request
    conn.request(method, url, **httplib_request_kw)
  File "/usr/local/lib/python3.7/http/client.py", line 1281, in request
    self._send_request(method, url, body, headers, encode_chunked)
  File "/usr/local/lib/python3.7/http/client.py", line 1327, in _send_request
    self.endheaders(body, encode_chunked=encode_chunked)
  File "/usr/local/lib/python3.7/http/client.py", line 1276, in endheaders
    self._send_output(message_body, encode_chunked=encode_chunked)
  File "/usr/local/lib/python3.7/http/client.py", line 1036, in _send_output
    self.send(msg)
  File "/usr/local/lib/python3.7/http/client.py", line 976, in send
    self.connect()
  File "/root/.cache/pypoetry/virtualenvs/cpdbv2-backend-VA82Wl8V-py3.7/lib/python3.7/site-packages/urllib3/connection.py", line 187, in connect
    conn = self._new_conn()
  File "/root/.cache/pypoetry/virtualenvs/cpdbv2-backend-VA82Wl8V-py3.7/lib/python3.7/site-packages/urllib3/connection.py", line 172, in _new_conn
    self, "Failed to establish a new connection: %s" % e
urllib3.exceptions.NewConnectionError: <urllib3.connection.HTTPConnection object at 0x7ff068f9c3d0>: Failed to establish a new connection: [Errno -2] Name or service not known
elasticsearch: DEBUG: > None
urllib3.util.retry: DEBUG: Converted retries value: False -> Retry(total=False, connect=None, read=None, redirect=0, status=None)
urllib3.connectionpool: DEBUG: Starting new HTTP connection (162): elasticsearch:9200
elasticsearch: WARNING: DELETE http://elasticsearch:9200/test_abc [status:N/A request:0.004s]
Traceback (most recent call last):
  File "/root/.cache/pypoetry/virtualenvs/cpdbv2-backend-VA82Wl8V-py3.7/lib/python3.7/site-packages/urllib3/connection.py", line 160, in _new_conn
    (self._dns_host, self.port), self.timeout, **extra_kw
  File "/root/.cache/pypoetry/virtualenvs/cpdbv2-backend-VA82Wl8V-py3.7/lib/python3.7/site-packages/urllib3/util/connection.py", line 61, in create_connection
    for res in socket.getaddrinfo(host, port, family, socket.SOCK_STREAM):
  File "/usr/local/lib/python3.7/socket.py", line 752, in getaddrinfo
    for res in _socket.getaddrinfo(host, port, family, type, proto, flags):
socket.gaierror: [Errno -2] Name or service not known

During handling of the above exception, another exception occurred:

Traceback (most recent call last):
  File "/root/.cache/pypoetry/virtualenvs/cpdbv2-backend-VA82Wl8V-py3.7/lib/python3.7/site-packages/elasticsearch/connection/http_urllib3.py", line 115, in perform_request
    response = self.pool.urlopen(method, url, body, retries=False, headers=self.headers, **kw)
  File "/root/.cache/pypoetry/virtualenvs/cpdbv2-backend-VA82Wl8V-py3.7/lib/python3.7/site-packages/urllib3/connectionpool.py", line 727, in urlopen
    method, url, error=e, _pool=self, _stacktrace=sys.exc_info()[2]
  File "/root/.cache/pypoetry/virtualenvs/cpdbv2-backend-VA82Wl8V-py3.7/lib/python3.7/site-packages/urllib3/util/retry.py", line 386, in increment
    raise six.reraise(type(error), error, _stacktrace)
  File "/root/.cache/pypoetry/virtualenvs/cpdbv2-backend-VA82Wl8V-py3.7/lib/python3.7/site-packages/urllib3/packages/six.py", line 735, in reraise
    raise value
  File "/root/.cache/pypoetry/virtualenvs/cpdbv2-backend-VA82Wl8V-py3.7/lib/python3.7/site-packages/urllib3/connectionpool.py", line 677, in urlopen
    chunked=chunked,
  File "/root/.cache/pypoetry/virtualenvs/cpdbv2-backend-VA82Wl8V-py3.7/lib/python3.7/site-packages/urllib3/connectionpool.py", line 392, in _make_request
    conn.request(method, url, **httplib_request_kw)
  File "/usr/local/lib/python3.7/http/client.py", line 1281, in request
    self._send_request(method, url, body, headers, encode_chunked)
  File "/usr/local/lib/python3.7/http/client.py", line 1327, in _send_request
    self.endheaders(body, encode_chunked=encode_chunked)
  File "/usr/local/lib/python3.7/http/client.py", line 1276, in endheaders
    self._send_output(message_body, encode_chunked=encode_chunked)
  File "/usr/local/lib/python3.7/http/client.py", line 1036, in _send_output
    self.send(msg)
  File "/usr/local/lib/python3.7/http/client.py", line 976, in send
    self.connect()
  File "/root/.cache/pypoetry/virtualenvs/cpdbv2-backend-VA82Wl8V-py3.7/lib/python3.7/site-packages/urllib3/connection.py", line 187, in connect
    conn = self._new_conn()
  File "/root/.cache/pypoetry/virtualenvs/cpdbv2-backend-VA82Wl8V-py3.7/lib/python3.7/site-packages/urllib3/connection.py", line 172, in _new_conn
    self, "Failed to establish a new connection: %s" % e
urllib3.exceptions.NewConnectionError: <urllib3.connection.HTTPConnection object at 0x7ff068f35f10>: Failed to establish a new connection: [Errno -2] Name or service not known
elasticsearch: DEBUG: > None
urllib3.util.retry: DEBUG: Converted retries value: False -> Retry(total=False, connect=None, read=None, redirect=0, status=None)
urllib3.connectionpool: DEBUG: Starting new HTTP connection (163): elasticsearch:9200
elasticsearch: WARNING: DELETE http://elasticsearch:9200/test_abc [status:N/A request:0.007s]
Traceback (most recent call last):
  File "/root/.cache/pypoetry/virtualenvs/cpdbv2-backend-VA82Wl8V-py3.7/lib/python3.7/site-packages/urllib3/connection.py", line 160, in _new_conn
    (self._dns_host, self.port), self.timeout, **extra_kw
  File "/root/.cache/pypoetry/virtualenvs/cpdbv2-backend-VA82Wl8V-py3.7/lib/python3.7/site-packages/urllib3/util/connection.py", line 61, in create_connection
    for res in socket.getaddrinfo(host, port, family, socket.SOCK_STREAM):
  File "/usr/local/lib/python3.7/socket.py", line 752, in getaddrinfo
    for res in _socket.getaddrinfo(host, port, family, type, proto, flags):
socket.gaierror: [Errno -2] Name or service not known

During handling of the above exception, another exception occurred:

Traceback (most recent call last):
  File "/root/.cache/pypoetry/virtualenvs/cpdbv2-backend-VA82Wl8V-py3.7/lib/python3.7/site-packages/elasticsearch/connection/http_urllib3.py", line 115, in perform_request
    response = self.pool.urlopen(method, url, body, retries=False, headers=self.headers, **kw)
  File "/root/.cache/pypoetry/virtualenvs/cpdbv2-backend-VA82Wl8V-py3.7/lib/python3.7/site-packages/urllib3/connectionpool.py", line 727, in urlopen
    method, url, error=e, _pool=self, _stacktrace=sys.exc_info()[2]
  File "/root/.cache/pypoetry/virtualenvs/cpdbv2-backend-VA82Wl8V-py3.7/lib/python3.7/site-packages/urllib3/util/retry.py", line 386, in increment
    raise six.reraise(type(error), error, _stacktrace)
  File "/root/.cache/pypoetry/virtualenvs/cpdbv2-backend-VA82Wl8V-py3.7/lib/python3.7/site-packages/urllib3/packages/six.py", line 735, in reraise
    raise value
  File "/root/.cache/pypoetry/virtualenvs/cpdbv2-backend-VA82Wl8V-py3.7/lib/python3.7/site-packages/urllib3/connectionpool.py", line 677, in urlopen
    chunked=chunked,
  File "/root/.cache/pypoetry/virtualenvs/cpdbv2-backend-VA82Wl8V-py3.7/lib/python3.7/site-packages/urllib3/connectionpool.py", line 392, in _make_request
    conn.request(method, url, **httplib_request_kw)
  File "/usr/local/lib/python3.7/http/client.py", line 1281, in request
    self._send_request(method, url, body, headers, encode_chunked)
  File "/usr/local/lib/python3.7/http/client.py", line 1327, in _send_request
    self.endheaders(body, encode_chunked=encode_chunked)
  File "/usr/local/lib/python3.7/http/client.py", line 1276, in endheaders
    self._send_output(message_body, encode_chunked=encode_chunked)
  File "/usr/local/lib/python3.7/http/client.py", line 1036, in _send_output
    self.send(msg)
  File "/usr/local/lib/python3.7/http/client.py", line 976, in send
    self.connect()
  File "/root/.cache/pypoetry/virtualenvs/cpdbv2-backend-VA82Wl8V-py3.7/lib/python3.7/site-packages/urllib3/connection.py", line 187, in connect
    conn = self._new_conn()
  File "/root/.cache/pypoetry/virtualenvs/cpdbv2-backend-VA82Wl8V-py3.7/lib/python3.7/site-packages/urllib3/connection.py", line 172, in _new_conn
    self, "Failed to establish a new connection: %s" % e
urllib3.exceptions.NewConnectionError: <urllib3.connection.HTTPConnection object at 0x7ff068f35490>: Failed to establish a new connection: [Errno -2] Name or service not known
elasticsearch: DEBUG: > None
urllib3.util.retry: DEBUG: Converted retries value: False -> Retry(total=False, connect=None, read=None, redirect=0, status=None)
urllib3.connectionpool: DEBUG: Starting new HTTP connection (164): elasticsearch:9200
elasticsearch: WARNING: DELETE http://elasticsearch:9200/test_abc [status:N/A request:0.004s]
Traceback (most recent call last):
  File "/root/.cache/pypoetry/virtualenvs/cpdbv2-backend-VA82Wl8V-py3.7/lib/python3.7/site-packages/urllib3/connection.py", line 160, in _new_conn
    (self._dns_host, self.port), self.timeout, **extra_kw
  File "/root/.cache/pypoetry/virtualenvs/cpdbv2-backend-VA82Wl8V-py3.7/lib/python3.7/site-packages/urllib3/util/connection.py", line 61, in create_connection
    for res in socket.getaddrinfo(host, port, family, socket.SOCK_STREAM):
  File "/usr/local/lib/python3.7/socket.py", line 752, in getaddrinfo
    for res in _socket.getaddrinfo(host, port, family, type, proto, flags):
socket.gaierror: [Errno -2] Name or service not known

During handling of the above exception, another exception occurred:

Traceback (most recent call last):
  File "/root/.cache/pypoetry/virtualenvs/cpdbv2-backend-VA82Wl8V-py3.7/lib/python3.7/site-packages/elasticsearch/connection/http_urllib3.py", line 115, in perform_request
    response = self.pool.urlopen(method, url, body, retries=False, headers=self.headers, **kw)
  File "/root/.cache/pypoetry/virtualenvs/cpdbv2-backend-VA82Wl8V-py3.7/lib/python3.7/site-packages/urllib3/connectionpool.py", line 727, in urlopen
    method, url, error=e, _pool=self, _stacktrace=sys.exc_info()[2]
  File "/root/.cache/pypoetry/virtualenvs/cpdbv2-backend-VA82Wl8V-py3.7/lib/python3.7/site-packages/urllib3/util/retry.py", line 386, in increment
    raise six.reraise(type(error), error, _stacktrace)
  File "/root/.cache/pypoetry/virtualenvs/cpdbv2-backend-VA82Wl8V-py3.7/lib/python3.7/site-packages/urllib3/packages/six.py", line 735, in reraise
    raise value
  File "/root/.cache/pypoetry/virtualenvs/cpdbv2-backend-VA82Wl8V-py3.7/lib/python3.7/site-packages/urllib3/connectionpool.py", line 677, in urlopen
    chunked=chunked,
  File "/root/.cache/pypoetry/virtualenvs/cpdbv2-backend-VA82Wl8V-py3.7/lib/python3.7/site-packages/urllib3/connectionpool.py", line 392, in _make_request
    conn.request(method, url, **httplib_request_kw)
  File "/usr/local/lib/python3.7/http/client.py", line 1281, in request
    self._send_request(method, url, body, headers, encode_chunked)
  File "/usr/local/lib/python3.7/http/client.py", line 1327, in _send_request
    self.endheaders(body, encode_chunked=encode_chunked)
  File "/usr/local/lib/python3.7/http/client.py", line 1276, in endheaders
    self._send_output(message_body, encode_chunked=encode_chunked)
  File "/usr/local/lib/python3.7/http/client.py", line 1036, in _send_output
    self.send(msg)
  File "/usr/local/lib/python3.7/http/client.py", line 976, in send
    self.connect()
  File "/root/.cache/pypoetry/virtualenvs/cpdbv2-backend-VA82Wl8V-py3.7/lib/python3.7/site-packages/urllib3/connection.py", line 187, in connect
    conn = self._new_conn()
  File "/root/.cache/pypoetry/virtualenvs/cpdbv2-backend-VA82Wl8V-py3.7/lib/python3.7/site-packages/urllib3/connection.py", line 172, in _new_conn
    self, "Failed to establish a new connection: %s" % e
urllib3.exceptions.NewConnectionError: <urllib3.connection.HTTPConnection object at 0x7ff068f35710>: Failed to establish a new connection: [Errno -2] Name or service not known
elasticsearch: DEBUG: > None
--------------------- >> end captured logging << ---------------------

======================================================================
ERROR: test_batch_querysets (es_index.tests.test_indexers.PartialIndexerTestCase)
----------------------------------------------------------------------
Traceback (most recent call last):
  File "/usr/src/app/cpdb/es_index/tests/test_indexers.py", line 196, in setUp
    my_index_alias.read_index.delete(ignore=404)
  File "/root/.cache/pypoetry/virtualenvs/cpdbv2-backend-VA82Wl8V-py3.7/lib/python3.7/site-packages/elasticsearch_dsl/index.py", line 222, in delete
    self.connection.indices.delete(index=self._name, **kwargs)
  File "/root/.cache/pypoetry/virtualenvs/cpdbv2-backend-VA82Wl8V-py3.7/lib/python3.7/site-packages/elasticsearch/client/utils.py", line 73, in _wrapped
    return func(*args, params=params, **kwargs)
  File "/root/.cache/pypoetry/virtualenvs/cpdbv2-backend-VA82Wl8V-py3.7/lib/python3.7/site-packages/elasticsearch/client/indices.py", line 200, in delete
    params=params)
  File "/root/.cache/pypoetry/virtualenvs/cpdbv2-backend-VA82Wl8V-py3.7/lib/python3.7/site-packages/elasticsearch/transport.py", line 312, in perform_request
    status, headers, data = connection.perform_request(method, url, params, body, ignore=ignore, timeout=timeout)
  File "/root/.cache/pypoetry/virtualenvs/cpdbv2-backend-VA82Wl8V-py3.7/lib/python3.7/site-packages/elasticsearch/connection/http_urllib3.py", line 124, in perform_request
    raise ConnectionError('N/A', str(e), e)
elasticsearch.exceptions.ConnectionError: ConnectionError(<urllib3.connection.HTTPConnection object at 0x7ff068f45450>: Failed to establish a new connection: [Errno -2] Name or service not known) caused by: NewConnectionError(<urllib3.connection.HTTPConnection object at 0x7ff068f45450>: Failed to establish a new connection: [Errno -2] Name or service not known)
-------------------- >> begin captured logging << --------------------
urllib3.util.retry: DEBUG: Converted retries value: False -> Retry(total=False, connect=None, read=None, redirect=0, status=None)
urllib3.connectionpool: DEBUG: Starting new HTTP connection (165): elasticsearch:9200
elasticsearch: WARNING: DELETE http://elasticsearch:9200/test_my_alias [status:N/A request:0.005s]
Traceback (most recent call last):
  File "/root/.cache/pypoetry/virtualenvs/cpdbv2-backend-VA82Wl8V-py3.7/lib/python3.7/site-packages/urllib3/connection.py", line 160, in _new_conn
    (self._dns_host, self.port), self.timeout, **extra_kw
  File "/root/.cache/pypoetry/virtualenvs/cpdbv2-backend-VA82Wl8V-py3.7/lib/python3.7/site-packages/urllib3/util/connection.py", line 61, in create_connection
    for res in socket.getaddrinfo(host, port, family, socket.SOCK_STREAM):
  File "/usr/local/lib/python3.7/socket.py", line 752, in getaddrinfo
    for res in _socket.getaddrinfo(host, port, family, type, proto, flags):
socket.gaierror: [Errno -2] Name or service not known

During handling of the above exception, another exception occurred:

Traceback (most recent call last):
  File "/root/.cache/pypoetry/virtualenvs/cpdbv2-backend-VA82Wl8V-py3.7/lib/python3.7/site-packages/elasticsearch/connection/http_urllib3.py", line 115, in perform_request
    response = self.pool.urlopen(method, url, body, retries=False, headers=self.headers, **kw)
  File "/root/.cache/pypoetry/virtualenvs/cpdbv2-backend-VA82Wl8V-py3.7/lib/python3.7/site-packages/urllib3/connectionpool.py", line 727, in urlopen
    method, url, error=e, _pool=self, _stacktrace=sys.exc_info()[2]
  File "/root/.cache/pypoetry/virtualenvs/cpdbv2-backend-VA82Wl8V-py3.7/lib/python3.7/site-packages/urllib3/util/retry.py", line 386, in increment
    raise six.reraise(type(error), error, _stacktrace)
  File "/root/.cache/pypoetry/virtualenvs/cpdbv2-backend-VA82Wl8V-py3.7/lib/python3.7/site-packages/urllib3/packages/six.py", line 735, in reraise
    raise value
  File "/root/.cache/pypoetry/virtualenvs/cpdbv2-backend-VA82Wl8V-py3.7/lib/python3.7/site-packages/urllib3/connectionpool.py", line 677, in urlopen
    chunked=chunked,
  File "/root/.cache/pypoetry/virtualenvs/cpdbv2-backend-VA82Wl8V-py3.7/lib/python3.7/site-packages/urllib3/connectionpool.py", line 392, in _make_request
    conn.request(method, url, **httplib_request_kw)
  File "/usr/local/lib/python3.7/http/client.py", line 1281, in request
    self._send_request(method, url, body, headers, encode_chunked)
  File "/usr/local/lib/python3.7/http/client.py", line 1327, in _send_request
    self.endheaders(body, encode_chunked=encode_chunked)
  File "/usr/local/lib/python3.7/http/client.py", line 1276, in endheaders
    self._send_output(message_body, encode_chunked=encode_chunked)
  File "/usr/local/lib/python3.7/http/client.py", line 1036, in _send_output
    self.send(msg)
  File "/usr/local/lib/python3.7/http/client.py", line 976, in send
    self.connect()
  File "/root/.cache/pypoetry/virtualenvs/cpdbv2-backend-VA82Wl8V-py3.7/lib/python3.7/site-packages/urllib3/connection.py", line 187, in connect
    conn = self._new_conn()
  File "/root/.cache/pypoetry/virtualenvs/cpdbv2-backend-VA82Wl8V-py3.7/lib/python3.7/site-packages/urllib3/connection.py", line 172, in _new_conn
    self, "Failed to establish a new connection: %s" % e
urllib3.exceptions.NewConnectionError: <urllib3.connection.HTTPConnection object at 0x7ff068f354d0>: Failed to establish a new connection: [Errno -2] Name or service not known
elasticsearch: DEBUG: > None
urllib3.util.retry: DEBUG: Converted retries value: False -> Retry(total=False, connect=None, read=None, redirect=0, status=None)
urllib3.connectionpool: DEBUG: Starting new HTTP connection (166): elasticsearch:9200
elasticsearch: WARNING: DELETE http://elasticsearch:9200/test_my_alias [status:N/A request:0.004s]
Traceback (most recent call last):
  File "/root/.cache/pypoetry/virtualenvs/cpdbv2-backend-VA82Wl8V-py3.7/lib/python3.7/site-packages/urllib3/connection.py", line 160, in _new_conn
    (self._dns_host, self.port), self.timeout, **extra_kw
  File "/root/.cache/pypoetry/virtualenvs/cpdbv2-backend-VA82Wl8V-py3.7/lib/python3.7/site-packages/urllib3/util/connection.py", line 61, in create_connection
    for res in socket.getaddrinfo(host, port, family, socket.SOCK_STREAM):
  File "/usr/local/lib/python3.7/socket.py", line 752, in getaddrinfo
    for res in _socket.getaddrinfo(host, port, family, type, proto, flags):
socket.gaierror: [Errno -2] Name or service not known

During handling of the above exception, another exception occurred:

Traceback (most recent call last):
  File "/root/.cache/pypoetry/virtualenvs/cpdbv2-backend-VA82Wl8V-py3.7/lib/python3.7/site-packages/elasticsearch/connection/http_urllib3.py", line 115, in perform_request
    response = self.pool.urlopen(method, url, body, retries=False, headers=self.headers, **kw)
  File "/root/.cache/pypoetry/virtualenvs/cpdbv2-backend-VA82Wl8V-py3.7/lib/python3.7/site-packages/urllib3/connectionpool.py", line 727, in urlopen
    method, url, error=e, _pool=self, _stacktrace=sys.exc_info()[2]
  File "/root/.cache/pypoetry/virtualenvs/cpdbv2-backend-VA82Wl8V-py3.7/lib/python3.7/site-packages/urllib3/util/retry.py", line 386, in increment
    raise six.reraise(type(error), error, _stacktrace)
  File "/root/.cache/pypoetry/virtualenvs/cpdbv2-backend-VA82Wl8V-py3.7/lib/python3.7/site-packages/urllib3/packages/six.py", line 735, in reraise
    raise value
  File "/root/.cache/pypoetry/virtualenvs/cpdbv2-backend-VA82Wl8V-py3.7/lib/python3.7/site-packages/urllib3/connectionpool.py", line 677, in urlopen
    chunked=chunked,
  File "/root/.cache/pypoetry/virtualenvs/cpdbv2-backend-VA82Wl8V-py3.7/lib/python3.7/site-packages/urllib3/connectionpool.py", line 392, in _make_request
    conn.request(method, url, **httplib_request_kw)
  File "/usr/local/lib/python3.7/http/client.py", line 1281, in request
    self._send_request(method, url, body, headers, encode_chunked)
  File "/usr/local/lib/python3.7/http/client.py", line 1327, in _send_request
    self.endheaders(body, encode_chunked=encode_chunked)
  File "/usr/local/lib/python3.7/http/client.py", line 1276, in endheaders
    self._send_output(message_body, encode_chunked=encode_chunked)
  File "/usr/local/lib/python3.7/http/client.py", line 1036, in _send_output
    self.send(msg)
  File "/usr/local/lib/python3.7/http/client.py", line 976, in send
    self.connect()
  File "/root/.cache/pypoetry/virtualenvs/cpdbv2-backend-VA82Wl8V-py3.7/lib/python3.7/site-packages/urllib3/connection.py", line 187, in connect
    conn = self._new_conn()
  File "/root/.cache/pypoetry/virtualenvs/cpdbv2-backend-VA82Wl8V-py3.7/lib/python3.7/site-packages/urllib3/connection.py", line 172, in _new_conn
    self, "Failed to establish a new connection: %s" % e
urllib3.exceptions.NewConnectionError: <urllib3.connection.HTTPConnection object at 0x7ff068f45090>: Failed to establish a new connection: [Errno -2] Name or service not known
elasticsearch: DEBUG: > None
urllib3.util.retry: DEBUG: Converted retries value: False -> Retry(total=False, connect=None, read=None, redirect=0, status=None)
urllib3.connectionpool: DEBUG: Starting new HTTP connection (167): elasticsearch:9200
elasticsearch: WARNING: DELETE http://elasticsearch:9200/test_my_alias [status:N/A request:0.004s]
Traceback (most recent call last):
  File "/root/.cache/pypoetry/virtualenvs/cpdbv2-backend-VA82Wl8V-py3.7/lib/python3.7/site-packages/urllib3/connection.py", line 160, in _new_conn
    (self._dns_host, self.port), self.timeout, **extra_kw
  File "/root/.cache/pypoetry/virtualenvs/cpdbv2-backend-VA82Wl8V-py3.7/lib/python3.7/site-packages/urllib3/util/connection.py", line 61, in create_connection
    for res in socket.getaddrinfo(host, port, family, socket.SOCK_STREAM):
  File "/usr/local/lib/python3.7/socket.py", line 752, in getaddrinfo
    for res in _socket.getaddrinfo(host, port, family, type, proto, flags):
socket.gaierror: [Errno -2] Name or service not known

During handling of the above exception, another exception occurred:

Traceback (most recent call last):
  File "/root/.cache/pypoetry/virtualenvs/cpdbv2-backend-VA82Wl8V-py3.7/lib/python3.7/site-packages/elasticsearch/connection/http_urllib3.py", line 115, in perform_request
    response = self.pool.urlopen(method, url, body, retries=False, headers=self.headers, **kw)
  File "/root/.cache/pypoetry/virtualenvs/cpdbv2-backend-VA82Wl8V-py3.7/lib/python3.7/site-packages/urllib3/connectionpool.py", line 727, in urlopen
    method, url, error=e, _pool=self, _stacktrace=sys.exc_info()[2]
  File "/root/.cache/pypoetry/virtualenvs/cpdbv2-backend-VA82Wl8V-py3.7/lib/python3.7/site-packages/urllib3/util/retry.py", line 386, in increment
    raise six.reraise(type(error), error, _stacktrace)
  File "/root/.cache/pypoetry/virtualenvs/cpdbv2-backend-VA82Wl8V-py3.7/lib/python3.7/site-packages/urllib3/packages/six.py", line 735, in reraise
    raise value
  File "/root/.cache/pypoetry/virtualenvs/cpdbv2-backend-VA82Wl8V-py3.7/lib/python3.7/site-packages/urllib3/connectionpool.py", line 677, in urlopen
    chunked=chunked,
  File "/root/.cache/pypoetry/virtualenvs/cpdbv2-backend-VA82Wl8V-py3.7/lib/python3.7/site-packages/urllib3/connectionpool.py", line 392, in _make_request
    conn.request(method, url, **httplib_request_kw)
  File "/usr/local/lib/python3.7/http/client.py", line 1281, in request
    self._send_request(method, url, body, headers, encode_chunked)
  File "/usr/local/lib/python3.7/http/client.py", line 1327, in _send_request
    self.endheaders(body, encode_chunked=encode_chunked)
  File "/usr/local/lib/python3.7/http/client.py", line 1276, in endheaders
    self._send_output(message_body, encode_chunked=encode_chunked)
  File "/usr/local/lib/python3.7/http/client.py", line 1036, in _send_output
    self.send(msg)
  File "/usr/local/lib/python3.7/http/client.py", line 976, in send
    self.connect()
  File "/root/.cache/pypoetry/virtualenvs/cpdbv2-backend-VA82Wl8V-py3.7/lib/python3.7/site-packages/urllib3/connection.py", line 187, in connect
    conn = self._new_conn()
  File "/root/.cache/pypoetry/virtualenvs/cpdbv2-backend-VA82Wl8V-py3.7/lib/python3.7/site-packages/urllib3/connection.py", line 172, in _new_conn
    self, "Failed to establish a new connection: %s" % e
urllib3.exceptions.NewConnectionError: <urllib3.connection.HTTPConnection object at 0x7ff068f45210>: Failed to establish a new connection: [Errno -2] Name or service not known
elasticsearch: DEBUG: > None
urllib3.util.retry: DEBUG: Converted retries value: False -> Retry(total=False, connect=None, read=None, redirect=0, status=None)
urllib3.connectionpool: DEBUG: Starting new HTTP connection (168): elasticsearch:9200
elasticsearch: WARNING: DELETE http://elasticsearch:9200/test_my_alias [status:N/A request:0.004s]
Traceback (most recent call last):
  File "/root/.cache/pypoetry/virtualenvs/cpdbv2-backend-VA82Wl8V-py3.7/lib/python3.7/site-packages/urllib3/connection.py", line 160, in _new_conn
    (self._dns_host, self.port), self.timeout, **extra_kw
  File "/root/.cache/pypoetry/virtualenvs/cpdbv2-backend-VA82Wl8V-py3.7/lib/python3.7/site-packages/urllib3/util/connection.py", line 61, in create_connection
    for res in socket.getaddrinfo(host, port, family, socket.SOCK_STREAM):
  File "/usr/local/lib/python3.7/socket.py", line 752, in getaddrinfo
    for res in _socket.getaddrinfo(host, port, family, type, proto, flags):
socket.gaierror: [Errno -2] Name or service not known

During handling of the above exception, another exception occurred:

Traceback (most recent call last):
  File "/root/.cache/pypoetry/virtualenvs/cpdbv2-backend-VA82Wl8V-py3.7/lib/python3.7/site-packages/elasticsearch/connection/http_urllib3.py", line 115, in perform_request
    response = self.pool.urlopen(method, url, body, retries=False, headers=self.headers, **kw)
  File "/root/.cache/pypoetry/virtualenvs/cpdbv2-backend-VA82Wl8V-py3.7/lib/python3.7/site-packages/urllib3/connectionpool.py", line 727, in urlopen
    method, url, error=e, _pool=self, _stacktrace=sys.exc_info()[2]
  File "/root/.cache/pypoetry/virtualenvs/cpdbv2-backend-VA82Wl8V-py3.7/lib/python3.7/site-packages/urllib3/util/retry.py", line 386, in increment
    raise six.reraise(type(error), error, _stacktrace)
  File "/root/.cache/pypoetry/virtualenvs/cpdbv2-backend-VA82Wl8V-py3.7/lib/python3.7/site-packages/urllib3/packages/six.py", line 735, in reraise
    raise value
  File "/root/.cache/pypoetry/virtualenvs/cpdbv2-backend-VA82Wl8V-py3.7/lib/python3.7/site-packages/urllib3/connectionpool.py", line 677, in urlopen
    chunked=chunked,
  File "/root/.cache/pypoetry/virtualenvs/cpdbv2-backend-VA82Wl8V-py3.7/lib/python3.7/site-packages/urllib3/connectionpool.py", line 392, in _make_request
    conn.request(method, url, **httplib_request_kw)
  File "/usr/local/lib/python3.7/http/client.py", line 1281, in request
    self._send_request(method, url, body, headers, encode_chunked)
  File "/usr/local/lib/python3.7/http/client.py", line 1327, in _send_request
    self.endheaders(body, encode_chunked=encode_chunked)
  File "/usr/local/lib/python3.7/http/client.py", line 1276, in endheaders
    self._send_output(message_body, encode_chunked=encode_chunked)
  File "/usr/local/lib/python3.7/http/client.py", line 1036, in _send_output
    self.send(msg)
  File "/usr/local/lib/python3.7/http/client.py", line 976, in send
    self.connect()
  File "/root/.cache/pypoetry/virtualenvs/cpdbv2-backend-VA82Wl8V-py3.7/lib/python3.7/site-packages/urllib3/connection.py", line 187, in connect
    conn = self._new_conn()
  File "/root/.cache/pypoetry/virtualenvs/cpdbv2-backend-VA82Wl8V-py3.7/lib/python3.7/site-packages/urllib3/connection.py", line 172, in _new_conn
    self, "Failed to establish a new connection: %s" % e
urllib3.exceptions.NewConnectionError: <urllib3.connection.HTTPConnection object at 0x7ff068f45450>: Failed to establish a new connection: [Errno -2] Name or service not known
elasticsearch: DEBUG: > None
--------------------- >> end captured logging << ---------------------

======================================================================
ERROR: test_batch_update_docs_queries (es_index.tests.test_indexers.PartialIndexerTestCase)
----------------------------------------------------------------------
Traceback (most recent call last):
  File "/usr/src/app/cpdb/es_index/tests/test_indexers.py", line 196, in setUp
    my_index_alias.read_index.delete(ignore=404)
  File "/root/.cache/pypoetry/virtualenvs/cpdbv2-backend-VA82Wl8V-py3.7/lib/python3.7/site-packages/elasticsearch_dsl/index.py", line 222, in delete
    self.connection.indices.delete(index=self._name, **kwargs)
  File "/root/.cache/pypoetry/virtualenvs/cpdbv2-backend-VA82Wl8V-py3.7/lib/python3.7/site-packages/elasticsearch/client/utils.py", line 73, in _wrapped
    return func(*args, params=params, **kwargs)
  File "/root/.cache/pypoetry/virtualenvs/cpdbv2-backend-VA82Wl8V-py3.7/lib/python3.7/site-packages/elasticsearch/client/indices.py", line 200, in delete
    params=params)
  File "/root/.cache/pypoetry/virtualenvs/cpdbv2-backend-VA82Wl8V-py3.7/lib/python3.7/site-packages/elasticsearch/transport.py", line 312, in perform_request
    status, headers, data = connection.perform_request(method, url, params, body, ignore=ignore, timeout=timeout)
  File "/root/.cache/pypoetry/virtualenvs/cpdbv2-backend-VA82Wl8V-py3.7/lib/python3.7/site-packages/elasticsearch/connection/http_urllib3.py", line 124, in perform_request
    raise ConnectionError('N/A', str(e), e)
elasticsearch.exceptions.ConnectionError: ConnectionError(<urllib3.connection.HTTPConnection object at 0x7ff068f35410>: Failed to establish a new connection: [Errno -2] Name or service not known) caused by: NewConnectionError(<urllib3.connection.HTTPConnection object at 0x7ff068f35410>: Failed to establish a new connection: [Errno -2] Name or service not known)
-------------------- >> begin captured logging << --------------------
urllib3.util.retry: DEBUG: Converted retries value: False -> Retry(total=False, connect=None, read=None, redirect=0, status=None)
urllib3.connectionpool: DEBUG: Starting new HTTP connection (169): elasticsearch:9200
elasticsearch: WARNING: DELETE http://elasticsearch:9200/test_my_alias [status:N/A request:0.004s]
Traceback (most recent call last):
  File "/root/.cache/pypoetry/virtualenvs/cpdbv2-backend-VA82Wl8V-py3.7/lib/python3.7/site-packages/urllib3/connection.py", line 160, in _new_conn
    (self._dns_host, self.port), self.timeout, **extra_kw
  File "/root/.cache/pypoetry/virtualenvs/cpdbv2-backend-VA82Wl8V-py3.7/lib/python3.7/site-packages/urllib3/util/connection.py", line 61, in create_connection
    for res in socket.getaddrinfo(host, port, family, socket.SOCK_STREAM):
  File "/usr/local/lib/python3.7/socket.py", line 752, in getaddrinfo
    for res in _socket.getaddrinfo(host, port, family, type, proto, flags):
socket.gaierror: [Errno -2] Name or service not known

During handling of the above exception, another exception occurred:

Traceback (most recent call last):
  File "/root/.cache/pypoetry/virtualenvs/cpdbv2-backend-VA82Wl8V-py3.7/lib/python3.7/site-packages/elasticsearch/connection/http_urllib3.py", line 115, in perform_request
    response = self.pool.urlopen(method, url, body, retries=False, headers=self.headers, **kw)
  File "/root/.cache/pypoetry/virtualenvs/cpdbv2-backend-VA82Wl8V-py3.7/lib/python3.7/site-packages/urllib3/connectionpool.py", line 727, in urlopen
    method, url, error=e, _pool=self, _stacktrace=sys.exc_info()[2]
  File "/root/.cache/pypoetry/virtualenvs/cpdbv2-backend-VA82Wl8V-py3.7/lib/python3.7/site-packages/urllib3/util/retry.py", line 386, in increment
    raise six.reraise(type(error), error, _stacktrace)
  File "/root/.cache/pypoetry/virtualenvs/cpdbv2-backend-VA82Wl8V-py3.7/lib/python3.7/site-packages/urllib3/packages/six.py", line 735, in reraise
    raise value
  File "/root/.cache/pypoetry/virtualenvs/cpdbv2-backend-VA82Wl8V-py3.7/lib/python3.7/site-packages/urllib3/connectionpool.py", line 677, in urlopen
    chunked=chunked,
  File "/root/.cache/pypoetry/virtualenvs/cpdbv2-backend-VA82Wl8V-py3.7/lib/python3.7/site-packages/urllib3/connectionpool.py", line 392, in _make_request
    conn.request(method, url, **httplib_request_kw)
  File "/usr/local/lib/python3.7/http/client.py", line 1281, in request
    self._send_request(method, url, body, headers, encode_chunked)
  File "/usr/local/lib/python3.7/http/client.py", line 1327, in _send_request
    self.endheaders(body, encode_chunked=encode_chunked)
  File "/usr/local/lib/python3.7/http/client.py", line 1276, in endheaders
    self._send_output(message_body, encode_chunked=encode_chunked)
  File "/usr/local/lib/python3.7/http/client.py", line 1036, in _send_output
    self.send(msg)
  File "/usr/local/lib/python3.7/http/client.py", line 976, in send
    self.connect()
  File "/root/.cache/pypoetry/virtualenvs/cpdbv2-backend-VA82Wl8V-py3.7/lib/python3.7/site-packages/urllib3/connection.py", line 187, in connect
    conn = self._new_conn()
  File "/root/.cache/pypoetry/virtualenvs/cpdbv2-backend-VA82Wl8V-py3.7/lib/python3.7/site-packages/urllib3/connection.py", line 172, in _new_conn
    self, "Failed to establish a new connection: %s" % e
urllib3.exceptions.NewConnectionError: <urllib3.connection.HTTPConnection object at 0x7ff068f45410>: Failed to establish a new connection: [Errno -2] Name or service not known
elasticsearch: DEBUG: > None
urllib3.util.retry: DEBUG: Converted retries value: False -> Retry(total=False, connect=None, read=None, redirect=0, status=None)
urllib3.connectionpool: DEBUG: Starting new HTTP connection (170): elasticsearch:9200
elasticsearch: WARNING: DELETE http://elasticsearch:9200/test_my_alias [status:N/A request:0.003s]
Traceback (most recent call last):
  File "/root/.cache/pypoetry/virtualenvs/cpdbv2-backend-VA82Wl8V-py3.7/lib/python3.7/site-packages/urllib3/connection.py", line 160, in _new_conn
    (self._dns_host, self.port), self.timeout, **extra_kw
  File "/root/.cache/pypoetry/virtualenvs/cpdbv2-backend-VA82Wl8V-py3.7/lib/python3.7/site-packages/urllib3/util/connection.py", line 61, in create_connection
    for res in socket.getaddrinfo(host, port, family, socket.SOCK_STREAM):
  File "/usr/local/lib/python3.7/socket.py", line 752, in getaddrinfo
    for res in _socket.getaddrinfo(host, port, family, type, proto, flags):
socket.gaierror: [Errno -2] Name or service not known

During handling of the above exception, another exception occurred:

Traceback (most recent call last):
  File "/root/.cache/pypoetry/virtualenvs/cpdbv2-backend-VA82Wl8V-py3.7/lib/python3.7/site-packages/elasticsearch/connection/http_urllib3.py", line 115, in perform_request
    response = self.pool.urlopen(method, url, body, retries=False, headers=self.headers, **kw)
  File "/root/.cache/pypoetry/virtualenvs/cpdbv2-backend-VA82Wl8V-py3.7/lib/python3.7/site-packages/urllib3/connectionpool.py", line 727, in urlopen
    method, url, error=e, _pool=self, _stacktrace=sys.exc_info()[2]
  File "/root/.cache/pypoetry/virtualenvs/cpdbv2-backend-VA82Wl8V-py3.7/lib/python3.7/site-packages/urllib3/util/retry.py", line 386, in increment
    raise six.reraise(type(error), error, _stacktrace)
  File "/root/.cache/pypoetry/virtualenvs/cpdbv2-backend-VA82Wl8V-py3.7/lib/python3.7/site-packages/urllib3/packages/six.py", line 735, in reraise
    raise value
  File "/root/.cache/pypoetry/virtualenvs/cpdbv2-backend-VA82Wl8V-py3.7/lib/python3.7/site-packages/urllib3/connectionpool.py", line 677, in urlopen
    chunked=chunked,
  File "/root/.cache/pypoetry/virtualenvs/cpdbv2-backend-VA82Wl8V-py3.7/lib/python3.7/site-packages/urllib3/connectionpool.py", line 392, in _make_request
    conn.request(method, url, **httplib_request_kw)
  File "/usr/local/lib/python3.7/http/client.py", line 1281, in request
    self._send_request(method, url, body, headers, encode_chunked)
  File "/usr/local/lib/python3.7/http/client.py", line 1327, in _send_request
    self.endheaders(body, encode_chunked=encode_chunked)
  File "/usr/local/lib/python3.7/http/client.py", line 1276, in endheaders
    self._send_output(message_body, encode_chunked=encode_chunked)
  File "/usr/local/lib/python3.7/http/client.py", line 1036, in _send_output
    self.send(msg)
  File "/usr/local/lib/python3.7/http/client.py", line 976, in send
    self.connect()
  File "/root/.cache/pypoetry/virtualenvs/cpdbv2-backend-VA82Wl8V-py3.7/lib/python3.7/site-packages/urllib3/connection.py", line 187, in connect
    conn = self._new_conn()
  File "/root/.cache/pypoetry/virtualenvs/cpdbv2-backend-VA82Wl8V-py3.7/lib/python3.7/site-packages/urllib3/connection.py", line 172, in _new_conn
    self, "Failed to establish a new connection: %s" % e
urllib3.exceptions.NewConnectionError: <urllib3.connection.HTTPConnection object at 0x7ff068f35650>: Failed to establish a new connection: [Errno -2] Name or service not known
elasticsearch: DEBUG: > None
urllib3.util.retry: DEBUG: Converted retries value: False -> Retry(total=False, connect=None, read=None, redirect=0, status=None)
urllib3.connectionpool: DEBUG: Starting new HTTP connection (171): elasticsearch:9200
elasticsearch: WARNING: DELETE http://elasticsearch:9200/test_my_alias [status:N/A request:0.004s]
Traceback (most recent call last):
  File "/root/.cache/pypoetry/virtualenvs/cpdbv2-backend-VA82Wl8V-py3.7/lib/python3.7/site-packages/urllib3/connection.py", line 160, in _new_conn
    (self._dns_host, self.port), self.timeout, **extra_kw
  File "/root/.cache/pypoetry/virtualenvs/cpdbv2-backend-VA82Wl8V-py3.7/lib/python3.7/site-packages/urllib3/util/connection.py", line 61, in create_connection
    for res in socket.getaddrinfo(host, port, family, socket.SOCK_STREAM):
  File "/usr/local/lib/python3.7/socket.py", line 752, in getaddrinfo
    for res in _socket.getaddrinfo(host, port, family, type, proto, flags):
socket.gaierror: [Errno -2] Name or service not known

During handling of the above exception, another exception occurred:

Traceback (most recent call last):
  File "/root/.cache/pypoetry/virtualenvs/cpdbv2-backend-VA82Wl8V-py3.7/lib/python3.7/site-packages/elasticsearch/connection/http_urllib3.py", line 115, in perform_request
    response = self.pool.urlopen(method, url, body, retries=False, headers=self.headers, **kw)
  File "/root/.cache/pypoetry/virtualenvs/cpdbv2-backend-VA82Wl8V-py3.7/lib/python3.7/site-packages/urllib3/connectionpool.py", line 727, in urlopen
    method, url, error=e, _pool=self, _stacktrace=sys.exc_info()[2]
  File "/root/.cache/pypoetry/virtualenvs/cpdbv2-backend-VA82Wl8V-py3.7/lib/python3.7/site-packages/urllib3/util/retry.py", line 386, in increment
    raise six.reraise(type(error), error, _stacktrace)
  File "/root/.cache/pypoetry/virtualenvs/cpdbv2-backend-VA82Wl8V-py3.7/lib/python3.7/site-packages/urllib3/packages/six.py", line 735, in reraise
    raise value
  File "/root/.cache/pypoetry/virtualenvs/cpdbv2-backend-VA82Wl8V-py3.7/lib/python3.7/site-packages/urllib3/connectionpool.py", line 677, in urlopen
    chunked=chunked,
  File "/root/.cache/pypoetry/virtualenvs/cpdbv2-backend-VA82Wl8V-py3.7/lib/python3.7/site-packages/urllib3/connectionpool.py", line 392, in _make_request
    conn.request(method, url, **httplib_request_kw)
  File "/usr/local/lib/python3.7/http/client.py", line 1281, in request
    self._send_request(method, url, body, headers, encode_chunked)
  File "/usr/local/lib/python3.7/http/client.py", line 1327, in _send_request
    self.endheaders(body, encode_chunked=encode_chunked)
  File "/usr/local/lib/python3.7/http/client.py", line 1276, in endheaders
    self._send_output(message_body, encode_chunked=encode_chunked)
  File "/usr/local/lib/python3.7/http/client.py", line 1036, in _send_output
    self.send(msg)
  File "/usr/local/lib/python3.7/http/client.py", line 976, in send
    self.connect()
  File "/root/.cache/pypoetry/virtualenvs/cpdbv2-backend-VA82Wl8V-py3.7/lib/python3.7/site-packages/urllib3/connection.py", line 187, in connect
    conn = self._new_conn()
  File "/root/.cache/pypoetry/virtualenvs/cpdbv2-backend-VA82Wl8V-py3.7/lib/python3.7/site-packages/urllib3/connection.py", line 172, in _new_conn
    self, "Failed to establish a new connection: %s" % e
urllib3.exceptions.NewConnectionError: <urllib3.connection.HTTPConnection object at 0x7ff068f354d0>: Failed to establish a new connection: [Errno -2] Name or service not known
elasticsearch: DEBUG: > None
urllib3.util.retry: DEBUG: Converted retries value: False -> Retry(total=False, connect=None, read=None, redirect=0, status=None)
urllib3.connectionpool: DEBUG: Starting new HTTP connection (172): elasticsearch:9200
elasticsearch: WARNING: DELETE http://elasticsearch:9200/test_my_alias [status:N/A request:0.005s]
Traceback (most recent call last):
  File "/root/.cache/pypoetry/virtualenvs/cpdbv2-backend-VA82Wl8V-py3.7/lib/python3.7/site-packages/urllib3/connection.py", line 160, in _new_conn
    (self._dns_host, self.port), self.timeout, **extra_kw
  File "/root/.cache/pypoetry/virtualenvs/cpdbv2-backend-VA82Wl8V-py3.7/lib/python3.7/site-packages/urllib3/util/connection.py", line 61, in create_connection
    for res in socket.getaddrinfo(host, port, family, socket.SOCK_STREAM):
  File "/usr/local/lib/python3.7/socket.py", line 752, in getaddrinfo
    for res in _socket.getaddrinfo(host, port, family, type, proto, flags):
socket.gaierror: [Errno -2] Name or service not known

During handling of the above exception, another exception occurred:

Traceback (most recent call last):
  File "/root/.cache/pypoetry/virtualenvs/cpdbv2-backend-VA82Wl8V-py3.7/lib/python3.7/site-packages/elasticsearch/connection/http_urllib3.py", line 115, in perform_request
    response = self.pool.urlopen(method, url, body, retries=False, headers=self.headers, **kw)
  File "/root/.cache/pypoetry/virtualenvs/cpdbv2-backend-VA82Wl8V-py3.7/lib/python3.7/site-packages/urllib3/connectionpool.py", line 727, in urlopen
    method, url, error=e, _pool=self, _stacktrace=sys.exc_info()[2]
  File "/root/.cache/pypoetry/virtualenvs/cpdbv2-backend-VA82Wl8V-py3.7/lib/python3.7/site-packages/urllib3/util/retry.py", line 386, in increment
    raise six.reraise(type(error), error, _stacktrace)
  File "/root/.cache/pypoetry/virtualenvs/cpdbv2-backend-VA82Wl8V-py3.7/lib/python3.7/site-packages/urllib3/packages/six.py", line 735, in reraise
    raise value
  File "/root/.cache/pypoetry/virtualenvs/cpdbv2-backend-VA82Wl8V-py3.7/lib/python3.7/site-packages/urllib3/connectionpool.py", line 677, in urlopen
    chunked=chunked,
  File "/root/.cache/pypoetry/virtualenvs/cpdbv2-backend-VA82Wl8V-py3.7/lib/python3.7/site-packages/urllib3/connectionpool.py", line 392, in _make_request
    conn.request(method, url, **httplib_request_kw)
  File "/usr/local/lib/python3.7/http/client.py", line 1281, in request
    self._send_request(method, url, body, headers, encode_chunked)
  File "/usr/local/lib/python3.7/http/client.py", line 1327, in _send_request
    self.endheaders(body, encode_chunked=encode_chunked)
  File "/usr/local/lib/python3.7/http/client.py", line 1276, in endheaders
    self._send_output(message_body, encode_chunked=encode_chunked)
  File "/usr/local/lib/python3.7/http/client.py", line 1036, in _send_output
    self.send(msg)
  File "/usr/local/lib/python3.7/http/client.py", line 976, in send
    self.connect()
  File "/root/.cache/pypoetry/virtualenvs/cpdbv2-backend-VA82Wl8V-py3.7/lib/python3.7/site-packages/urllib3/connection.py", line 187, in connect
    conn = self._new_conn()
  File "/root/.cache/pypoetry/virtualenvs/cpdbv2-backend-VA82Wl8V-py3.7/lib/python3.7/site-packages/urllib3/connection.py", line 172, in _new_conn
    self, "Failed to establish a new connection: %s" % e
urllib3.exceptions.NewConnectionError: <urllib3.connection.HTTPConnection object at 0x7ff068f35410>: Failed to establish a new connection: [Errno -2] Name or service not known
elasticsearch: DEBUG: > None
--------------------- >> end captured logging << ---------------------

======================================================================
ERROR: test_create_mapping (es_index.tests.test_indexers.PartialIndexerTestCase)
----------------------------------------------------------------------
Traceback (most recent call last):
  File "/usr/src/app/cpdb/es_index/tests/test_indexers.py", line 196, in setUp
    my_index_alias.read_index.delete(ignore=404)
  File "/root/.cache/pypoetry/virtualenvs/cpdbv2-backend-VA82Wl8V-py3.7/lib/python3.7/site-packages/elasticsearch_dsl/index.py", line 222, in delete
    self.connection.indices.delete(index=self._name, **kwargs)
  File "/root/.cache/pypoetry/virtualenvs/cpdbv2-backend-VA82Wl8V-py3.7/lib/python3.7/site-packages/elasticsearch/client/utils.py", line 73, in _wrapped
    return func(*args, params=params, **kwargs)
  File "/root/.cache/pypoetry/virtualenvs/cpdbv2-backend-VA82Wl8V-py3.7/lib/python3.7/site-packages/elasticsearch/client/indices.py", line 200, in delete
    params=params)
  File "/root/.cache/pypoetry/virtualenvs/cpdbv2-backend-VA82Wl8V-py3.7/lib/python3.7/site-packages/elasticsearch/transport.py", line 312, in perform_request
    status, headers, data = connection.perform_request(method, url, params, body, ignore=ignore, timeout=timeout)
  File "/root/.cache/pypoetry/virtualenvs/cpdbv2-backend-VA82Wl8V-py3.7/lib/python3.7/site-packages/elasticsearch/connection/http_urllib3.py", line 124, in perform_request
    raise ConnectionError('N/A', str(e), e)
elasticsearch.exceptions.ConnectionError: ConnectionError(<urllib3.connection.HTTPConnection object at 0x7ff068f9c690>: Failed to establish a new connection: [Errno -2] Name or service not known) caused by: NewConnectionError(<urllib3.connection.HTTPConnection object at 0x7ff068f9c690>: Failed to establish a new connection: [Errno -2] Name or service not known)
-------------------- >> begin captured logging << --------------------
urllib3.util.retry: DEBUG: Converted retries value: False -> Retry(total=False, connect=None, read=None, redirect=0, status=None)
urllib3.connectionpool: DEBUG: Starting new HTTP connection (173): elasticsearch:9200
elasticsearch: WARNING: DELETE http://elasticsearch:9200/test_my_alias [status:N/A request:0.004s]
Traceback (most recent call last):
  File "/root/.cache/pypoetry/virtualenvs/cpdbv2-backend-VA82Wl8V-py3.7/lib/python3.7/site-packages/urllib3/connection.py", line 160, in _new_conn
    (self._dns_host, self.port), self.timeout, **extra_kw
  File "/root/.cache/pypoetry/virtualenvs/cpdbv2-backend-VA82Wl8V-py3.7/lib/python3.7/site-packages/urllib3/util/connection.py", line 61, in create_connection
    for res in socket.getaddrinfo(host, port, family, socket.SOCK_STREAM):
  File "/usr/local/lib/python3.7/socket.py", line 752, in getaddrinfo
    for res in _socket.getaddrinfo(host, port, family, type, proto, flags):
socket.gaierror: [Errno -2] Name or service not known

During handling of the above exception, another exception occurred:

Traceback (most recent call last):
  File "/root/.cache/pypoetry/virtualenvs/cpdbv2-backend-VA82Wl8V-py3.7/lib/python3.7/site-packages/elasticsearch/connection/http_urllib3.py", line 115, in perform_request
    response = self.pool.urlopen(method, url, body, retries=False, headers=self.headers, **kw)
  File "/root/.cache/pypoetry/virtualenvs/cpdbv2-backend-VA82Wl8V-py3.7/lib/python3.7/site-packages/urllib3/connectionpool.py", line 727, in urlopen
    method, url, error=e, _pool=self, _stacktrace=sys.exc_info()[2]
  File "/root/.cache/pypoetry/virtualenvs/cpdbv2-backend-VA82Wl8V-py3.7/lib/python3.7/site-packages/urllib3/util/retry.py", line 386, in increment
    raise six.reraise(type(error), error, _stacktrace)
  File "/root/.cache/pypoetry/virtualenvs/cpdbv2-backend-VA82Wl8V-py3.7/lib/python3.7/site-packages/urllib3/packages/six.py", line 735, in reraise
    raise value
  File "/root/.cache/pypoetry/virtualenvs/cpdbv2-backend-VA82Wl8V-py3.7/lib/python3.7/site-packages/urllib3/connectionpool.py", line 677, in urlopen
    chunked=chunked,
  File "/root/.cache/pypoetry/virtualenvs/cpdbv2-backend-VA82Wl8V-py3.7/lib/python3.7/site-packages/urllib3/connectionpool.py", line 392, in _make_request
    conn.request(method, url, **httplib_request_kw)
  File "/usr/local/lib/python3.7/http/client.py", line 1281, in request
    self._send_request(method, url, body, headers, encode_chunked)
  File "/usr/local/lib/python3.7/http/client.py", line 1327, in _send_request
    self.endheaders(body, encode_chunked=encode_chunked)
  File "/usr/local/lib/python3.7/http/client.py", line 1276, in endheaders
    self._send_output(message_body, encode_chunked=encode_chunked)
  File "/usr/local/lib/python3.7/http/client.py", line 1036, in _send_output
    self.send(msg)
  File "/usr/local/lib/python3.7/http/client.py", line 976, in send
    self.connect()
  File "/root/.cache/pypoetry/virtualenvs/cpdbv2-backend-VA82Wl8V-py3.7/lib/python3.7/site-packages/urllib3/connection.py", line 187, in connect
    conn = self._new_conn()
  File "/root/.cache/pypoetry/virtualenvs/cpdbv2-backend-VA82Wl8V-py3.7/lib/python3.7/site-packages/urllib3/connection.py", line 172, in _new_conn
    self, "Failed to establish a new connection: %s" % e
urllib3.exceptions.NewConnectionError: <urllib3.connection.HTTPConnection object at 0x7ff068f35850>: Failed to establish a new connection: [Errno -2] Name or service not known
elasticsearch: DEBUG: > None
urllib3.util.retry: DEBUG: Converted retries value: False -> Retry(total=False, connect=None, read=None, redirect=0, status=None)
urllib3.connectionpool: DEBUG: Starting new HTTP connection (174): elasticsearch:9200
elasticsearch: WARNING: DELETE http://elasticsearch:9200/test_my_alias [status:N/A request:0.005s]
Traceback (most recent call last):
  File "/root/.cache/pypoetry/virtualenvs/cpdbv2-backend-VA82Wl8V-py3.7/lib/python3.7/site-packages/urllib3/connection.py", line 160, in _new_conn
    (self._dns_host, self.port), self.timeout, **extra_kw
  File "/root/.cache/pypoetry/virtualenvs/cpdbv2-backend-VA82Wl8V-py3.7/lib/python3.7/site-packages/urllib3/util/connection.py", line 61, in create_connection
    for res in socket.getaddrinfo(host, port, family, socket.SOCK_STREAM):
  File "/usr/local/lib/python3.7/socket.py", line 752, in getaddrinfo
    for res in _socket.getaddrinfo(host, port, family, type, proto, flags):
socket.gaierror: [Errno -2] Name or service not known

During handling of the above exception, another exception occurred:

Traceback (most recent call last):
  File "/root/.cache/pypoetry/virtualenvs/cpdbv2-backend-VA82Wl8V-py3.7/lib/python3.7/site-packages/elasticsearch/connection/http_urllib3.py", line 115, in perform_request
    response = self.pool.urlopen(method, url, body, retries=False, headers=self.headers, **kw)
  File "/root/.cache/pypoetry/virtualenvs/cpdbv2-backend-VA82Wl8V-py3.7/lib/python3.7/site-packages/urllib3/connectionpool.py", line 727, in urlopen
    method, url, error=e, _pool=self, _stacktrace=sys.exc_info()[2]
  File "/root/.cache/pypoetry/virtualenvs/cpdbv2-backend-VA82Wl8V-py3.7/lib/python3.7/site-packages/urllib3/util/retry.py", line 386, in increment
    raise six.reraise(type(error), error, _stacktrace)
  File "/root/.cache/pypoetry/virtualenvs/cpdbv2-backend-VA82Wl8V-py3.7/lib/python3.7/site-packages/urllib3/packages/six.py", line 735, in reraise
    raise value
  File "/root/.cache/pypoetry/virtualenvs/cpdbv2-backend-VA82Wl8V-py3.7/lib/python3.7/site-packages/urllib3/connectionpool.py", line 677, in urlopen
    chunked=chunked,
  File "/root/.cache/pypoetry/virtualenvs/cpdbv2-backend-VA82Wl8V-py3.7/lib/python3.7/site-packages/urllib3/connectionpool.py", line 392, in _make_request
    conn.request(method, url, **httplib_request_kw)
  File "/usr/local/lib/python3.7/http/client.py", line 1281, in request
    self._send_request(method, url, body, headers, encode_chunked)
  File "/usr/local/lib/python3.7/http/client.py", line 1327, in _send_request
    self.endheaders(body, encode_chunked=encode_chunked)
  File "/usr/local/lib/python3.7/http/client.py", line 1276, in endheaders
    self._send_output(message_body, encode_chunked=encode_chunked)
  File "/usr/local/lib/python3.7/http/client.py", line 1036, in _send_output
    self.send(msg)
  File "/usr/local/lib/python3.7/http/client.py", line 976, in send
    self.connect()
  File "/root/.cache/pypoetry/virtualenvs/cpdbv2-backend-VA82Wl8V-py3.7/lib/python3.7/site-packages/urllib3/connection.py", line 187, in connect
    conn = self._new_conn()
  File "/root/.cache/pypoetry/virtualenvs/cpdbv2-backend-VA82Wl8V-py3.7/lib/python3.7/site-packages/urllib3/connection.py", line 172, in _new_conn
    self, "Failed to establish a new connection: %s" % e
urllib3.exceptions.NewConnectionError: <urllib3.connection.HTTPConnection object at 0x7ff068f9c190>: Failed to establish a new connection: [Errno -2] Name or service not known
elasticsearch: DEBUG: > None
urllib3.util.retry: DEBUG: Converted retries value: False -> Retry(total=False, connect=None, read=None, redirect=0, status=None)
urllib3.connectionpool: DEBUG: Starting new HTTP connection (175): elasticsearch:9200
elasticsearch: WARNING: DELETE http://elasticsearch:9200/test_my_alias [status:N/A request:0.004s]
Traceback (most recent call last):
  File "/root/.cache/pypoetry/virtualenvs/cpdbv2-backend-VA82Wl8V-py3.7/lib/python3.7/site-packages/urllib3/connection.py", line 160, in _new_conn
    (self._dns_host, self.port), self.timeout, **extra_kw
  File "/root/.cache/pypoetry/virtualenvs/cpdbv2-backend-VA82Wl8V-py3.7/lib/python3.7/site-packages/urllib3/util/connection.py", line 61, in create_connection
    for res in socket.getaddrinfo(host, port, family, socket.SOCK_STREAM):
  File "/usr/local/lib/python3.7/socket.py", line 752, in getaddrinfo
    for res in _socket.getaddrinfo(host, port, family, type, proto, flags):
socket.gaierror: [Errno -2] Name or service not known

During handling of the above exception, another exception occurred:

Traceback (most recent call last):
  File "/root/.cache/pypoetry/virtualenvs/cpdbv2-backend-VA82Wl8V-py3.7/lib/python3.7/site-packages/elasticsearch/connection/http_urllib3.py", line 115, in perform_request
    response = self.pool.urlopen(method, url, body, retries=False, headers=self.headers, **kw)
  File "/root/.cache/pypoetry/virtualenvs/cpdbv2-backend-VA82Wl8V-py3.7/lib/python3.7/site-packages/urllib3/connectionpool.py", line 727, in urlopen
    method, url, error=e, _pool=self, _stacktrace=sys.exc_info()[2]
  File "/root/.cache/pypoetry/virtualenvs/cpdbv2-backend-VA82Wl8V-py3.7/lib/python3.7/site-packages/urllib3/util/retry.py", line 386, in increment
    raise six.reraise(type(error), error, _stacktrace)
  File "/root/.cache/pypoetry/virtualenvs/cpdbv2-backend-VA82Wl8V-py3.7/lib/python3.7/site-packages/urllib3/packages/six.py", line 735, in reraise
    raise value
  File "/root/.cache/pypoetry/virtualenvs/cpdbv2-backend-VA82Wl8V-py3.7/lib/python3.7/site-packages/urllib3/connectionpool.py", line 677, in urlopen
    chunked=chunked,
  File "/root/.cache/pypoetry/virtualenvs/cpdbv2-backend-VA82Wl8V-py3.7/lib/python3.7/site-packages/urllib3/connectionpool.py", line 392, in _make_request
    conn.request(method, url, **httplib_request_kw)
  File "/usr/local/lib/python3.7/http/client.py", line 1281, in request
    self._send_request(method, url, body, headers, encode_chunked)
  File "/usr/local/lib/python3.7/http/client.py", line 1327, in _send_request
    self.endheaders(body, encode_chunked=encode_chunked)
  File "/usr/local/lib/python3.7/http/client.py", line 1276, in endheaders
    self._send_output(message_body, encode_chunked=encode_chunked)
  File "/usr/local/lib/python3.7/http/client.py", line 1036, in _send_output
    self.send(msg)
  File "/usr/local/lib/python3.7/http/client.py", line 976, in send
    self.connect()
  File "/root/.cache/pypoetry/virtualenvs/cpdbv2-backend-VA82Wl8V-py3.7/lib/python3.7/site-packages/urllib3/connection.py", line 187, in connect
    conn = self._new_conn()
  File "/root/.cache/pypoetry/virtualenvs/cpdbv2-backend-VA82Wl8V-py3.7/lib/python3.7/site-packages/urllib3/connection.py", line 172, in _new_conn
    self, "Failed to establish a new connection: %s" % e
urllib3.exceptions.NewConnectionError: <urllib3.connection.HTTPConnection object at 0x7ff068f9c290>: Failed to establish a new connection: [Errno -2] Name or service not known
elasticsearch: DEBUG: > None
urllib3.util.retry: DEBUG: Converted retries value: False -> Retry(total=False, connect=None, read=None, redirect=0, status=None)
urllib3.connectionpool: DEBUG: Starting new HTTP connection (176): elasticsearch:9200
elasticsearch: WARNING: DELETE http://elasticsearch:9200/test_my_alias [status:N/A request:0.003s]
Traceback (most recent call last):
  File "/root/.cache/pypoetry/virtualenvs/cpdbv2-backend-VA82Wl8V-py3.7/lib/python3.7/site-packages/urllib3/connection.py", line 160, in _new_conn
    (self._dns_host, self.port), self.timeout, **extra_kw
  File "/root/.cache/pypoetry/virtualenvs/cpdbv2-backend-VA82Wl8V-py3.7/lib/python3.7/site-packages/urllib3/util/connection.py", line 61, in create_connection
    for res in socket.getaddrinfo(host, port, family, socket.SOCK_STREAM):
  File "/usr/local/lib/python3.7/socket.py", line 752, in getaddrinfo
    for res in _socket.getaddrinfo(host, port, family, type, proto, flags):
socket.gaierror: [Errno -2] Name or service not known

During handling of the above exception, another exception occurred:

Traceback (most recent call last):
  File "/root/.cache/pypoetry/virtualenvs/cpdbv2-backend-VA82Wl8V-py3.7/lib/python3.7/site-packages/elasticsearch/connection/http_urllib3.py", line 115, in perform_request
    response = self.pool.urlopen(method, url, body, retries=False, headers=self.headers, **kw)
  File "/root/.cache/pypoetry/virtualenvs/cpdbv2-backend-VA82Wl8V-py3.7/lib/python3.7/site-packages/urllib3/connectionpool.py", line 727, in urlopen
    method, url, error=e, _pool=self, _stacktrace=sys.exc_info()[2]
  File "/root/.cache/pypoetry/virtualenvs/cpdbv2-backend-VA82Wl8V-py3.7/lib/python3.7/site-packages/urllib3/util/retry.py", line 386, in increment
    raise six.reraise(type(error), error, _stacktrace)
  File "/root/.cache/pypoetry/virtualenvs/cpdbv2-backend-VA82Wl8V-py3.7/lib/python3.7/site-packages/urllib3/packages/six.py", line 735, in reraise
    raise value
  File "/root/.cache/pypoetry/virtualenvs/cpdbv2-backend-VA82Wl8V-py3.7/lib/python3.7/site-packages/urllib3/connectionpool.py", line 677, in urlopen
    chunked=chunked,
  File "/root/.cache/pypoetry/virtualenvs/cpdbv2-backend-VA82Wl8V-py3.7/lib/python3.7/site-packages/urllib3/connectionpool.py", line 392, in _make_request
    conn.request(method, url, **httplib_request_kw)
  File "/usr/local/lib/python3.7/http/client.py", line 1281, in request
    self._send_request(method, url, body, headers, encode_chunked)
  File "/usr/local/lib/python3.7/http/client.py", line 1327, in _send_request
    self.endheaders(body, encode_chunked=encode_chunked)
  File "/usr/local/lib/python3.7/http/client.py", line 1276, in endheaders
    self._send_output(message_body, encode_chunked=encode_chunked)
  File "/usr/local/lib/python3.7/http/client.py", line 1036, in _send_output
    self.send(msg)
  File "/usr/local/lib/python3.7/http/client.py", line 976, in send
    self.connect()
  File "/root/.cache/pypoetry/virtualenvs/cpdbv2-backend-VA82Wl8V-py3.7/lib/python3.7/site-packages/urllib3/connection.py", line 187, in connect
    conn = self._new_conn()
  File "/root/.cache/pypoetry/virtualenvs/cpdbv2-backend-VA82Wl8V-py3.7/lib/python3.7/site-packages/urllib3/connection.py", line 172, in _new_conn
    self, "Failed to establish a new connection: %s" % e
urllib3.exceptions.NewConnectionError: <urllib3.connection.HTTPConnection object at 0x7ff068f9c690>: Failed to establish a new connection: [Errno -2] Name or service not known
elasticsearch: DEBUG: > None
--------------------- >> end captured logging << ---------------------

======================================================================
ERROR: test_delete_existing_docs (es_index.tests.test_indexers.PartialIndexerTestCase)
----------------------------------------------------------------------
Traceback (most recent call last):
  File "/usr/src/app/cpdb/es_index/tests/test_indexers.py", line 196, in setUp
    my_index_alias.read_index.delete(ignore=404)
  File "/root/.cache/pypoetry/virtualenvs/cpdbv2-backend-VA82Wl8V-py3.7/lib/python3.7/site-packages/elasticsearch_dsl/index.py", line 222, in delete
    self.connection.indices.delete(index=self._name, **kwargs)
  File "/root/.cache/pypoetry/virtualenvs/cpdbv2-backend-VA82Wl8V-py3.7/lib/python3.7/site-packages/elasticsearch/client/utils.py", line 73, in _wrapped
    return func(*args, params=params, **kwargs)
  File "/root/.cache/pypoetry/virtualenvs/cpdbv2-backend-VA82Wl8V-py3.7/lib/python3.7/site-packages/elasticsearch/client/indices.py", line 200, in delete
    params=params)
  File "/root/.cache/pypoetry/virtualenvs/cpdbv2-backend-VA82Wl8V-py3.7/lib/python3.7/site-packages/elasticsearch/transport.py", line 312, in perform_request
    status, headers, data = connection.perform_request(method, url, params, body, ignore=ignore, timeout=timeout)
  File "/root/.cache/pypoetry/virtualenvs/cpdbv2-backend-VA82Wl8V-py3.7/lib/python3.7/site-packages/elasticsearch/connection/http_urllib3.py", line 124, in perform_request
    raise ConnectionError('N/A', str(e), e)
elasticsearch.exceptions.ConnectionError: ConnectionError(<urllib3.connection.HTTPConnection object at 0x7ff068f9ff90>: Failed to establish a new connection: [Errno -2] Name or service not known) caused by: NewConnectionError(<urllib3.connection.HTTPConnection object at 0x7ff068f9ff90>: Failed to establish a new connection: [Errno -2] Name or service not known)
-------------------- >> begin captured logging << --------------------
urllib3.util.retry: DEBUG: Converted retries value: False -> Retry(total=False, connect=None, read=None, redirect=0, status=None)
urllib3.connectionpool: DEBUG: Starting new HTTP connection (177): elasticsearch:9200
elasticsearch: WARNING: DELETE http://elasticsearch:9200/test_my_alias [status:N/A request:0.004s]
Traceback (most recent call last):
  File "/root/.cache/pypoetry/virtualenvs/cpdbv2-backend-VA82Wl8V-py3.7/lib/python3.7/site-packages/urllib3/connection.py", line 160, in _new_conn
    (self._dns_host, self.port), self.timeout, **extra_kw
  File "/root/.cache/pypoetry/virtualenvs/cpdbv2-backend-VA82Wl8V-py3.7/lib/python3.7/site-packages/urllib3/util/connection.py", line 61, in create_connection
    for res in socket.getaddrinfo(host, port, family, socket.SOCK_STREAM):
  File "/usr/local/lib/python3.7/socket.py", line 752, in getaddrinfo
    for res in _socket.getaddrinfo(host, port, family, type, proto, flags):
socket.gaierror: [Errno -2] Name or service not known

During handling of the above exception, another exception occurred:

Traceback (most recent call last):
  File "/root/.cache/pypoetry/virtualenvs/cpdbv2-backend-VA82Wl8V-py3.7/lib/python3.7/site-packages/elasticsearch/connection/http_urllib3.py", line 115, in perform_request
    response = self.pool.urlopen(method, url, body, retries=False, headers=self.headers, **kw)
  File "/root/.cache/pypoetry/virtualenvs/cpdbv2-backend-VA82Wl8V-py3.7/lib/python3.7/site-packages/urllib3/connectionpool.py", line 727, in urlopen
    method, url, error=e, _pool=self, _stacktrace=sys.exc_info()[2]
  File "/root/.cache/pypoetry/virtualenvs/cpdbv2-backend-VA82Wl8V-py3.7/lib/python3.7/site-packages/urllib3/util/retry.py", line 386, in increment
    raise six.reraise(type(error), error, _stacktrace)
  File "/root/.cache/pypoetry/virtualenvs/cpdbv2-backend-VA82Wl8V-py3.7/lib/python3.7/site-packages/urllib3/packages/six.py", line 735, in reraise
    raise value
  File "/root/.cache/pypoetry/virtualenvs/cpdbv2-backend-VA82Wl8V-py3.7/lib/python3.7/site-packages/urllib3/connectionpool.py", line 677, in urlopen
    chunked=chunked,
  File "/root/.cache/pypoetry/virtualenvs/cpdbv2-backend-VA82Wl8V-py3.7/lib/python3.7/site-packages/urllib3/connectionpool.py", line 392, in _make_request
    conn.request(method, url, **httplib_request_kw)
  File "/usr/local/lib/python3.7/http/client.py", line 1281, in request
    self._send_request(method, url, body, headers, encode_chunked)
  File "/usr/local/lib/python3.7/http/client.py", line 1327, in _send_request
    self.endheaders(body, encode_chunked=encode_chunked)
  File "/usr/local/lib/python3.7/http/client.py", line 1276, in endheaders
    self._send_output(message_body, encode_chunked=encode_chunked)
  File "/usr/local/lib/python3.7/http/client.py", line 1036, in _send_output
    self.send(msg)
  File "/usr/local/lib/python3.7/http/client.py", line 976, in send
    self.connect()
  File "/root/.cache/pypoetry/virtualenvs/cpdbv2-backend-VA82Wl8V-py3.7/lib/python3.7/site-packages/urllib3/connection.py", line 187, in connect
    conn = self._new_conn()
  File "/root/.cache/pypoetry/virtualenvs/cpdbv2-backend-VA82Wl8V-py3.7/lib/python3.7/site-packages/urllib3/connection.py", line 172, in _new_conn
    self, "Failed to establish a new connection: %s" % e
urllib3.exceptions.NewConnectionError: <urllib3.connection.HTTPConnection object at 0x7ff068f97f50>: Failed to establish a new connection: [Errno -2] Name or service not known
elasticsearch: DEBUG: > None
urllib3.util.retry: DEBUG: Converted retries value: False -> Retry(total=False, connect=None, read=None, redirect=0, status=None)
urllib3.connectionpool: DEBUG: Starting new HTTP connection (178): elasticsearch:9200
elasticsearch: WARNING: DELETE http://elasticsearch:9200/test_my_alias [status:N/A request:0.005s]
Traceback (most recent call last):
  File "/root/.cache/pypoetry/virtualenvs/cpdbv2-backend-VA82Wl8V-py3.7/lib/python3.7/site-packages/urllib3/connection.py", line 160, in _new_conn
    (self._dns_host, self.port), self.timeout, **extra_kw
  File "/root/.cache/pypoetry/virtualenvs/cpdbv2-backend-VA82Wl8V-py3.7/lib/python3.7/site-packages/urllib3/util/connection.py", line 61, in create_connection
    for res in socket.getaddrinfo(host, port, family, socket.SOCK_STREAM):
  File "/usr/local/lib/python3.7/socket.py", line 752, in getaddrinfo
    for res in _socket.getaddrinfo(host, port, family, type, proto, flags):
socket.gaierror: [Errno -2] Name or service not known

During handling of the above exception, another exception occurred:

Traceback (most recent call last):
  File "/root/.cache/pypoetry/virtualenvs/cpdbv2-backend-VA82Wl8V-py3.7/lib/python3.7/site-packages/elasticsearch/connection/http_urllib3.py", line 115, in perform_request
    response = self.pool.urlopen(method, url, body, retries=False, headers=self.headers, **kw)
  File "/root/.cache/pypoetry/virtualenvs/cpdbv2-backend-VA82Wl8V-py3.7/lib/python3.7/site-packages/urllib3/connectionpool.py", line 727, in urlopen
    method, url, error=e, _pool=self, _stacktrace=sys.exc_info()[2]
  File "/root/.cache/pypoetry/virtualenvs/cpdbv2-backend-VA82Wl8V-py3.7/lib/python3.7/site-packages/urllib3/util/retry.py", line 386, in increment
    raise six.reraise(type(error), error, _stacktrace)
  File "/root/.cache/pypoetry/virtualenvs/cpdbv2-backend-VA82Wl8V-py3.7/lib/python3.7/site-packages/urllib3/packages/six.py", line 735, in reraise
    raise value
  File "/root/.cache/pypoetry/virtualenvs/cpdbv2-backend-VA82Wl8V-py3.7/lib/python3.7/site-packages/urllib3/connectionpool.py", line 677, in urlopen
    chunked=chunked,
  File "/root/.cache/pypoetry/virtualenvs/cpdbv2-backend-VA82Wl8V-py3.7/lib/python3.7/site-packages/urllib3/connectionpool.py", line 392, in _make_request
    conn.request(method, url, **httplib_request_kw)
  File "/usr/local/lib/python3.7/http/client.py", line 1281, in request
    self._send_request(method, url, body, headers, encode_chunked)
  File "/usr/local/lib/python3.7/http/client.py", line 1327, in _send_request
    self.endheaders(body, encode_chunked=encode_chunked)
  File "/usr/local/lib/python3.7/http/client.py", line 1276, in endheaders
    self._send_output(message_body, encode_chunked=encode_chunked)
  File "/usr/local/lib/python3.7/http/client.py", line 1036, in _send_output
    self.send(msg)
  File "/usr/local/lib/python3.7/http/client.py", line 976, in send
    self.connect()
  File "/root/.cache/pypoetry/virtualenvs/cpdbv2-backend-VA82Wl8V-py3.7/lib/python3.7/site-packages/urllib3/connection.py", line 187, in connect
    conn = self._new_conn()
  File "/root/.cache/pypoetry/virtualenvs/cpdbv2-backend-VA82Wl8V-py3.7/lib/python3.7/site-packages/urllib3/connection.py", line 172, in _new_conn
    self, "Failed to establish a new connection: %s" % e
urllib3.exceptions.NewConnectionError: <urllib3.connection.HTTPConnection object at 0x7ff068f97890>: Failed to establish a new connection: [Errno -2] Name or service not known
elasticsearch: DEBUG: > None
urllib3.util.retry: DEBUG: Converted retries value: False -> Retry(total=False, connect=None, read=None, redirect=0, status=None)
urllib3.connectionpool: DEBUG: Starting new HTTP connection (179): elasticsearch:9200
elasticsearch: WARNING: DELETE http://elasticsearch:9200/test_my_alias [status:N/A request:0.004s]
Traceback (most recent call last):
  File "/root/.cache/pypoetry/virtualenvs/cpdbv2-backend-VA82Wl8V-py3.7/lib/python3.7/site-packages/urllib3/connection.py", line 160, in _new_conn
    (self._dns_host, self.port), self.timeout, **extra_kw
  File "/root/.cache/pypoetry/virtualenvs/cpdbv2-backend-VA82Wl8V-py3.7/lib/python3.7/site-packages/urllib3/util/connection.py", line 61, in create_connection
    for res in socket.getaddrinfo(host, port, family, socket.SOCK_STREAM):
  File "/usr/local/lib/python3.7/socket.py", line 752, in getaddrinfo
    for res in _socket.getaddrinfo(host, port, family, type, proto, flags):
socket.gaierror: [Errno -2] Name or service not known

During handling of the above exception, another exception occurred:

Traceback (most recent call last):
  File "/root/.cache/pypoetry/virtualenvs/cpdbv2-backend-VA82Wl8V-py3.7/lib/python3.7/site-packages/elasticsearch/connection/http_urllib3.py", line 115, in perform_request
    response = self.pool.urlopen(method, url, body, retries=False, headers=self.headers, **kw)
  File "/root/.cache/pypoetry/virtualenvs/cpdbv2-backend-VA82Wl8V-py3.7/lib/python3.7/site-packages/urllib3/connectionpool.py", line 727, in urlopen
    method, url, error=e, _pool=self, _stacktrace=sys.exc_info()[2]
  File "/root/.cache/pypoetry/virtualenvs/cpdbv2-backend-VA82Wl8V-py3.7/lib/python3.7/site-packages/urllib3/util/retry.py", line 386, in increment
    raise six.reraise(type(error), error, _stacktrace)
  File "/root/.cache/pypoetry/virtualenvs/cpdbv2-backend-VA82Wl8V-py3.7/lib/python3.7/site-packages/urllib3/packages/six.py", line 735, in reraise
    raise value
  File "/root/.cache/pypoetry/virtualenvs/cpdbv2-backend-VA82Wl8V-py3.7/lib/python3.7/site-packages/urllib3/connectionpool.py", line 677, in urlopen
    chunked=chunked,
  File "/root/.cache/pypoetry/virtualenvs/cpdbv2-backend-VA82Wl8V-py3.7/lib/python3.7/site-packages/urllib3/connectionpool.py", line 392, in _make_request
    conn.request(method, url, **httplib_request_kw)
  File "/usr/local/lib/python3.7/http/client.py", line 1281, in request
    self._send_request(method, url, body, headers, encode_chunked)
  File "/usr/local/lib/python3.7/http/client.py", line 1327, in _send_request
    self.endheaders(body, encode_chunked=encode_chunked)
  File "/usr/local/lib/python3.7/http/client.py", line 1276, in endheaders
    self._send_output(message_body, encode_chunked=encode_chunked)
  File "/usr/local/lib/python3.7/http/client.py", line 1036, in _send_output
    self.send(msg)
  File "/usr/local/lib/python3.7/http/client.py", line 976, in send
    self.connect()
  File "/root/.cache/pypoetry/virtualenvs/cpdbv2-backend-VA82Wl8V-py3.7/lib/python3.7/site-packages/urllib3/connection.py", line 187, in connect
    conn = self._new_conn()
  File "/root/.cache/pypoetry/virtualenvs/cpdbv2-backend-VA82Wl8V-py3.7/lib/python3.7/site-packages/urllib3/connection.py", line 172, in _new_conn
    self, "Failed to establish a new connection: %s" % e
urllib3.exceptions.NewConnectionError: <urllib3.connection.HTTPConnection object at 0x7ff068f9fe90>: Failed to establish a new connection: [Errno -2] Name or service not known
elasticsearch: DEBUG: > None
urllib3.util.retry: DEBUG: Converted retries value: False -> Retry(total=False, connect=None, read=None, redirect=0, status=None)
urllib3.connectionpool: DEBUG: Starting new HTTP connection (180): elasticsearch:9200
elasticsearch: WARNING: DELETE http://elasticsearch:9200/test_my_alias [status:N/A request:0.004s]
Traceback (most recent call last):
  File "/root/.cache/pypoetry/virtualenvs/cpdbv2-backend-VA82Wl8V-py3.7/lib/python3.7/site-packages/urllib3/connection.py", line 160, in _new_conn
    (self._dns_host, self.port), self.timeout, **extra_kw
  File "/root/.cache/pypoetry/virtualenvs/cpdbv2-backend-VA82Wl8V-py3.7/lib/python3.7/site-packages/urllib3/util/connection.py", line 61, in create_connection
    for res in socket.getaddrinfo(host, port, family, socket.SOCK_STREAM):
  File "/usr/local/lib/python3.7/socket.py", line 752, in getaddrinfo
    for res in _socket.getaddrinfo(host, port, family, type, proto, flags):
socket.gaierror: [Errno -2] Name or service not known

During handling of the above exception, another exception occurred:

Traceback (most recent call last):
  File "/root/.cache/pypoetry/virtualenvs/cpdbv2-backend-VA82Wl8V-py3.7/lib/python3.7/site-packages/elasticsearch/connection/http_urllib3.py", line 115, in perform_request
    response = self.pool.urlopen(method, url, body, retries=False, headers=self.headers, **kw)
  File "/root/.cache/pypoetry/virtualenvs/cpdbv2-backend-VA82Wl8V-py3.7/lib/python3.7/site-packages/urllib3/connectionpool.py", line 727, in urlopen
    method, url, error=e, _pool=self, _stacktrace=sys.exc_info()[2]
  File "/root/.cache/pypoetry/virtualenvs/cpdbv2-backend-VA82Wl8V-py3.7/lib/python3.7/site-packages/urllib3/util/retry.py", line 386, in increment
    raise six.reraise(type(error), error, _stacktrace)
  File "/root/.cache/pypoetry/virtualenvs/cpdbv2-backend-VA82Wl8V-py3.7/lib/python3.7/site-packages/urllib3/packages/six.py", line 735, in reraise
    raise value
  File "/root/.cache/pypoetry/virtualenvs/cpdbv2-backend-VA82Wl8V-py3.7/lib/python3.7/site-packages/urllib3/connectionpool.py", line 677, in urlopen
    chunked=chunked,
  File "/root/.cache/pypoetry/virtualenvs/cpdbv2-backend-VA82Wl8V-py3.7/lib/python3.7/site-packages/urllib3/connectionpool.py", line 392, in _make_request
    conn.request(method, url, **httplib_request_kw)
  File "/usr/local/lib/python3.7/http/client.py", line 1281, in request
    self._send_request(method, url, body, headers, encode_chunked)
  File "/usr/local/lib/python3.7/http/client.py", line 1327, in _send_request
    self.endheaders(body, encode_chunked=encode_chunked)
  File "/usr/local/lib/python3.7/http/client.py", line 1276, in endheaders
    self._send_output(message_body, encode_chunked=encode_chunked)
  File "/usr/local/lib/python3.7/http/client.py", line 1036, in _send_output
    self.send(msg)
  File "/usr/local/lib/python3.7/http/client.py", line 976, in send
    self.connect()
  File "/root/.cache/pypoetry/virtualenvs/cpdbv2-backend-VA82Wl8V-py3.7/lib/python3.7/site-packages/urllib3/connection.py", line 187, in connect
    conn = self._new_conn()
  File "/root/.cache/pypoetry/virtualenvs/cpdbv2-backend-VA82Wl8V-py3.7/lib/python3.7/site-packages/urllib3/connection.py", line 172, in _new_conn
    self, "Failed to establish a new connection: %s" % e
urllib3.exceptions.NewConnectionError: <urllib3.connection.HTTPConnection object at 0x7ff068f9ff90>: Failed to establish a new connection: [Errno -2] Name or service not known
elasticsearch: DEBUG: > None
--------------------- >> end captured logging << ---------------------

======================================================================
ERROR: test_get_batch_queryset (es_index.tests.test_indexers.PartialIndexerTestCase)
----------------------------------------------------------------------
Traceback (most recent call last):
  File "/usr/src/app/cpdb/es_index/tests/test_indexers.py", line 196, in setUp
    my_index_alias.read_index.delete(ignore=404)
  File "/root/.cache/pypoetry/virtualenvs/cpdbv2-backend-VA82Wl8V-py3.7/lib/python3.7/site-packages/elasticsearch_dsl/index.py", line 222, in delete
    self.connection.indices.delete(index=self._name, **kwargs)
  File "/root/.cache/pypoetry/virtualenvs/cpdbv2-backend-VA82Wl8V-py3.7/lib/python3.7/site-packages/elasticsearch/client/utils.py", line 73, in _wrapped
    return func(*args, params=params, **kwargs)
  File "/root/.cache/pypoetry/virtualenvs/cpdbv2-backend-VA82Wl8V-py3.7/lib/python3.7/site-packages/elasticsearch/client/indices.py", line 200, in delete
    params=params)
  File "/root/.cache/pypoetry/virtualenvs/cpdbv2-backend-VA82Wl8V-py3.7/lib/python3.7/site-packages/elasticsearch/transport.py", line 312, in perform_request
    status, headers, data = connection.perform_request(method, url, params, body, ignore=ignore, timeout=timeout)
  File "/root/.cache/pypoetry/virtualenvs/cpdbv2-backend-VA82Wl8V-py3.7/lib/python3.7/site-packages/elasticsearch/connection/http_urllib3.py", line 124, in perform_request
    raise ConnectionError('N/A', str(e), e)
elasticsearch.exceptions.ConnectionError: ConnectionError(<urllib3.connection.HTTPConnection object at 0x7ff068f450d0>: Failed to establish a new connection: [Errno -2] Name or service not known) caused by: NewConnectionError(<urllib3.connection.HTTPConnection object at 0x7ff068f450d0>: Failed to establish a new connection: [Errno -2] Name or service not known)
-------------------- >> begin captured logging << --------------------
urllib3.util.retry: DEBUG: Converted retries value: False -> Retry(total=False, connect=None, read=None, redirect=0, status=None)
urllib3.connectionpool: DEBUG: Starting new HTTP connection (181): elasticsearch:9200
elasticsearch: WARNING: DELETE http://elasticsearch:9200/test_my_alias [status:N/A request:0.005s]
Traceback (most recent call last):
  File "/root/.cache/pypoetry/virtualenvs/cpdbv2-backend-VA82Wl8V-py3.7/lib/python3.7/site-packages/urllib3/connection.py", line 160, in _new_conn
    (self._dns_host, self.port), self.timeout, **extra_kw
  File "/root/.cache/pypoetry/virtualenvs/cpdbv2-backend-VA82Wl8V-py3.7/lib/python3.7/site-packages/urllib3/util/connection.py", line 61, in create_connection
    for res in socket.getaddrinfo(host, port, family, socket.SOCK_STREAM):
  File "/usr/local/lib/python3.7/socket.py", line 752, in getaddrinfo
    for res in _socket.getaddrinfo(host, port, family, type, proto, flags):
socket.gaierror: [Errno -2] Name or service not known

During handling of the above exception, another exception occurred:

Traceback (most recent call last):
  File "/root/.cache/pypoetry/virtualenvs/cpdbv2-backend-VA82Wl8V-py3.7/lib/python3.7/site-packages/elasticsearch/connection/http_urllib3.py", line 115, in perform_request
    response = self.pool.urlopen(method, url, body, retries=False, headers=self.headers, **kw)
  File "/root/.cache/pypoetry/virtualenvs/cpdbv2-backend-VA82Wl8V-py3.7/lib/python3.7/site-packages/urllib3/connectionpool.py", line 727, in urlopen
    method, url, error=e, _pool=self, _stacktrace=sys.exc_info()[2]
  File "/root/.cache/pypoetry/virtualenvs/cpdbv2-backend-VA82Wl8V-py3.7/lib/python3.7/site-packages/urllib3/util/retry.py", line 386, in increment
    raise six.reraise(type(error), error, _stacktrace)
  File "/root/.cache/pypoetry/virtualenvs/cpdbv2-backend-VA82Wl8V-py3.7/lib/python3.7/site-packages/urllib3/packages/six.py", line 735, in reraise
    raise value
  File "/root/.cache/pypoetry/virtualenvs/cpdbv2-backend-VA82Wl8V-py3.7/lib/python3.7/site-packages/urllib3/connectionpool.py", line 677, in urlopen
    chunked=chunked,
  File "/root/.cache/pypoetry/virtualenvs/cpdbv2-backend-VA82Wl8V-py3.7/lib/python3.7/site-packages/urllib3/connectionpool.py", line 392, in _make_request
    conn.request(method, url, **httplib_request_kw)
  File "/usr/local/lib/python3.7/http/client.py", line 1281, in request
    self._send_request(method, url, body, headers, encode_chunked)
  File "/usr/local/lib/python3.7/http/client.py", line 1327, in _send_request
    self.endheaders(body, encode_chunked=encode_chunked)
  File "/usr/local/lib/python3.7/http/client.py", line 1276, in endheaders
    self._send_output(message_body, encode_chunked=encode_chunked)
  File "/usr/local/lib/python3.7/http/client.py", line 1036, in _send_output
    self.send(msg)
  File "/usr/local/lib/python3.7/http/client.py", line 976, in send
    self.connect()
  File "/root/.cache/pypoetry/virtualenvs/cpdbv2-backend-VA82Wl8V-py3.7/lib/python3.7/site-packages/urllib3/connection.py", line 187, in connect
    conn = self._new_conn()
  File "/root/.cache/pypoetry/virtualenvs/cpdbv2-backend-VA82Wl8V-py3.7/lib/python3.7/site-packages/urllib3/connection.py", line 172, in _new_conn
    self, "Failed to establish a new connection: %s" % e
urllib3.exceptions.NewConnectionError: <urllib3.connection.HTTPConnection object at 0x7ff068f45c90>: Failed to establish a new connection: [Errno -2] Name or service not known
elasticsearch: DEBUG: > None
urllib3.util.retry: DEBUG: Converted retries value: False -> Retry(total=False, connect=None, read=None, redirect=0, status=None)
urllib3.connectionpool: DEBUG: Starting new HTTP connection (182): elasticsearch:9200
elasticsearch: WARNING: DELETE http://elasticsearch:9200/test_my_alias [status:N/A request:0.004s]
Traceback (most recent call last):
  File "/root/.cache/pypoetry/virtualenvs/cpdbv2-backend-VA82Wl8V-py3.7/lib/python3.7/site-packages/urllib3/connection.py", line 160, in _new_conn
    (self._dns_host, self.port), self.timeout, **extra_kw
  File "/root/.cache/pypoetry/virtualenvs/cpdbv2-backend-VA82Wl8V-py3.7/lib/python3.7/site-packages/urllib3/util/connection.py", line 61, in create_connection
    for res in socket.getaddrinfo(host, port, family, socket.SOCK_STREAM):
  File "/usr/local/lib/python3.7/socket.py", line 752, in getaddrinfo
    for res in _socket.getaddrinfo(host, port, family, type, proto, flags):
socket.gaierror: [Errno -2] Name or service not known

During handling of the above exception, another exception occurred:

Traceback (most recent call last):
  File "/root/.cache/pypoetry/virtualenvs/cpdbv2-backend-VA82Wl8V-py3.7/lib/python3.7/site-packages/elasticsearch/connection/http_urllib3.py", line 115, in perform_request
    response = self.pool.urlopen(method, url, body, retries=False, headers=self.headers, **kw)
  File "/root/.cache/pypoetry/virtualenvs/cpdbv2-backend-VA82Wl8V-py3.7/lib/python3.7/site-packages/urllib3/connectionpool.py", line 727, in urlopen
    method, url, error=e, _pool=self, _stacktrace=sys.exc_info()[2]
  File "/root/.cache/pypoetry/virtualenvs/cpdbv2-backend-VA82Wl8V-py3.7/lib/python3.7/site-packages/urllib3/util/retry.py", line 386, in increment
    raise six.reraise(type(error), error, _stacktrace)
  File "/root/.cache/pypoetry/virtualenvs/cpdbv2-backend-VA82Wl8V-py3.7/lib/python3.7/site-packages/urllib3/packages/six.py", line 735, in reraise
    raise value
  File "/root/.cache/pypoetry/virtualenvs/cpdbv2-backend-VA82Wl8V-py3.7/lib/python3.7/site-packages/urllib3/connectionpool.py", line 677, in urlopen
    chunked=chunked,
  File "/root/.cache/pypoetry/virtualenvs/cpdbv2-backend-VA82Wl8V-py3.7/lib/python3.7/site-packages/urllib3/connectionpool.py", line 392, in _make_request
    conn.request(method, url, **httplib_request_kw)
  File "/usr/local/lib/python3.7/http/client.py", line 1281, in request
    self._send_request(method, url, body, headers, encode_chunked)
  File "/usr/local/lib/python3.7/http/client.py", line 1327, in _send_request
    self.endheaders(body, encode_chunked=encode_chunked)
  File "/usr/local/lib/python3.7/http/client.py", line 1276, in endheaders
    self._send_output(message_body, encode_chunked=encode_chunked)
  File "/usr/local/lib/python3.7/http/client.py", line 1036, in _send_output
    self.send(msg)
  File "/usr/local/lib/python3.7/http/client.py", line 976, in send
    self.connect()
  File "/root/.cache/pypoetry/virtualenvs/cpdbv2-backend-VA82Wl8V-py3.7/lib/python3.7/site-packages/urllib3/connection.py", line 187, in connect
    conn = self._new_conn()
  File "/root/.cache/pypoetry/virtualenvs/cpdbv2-backend-VA82Wl8V-py3.7/lib/python3.7/site-packages/urllib3/connection.py", line 172, in _new_conn
    self, "Failed to establish a new connection: %s" % e
urllib3.exceptions.NewConnectionError: <urllib3.connection.HTTPConnection object at 0x7ff068f457d0>: Failed to establish a new connection: [Errno -2] Name or service not known
elasticsearch: DEBUG: > None
urllib3.util.retry: DEBUG: Converted retries value: False -> Retry(total=False, connect=None, read=None, redirect=0, status=None)
urllib3.connectionpool: DEBUG: Starting new HTTP connection (183): elasticsearch:9200
elasticsearch: WARNING: DELETE http://elasticsearch:9200/test_my_alias [status:N/A request:0.004s]
Traceback (most recent call last):
  File "/root/.cache/pypoetry/virtualenvs/cpdbv2-backend-VA82Wl8V-py3.7/lib/python3.7/site-packages/urllib3/connection.py", line 160, in _new_conn
    (self._dns_host, self.port), self.timeout, **extra_kw
  File "/root/.cache/pypoetry/virtualenvs/cpdbv2-backend-VA82Wl8V-py3.7/lib/python3.7/site-packages/urllib3/util/connection.py", line 61, in create_connection
    for res in socket.getaddrinfo(host, port, family, socket.SOCK_STREAM):
  File "/usr/local/lib/python3.7/socket.py", line 752, in getaddrinfo
    for res in _socket.getaddrinfo(host, port, family, type, proto, flags):
socket.gaierror: [Errno -2] Name or service not known

During handling of the above exception, another exception occurred:

Traceback (most recent call last):
  File "/root/.cache/pypoetry/virtualenvs/cpdbv2-backend-VA82Wl8V-py3.7/lib/python3.7/site-packages/elasticsearch/connection/http_urllib3.py", line 115, in perform_request
    response = self.pool.urlopen(method, url, body, retries=False, headers=self.headers, **kw)
  File "/root/.cache/pypoetry/virtualenvs/cpdbv2-backend-VA82Wl8V-py3.7/lib/python3.7/site-packages/urllib3/connectionpool.py", line 727, in urlopen
    method, url, error=e, _pool=self, _stacktrace=sys.exc_info()[2]
  File "/root/.cache/pypoetry/virtualenvs/cpdbv2-backend-VA82Wl8V-py3.7/lib/python3.7/site-packages/urllib3/util/retry.py", line 386, in increment
    raise six.reraise(type(error), error, _stacktrace)
  File "/root/.cache/pypoetry/virtualenvs/cpdbv2-backend-VA82Wl8V-py3.7/lib/python3.7/site-packages/urllib3/packages/six.py", line 735, in reraise
    raise value
  File "/root/.cache/pypoetry/virtualenvs/cpdbv2-backend-VA82Wl8V-py3.7/lib/python3.7/site-packages/urllib3/connectionpool.py", line 677, in urlopen
    chunked=chunked,
  File "/root/.cache/pypoetry/virtualenvs/cpdbv2-backend-VA82Wl8V-py3.7/lib/python3.7/site-packages/urllib3/connectionpool.py", line 392, in _make_request
    conn.request(method, url, **httplib_request_kw)
  File "/usr/local/lib/python3.7/http/client.py", line 1281, in request
    self._send_request(method, url, body, headers, encode_chunked)
  File "/usr/local/lib/python3.7/http/client.py", line 1327, in _send_request
    self.endheaders(body, encode_chunked=encode_chunked)
  File "/usr/local/lib/python3.7/http/client.py", line 1276, in endheaders
    self._send_output(message_body, encode_chunked=encode_chunked)
  File "/usr/local/lib/python3.7/http/client.py", line 1036, in _send_output
    self.send(msg)
  File "/usr/local/lib/python3.7/http/client.py", line 976, in send
    self.connect()
  File "/root/.cache/pypoetry/virtualenvs/cpdbv2-backend-VA82Wl8V-py3.7/lib/python3.7/site-packages/urllib3/connection.py", line 187, in connect
    conn = self._new_conn()
  File "/root/.cache/pypoetry/virtualenvs/cpdbv2-backend-VA82Wl8V-py3.7/lib/python3.7/site-packages/urllib3/connection.py", line 172, in _new_conn
    self, "Failed to establish a new connection: %s" % e
urllib3.exceptions.NewConnectionError: <urllib3.connection.HTTPConnection object at 0x7ff068f45610>: Failed to establish a new connection: [Errno -2] Name or service not known
elasticsearch: DEBUG: > None
urllib3.util.retry: DEBUG: Converted retries value: False -> Retry(total=False, connect=None, read=None, redirect=0, status=None)
urllib3.connectionpool: DEBUG: Starting new HTTP connection (184): elasticsearch:9200
elasticsearch: WARNING: DELETE http://elasticsearch:9200/test_my_alias [status:N/A request:0.004s]
Traceback (most recent call last):
  File "/root/.cache/pypoetry/virtualenvs/cpdbv2-backend-VA82Wl8V-py3.7/lib/python3.7/site-packages/urllib3/connection.py", line 160, in _new_conn
    (self._dns_host, self.port), self.timeout, **extra_kw
  File "/root/.cache/pypoetry/virtualenvs/cpdbv2-backend-VA82Wl8V-py3.7/lib/python3.7/site-packages/urllib3/util/connection.py", line 61, in create_connection
    for res in socket.getaddrinfo(host, port, family, socket.SOCK_STREAM):
  File "/usr/local/lib/python3.7/socket.py", line 752, in getaddrinfo
    for res in _socket.getaddrinfo(host, port, family, type, proto, flags):
socket.gaierror: [Errno -2] Name or service not known

During handling of the above exception, another exception occurred:

Traceback (most recent call last):
  File "/root/.cache/pypoetry/virtualenvs/cpdbv2-backend-VA82Wl8V-py3.7/lib/python3.7/site-packages/elasticsearch/connection/http_urllib3.py", line 115, in perform_request
    response = self.pool.urlopen(method, url, body, retries=False, headers=self.headers, **kw)
  File "/root/.cache/pypoetry/virtualenvs/cpdbv2-backend-VA82Wl8V-py3.7/lib/python3.7/site-packages/urllib3/connectionpool.py", line 727, in urlopen
    method, url, error=e, _pool=self, _stacktrace=sys.exc_info()[2]
  File "/root/.cache/pypoetry/virtualenvs/cpdbv2-backend-VA82Wl8V-py3.7/lib/python3.7/site-packages/urllib3/util/retry.py", line 386, in increment
    raise six.reraise(type(error), error, _stacktrace)
  File "/root/.cache/pypoetry/virtualenvs/cpdbv2-backend-VA82Wl8V-py3.7/lib/python3.7/site-packages/urllib3/packages/six.py", line 735, in reraise
    raise value
  File "/root/.cache/pypoetry/virtualenvs/cpdbv2-backend-VA82Wl8V-py3.7/lib/python3.7/site-packages/urllib3/connectionpool.py", line 677, in urlopen
    chunked=chunked,
  File "/root/.cache/pypoetry/virtualenvs/cpdbv2-backend-VA82Wl8V-py3.7/lib/python3.7/site-packages/urllib3/connectionpool.py", line 392, in _make_request
    conn.request(method, url, **httplib_request_kw)
  File "/usr/local/lib/python3.7/http/client.py", line 1281, in request
    self._send_request(method, url, body, headers, encode_chunked)
  File "/usr/local/lib/python3.7/http/client.py", line 1327, in _send_request
    self.endheaders(body, encode_chunked=encode_chunked)
  File "/usr/local/lib/python3.7/http/client.py", line 1276, in endheaders
    self._send_output(message_body, encode_chunked=encode_chunked)
  File "/usr/local/lib/python3.7/http/client.py", line 1036, in _send_output
    self.send(msg)
  File "/usr/local/lib/python3.7/http/client.py", line 976, in send
    self.connect()
  File "/root/.cache/pypoetry/virtualenvs/cpdbv2-backend-VA82Wl8V-py3.7/lib/python3.7/site-packages/urllib3/connection.py", line 187, in connect
    conn = self._new_conn()
  File "/root/.cache/pypoetry/virtualenvs/cpdbv2-backend-VA82Wl8V-py3.7/lib/python3.7/site-packages/urllib3/connection.py", line 172, in _new_conn
    self, "Failed to establish a new connection: %s" % e
urllib3.exceptions.NewConnectionError: <urllib3.connection.HTTPConnection object at 0x7ff068f450d0>: Failed to establish a new connection: [Errno -2] Name or service not known
elasticsearch: DEBUG: > None
--------------------- >> end captured logging << ---------------------

======================================================================
ERROR: test_get_batch_update_docs_queries (es_index.tests.test_indexers.PartialIndexerTestCase)
----------------------------------------------------------------------
Traceback (most recent call last):
  File "/usr/src/app/cpdb/es_index/tests/test_indexers.py", line 196, in setUp
    my_index_alias.read_index.delete(ignore=404)
  File "/root/.cache/pypoetry/virtualenvs/cpdbv2-backend-VA82Wl8V-py3.7/lib/python3.7/site-packages/elasticsearch_dsl/index.py", line 222, in delete
    self.connection.indices.delete(index=self._name, **kwargs)
  File "/root/.cache/pypoetry/virtualenvs/cpdbv2-backend-VA82Wl8V-py3.7/lib/python3.7/site-packages/elasticsearch/client/utils.py", line 73, in _wrapped
    return func(*args, params=params, **kwargs)
  File "/root/.cache/pypoetry/virtualenvs/cpdbv2-backend-VA82Wl8V-py3.7/lib/python3.7/site-packages/elasticsearch/client/indices.py", line 200, in delete
    params=params)
  File "/root/.cache/pypoetry/virtualenvs/cpdbv2-backend-VA82Wl8V-py3.7/lib/python3.7/site-packages/elasticsearch/transport.py", line 312, in perform_request
    status, headers, data = connection.perform_request(method, url, params, body, ignore=ignore, timeout=timeout)
  File "/root/.cache/pypoetry/virtualenvs/cpdbv2-backend-VA82Wl8V-py3.7/lib/python3.7/site-packages/elasticsearch/connection/http_urllib3.py", line 124, in perform_request
    raise ConnectionError('N/A', str(e), e)
elasticsearch.exceptions.ConnectionError: ConnectionError(<urllib3.connection.HTTPConnection object at 0x7ff068f45310>: Failed to establish a new connection: [Errno -2] Name or service not known) caused by: NewConnectionError(<urllib3.connection.HTTPConnection object at 0x7ff068f45310>: Failed to establish a new connection: [Errno -2] Name or service not known)
-------------------- >> begin captured logging << --------------------
urllib3.util.retry: DEBUG: Converted retries value: False -> Retry(total=False, connect=None, read=None, redirect=0, status=None)
urllib3.connectionpool: DEBUG: Starting new HTTP connection (185): elasticsearch:9200
elasticsearch: WARNING: DELETE http://elasticsearch:9200/test_my_alias [status:N/A request:0.004s]
Traceback (most recent call last):
  File "/root/.cache/pypoetry/virtualenvs/cpdbv2-backend-VA82Wl8V-py3.7/lib/python3.7/site-packages/urllib3/connection.py", line 160, in _new_conn
    (self._dns_host, self.port), self.timeout, **extra_kw
  File "/root/.cache/pypoetry/virtualenvs/cpdbv2-backend-VA82Wl8V-py3.7/lib/python3.7/site-packages/urllib3/util/connection.py", line 61, in create_connection
    for res in socket.getaddrinfo(host, port, family, socket.SOCK_STREAM):
  File "/usr/local/lib/python3.7/socket.py", line 752, in getaddrinfo
    for res in _socket.getaddrinfo(host, port, family, type, proto, flags):
socket.gaierror: [Errno -2] Name or service not known

During handling of the above exception, another exception occurred:

Traceback (most recent call last):
  File "/root/.cache/pypoetry/virtualenvs/cpdbv2-backend-VA82Wl8V-py3.7/lib/python3.7/site-packages/elasticsearch/connection/http_urllib3.py", line 115, in perform_request
    response = self.pool.urlopen(method, url, body, retries=False, headers=self.headers, **kw)
  File "/root/.cache/pypoetry/virtualenvs/cpdbv2-backend-VA82Wl8V-py3.7/lib/python3.7/site-packages/urllib3/connectionpool.py", line 727, in urlopen
    method, url, error=e, _pool=self, _stacktrace=sys.exc_info()[2]
  File "/root/.cache/pypoetry/virtualenvs/cpdbv2-backend-VA82Wl8V-py3.7/lib/python3.7/site-packages/urllib3/util/retry.py", line 386, in increment
    raise six.reraise(type(error), error, _stacktrace)
  File "/root/.cache/pypoetry/virtualenvs/cpdbv2-backend-VA82Wl8V-py3.7/lib/python3.7/site-packages/urllib3/packages/six.py", line 735, in reraise
    raise value
  File "/root/.cache/pypoetry/virtualenvs/cpdbv2-backend-VA82Wl8V-py3.7/lib/python3.7/site-packages/urllib3/connectionpool.py", line 677, in urlopen
    chunked=chunked,
  File "/root/.cache/pypoetry/virtualenvs/cpdbv2-backend-VA82Wl8V-py3.7/lib/python3.7/site-packages/urllib3/connectionpool.py", line 392, in _make_request
    conn.request(method, url, **httplib_request_kw)
  File "/usr/local/lib/python3.7/http/client.py", line 1281, in request
    self._send_request(method, url, body, headers, encode_chunked)
  File "/usr/local/lib/python3.7/http/client.py", line 1327, in _send_request
    self.endheaders(body, encode_chunked=encode_chunked)
  File "/usr/local/lib/python3.7/http/client.py", line 1276, in endheaders
    self._send_output(message_body, encode_chunked=encode_chunked)
  File "/usr/local/lib/python3.7/http/client.py", line 1036, in _send_output
    self.send(msg)
  File "/usr/local/lib/python3.7/http/client.py", line 976, in send
    self.connect()
  File "/root/.cache/pypoetry/virtualenvs/cpdbv2-backend-VA82Wl8V-py3.7/lib/python3.7/site-packages/urllib3/connection.py", line 187, in connect
    conn = self._new_conn()
  File "/root/.cache/pypoetry/virtualenvs/cpdbv2-backend-VA82Wl8V-py3.7/lib/python3.7/site-packages/urllib3/connection.py", line 172, in _new_conn
    self, "Failed to establish a new connection: %s" % e
urllib3.exceptions.NewConnectionError: <urllib3.connection.HTTPConnection object at 0x7ff068f56090>: Failed to establish a new connection: [Errno -2] Name or service not known
elasticsearch: DEBUG: > None
urllib3.util.retry: DEBUG: Converted retries value: False -> Retry(total=False, connect=None, read=None, redirect=0, status=None)
urllib3.connectionpool: DEBUG: Starting new HTTP connection (186): elasticsearch:9200
elasticsearch: WARNING: DELETE http://elasticsearch:9200/test_my_alias [status:N/A request:0.004s]
Traceback (most recent call last):
  File "/root/.cache/pypoetry/virtualenvs/cpdbv2-backend-VA82Wl8V-py3.7/lib/python3.7/site-packages/urllib3/connection.py", line 160, in _new_conn
    (self._dns_host, self.port), self.timeout, **extra_kw
  File "/root/.cache/pypoetry/virtualenvs/cpdbv2-backend-VA82Wl8V-py3.7/lib/python3.7/site-packages/urllib3/util/connection.py", line 61, in create_connection
    for res in socket.getaddrinfo(host, port, family, socket.SOCK_STREAM):
  File "/usr/local/lib/python3.7/socket.py", line 752, in getaddrinfo
    for res in _socket.getaddrinfo(host, port, family, type, proto, flags):
socket.gaierror: [Errno -2] Name or service not known

During handling of the above exception, another exception occurred:

Traceback (most recent call last):
  File "/root/.cache/pypoetry/virtualenvs/cpdbv2-backend-VA82Wl8V-py3.7/lib/python3.7/site-packages/elasticsearch/connection/http_urllib3.py", line 115, in perform_request
    response = self.pool.urlopen(method, url, body, retries=False, headers=self.headers, **kw)
  File "/root/.cache/pypoetry/virtualenvs/cpdbv2-backend-VA82Wl8V-py3.7/lib/python3.7/site-packages/urllib3/connectionpool.py", line 727, in urlopen
    method, url, error=e, _pool=self, _stacktrace=sys.exc_info()[2]
  File "/root/.cache/pypoetry/virtualenvs/cpdbv2-backend-VA82Wl8V-py3.7/lib/python3.7/site-packages/urllib3/util/retry.py", line 386, in increment
    raise six.reraise(type(error), error, _stacktrace)
  File "/root/.cache/pypoetry/virtualenvs/cpdbv2-backend-VA82Wl8V-py3.7/lib/python3.7/site-packages/urllib3/packages/six.py", line 735, in reraise
    raise value
  File "/root/.cache/pypoetry/virtualenvs/cpdbv2-backend-VA82Wl8V-py3.7/lib/python3.7/site-packages/urllib3/connectionpool.py", line 677, in urlopen
    chunked=chunked,
  File "/root/.cache/pypoetry/virtualenvs/cpdbv2-backend-VA82Wl8V-py3.7/lib/python3.7/site-packages/urllib3/connectionpool.py", line 392, in _make_request
    conn.request(method, url, **httplib_request_kw)
  File "/usr/local/lib/python3.7/http/client.py", line 1281, in request
    self._send_request(method, url, body, headers, encode_chunked)
  File "/usr/local/lib/python3.7/http/client.py", line 1327, in _send_request
    self.endheaders(body, encode_chunked=encode_chunked)
  File "/usr/local/lib/python3.7/http/client.py", line 1276, in endheaders
    self._send_output(message_body, encode_chunked=encode_chunked)
  File "/usr/local/lib/python3.7/http/client.py", line 1036, in _send_output
    self.send(msg)
  File "/usr/local/lib/python3.7/http/client.py", line 976, in send
    self.connect()
  File "/root/.cache/pypoetry/virtualenvs/cpdbv2-backend-VA82Wl8V-py3.7/lib/python3.7/site-packages/urllib3/connection.py", line 187, in connect
    conn = self._new_conn()
  File "/root/.cache/pypoetry/virtualenvs/cpdbv2-backend-VA82Wl8V-py3.7/lib/python3.7/site-packages/urllib3/connection.py", line 172, in _new_conn
    self, "Failed to establish a new connection: %s" % e
urllib3.exceptions.NewConnectionError: <urllib3.connection.HTTPConnection object at 0x7ff068f45ed0>: Failed to establish a new connection: [Errno -2] Name or service not known
elasticsearch: DEBUG: > None
urllib3.util.retry: DEBUG: Converted retries value: False -> Retry(total=False, connect=None, read=None, redirect=0, status=None)
urllib3.connectionpool: DEBUG: Starting new HTTP connection (187): elasticsearch:9200
elasticsearch: WARNING: DELETE http://elasticsearch:9200/test_my_alias [status:N/A request:0.004s]
Traceback (most recent call last):
  File "/root/.cache/pypoetry/virtualenvs/cpdbv2-backend-VA82Wl8V-py3.7/lib/python3.7/site-packages/urllib3/connection.py", line 160, in _new_conn
    (self._dns_host, self.port), self.timeout, **extra_kw
  File "/root/.cache/pypoetry/virtualenvs/cpdbv2-backend-VA82Wl8V-py3.7/lib/python3.7/site-packages/urllib3/util/connection.py", line 61, in create_connection
    for res in socket.getaddrinfo(host, port, family, socket.SOCK_STREAM):
  File "/usr/local/lib/python3.7/socket.py", line 752, in getaddrinfo
    for res in _socket.getaddrinfo(host, port, family, type, proto, flags):
socket.gaierror: [Errno -2] Name or service not known

During handling of the above exception, another exception occurred:

Traceback (most recent call last):
  File "/root/.cache/pypoetry/virtualenvs/cpdbv2-backend-VA82Wl8V-py3.7/lib/python3.7/site-packages/elasticsearch/connection/http_urllib3.py", line 115, in perform_request
    response = self.pool.urlopen(method, url, body, retries=False, headers=self.headers, **kw)
  File "/root/.cache/pypoetry/virtualenvs/cpdbv2-backend-VA82Wl8V-py3.7/lib/python3.7/site-packages/urllib3/connectionpool.py", line 727, in urlopen
    method, url, error=e, _pool=self, _stacktrace=sys.exc_info()[2]
  File "/root/.cache/pypoetry/virtualenvs/cpdbv2-backend-VA82Wl8V-py3.7/lib/python3.7/site-packages/urllib3/util/retry.py", line 386, in increment
    raise six.reraise(type(error), error, _stacktrace)
  File "/root/.cache/pypoetry/virtualenvs/cpdbv2-backend-VA82Wl8V-py3.7/lib/python3.7/site-packages/urllib3/packages/six.py", line 735, in reraise
    raise value
  File "/root/.cache/pypoetry/virtualenvs/cpdbv2-backend-VA82Wl8V-py3.7/lib/python3.7/site-packages/urllib3/connectionpool.py", line 677, in urlopen
    chunked=chunked,
  File "/root/.cache/pypoetry/virtualenvs/cpdbv2-backend-VA82Wl8V-py3.7/lib/python3.7/site-packages/urllib3/connectionpool.py", line 392, in _make_request
    conn.request(method, url, **httplib_request_kw)
  File "/usr/local/lib/python3.7/http/client.py", line 1281, in request
    self._send_request(method, url, body, headers, encode_chunked)
  File "/usr/local/lib/python3.7/http/client.py", line 1327, in _send_request
    self.endheaders(body, encode_chunked=encode_chunked)
  File "/usr/local/lib/python3.7/http/client.py", line 1276, in endheaders
    self._send_output(message_body, encode_chunked=encode_chunked)
  File "/usr/local/lib/python3.7/http/client.py", line 1036, in _send_output
    self.send(msg)
  File "/usr/local/lib/python3.7/http/client.py", line 976, in send
    self.connect()
  File "/root/.cache/pypoetry/virtualenvs/cpdbv2-backend-VA82Wl8V-py3.7/lib/python3.7/site-packages/urllib3/connection.py", line 187, in connect
    conn = self._new_conn()
  File "/root/.cache/pypoetry/virtualenvs/cpdbv2-backend-VA82Wl8V-py3.7/lib/python3.7/site-packages/urllib3/connection.py", line 172, in _new_conn
    self, "Failed to establish a new connection: %s" % e
urllib3.exceptions.NewConnectionError: <urllib3.connection.HTTPConnection object at 0x7ff068f45690>: Failed to establish a new connection: [Errno -2] Name or service not known
elasticsearch: DEBUG: > None
urllib3.util.retry: DEBUG: Converted retries value: False -> Retry(total=False, connect=None, read=None, redirect=0, status=None)
urllib3.connectionpool: DEBUG: Starting new HTTP connection (188): elasticsearch:9200
elasticsearch: WARNING: DELETE http://elasticsearch:9200/test_my_alias [status:N/A request:0.005s]
Traceback (most recent call last):
  File "/root/.cache/pypoetry/virtualenvs/cpdbv2-backend-VA82Wl8V-py3.7/lib/python3.7/site-packages/urllib3/connection.py", line 160, in _new_conn
    (self._dns_host, self.port), self.timeout, **extra_kw
  File "/root/.cache/pypoetry/virtualenvs/cpdbv2-backend-VA82Wl8V-py3.7/lib/python3.7/site-packages/urllib3/util/connection.py", line 61, in create_connection
    for res in socket.getaddrinfo(host, port, family, socket.SOCK_STREAM):
  File "/usr/local/lib/python3.7/socket.py", line 752, in getaddrinfo
    for res in _socket.getaddrinfo(host, port, family, type, proto, flags):
socket.gaierror: [Errno -2] Name or service not known

During handling of the above exception, another exception occurred:

Traceback (most recent call last):
  File "/root/.cache/pypoetry/virtualenvs/cpdbv2-backend-VA82Wl8V-py3.7/lib/python3.7/site-packages/elasticsearch/connection/http_urllib3.py", line 115, in perform_request
    response = self.pool.urlopen(method, url, body, retries=False, headers=self.headers, **kw)
  File "/root/.cache/pypoetry/virtualenvs/cpdbv2-backend-VA82Wl8V-py3.7/lib/python3.7/site-packages/urllib3/connectionpool.py", line 727, in urlopen
    method, url, error=e, _pool=self, _stacktrace=sys.exc_info()[2]
  File "/root/.cache/pypoetry/virtualenvs/cpdbv2-backend-VA82Wl8V-py3.7/lib/python3.7/site-packages/urllib3/util/retry.py", line 386, in increment
    raise six.reraise(type(error), error, _stacktrace)
  File "/root/.cache/pypoetry/virtualenvs/cpdbv2-backend-VA82Wl8V-py3.7/lib/python3.7/site-packages/urllib3/packages/six.py", line 735, in reraise
    raise value
  File "/root/.cache/pypoetry/virtualenvs/cpdbv2-backend-VA82Wl8V-py3.7/lib/python3.7/site-packages/urllib3/connectionpool.py", line 677, in urlopen
    chunked=chunked,
  File "/root/.cache/pypoetry/virtualenvs/cpdbv2-backend-VA82Wl8V-py3.7/lib/python3.7/site-packages/urllib3/connectionpool.py", line 392, in _make_request
    conn.request(method, url, **httplib_request_kw)
  File "/usr/local/lib/python3.7/http/client.py", line 1281, in request
    self._send_request(method, url, body, headers, encode_chunked)
  File "/usr/local/lib/python3.7/http/client.py", line 1327, in _send_request
    self.endheaders(body, encode_chunked=encode_chunked)
  File "/usr/local/lib/python3.7/http/client.py", line 1276, in endheaders
    self._send_output(message_body, encode_chunked=encode_chunked)
  File "/usr/local/lib/python3.7/http/client.py", line 1036, in _send_output
    self.send(msg)
  File "/usr/local/lib/python3.7/http/client.py", line 976, in send
    self.connect()
  File "/root/.cache/pypoetry/virtualenvs/cpdbv2-backend-VA82Wl8V-py3.7/lib/python3.7/site-packages/urllib3/connection.py", line 187, in connect
    conn = self._new_conn()
  File "/root/.cache/pypoetry/virtualenvs/cpdbv2-backend-VA82Wl8V-py3.7/lib/python3.7/site-packages/urllib3/connection.py", line 172, in _new_conn
    self, "Failed to establish a new connection: %s" % e
urllib3.exceptions.NewConnectionError: <urllib3.connection.HTTPConnection object at 0x7ff068f45310>: Failed to establish a new connection: [Errno -2] Name or service not known
elasticsearch: DEBUG: > None
--------------------- >> end captured logging << ---------------------

======================================================================
ERROR: test_get_queryset (es_index.tests.test_indexers.PartialIndexerTestCase)
----------------------------------------------------------------------
Traceback (most recent call last):
  File "/usr/src/app/cpdb/es_index/tests/test_indexers.py", line 196, in setUp
    my_index_alias.read_index.delete(ignore=404)
  File "/root/.cache/pypoetry/virtualenvs/cpdbv2-backend-VA82Wl8V-py3.7/lib/python3.7/site-packages/elasticsearch_dsl/index.py", line 222, in delete
    self.connection.indices.delete(index=self._name, **kwargs)
  File "/root/.cache/pypoetry/virtualenvs/cpdbv2-backend-VA82Wl8V-py3.7/lib/python3.7/site-packages/elasticsearch/client/utils.py", line 73, in _wrapped
    return func(*args, params=params, **kwargs)
  File "/root/.cache/pypoetry/virtualenvs/cpdbv2-backend-VA82Wl8V-py3.7/lib/python3.7/site-packages/elasticsearch/client/indices.py", line 200, in delete
    params=params)
  File "/root/.cache/pypoetry/virtualenvs/cpdbv2-backend-VA82Wl8V-py3.7/lib/python3.7/site-packages/elasticsearch/transport.py", line 312, in perform_request
    status, headers, data = connection.perform_request(method, url, params, body, ignore=ignore, timeout=timeout)
  File "/root/.cache/pypoetry/virtualenvs/cpdbv2-backend-VA82Wl8V-py3.7/lib/python3.7/site-packages/elasticsearch/connection/http_urllib3.py", line 124, in perform_request
    raise ConnectionError('N/A', str(e), e)
elasticsearch.exceptions.ConnectionError: ConnectionError(<urllib3.connection.HTTPConnection object at 0x7ff068f357d0>: Failed to establish a new connection: [Errno -2] Name or service not known) caused by: NewConnectionError(<urllib3.connection.HTTPConnection object at 0x7ff068f357d0>: Failed to establish a new connection: [Errno -2] Name or service not known)
-------------------- >> begin captured logging << --------------------
urllib3.util.retry: DEBUG: Converted retries value: False -> Retry(total=False, connect=None, read=None, redirect=0, status=None)
urllib3.connectionpool: DEBUG: Starting new HTTP connection (189): elasticsearch:9200
elasticsearch: WARNING: DELETE http://elasticsearch:9200/test_my_alias [status:N/A request:0.004s]
Traceback (most recent call last):
  File "/root/.cache/pypoetry/virtualenvs/cpdbv2-backend-VA82Wl8V-py3.7/lib/python3.7/site-packages/urllib3/connection.py", line 160, in _new_conn
    (self._dns_host, self.port), self.timeout, **extra_kw
  File "/root/.cache/pypoetry/virtualenvs/cpdbv2-backend-VA82Wl8V-py3.7/lib/python3.7/site-packages/urllib3/util/connection.py", line 61, in create_connection
    for res in socket.getaddrinfo(host, port, family, socket.SOCK_STREAM):
  File "/usr/local/lib/python3.7/socket.py", line 752, in getaddrinfo
    for res in _socket.getaddrinfo(host, port, family, type, proto, flags):
socket.gaierror: [Errno -2] Name or service not known

During handling of the above exception, another exception occurred:

Traceback (most recent call last):
  File "/root/.cache/pypoetry/virtualenvs/cpdbv2-backend-VA82Wl8V-py3.7/lib/python3.7/site-packages/elasticsearch/connection/http_urllib3.py", line 115, in perform_request
    response = self.pool.urlopen(method, url, body, retries=False, headers=self.headers, **kw)
  File "/root/.cache/pypoetry/virtualenvs/cpdbv2-backend-VA82Wl8V-py3.7/lib/python3.7/site-packages/urllib3/connectionpool.py", line 727, in urlopen
    method, url, error=e, _pool=self, _stacktrace=sys.exc_info()[2]
  File "/root/.cache/pypoetry/virtualenvs/cpdbv2-backend-VA82Wl8V-py3.7/lib/python3.7/site-packages/urllib3/util/retry.py", line 386, in increment
    raise six.reraise(type(error), error, _stacktrace)
  File "/root/.cache/pypoetry/virtualenvs/cpdbv2-backend-VA82Wl8V-py3.7/lib/python3.7/site-packages/urllib3/packages/six.py", line 735, in reraise
    raise value
  File "/root/.cache/pypoetry/virtualenvs/cpdbv2-backend-VA82Wl8V-py3.7/lib/python3.7/site-packages/urllib3/connectionpool.py", line 677, in urlopen
    chunked=chunked,
  File "/root/.cache/pypoetry/virtualenvs/cpdbv2-backend-VA82Wl8V-py3.7/lib/python3.7/site-packages/urllib3/connectionpool.py", line 392, in _make_request
    conn.request(method, url, **httplib_request_kw)
  File "/usr/local/lib/python3.7/http/client.py", line 1281, in request
    self._send_request(method, url, body, headers, encode_chunked)
  File "/usr/local/lib/python3.7/http/client.py", line 1327, in _send_request
    self.endheaders(body, encode_chunked=encode_chunked)
  File "/usr/local/lib/python3.7/http/client.py", line 1276, in endheaders
    self._send_output(message_body, encode_chunked=encode_chunked)
  File "/usr/local/lib/python3.7/http/client.py", line 1036, in _send_output
    self.send(msg)
  File "/usr/local/lib/python3.7/http/client.py", line 976, in send
    self.connect()
  File "/root/.cache/pypoetry/virtualenvs/cpdbv2-backend-VA82Wl8V-py3.7/lib/python3.7/site-packages/urllib3/connection.py", line 187, in connect
    conn = self._new_conn()
  File "/root/.cache/pypoetry/virtualenvs/cpdbv2-backend-VA82Wl8V-py3.7/lib/python3.7/site-packages/urllib3/connection.py", line 172, in _new_conn
    self, "Failed to establish a new connection: %s" % e
urllib3.exceptions.NewConnectionError: <urllib3.connection.HTTPConnection object at 0x7ff069061250>: Failed to establish a new connection: [Errno -2] Name or service not known
elasticsearch: DEBUG: > None
urllib3.util.retry: DEBUG: Converted retries value: False -> Retry(total=False, connect=None, read=None, redirect=0, status=None)
urllib3.connectionpool: DEBUG: Starting new HTTP connection (190): elasticsearch:9200
elasticsearch: WARNING: DELETE http://elasticsearch:9200/test_my_alias [status:N/A request:0.005s]
Traceback (most recent call last):
  File "/root/.cache/pypoetry/virtualenvs/cpdbv2-backend-VA82Wl8V-py3.7/lib/python3.7/site-packages/urllib3/connection.py", line 160, in _new_conn
    (self._dns_host, self.port), self.timeout, **extra_kw
  File "/root/.cache/pypoetry/virtualenvs/cpdbv2-backend-VA82Wl8V-py3.7/lib/python3.7/site-packages/urllib3/util/connection.py", line 61, in create_connection
    for res in socket.getaddrinfo(host, port, family, socket.SOCK_STREAM):
  File "/usr/local/lib/python3.7/socket.py", line 752, in getaddrinfo
    for res in _socket.getaddrinfo(host, port, family, type, proto, flags):
socket.gaierror: [Errno -2] Name or service not known

During handling of the above exception, another exception occurred:

Traceback (most recent call last):
  File "/root/.cache/pypoetry/virtualenvs/cpdbv2-backend-VA82Wl8V-py3.7/lib/python3.7/site-packages/elasticsearch/connection/http_urllib3.py", line 115, in perform_request
    response = self.pool.urlopen(method, url, body, retries=False, headers=self.headers, **kw)
  File "/root/.cache/pypoetry/virtualenvs/cpdbv2-backend-VA82Wl8V-py3.7/lib/python3.7/site-packages/urllib3/connectionpool.py", line 727, in urlopen
    method, url, error=e, _pool=self, _stacktrace=sys.exc_info()[2]
  File "/root/.cache/pypoetry/virtualenvs/cpdbv2-backend-VA82Wl8V-py3.7/lib/python3.7/site-packages/urllib3/util/retry.py", line 386, in increment
    raise six.reraise(type(error), error, _stacktrace)
  File "/root/.cache/pypoetry/virtualenvs/cpdbv2-backend-VA82Wl8V-py3.7/lib/python3.7/site-packages/urllib3/packages/six.py", line 735, in reraise
    raise value
  File "/root/.cache/pypoetry/virtualenvs/cpdbv2-backend-VA82Wl8V-py3.7/lib/python3.7/site-packages/urllib3/connectionpool.py", line 677, in urlopen
    chunked=chunked,
  File "/root/.cache/pypoetry/virtualenvs/cpdbv2-backend-VA82Wl8V-py3.7/lib/python3.7/site-packages/urllib3/connectionpool.py", line 392, in _make_request
    conn.request(method, url, **httplib_request_kw)
  File "/usr/local/lib/python3.7/http/client.py", line 1281, in request
    self._send_request(method, url, body, headers, encode_chunked)
  File "/usr/local/lib/python3.7/http/client.py", line 1327, in _send_request
    self.endheaders(body, encode_chunked=encode_chunked)
  File "/usr/local/lib/python3.7/http/client.py", line 1276, in endheaders
    self._send_output(message_body, encode_chunked=encode_chunked)
  File "/usr/local/lib/python3.7/http/client.py", line 1036, in _send_output
    self.send(msg)
  File "/usr/local/lib/python3.7/http/client.py", line 976, in send
    self.connect()
  File "/root/.cache/pypoetry/virtualenvs/cpdbv2-backend-VA82Wl8V-py3.7/lib/python3.7/site-packages/urllib3/connection.py", line 187, in connect
    conn = self._new_conn()
  File "/root/.cache/pypoetry/virtualenvs/cpdbv2-backend-VA82Wl8V-py3.7/lib/python3.7/site-packages/urllib3/connection.py", line 172, in _new_conn
    self, "Failed to establish a new connection: %s" % e
urllib3.exceptions.NewConnectionError: <urllib3.connection.HTTPConnection object at 0x7ff068f45790>: Failed to establish a new connection: [Errno -2] Name or service not known
elasticsearch: DEBUG: > None
urllib3.util.retry: DEBUG: Converted retries value: False -> Retry(total=False, connect=None, read=None, redirect=0, status=None)
urllib3.connectionpool: DEBUG: Starting new HTTP connection (191): elasticsearch:9200
elasticsearch: WARNING: DELETE http://elasticsearch:9200/test_my_alias [status:N/A request:0.004s]
Traceback (most recent call last):
  File "/root/.cache/pypoetry/virtualenvs/cpdbv2-backend-VA82Wl8V-py3.7/lib/python3.7/site-packages/urllib3/connection.py", line 160, in _new_conn
    (self._dns_host, self.port), self.timeout, **extra_kw
  File "/root/.cache/pypoetry/virtualenvs/cpdbv2-backend-VA82Wl8V-py3.7/lib/python3.7/site-packages/urllib3/util/connection.py", line 61, in create_connection
    for res in socket.getaddrinfo(host, port, family, socket.SOCK_STREAM):
  File "/usr/local/lib/python3.7/socket.py", line 752, in getaddrinfo
    for res in _socket.getaddrinfo(host, port, family, type, proto, flags):
socket.gaierror: [Errno -2] Name or service not known

During handling of the above exception, another exception occurred:

Traceback (most recent call last):
  File "/root/.cache/pypoetry/virtualenvs/cpdbv2-backend-VA82Wl8V-py3.7/lib/python3.7/site-packages/elasticsearch/connection/http_urllib3.py", line 115, in perform_request
    response = self.pool.urlopen(method, url, body, retries=False, headers=self.headers, **kw)
  File "/root/.cache/pypoetry/virtualenvs/cpdbv2-backend-VA82Wl8V-py3.7/lib/python3.7/site-packages/urllib3/connectionpool.py", line 727, in urlopen
    method, url, error=e, _pool=self, _stacktrace=sys.exc_info()[2]
  File "/root/.cache/pypoetry/virtualenvs/cpdbv2-backend-VA82Wl8V-py3.7/lib/python3.7/site-packages/urllib3/util/retry.py", line 386, in increment
    raise six.reraise(type(error), error, _stacktrace)
  File "/root/.cache/pypoetry/virtualenvs/cpdbv2-backend-VA82Wl8V-py3.7/lib/python3.7/site-packages/urllib3/packages/six.py", line 735, in reraise
    raise value
  File "/root/.cache/pypoetry/virtualenvs/cpdbv2-backend-VA82Wl8V-py3.7/lib/python3.7/site-packages/urllib3/connectionpool.py", line 677, in urlopen
    chunked=chunked,
  File "/root/.cache/pypoetry/virtualenvs/cpdbv2-backend-VA82Wl8V-py3.7/lib/python3.7/site-packages/urllib3/connectionpool.py", line 392, in _make_request
    conn.request(method, url, **httplib_request_kw)
  File "/usr/local/lib/python3.7/http/client.py", line 1281, in request
    self._send_request(method, url, body, headers, encode_chunked)
  File "/usr/local/lib/python3.7/http/client.py", line 1327, in _send_request
    self.endheaders(body, encode_chunked=encode_chunked)
  File "/usr/local/lib/python3.7/http/client.py", line 1276, in endheaders
    self._send_output(message_body, encode_chunked=encode_chunked)
  File "/usr/local/lib/python3.7/http/client.py", line 1036, in _send_output
    self.send(msg)
  File "/usr/local/lib/python3.7/http/client.py", line 976, in send
    self.connect()
  File "/root/.cache/pypoetry/virtualenvs/cpdbv2-backend-VA82Wl8V-py3.7/lib/python3.7/site-packages/urllib3/connection.py", line 187, in connect
    conn = self._new_conn()
  File "/root/.cache/pypoetry/virtualenvs/cpdbv2-backend-VA82Wl8V-py3.7/lib/python3.7/site-packages/urllib3/connection.py", line 172, in _new_conn
    self, "Failed to establish a new connection: %s" % e
urllib3.exceptions.NewConnectionError: <urllib3.connection.HTTPConnection object at 0x7ff068f35510>: Failed to establish a new connection: [Errno -2] Name or service not known
elasticsearch: DEBUG: > None
urllib3.util.retry: DEBUG: Converted retries value: False -> Retry(total=False, connect=None, read=None, redirect=0, status=None)
urllib3.connectionpool: DEBUG: Starting new HTTP connection (192): elasticsearch:9200
elasticsearch: WARNING: DELETE http://elasticsearch:9200/test_my_alias [status:N/A request:0.006s]
Traceback (most recent call last):
  File "/root/.cache/pypoetry/virtualenvs/cpdbv2-backend-VA82Wl8V-py3.7/lib/python3.7/site-packages/urllib3/connection.py", line 160, in _new_conn
    (self._dns_host, self.port), self.timeout, **extra_kw
  File "/root/.cache/pypoetry/virtualenvs/cpdbv2-backend-VA82Wl8V-py3.7/lib/python3.7/site-packages/urllib3/util/connection.py", line 61, in create_connection
    for res in socket.getaddrinfo(host, port, family, socket.SOCK_STREAM):
  File "/usr/local/lib/python3.7/socket.py", line 752, in getaddrinfo
    for res in _socket.getaddrinfo(host, port, family, type, proto, flags):
socket.gaierror: [Errno -2] Name or service not known

During handling of the above exception, another exception occurred:

Traceback (most recent call last):
  File "/root/.cache/pypoetry/virtualenvs/cpdbv2-backend-VA82Wl8V-py3.7/lib/python3.7/site-packages/elasticsearch/connection/http_urllib3.py", line 115, in perform_request
    response = self.pool.urlopen(method, url, body, retries=False, headers=self.headers, **kw)
  File "/root/.cache/pypoetry/virtualenvs/cpdbv2-backend-VA82Wl8V-py3.7/lib/python3.7/site-packages/urllib3/connectionpool.py", line 727, in urlopen
    method, url, error=e, _pool=self, _stacktrace=sys.exc_info()[2]
  File "/root/.cache/pypoetry/virtualenvs/cpdbv2-backend-VA82Wl8V-py3.7/lib/python3.7/site-packages/urllib3/util/retry.py", line 386, in increment
    raise six.reraise(type(error), error, _stacktrace)
  File "/root/.cache/pypoetry/virtualenvs/cpdbv2-backend-VA82Wl8V-py3.7/lib/python3.7/site-packages/urllib3/packages/six.py", line 735, in reraise
    raise value
  File "/root/.cache/pypoetry/virtualenvs/cpdbv2-backend-VA82Wl8V-py3.7/lib/python3.7/site-packages/urllib3/connectionpool.py", line 677, in urlopen
    chunked=chunked,
  File "/root/.cache/pypoetry/virtualenvs/cpdbv2-backend-VA82Wl8V-py3.7/lib/python3.7/site-packages/urllib3/connectionpool.py", line 392, in _make_request
    conn.request(method, url, **httplib_request_kw)
  File "/usr/local/lib/python3.7/http/client.py", line 1281, in request
    self._send_request(method, url, body, headers, encode_chunked)
  File "/usr/local/lib/python3.7/http/client.py", line 1327, in _send_request
    self.endheaders(body, encode_chunked=encode_chunked)
  File "/usr/local/lib/python3.7/http/client.py", line 1276, in endheaders
    self._send_output(message_body, encode_chunked=encode_chunked)
  File "/usr/local/lib/python3.7/http/client.py", line 1036, in _send_output
    self.send(msg)
  File "/usr/local/lib/python3.7/http/client.py", line 976, in send
    self.connect()
  File "/root/.cache/pypoetry/virtualenvs/cpdbv2-backend-VA82Wl8V-py3.7/lib/python3.7/site-packages/urllib3/connection.py", line 187, in connect
    conn = self._new_conn()
  File "/root/.cache/pypoetry/virtualenvs/cpdbv2-backend-VA82Wl8V-py3.7/lib/python3.7/site-packages/urllib3/connection.py", line 172, in _new_conn
    self, "Failed to establish a new connection: %s" % e
urllib3.exceptions.NewConnectionError: <urllib3.connection.HTTPConnection object at 0x7ff068f357d0>: Failed to establish a new connection: [Errno -2] Name or service not known
elasticsearch: DEBUG: > None
--------------------- >> end captured logging << ---------------------

======================================================================
ERROR: test_reindex (es_index.tests.test_indexers.PartialIndexerTestCase)
----------------------------------------------------------------------
Traceback (most recent call last):
  File "/usr/src/app/cpdb/es_index/tests/test_indexers.py", line 196, in setUp
    my_index_alias.read_index.delete(ignore=404)
  File "/root/.cache/pypoetry/virtualenvs/cpdbv2-backend-VA82Wl8V-py3.7/lib/python3.7/site-packages/elasticsearch_dsl/index.py", line 222, in delete
    self.connection.indices.delete(index=self._name, **kwargs)
  File "/root/.cache/pypoetry/virtualenvs/cpdbv2-backend-VA82Wl8V-py3.7/lib/python3.7/site-packages/elasticsearch/client/utils.py", line 73, in _wrapped
    return func(*args, params=params, **kwargs)
  File "/root/.cache/pypoetry/virtualenvs/cpdbv2-backend-VA82Wl8V-py3.7/lib/python3.7/site-packages/elasticsearch/client/indices.py", line 200, in delete
    params=params)
  File "/root/.cache/pypoetry/virtualenvs/cpdbv2-backend-VA82Wl8V-py3.7/lib/python3.7/site-packages/elasticsearch/transport.py", line 312, in perform_request
    status, headers, data = connection.perform_request(method, url, params, body, ignore=ignore, timeout=timeout)
  File "/root/.cache/pypoetry/virtualenvs/cpdbv2-backend-VA82Wl8V-py3.7/lib/python3.7/site-packages/elasticsearch/connection/http_urllib3.py", line 124, in perform_request
    raise ConnectionError('N/A', str(e), e)
elasticsearch.exceptions.ConnectionError: ConnectionError(<urllib3.connection.HTTPConnection object at 0x7ff068f97c50>: Failed to establish a new connection: [Errno -2] Name or service not known) caused by: NewConnectionError(<urllib3.connection.HTTPConnection object at 0x7ff068f97c50>: Failed to establish a new connection: [Errno -2] Name or service not known)
-------------------- >> begin captured logging << --------------------
urllib3.util.retry: DEBUG: Converted retries value: False -> Retry(total=False, connect=None, read=None, redirect=0, status=None)
urllib3.connectionpool: DEBUG: Starting new HTTP connection (193): elasticsearch:9200
elasticsearch: WARNING: DELETE http://elasticsearch:9200/test_my_alias [status:N/A request:0.005s]
Traceback (most recent call last):
  File "/root/.cache/pypoetry/virtualenvs/cpdbv2-backend-VA82Wl8V-py3.7/lib/python3.7/site-packages/urllib3/connection.py", line 160, in _new_conn
    (self._dns_host, self.port), self.timeout, **extra_kw
  File "/root/.cache/pypoetry/virtualenvs/cpdbv2-backend-VA82Wl8V-py3.7/lib/python3.7/site-packages/urllib3/util/connection.py", line 61, in create_connection
    for res in socket.getaddrinfo(host, port, family, socket.SOCK_STREAM):
  File "/usr/local/lib/python3.7/socket.py", line 752, in getaddrinfo
    for res in _socket.getaddrinfo(host, port, family, type, proto, flags):
socket.gaierror: [Errno -2] Name or service not known

During handling of the above exception, another exception occurred:

Traceback (most recent call last):
  File "/root/.cache/pypoetry/virtualenvs/cpdbv2-backend-VA82Wl8V-py3.7/lib/python3.7/site-packages/elasticsearch/connection/http_urllib3.py", line 115, in perform_request
    response = self.pool.urlopen(method, url, body, retries=False, headers=self.headers, **kw)
  File "/root/.cache/pypoetry/virtualenvs/cpdbv2-backend-VA82Wl8V-py3.7/lib/python3.7/site-packages/urllib3/connectionpool.py", line 727, in urlopen
    method, url, error=e, _pool=self, _stacktrace=sys.exc_info()[2]
  File "/root/.cache/pypoetry/virtualenvs/cpdbv2-backend-VA82Wl8V-py3.7/lib/python3.7/site-packages/urllib3/util/retry.py", line 386, in increment
    raise six.reraise(type(error), error, _stacktrace)
  File "/root/.cache/pypoetry/virtualenvs/cpdbv2-backend-VA82Wl8V-py3.7/lib/python3.7/site-packages/urllib3/packages/six.py", line 735, in reraise
    raise value
  File "/root/.cache/pypoetry/virtualenvs/cpdbv2-backend-VA82Wl8V-py3.7/lib/python3.7/site-packages/urllib3/connectionpool.py", line 677, in urlopen
    chunked=chunked,
  File "/root/.cache/pypoetry/virtualenvs/cpdbv2-backend-VA82Wl8V-py3.7/lib/python3.7/site-packages/urllib3/connectionpool.py", line 392, in _make_request
    conn.request(method, url, **httplib_request_kw)
  File "/usr/local/lib/python3.7/http/client.py", line 1281, in request
    self._send_request(method, url, body, headers, encode_chunked)
  File "/usr/local/lib/python3.7/http/client.py", line 1327, in _send_request
    self.endheaders(body, encode_chunked=encode_chunked)
  File "/usr/local/lib/python3.7/http/client.py", line 1276, in endheaders
    self._send_output(message_body, encode_chunked=encode_chunked)
  File "/usr/local/lib/python3.7/http/client.py", line 1036, in _send_output
    self.send(msg)
  File "/usr/local/lib/python3.7/http/client.py", line 976, in send
    self.connect()
  File "/root/.cache/pypoetry/virtualenvs/cpdbv2-backend-VA82Wl8V-py3.7/lib/python3.7/site-packages/urllib3/connection.py", line 187, in connect
    conn = self._new_conn()
  File "/root/.cache/pypoetry/virtualenvs/cpdbv2-backend-VA82Wl8V-py3.7/lib/python3.7/site-packages/urllib3/connection.py", line 172, in _new_conn
    self, "Failed to establish a new connection: %s" % e
urllib3.exceptions.NewConnectionError: <urllib3.connection.HTTPConnection object at 0x7ff068f35450>: Failed to establish a new connection: [Errno -2] Name or service not known
elasticsearch: DEBUG: > None
urllib3.util.retry: DEBUG: Converted retries value: False -> Retry(total=False, connect=None, read=None, redirect=0, status=None)
urllib3.connectionpool: DEBUG: Starting new HTTP connection (194): elasticsearch:9200
elasticsearch: WARNING: DELETE http://elasticsearch:9200/test_my_alias [status:N/A request:0.004s]
Traceback (most recent call last):
  File "/root/.cache/pypoetry/virtualenvs/cpdbv2-backend-VA82Wl8V-py3.7/lib/python3.7/site-packages/urllib3/connection.py", line 160, in _new_conn
    (self._dns_host, self.port), self.timeout, **extra_kw
  File "/root/.cache/pypoetry/virtualenvs/cpdbv2-backend-VA82Wl8V-py3.7/lib/python3.7/site-packages/urllib3/util/connection.py", line 61, in create_connection
    for res in socket.getaddrinfo(host, port, family, socket.SOCK_STREAM):
  File "/usr/local/lib/python3.7/socket.py", line 752, in getaddrinfo
    for res in _socket.getaddrinfo(host, port, family, type, proto, flags):
socket.gaierror: [Errno -2] Name or service not known

During handling of the above exception, another exception occurred:

Traceback (most recent call last):
  File "/root/.cache/pypoetry/virtualenvs/cpdbv2-backend-VA82Wl8V-py3.7/lib/python3.7/site-packages/elasticsearch/connection/http_urllib3.py", line 115, in perform_request
    response = self.pool.urlopen(method, url, body, retries=False, headers=self.headers, **kw)
  File "/root/.cache/pypoetry/virtualenvs/cpdbv2-backend-VA82Wl8V-py3.7/lib/python3.7/site-packages/urllib3/connectionpool.py", line 727, in urlopen
    method, url, error=e, _pool=self, _stacktrace=sys.exc_info()[2]
  File "/root/.cache/pypoetry/virtualenvs/cpdbv2-backend-VA82Wl8V-py3.7/lib/python3.7/site-packages/urllib3/util/retry.py", line 386, in increment
    raise six.reraise(type(error), error, _stacktrace)
  File "/root/.cache/pypoetry/virtualenvs/cpdbv2-backend-VA82Wl8V-py3.7/lib/python3.7/site-packages/urllib3/packages/six.py", line 735, in reraise
    raise value
  File "/root/.cache/pypoetry/virtualenvs/cpdbv2-backend-VA82Wl8V-py3.7/lib/python3.7/site-packages/urllib3/connectionpool.py", line 677, in urlopen
    chunked=chunked,
  File "/root/.cache/pypoetry/virtualenvs/cpdbv2-backend-VA82Wl8V-py3.7/lib/python3.7/site-packages/urllib3/connectionpool.py", line 392, in _make_request
    conn.request(method, url, **httplib_request_kw)
  File "/usr/local/lib/python3.7/http/client.py", line 1281, in request
    self._send_request(method, url, body, headers, encode_chunked)
  File "/usr/local/lib/python3.7/http/client.py", line 1327, in _send_request
    self.endheaders(body, encode_chunked=encode_chunked)
  File "/usr/local/lib/python3.7/http/client.py", line 1276, in endheaders
    self._send_output(message_body, encode_chunked=encode_chunked)
  File "/usr/local/lib/python3.7/http/client.py", line 1036, in _send_output
    self.send(msg)
  File "/usr/local/lib/python3.7/http/client.py", line 976, in send
    self.connect()
  File "/root/.cache/pypoetry/virtualenvs/cpdbv2-backend-VA82Wl8V-py3.7/lib/python3.7/site-packages/urllib3/connection.py", line 187, in connect
    conn = self._new_conn()
  File "/root/.cache/pypoetry/virtualenvs/cpdbv2-backend-VA82Wl8V-py3.7/lib/python3.7/site-packages/urllib3/connection.py", line 172, in _new_conn
    self, "Failed to establish a new connection: %s" % e
urllib3.exceptions.NewConnectionError: <urllib3.connection.HTTPConnection object at 0x7ff068f350d0>: Failed to establish a new connection: [Errno -2] Name or service not known
elasticsearch: DEBUG: > None
urllib3.util.retry: DEBUG: Converted retries value: False -> Retry(total=False, connect=None, read=None, redirect=0, status=None)
urllib3.connectionpool: DEBUG: Starting new HTTP connection (195): elasticsearch:9200
elasticsearch: WARNING: DELETE http://elasticsearch:9200/test_my_alias [status:N/A request:0.004s]
Traceback (most recent call last):
  File "/root/.cache/pypoetry/virtualenvs/cpdbv2-backend-VA82Wl8V-py3.7/lib/python3.7/site-packages/urllib3/connection.py", line 160, in _new_conn
    (self._dns_host, self.port), self.timeout, **extra_kw
  File "/root/.cache/pypoetry/virtualenvs/cpdbv2-backend-VA82Wl8V-py3.7/lib/python3.7/site-packages/urllib3/util/connection.py", line 61, in create_connection
    for res in socket.getaddrinfo(host, port, family, socket.SOCK_STREAM):
  File "/usr/local/lib/python3.7/socket.py", line 752, in getaddrinfo
    for res in _socket.getaddrinfo(host, port, family, type, proto, flags):
socket.gaierror: [Errno -2] Name or service not known

During handling of the above exception, another exception occurred:

Traceback (most recent call last):
  File "/root/.cache/pypoetry/virtualenvs/cpdbv2-backend-VA82Wl8V-py3.7/lib/python3.7/site-packages/elasticsearch/connection/http_urllib3.py", line 115, in perform_request
    response = self.pool.urlopen(method, url, body, retries=False, headers=self.headers, **kw)
  File "/root/.cache/pypoetry/virtualenvs/cpdbv2-backend-VA82Wl8V-py3.7/lib/python3.7/site-packages/urllib3/connectionpool.py", line 727, in urlopen
    method, url, error=e, _pool=self, _stacktrace=sys.exc_info()[2]
  File "/root/.cache/pypoetry/virtualenvs/cpdbv2-backend-VA82Wl8V-py3.7/lib/python3.7/site-packages/urllib3/util/retry.py", line 386, in increment
    raise six.reraise(type(error), error, _stacktrace)
  File "/root/.cache/pypoetry/virtualenvs/cpdbv2-backend-VA82Wl8V-py3.7/lib/python3.7/site-packages/urllib3/packages/six.py", line 735, in reraise
    raise value
  File "/root/.cache/pypoetry/virtualenvs/cpdbv2-backend-VA82Wl8V-py3.7/lib/python3.7/site-packages/urllib3/connectionpool.py", line 677, in urlopen
    chunked=chunked,
  File "/root/.cache/pypoetry/virtualenvs/cpdbv2-backend-VA82Wl8V-py3.7/lib/python3.7/site-packages/urllib3/connectionpool.py", line 392, in _make_request
    conn.request(method, url, **httplib_request_kw)
  File "/usr/local/lib/python3.7/http/client.py", line 1281, in request
    self._send_request(method, url, body, headers, encode_chunked)
  File "/usr/local/lib/python3.7/http/client.py", line 1327, in _send_request
    self.endheaders(body, encode_chunked=encode_chunked)
  File "/usr/local/lib/python3.7/http/client.py", line 1276, in endheaders
    self._send_output(message_body, encode_chunked=encode_chunked)
  File "/usr/local/lib/python3.7/http/client.py", line 1036, in _send_output
    self.send(msg)
  File "/usr/local/lib/python3.7/http/client.py", line 976, in send
    self.connect()
  File "/root/.cache/pypoetry/virtualenvs/cpdbv2-backend-VA82Wl8V-py3.7/lib/python3.7/site-packages/urllib3/connection.py", line 187, in connect
    conn = self._new_conn()
  File "/root/.cache/pypoetry/virtualenvs/cpdbv2-backend-VA82Wl8V-py3.7/lib/python3.7/site-packages/urllib3/connection.py", line 172, in _new_conn
    self, "Failed to establish a new connection: %s" % e
urllib3.exceptions.NewConnectionError: <urllib3.connection.HTTPConnection object at 0x7ff068f35050>: Failed to establish a new connection: [Errno -2] Name or service not known
elasticsearch: DEBUG: > None
urllib3.util.retry: DEBUG: Converted retries value: False -> Retry(total=False, connect=None, read=None, redirect=0, status=None)
urllib3.connectionpool: DEBUG: Starting new HTTP connection (196): elasticsearch:9200
elasticsearch: WARNING: DELETE http://elasticsearch:9200/test_my_alias [status:N/A request:0.004s]
Traceback (most recent call last):
  File "/root/.cache/pypoetry/virtualenvs/cpdbv2-backend-VA82Wl8V-py3.7/lib/python3.7/site-packages/urllib3/connection.py", line 160, in _new_conn
    (self._dns_host, self.port), self.timeout, **extra_kw
  File "/root/.cache/pypoetry/virtualenvs/cpdbv2-backend-VA82Wl8V-py3.7/lib/python3.7/site-packages/urllib3/util/connection.py", line 61, in create_connection
    for res in socket.getaddrinfo(host, port, family, socket.SOCK_STREAM):
  File "/usr/local/lib/python3.7/socket.py", line 752, in getaddrinfo
    for res in _socket.getaddrinfo(host, port, family, type, proto, flags):
socket.gaierror: [Errno -2] Name or service not known

During handling of the above exception, another exception occurred:

Traceback (most recent call last):
  File "/root/.cache/pypoetry/virtualenvs/cpdbv2-backend-VA82Wl8V-py3.7/lib/python3.7/site-packages/elasticsearch/connection/http_urllib3.py", line 115, in perform_request
    response = self.pool.urlopen(method, url, body, retries=False, headers=self.headers, **kw)
  File "/root/.cache/pypoetry/virtualenvs/cpdbv2-backend-VA82Wl8V-py3.7/lib/python3.7/site-packages/urllib3/connectionpool.py", line 727, in urlopen
    method, url, error=e, _pool=self, _stacktrace=sys.exc_info()[2]
  File "/root/.cache/pypoetry/virtualenvs/cpdbv2-backend-VA82Wl8V-py3.7/lib/python3.7/site-packages/urllib3/util/retry.py", line 386, in increment
    raise six.reraise(type(error), error, _stacktrace)
  File "/root/.cache/pypoetry/virtualenvs/cpdbv2-backend-VA82Wl8V-py3.7/lib/python3.7/site-packages/urllib3/packages/six.py", line 735, in reraise
    raise value
  File "/root/.cache/pypoetry/virtualenvs/cpdbv2-backend-VA82Wl8V-py3.7/lib/python3.7/site-packages/urllib3/connectionpool.py", line 677, in urlopen
    chunked=chunked,
  File "/root/.cache/pypoetry/virtualenvs/cpdbv2-backend-VA82Wl8V-py3.7/lib/python3.7/site-packages/urllib3/connectionpool.py", line 392, in _make_request
    conn.request(method, url, **httplib_request_kw)
  File "/usr/local/lib/python3.7/http/client.py", line 1281, in request
    self._send_request(method, url, body, headers, encode_chunked)
  File "/usr/local/lib/python3.7/http/client.py", line 1327, in _send_request
    self.endheaders(body, encode_chunked=encode_chunked)
  File "/usr/local/lib/python3.7/http/client.py", line 1276, in endheaders
    self._send_output(message_body, encode_chunked=encode_chunked)
  File "/usr/local/lib/python3.7/http/client.py", line 1036, in _send_output
    self.send(msg)
  File "/usr/local/lib/python3.7/http/client.py", line 976, in send
    self.connect()
  File "/root/.cache/pypoetry/virtualenvs/cpdbv2-backend-VA82Wl8V-py3.7/lib/python3.7/site-packages/urllib3/connection.py", line 187, in connect
    conn = self._new_conn()
  File "/root/.cache/pypoetry/virtualenvs/cpdbv2-backend-VA82Wl8V-py3.7/lib/python3.7/site-packages/urllib3/connection.py", line 172, in _new_conn
    self, "Failed to establish a new connection: %s" % e
urllib3.exceptions.NewConnectionError: <urllib3.connection.HTTPConnection object at 0x7ff068f97c50>: Failed to establish a new connection: [Errno -2] Name or service not known
elasticsearch: DEBUG: > None
--------------------- >> end captured logging << ---------------------

======================================================================
ERROR: test_reindex_raise_ValueError (es_index.tests.test_indexers.PartialIndexerTestCase)
----------------------------------------------------------------------
Traceback (most recent call last):
  File "/usr/src/app/cpdb/es_index/tests/test_indexers.py", line 196, in setUp
    my_index_alias.read_index.delete(ignore=404)
  File "/root/.cache/pypoetry/virtualenvs/cpdbv2-backend-VA82Wl8V-py3.7/lib/python3.7/site-packages/elasticsearch_dsl/index.py", line 222, in delete
    self.connection.indices.delete(index=self._name, **kwargs)
  File "/root/.cache/pypoetry/virtualenvs/cpdbv2-backend-VA82Wl8V-py3.7/lib/python3.7/site-packages/elasticsearch/client/utils.py", line 73, in _wrapped
    return func(*args, params=params, **kwargs)
  File "/root/.cache/pypoetry/virtualenvs/cpdbv2-backend-VA82Wl8V-py3.7/lib/python3.7/site-packages/elasticsearch/client/indices.py", line 200, in delete
    params=params)
  File "/root/.cache/pypoetry/virtualenvs/cpdbv2-backend-VA82Wl8V-py3.7/lib/python3.7/site-packages/elasticsearch/transport.py", line 312, in perform_request
    status, headers, data = connection.perform_request(method, url, params, body, ignore=ignore, timeout=timeout)
  File "/root/.cache/pypoetry/virtualenvs/cpdbv2-backend-VA82Wl8V-py3.7/lib/python3.7/site-packages/elasticsearch/connection/http_urllib3.py", line 124, in perform_request
    raise ConnectionError('N/A', str(e), e)
elasticsearch.exceptions.ConnectionError: ConnectionError(<urllib3.connection.HTTPConnection object at 0x7ff068f97390>: Failed to establish a new connection: [Errno -2] Name or service not known) caused by: NewConnectionError(<urllib3.connection.HTTPConnection object at 0x7ff068f97390>: Failed to establish a new connection: [Errno -2] Name or service not known)
-------------------- >> begin captured logging << --------------------
urllib3.util.retry: DEBUG: Converted retries value: False -> Retry(total=False, connect=None, read=None, redirect=0, status=None)
urllib3.connectionpool: DEBUG: Starting new HTTP connection (197): elasticsearch:9200
elasticsearch: WARNING: DELETE http://elasticsearch:9200/test_my_alias [status:N/A request:0.004s]
Traceback (most recent call last):
  File "/root/.cache/pypoetry/virtualenvs/cpdbv2-backend-VA82Wl8V-py3.7/lib/python3.7/site-packages/urllib3/connection.py", line 160, in _new_conn
    (self._dns_host, self.port), self.timeout, **extra_kw
  File "/root/.cache/pypoetry/virtualenvs/cpdbv2-backend-VA82Wl8V-py3.7/lib/python3.7/site-packages/urllib3/util/connection.py", line 61, in create_connection
    for res in socket.getaddrinfo(host, port, family, socket.SOCK_STREAM):
  File "/usr/local/lib/python3.7/socket.py", line 752, in getaddrinfo
    for res in _socket.getaddrinfo(host, port, family, type, proto, flags):
socket.gaierror: [Errno -2] Name or service not known

During handling of the above exception, another exception occurred:

Traceback (most recent call last):
  File "/root/.cache/pypoetry/virtualenvs/cpdbv2-backend-VA82Wl8V-py3.7/lib/python3.7/site-packages/elasticsearch/connection/http_urllib3.py", line 115, in perform_request
    response = self.pool.urlopen(method, url, body, retries=False, headers=self.headers, **kw)
  File "/root/.cache/pypoetry/virtualenvs/cpdbv2-backend-VA82Wl8V-py3.7/lib/python3.7/site-packages/urllib3/connectionpool.py", line 727, in urlopen
    method, url, error=e, _pool=self, _stacktrace=sys.exc_info()[2]
  File "/root/.cache/pypoetry/virtualenvs/cpdbv2-backend-VA82Wl8V-py3.7/lib/python3.7/site-packages/urllib3/util/retry.py", line 386, in increment
    raise six.reraise(type(error), error, _stacktrace)
  File "/root/.cache/pypoetry/virtualenvs/cpdbv2-backend-VA82Wl8V-py3.7/lib/python3.7/site-packages/urllib3/packages/six.py", line 735, in reraise
    raise value
  File "/root/.cache/pypoetry/virtualenvs/cpdbv2-backend-VA82Wl8V-py3.7/lib/python3.7/site-packages/urllib3/connectionpool.py", line 677, in urlopen
    chunked=chunked,
  File "/root/.cache/pypoetry/virtualenvs/cpdbv2-backend-VA82Wl8V-py3.7/lib/python3.7/site-packages/urllib3/connectionpool.py", line 392, in _make_request
    conn.request(method, url, **httplib_request_kw)
  File "/usr/local/lib/python3.7/http/client.py", line 1281, in request
    self._send_request(method, url, body, headers, encode_chunked)
  File "/usr/local/lib/python3.7/http/client.py", line 1327, in _send_request
    self.endheaders(body, encode_chunked=encode_chunked)
  File "/usr/local/lib/python3.7/http/client.py", line 1276, in endheaders
    self._send_output(message_body, encode_chunked=encode_chunked)
  File "/usr/local/lib/python3.7/http/client.py", line 1036, in _send_output
    self.send(msg)
  File "/usr/local/lib/python3.7/http/client.py", line 976, in send
    self.connect()
  File "/root/.cache/pypoetry/virtualenvs/cpdbv2-backend-VA82Wl8V-py3.7/lib/python3.7/site-packages/urllib3/connection.py", line 187, in connect
    conn = self._new_conn()
  File "/root/.cache/pypoetry/virtualenvs/cpdbv2-backend-VA82Wl8V-py3.7/lib/python3.7/site-packages/urllib3/connection.py", line 172, in _new_conn
    self, "Failed to establish a new connection: %s" % e
urllib3.exceptions.NewConnectionError: <urllib3.connection.HTTPConnection object at 0x7ff068f97b90>: Failed to establish a new connection: [Errno -2] Name or service not known
elasticsearch: DEBUG: > None
urllib3.util.retry: DEBUG: Converted retries value: False -> Retry(total=False, connect=None, read=None, redirect=0, status=None)
urllib3.connectionpool: DEBUG: Starting new HTTP connection (198): elasticsearch:9200
elasticsearch: WARNING: DELETE http://elasticsearch:9200/test_my_alias [status:N/A request:0.004s]
Traceback (most recent call last):
  File "/root/.cache/pypoetry/virtualenvs/cpdbv2-backend-VA82Wl8V-py3.7/lib/python3.7/site-packages/urllib3/connection.py", line 160, in _new_conn
    (self._dns_host, self.port), self.timeout, **extra_kw
  File "/root/.cache/pypoetry/virtualenvs/cpdbv2-backend-VA82Wl8V-py3.7/lib/python3.7/site-packages/urllib3/util/connection.py", line 61, in create_connection
    for res in socket.getaddrinfo(host, port, family, socket.SOCK_STREAM):
  File "/usr/local/lib/python3.7/socket.py", line 752, in getaddrinfo
    for res in _socket.getaddrinfo(host, port, family, type, proto, flags):
socket.gaierror: [Errno -2] Name or service not known

During handling of the above exception, another exception occurred:

Traceback (most recent call last):
  File "/root/.cache/pypoetry/virtualenvs/cpdbv2-backend-VA82Wl8V-py3.7/lib/python3.7/site-packages/elasticsearch/connection/http_urllib3.py", line 115, in perform_request
    response = self.pool.urlopen(method, url, body, retries=False, headers=self.headers, **kw)
  File "/root/.cache/pypoetry/virtualenvs/cpdbv2-backend-VA82Wl8V-py3.7/lib/python3.7/site-packages/urllib3/connectionpool.py", line 727, in urlopen
    method, url, error=e, _pool=self, _stacktrace=sys.exc_info()[2]
  File "/root/.cache/pypoetry/virtualenvs/cpdbv2-backend-VA82Wl8V-py3.7/lib/python3.7/site-packages/urllib3/util/retry.py", line 386, in increment
    raise six.reraise(type(error), error, _stacktrace)
  File "/root/.cache/pypoetry/virtualenvs/cpdbv2-backend-VA82Wl8V-py3.7/lib/python3.7/site-packages/urllib3/packages/six.py", line 735, in reraise
    raise value
  File "/root/.cache/pypoetry/virtualenvs/cpdbv2-backend-VA82Wl8V-py3.7/lib/python3.7/site-packages/urllib3/connectionpool.py", line 677, in urlopen
    chunked=chunked,
  File "/root/.cache/pypoetry/virtualenvs/cpdbv2-backend-VA82Wl8V-py3.7/lib/python3.7/site-packages/urllib3/connectionpool.py", line 392, in _make_request
    conn.request(method, url, **httplib_request_kw)
  File "/usr/local/lib/python3.7/http/client.py", line 1281, in request
    self._send_request(method, url, body, headers, encode_chunked)
  File "/usr/local/lib/python3.7/http/client.py", line 1327, in _send_request
    self.endheaders(body, encode_chunked=encode_chunked)
  File "/usr/local/lib/python3.7/http/client.py", line 1276, in endheaders
    self._send_output(message_body, encode_chunked=encode_chunked)
  File "/usr/local/lib/python3.7/http/client.py", line 1036, in _send_output
    self.send(msg)
  File "/usr/local/lib/python3.7/http/client.py", line 976, in send
    self.connect()
  File "/root/.cache/pypoetry/virtualenvs/cpdbv2-backend-VA82Wl8V-py3.7/lib/python3.7/site-packages/urllib3/connection.py", line 187, in connect
    conn = self._new_conn()
  File "/root/.cache/pypoetry/virtualenvs/cpdbv2-backend-VA82Wl8V-py3.7/lib/python3.7/site-packages/urllib3/connection.py", line 172, in _new_conn
    self, "Failed to establish a new connection: %s" % e
urllib3.exceptions.NewConnectionError: <urllib3.connection.HTTPConnection object at 0x7ff068f97f90>: Failed to establish a new connection: [Errno -2] Name or service not known
elasticsearch: DEBUG: > None
urllib3.util.retry: DEBUG: Converted retries value: False -> Retry(total=False, connect=None, read=None, redirect=0, status=None)
urllib3.connectionpool: DEBUG: Starting new HTTP connection (199): elasticsearch:9200
elasticsearch: WARNING: DELETE http://elasticsearch:9200/test_my_alias [status:N/A request:0.004s]
Traceback (most recent call last):
  File "/root/.cache/pypoetry/virtualenvs/cpdbv2-backend-VA82Wl8V-py3.7/lib/python3.7/site-packages/urllib3/connection.py", line 160, in _new_conn
    (self._dns_host, self.port), self.timeout, **extra_kw
  File "/root/.cache/pypoetry/virtualenvs/cpdbv2-backend-VA82Wl8V-py3.7/lib/python3.7/site-packages/urllib3/util/connection.py", line 61, in create_connection
    for res in socket.getaddrinfo(host, port, family, socket.SOCK_STREAM):
  File "/usr/local/lib/python3.7/socket.py", line 752, in getaddrinfo
    for res in _socket.getaddrinfo(host, port, family, type, proto, flags):
socket.gaierror: [Errno -2] Name or service not known

During handling of the above exception, another exception occurred:

Traceback (most recent call last):
  File "/root/.cache/pypoetry/virtualenvs/cpdbv2-backend-VA82Wl8V-py3.7/lib/python3.7/site-packages/elasticsearch/connection/http_urllib3.py", line 115, in perform_request
    response = self.pool.urlopen(method, url, body, retries=False, headers=self.headers, **kw)
  File "/root/.cache/pypoetry/virtualenvs/cpdbv2-backend-VA82Wl8V-py3.7/lib/python3.7/site-packages/urllib3/connectionpool.py", line 727, in urlopen
    method, url, error=e, _pool=self, _stacktrace=sys.exc_info()[2]
  File "/root/.cache/pypoetry/virtualenvs/cpdbv2-backend-VA82Wl8V-py3.7/lib/python3.7/site-packages/urllib3/util/retry.py", line 386, in increment
    raise six.reraise(type(error), error, _stacktrace)
  File "/root/.cache/pypoetry/virtualenvs/cpdbv2-backend-VA82Wl8V-py3.7/lib/python3.7/site-packages/urllib3/packages/six.py", line 735, in reraise
    raise value
  File "/root/.cache/pypoetry/virtualenvs/cpdbv2-backend-VA82Wl8V-py3.7/lib/python3.7/site-packages/urllib3/connectionpool.py", line 677, in urlopen
    chunked=chunked,
  File "/root/.cache/pypoetry/virtualenvs/cpdbv2-backend-VA82Wl8V-py3.7/lib/python3.7/site-packages/urllib3/connectionpool.py", line 392, in _make_request
    conn.request(method, url, **httplib_request_kw)
  File "/usr/local/lib/python3.7/http/client.py", line 1281, in request
    self._send_request(method, url, body, headers, encode_chunked)
  File "/usr/local/lib/python3.7/http/client.py", line 1327, in _send_request
    self.endheaders(body, encode_chunked=encode_chunked)
  File "/usr/local/lib/python3.7/http/client.py", line 1276, in endheaders
    self._send_output(message_body, encode_chunked=encode_chunked)
  File "/usr/local/lib/python3.7/http/client.py", line 1036, in _send_output
    self.send(msg)
  File "/usr/local/lib/python3.7/http/client.py", line 976, in send
    self.connect()
  File "/root/.cache/pypoetry/virtualenvs/cpdbv2-backend-VA82Wl8V-py3.7/lib/python3.7/site-packages/urllib3/connection.py", line 187, in connect
    conn = self._new_conn()
  File "/root/.cache/pypoetry/virtualenvs/cpdbv2-backend-VA82Wl8V-py3.7/lib/python3.7/site-packages/urllib3/connection.py", line 172, in _new_conn
    self, "Failed to establish a new connection: %s" % e
urllib3.exceptions.NewConnectionError: <urllib3.connection.HTTPConnection object at 0x7ff068f975d0>: Failed to establish a new connection: [Errno -2] Name or service not known
elasticsearch: DEBUG: > None
urllib3.util.retry: DEBUG: Converted retries value: False -> Retry(total=False, connect=None, read=None, redirect=0, status=None)
urllib3.connectionpool: DEBUG: Starting new HTTP connection (200): elasticsearch:9200
elasticsearch: WARNING: DELETE http://elasticsearch:9200/test_my_alias [status:N/A request:0.004s]
Traceback (most recent call last):
  File "/root/.cache/pypoetry/virtualenvs/cpdbv2-backend-VA82Wl8V-py3.7/lib/python3.7/site-packages/urllib3/connection.py", line 160, in _new_conn
    (self._dns_host, self.port), self.timeout, **extra_kw
  File "/root/.cache/pypoetry/virtualenvs/cpdbv2-backend-VA82Wl8V-py3.7/lib/python3.7/site-packages/urllib3/util/connection.py", line 61, in create_connection
    for res in socket.getaddrinfo(host, port, family, socket.SOCK_STREAM):
  File "/usr/local/lib/python3.7/socket.py", line 752, in getaddrinfo
    for res in _socket.getaddrinfo(host, port, family, type, proto, flags):
socket.gaierror: [Errno -2] Name or service not known

During handling of the above exception, another exception occurred:

Traceback (most recent call last):
  File "/root/.cache/pypoetry/virtualenvs/cpdbv2-backend-VA82Wl8V-py3.7/lib/python3.7/site-packages/elasticsearch/connection/http_urllib3.py", line 115, in perform_request
    response = self.pool.urlopen(method, url, body, retries=False, headers=self.headers, **kw)
  File "/root/.cache/pypoetry/virtualenvs/cpdbv2-backend-VA82Wl8V-py3.7/lib/python3.7/site-packages/urllib3/connectionpool.py", line 727, in urlopen
    method, url, error=e, _pool=self, _stacktrace=sys.exc_info()[2]
  File "/root/.cache/pypoetry/virtualenvs/cpdbv2-backend-VA82Wl8V-py3.7/lib/python3.7/site-packages/urllib3/util/retry.py", line 386, in increment
    raise six.reraise(type(error), error, _stacktrace)
  File "/root/.cache/pypoetry/virtualenvs/cpdbv2-backend-VA82Wl8V-py3.7/lib/python3.7/site-packages/urllib3/packages/six.py", line 735, in reraise
    raise value
  File "/root/.cache/pypoetry/virtualenvs/cpdbv2-backend-VA82Wl8V-py3.7/lib/python3.7/site-packages/urllib3/connectionpool.py", line 677, in urlopen
    chunked=chunked,
  File "/root/.cache/pypoetry/virtualenvs/cpdbv2-backend-VA82Wl8V-py3.7/lib/python3.7/site-packages/urllib3/connectionpool.py", line 392, in _make_request
    conn.request(method, url, **httplib_request_kw)
  File "/usr/local/lib/python3.7/http/client.py", line 1281, in request
    self._send_request(method, url, body, headers, encode_chunked)
  File "/usr/local/lib/python3.7/http/client.py", line 1327, in _send_request
    self.endheaders(body, encode_chunked=encode_chunked)
  File "/usr/local/lib/python3.7/http/client.py", line 1276, in endheaders
    self._send_output(message_body, encode_chunked=encode_chunked)
  File "/usr/local/lib/python3.7/http/client.py", line 1036, in _send_output
    self.send(msg)
  File "/usr/local/lib/python3.7/http/client.py", line 976, in send
    self.connect()
  File "/root/.cache/pypoetry/virtualenvs/cpdbv2-backend-VA82Wl8V-py3.7/lib/python3.7/site-packages/urllib3/connection.py", line 187, in connect
    conn = self._new_conn()
  File "/root/.cache/pypoetry/virtualenvs/cpdbv2-backend-VA82Wl8V-py3.7/lib/python3.7/site-packages/urllib3/connection.py", line 172, in _new_conn
    self, "Failed to establish a new connection: %s" % e
urllib3.exceptions.NewConnectionError: <urllib3.connection.HTTPConnection object at 0x7ff068f97390>: Failed to establish a new connection: [Errno -2] Name or service not known
elasticsearch: DEBUG: > None
--------------------- >> end captured logging << ---------------------

======================================================================
ERROR: test_reindex_raise_ValueError_first (es_index.tests.test_indexers.PartialIndexerTestCase)
----------------------------------------------------------------------
Traceback (most recent call last):
  File "/usr/src/app/cpdb/es_index/tests/test_indexers.py", line 196, in setUp
    my_index_alias.read_index.delete(ignore=404)
  File "/root/.cache/pypoetry/virtualenvs/cpdbv2-backend-VA82Wl8V-py3.7/lib/python3.7/site-packages/elasticsearch_dsl/index.py", line 222, in delete
    self.connection.indices.delete(index=self._name, **kwargs)
  File "/root/.cache/pypoetry/virtualenvs/cpdbv2-backend-VA82Wl8V-py3.7/lib/python3.7/site-packages/elasticsearch/client/utils.py", line 73, in _wrapped
    return func(*args, params=params, **kwargs)
  File "/root/.cache/pypoetry/virtualenvs/cpdbv2-backend-VA82Wl8V-py3.7/lib/python3.7/site-packages/elasticsearch/client/indices.py", line 200, in delete
    params=params)
  File "/root/.cache/pypoetry/virtualenvs/cpdbv2-backend-VA82Wl8V-py3.7/lib/python3.7/site-packages/elasticsearch/transport.py", line 312, in perform_request
    status, headers, data = connection.perform_request(method, url, params, body, ignore=ignore, timeout=timeout)
  File "/root/.cache/pypoetry/virtualenvs/cpdbv2-backend-VA82Wl8V-py3.7/lib/python3.7/site-packages/elasticsearch/connection/http_urllib3.py", line 124, in perform_request
    raise ConnectionError('N/A', str(e), e)
elasticsearch.exceptions.ConnectionError: ConnectionError(<urllib3.connection.HTTPConnection object at 0x7ff068f97410>: Failed to establish a new connection: [Errno -2] Name or service not known) caused by: NewConnectionError(<urllib3.connection.HTTPConnection object at 0x7ff068f97410>: Failed to establish a new connection: [Errno -2] Name or service not known)
-------------------- >> begin captured logging << --------------------
urllib3.util.retry: DEBUG: Converted retries value: False -> Retry(total=False, connect=None, read=None, redirect=0, status=None)
urllib3.connectionpool: DEBUG: Starting new HTTP connection (201): elasticsearch:9200
elasticsearch: WARNING: DELETE http://elasticsearch:9200/test_my_alias [status:N/A request:0.004s]
Traceback (most recent call last):
  File "/root/.cache/pypoetry/virtualenvs/cpdbv2-backend-VA82Wl8V-py3.7/lib/python3.7/site-packages/urllib3/connection.py", line 160, in _new_conn
    (self._dns_host, self.port), self.timeout, **extra_kw
  File "/root/.cache/pypoetry/virtualenvs/cpdbv2-backend-VA82Wl8V-py3.7/lib/python3.7/site-packages/urllib3/util/connection.py", line 61, in create_connection
    for res in socket.getaddrinfo(host, port, family, socket.SOCK_STREAM):
  File "/usr/local/lib/python3.7/socket.py", line 752, in getaddrinfo
    for res in _socket.getaddrinfo(host, port, family, type, proto, flags):
socket.gaierror: [Errno -2] Name or service not known

During handling of the above exception, another exception occurred:

Traceback (most recent call last):
  File "/root/.cache/pypoetry/virtualenvs/cpdbv2-backend-VA82Wl8V-py3.7/lib/python3.7/site-packages/elasticsearch/connection/http_urllib3.py", line 115, in perform_request
    response = self.pool.urlopen(method, url, body, retries=False, headers=self.headers, **kw)
  File "/root/.cache/pypoetry/virtualenvs/cpdbv2-backend-VA82Wl8V-py3.7/lib/python3.7/site-packages/urllib3/connectionpool.py", line 727, in urlopen
    method, url, error=e, _pool=self, _stacktrace=sys.exc_info()[2]
  File "/root/.cache/pypoetry/virtualenvs/cpdbv2-backend-VA82Wl8V-py3.7/lib/python3.7/site-packages/urllib3/util/retry.py", line 386, in increment
    raise six.reraise(type(error), error, _stacktrace)
  File "/root/.cache/pypoetry/virtualenvs/cpdbv2-backend-VA82Wl8V-py3.7/lib/python3.7/site-packages/urllib3/packages/six.py", line 735, in reraise
    raise value
  File "/root/.cache/pypoetry/virtualenvs/cpdbv2-backend-VA82Wl8V-py3.7/lib/python3.7/site-packages/urllib3/connectionpool.py", line 677, in urlopen
    chunked=chunked,
  File "/root/.cache/pypoetry/virtualenvs/cpdbv2-backend-VA82Wl8V-py3.7/lib/python3.7/site-packages/urllib3/connectionpool.py", line 392, in _make_request
    conn.request(method, url, **httplib_request_kw)
  File "/usr/local/lib/python3.7/http/client.py", line 1281, in request
    self._send_request(method, url, body, headers, encode_chunked)
  File "/usr/local/lib/python3.7/http/client.py", line 1327, in _send_request
    self.endheaders(body, encode_chunked=encode_chunked)
  File "/usr/local/lib/python3.7/http/client.py", line 1276, in endheaders
    self._send_output(message_body, encode_chunked=encode_chunked)
  File "/usr/local/lib/python3.7/http/client.py", line 1036, in _send_output
    self.send(msg)
  File "/usr/local/lib/python3.7/http/client.py", line 976, in send
    self.connect()
  File "/root/.cache/pypoetry/virtualenvs/cpdbv2-backend-VA82Wl8V-py3.7/lib/python3.7/site-packages/urllib3/connection.py", line 187, in connect
    conn = self._new_conn()
  File "/root/.cache/pypoetry/virtualenvs/cpdbv2-backend-VA82Wl8V-py3.7/lib/python3.7/site-packages/urllib3/connection.py", line 172, in _new_conn
    self, "Failed to establish a new connection: %s" % e
urllib3.exceptions.NewConnectionError: <urllib3.connection.HTTPConnection object at 0x7ff068f973d0>: Failed to establish a new connection: [Errno -2] Name or service not known
elasticsearch: DEBUG: > None
urllib3.util.retry: DEBUG: Converted retries value: False -> Retry(total=False, connect=None, read=None, redirect=0, status=None)
urllib3.connectionpool: DEBUG: Starting new HTTP connection (202): elasticsearch:9200
elasticsearch: WARNING: DELETE http://elasticsearch:9200/test_my_alias [status:N/A request:0.005s]
Traceback (most recent call last):
  File "/root/.cache/pypoetry/virtualenvs/cpdbv2-backend-VA82Wl8V-py3.7/lib/python3.7/site-packages/urllib3/connection.py", line 160, in _new_conn
    (self._dns_host, self.port), self.timeout, **extra_kw
  File "/root/.cache/pypoetry/virtualenvs/cpdbv2-backend-VA82Wl8V-py3.7/lib/python3.7/site-packages/urllib3/util/connection.py", line 61, in create_connection
    for res in socket.getaddrinfo(host, port, family, socket.SOCK_STREAM):
  File "/usr/local/lib/python3.7/socket.py", line 752, in getaddrinfo
    for res in _socket.getaddrinfo(host, port, family, type, proto, flags):
socket.gaierror: [Errno -2] Name or service not known

During handling of the above exception, another exception occurred:

Traceback (most recent call last):
  File "/root/.cache/pypoetry/virtualenvs/cpdbv2-backend-VA82Wl8V-py3.7/lib/python3.7/site-packages/elasticsearch/connection/http_urllib3.py", line 115, in perform_request
    response = self.pool.urlopen(method, url, body, retries=False, headers=self.headers, **kw)
  File "/root/.cache/pypoetry/virtualenvs/cpdbv2-backend-VA82Wl8V-py3.7/lib/python3.7/site-packages/urllib3/connectionpool.py", line 727, in urlopen
    method, url, error=e, _pool=self, _stacktrace=sys.exc_info()[2]
  File "/root/.cache/pypoetry/virtualenvs/cpdbv2-backend-VA82Wl8V-py3.7/lib/python3.7/site-packages/urllib3/util/retry.py", line 386, in increment
    raise six.reraise(type(error), error, _stacktrace)
  File "/root/.cache/pypoetry/virtualenvs/cpdbv2-backend-VA82Wl8V-py3.7/lib/python3.7/site-packages/urllib3/packages/six.py", line 735, in reraise
    raise value
  File "/root/.cache/pypoetry/virtualenvs/cpdbv2-backend-VA82Wl8V-py3.7/lib/python3.7/site-packages/urllib3/connectionpool.py", line 677, in urlopen
    chunked=chunked,
  File "/root/.cache/pypoetry/virtualenvs/cpdbv2-backend-VA82Wl8V-py3.7/lib/python3.7/site-packages/urllib3/connectionpool.py", line 392, in _make_request
    conn.request(method, url, **httplib_request_kw)
  File "/usr/local/lib/python3.7/http/client.py", line 1281, in request
    self._send_request(method, url, body, headers, encode_chunked)
  File "/usr/local/lib/python3.7/http/client.py", line 1327, in _send_request
    self.endheaders(body, encode_chunked=encode_chunked)
  File "/usr/local/lib/python3.7/http/client.py", line 1276, in endheaders
    self._send_output(message_body, encode_chunked=encode_chunked)
  File "/usr/local/lib/python3.7/http/client.py", line 1036, in _send_output
    self.send(msg)
  File "/usr/local/lib/python3.7/http/client.py", line 976, in send
    self.connect()
  File "/root/.cache/pypoetry/virtualenvs/cpdbv2-backend-VA82Wl8V-py3.7/lib/python3.7/site-packages/urllib3/connection.py", line 187, in connect
    conn = self._new_conn()
  File "/root/.cache/pypoetry/virtualenvs/cpdbv2-backend-VA82Wl8V-py3.7/lib/python3.7/site-packages/urllib3/connection.py", line 172, in _new_conn
    self, "Failed to establish a new connection: %s" % e
urllib3.exceptions.NewConnectionError: <urllib3.connection.HTTPConnection object at 0x7ff068f97290>: Failed to establish a new connection: [Errno -2] Name or service not known
elasticsearch: DEBUG: > None
urllib3.util.retry: DEBUG: Converted retries value: False -> Retry(total=False, connect=None, read=None, redirect=0, status=None)
urllib3.connectionpool: DEBUG: Starting new HTTP connection (203): elasticsearch:9200
elasticsearch: WARNING: DELETE http://elasticsearch:9200/test_my_alias [status:N/A request:0.004s]
Traceback (most recent call last):
  File "/root/.cache/pypoetry/virtualenvs/cpdbv2-backend-VA82Wl8V-py3.7/lib/python3.7/site-packages/urllib3/connection.py", line 160, in _new_conn
    (self._dns_host, self.port), self.timeout, **extra_kw
  File "/root/.cache/pypoetry/virtualenvs/cpdbv2-backend-VA82Wl8V-py3.7/lib/python3.7/site-packages/urllib3/util/connection.py", line 61, in create_connection
    for res in socket.getaddrinfo(host, port, family, socket.SOCK_STREAM):
  File "/usr/local/lib/python3.7/socket.py", line 752, in getaddrinfo
    for res in _socket.getaddrinfo(host, port, family, type, proto, flags):
socket.gaierror: [Errno -2] Name or service not known

During handling of the above exception, another exception occurred:

Traceback (most recent call last):
  File "/root/.cache/pypoetry/virtualenvs/cpdbv2-backend-VA82Wl8V-py3.7/lib/python3.7/site-packages/elasticsearch/connection/http_urllib3.py", line 115, in perform_request
    response = self.pool.urlopen(method, url, body, retries=False, headers=self.headers, **kw)
  File "/root/.cache/pypoetry/virtualenvs/cpdbv2-backend-VA82Wl8V-py3.7/lib/python3.7/site-packages/urllib3/connectionpool.py", line 727, in urlopen
    method, url, error=e, _pool=self, _stacktrace=sys.exc_info()[2]
  File "/root/.cache/pypoetry/virtualenvs/cpdbv2-backend-VA82Wl8V-py3.7/lib/python3.7/site-packages/urllib3/util/retry.py", line 386, in increment
    raise six.reraise(type(error), error, _stacktrace)
  File "/root/.cache/pypoetry/virtualenvs/cpdbv2-backend-VA82Wl8V-py3.7/lib/python3.7/site-packages/urllib3/packages/six.py", line 735, in reraise
    raise value
  File "/root/.cache/pypoetry/virtualenvs/cpdbv2-backend-VA82Wl8V-py3.7/lib/python3.7/site-packages/urllib3/connectionpool.py", line 677, in urlopen
    chunked=chunked,
  File "/root/.cache/pypoetry/virtualenvs/cpdbv2-backend-VA82Wl8V-py3.7/lib/python3.7/site-packages/urllib3/connectionpool.py", line 392, in _make_request
    conn.request(method, url, **httplib_request_kw)
  File "/usr/local/lib/python3.7/http/client.py", line 1281, in request
    self._send_request(method, url, body, headers, encode_chunked)
  File "/usr/local/lib/python3.7/http/client.py", line 1327, in _send_request
    self.endheaders(body, encode_chunked=encode_chunked)
  File "/usr/local/lib/python3.7/http/client.py", line 1276, in endheaders
    self._send_output(message_body, encode_chunked=encode_chunked)
  File "/usr/local/lib/python3.7/http/client.py", line 1036, in _send_output
    self.send(msg)
  File "/usr/local/lib/python3.7/http/client.py", line 976, in send
    self.connect()
  File "/root/.cache/pypoetry/virtualenvs/cpdbv2-backend-VA82Wl8V-py3.7/lib/python3.7/site-packages/urllib3/connection.py", line 187, in connect
    conn = self._new_conn()
  File "/root/.cache/pypoetry/virtualenvs/cpdbv2-backend-VA82Wl8V-py3.7/lib/python3.7/site-packages/urllib3/connection.py", line 172, in _new_conn
    self, "Failed to establish a new connection: %s" % e
urllib3.exceptions.NewConnectionError: <urllib3.connection.HTTPConnection object at 0x7ff068f97210>: Failed to establish a new connection: [Errno -2] Name or service not known
elasticsearch: DEBUG: > None
urllib3.util.retry: DEBUG: Converted retries value: False -> Retry(total=False, connect=None, read=None, redirect=0, status=None)
urllib3.connectionpool: DEBUG: Starting new HTTP connection (204): elasticsearch:9200
elasticsearch: WARNING: DELETE http://elasticsearch:9200/test_my_alias [status:N/A request:0.004s]
Traceback (most recent call last):
  File "/root/.cache/pypoetry/virtualenvs/cpdbv2-backend-VA82Wl8V-py3.7/lib/python3.7/site-packages/urllib3/connection.py", line 160, in _new_conn
    (self._dns_host, self.port), self.timeout, **extra_kw
  File "/root/.cache/pypoetry/virtualenvs/cpdbv2-backend-VA82Wl8V-py3.7/lib/python3.7/site-packages/urllib3/util/connection.py", line 61, in create_connection
    for res in socket.getaddrinfo(host, port, family, socket.SOCK_STREAM):
  File "/usr/local/lib/python3.7/socket.py", line 752, in getaddrinfo
    for res in _socket.getaddrinfo(host, port, family, type, proto, flags):
socket.gaierror: [Errno -2] Name or service not known

During handling of the above exception, another exception occurred:

Traceback (most recent call last):
  File "/root/.cache/pypoetry/virtualenvs/cpdbv2-backend-VA82Wl8V-py3.7/lib/python3.7/site-packages/elasticsearch/connection/http_urllib3.py", line 115, in perform_request
    response = self.pool.urlopen(method, url, body, retries=False, headers=self.headers, **kw)
  File "/root/.cache/pypoetry/virtualenvs/cpdbv2-backend-VA82Wl8V-py3.7/lib/python3.7/site-packages/urllib3/connectionpool.py", line 727, in urlopen
    method, url, error=e, _pool=self, _stacktrace=sys.exc_info()[2]
  File "/root/.cache/pypoetry/virtualenvs/cpdbv2-backend-VA82Wl8V-py3.7/lib/python3.7/site-packages/urllib3/util/retry.py", line 386, in increment
    raise six.reraise(type(error), error, _stacktrace)
  File "/root/.cache/pypoetry/virtualenvs/cpdbv2-backend-VA82Wl8V-py3.7/lib/python3.7/site-packages/urllib3/packages/six.py", line 735, in reraise
    raise value
  File "/root/.cache/pypoetry/virtualenvs/cpdbv2-backend-VA82Wl8V-py3.7/lib/python3.7/site-packages/urllib3/connectionpool.py", line 677, in urlopen
    chunked=chunked,
  File "/root/.cache/pypoetry/virtualenvs/cpdbv2-backend-VA82Wl8V-py3.7/lib/python3.7/site-packages/urllib3/connectionpool.py", line 392, in _make_request
    conn.request(method, url, **httplib_request_kw)
  File "/usr/local/lib/python3.7/http/client.py", line 1281, in request
    self._send_request(method, url, body, headers, encode_chunked)
  File "/usr/local/lib/python3.7/http/client.py", line 1327, in _send_request
    self.endheaders(body, encode_chunked=encode_chunked)
  File "/usr/local/lib/python3.7/http/client.py", line 1276, in endheaders
    self._send_output(message_body, encode_chunked=encode_chunked)
  File "/usr/local/lib/python3.7/http/client.py", line 1036, in _send_output
    self.send(msg)
  File "/usr/local/lib/python3.7/http/client.py", line 976, in send
    self.connect()
  File "/root/.cache/pypoetry/virtualenvs/cpdbv2-backend-VA82Wl8V-py3.7/lib/python3.7/site-packages/urllib3/connection.py", line 187, in connect
    conn = self._new_conn()
  File "/root/.cache/pypoetry/virtualenvs/cpdbv2-backend-VA82Wl8V-py3.7/lib/python3.7/site-packages/urllib3/connection.py", line 172, in _new_conn
    self, "Failed to establish a new connection: %s" % e
urllib3.exceptions.NewConnectionError: <urllib3.connection.HTTPConnection object at 0x7ff068f97410>: Failed to establish a new connection: [Errno -2] Name or service not known
elasticsearch: DEBUG: > None
--------------------- >> end captured logging << ---------------------

======================================================================
ERROR: test_validate_updated_docs (es_index.tests.test_indexers.PartialIndexerTestCase)
----------------------------------------------------------------------
Traceback (most recent call last):
  File "/usr/src/app/cpdb/es_index/tests/test_indexers.py", line 196, in setUp
    my_index_alias.read_index.delete(ignore=404)
  File "/root/.cache/pypoetry/virtualenvs/cpdbv2-backend-VA82Wl8V-py3.7/lib/python3.7/site-packages/elasticsearch_dsl/index.py", line 222, in delete
    self.connection.indices.delete(index=self._name, **kwargs)
  File "/root/.cache/pypoetry/virtualenvs/cpdbv2-backend-VA82Wl8V-py3.7/lib/python3.7/site-packages/elasticsearch/client/utils.py", line 73, in _wrapped
    return func(*args, params=params, **kwargs)
  File "/root/.cache/pypoetry/virtualenvs/cpdbv2-backend-VA82Wl8V-py3.7/lib/python3.7/site-packages/elasticsearch/client/indices.py", line 200, in delete
    params=params)
  File "/root/.cache/pypoetry/virtualenvs/cpdbv2-backend-VA82Wl8V-py3.7/lib/python3.7/site-packages/elasticsearch/transport.py", line 312, in perform_request
    status, headers, data = connection.perform_request(method, url, params, body, ignore=ignore, timeout=timeout)
  File "/root/.cache/pypoetry/virtualenvs/cpdbv2-backend-VA82Wl8V-py3.7/lib/python3.7/site-packages/elasticsearch/connection/http_urllib3.py", line 124, in perform_request
    raise ConnectionError('N/A', str(e), e)
elasticsearch.exceptions.ConnectionError: ConnectionError(<urllib3.connection.HTTPConnection object at 0x7ff068f35c50>: Failed to establish a new connection: [Errno -2] Name or service not known) caused by: NewConnectionError(<urllib3.connection.HTTPConnection object at 0x7ff068f35c50>: Failed to establish a new connection: [Errno -2] Name or service not known)
-------------------- >> begin captured logging << --------------------
urllib3.util.retry: DEBUG: Converted retries value: False -> Retry(total=False, connect=None, read=None, redirect=0, status=None)
urllib3.connectionpool: DEBUG: Starting new HTTP connection (205): elasticsearch:9200
elasticsearch: WARNING: DELETE http://elasticsearch:9200/test_my_alias [status:N/A request:0.005s]
Traceback (most recent call last):
  File "/root/.cache/pypoetry/virtualenvs/cpdbv2-backend-VA82Wl8V-py3.7/lib/python3.7/site-packages/urllib3/connection.py", line 160, in _new_conn
    (self._dns_host, self.port), self.timeout, **extra_kw
  File "/root/.cache/pypoetry/virtualenvs/cpdbv2-backend-VA82Wl8V-py3.7/lib/python3.7/site-packages/urllib3/util/connection.py", line 61, in create_connection
    for res in socket.getaddrinfo(host, port, family, socket.SOCK_STREAM):
  File "/usr/local/lib/python3.7/socket.py", line 752, in getaddrinfo
    for res in _socket.getaddrinfo(host, port, family, type, proto, flags):
socket.gaierror: [Errno -2] Name or service not known

During handling of the above exception, another exception occurred:

Traceback (most recent call last):
  File "/root/.cache/pypoetry/virtualenvs/cpdbv2-backend-VA82Wl8V-py3.7/lib/python3.7/site-packages/elasticsearch/connection/http_urllib3.py", line 115, in perform_request
    response = self.pool.urlopen(method, url, body, retries=False, headers=self.headers, **kw)
  File "/root/.cache/pypoetry/virtualenvs/cpdbv2-backend-VA82Wl8V-py3.7/lib/python3.7/site-packages/urllib3/connectionpool.py", line 727, in urlopen
    method, url, error=e, _pool=self, _stacktrace=sys.exc_info()[2]
  File "/root/.cache/pypoetry/virtualenvs/cpdbv2-backend-VA82Wl8V-py3.7/lib/python3.7/site-packages/urllib3/util/retry.py", line 386, in increment
    raise six.reraise(type(error), error, _stacktrace)
  File "/root/.cache/pypoetry/virtualenvs/cpdbv2-backend-VA82Wl8V-py3.7/lib/python3.7/site-packages/urllib3/packages/six.py", line 735, in reraise
    raise value
  File "/root/.cache/pypoetry/virtualenvs/cpdbv2-backend-VA82Wl8V-py3.7/lib/python3.7/site-packages/urllib3/connectionpool.py", line 677, in urlopen
    chunked=chunked,
  File "/root/.cache/pypoetry/virtualenvs/cpdbv2-backend-VA82Wl8V-py3.7/lib/python3.7/site-packages/urllib3/connectionpool.py", line 392, in _make_request
    conn.request(method, url, **httplib_request_kw)
  File "/usr/local/lib/python3.7/http/client.py", line 1281, in request
    self._send_request(method, url, body, headers, encode_chunked)
  File "/usr/local/lib/python3.7/http/client.py", line 1327, in _send_request
    self.endheaders(body, encode_chunked=encode_chunked)
  File "/usr/local/lib/python3.7/http/client.py", line 1276, in endheaders
    self._send_output(message_body, encode_chunked=encode_chunked)
  File "/usr/local/lib/python3.7/http/client.py", line 1036, in _send_output
    self.send(msg)
  File "/usr/local/lib/python3.7/http/client.py", line 976, in send
    self.connect()
  File "/root/.cache/pypoetry/virtualenvs/cpdbv2-backend-VA82Wl8V-py3.7/lib/python3.7/site-packages/urllib3/connection.py", line 187, in connect
    conn = self._new_conn()
  File "/root/.cache/pypoetry/virtualenvs/cpdbv2-backend-VA82Wl8V-py3.7/lib/python3.7/site-packages/urllib3/connection.py", line 172, in _new_conn
    self, "Failed to establish a new connection: %s" % e
urllib3.exceptions.NewConnectionError: <urllib3.connection.HTTPConnection object at 0x7ff068f971d0>: Failed to establish a new connection: [Errno -2] Name or service not known
elasticsearch: DEBUG: > None
urllib3.util.retry: DEBUG: Converted retries value: False -> Retry(total=False, connect=None, read=None, redirect=0, status=None)
urllib3.connectionpool: DEBUG: Starting new HTTP connection (206): elasticsearch:9200
elasticsearch: WARNING: DELETE http://elasticsearch:9200/test_my_alias [status:N/A request:0.004s]
Traceback (most recent call last):
  File "/root/.cache/pypoetry/virtualenvs/cpdbv2-backend-VA82Wl8V-py3.7/lib/python3.7/site-packages/urllib3/connection.py", line 160, in _new_conn
    (self._dns_host, self.port), self.timeout, **extra_kw
  File "/root/.cache/pypoetry/virtualenvs/cpdbv2-backend-VA82Wl8V-py3.7/lib/python3.7/site-packages/urllib3/util/connection.py", line 61, in create_connection
    for res in socket.getaddrinfo(host, port, family, socket.SOCK_STREAM):
  File "/usr/local/lib/python3.7/socket.py", line 752, in getaddrinfo
    for res in _socket.getaddrinfo(host, port, family, type, proto, flags):
socket.gaierror: [Errno -2] Name or service not known

During handling of the above exception, another exception occurred:

Traceback (most recent call last):
  File "/root/.cache/pypoetry/virtualenvs/cpdbv2-backend-VA82Wl8V-py3.7/lib/python3.7/site-packages/elasticsearch/connection/http_urllib3.py", line 115, in perform_request
    response = self.pool.urlopen(method, url, body, retries=False, headers=self.headers, **kw)
  File "/root/.cache/pypoetry/virtualenvs/cpdbv2-backend-VA82Wl8V-py3.7/lib/python3.7/site-packages/urllib3/connectionpool.py", line 727, in urlopen
    method, url, error=e, _pool=self, _stacktrace=sys.exc_info()[2]
  File "/root/.cache/pypoetry/virtualenvs/cpdbv2-backend-VA82Wl8V-py3.7/lib/python3.7/site-packages/urllib3/util/retry.py", line 386, in increment
    raise six.reraise(type(error), error, _stacktrace)
  File "/root/.cache/pypoetry/virtualenvs/cpdbv2-backend-VA82Wl8V-py3.7/lib/python3.7/site-packages/urllib3/packages/six.py", line 735, in reraise
    raise value
  File "/root/.cache/pypoetry/virtualenvs/cpdbv2-backend-VA82Wl8V-py3.7/lib/python3.7/site-packages/urllib3/connectionpool.py", line 677, in urlopen
    chunked=chunked,
  File "/root/.cache/pypoetry/virtualenvs/cpdbv2-backend-VA82Wl8V-py3.7/lib/python3.7/site-packages/urllib3/connectionpool.py", line 392, in _make_request
    conn.request(method, url, **httplib_request_kw)
  File "/usr/local/lib/python3.7/http/client.py", line 1281, in request
    self._send_request(method, url, body, headers, encode_chunked)
  File "/usr/local/lib/python3.7/http/client.py", line 1327, in _send_request
    self.endheaders(body, encode_chunked=encode_chunked)
  File "/usr/local/lib/python3.7/http/client.py", line 1276, in endheaders
    self._send_output(message_body, encode_chunked=encode_chunked)
  File "/usr/local/lib/python3.7/http/client.py", line 1036, in _send_output
    self.send(msg)
  File "/usr/local/lib/python3.7/http/client.py", line 976, in send
    self.connect()
  File "/root/.cache/pypoetry/virtualenvs/cpdbv2-backend-VA82Wl8V-py3.7/lib/python3.7/site-packages/urllib3/connection.py", line 187, in connect
    conn = self._new_conn()
  File "/root/.cache/pypoetry/virtualenvs/cpdbv2-backend-VA82Wl8V-py3.7/lib/python3.7/site-packages/urllib3/connection.py", line 172, in _new_conn
    self, "Failed to establish a new connection: %s" % e
urllib3.exceptions.NewConnectionError: <urllib3.connection.HTTPConnection object at 0x7ff068f35410>: Failed to establish a new connection: [Errno -2] Name or service not known
elasticsearch: DEBUG: > None
urllib3.util.retry: DEBUG: Converted retries value: False -> Retry(total=False, connect=None, read=None, redirect=0, status=None)
urllib3.connectionpool: DEBUG: Starting new HTTP connection (207): elasticsearch:9200
elasticsearch: WARNING: DELETE http://elasticsearch:9200/test_my_alias [status:N/A request:0.005s]
Traceback (most recent call last):
  File "/root/.cache/pypoetry/virtualenvs/cpdbv2-backend-VA82Wl8V-py3.7/lib/python3.7/site-packages/urllib3/connection.py", line 160, in _new_conn
    (self._dns_host, self.port), self.timeout, **extra_kw
  File "/root/.cache/pypoetry/virtualenvs/cpdbv2-backend-VA82Wl8V-py3.7/lib/python3.7/site-packages/urllib3/util/connection.py", line 61, in create_connection
    for res in socket.getaddrinfo(host, port, family, socket.SOCK_STREAM):
  File "/usr/local/lib/python3.7/socket.py", line 752, in getaddrinfo
    for res in _socket.getaddrinfo(host, port, family, type, proto, flags):
socket.gaierror: [Errno -2] Name or service not known

During handling of the above exception, another exception occurred:

Traceback (most recent call last):
  File "/root/.cache/pypoetry/virtualenvs/cpdbv2-backend-VA82Wl8V-py3.7/lib/python3.7/site-packages/elasticsearch/connection/http_urllib3.py", line 115, in perform_request
    response = self.pool.urlopen(method, url, body, retries=False, headers=self.headers, **kw)
  File "/root/.cache/pypoetry/virtualenvs/cpdbv2-backend-VA82Wl8V-py3.7/lib/python3.7/site-packages/urllib3/connectionpool.py", line 727, in urlopen
    method, url, error=e, _pool=self, _stacktrace=sys.exc_info()[2]
  File "/root/.cache/pypoetry/virtualenvs/cpdbv2-backend-VA82Wl8V-py3.7/lib/python3.7/site-packages/urllib3/util/retry.py", line 386, in increment
    raise six.reraise(type(error), error, _stacktrace)
  File "/root/.cache/pypoetry/virtualenvs/cpdbv2-backend-VA82Wl8V-py3.7/lib/python3.7/site-packages/urllib3/packages/six.py", line 735, in reraise
    raise value
  File "/root/.cache/pypoetry/virtualenvs/cpdbv2-backend-VA82Wl8V-py3.7/lib/python3.7/site-packages/urllib3/connectionpool.py", line 677, in urlopen
    chunked=chunked,
  File "/root/.cache/pypoetry/virtualenvs/cpdbv2-backend-VA82Wl8V-py3.7/lib/python3.7/site-packages/urllib3/connectionpool.py", line 392, in _make_request
    conn.request(method, url, **httplib_request_kw)
  File "/usr/local/lib/python3.7/http/client.py", line 1281, in request
    self._send_request(method, url, body, headers, encode_chunked)
  File "/usr/local/lib/python3.7/http/client.py", line 1327, in _send_request
    self.endheaders(body, encode_chunked=encode_chunked)
  File "/usr/local/lib/python3.7/http/client.py", line 1276, in endheaders
    self._send_output(message_body, encode_chunked=encode_chunked)
  File "/usr/local/lib/python3.7/http/client.py", line 1036, in _send_output
    self.send(msg)
  File "/usr/local/lib/python3.7/http/client.py", line 976, in send
    self.connect()
  File "/root/.cache/pypoetry/virtualenvs/cpdbv2-backend-VA82Wl8V-py3.7/lib/python3.7/site-packages/urllib3/connection.py", line 187, in connect
    conn = self._new_conn()
  File "/root/.cache/pypoetry/virtualenvs/cpdbv2-backend-VA82Wl8V-py3.7/lib/python3.7/site-packages/urllib3/connection.py", line 172, in _new_conn
    self, "Failed to establish a new connection: %s" % e
urllib3.exceptions.NewConnectionError: <urllib3.connection.HTTPConnection object at 0x7ff068f35bd0>: Failed to establish a new connection: [Errno -2] Name or service not known
elasticsearch: DEBUG: > None
urllib3.util.retry: DEBUG: Converted retries value: False -> Retry(total=False, connect=None, read=None, redirect=0, status=None)
urllib3.connectionpool: DEBUG: Starting new HTTP connection (208): elasticsearch:9200
elasticsearch: WARNING: DELETE http://elasticsearch:9200/test_my_alias [status:N/A request:0.004s]
Traceback (most recent call last):
  File "/root/.cache/pypoetry/virtualenvs/cpdbv2-backend-VA82Wl8V-py3.7/lib/python3.7/site-packages/urllib3/connection.py", line 160, in _new_conn
    (self._dns_host, self.port), self.timeout, **extra_kw
  File "/root/.cache/pypoetry/virtualenvs/cpdbv2-backend-VA82Wl8V-py3.7/lib/python3.7/site-packages/urllib3/util/connection.py", line 61, in create_connection
    for res in socket.getaddrinfo(host, port, family, socket.SOCK_STREAM):
  File "/usr/local/lib/python3.7/socket.py", line 752, in getaddrinfo
    for res in _socket.getaddrinfo(host, port, family, type, proto, flags):
socket.gaierror: [Errno -2] Name or service not known

During handling of the above exception, another exception occurred:

Traceback (most recent call last):
  File "/root/.cache/pypoetry/virtualenvs/cpdbv2-backend-VA82Wl8V-py3.7/lib/python3.7/site-packages/elasticsearch/connection/http_urllib3.py", line 115, in perform_request
    response = self.pool.urlopen(method, url, body, retries=False, headers=self.headers, **kw)
  File "/root/.cache/pypoetry/virtualenvs/cpdbv2-backend-VA82Wl8V-py3.7/lib/python3.7/site-packages/urllib3/connectionpool.py", line 727, in urlopen
    method, url, error=e, _pool=self, _stacktrace=sys.exc_info()[2]
  File "/root/.cache/pypoetry/virtualenvs/cpdbv2-backend-VA82Wl8V-py3.7/lib/python3.7/site-packages/urllib3/util/retry.py", line 386, in increment
    raise six.reraise(type(error), error, _stacktrace)
  File "/root/.cache/pypoetry/virtualenvs/cpdbv2-backend-VA82Wl8V-py3.7/lib/python3.7/site-packages/urllib3/packages/six.py", line 735, in reraise
    raise value
  File "/root/.cache/pypoetry/virtualenvs/cpdbv2-backend-VA82Wl8V-py3.7/lib/python3.7/site-packages/urllib3/connectionpool.py", line 677, in urlopen
    chunked=chunked,
  File "/root/.cache/pypoetry/virtualenvs/cpdbv2-backend-VA82Wl8V-py3.7/lib/python3.7/site-packages/urllib3/connectionpool.py", line 392, in _make_request
    conn.request(method, url, **httplib_request_kw)
  File "/usr/local/lib/python3.7/http/client.py", line 1281, in request
    self._send_request(method, url, body, headers, encode_chunked)
  File "/usr/local/lib/python3.7/http/client.py", line 1327, in _send_request
    self.endheaders(body, encode_chunked=encode_chunked)
  File "/usr/local/lib/python3.7/http/client.py", line 1276, in endheaders
    self._send_output(message_body, encode_chunked=encode_chunked)
  File "/usr/local/lib/python3.7/http/client.py", line 1036, in _send_output
    self.send(msg)
  File "/usr/local/lib/python3.7/http/client.py", line 976, in send
    self.connect()
  File "/root/.cache/pypoetry/virtualenvs/cpdbv2-backend-VA82Wl8V-py3.7/lib/python3.7/site-packages/urllib3/connection.py", line 187, in connect
    conn = self._new_conn()
  File "/root/.cache/pypoetry/virtualenvs/cpdbv2-backend-VA82Wl8V-py3.7/lib/python3.7/site-packages/urllib3/connection.py", line 172, in _new_conn
    self, "Failed to establish a new connection: %s" % e
urllib3.exceptions.NewConnectionError: <urllib3.connection.HTTPConnection object at 0x7ff068f35c50>: Failed to establish a new connection: [Errno -2] Name or service not known
elasticsearch: DEBUG: > None
--------------------- >> end captured logging << ---------------------

======================================================================
ERROR: test_validate_updated_docs_raise_ValueError (es_index.tests.test_indexers.PartialIndexerTestCase)
----------------------------------------------------------------------
Traceback (most recent call last):
  File "/usr/src/app/cpdb/es_index/tests/test_indexers.py", line 196, in setUp
    my_index_alias.read_index.delete(ignore=404)
  File "/root/.cache/pypoetry/virtualenvs/cpdbv2-backend-VA82Wl8V-py3.7/lib/python3.7/site-packages/elasticsearch_dsl/index.py", line 222, in delete
    self.connection.indices.delete(index=self._name, **kwargs)
  File "/root/.cache/pypoetry/virtualenvs/cpdbv2-backend-VA82Wl8V-py3.7/lib/python3.7/site-packages/elasticsearch/client/utils.py", line 73, in _wrapped
    return func(*args, params=params, **kwargs)
  File "/root/.cache/pypoetry/virtualenvs/cpdbv2-backend-VA82Wl8V-py3.7/lib/python3.7/site-packages/elasticsearch/client/indices.py", line 200, in delete
    params=params)
  File "/root/.cache/pypoetry/virtualenvs/cpdbv2-backend-VA82Wl8V-py3.7/lib/python3.7/site-packages/elasticsearch/transport.py", line 312, in perform_request
    status, headers, data = connection.perform_request(method, url, params, body, ignore=ignore, timeout=timeout)
  File "/root/.cache/pypoetry/virtualenvs/cpdbv2-backend-VA82Wl8V-py3.7/lib/python3.7/site-packages/elasticsearch/connection/http_urllib3.py", line 124, in perform_request
    raise ConnectionError('N/A', str(e), e)
elasticsearch.exceptions.ConnectionError: ConnectionError(<urllib3.connection.HTTPConnection object at 0x7ff068f45b10>: Failed to establish a new connection: [Errno -2] Name or service not known) caused by: NewConnectionError(<urllib3.connection.HTTPConnection object at 0x7ff068f45b10>: Failed to establish a new connection: [Errno -2] Name or service not known)
-------------------- >> begin captured logging << --------------------
urllib3.util.retry: DEBUG: Converted retries value: False -> Retry(total=False, connect=None, read=None, redirect=0, status=None)
urllib3.connectionpool: DEBUG: Starting new HTTP connection (209): elasticsearch:9200
elasticsearch: WARNING: DELETE http://elasticsearch:9200/test_my_alias [status:N/A request:0.004s]
Traceback (most recent call last):
  File "/root/.cache/pypoetry/virtualenvs/cpdbv2-backend-VA82Wl8V-py3.7/lib/python3.7/site-packages/urllib3/connection.py", line 160, in _new_conn
    (self._dns_host, self.port), self.timeout, **extra_kw
  File "/root/.cache/pypoetry/virtualenvs/cpdbv2-backend-VA82Wl8V-py3.7/lib/python3.7/site-packages/urllib3/util/connection.py", line 61, in create_connection
    for res in socket.getaddrinfo(host, port, family, socket.SOCK_STREAM):
  File "/usr/local/lib/python3.7/socket.py", line 752, in getaddrinfo
    for res in _socket.getaddrinfo(host, port, family, type, proto, flags):
socket.gaierror: [Errno -2] Name or service not known

During handling of the above exception, another exception occurred:

Traceback (most recent call last):
  File "/root/.cache/pypoetry/virtualenvs/cpdbv2-backend-VA82Wl8V-py3.7/lib/python3.7/site-packages/elasticsearch/connection/http_urllib3.py", line 115, in perform_request
    response = self.pool.urlopen(method, url, body, retries=False, headers=self.headers, **kw)
  File "/root/.cache/pypoetry/virtualenvs/cpdbv2-backend-VA82Wl8V-py3.7/lib/python3.7/site-packages/urllib3/connectionpool.py", line 727, in urlopen
    method, url, error=e, _pool=self, _stacktrace=sys.exc_info()[2]
  File "/root/.cache/pypoetry/virtualenvs/cpdbv2-backend-VA82Wl8V-py3.7/lib/python3.7/site-packages/urllib3/util/retry.py", line 386, in increment
    raise six.reraise(type(error), error, _stacktrace)
  File "/root/.cache/pypoetry/virtualenvs/cpdbv2-backend-VA82Wl8V-py3.7/lib/python3.7/site-packages/urllib3/packages/six.py", line 735, in reraise
    raise value
  File "/root/.cache/pypoetry/virtualenvs/cpdbv2-backend-VA82Wl8V-py3.7/lib/python3.7/site-packages/urllib3/connectionpool.py", line 677, in urlopen
    chunked=chunked,
  File "/root/.cache/pypoetry/virtualenvs/cpdbv2-backend-VA82Wl8V-py3.7/lib/python3.7/site-packages/urllib3/connectionpool.py", line 392, in _make_request
    conn.request(method, url, **httplib_request_kw)
  File "/usr/local/lib/python3.7/http/client.py", line 1281, in request
    self._send_request(method, url, body, headers, encode_chunked)
  File "/usr/local/lib/python3.7/http/client.py", line 1327, in _send_request
    self.endheaders(body, encode_chunked=encode_chunked)
  File "/usr/local/lib/python3.7/http/client.py", line 1276, in endheaders
    self._send_output(message_body, encode_chunked=encode_chunked)
  File "/usr/local/lib/python3.7/http/client.py", line 1036, in _send_output
    self.send(msg)
  File "/usr/local/lib/python3.7/http/client.py", line 976, in send
    self.connect()
  File "/root/.cache/pypoetry/virtualenvs/cpdbv2-backend-VA82Wl8V-py3.7/lib/python3.7/site-packages/urllib3/connection.py", line 187, in connect
    conn = self._new_conn()
  File "/root/.cache/pypoetry/virtualenvs/cpdbv2-backend-VA82Wl8V-py3.7/lib/python3.7/site-packages/urllib3/connection.py", line 172, in _new_conn
    self, "Failed to establish a new connection: %s" % e
urllib3.exceptions.NewConnectionError: <urllib3.connection.HTTPConnection object at 0x7ff068f35190>: Failed to establish a new connection: [Errno -2] Name or service not known
elasticsearch: DEBUG: > None
urllib3.util.retry: DEBUG: Converted retries value: False -> Retry(total=False, connect=None, read=None, redirect=0, status=None)
urllib3.connectionpool: DEBUG: Starting new HTTP connection (210): elasticsearch:9200
elasticsearch: WARNING: DELETE http://elasticsearch:9200/test_my_alias [status:N/A request:0.004s]
Traceback (most recent call last):
  File "/root/.cache/pypoetry/virtualenvs/cpdbv2-backend-VA82Wl8V-py3.7/lib/python3.7/site-packages/urllib3/connection.py", line 160, in _new_conn
    (self._dns_host, self.port), self.timeout, **extra_kw
  File "/root/.cache/pypoetry/virtualenvs/cpdbv2-backend-VA82Wl8V-py3.7/lib/python3.7/site-packages/urllib3/util/connection.py", line 61, in create_connection
    for res in socket.getaddrinfo(host, port, family, socket.SOCK_STREAM):
  File "/usr/local/lib/python3.7/socket.py", line 752, in getaddrinfo
    for res in _socket.getaddrinfo(host, port, family, type, proto, flags):
socket.gaierror: [Errno -2] Name or service not known

During handling of the above exception, another exception occurred:

Traceback (most recent call last):
  File "/root/.cache/pypoetry/virtualenvs/cpdbv2-backend-VA82Wl8V-py3.7/lib/python3.7/site-packages/elasticsearch/connection/http_urllib3.py", line 115, in perform_request
    response = self.pool.urlopen(method, url, body, retries=False, headers=self.headers, **kw)
  File "/root/.cache/pypoetry/virtualenvs/cpdbv2-backend-VA82Wl8V-py3.7/lib/python3.7/site-packages/urllib3/connectionpool.py", line 727, in urlopen
    method, url, error=e, _pool=self, _stacktrace=sys.exc_info()[2]
  File "/root/.cache/pypoetry/virtualenvs/cpdbv2-backend-VA82Wl8V-py3.7/lib/python3.7/site-packages/urllib3/util/retry.py", line 386, in increment
    raise six.reraise(type(error), error, _stacktrace)
  File "/root/.cache/pypoetry/virtualenvs/cpdbv2-backend-VA82Wl8V-py3.7/lib/python3.7/site-packages/urllib3/packages/six.py", line 735, in reraise
    raise value
  File "/root/.cache/pypoetry/virtualenvs/cpdbv2-backend-VA82Wl8V-py3.7/lib/python3.7/site-packages/urllib3/connectionpool.py", line 677, in urlopen
    chunked=chunked,
  File "/root/.cache/pypoetry/virtualenvs/cpdbv2-backend-VA82Wl8V-py3.7/lib/python3.7/site-packages/urllib3/connectionpool.py", line 392, in _make_request
    conn.request(method, url, **httplib_request_kw)
  File "/usr/local/lib/python3.7/http/client.py", line 1281, in request
    self._send_request(method, url, body, headers, encode_chunked)
  File "/usr/local/lib/python3.7/http/client.py", line 1327, in _send_request
    self.endheaders(body, encode_chunked=encode_chunked)
  File "/usr/local/lib/python3.7/http/client.py", line 1276, in endheaders
    self._send_output(message_body, encode_chunked=encode_chunked)
  File "/usr/local/lib/python3.7/http/client.py", line 1036, in _send_output
    self.send(msg)
  File "/usr/local/lib/python3.7/http/client.py", line 976, in send
    self.connect()
  File "/root/.cache/pypoetry/virtualenvs/cpdbv2-backend-VA82Wl8V-py3.7/lib/python3.7/site-packages/urllib3/connection.py", line 187, in connect
    conn = self._new_conn()
  File "/root/.cache/pypoetry/virtualenvs/cpdbv2-backend-VA82Wl8V-py3.7/lib/python3.7/site-packages/urllib3/connection.py", line 172, in _new_conn
    self, "Failed to establish a new connection: %s" % e
urllib3.exceptions.NewConnectionError: <urllib3.connection.HTTPConnection object at 0x7ff068f35f10>: Failed to establish a new connection: [Errno -2] Name or service not known
elasticsearch: DEBUG: > None
urllib3.util.retry: DEBUG: Converted retries value: False -> Retry(total=False, connect=None, read=None, redirect=0, status=None)
urllib3.connectionpool: DEBUG: Starting new HTTP connection (211): elasticsearch:9200
elasticsearch: WARNING: DELETE http://elasticsearch:9200/test_my_alias [status:N/A request:0.004s]
Traceback (most recent call last):
  File "/root/.cache/pypoetry/virtualenvs/cpdbv2-backend-VA82Wl8V-py3.7/lib/python3.7/site-packages/urllib3/connection.py", line 160, in _new_conn
    (self._dns_host, self.port), self.timeout, **extra_kw
  File "/root/.cache/pypoetry/virtualenvs/cpdbv2-backend-VA82Wl8V-py3.7/lib/python3.7/site-packages/urllib3/util/connection.py", line 61, in create_connection
    for res in socket.getaddrinfo(host, port, family, socket.SOCK_STREAM):
  File "/usr/local/lib/python3.7/socket.py", line 752, in getaddrinfo
    for res in _socket.getaddrinfo(host, port, family, type, proto, flags):
socket.gaierror: [Errno -2] Name or service not known

During handling of the above exception, another exception occurred:

Traceback (most recent call last):
  File "/root/.cache/pypoetry/virtualenvs/cpdbv2-backend-VA82Wl8V-py3.7/lib/python3.7/site-packages/elasticsearch/connection/http_urllib3.py", line 115, in perform_request
    response = self.pool.urlopen(method, url, body, retries=False, headers=self.headers, **kw)
  File "/root/.cache/pypoetry/virtualenvs/cpdbv2-backend-VA82Wl8V-py3.7/lib/python3.7/site-packages/urllib3/connectionpool.py", line 727, in urlopen
    method, url, error=e, _pool=self, _stacktrace=sys.exc_info()[2]
  File "/root/.cache/pypoetry/virtualenvs/cpdbv2-backend-VA82Wl8V-py3.7/lib/python3.7/site-packages/urllib3/util/retry.py", line 386, in increment
    raise six.reraise(type(error), error, _stacktrace)
  File "/root/.cache/pypoetry/virtualenvs/cpdbv2-backend-VA82Wl8V-py3.7/lib/python3.7/site-packages/urllib3/packages/six.py", line 735, in reraise
    raise value
  File "/root/.cache/pypoetry/virtualenvs/cpdbv2-backend-VA82Wl8V-py3.7/lib/python3.7/site-packages/urllib3/connectionpool.py", line 677, in urlopen
    chunked=chunked,
  File "/root/.cache/pypoetry/virtualenvs/cpdbv2-backend-VA82Wl8V-py3.7/lib/python3.7/site-packages/urllib3/connectionpool.py", line 392, in _make_request
    conn.request(method, url, **httplib_request_kw)
  File "/usr/local/lib/python3.7/http/client.py", line 1281, in request
    self._send_request(method, url, body, headers, encode_chunked)
  File "/usr/local/lib/python3.7/http/client.py", line 1327, in _send_request
    self.endheaders(body, encode_chunked=encode_chunked)
  File "/usr/local/lib/python3.7/http/client.py", line 1276, in endheaders
    self._send_output(message_body, encode_chunked=encode_chunked)
  File "/usr/local/lib/python3.7/http/client.py", line 1036, in _send_output
    self.send(msg)
  File "/usr/local/lib/python3.7/http/client.py", line 976, in send
    self.connect()
  File "/root/.cache/pypoetry/virtualenvs/cpdbv2-backend-VA82Wl8V-py3.7/lib/python3.7/site-packages/urllib3/connection.py", line 187, in connect
    conn = self._new_conn()
  File "/root/.cache/pypoetry/virtualenvs/cpdbv2-backend-VA82Wl8V-py3.7/lib/python3.7/site-packages/urllib3/connection.py", line 172, in _new_conn
    self, "Failed to establish a new connection: %s" % e
urllib3.exceptions.NewConnectionError: <urllib3.connection.HTTPConnection object at 0x7ff068f45850>: Failed to establish a new connection: [Errno -2] Name or service not known
elasticsearch: DEBUG: > None
urllib3.util.retry: DEBUG: Converted retries value: False -> Retry(total=False, connect=None, read=None, redirect=0, status=None)
urllib3.connectionpool: DEBUG: Starting new HTTP connection (212): elasticsearch:9200
elasticsearch: WARNING: DELETE http://elasticsearch:9200/test_my_alias [status:N/A request:0.005s]
Traceback (most recent call last):
  File "/root/.cache/pypoetry/virtualenvs/cpdbv2-backend-VA82Wl8V-py3.7/lib/python3.7/site-packages/urllib3/connection.py", line 160, in _new_conn
    (self._dns_host, self.port), self.timeout, **extra_kw
  File "/root/.cache/pypoetry/virtualenvs/cpdbv2-backend-VA82Wl8V-py3.7/lib/python3.7/site-packages/urllib3/util/connection.py", line 61, in create_connection
    for res in socket.getaddrinfo(host, port, family, socket.SOCK_STREAM):
  File "/usr/local/lib/python3.7/socket.py", line 752, in getaddrinfo
    for res in _socket.getaddrinfo(host, port, family, type, proto, flags):
socket.gaierror: [Errno -2] Name or service not known

During handling of the above exception, another exception occurred:

Traceback (most recent call last):
  File "/root/.cache/pypoetry/virtualenvs/cpdbv2-backend-VA82Wl8V-py3.7/lib/python3.7/site-packages/elasticsearch/connection/http_urllib3.py", line 115, in perform_request
    response = self.pool.urlopen(method, url, body, retries=False, headers=self.headers, **kw)
  File "/root/.cache/pypoetry/virtualenvs/cpdbv2-backend-VA82Wl8V-py3.7/lib/python3.7/site-packages/urllib3/connectionpool.py", line 727, in urlopen
    method, url, error=e, _pool=self, _stacktrace=sys.exc_info()[2]
  File "/root/.cache/pypoetry/virtualenvs/cpdbv2-backend-VA82Wl8V-py3.7/lib/python3.7/site-packages/urllib3/util/retry.py", line 386, in increment
    raise six.reraise(type(error), error, _stacktrace)
  File "/root/.cache/pypoetry/virtualenvs/cpdbv2-backend-VA82Wl8V-py3.7/lib/python3.7/site-packages/urllib3/packages/six.py", line 735, in reraise
    raise value
  File "/root/.cache/pypoetry/virtualenvs/cpdbv2-backend-VA82Wl8V-py3.7/lib/python3.7/site-packages/urllib3/connectionpool.py", line 677, in urlopen
    chunked=chunked,
  File "/root/.cache/pypoetry/virtualenvs/cpdbv2-backend-VA82Wl8V-py3.7/lib/python3.7/site-packages/urllib3/connectionpool.py", line 392, in _make_request
    conn.request(method, url, **httplib_request_kw)
  File "/usr/local/lib/python3.7/http/client.py", line 1281, in request
    self._send_request(method, url, body, headers, encode_chunked)
  File "/usr/local/lib/python3.7/http/client.py", line 1327, in _send_request
    self.endheaders(body, encode_chunked=encode_chunked)
  File "/usr/local/lib/python3.7/http/client.py", line 1276, in endheaders
    self._send_output(message_body, encode_chunked=encode_chunked)
  File "/usr/local/lib/python3.7/http/client.py", line 1036, in _send_output
    self.send(msg)
  File "/usr/local/lib/python3.7/http/client.py", line 976, in send
    self.connect()
  File "/root/.cache/pypoetry/virtualenvs/cpdbv2-backend-VA82Wl8V-py3.7/lib/python3.7/site-packages/urllib3/connection.py", line 187, in connect
    conn = self._new_conn()
  File "/root/.cache/pypoetry/virtualenvs/cpdbv2-backend-VA82Wl8V-py3.7/lib/python3.7/site-packages/urllib3/connection.py", line 172, in _new_conn
    self, "Failed to establish a new connection: %s" % e
urllib3.exceptions.NewConnectionError: <urllib3.connection.HTTPConnection object at 0x7ff068f45b10>: Failed to establish a new connection: [Errno -2] Name or service not known
elasticsearch: DEBUG: > None
--------------------- >> end captured logging << ---------------------

======================================================================
ERROR: test_coaccusals (officers.tests.views.test_mobile_views.OfficersMobileViewSetTestCase)
----------------------------------------------------------------------
Traceback (most recent call last):
  File "/usr/src/app/cpdb/officers/tests/mixins.py", line 10, in setUp
    officers_index_alias.write_index.delete(ignore=404)
  File "/root/.cache/pypoetry/virtualenvs/cpdbv2-backend-VA82Wl8V-py3.7/lib/python3.7/site-packages/elasticsearch_dsl/index.py", line 222, in delete
    self.connection.indices.delete(index=self._name, **kwargs)
  File "/root/.cache/pypoetry/virtualenvs/cpdbv2-backend-VA82Wl8V-py3.7/lib/python3.7/site-packages/elasticsearch/client/utils.py", line 73, in _wrapped
    return func(*args, params=params, **kwargs)
  File "/root/.cache/pypoetry/virtualenvs/cpdbv2-backend-VA82Wl8V-py3.7/lib/python3.7/site-packages/elasticsearch/client/indices.py", line 200, in delete
    params=params)
  File "/root/.cache/pypoetry/virtualenvs/cpdbv2-backend-VA82Wl8V-py3.7/lib/python3.7/site-packages/elasticsearch/transport.py", line 312, in perform_request
    status, headers, data = connection.perform_request(method, url, params, body, ignore=ignore, timeout=timeout)
  File "/root/.cache/pypoetry/virtualenvs/cpdbv2-backend-VA82Wl8V-py3.7/lib/python3.7/site-packages/elasticsearch/connection/http_urllib3.py", line 124, in perform_request
    raise ConnectionError('N/A', str(e), e)
elasticsearch.exceptions.ConnectionError: ConnectionError(<urllib3.connection.HTTPConnection object at 0x7ff068eac790>: Failed to establish a new connection: [Errno -2] Name or service not known) caused by: NewConnectionError(<urllib3.connection.HTTPConnection object at 0x7ff068eac790>: Failed to establish a new connection: [Errno -2] Name or service not known)
-------------------- >> begin captured logging << --------------------
urllib3.util.retry: DEBUG: Converted retries value: False -> Retry(total=False, connect=None, read=None, redirect=0, status=None)
urllib3.connectionpool: DEBUG: Starting new HTTP connection (213): elasticsearch:9200
elasticsearch: WARNING: DELETE http://elasticsearch:9200/test_officers_c97d3965-996f-4fbb-b4a7-1038423423bd [status:N/A request:0.007s]
Traceback (most recent call last):
  File "/root/.cache/pypoetry/virtualenvs/cpdbv2-backend-VA82Wl8V-py3.7/lib/python3.7/site-packages/urllib3/connection.py", line 160, in _new_conn
    (self._dns_host, self.port), self.timeout, **extra_kw
  File "/root/.cache/pypoetry/virtualenvs/cpdbv2-backend-VA82Wl8V-py3.7/lib/python3.7/site-packages/urllib3/util/connection.py", line 61, in create_connection
    for res in socket.getaddrinfo(host, port, family, socket.SOCK_STREAM):
  File "/usr/local/lib/python3.7/socket.py", line 752, in getaddrinfo
    for res in _socket.getaddrinfo(host, port, family, type, proto, flags):
socket.gaierror: [Errno -2] Name or service not known

During handling of the above exception, another exception occurred:

Traceback (most recent call last):
  File "/root/.cache/pypoetry/virtualenvs/cpdbv2-backend-VA82Wl8V-py3.7/lib/python3.7/site-packages/elasticsearch/connection/http_urllib3.py", line 115, in perform_request
    response = self.pool.urlopen(method, url, body, retries=False, headers=self.headers, **kw)
  File "/root/.cache/pypoetry/virtualenvs/cpdbv2-backend-VA82Wl8V-py3.7/lib/python3.7/site-packages/urllib3/connectionpool.py", line 727, in urlopen
    method, url, error=e, _pool=self, _stacktrace=sys.exc_info()[2]
  File "/root/.cache/pypoetry/virtualenvs/cpdbv2-backend-VA82Wl8V-py3.7/lib/python3.7/site-packages/urllib3/util/retry.py", line 386, in increment
    raise six.reraise(type(error), error, _stacktrace)
  File "/root/.cache/pypoetry/virtualenvs/cpdbv2-backend-VA82Wl8V-py3.7/lib/python3.7/site-packages/urllib3/packages/six.py", line 735, in reraise
    raise value
  File "/root/.cache/pypoetry/virtualenvs/cpdbv2-backend-VA82Wl8V-py3.7/lib/python3.7/site-packages/urllib3/connectionpool.py", line 677, in urlopen
    chunked=chunked,
  File "/root/.cache/pypoetry/virtualenvs/cpdbv2-backend-VA82Wl8V-py3.7/lib/python3.7/site-packages/urllib3/connectionpool.py", line 392, in _make_request
    conn.request(method, url, **httplib_request_kw)
  File "/usr/local/lib/python3.7/http/client.py", line 1281, in request
    self._send_request(method, url, body, headers, encode_chunked)
  File "/usr/local/lib/python3.7/http/client.py", line 1327, in _send_request
    self.endheaders(body, encode_chunked=encode_chunked)
  File "/usr/local/lib/python3.7/http/client.py", line 1276, in endheaders
    self._send_output(message_body, encode_chunked=encode_chunked)
  File "/usr/local/lib/python3.7/http/client.py", line 1036, in _send_output
    self.send(msg)
  File "/usr/local/lib/python3.7/http/client.py", line 976, in send
    self.connect()
  File "/root/.cache/pypoetry/virtualenvs/cpdbv2-backend-VA82Wl8V-py3.7/lib/python3.7/site-packages/urllib3/connection.py", line 187, in connect
    conn = self._new_conn()
  File "/root/.cache/pypoetry/virtualenvs/cpdbv2-backend-VA82Wl8V-py3.7/lib/python3.7/site-packages/urllib3/connection.py", line 172, in _new_conn
    self, "Failed to establish a new connection: %s" % e
urllib3.exceptions.NewConnectionError: <urllib3.connection.HTTPConnection object at 0x7ff068dfa350>: Failed to establish a new connection: [Errno -2] Name or service not known
elasticsearch: DEBUG: > None
urllib3.util.retry: DEBUG: Converted retries value: False -> Retry(total=False, connect=None, read=None, redirect=0, status=None)
urllib3.connectionpool: DEBUG: Starting new HTTP connection (214): elasticsearch:9200
elasticsearch: WARNING: DELETE http://elasticsearch:9200/test_officers_c97d3965-996f-4fbb-b4a7-1038423423bd [status:N/A request:0.009s]
Traceback (most recent call last):
  File "/root/.cache/pypoetry/virtualenvs/cpdbv2-backend-VA82Wl8V-py3.7/lib/python3.7/site-packages/urllib3/connection.py", line 160, in _new_conn
    (self._dns_host, self.port), self.timeout, **extra_kw
  File "/root/.cache/pypoetry/virtualenvs/cpdbv2-backend-VA82Wl8V-py3.7/lib/python3.7/site-packages/urllib3/util/connection.py", line 61, in create_connection
    for res in socket.getaddrinfo(host, port, family, socket.SOCK_STREAM):
  File "/usr/local/lib/python3.7/socket.py", line 752, in getaddrinfo
    for res in _socket.getaddrinfo(host, port, family, type, proto, flags):
socket.gaierror: [Errno -2] Name or service not known

During handling of the above exception, another exception occurred:

Traceback (most recent call last):
  File "/root/.cache/pypoetry/virtualenvs/cpdbv2-backend-VA82Wl8V-py3.7/lib/python3.7/site-packages/elasticsearch/connection/http_urllib3.py", line 115, in perform_request
    response = self.pool.urlopen(method, url, body, retries=False, headers=self.headers, **kw)
  File "/root/.cache/pypoetry/virtualenvs/cpdbv2-backend-VA82Wl8V-py3.7/lib/python3.7/site-packages/urllib3/connectionpool.py", line 727, in urlopen
    method, url, error=e, _pool=self, _stacktrace=sys.exc_info()[2]
  File "/root/.cache/pypoetry/virtualenvs/cpdbv2-backend-VA82Wl8V-py3.7/lib/python3.7/site-packages/urllib3/util/retry.py", line 386, in increment
    raise six.reraise(type(error), error, _stacktrace)
  File "/root/.cache/pypoetry/virtualenvs/cpdbv2-backend-VA82Wl8V-py3.7/lib/python3.7/site-packages/urllib3/packages/six.py", line 735, in reraise
    raise value
  File "/root/.cache/pypoetry/virtualenvs/cpdbv2-backend-VA82Wl8V-py3.7/lib/python3.7/site-packages/urllib3/connectionpool.py", line 677, in urlopen
    chunked=chunked,
  File "/root/.cache/pypoetry/virtualenvs/cpdbv2-backend-VA82Wl8V-py3.7/lib/python3.7/site-packages/urllib3/connectionpool.py", line 392, in _make_request
    conn.request(method, url, **httplib_request_kw)
  File "/usr/local/lib/python3.7/http/client.py", line 1281, in request
    self._send_request(method, url, body, headers, encode_chunked)
  File "/usr/local/lib/python3.7/http/client.py", line 1327, in _send_request
    self.endheaders(body, encode_chunked=encode_chunked)
  File "/usr/local/lib/python3.7/http/client.py", line 1276, in endheaders
    self._send_output(message_body, encode_chunked=encode_chunked)
  File "/usr/local/lib/python3.7/http/client.py", line 1036, in _send_output
    self.send(msg)
  File "/usr/local/lib/python3.7/http/client.py", line 976, in send
    self.connect()
  File "/root/.cache/pypoetry/virtualenvs/cpdbv2-backend-VA82Wl8V-py3.7/lib/python3.7/site-packages/urllib3/connection.py", line 187, in connect
    conn = self._new_conn()
  File "/root/.cache/pypoetry/virtualenvs/cpdbv2-backend-VA82Wl8V-py3.7/lib/python3.7/site-packages/urllib3/connection.py", line 172, in _new_conn
    self, "Failed to establish a new connection: %s" % e
urllib3.exceptions.NewConnectionError: <urllib3.connection.HTTPConnection object at 0x7ff068eac090>: Failed to establish a new connection: [Errno -2] Name or service not known
elasticsearch: DEBUG: > None
urllib3.util.retry: DEBUG: Converted retries value: False -> Retry(total=False, connect=None, read=None, redirect=0, status=None)
urllib3.connectionpool: DEBUG: Starting new HTTP connection (215): elasticsearch:9200
elasticsearch: WARNING: DELETE http://elasticsearch:9200/test_officers_c97d3965-996f-4fbb-b4a7-1038423423bd [status:N/A request:0.008s]
Traceback (most recent call last):
  File "/root/.cache/pypoetry/virtualenvs/cpdbv2-backend-VA82Wl8V-py3.7/lib/python3.7/site-packages/urllib3/connection.py", line 160, in _new_conn
    (self._dns_host, self.port), self.timeout, **extra_kw
  File "/root/.cache/pypoetry/virtualenvs/cpdbv2-backend-VA82Wl8V-py3.7/lib/python3.7/site-packages/urllib3/util/connection.py", line 61, in create_connection
    for res in socket.getaddrinfo(host, port, family, socket.SOCK_STREAM):
  File "/usr/local/lib/python3.7/socket.py", line 752, in getaddrinfo
    for res in _socket.getaddrinfo(host, port, family, type, proto, flags):
socket.gaierror: [Errno -2] Name or service not known

During handling of the above exception, another exception occurred:

Traceback (most recent call last):
  File "/root/.cache/pypoetry/virtualenvs/cpdbv2-backend-VA82Wl8V-py3.7/lib/python3.7/site-packages/elasticsearch/connection/http_urllib3.py", line 115, in perform_request
    response = self.pool.urlopen(method, url, body, retries=False, headers=self.headers, **kw)
  File "/root/.cache/pypoetry/virtualenvs/cpdbv2-backend-VA82Wl8V-py3.7/lib/python3.7/site-packages/urllib3/connectionpool.py", line 727, in urlopen
    method, url, error=e, _pool=self, _stacktrace=sys.exc_info()[2]
  File "/root/.cache/pypoetry/virtualenvs/cpdbv2-backend-VA82Wl8V-py3.7/lib/python3.7/site-packages/urllib3/util/retry.py", line 386, in increment
    raise six.reraise(type(error), error, _stacktrace)
  File "/root/.cache/pypoetry/virtualenvs/cpdbv2-backend-VA82Wl8V-py3.7/lib/python3.7/site-packages/urllib3/packages/six.py", line 735, in reraise
    raise value
  File "/root/.cache/pypoetry/virtualenvs/cpdbv2-backend-VA82Wl8V-py3.7/lib/python3.7/site-packages/urllib3/connectionpool.py", line 677, in urlopen
    chunked=chunked,
  File "/root/.cache/pypoetry/virtualenvs/cpdbv2-backend-VA82Wl8V-py3.7/lib/python3.7/site-packages/urllib3/connectionpool.py", line 392, in _make_request
    conn.request(method, url, **httplib_request_kw)
  File "/usr/local/lib/python3.7/http/client.py", line 1281, in request
    self._send_request(method, url, body, headers, encode_chunked)
  File "/usr/local/lib/python3.7/http/client.py", line 1327, in _send_request
    self.endheaders(body, encode_chunked=encode_chunked)
  File "/usr/local/lib/python3.7/http/client.py", line 1276, in endheaders
    self._send_output(message_body, encode_chunked=encode_chunked)
  File "/usr/local/lib/python3.7/http/client.py", line 1036, in _send_output
    self.send(msg)
  File "/usr/local/lib/python3.7/http/client.py", line 976, in send
    self.connect()
  File "/root/.cache/pypoetry/virtualenvs/cpdbv2-backend-VA82Wl8V-py3.7/lib/python3.7/site-packages/urllib3/connection.py", line 187, in connect
    conn = self._new_conn()
  File "/root/.cache/pypoetry/virtualenvs/cpdbv2-backend-VA82Wl8V-py3.7/lib/python3.7/site-packages/urllib3/connection.py", line 172, in _new_conn
    self, "Failed to establish a new connection: %s" % e
urllib3.exceptions.NewConnectionError: <urllib3.connection.HTTPConnection object at 0x7ff068eac3d0>: Failed to establish a new connection: [Errno -2] Name or service not known
elasticsearch: DEBUG: > None
urllib3.util.retry: DEBUG: Converted retries value: False -> Retry(total=False, connect=None, read=None, redirect=0, status=None)
urllib3.connectionpool: DEBUG: Starting new HTTP connection (216): elasticsearch:9200
elasticsearch: WARNING: DELETE http://elasticsearch:9200/test_officers_c97d3965-996f-4fbb-b4a7-1038423423bd [status:N/A request:0.005s]
Traceback (most recent call last):
  File "/root/.cache/pypoetry/virtualenvs/cpdbv2-backend-VA82Wl8V-py3.7/lib/python3.7/site-packages/urllib3/connection.py", line 160, in _new_conn
    (self._dns_host, self.port), self.timeout, **extra_kw
  File "/root/.cache/pypoetry/virtualenvs/cpdbv2-backend-VA82Wl8V-py3.7/lib/python3.7/site-packages/urllib3/util/connection.py", line 61, in create_connection
    for res in socket.getaddrinfo(host, port, family, socket.SOCK_STREAM):
  File "/usr/local/lib/python3.7/socket.py", line 752, in getaddrinfo
    for res in _socket.getaddrinfo(host, port, family, type, proto, flags):
socket.gaierror: [Errno -2] Name or service not known

During handling of the above exception, another exception occurred:

Traceback (most recent call last):
  File "/root/.cache/pypoetry/virtualenvs/cpdbv2-backend-VA82Wl8V-py3.7/lib/python3.7/site-packages/elasticsearch/connection/http_urllib3.py", line 115, in perform_request
    response = self.pool.urlopen(method, url, body, retries=False, headers=self.headers, **kw)
  File "/root/.cache/pypoetry/virtualenvs/cpdbv2-backend-VA82Wl8V-py3.7/lib/python3.7/site-packages/urllib3/connectionpool.py", line 727, in urlopen
    method, url, error=e, _pool=self, _stacktrace=sys.exc_info()[2]
  File "/root/.cache/pypoetry/virtualenvs/cpdbv2-backend-VA82Wl8V-py3.7/lib/python3.7/site-packages/urllib3/util/retry.py", line 386, in increment
    raise six.reraise(type(error), error, _stacktrace)
  File "/root/.cache/pypoetry/virtualenvs/cpdbv2-backend-VA82Wl8V-py3.7/lib/python3.7/site-packages/urllib3/packages/six.py", line 735, in reraise
    raise value
  File "/root/.cache/pypoetry/virtualenvs/cpdbv2-backend-VA82Wl8V-py3.7/lib/python3.7/site-packages/urllib3/connectionpool.py", line 677, in urlopen
    chunked=chunked,
  File "/root/.cache/pypoetry/virtualenvs/cpdbv2-backend-VA82Wl8V-py3.7/lib/python3.7/site-packages/urllib3/connectionpool.py", line 392, in _make_request
    conn.request(method, url, **httplib_request_kw)
  File "/usr/local/lib/python3.7/http/client.py", line 1281, in request
    self._send_request(method, url, body, headers, encode_chunked)
  File "/usr/local/lib/python3.7/http/client.py", line 1327, in _send_request
    self.endheaders(body, encode_chunked=encode_chunked)
  File "/usr/local/lib/python3.7/http/client.py", line 1276, in endheaders
    self._send_output(message_body, encode_chunked=encode_chunked)
  File "/usr/local/lib/python3.7/http/client.py", line 1036, in _send_output
    self.send(msg)
  File "/usr/local/lib/python3.7/http/client.py", line 976, in send
    self.connect()
  File "/root/.cache/pypoetry/virtualenvs/cpdbv2-backend-VA82Wl8V-py3.7/lib/python3.7/site-packages/urllib3/connection.py", line 187, in connect
    conn = self._new_conn()
  File "/root/.cache/pypoetry/virtualenvs/cpdbv2-backend-VA82Wl8V-py3.7/lib/python3.7/site-packages/urllib3/connection.py", line 172, in _new_conn
    self, "Failed to establish a new connection: %s" % e
urllib3.exceptions.NewConnectionError: <urllib3.connection.HTTPConnection object at 0x7ff068eac790>: Failed to establish a new connection: [Errno -2] Name or service not known
elasticsearch: DEBUG: > None
--------------------- >> end captured logging << ---------------------

======================================================================
ERROR: test_list (officers.tests.views.test_mobile_views.OfficersMobileViewSetTestCase)
----------------------------------------------------------------------
Traceback (most recent call last):
  File "/usr/src/app/cpdb/officers/tests/mixins.py", line 10, in setUp
    officers_index_alias.write_index.delete(ignore=404)
  File "/root/.cache/pypoetry/virtualenvs/cpdbv2-backend-VA82Wl8V-py3.7/lib/python3.7/site-packages/elasticsearch_dsl/index.py", line 222, in delete
    self.connection.indices.delete(index=self._name, **kwargs)
  File "/root/.cache/pypoetry/virtualenvs/cpdbv2-backend-VA82Wl8V-py3.7/lib/python3.7/site-packages/elasticsearch/client/utils.py", line 73, in _wrapped
    return func(*args, params=params, **kwargs)
  File "/root/.cache/pypoetry/virtualenvs/cpdbv2-backend-VA82Wl8V-py3.7/lib/python3.7/site-packages/elasticsearch/client/indices.py", line 200, in delete
    params=params)
  File "/root/.cache/pypoetry/virtualenvs/cpdbv2-backend-VA82Wl8V-py3.7/lib/python3.7/site-packages/elasticsearch/transport.py", line 312, in perform_request
    status, headers, data = connection.perform_request(method, url, params, body, ignore=ignore, timeout=timeout)
  File "/root/.cache/pypoetry/virtualenvs/cpdbv2-backend-VA82Wl8V-py3.7/lib/python3.7/site-packages/elasticsearch/connection/http_urllib3.py", line 124, in perform_request
    raise ConnectionError('N/A', str(e), e)
elasticsearch.exceptions.ConnectionError: ConnectionError(<urllib3.connection.HTTPConnection object at 0x7ff068e0ec10>: Failed to establish a new connection: [Errno -2] Name or service not known) caused by: NewConnectionError(<urllib3.connection.HTTPConnection object at 0x7ff068e0ec10>: Failed to establish a new connection: [Errno -2] Name or service not known)
-------------------- >> begin captured logging << --------------------
urllib3.util.retry: DEBUG: Converted retries value: False -> Retry(total=False, connect=None, read=None, redirect=0, status=None)
urllib3.connectionpool: DEBUG: Starting new HTTP connection (217): elasticsearch:9200
elasticsearch: WARNING: DELETE http://elasticsearch:9200/test_officers_c97d3965-996f-4fbb-b4a7-1038423423bd [status:N/A request:0.004s]
Traceback (most recent call last):
  File "/root/.cache/pypoetry/virtualenvs/cpdbv2-backend-VA82Wl8V-py3.7/lib/python3.7/site-packages/urllib3/connection.py", line 160, in _new_conn
    (self._dns_host, self.port), self.timeout, **extra_kw
  File "/root/.cache/pypoetry/virtualenvs/cpdbv2-backend-VA82Wl8V-py3.7/lib/python3.7/site-packages/urllib3/util/connection.py", line 61, in create_connection
    for res in socket.getaddrinfo(host, port, family, socket.SOCK_STREAM):
  File "/usr/local/lib/python3.7/socket.py", line 752, in getaddrinfo
    for res in _socket.getaddrinfo(host, port, family, type, proto, flags):
socket.gaierror: [Errno -2] Name or service not known

During handling of the above exception, another exception occurred:

Traceback (most recent call last):
  File "/root/.cache/pypoetry/virtualenvs/cpdbv2-backend-VA82Wl8V-py3.7/lib/python3.7/site-packages/elasticsearch/connection/http_urllib3.py", line 115, in perform_request
    response = self.pool.urlopen(method, url, body, retries=False, headers=self.headers, **kw)
  File "/root/.cache/pypoetry/virtualenvs/cpdbv2-backend-VA82Wl8V-py3.7/lib/python3.7/site-packages/urllib3/connectionpool.py", line 727, in urlopen
    method, url, error=e, _pool=self, _stacktrace=sys.exc_info()[2]
  File "/root/.cache/pypoetry/virtualenvs/cpdbv2-backend-VA82Wl8V-py3.7/lib/python3.7/site-packages/urllib3/util/retry.py", line 386, in increment
    raise six.reraise(type(error), error, _stacktrace)
  File "/root/.cache/pypoetry/virtualenvs/cpdbv2-backend-VA82Wl8V-py3.7/lib/python3.7/site-packages/urllib3/packages/six.py", line 735, in reraise
    raise value
  File "/root/.cache/pypoetry/virtualenvs/cpdbv2-backend-VA82Wl8V-py3.7/lib/python3.7/site-packages/urllib3/connectionpool.py", line 677, in urlopen
    chunked=chunked,
  File "/root/.cache/pypoetry/virtualenvs/cpdbv2-backend-VA82Wl8V-py3.7/lib/python3.7/site-packages/urllib3/connectionpool.py", line 392, in _make_request
    conn.request(method, url, **httplib_request_kw)
  File "/usr/local/lib/python3.7/http/client.py", line 1281, in request
    self._send_request(method, url, body, headers, encode_chunked)
  File "/usr/local/lib/python3.7/http/client.py", line 1327, in _send_request
    self.endheaders(body, encode_chunked=encode_chunked)
  File "/usr/local/lib/python3.7/http/client.py", line 1276, in endheaders
    self._send_output(message_body, encode_chunked=encode_chunked)
  File "/usr/local/lib/python3.7/http/client.py", line 1036, in _send_output
    self.send(msg)
  File "/usr/local/lib/python3.7/http/client.py", line 976, in send
    self.connect()
  File "/root/.cache/pypoetry/virtualenvs/cpdbv2-backend-VA82Wl8V-py3.7/lib/python3.7/site-packages/urllib3/connection.py", line 187, in connect
    conn = self._new_conn()
  File "/root/.cache/pypoetry/virtualenvs/cpdbv2-backend-VA82Wl8V-py3.7/lib/python3.7/site-packages/urllib3/connection.py", line 172, in _new_conn
    self, "Failed to establish a new connection: %s" % e
urllib3.exceptions.NewConnectionError: <urllib3.connection.HTTPConnection object at 0x7ff068eacbd0>: Failed to establish a new connection: [Errno -2] Name or service not known
elasticsearch: DEBUG: > None
urllib3.util.retry: DEBUG: Converted retries value: False -> Retry(total=False, connect=None, read=None, redirect=0, status=None)
urllib3.connectionpool: DEBUG: Starting new HTTP connection (218): elasticsearch:9200
elasticsearch: WARNING: DELETE http://elasticsearch:9200/test_officers_c97d3965-996f-4fbb-b4a7-1038423423bd [status:N/A request:0.005s]
Traceback (most recent call last):
  File "/root/.cache/pypoetry/virtualenvs/cpdbv2-backend-VA82Wl8V-py3.7/lib/python3.7/site-packages/urllib3/connection.py", line 160, in _new_conn
    (self._dns_host, self.port), self.timeout, **extra_kw
  File "/root/.cache/pypoetry/virtualenvs/cpdbv2-backend-VA82Wl8V-py3.7/lib/python3.7/site-packages/urllib3/util/connection.py", line 61, in create_connection
    for res in socket.getaddrinfo(host, port, family, socket.SOCK_STREAM):
  File "/usr/local/lib/python3.7/socket.py", line 752, in getaddrinfo
    for res in _socket.getaddrinfo(host, port, family, type, proto, flags):
socket.gaierror: [Errno -2] Name or service not known

During handling of the above exception, another exception occurred:

Traceback (most recent call last):
  File "/root/.cache/pypoetry/virtualenvs/cpdbv2-backend-VA82Wl8V-py3.7/lib/python3.7/site-packages/elasticsearch/connection/http_urllib3.py", line 115, in perform_request
    response = self.pool.urlopen(method, url, body, retries=False, headers=self.headers, **kw)
  File "/root/.cache/pypoetry/virtualenvs/cpdbv2-backend-VA82Wl8V-py3.7/lib/python3.7/site-packages/urllib3/connectionpool.py", line 727, in urlopen
    method, url, error=e, _pool=self, _stacktrace=sys.exc_info()[2]
  File "/root/.cache/pypoetry/virtualenvs/cpdbv2-backend-VA82Wl8V-py3.7/lib/python3.7/site-packages/urllib3/util/retry.py", line 386, in increment
    raise six.reraise(type(error), error, _stacktrace)
  File "/root/.cache/pypoetry/virtualenvs/cpdbv2-backend-VA82Wl8V-py3.7/lib/python3.7/site-packages/urllib3/packages/six.py", line 735, in reraise
    raise value
  File "/root/.cache/pypoetry/virtualenvs/cpdbv2-backend-VA82Wl8V-py3.7/lib/python3.7/site-packages/urllib3/connectionpool.py", line 677, in urlopen
    chunked=chunked,
  File "/root/.cache/pypoetry/virtualenvs/cpdbv2-backend-VA82Wl8V-py3.7/lib/python3.7/site-packages/urllib3/connectionpool.py", line 392, in _make_request
    conn.request(method, url, **httplib_request_kw)
  File "/usr/local/lib/python3.7/http/client.py", line 1281, in request
    self._send_request(method, url, body, headers, encode_chunked)
  File "/usr/local/lib/python3.7/http/client.py", line 1327, in _send_request
    self.endheaders(body, encode_chunked=encode_chunked)
  File "/usr/local/lib/python3.7/http/client.py", line 1276, in endheaders
    self._send_output(message_body, encode_chunked=encode_chunked)
  File "/usr/local/lib/python3.7/http/client.py", line 1036, in _send_output
    self.send(msg)
  File "/usr/local/lib/python3.7/http/client.py", line 976, in send
    self.connect()
  File "/root/.cache/pypoetry/virtualenvs/cpdbv2-backend-VA82Wl8V-py3.7/lib/python3.7/site-packages/urllib3/connection.py", line 187, in connect
    conn = self._new_conn()
  File "/root/.cache/pypoetry/virtualenvs/cpdbv2-backend-VA82Wl8V-py3.7/lib/python3.7/site-packages/urllib3/connection.py", line 172, in _new_conn
    self, "Failed to establish a new connection: %s" % e
urllib3.exceptions.NewConnectionError: <urllib3.connection.HTTPConnection object at 0x7ff068eacfd0>: Failed to establish a new connection: [Errno -2] Name or service not known
elasticsearch: DEBUG: > None
urllib3.util.retry: DEBUG: Converted retries value: False -> Retry(total=False, connect=None, read=None, redirect=0, status=None)
urllib3.connectionpool: DEBUG: Starting new HTTP connection (219): elasticsearch:9200
elasticsearch: WARNING: DELETE http://elasticsearch:9200/test_officers_c97d3965-996f-4fbb-b4a7-1038423423bd [status:N/A request:0.005s]
Traceback (most recent call last):
  File "/root/.cache/pypoetry/virtualenvs/cpdbv2-backend-VA82Wl8V-py3.7/lib/python3.7/site-packages/urllib3/connection.py", line 160, in _new_conn
    (self._dns_host, self.port), self.timeout, **extra_kw
  File "/root/.cache/pypoetry/virtualenvs/cpdbv2-backend-VA82Wl8V-py3.7/lib/python3.7/site-packages/urllib3/util/connection.py", line 61, in create_connection
    for res in socket.getaddrinfo(host, port, family, socket.SOCK_STREAM):
  File "/usr/local/lib/python3.7/socket.py", line 752, in getaddrinfo
    for res in _socket.getaddrinfo(host, port, family, type, proto, flags):
socket.gaierror: [Errno -2] Name or service not known

During handling of the above exception, another exception occurred:

Traceback (most recent call last):
  File "/root/.cache/pypoetry/virtualenvs/cpdbv2-backend-VA82Wl8V-py3.7/lib/python3.7/site-packages/elasticsearch/connection/http_urllib3.py", line 115, in perform_request
    response = self.pool.urlopen(method, url, body, retries=False, headers=self.headers, **kw)
  File "/root/.cache/pypoetry/virtualenvs/cpdbv2-backend-VA82Wl8V-py3.7/lib/python3.7/site-packages/urllib3/connectionpool.py", line 727, in urlopen
    method, url, error=e, _pool=self, _stacktrace=sys.exc_info()[2]
  File "/root/.cache/pypoetry/virtualenvs/cpdbv2-backend-VA82Wl8V-py3.7/lib/python3.7/site-packages/urllib3/util/retry.py", line 386, in increment
    raise six.reraise(type(error), error, _stacktrace)
  File "/root/.cache/pypoetry/virtualenvs/cpdbv2-backend-VA82Wl8V-py3.7/lib/python3.7/site-packages/urllib3/packages/six.py", line 735, in reraise
    raise value
  File "/root/.cache/pypoetry/virtualenvs/cpdbv2-backend-VA82Wl8V-py3.7/lib/python3.7/site-packages/urllib3/connectionpool.py", line 677, in urlopen
    chunked=chunked,
  File "/root/.cache/pypoetry/virtualenvs/cpdbv2-backend-VA82Wl8V-py3.7/lib/python3.7/site-packages/urllib3/connectionpool.py", line 392, in _make_request
    conn.request(method, url, **httplib_request_kw)
  File "/usr/local/lib/python3.7/http/client.py", line 1281, in request
    self._send_request(method, url, body, headers, encode_chunked)
  File "/usr/local/lib/python3.7/http/client.py", line 1327, in _send_request
    self.endheaders(body, encode_chunked=encode_chunked)
  File "/usr/local/lib/python3.7/http/client.py", line 1276, in endheaders
    self._send_output(message_body, encode_chunked=encode_chunked)
  File "/usr/local/lib/python3.7/http/client.py", line 1036, in _send_output
    self.send(msg)
  File "/usr/local/lib/python3.7/http/client.py", line 976, in send
    self.connect()
  File "/root/.cache/pypoetry/virtualenvs/cpdbv2-backend-VA82Wl8V-py3.7/lib/python3.7/site-packages/urllib3/connection.py", line 187, in connect
    conn = self._new_conn()
  File "/root/.cache/pypoetry/virtualenvs/cpdbv2-backend-VA82Wl8V-py3.7/lib/python3.7/site-packages/urllib3/connection.py", line 172, in _new_conn
    self, "Failed to establish a new connection: %s" % e
urllib3.exceptions.NewConnectionError: <urllib3.connection.HTTPConnection object at 0x7ff068eacb10>: Failed to establish a new connection: [Errno -2] Name or service not known
elasticsearch: DEBUG: > None
urllib3.util.retry: DEBUG: Converted retries value: False -> Retry(total=False, connect=None, read=None, redirect=0, status=None)
urllib3.connectionpool: DEBUG: Starting new HTTP connection (220): elasticsearch:9200
elasticsearch: WARNING: DELETE http://elasticsearch:9200/test_officers_c97d3965-996f-4fbb-b4a7-1038423423bd [status:N/A request:0.005s]
Traceback (most recent call last):
  File "/root/.cache/pypoetry/virtualenvs/cpdbv2-backend-VA82Wl8V-py3.7/lib/python3.7/site-packages/urllib3/connection.py", line 160, in _new_conn
    (self._dns_host, self.port), self.timeout, **extra_kw
  File "/root/.cache/pypoetry/virtualenvs/cpdbv2-backend-VA82Wl8V-py3.7/lib/python3.7/site-packages/urllib3/util/connection.py", line 61, in create_connection
    for res in socket.getaddrinfo(host, port, family, socket.SOCK_STREAM):
  File "/usr/local/lib/python3.7/socket.py", line 752, in getaddrinfo
    for res in _socket.getaddrinfo(host, port, family, type, proto, flags):
socket.gaierror: [Errno -2] Name or service not known

During handling of the above exception, another exception occurred:

Traceback (most recent call last):
  File "/root/.cache/pypoetry/virtualenvs/cpdbv2-backend-VA82Wl8V-py3.7/lib/python3.7/site-packages/elasticsearch/connection/http_urllib3.py", line 115, in perform_request
    response = self.pool.urlopen(method, url, body, retries=False, headers=self.headers, **kw)
  File "/root/.cache/pypoetry/virtualenvs/cpdbv2-backend-VA82Wl8V-py3.7/lib/python3.7/site-packages/urllib3/connectionpool.py", line 727, in urlopen
    method, url, error=e, _pool=self, _stacktrace=sys.exc_info()[2]
  File "/root/.cache/pypoetry/virtualenvs/cpdbv2-backend-VA82Wl8V-py3.7/lib/python3.7/site-packages/urllib3/util/retry.py", line 386, in increment
    raise six.reraise(type(error), error, _stacktrace)
  File "/root/.cache/pypoetry/virtualenvs/cpdbv2-backend-VA82Wl8V-py3.7/lib/python3.7/site-packages/urllib3/packages/six.py", line 735, in reraise
    raise value
  File "/root/.cache/pypoetry/virtualenvs/cpdbv2-backend-VA82Wl8V-py3.7/lib/python3.7/site-packages/urllib3/connectionpool.py", line 677, in urlopen
    chunked=chunked,
  File "/root/.cache/pypoetry/virtualenvs/cpdbv2-backend-VA82Wl8V-py3.7/lib/python3.7/site-packages/urllib3/connectionpool.py", line 392, in _make_request
    conn.request(method, url, **httplib_request_kw)
  File "/usr/local/lib/python3.7/http/client.py", line 1281, in request
    self._send_request(method, url, body, headers, encode_chunked)
  File "/usr/local/lib/python3.7/http/client.py", line 1327, in _send_request
    self.endheaders(body, encode_chunked=encode_chunked)
  File "/usr/local/lib/python3.7/http/client.py", line 1276, in endheaders
    self._send_output(message_body, encode_chunked=encode_chunked)
  File "/usr/local/lib/python3.7/http/client.py", line 1036, in _send_output
    self.send(msg)
  File "/usr/local/lib/python3.7/http/client.py", line 976, in send
    self.connect()
  File "/root/.cache/pypoetry/virtualenvs/cpdbv2-backend-VA82Wl8V-py3.7/lib/python3.7/site-packages/urllib3/connection.py", line 187, in connect
    conn = self._new_conn()
  File "/root/.cache/pypoetry/virtualenvs/cpdbv2-backend-VA82Wl8V-py3.7/lib/python3.7/site-packages/urllib3/connection.py", line 172, in _new_conn
    self, "Failed to establish a new connection: %s" % e
urllib3.exceptions.NewConnectionError: <urllib3.connection.HTTPConnection object at 0x7ff068e0ec10>: Failed to establish a new connection: [Errno -2] Name or service not known
elasticsearch: DEBUG: > None
--------------------- >> end captured logging << ---------------------

======================================================================
ERROR: test_list_all_invalid_ids (officers.tests.views.test_mobile_views.OfficersMobileViewSetTestCase)
----------------------------------------------------------------------
Traceback (most recent call last):
  File "/usr/src/app/cpdb/officers/tests/mixins.py", line 10, in setUp
    officers_index_alias.write_index.delete(ignore=404)
  File "/root/.cache/pypoetry/virtualenvs/cpdbv2-backend-VA82Wl8V-py3.7/lib/python3.7/site-packages/elasticsearch_dsl/index.py", line 222, in delete
    self.connection.indices.delete(index=self._name, **kwargs)
  File "/root/.cache/pypoetry/virtualenvs/cpdbv2-backend-VA82Wl8V-py3.7/lib/python3.7/site-packages/elasticsearch/client/utils.py", line 73, in _wrapped
    return func(*args, params=params, **kwargs)
  File "/root/.cache/pypoetry/virtualenvs/cpdbv2-backend-VA82Wl8V-py3.7/lib/python3.7/site-packages/elasticsearch/client/indices.py", line 200, in delete
    params=params)
  File "/root/.cache/pypoetry/virtualenvs/cpdbv2-backend-VA82Wl8V-py3.7/lib/python3.7/site-packages/elasticsearch/transport.py", line 312, in perform_request
    status, headers, data = connection.perform_request(method, url, params, body, ignore=ignore, timeout=timeout)
  File "/root/.cache/pypoetry/virtualenvs/cpdbv2-backend-VA82Wl8V-py3.7/lib/python3.7/site-packages/elasticsearch/connection/http_urllib3.py", line 124, in perform_request
    raise ConnectionError('N/A', str(e), e)
elasticsearch.exceptions.ConnectionError: ConnectionError(<urllib3.connection.HTTPConnection object at 0x7ff068eac790>: Failed to establish a new connection: [Errno -2] Name or service not known) caused by: NewConnectionError(<urllib3.connection.HTTPConnection object at 0x7ff068eac790>: Failed to establish a new connection: [Errno -2] Name or service not known)
-------------------- >> begin captured logging << --------------------
urllib3.util.retry: DEBUG: Converted retries value: False -> Retry(total=False, connect=None, read=None, redirect=0, status=None)
urllib3.connectionpool: DEBUG: Starting new HTTP connection (221): elasticsearch:9200
elasticsearch: WARNING: DELETE http://elasticsearch:9200/test_officers_c97d3965-996f-4fbb-b4a7-1038423423bd [status:N/A request:0.005s]
Traceback (most recent call last):
  File "/root/.cache/pypoetry/virtualenvs/cpdbv2-backend-VA82Wl8V-py3.7/lib/python3.7/site-packages/urllib3/connection.py", line 160, in _new_conn
    (self._dns_host, self.port), self.timeout, **extra_kw
  File "/root/.cache/pypoetry/virtualenvs/cpdbv2-backend-VA82Wl8V-py3.7/lib/python3.7/site-packages/urllib3/util/connection.py", line 61, in create_connection
    for res in socket.getaddrinfo(host, port, family, socket.SOCK_STREAM):
  File "/usr/local/lib/python3.7/socket.py", line 752, in getaddrinfo
    for res in _socket.getaddrinfo(host, port, family, type, proto, flags):
socket.gaierror: [Errno -2] Name or service not known

During handling of the above exception, another exception occurred:

Traceback (most recent call last):
  File "/root/.cache/pypoetry/virtualenvs/cpdbv2-backend-VA82Wl8V-py3.7/lib/python3.7/site-packages/elasticsearch/connection/http_urllib3.py", line 115, in perform_request
    response = self.pool.urlopen(method, url, body, retries=False, headers=self.headers, **kw)
  File "/root/.cache/pypoetry/virtualenvs/cpdbv2-backend-VA82Wl8V-py3.7/lib/python3.7/site-packages/urllib3/connectionpool.py", line 727, in urlopen
    method, url, error=e, _pool=self, _stacktrace=sys.exc_info()[2]
  File "/root/.cache/pypoetry/virtualenvs/cpdbv2-backend-VA82Wl8V-py3.7/lib/python3.7/site-packages/urllib3/util/retry.py", line 386, in increment
    raise six.reraise(type(error), error, _stacktrace)
  File "/root/.cache/pypoetry/virtualenvs/cpdbv2-backend-VA82Wl8V-py3.7/lib/python3.7/site-packages/urllib3/packages/six.py", line 735, in reraise
    raise value
  File "/root/.cache/pypoetry/virtualenvs/cpdbv2-backend-VA82Wl8V-py3.7/lib/python3.7/site-packages/urllib3/connectionpool.py", line 677, in urlopen
    chunked=chunked,
  File "/root/.cache/pypoetry/virtualenvs/cpdbv2-backend-VA82Wl8V-py3.7/lib/python3.7/site-packages/urllib3/connectionpool.py", line 392, in _make_request
    conn.request(method, url, **httplib_request_kw)
  File "/usr/local/lib/python3.7/http/client.py", line 1281, in request
    self._send_request(method, url, body, headers, encode_chunked)
  File "/usr/local/lib/python3.7/http/client.py", line 1327, in _send_request
    self.endheaders(body, encode_chunked=encode_chunked)
  File "/usr/local/lib/python3.7/http/client.py", line 1276, in endheaders
    self._send_output(message_body, encode_chunked=encode_chunked)
  File "/usr/local/lib/python3.7/http/client.py", line 1036, in _send_output
    self.send(msg)
  File "/usr/local/lib/python3.7/http/client.py", line 976, in send
    self.connect()
  File "/root/.cache/pypoetry/virtualenvs/cpdbv2-backend-VA82Wl8V-py3.7/lib/python3.7/site-packages/urllib3/connection.py", line 187, in connect
    conn = self._new_conn()
  File "/root/.cache/pypoetry/virtualenvs/cpdbv2-backend-VA82Wl8V-py3.7/lib/python3.7/site-packages/urllib3/connection.py", line 172, in _new_conn
    self, "Failed to establish a new connection: %s" % e
urllib3.exceptions.NewConnectionError: <urllib3.connection.HTTPConnection object at 0x7ff068eaccd0>: Failed to establish a new connection: [Errno -2] Name or service not known
elasticsearch: DEBUG: > None
urllib3.util.retry: DEBUG: Converted retries value: False -> Retry(total=False, connect=None, read=None, redirect=0, status=None)
urllib3.connectionpool: DEBUG: Starting new HTTP connection (222): elasticsearch:9200
elasticsearch: WARNING: DELETE http://elasticsearch:9200/test_officers_c97d3965-996f-4fbb-b4a7-1038423423bd [status:N/A request:0.004s]
Traceback (most recent call last):
  File "/root/.cache/pypoetry/virtualenvs/cpdbv2-backend-VA82Wl8V-py3.7/lib/python3.7/site-packages/urllib3/connection.py", line 160, in _new_conn
    (self._dns_host, self.port), self.timeout, **extra_kw
  File "/root/.cache/pypoetry/virtualenvs/cpdbv2-backend-VA82Wl8V-py3.7/lib/python3.7/site-packages/urllib3/util/connection.py", line 61, in create_connection
    for res in socket.getaddrinfo(host, port, family, socket.SOCK_STREAM):
  File "/usr/local/lib/python3.7/socket.py", line 752, in getaddrinfo
    for res in _socket.getaddrinfo(host, port, family, type, proto, flags):
socket.gaierror: [Errno -2] Name or service not known

During handling of the above exception, another exception occurred:

Traceback (most recent call last):
  File "/root/.cache/pypoetry/virtualenvs/cpdbv2-backend-VA82Wl8V-py3.7/lib/python3.7/site-packages/elasticsearch/connection/http_urllib3.py", line 115, in perform_request
    response = self.pool.urlopen(method, url, body, retries=False, headers=self.headers, **kw)
  File "/root/.cache/pypoetry/virtualenvs/cpdbv2-backend-VA82Wl8V-py3.7/lib/python3.7/site-packages/urllib3/connectionpool.py", line 727, in urlopen
    method, url, error=e, _pool=self, _stacktrace=sys.exc_info()[2]
  File "/root/.cache/pypoetry/virtualenvs/cpdbv2-backend-VA82Wl8V-py3.7/lib/python3.7/site-packages/urllib3/util/retry.py", line 386, in increment
    raise six.reraise(type(error), error, _stacktrace)
  File "/root/.cache/pypoetry/virtualenvs/cpdbv2-backend-VA82Wl8V-py3.7/lib/python3.7/site-packages/urllib3/packages/six.py", line 735, in reraise
    raise value
  File "/root/.cache/pypoetry/virtualenvs/cpdbv2-backend-VA82Wl8V-py3.7/lib/python3.7/site-packages/urllib3/connectionpool.py", line 677, in urlopen
    chunked=chunked,
  File "/root/.cache/pypoetry/virtualenvs/cpdbv2-backend-VA82Wl8V-py3.7/lib/python3.7/site-packages/urllib3/connectionpool.py", line 392, in _make_request
    conn.request(method, url, **httplib_request_kw)
  File "/usr/local/lib/python3.7/http/client.py", line 1281, in request
    self._send_request(method, url, body, headers, encode_chunked)
  File "/usr/local/lib/python3.7/http/client.py", line 1327, in _send_request
    self.endheaders(body, encode_chunked=encode_chunked)
  File "/usr/local/lib/python3.7/http/client.py", line 1276, in endheaders
    self._send_output(message_body, encode_chunked=encode_chunked)
  File "/usr/local/lib/python3.7/http/client.py", line 1036, in _send_output
    self.send(msg)
  File "/usr/local/lib/python3.7/http/client.py", line 976, in send
    self.connect()
  File "/root/.cache/pypoetry/virtualenvs/cpdbv2-backend-VA82Wl8V-py3.7/lib/python3.7/site-packages/urllib3/connection.py", line 187, in connect
    conn = self._new_conn()
  File "/root/.cache/pypoetry/virtualenvs/cpdbv2-backend-VA82Wl8V-py3.7/lib/python3.7/site-packages/urllib3/connection.py", line 172, in _new_conn
    self, "Failed to establish a new connection: %s" % e
urllib3.exceptions.NewConnectionError: <urllib3.connection.HTTPConnection object at 0x7ff068eac150>: Failed to establish a new connection: [Errno -2] Name or service not known
elasticsearch: DEBUG: > None
urllib3.util.retry: DEBUG: Converted retries value: False -> Retry(total=False, connect=None, read=None, redirect=0, status=None)
urllib3.connectionpool: DEBUG: Starting new HTTP connection (223): elasticsearch:9200
elasticsearch: WARNING: DELETE http://elasticsearch:9200/test_officers_c97d3965-996f-4fbb-b4a7-1038423423bd [status:N/A request:0.004s]
Traceback (most recent call last):
  File "/root/.cache/pypoetry/virtualenvs/cpdbv2-backend-VA82Wl8V-py3.7/lib/python3.7/site-packages/urllib3/connection.py", line 160, in _new_conn
    (self._dns_host, self.port), self.timeout, **extra_kw
  File "/root/.cache/pypoetry/virtualenvs/cpdbv2-backend-VA82Wl8V-py3.7/lib/python3.7/site-packages/urllib3/util/connection.py", line 61, in create_connection
    for res in socket.getaddrinfo(host, port, family, socket.SOCK_STREAM):
  File "/usr/local/lib/python3.7/socket.py", line 752, in getaddrinfo
    for res in _socket.getaddrinfo(host, port, family, type, proto, flags):
socket.gaierror: [Errno -2] Name or service not known

During handling of the above exception, another exception occurred:

Traceback (most recent call last):
  File "/root/.cache/pypoetry/virtualenvs/cpdbv2-backend-VA82Wl8V-py3.7/lib/python3.7/site-packages/elasticsearch/connection/http_urllib3.py", line 115, in perform_request
    response = self.pool.urlopen(method, url, body, retries=False, headers=self.headers, **kw)
  File "/root/.cache/pypoetry/virtualenvs/cpdbv2-backend-VA82Wl8V-py3.7/lib/python3.7/site-packages/urllib3/connectionpool.py", line 727, in urlopen
    method, url, error=e, _pool=self, _stacktrace=sys.exc_info()[2]
  File "/root/.cache/pypoetry/virtualenvs/cpdbv2-backend-VA82Wl8V-py3.7/lib/python3.7/site-packages/urllib3/util/retry.py", line 386, in increment
    raise six.reraise(type(error), error, _stacktrace)
  File "/root/.cache/pypoetry/virtualenvs/cpdbv2-backend-VA82Wl8V-py3.7/lib/python3.7/site-packages/urllib3/packages/six.py", line 735, in reraise
    raise value
  File "/root/.cache/pypoetry/virtualenvs/cpdbv2-backend-VA82Wl8V-py3.7/lib/python3.7/site-packages/urllib3/connectionpool.py", line 677, in urlopen
    chunked=chunked,
  File "/root/.cache/pypoetry/virtualenvs/cpdbv2-backend-VA82Wl8V-py3.7/lib/python3.7/site-packages/urllib3/connectionpool.py", line 392, in _make_request
    conn.request(method, url, **httplib_request_kw)
  File "/usr/local/lib/python3.7/http/client.py", line 1281, in request
    self._send_request(method, url, body, headers, encode_chunked)
  File "/usr/local/lib/python3.7/http/client.py", line 1327, in _send_request
    self.endheaders(body, encode_chunked=encode_chunked)
  File "/usr/local/lib/python3.7/http/client.py", line 1276, in endheaders
    self._send_output(message_body, encode_chunked=encode_chunked)
  File "/usr/local/lib/python3.7/http/client.py", line 1036, in _send_output
    self.send(msg)
  File "/usr/local/lib/python3.7/http/client.py", line 976, in send
    self.connect()
  File "/root/.cache/pypoetry/virtualenvs/cpdbv2-backend-VA82Wl8V-py3.7/lib/python3.7/site-packages/urllib3/connection.py", line 187, in connect
    conn = self._new_conn()
  File "/root/.cache/pypoetry/virtualenvs/cpdbv2-backend-VA82Wl8V-py3.7/lib/python3.7/site-packages/urllib3/connection.py", line 172, in _new_conn
    self, "Failed to establish a new connection: %s" % e
urllib3.exceptions.NewConnectionError: <urllib3.connection.HTTPConnection object at 0x7ff068eaca10>: Failed to establish a new connection: [Errno -2] Name or service not known
elasticsearch: DEBUG: > None
urllib3.util.retry: DEBUG: Converted retries value: False -> Retry(total=False, connect=None, read=None, redirect=0, status=None)
urllib3.connectionpool: DEBUG: Starting new HTTP connection (224): elasticsearch:9200
elasticsearch: WARNING: DELETE http://elasticsearch:9200/test_officers_c97d3965-996f-4fbb-b4a7-1038423423bd [status:N/A request:0.008s]
Traceback (most recent call last):
  File "/root/.cache/pypoetry/virtualenvs/cpdbv2-backend-VA82Wl8V-py3.7/lib/python3.7/site-packages/urllib3/connection.py", line 160, in _new_conn
    (self._dns_host, self.port), self.timeout, **extra_kw
  File "/root/.cache/pypoetry/virtualenvs/cpdbv2-backend-VA82Wl8V-py3.7/lib/python3.7/site-packages/urllib3/util/connection.py", line 61, in create_connection
    for res in socket.getaddrinfo(host, port, family, socket.SOCK_STREAM):
  File "/usr/local/lib/python3.7/socket.py", line 752, in getaddrinfo
    for res in _socket.getaddrinfo(host, port, family, type, proto, flags):
socket.gaierror: [Errno -2] Name or service not known

During handling of the above exception, another exception occurred:

Traceback (most recent call last):
  File "/root/.cache/pypoetry/virtualenvs/cpdbv2-backend-VA82Wl8V-py3.7/lib/python3.7/site-packages/elasticsearch/connection/http_urllib3.py", line 115, in perform_request
    response = self.pool.urlopen(method, url, body, retries=False, headers=self.headers, **kw)
  File "/root/.cache/pypoetry/virtualenvs/cpdbv2-backend-VA82Wl8V-py3.7/lib/python3.7/site-packages/urllib3/connectionpool.py", line 727, in urlopen
    method, url, error=e, _pool=self, _stacktrace=sys.exc_info()[2]
  File "/root/.cache/pypoetry/virtualenvs/cpdbv2-backend-VA82Wl8V-py3.7/lib/python3.7/site-packages/urllib3/util/retry.py", line 386, in increment
    raise six.reraise(type(error), error, _stacktrace)
  File "/root/.cache/pypoetry/virtualenvs/cpdbv2-backend-VA82Wl8V-py3.7/lib/python3.7/site-packages/urllib3/packages/six.py", line 735, in reraise
    raise value
  File "/root/.cache/pypoetry/virtualenvs/cpdbv2-backend-VA82Wl8V-py3.7/lib/python3.7/site-packages/urllib3/connectionpool.py", line 677, in urlopen
    chunked=chunked,
  File "/root/.cache/pypoetry/virtualenvs/cpdbv2-backend-VA82Wl8V-py3.7/lib/python3.7/site-packages/urllib3/connectionpool.py", line 392, in _make_request
    conn.request(method, url, **httplib_request_kw)
  File "/usr/local/lib/python3.7/http/client.py", line 1281, in request
    self._send_request(method, url, body, headers, encode_chunked)
  File "/usr/local/lib/python3.7/http/client.py", line 1327, in _send_request
    self.endheaders(body, encode_chunked=encode_chunked)
  File "/usr/local/lib/python3.7/http/client.py", line 1276, in endheaders
    self._send_output(message_body, encode_chunked=encode_chunked)
  File "/usr/local/lib/python3.7/http/client.py", line 1036, in _send_output
    self.send(msg)
  File "/usr/local/lib/python3.7/http/client.py", line 976, in send
    self.connect()
  File "/root/.cache/pypoetry/virtualenvs/cpdbv2-backend-VA82Wl8V-py3.7/lib/python3.7/site-packages/urllib3/connection.py", line 187, in connect
    conn = self._new_conn()
  File "/root/.cache/pypoetry/virtualenvs/cpdbv2-backend-VA82Wl8V-py3.7/lib/python3.7/site-packages/urllib3/connection.py", line 172, in _new_conn
    self, "Failed to establish a new connection: %s" % e
urllib3.exceptions.NewConnectionError: <urllib3.connection.HTTPConnection object at 0x7ff068eac790>: Failed to establish a new connection: [Errno -2] Name or service not known
elasticsearch: DEBUG: > None
--------------------- >> end captured logging << ---------------------

======================================================================
ERROR: test_new_timeline_item (officers.tests.views.test_mobile_views.OfficersMobileViewSetTestCase)
----------------------------------------------------------------------
Traceback (most recent call last):
  File "/usr/src/app/cpdb/officers/tests/mixins.py", line 10, in setUp
    officers_index_alias.write_index.delete(ignore=404)
  File "/root/.cache/pypoetry/virtualenvs/cpdbv2-backend-VA82Wl8V-py3.7/lib/python3.7/site-packages/elasticsearch_dsl/index.py", line 222, in delete
    self.connection.indices.delete(index=self._name, **kwargs)
  File "/root/.cache/pypoetry/virtualenvs/cpdbv2-backend-VA82Wl8V-py3.7/lib/python3.7/site-packages/elasticsearch/client/utils.py", line 73, in _wrapped
    return func(*args, params=params, **kwargs)
  File "/root/.cache/pypoetry/virtualenvs/cpdbv2-backend-VA82Wl8V-py3.7/lib/python3.7/site-packages/elasticsearch/client/indices.py", line 200, in delete
    params=params)
  File "/root/.cache/pypoetry/virtualenvs/cpdbv2-backend-VA82Wl8V-py3.7/lib/python3.7/site-packages/elasticsearch/transport.py", line 312, in perform_request
    status, headers, data = connection.perform_request(method, url, params, body, ignore=ignore, timeout=timeout)
  File "/root/.cache/pypoetry/virtualenvs/cpdbv2-backend-VA82Wl8V-py3.7/lib/python3.7/site-packages/elasticsearch/connection/http_urllib3.py", line 124, in perform_request
    raise ConnectionError('N/A', str(e), e)
elasticsearch.exceptions.ConnectionError: ConnectionError(<urllib3.connection.HTTPConnection object at 0x7ff068dfa810>: Failed to establish a new connection: [Errno -2] Name or service not known) caused by: NewConnectionError(<urllib3.connection.HTTPConnection object at 0x7ff068dfa810>: Failed to establish a new connection: [Errno -2] Name or service not known)
-------------------- >> begin captured logging << --------------------
urllib3.util.retry: DEBUG: Converted retries value: False -> Retry(total=False, connect=None, read=None, redirect=0, status=None)
urllib3.connectionpool: DEBUG: Starting new HTTP connection (225): elasticsearch:9200
elasticsearch: WARNING: DELETE http://elasticsearch:9200/test_officers_c97d3965-996f-4fbb-b4a7-1038423423bd [status:N/A request:0.004s]
Traceback (most recent call last):
  File "/root/.cache/pypoetry/virtualenvs/cpdbv2-backend-VA82Wl8V-py3.7/lib/python3.7/site-packages/urllib3/connection.py", line 160, in _new_conn
    (self._dns_host, self.port), self.timeout, **extra_kw
  File "/root/.cache/pypoetry/virtualenvs/cpdbv2-backend-VA82Wl8V-py3.7/lib/python3.7/site-packages/urllib3/util/connection.py", line 61, in create_connection
    for res in socket.getaddrinfo(host, port, family, socket.SOCK_STREAM):
  File "/usr/local/lib/python3.7/socket.py", line 752, in getaddrinfo
    for res in _socket.getaddrinfo(host, port, family, type, proto, flags):
socket.gaierror: [Errno -2] Name or service not known

During handling of the above exception, another exception occurred:

Traceback (most recent call last):
  File "/root/.cache/pypoetry/virtualenvs/cpdbv2-backend-VA82Wl8V-py3.7/lib/python3.7/site-packages/elasticsearch/connection/http_urllib3.py", line 115, in perform_request
    response = self.pool.urlopen(method, url, body, retries=False, headers=self.headers, **kw)
  File "/root/.cache/pypoetry/virtualenvs/cpdbv2-backend-VA82Wl8V-py3.7/lib/python3.7/site-packages/urllib3/connectionpool.py", line 727, in urlopen
    method, url, error=e, _pool=self, _stacktrace=sys.exc_info()[2]
  File "/root/.cache/pypoetry/virtualenvs/cpdbv2-backend-VA82Wl8V-py3.7/lib/python3.7/site-packages/urllib3/util/retry.py", line 386, in increment
    raise six.reraise(type(error), error, _stacktrace)
  File "/root/.cache/pypoetry/virtualenvs/cpdbv2-backend-VA82Wl8V-py3.7/lib/python3.7/site-packages/urllib3/packages/six.py", line 735, in reraise
    raise value
  File "/root/.cache/pypoetry/virtualenvs/cpdbv2-backend-VA82Wl8V-py3.7/lib/python3.7/site-packages/urllib3/connectionpool.py", line 677, in urlopen
    chunked=chunked,
  File "/root/.cache/pypoetry/virtualenvs/cpdbv2-backend-VA82Wl8V-py3.7/lib/python3.7/site-packages/urllib3/connectionpool.py", line 392, in _make_request
    conn.request(method, url, **httplib_request_kw)
  File "/usr/local/lib/python3.7/http/client.py", line 1281, in request
    self._send_request(method, url, body, headers, encode_chunked)
  File "/usr/local/lib/python3.7/http/client.py", line 1327, in _send_request
    self.endheaders(body, encode_chunked=encode_chunked)
  File "/usr/local/lib/python3.7/http/client.py", line 1276, in endheaders
    self._send_output(message_body, encode_chunked=encode_chunked)
  File "/usr/local/lib/python3.7/http/client.py", line 1036, in _send_output
    self.send(msg)
  File "/usr/local/lib/python3.7/http/client.py", line 976, in send
    self.connect()
  File "/root/.cache/pypoetry/virtualenvs/cpdbv2-backend-VA82Wl8V-py3.7/lib/python3.7/site-packages/urllib3/connection.py", line 187, in connect
    conn = self._new_conn()
  File "/root/.cache/pypoetry/virtualenvs/cpdbv2-backend-VA82Wl8V-py3.7/lib/python3.7/site-packages/urllib3/connection.py", line 172, in _new_conn
    self, "Failed to establish a new connection: %s" % e
urllib3.exceptions.NewConnectionError: <urllib3.connection.HTTPConnection object at 0x7ff068eac3d0>: Failed to establish a new connection: [Errno -2] Name or service not known
elasticsearch: DEBUG: > None
urllib3.util.retry: DEBUG: Converted retries value: False -> Retry(total=False, connect=None, read=None, redirect=0, status=None)
urllib3.connectionpool: DEBUG: Starting new HTTP connection (226): elasticsearch:9200
elasticsearch: WARNING: DELETE http://elasticsearch:9200/test_officers_c97d3965-996f-4fbb-b4a7-1038423423bd [status:N/A request:0.005s]
Traceback (most recent call last):
  File "/root/.cache/pypoetry/virtualenvs/cpdbv2-backend-VA82Wl8V-py3.7/lib/python3.7/site-packages/urllib3/connection.py", line 160, in _new_conn
    (self._dns_host, self.port), self.timeout, **extra_kw
  File "/root/.cache/pypoetry/virtualenvs/cpdbv2-backend-VA82Wl8V-py3.7/lib/python3.7/site-packages/urllib3/util/connection.py", line 61, in create_connection
    for res in socket.getaddrinfo(host, port, family, socket.SOCK_STREAM):
  File "/usr/local/lib/python3.7/socket.py", line 752, in getaddrinfo
    for res in _socket.getaddrinfo(host, port, family, type, proto, flags):
socket.gaierror: [Errno -2] Name or service not known

During handling of the above exception, another exception occurred:

Traceback (most recent call last):
  File "/root/.cache/pypoetry/virtualenvs/cpdbv2-backend-VA82Wl8V-py3.7/lib/python3.7/site-packages/elasticsearch/connection/http_urllib3.py", line 115, in perform_request
    response = self.pool.urlopen(method, url, body, retries=False, headers=self.headers, **kw)
  File "/root/.cache/pypoetry/virtualenvs/cpdbv2-backend-VA82Wl8V-py3.7/lib/python3.7/site-packages/urllib3/connectionpool.py", line 727, in urlopen
    method, url, error=e, _pool=self, _stacktrace=sys.exc_info()[2]
  File "/root/.cache/pypoetry/virtualenvs/cpdbv2-backend-VA82Wl8V-py3.7/lib/python3.7/site-packages/urllib3/util/retry.py", line 386, in increment
    raise six.reraise(type(error), error, _stacktrace)
  File "/root/.cache/pypoetry/virtualenvs/cpdbv2-backend-VA82Wl8V-py3.7/lib/python3.7/site-packages/urllib3/packages/six.py", line 735, in reraise
    raise value
  File "/root/.cache/pypoetry/virtualenvs/cpdbv2-backend-VA82Wl8V-py3.7/lib/python3.7/site-packages/urllib3/connectionpool.py", line 677, in urlopen
    chunked=chunked,
  File "/root/.cache/pypoetry/virtualenvs/cpdbv2-backend-VA82Wl8V-py3.7/lib/python3.7/site-packages/urllib3/connectionpool.py", line 392, in _make_request
    conn.request(method, url, **httplib_request_kw)
  File "/usr/local/lib/python3.7/http/client.py", line 1281, in request
    self._send_request(method, url, body, headers, encode_chunked)
  File "/usr/local/lib/python3.7/http/client.py", line 1327, in _send_request
    self.endheaders(body, encode_chunked=encode_chunked)
  File "/usr/local/lib/python3.7/http/client.py", line 1276, in endheaders
    self._send_output(message_body, encode_chunked=encode_chunked)
  File "/usr/local/lib/python3.7/http/client.py", line 1036, in _send_output
    self.send(msg)
  File "/usr/local/lib/python3.7/http/client.py", line 976, in send
    self.connect()
  File "/root/.cache/pypoetry/virtualenvs/cpdbv2-backend-VA82Wl8V-py3.7/lib/python3.7/site-packages/urllib3/connection.py", line 187, in connect
    conn = self._new_conn()
  File "/root/.cache/pypoetry/virtualenvs/cpdbv2-backend-VA82Wl8V-py3.7/lib/python3.7/site-packages/urllib3/connection.py", line 172, in _new_conn
    self, "Failed to establish a new connection: %s" % e
urllib3.exceptions.NewConnectionError: <urllib3.connection.HTTPConnection object at 0x7ff068dfa5d0>: Failed to establish a new connection: [Errno -2] Name or service not known
elasticsearch: DEBUG: > None
urllib3.util.retry: DEBUG: Converted retries value: False -> Retry(total=False, connect=None, read=None, redirect=0, status=None)
urllib3.connectionpool: DEBUG: Starting new HTTP connection (227): elasticsearch:9200
elasticsearch: WARNING: DELETE http://elasticsearch:9200/test_officers_c97d3965-996f-4fbb-b4a7-1038423423bd [status:N/A request:0.004s]
Traceback (most recent call last):
  File "/root/.cache/pypoetry/virtualenvs/cpdbv2-backend-VA82Wl8V-py3.7/lib/python3.7/site-packages/urllib3/connection.py", line 160, in _new_conn
    (self._dns_host, self.port), self.timeout, **extra_kw
  File "/root/.cache/pypoetry/virtualenvs/cpdbv2-backend-VA82Wl8V-py3.7/lib/python3.7/site-packages/urllib3/util/connection.py", line 61, in create_connection
    for res in socket.getaddrinfo(host, port, family, socket.SOCK_STREAM):
  File "/usr/local/lib/python3.7/socket.py", line 752, in getaddrinfo
    for res in _socket.getaddrinfo(host, port, family, type, proto, flags):
socket.gaierror: [Errno -2] Name or service not known

During handling of the above exception, another exception occurred:

Traceback (most recent call last):
  File "/root/.cache/pypoetry/virtualenvs/cpdbv2-backend-VA82Wl8V-py3.7/lib/python3.7/site-packages/elasticsearch/connection/http_urllib3.py", line 115, in perform_request
    response = self.pool.urlopen(method, url, body, retries=False, headers=self.headers, **kw)
  File "/root/.cache/pypoetry/virtualenvs/cpdbv2-backend-VA82Wl8V-py3.7/lib/python3.7/site-packages/urllib3/connectionpool.py", line 727, in urlopen
    method, url, error=e, _pool=self, _stacktrace=sys.exc_info()[2]
  File "/root/.cache/pypoetry/virtualenvs/cpdbv2-backend-VA82Wl8V-py3.7/lib/python3.7/site-packages/urllib3/util/retry.py", line 386, in increment
    raise six.reraise(type(error), error, _stacktrace)
  File "/root/.cache/pypoetry/virtualenvs/cpdbv2-backend-VA82Wl8V-py3.7/lib/python3.7/site-packages/urllib3/packages/six.py", line 735, in reraise
    raise value
  File "/root/.cache/pypoetry/virtualenvs/cpdbv2-backend-VA82Wl8V-py3.7/lib/python3.7/site-packages/urllib3/connectionpool.py", line 677, in urlopen
    chunked=chunked,
  File "/root/.cache/pypoetry/virtualenvs/cpdbv2-backend-VA82Wl8V-py3.7/lib/python3.7/site-packages/urllib3/connectionpool.py", line 392, in _make_request
    conn.request(method, url, **httplib_request_kw)
  File "/usr/local/lib/python3.7/http/client.py", line 1281, in request
    self._send_request(method, url, body, headers, encode_chunked)
  File "/usr/local/lib/python3.7/http/client.py", line 1327, in _send_request
    self.endheaders(body, encode_chunked=encode_chunked)
  File "/usr/local/lib/python3.7/http/client.py", line 1276, in endheaders
    self._send_output(message_body, encode_chunked=encode_chunked)
  File "/usr/local/lib/python3.7/http/client.py", line 1036, in _send_output
    self.send(msg)
  File "/usr/local/lib/python3.7/http/client.py", line 976, in send
    self.connect()
  File "/root/.cache/pypoetry/virtualenvs/cpdbv2-backend-VA82Wl8V-py3.7/lib/python3.7/site-packages/urllib3/connection.py", line 187, in connect
    conn = self._new_conn()
  File "/root/.cache/pypoetry/virtualenvs/cpdbv2-backend-VA82Wl8V-py3.7/lib/python3.7/site-packages/urllib3/connection.py", line 172, in _new_conn
    self, "Failed to establish a new connection: %s" % e
urllib3.exceptions.NewConnectionError: <urllib3.connection.HTTPConnection object at 0x7ff068dfabd0>: Failed to establish a new connection: [Errno -2] Name or service not known
elasticsearch: DEBUG: > None
urllib3.util.retry: DEBUG: Converted retries value: False -> Retry(total=False, connect=None, read=None, redirect=0, status=None)
urllib3.connectionpool: DEBUG: Starting new HTTP connection (228): elasticsearch:9200
elasticsearch: WARNING: DELETE http://elasticsearch:9200/test_officers_c97d3965-996f-4fbb-b4a7-1038423423bd [status:N/A request:0.004s]
Traceback (most recent call last):
  File "/root/.cache/pypoetry/virtualenvs/cpdbv2-backend-VA82Wl8V-py3.7/lib/python3.7/site-packages/urllib3/connection.py", line 160, in _new_conn
    (self._dns_host, self.port), self.timeout, **extra_kw
  File "/root/.cache/pypoetry/virtualenvs/cpdbv2-backend-VA82Wl8V-py3.7/lib/python3.7/site-packages/urllib3/util/connection.py", line 61, in create_connection
    for res in socket.getaddrinfo(host, port, family, socket.SOCK_STREAM):
  File "/usr/local/lib/python3.7/socket.py", line 752, in getaddrinfo
    for res in _socket.getaddrinfo(host, port, family, type, proto, flags):
socket.gaierror: [Errno -2] Name or service not known

During handling of the above exception, another exception occurred:

Traceback (most recent call last):
  File "/root/.cache/pypoetry/virtualenvs/cpdbv2-backend-VA82Wl8V-py3.7/lib/python3.7/site-packages/elasticsearch/connection/http_urllib3.py", line 115, in perform_request
    response = self.pool.urlopen(method, url, body, retries=False, headers=self.headers, **kw)
  File "/root/.cache/pypoetry/virtualenvs/cpdbv2-backend-VA82Wl8V-py3.7/lib/python3.7/site-packages/urllib3/connectionpool.py", line 727, in urlopen
    method, url, error=e, _pool=self, _stacktrace=sys.exc_info()[2]
  File "/root/.cache/pypoetry/virtualenvs/cpdbv2-backend-VA82Wl8V-py3.7/lib/python3.7/site-packages/urllib3/util/retry.py", line 386, in increment
    raise six.reraise(type(error), error, _stacktrace)
  File "/root/.cache/pypoetry/virtualenvs/cpdbv2-backend-VA82Wl8V-py3.7/lib/python3.7/site-packages/urllib3/packages/six.py", line 735, in reraise
    raise value
  File "/root/.cache/pypoetry/virtualenvs/cpdbv2-backend-VA82Wl8V-py3.7/lib/python3.7/site-packages/urllib3/connectionpool.py", line 677, in urlopen
    chunked=chunked,
  File "/root/.cache/pypoetry/virtualenvs/cpdbv2-backend-VA82Wl8V-py3.7/lib/python3.7/site-packages/urllib3/connectionpool.py", line 392, in _make_request
    conn.request(method, url, **httplib_request_kw)
  File "/usr/local/lib/python3.7/http/client.py", line 1281, in request
    self._send_request(method, url, body, headers, encode_chunked)
  File "/usr/local/lib/python3.7/http/client.py", line 1327, in _send_request
    self.endheaders(body, encode_chunked=encode_chunked)
  File "/usr/local/lib/python3.7/http/client.py", line 1276, in endheaders
    self._send_output(message_body, encode_chunked=encode_chunked)
  File "/usr/local/lib/python3.7/http/client.py", line 1036, in _send_output
    self.send(msg)
  File "/usr/local/lib/python3.7/http/client.py", line 976, in send
    self.connect()
  File "/root/.cache/pypoetry/virtualenvs/cpdbv2-backend-VA82Wl8V-py3.7/lib/python3.7/site-packages/urllib3/connection.py", line 187, in connect
    conn = self._new_conn()
  File "/root/.cache/pypoetry/virtualenvs/cpdbv2-backend-VA82Wl8V-py3.7/lib/python3.7/site-packages/urllib3/connection.py", line 172, in _new_conn
    self, "Failed to establish a new connection: %s" % e
urllib3.exceptions.NewConnectionError: <urllib3.connection.HTTPConnection object at 0x7ff068dfa810>: Failed to establish a new connection: [Errno -2] Name or service not known
elasticsearch: DEBUG: > None
--------------------- >> end captured logging << ---------------------

======================================================================
ERROR: test_new_timeline_item_with_officer_alias (officers.tests.views.test_mobile_views.OfficersMobileViewSetTestCase)
----------------------------------------------------------------------
Traceback (most recent call last):
  File "/usr/src/app/cpdb/officers/tests/mixins.py", line 10, in setUp
    officers_index_alias.write_index.delete(ignore=404)
  File "/root/.cache/pypoetry/virtualenvs/cpdbv2-backend-VA82Wl8V-py3.7/lib/python3.7/site-packages/elasticsearch_dsl/index.py", line 222, in delete
    self.connection.indices.delete(index=self._name, **kwargs)
  File "/root/.cache/pypoetry/virtualenvs/cpdbv2-backend-VA82Wl8V-py3.7/lib/python3.7/site-packages/elasticsearch/client/utils.py", line 73, in _wrapped
    return func(*args, params=params, **kwargs)
  File "/root/.cache/pypoetry/virtualenvs/cpdbv2-backend-VA82Wl8V-py3.7/lib/python3.7/site-packages/elasticsearch/client/indices.py", line 200, in delete
    params=params)
  File "/root/.cache/pypoetry/virtualenvs/cpdbv2-backend-VA82Wl8V-py3.7/lib/python3.7/site-packages/elasticsearch/transport.py", line 312, in perform_request
    status, headers, data = connection.perform_request(method, url, params, body, ignore=ignore, timeout=timeout)
  File "/root/.cache/pypoetry/virtualenvs/cpdbv2-backend-VA82Wl8V-py3.7/lib/python3.7/site-packages/elasticsearch/connection/http_urllib3.py", line 124, in perform_request
    raise ConnectionError('N/A', str(e), e)
elasticsearch.exceptions.ConnectionError: ConnectionError(<urllib3.connection.HTTPConnection object at 0x7ff068ea0690>: Failed to establish a new connection: [Errno -2] Name or service not known) caused by: NewConnectionError(<urllib3.connection.HTTPConnection object at 0x7ff068ea0690>: Failed to establish a new connection: [Errno -2] Name or service not known)
-------------------- >> begin captured logging << --------------------
urllib3.util.retry: DEBUG: Converted retries value: False -> Retry(total=False, connect=None, read=None, redirect=0, status=None)
urllib3.connectionpool: DEBUG: Starting new HTTP connection (229): elasticsearch:9200
elasticsearch: WARNING: DELETE http://elasticsearch:9200/test_officers_c97d3965-996f-4fbb-b4a7-1038423423bd [status:N/A request:0.005s]
Traceback (most recent call last):
  File "/root/.cache/pypoetry/virtualenvs/cpdbv2-backend-VA82Wl8V-py3.7/lib/python3.7/site-packages/urllib3/connection.py", line 160, in _new_conn
    (self._dns_host, self.port), self.timeout, **extra_kw
  File "/root/.cache/pypoetry/virtualenvs/cpdbv2-backend-VA82Wl8V-py3.7/lib/python3.7/site-packages/urllib3/util/connection.py", line 61, in create_connection
    for res in socket.getaddrinfo(host, port, family, socket.SOCK_STREAM):
  File "/usr/local/lib/python3.7/socket.py", line 752, in getaddrinfo
    for res in _socket.getaddrinfo(host, port, family, type, proto, flags):
socket.gaierror: [Errno -2] Name or service not known

During handling of the above exception, another exception occurred:

Traceback (most recent call last):
  File "/root/.cache/pypoetry/virtualenvs/cpdbv2-backend-VA82Wl8V-py3.7/lib/python3.7/site-packages/elasticsearch/connection/http_urllib3.py", line 115, in perform_request
    response = self.pool.urlopen(method, url, body, retries=False, headers=self.headers, **kw)
  File "/root/.cache/pypoetry/virtualenvs/cpdbv2-backend-VA82Wl8V-py3.7/lib/python3.7/site-packages/urllib3/connectionpool.py", line 727, in urlopen
    method, url, error=e, _pool=self, _stacktrace=sys.exc_info()[2]
  File "/root/.cache/pypoetry/virtualenvs/cpdbv2-backend-VA82Wl8V-py3.7/lib/python3.7/site-packages/urllib3/util/retry.py", line 386, in increment
    raise six.reraise(type(error), error, _stacktrace)
  File "/root/.cache/pypoetry/virtualenvs/cpdbv2-backend-VA82Wl8V-py3.7/lib/python3.7/site-packages/urllib3/packages/six.py", line 735, in reraise
    raise value
  File "/root/.cache/pypoetry/virtualenvs/cpdbv2-backend-VA82Wl8V-py3.7/lib/python3.7/site-packages/urllib3/connectionpool.py", line 677, in urlopen
    chunked=chunked,
  File "/root/.cache/pypoetry/virtualenvs/cpdbv2-backend-VA82Wl8V-py3.7/lib/python3.7/site-packages/urllib3/connectionpool.py", line 392, in _make_request
    conn.request(method, url, **httplib_request_kw)
  File "/usr/local/lib/python3.7/http/client.py", line 1281, in request
    self._send_request(method, url, body, headers, encode_chunked)
  File "/usr/local/lib/python3.7/http/client.py", line 1327, in _send_request
    self.endheaders(body, encode_chunked=encode_chunked)
  File "/usr/local/lib/python3.7/http/client.py", line 1276, in endheaders
    self._send_output(message_body, encode_chunked=encode_chunked)
  File "/usr/local/lib/python3.7/http/client.py", line 1036, in _send_output
    self.send(msg)
  File "/usr/local/lib/python3.7/http/client.py", line 976, in send
    self.connect()
  File "/root/.cache/pypoetry/virtualenvs/cpdbv2-backend-VA82Wl8V-py3.7/lib/python3.7/site-packages/urllib3/connection.py", line 187, in connect
    conn = self._new_conn()
  File "/root/.cache/pypoetry/virtualenvs/cpdbv2-backend-VA82Wl8V-py3.7/lib/python3.7/site-packages/urllib3/connection.py", line 172, in _new_conn
    self, "Failed to establish a new connection: %s" % e
urllib3.exceptions.NewConnectionError: <urllib3.connection.HTTPConnection object at 0x7ff068dfad50>: Failed to establish a new connection: [Errno -2] Name or service not known
elasticsearch: DEBUG: > None
urllib3.util.retry: DEBUG: Converted retries value: False -> Retry(total=False, connect=None, read=None, redirect=0, status=None)
urllib3.connectionpool: DEBUG: Starting new HTTP connection (230): elasticsearch:9200
elasticsearch: WARNING: DELETE http://elasticsearch:9200/test_officers_c97d3965-996f-4fbb-b4a7-1038423423bd [status:N/A request:0.004s]
Traceback (most recent call last):
  File "/root/.cache/pypoetry/virtualenvs/cpdbv2-backend-VA82Wl8V-py3.7/lib/python3.7/site-packages/urllib3/connection.py", line 160, in _new_conn
    (self._dns_host, self.port), self.timeout, **extra_kw
  File "/root/.cache/pypoetry/virtualenvs/cpdbv2-backend-VA82Wl8V-py3.7/lib/python3.7/site-packages/urllib3/util/connection.py", line 61, in create_connection
    for res in socket.getaddrinfo(host, port, family, socket.SOCK_STREAM):
  File "/usr/local/lib/python3.7/socket.py", line 752, in getaddrinfo
    for res in _socket.getaddrinfo(host, port, family, type, proto, flags):
socket.gaierror: [Errno -2] Name or service not known

During handling of the above exception, another exception occurred:

Traceback (most recent call last):
  File "/root/.cache/pypoetry/virtualenvs/cpdbv2-backend-VA82Wl8V-py3.7/lib/python3.7/site-packages/elasticsearch/connection/http_urllib3.py", line 115, in perform_request
    response = self.pool.urlopen(method, url, body, retries=False, headers=self.headers, **kw)
  File "/root/.cache/pypoetry/virtualenvs/cpdbv2-backend-VA82Wl8V-py3.7/lib/python3.7/site-packages/urllib3/connectionpool.py", line 727, in urlopen
    method, url, error=e, _pool=self, _stacktrace=sys.exc_info()[2]
  File "/root/.cache/pypoetry/virtualenvs/cpdbv2-backend-VA82Wl8V-py3.7/lib/python3.7/site-packages/urllib3/util/retry.py", line 386, in increment
    raise six.reraise(type(error), error, _stacktrace)
  File "/root/.cache/pypoetry/virtualenvs/cpdbv2-backend-VA82Wl8V-py3.7/lib/python3.7/site-packages/urllib3/packages/six.py", line 735, in reraise
    raise value
  File "/root/.cache/pypoetry/virtualenvs/cpdbv2-backend-VA82Wl8V-py3.7/lib/python3.7/site-packages/urllib3/connectionpool.py", line 677, in urlopen
    chunked=chunked,
  File "/root/.cache/pypoetry/virtualenvs/cpdbv2-backend-VA82Wl8V-py3.7/lib/python3.7/site-packages/urllib3/connectionpool.py", line 392, in _make_request
    conn.request(method, url, **httplib_request_kw)
  File "/usr/local/lib/python3.7/http/client.py", line 1281, in request
    self._send_request(method, url, body, headers, encode_chunked)
  File "/usr/local/lib/python3.7/http/client.py", line 1327, in _send_request
    self.endheaders(body, encode_chunked=encode_chunked)
  File "/usr/local/lib/python3.7/http/client.py", line 1276, in endheaders
    self._send_output(message_body, encode_chunked=encode_chunked)
  File "/usr/local/lib/python3.7/http/client.py", line 1036, in _send_output
    self.send(msg)
  File "/usr/local/lib/python3.7/http/client.py", line 976, in send
    self.connect()
  File "/root/.cache/pypoetry/virtualenvs/cpdbv2-backend-VA82Wl8V-py3.7/lib/python3.7/site-packages/urllib3/connection.py", line 187, in connect
    conn = self._new_conn()
  File "/root/.cache/pypoetry/virtualenvs/cpdbv2-backend-VA82Wl8V-py3.7/lib/python3.7/site-packages/urllib3/connection.py", line 172, in _new_conn
    self, "Failed to establish a new connection: %s" % e
urllib3.exceptions.NewConnectionError: <urllib3.connection.HTTPConnection object at 0x7ff068ea06d0>: Failed to establish a new connection: [Errno -2] Name or service not known
elasticsearch: DEBUG: > None
urllib3.util.retry: DEBUG: Converted retries value: False -> Retry(total=False, connect=None, read=None, redirect=0, status=None)
urllib3.connectionpool: DEBUG: Starting new HTTP connection (231): elasticsearch:9200
elasticsearch: WARNING: DELETE http://elasticsearch:9200/test_officers_c97d3965-996f-4fbb-b4a7-1038423423bd [status:N/A request:0.004s]
Traceback (most recent call last):
  File "/root/.cache/pypoetry/virtualenvs/cpdbv2-backend-VA82Wl8V-py3.7/lib/python3.7/site-packages/urllib3/connection.py", line 160, in _new_conn
    (self._dns_host, self.port), self.timeout, **extra_kw
  File "/root/.cache/pypoetry/virtualenvs/cpdbv2-backend-VA82Wl8V-py3.7/lib/python3.7/site-packages/urllib3/util/connection.py", line 61, in create_connection
    for res in socket.getaddrinfo(host, port, family, socket.SOCK_STREAM):
  File "/usr/local/lib/python3.7/socket.py", line 752, in getaddrinfo
    for res in _socket.getaddrinfo(host, port, family, type, proto, flags):
socket.gaierror: [Errno -2] Name or service not known

During handling of the above exception, another exception occurred:

Traceback (most recent call last):
  File "/root/.cache/pypoetry/virtualenvs/cpdbv2-backend-VA82Wl8V-py3.7/lib/python3.7/site-packages/elasticsearch/connection/http_urllib3.py", line 115, in perform_request
    response = self.pool.urlopen(method, url, body, retries=False, headers=self.headers, **kw)
  File "/root/.cache/pypoetry/virtualenvs/cpdbv2-backend-VA82Wl8V-py3.7/lib/python3.7/site-packages/urllib3/connectionpool.py", line 727, in urlopen
    method, url, error=e, _pool=self, _stacktrace=sys.exc_info()[2]
  File "/root/.cache/pypoetry/virtualenvs/cpdbv2-backend-VA82Wl8V-py3.7/lib/python3.7/site-packages/urllib3/util/retry.py", line 386, in increment
    raise six.reraise(type(error), error, _stacktrace)
  File "/root/.cache/pypoetry/virtualenvs/cpdbv2-backend-VA82Wl8V-py3.7/lib/python3.7/site-packages/urllib3/packages/six.py", line 735, in reraise
    raise value
  File "/root/.cache/pypoetry/virtualenvs/cpdbv2-backend-VA82Wl8V-py3.7/lib/python3.7/site-packages/urllib3/connectionpool.py", line 677, in urlopen
    chunked=chunked,
  File "/root/.cache/pypoetry/virtualenvs/cpdbv2-backend-VA82Wl8V-py3.7/lib/python3.7/site-packages/urllib3/connectionpool.py", line 392, in _make_request
    conn.request(method, url, **httplib_request_kw)
  File "/usr/local/lib/python3.7/http/client.py", line 1281, in request
    self._send_request(method, url, body, headers, encode_chunked)
  File "/usr/local/lib/python3.7/http/client.py", line 1327, in _send_request
    self.endheaders(body, encode_chunked=encode_chunked)
  File "/usr/local/lib/python3.7/http/client.py", line 1276, in endheaders
    self._send_output(message_body, encode_chunked=encode_chunked)
  File "/usr/local/lib/python3.7/http/client.py", line 1036, in _send_output
    self.send(msg)
  File "/usr/local/lib/python3.7/http/client.py", line 976, in send
    self.connect()
  File "/root/.cache/pypoetry/virtualenvs/cpdbv2-backend-VA82Wl8V-py3.7/lib/python3.7/site-packages/urllib3/connection.py", line 187, in connect
    conn = self._new_conn()
  File "/root/.cache/pypoetry/virtualenvs/cpdbv2-backend-VA82Wl8V-py3.7/lib/python3.7/site-packages/urllib3/connection.py", line 172, in _new_conn
    self, "Failed to establish a new connection: %s" % e
urllib3.exceptions.NewConnectionError: <urllib3.connection.HTTPConnection object at 0x7ff068ea0490>: Failed to establish a new connection: [Errno -2] Name or service not known
elasticsearch: DEBUG: > None
urllib3.util.retry: DEBUG: Converted retries value: False -> Retry(total=False, connect=None, read=None, redirect=0, status=None)
urllib3.connectionpool: DEBUG: Starting new HTTP connection (232): elasticsearch:9200
elasticsearch: WARNING: DELETE http://elasticsearch:9200/test_officers_c97d3965-996f-4fbb-b4a7-1038423423bd [status:N/A request:0.004s]
Traceback (most recent call last):
  File "/root/.cache/pypoetry/virtualenvs/cpdbv2-backend-VA82Wl8V-py3.7/lib/python3.7/site-packages/urllib3/connection.py", line 160, in _new_conn
    (self._dns_host, self.port), self.timeout, **extra_kw
  File "/root/.cache/pypoetry/virtualenvs/cpdbv2-backend-VA82Wl8V-py3.7/lib/python3.7/site-packages/urllib3/util/connection.py", line 61, in create_connection
    for res in socket.getaddrinfo(host, port, family, socket.SOCK_STREAM):
  File "/usr/local/lib/python3.7/socket.py", line 752, in getaddrinfo
    for res in _socket.getaddrinfo(host, port, family, type, proto, flags):
socket.gaierror: [Errno -2] Name or service not known

During handling of the above exception, another exception occurred:

Traceback (most recent call last):
  File "/root/.cache/pypoetry/virtualenvs/cpdbv2-backend-VA82Wl8V-py3.7/lib/python3.7/site-packages/elasticsearch/connection/http_urllib3.py", line 115, in perform_request
    response = self.pool.urlopen(method, url, body, retries=False, headers=self.headers, **kw)
  File "/root/.cache/pypoetry/virtualenvs/cpdbv2-backend-VA82Wl8V-py3.7/lib/python3.7/site-packages/urllib3/connectionpool.py", line 727, in urlopen
    method, url, error=e, _pool=self, _stacktrace=sys.exc_info()[2]
  File "/root/.cache/pypoetry/virtualenvs/cpdbv2-backend-VA82Wl8V-py3.7/lib/python3.7/site-packages/urllib3/util/retry.py", line 386, in increment
    raise six.reraise(type(error), error, _stacktrace)
  File "/root/.cache/pypoetry/virtualenvs/cpdbv2-backend-VA82Wl8V-py3.7/lib/python3.7/site-packages/urllib3/packages/six.py", line 735, in reraise
    raise value
  File "/root/.cache/pypoetry/virtualenvs/cpdbv2-backend-VA82Wl8V-py3.7/lib/python3.7/site-packages/urllib3/connectionpool.py", line 677, in urlopen
    chunked=chunked,
  File "/root/.cache/pypoetry/virtualenvs/cpdbv2-backend-VA82Wl8V-py3.7/lib/python3.7/site-packages/urllib3/connectionpool.py", line 392, in _make_request
    conn.request(method, url, **httplib_request_kw)
  File "/usr/local/lib/python3.7/http/client.py", line 1281, in request
    self._send_request(method, url, body, headers, encode_chunked)
  File "/usr/local/lib/python3.7/http/client.py", line 1327, in _send_request
    self.endheaders(body, encode_chunked=encode_chunked)
  File "/usr/local/lib/python3.7/http/client.py", line 1276, in endheaders
    self._send_output(message_body, encode_chunked=encode_chunked)
  File "/usr/local/lib/python3.7/http/client.py", line 1036, in _send_output
    self.send(msg)
  File "/usr/local/lib/python3.7/http/client.py", line 976, in send
    self.connect()
  File "/root/.cache/pypoetry/virtualenvs/cpdbv2-backend-VA82Wl8V-py3.7/lib/python3.7/site-packages/urllib3/connection.py", line 187, in connect
    conn = self._new_conn()
  File "/root/.cache/pypoetry/virtualenvs/cpdbv2-backend-VA82Wl8V-py3.7/lib/python3.7/site-packages/urllib3/connection.py", line 172, in _new_conn
    self, "Failed to establish a new connection: %s" % e
urllib3.exceptions.NewConnectionError: <urllib3.connection.HTTPConnection object at 0x7ff068ea0690>: Failed to establish a new connection: [Errno -2] Name or service not known
elasticsearch: DEBUG: > None
--------------------- >> end captured logging << ---------------------

======================================================================
ERROR: test_new_timeline_items_no_match (officers.tests.views.test_mobile_views.OfficersMobileViewSetTestCase)
----------------------------------------------------------------------
Traceback (most recent call last):
  File "/usr/src/app/cpdb/officers/tests/mixins.py", line 10, in setUp
    officers_index_alias.write_index.delete(ignore=404)
  File "/root/.cache/pypoetry/virtualenvs/cpdbv2-backend-VA82Wl8V-py3.7/lib/python3.7/site-packages/elasticsearch_dsl/index.py", line 222, in delete
    self.connection.indices.delete(index=self._name, **kwargs)
  File "/root/.cache/pypoetry/virtualenvs/cpdbv2-backend-VA82Wl8V-py3.7/lib/python3.7/site-packages/elasticsearch/client/utils.py", line 73, in _wrapped
    return func(*args, params=params, **kwargs)
  File "/root/.cache/pypoetry/virtualenvs/cpdbv2-backend-VA82Wl8V-py3.7/lib/python3.7/site-packages/elasticsearch/client/indices.py", line 200, in delete
    params=params)
  File "/root/.cache/pypoetry/virtualenvs/cpdbv2-backend-VA82Wl8V-py3.7/lib/python3.7/site-packages/elasticsearch/transport.py", line 312, in perform_request
    status, headers, data = connection.perform_request(method, url, params, body, ignore=ignore, timeout=timeout)
  File "/root/.cache/pypoetry/virtualenvs/cpdbv2-backend-VA82Wl8V-py3.7/lib/python3.7/site-packages/elasticsearch/connection/http_urllib3.py", line 124, in perform_request
    raise ConnectionError('N/A', str(e), e)
elasticsearch.exceptions.ConnectionError: ConnectionError(<urllib3.connection.HTTPConnection object at 0x7ff068ea0d10>: Failed to establish a new connection: [Errno -2] Name or service not known) caused by: NewConnectionError(<urllib3.connection.HTTPConnection object at 0x7ff068ea0d10>: Failed to establish a new connection: [Errno -2] Name or service not known)
-------------------- >> begin captured logging << --------------------
urllib3.util.retry: DEBUG: Converted retries value: False -> Retry(total=False, connect=None, read=None, redirect=0, status=None)
urllib3.connectionpool: DEBUG: Starting new HTTP connection (233): elasticsearch:9200
elasticsearch: WARNING: DELETE http://elasticsearch:9200/test_officers_c97d3965-996f-4fbb-b4a7-1038423423bd [status:N/A request:0.005s]
Traceback (most recent call last):
  File "/root/.cache/pypoetry/virtualenvs/cpdbv2-backend-VA82Wl8V-py3.7/lib/python3.7/site-packages/urllib3/connection.py", line 160, in _new_conn
    (self._dns_host, self.port), self.timeout, **extra_kw
  File "/root/.cache/pypoetry/virtualenvs/cpdbv2-backend-VA82Wl8V-py3.7/lib/python3.7/site-packages/urllib3/util/connection.py", line 61, in create_connection
    for res in socket.getaddrinfo(host, port, family, socket.SOCK_STREAM):
  File "/usr/local/lib/python3.7/socket.py", line 752, in getaddrinfo
    for res in _socket.getaddrinfo(host, port, family, type, proto, flags):
socket.gaierror: [Errno -2] Name or service not known

During handling of the above exception, another exception occurred:

Traceback (most recent call last):
  File "/root/.cache/pypoetry/virtualenvs/cpdbv2-backend-VA82Wl8V-py3.7/lib/python3.7/site-packages/elasticsearch/connection/http_urllib3.py", line 115, in perform_request
    response = self.pool.urlopen(method, url, body, retries=False, headers=self.headers, **kw)
  File "/root/.cache/pypoetry/virtualenvs/cpdbv2-backend-VA82Wl8V-py3.7/lib/python3.7/site-packages/urllib3/connectionpool.py", line 727, in urlopen
    method, url, error=e, _pool=self, _stacktrace=sys.exc_info()[2]
  File "/root/.cache/pypoetry/virtualenvs/cpdbv2-backend-VA82Wl8V-py3.7/lib/python3.7/site-packages/urllib3/util/retry.py", line 386, in increment
    raise six.reraise(type(error), error, _stacktrace)
  File "/root/.cache/pypoetry/virtualenvs/cpdbv2-backend-VA82Wl8V-py3.7/lib/python3.7/site-packages/urllib3/packages/six.py", line 735, in reraise
    raise value
  File "/root/.cache/pypoetry/virtualenvs/cpdbv2-backend-VA82Wl8V-py3.7/lib/python3.7/site-packages/urllib3/connectionpool.py", line 677, in urlopen
    chunked=chunked,
  File "/root/.cache/pypoetry/virtualenvs/cpdbv2-backend-VA82Wl8V-py3.7/lib/python3.7/site-packages/urllib3/connectionpool.py", line 392, in _make_request
    conn.request(method, url, **httplib_request_kw)
  File "/usr/local/lib/python3.7/http/client.py", line 1281, in request
    self._send_request(method, url, body, headers, encode_chunked)
  File "/usr/local/lib/python3.7/http/client.py", line 1327, in _send_request
    self.endheaders(body, encode_chunked=encode_chunked)
  File "/usr/local/lib/python3.7/http/client.py", line 1276, in endheaders
    self._send_output(message_body, encode_chunked=encode_chunked)
  File "/usr/local/lib/python3.7/http/client.py", line 1036, in _send_output
    self.send(msg)
  File "/usr/local/lib/python3.7/http/client.py", line 976, in send
    self.connect()
  File "/root/.cache/pypoetry/virtualenvs/cpdbv2-backend-VA82Wl8V-py3.7/lib/python3.7/site-packages/urllib3/connection.py", line 187, in connect
    conn = self._new_conn()
  File "/root/.cache/pypoetry/virtualenvs/cpdbv2-backend-VA82Wl8V-py3.7/lib/python3.7/site-packages/urllib3/connection.py", line 172, in _new_conn
    self, "Failed to establish a new connection: %s" % e
urllib3.exceptions.NewConnectionError: <urllib3.connection.HTTPConnection object at 0x7ff068ea0790>: Failed to establish a new connection: [Errno -2] Name or service not known
elasticsearch: DEBUG: > None
urllib3.util.retry: DEBUG: Converted retries value: False -> Retry(total=False, connect=None, read=None, redirect=0, status=None)
urllib3.connectionpool: DEBUG: Starting new HTTP connection (234): elasticsearch:9200
elasticsearch: WARNING: DELETE http://elasticsearch:9200/test_officers_c97d3965-996f-4fbb-b4a7-1038423423bd [status:N/A request:0.004s]
Traceback (most recent call last):
  File "/root/.cache/pypoetry/virtualenvs/cpdbv2-backend-VA82Wl8V-py3.7/lib/python3.7/site-packages/urllib3/connection.py", line 160, in _new_conn
    (self._dns_host, self.port), self.timeout, **extra_kw
  File "/root/.cache/pypoetry/virtualenvs/cpdbv2-backend-VA82Wl8V-py3.7/lib/python3.7/site-packages/urllib3/util/connection.py", line 61, in create_connection
    for res in socket.getaddrinfo(host, port, family, socket.SOCK_STREAM):
  File "/usr/local/lib/python3.7/socket.py", line 752, in getaddrinfo
    for res in _socket.getaddrinfo(host, port, family, type, proto, flags):
socket.gaierror: [Errno -2] Name or service not known

During handling of the above exception, another exception occurred:

Traceback (most recent call last):
  File "/root/.cache/pypoetry/virtualenvs/cpdbv2-backend-VA82Wl8V-py3.7/lib/python3.7/site-packages/elasticsearch/connection/http_urllib3.py", line 115, in perform_request
    response = self.pool.urlopen(method, url, body, retries=False, headers=self.headers, **kw)
  File "/root/.cache/pypoetry/virtualenvs/cpdbv2-backend-VA82Wl8V-py3.7/lib/python3.7/site-packages/urllib3/connectionpool.py", line 727, in urlopen
    method, url, error=e, _pool=self, _stacktrace=sys.exc_info()[2]
  File "/root/.cache/pypoetry/virtualenvs/cpdbv2-backend-VA82Wl8V-py3.7/lib/python3.7/site-packages/urllib3/util/retry.py", line 386, in increment
    raise six.reraise(type(error), error, _stacktrace)
  File "/root/.cache/pypoetry/virtualenvs/cpdbv2-backend-VA82Wl8V-py3.7/lib/python3.7/site-packages/urllib3/packages/six.py", line 735, in reraise
    raise value
  File "/root/.cache/pypoetry/virtualenvs/cpdbv2-backend-VA82Wl8V-py3.7/lib/python3.7/site-packages/urllib3/connectionpool.py", line 677, in urlopen
    chunked=chunked,
  File "/root/.cache/pypoetry/virtualenvs/cpdbv2-backend-VA82Wl8V-py3.7/lib/python3.7/site-packages/urllib3/connectionpool.py", line 392, in _make_request
    conn.request(method, url, **httplib_request_kw)
  File "/usr/local/lib/python3.7/http/client.py", line 1281, in request
    self._send_request(method, url, body, headers, encode_chunked)
  File "/usr/local/lib/python3.7/http/client.py", line 1327, in _send_request
    self.endheaders(body, encode_chunked=encode_chunked)
  File "/usr/local/lib/python3.7/http/client.py", line 1276, in endheaders
    self._send_output(message_body, encode_chunked=encode_chunked)
  File "/usr/local/lib/python3.7/http/client.py", line 1036, in _send_output
    self.send(msg)
  File "/usr/local/lib/python3.7/http/client.py", line 976, in send
    self.connect()
  File "/root/.cache/pypoetry/virtualenvs/cpdbv2-backend-VA82Wl8V-py3.7/lib/python3.7/site-packages/urllib3/connection.py", line 187, in connect
    conn = self._new_conn()
  File "/root/.cache/pypoetry/virtualenvs/cpdbv2-backend-VA82Wl8V-py3.7/lib/python3.7/site-packages/urllib3/connection.py", line 172, in _new_conn
    self, "Failed to establish a new connection: %s" % e
urllib3.exceptions.NewConnectionError: <urllib3.connection.HTTPConnection object at 0x7ff068ee1810>: Failed to establish a new connection: [Errno -2] Name or service not known
elasticsearch: DEBUG: > None
urllib3.util.retry: DEBUG: Converted retries value: False -> Retry(total=False, connect=None, read=None, redirect=0, status=None)
urllib3.connectionpool: DEBUG: Starting new HTTP connection (235): elasticsearch:9200
elasticsearch: WARNING: DELETE http://elasticsearch:9200/test_officers_c97d3965-996f-4fbb-b4a7-1038423423bd [status:N/A request:0.005s]
Traceback (most recent call last):
  File "/root/.cache/pypoetry/virtualenvs/cpdbv2-backend-VA82Wl8V-py3.7/lib/python3.7/site-packages/urllib3/connection.py", line 160, in _new_conn
    (self._dns_host, self.port), self.timeout, **extra_kw
  File "/root/.cache/pypoetry/virtualenvs/cpdbv2-backend-VA82Wl8V-py3.7/lib/python3.7/site-packages/urllib3/util/connection.py", line 61, in create_connection
    for res in socket.getaddrinfo(host, port, family, socket.SOCK_STREAM):
  File "/usr/local/lib/python3.7/socket.py", line 752, in getaddrinfo
    for res in _socket.getaddrinfo(host, port, family, type, proto, flags):
socket.gaierror: [Errno -2] Name or service not known

During handling of the above exception, another exception occurred:

Traceback (most recent call last):
  File "/root/.cache/pypoetry/virtualenvs/cpdbv2-backend-VA82Wl8V-py3.7/lib/python3.7/site-packages/elasticsearch/connection/http_urllib3.py", line 115, in perform_request
    response = self.pool.urlopen(method, url, body, retries=False, headers=self.headers, **kw)
  File "/root/.cache/pypoetry/virtualenvs/cpdbv2-backend-VA82Wl8V-py3.7/lib/python3.7/site-packages/urllib3/connectionpool.py", line 727, in urlopen
    method, url, error=e, _pool=self, _stacktrace=sys.exc_info()[2]
  File "/root/.cache/pypoetry/virtualenvs/cpdbv2-backend-VA82Wl8V-py3.7/lib/python3.7/site-packages/urllib3/util/retry.py", line 386, in increment
    raise six.reraise(type(error), error, _stacktrace)
  File "/root/.cache/pypoetry/virtualenvs/cpdbv2-backend-VA82Wl8V-py3.7/lib/python3.7/site-packages/urllib3/packages/six.py", line 735, in reraise
    raise value
  File "/root/.cache/pypoetry/virtualenvs/cpdbv2-backend-VA82Wl8V-py3.7/lib/python3.7/site-packages/urllib3/connectionpool.py", line 677, in urlopen
    chunked=chunked,
  File "/root/.cache/pypoetry/virtualenvs/cpdbv2-backend-VA82Wl8V-py3.7/lib/python3.7/site-packages/urllib3/connectionpool.py", line 392, in _make_request
    conn.request(method, url, **httplib_request_kw)
  File "/usr/local/lib/python3.7/http/client.py", line 1281, in request
    self._send_request(method, url, body, headers, encode_chunked)
  File "/usr/local/lib/python3.7/http/client.py", line 1327, in _send_request
    self.endheaders(body, encode_chunked=encode_chunked)
  File "/usr/local/lib/python3.7/http/client.py", line 1276, in endheaders
    self._send_output(message_body, encode_chunked=encode_chunked)
  File "/usr/local/lib/python3.7/http/client.py", line 1036, in _send_output
    self.send(msg)
  File "/usr/local/lib/python3.7/http/client.py", line 976, in send
    self.connect()
  File "/root/.cache/pypoetry/virtualenvs/cpdbv2-backend-VA82Wl8V-py3.7/lib/python3.7/site-packages/urllib3/connection.py", line 187, in connect
    conn = self._new_conn()
  File "/root/.cache/pypoetry/virtualenvs/cpdbv2-backend-VA82Wl8V-py3.7/lib/python3.7/site-packages/urllib3/connection.py", line 172, in _new_conn
    self, "Failed to establish a new connection: %s" % e
urllib3.exceptions.NewConnectionError: <urllib3.connection.HTTPConnection object at 0x7ff068e89a50>: Failed to establish a new connection: [Errno -2] Name or service not known
elasticsearch: DEBUG: > None
urllib3.util.retry: DEBUG: Converted retries value: False -> Retry(total=False, connect=None, read=None, redirect=0, status=None)
urllib3.connectionpool: DEBUG: Starting new HTTP connection (236): elasticsearch:9200
elasticsearch: WARNING: DELETE http://elasticsearch:9200/test_officers_c97d3965-996f-4fbb-b4a7-1038423423bd [status:N/A request:0.006s]
Traceback (most recent call last):
  File "/root/.cache/pypoetry/virtualenvs/cpdbv2-backend-VA82Wl8V-py3.7/lib/python3.7/site-packages/urllib3/connection.py", line 160, in _new_conn
    (self._dns_host, self.port), self.timeout, **extra_kw
  File "/root/.cache/pypoetry/virtualenvs/cpdbv2-backend-VA82Wl8V-py3.7/lib/python3.7/site-packages/urllib3/util/connection.py", line 61, in create_connection
    for res in socket.getaddrinfo(host, port, family, socket.SOCK_STREAM):
  File "/usr/local/lib/python3.7/socket.py", line 752, in getaddrinfo
    for res in _socket.getaddrinfo(host, port, family, type, proto, flags):
socket.gaierror: [Errno -2] Name or service not known

During handling of the above exception, another exception occurred:

Traceback (most recent call last):
  File "/root/.cache/pypoetry/virtualenvs/cpdbv2-backend-VA82Wl8V-py3.7/lib/python3.7/site-packages/elasticsearch/connection/http_urllib3.py", line 115, in perform_request
    response = self.pool.urlopen(method, url, body, retries=False, headers=self.headers, **kw)
  File "/root/.cache/pypoetry/virtualenvs/cpdbv2-backend-VA82Wl8V-py3.7/lib/python3.7/site-packages/urllib3/connectionpool.py", line 727, in urlopen
    method, url, error=e, _pool=self, _stacktrace=sys.exc_info()[2]
  File "/root/.cache/pypoetry/virtualenvs/cpdbv2-backend-VA82Wl8V-py3.7/lib/python3.7/site-packages/urllib3/util/retry.py", line 386, in increment
    raise six.reraise(type(error), error, _stacktrace)
  File "/root/.cache/pypoetry/virtualenvs/cpdbv2-backend-VA82Wl8V-py3.7/lib/python3.7/site-packages/urllib3/packages/six.py", line 735, in reraise
    raise value
  File "/root/.cache/pypoetry/virtualenvs/cpdbv2-backend-VA82Wl8V-py3.7/lib/python3.7/site-packages/urllib3/connectionpool.py", line 677, in urlopen
    chunked=chunked,
  File "/root/.cache/pypoetry/virtualenvs/cpdbv2-backend-VA82Wl8V-py3.7/lib/python3.7/site-packages/urllib3/connectionpool.py", line 392, in _make_request
    conn.request(method, url, **httplib_request_kw)
  File "/usr/local/lib/python3.7/http/client.py", line 1281, in request
    self._send_request(method, url, body, headers, encode_chunked)
  File "/usr/local/lib/python3.7/http/client.py", line 1327, in _send_request
    self.endheaders(body, encode_chunked=encode_chunked)
  File "/usr/local/lib/python3.7/http/client.py", line 1276, in endheaders
    self._send_output(message_body, encode_chunked=encode_chunked)
  File "/usr/local/lib/python3.7/http/client.py", line 1036, in _send_output
    self.send(msg)
  File "/usr/local/lib/python3.7/http/client.py", line 976, in send
    self.connect()
  File "/root/.cache/pypoetry/virtualenvs/cpdbv2-backend-VA82Wl8V-py3.7/lib/python3.7/site-packages/urllib3/connection.py", line 187, in connect
    conn = self._new_conn()
  File "/root/.cache/pypoetry/virtualenvs/cpdbv2-backend-VA82Wl8V-py3.7/lib/python3.7/site-packages/urllib3/connection.py", line 172, in _new_conn
    self, "Failed to establish a new connection: %s" % e
urllib3.exceptions.NewConnectionError: <urllib3.connection.HTTPConnection object at 0x7ff068ea0d10>: Failed to establish a new connection: [Errno -2] Name or service not known
elasticsearch: DEBUG: > None
--------------------- >> end captured logging << ---------------------

======================================================================
ERROR: test_retrieve (officers.tests.views.test_mobile_views.OfficersMobileViewSetTestCase)
----------------------------------------------------------------------
Traceback (most recent call last):
  File "/usr/src/app/cpdb/officers/tests/mixins.py", line 10, in setUp
    officers_index_alias.write_index.delete(ignore=404)
  File "/root/.cache/pypoetry/virtualenvs/cpdbv2-backend-VA82Wl8V-py3.7/lib/python3.7/site-packages/elasticsearch_dsl/index.py", line 222, in delete
    self.connection.indices.delete(index=self._name, **kwargs)
  File "/root/.cache/pypoetry/virtualenvs/cpdbv2-backend-VA82Wl8V-py3.7/lib/python3.7/site-packages/elasticsearch/client/utils.py", line 73, in _wrapped
    return func(*args, params=params, **kwargs)
  File "/root/.cache/pypoetry/virtualenvs/cpdbv2-backend-VA82Wl8V-py3.7/lib/python3.7/site-packages/elasticsearch/client/indices.py", line 200, in delete
    params=params)
  File "/root/.cache/pypoetry/virtualenvs/cpdbv2-backend-VA82Wl8V-py3.7/lib/python3.7/site-packages/elasticsearch/transport.py", line 312, in perform_request
    status, headers, data = connection.perform_request(method, url, params, body, ignore=ignore, timeout=timeout)
  File "/root/.cache/pypoetry/virtualenvs/cpdbv2-backend-VA82Wl8V-py3.7/lib/python3.7/site-packages/elasticsearch/connection/http_urllib3.py", line 124, in perform_request
    raise ConnectionError('N/A', str(e), e)
elasticsearch.exceptions.ConnectionError: ConnectionError(<urllib3.connection.HTTPConnection object at 0x7ff068dfa550>: Failed to establish a new connection: [Errno -2] Name or service not known) caused by: NewConnectionError(<urllib3.connection.HTTPConnection object at 0x7ff068dfa550>: Failed to establish a new connection: [Errno -2] Name or service not known)
-------------------- >> begin captured logging << --------------------
urllib3.util.retry: DEBUG: Converted retries value: False -> Retry(total=False, connect=None, read=None, redirect=0, status=None)
urllib3.connectionpool: DEBUG: Starting new HTTP connection (237): elasticsearch:9200
elasticsearch: WARNING: DELETE http://elasticsearch:9200/test_officers_c97d3965-996f-4fbb-b4a7-1038423423bd [status:N/A request:0.005s]
Traceback (most recent call last):
  File "/root/.cache/pypoetry/virtualenvs/cpdbv2-backend-VA82Wl8V-py3.7/lib/python3.7/site-packages/urllib3/connection.py", line 160, in _new_conn
    (self._dns_host, self.port), self.timeout, **extra_kw
  File "/root/.cache/pypoetry/virtualenvs/cpdbv2-backend-VA82Wl8V-py3.7/lib/python3.7/site-packages/urllib3/util/connection.py", line 61, in create_connection
    for res in socket.getaddrinfo(host, port, family, socket.SOCK_STREAM):
  File "/usr/local/lib/python3.7/socket.py", line 752, in getaddrinfo
    for res in _socket.getaddrinfo(host, port, family, type, proto, flags):
socket.gaierror: [Errno -2] Name or service not known

During handling of the above exception, another exception occurred:

Traceback (most recent call last):
  File "/root/.cache/pypoetry/virtualenvs/cpdbv2-backend-VA82Wl8V-py3.7/lib/python3.7/site-packages/elasticsearch/connection/http_urllib3.py", line 115, in perform_request
    response = self.pool.urlopen(method, url, body, retries=False, headers=self.headers, **kw)
  File "/root/.cache/pypoetry/virtualenvs/cpdbv2-backend-VA82Wl8V-py3.7/lib/python3.7/site-packages/urllib3/connectionpool.py", line 727, in urlopen
    method, url, error=e, _pool=self, _stacktrace=sys.exc_info()[2]
  File "/root/.cache/pypoetry/virtualenvs/cpdbv2-backend-VA82Wl8V-py3.7/lib/python3.7/site-packages/urllib3/util/retry.py", line 386, in increment
    raise six.reraise(type(error), error, _stacktrace)
  File "/root/.cache/pypoetry/virtualenvs/cpdbv2-backend-VA82Wl8V-py3.7/lib/python3.7/site-packages/urllib3/packages/six.py", line 735, in reraise
    raise value
  File "/root/.cache/pypoetry/virtualenvs/cpdbv2-backend-VA82Wl8V-py3.7/lib/python3.7/site-packages/urllib3/connectionpool.py", line 677, in urlopen
    chunked=chunked,
  File "/root/.cache/pypoetry/virtualenvs/cpdbv2-backend-VA82Wl8V-py3.7/lib/python3.7/site-packages/urllib3/connectionpool.py", line 392, in _make_request
    conn.request(method, url, **httplib_request_kw)
  File "/usr/local/lib/python3.7/http/client.py", line 1281, in request
    self._send_request(method, url, body, headers, encode_chunked)
  File "/usr/local/lib/python3.7/http/client.py", line 1327, in _send_request
    self.endheaders(body, encode_chunked=encode_chunked)
  File "/usr/local/lib/python3.7/http/client.py", line 1276, in endheaders
    self._send_output(message_body, encode_chunked=encode_chunked)
  File "/usr/local/lib/python3.7/http/client.py", line 1036, in _send_output
    self.send(msg)
  File "/usr/local/lib/python3.7/http/client.py", line 976, in send
    self.connect()
  File "/root/.cache/pypoetry/virtualenvs/cpdbv2-backend-VA82Wl8V-py3.7/lib/python3.7/site-packages/urllib3/connection.py", line 187, in connect
    conn = self._new_conn()
  File "/root/.cache/pypoetry/virtualenvs/cpdbv2-backend-VA82Wl8V-py3.7/lib/python3.7/site-packages/urllib3/connection.py", line 172, in _new_conn
    self, "Failed to establish a new connection: %s" % e
urllib3.exceptions.NewConnectionError: <urllib3.connection.HTTPConnection object at 0x7ff068ea0690>: Failed to establish a new connection: [Errno -2] Name or service not known
elasticsearch: DEBUG: > None
urllib3.util.retry: DEBUG: Converted retries value: False -> Retry(total=False, connect=None, read=None, redirect=0, status=None)
urllib3.connectionpool: DEBUG: Starting new HTTP connection (238): elasticsearch:9200
elasticsearch: WARNING: DELETE http://elasticsearch:9200/test_officers_c97d3965-996f-4fbb-b4a7-1038423423bd [status:N/A request:0.004s]
Traceback (most recent call last):
  File "/root/.cache/pypoetry/virtualenvs/cpdbv2-backend-VA82Wl8V-py3.7/lib/python3.7/site-packages/urllib3/connection.py", line 160, in _new_conn
    (self._dns_host, self.port), self.timeout, **extra_kw
  File "/root/.cache/pypoetry/virtualenvs/cpdbv2-backend-VA82Wl8V-py3.7/lib/python3.7/site-packages/urllib3/util/connection.py", line 61, in create_connection
    for res in socket.getaddrinfo(host, port, family, socket.SOCK_STREAM):
  File "/usr/local/lib/python3.7/socket.py", line 752, in getaddrinfo
    for res in _socket.getaddrinfo(host, port, family, type, proto, flags):
socket.gaierror: [Errno -2] Name or service not known

During handling of the above exception, another exception occurred:

Traceback (most recent call last):
  File "/root/.cache/pypoetry/virtualenvs/cpdbv2-backend-VA82Wl8V-py3.7/lib/python3.7/site-packages/elasticsearch/connection/http_urllib3.py", line 115, in perform_request
    response = self.pool.urlopen(method, url, body, retries=False, headers=self.headers, **kw)
  File "/root/.cache/pypoetry/virtualenvs/cpdbv2-backend-VA82Wl8V-py3.7/lib/python3.7/site-packages/urllib3/connectionpool.py", line 727, in urlopen
    method, url, error=e, _pool=self, _stacktrace=sys.exc_info()[2]
  File "/root/.cache/pypoetry/virtualenvs/cpdbv2-backend-VA82Wl8V-py3.7/lib/python3.7/site-packages/urllib3/util/retry.py", line 386, in increment
    raise six.reraise(type(error), error, _stacktrace)
  File "/root/.cache/pypoetry/virtualenvs/cpdbv2-backend-VA82Wl8V-py3.7/lib/python3.7/site-packages/urllib3/packages/six.py", line 735, in reraise
    raise value
  File "/root/.cache/pypoetry/virtualenvs/cpdbv2-backend-VA82Wl8V-py3.7/lib/python3.7/site-packages/urllib3/connectionpool.py", line 677, in urlopen
    chunked=chunked,
  File "/root/.cache/pypoetry/virtualenvs/cpdbv2-backend-VA82Wl8V-py3.7/lib/python3.7/site-packages/urllib3/connectionpool.py", line 392, in _make_request
    conn.request(method, url, **httplib_request_kw)
  File "/usr/local/lib/python3.7/http/client.py", line 1281, in request
    self._send_request(method, url, body, headers, encode_chunked)
  File "/usr/local/lib/python3.7/http/client.py", line 1327, in _send_request
    self.endheaders(body, encode_chunked=encode_chunked)
  File "/usr/local/lib/python3.7/http/client.py", line 1276, in endheaders
    self._send_output(message_body, encode_chunked=encode_chunked)
  File "/usr/local/lib/python3.7/http/client.py", line 1036, in _send_output
    self.send(msg)
  File "/usr/local/lib/python3.7/http/client.py", line 976, in send
    self.connect()
  File "/root/.cache/pypoetry/virtualenvs/cpdbv2-backend-VA82Wl8V-py3.7/lib/python3.7/site-packages/urllib3/connection.py", line 187, in connect
    conn = self._new_conn()
  File "/root/.cache/pypoetry/virtualenvs/cpdbv2-backend-VA82Wl8V-py3.7/lib/python3.7/site-packages/urllib3/connection.py", line 172, in _new_conn
    self, "Failed to establish a new connection: %s" % e
urllib3.exceptions.NewConnectionError: <urllib3.connection.HTTPConnection object at 0x7ff068ea06d0>: Failed to establish a new connection: [Errno -2] Name or service not known
elasticsearch: DEBUG: > None
urllib3.util.retry: DEBUG: Converted retries value: False -> Retry(total=False, connect=None, read=None, redirect=0, status=None)
urllib3.connectionpool: DEBUG: Starting new HTTP connection (239): elasticsearch:9200
elasticsearch: WARNING: DELETE http://elasticsearch:9200/test_officers_c97d3965-996f-4fbb-b4a7-1038423423bd [status:N/A request:0.007s]
Traceback (most recent call last):
  File "/root/.cache/pypoetry/virtualenvs/cpdbv2-backend-VA82Wl8V-py3.7/lib/python3.7/site-packages/urllib3/connection.py", line 160, in _new_conn
    (self._dns_host, self.port), self.timeout, **extra_kw
  File "/root/.cache/pypoetry/virtualenvs/cpdbv2-backend-VA82Wl8V-py3.7/lib/python3.7/site-packages/urllib3/util/connection.py", line 61, in create_connection
    for res in socket.getaddrinfo(host, port, family, socket.SOCK_STREAM):
  File "/usr/local/lib/python3.7/socket.py", line 752, in getaddrinfo
    for res in _socket.getaddrinfo(host, port, family, type, proto, flags):
socket.gaierror: [Errno -2] Name or service not known

During handling of the above exception, another exception occurred:

Traceback (most recent call last):
  File "/root/.cache/pypoetry/virtualenvs/cpdbv2-backend-VA82Wl8V-py3.7/lib/python3.7/site-packages/elasticsearch/connection/http_urllib3.py", line 115, in perform_request
    response = self.pool.urlopen(method, url, body, retries=False, headers=self.headers, **kw)
  File "/root/.cache/pypoetry/virtualenvs/cpdbv2-backend-VA82Wl8V-py3.7/lib/python3.7/site-packages/urllib3/connectionpool.py", line 727, in urlopen
    method, url, error=e, _pool=self, _stacktrace=sys.exc_info()[2]
  File "/root/.cache/pypoetry/virtualenvs/cpdbv2-backend-VA82Wl8V-py3.7/lib/python3.7/site-packages/urllib3/util/retry.py", line 386, in increment
    raise six.reraise(type(error), error, _stacktrace)
  File "/root/.cache/pypoetry/virtualenvs/cpdbv2-backend-VA82Wl8V-py3.7/lib/python3.7/site-packages/urllib3/packages/six.py", line 735, in reraise
    raise value
  File "/root/.cache/pypoetry/virtualenvs/cpdbv2-backend-VA82Wl8V-py3.7/lib/python3.7/site-packages/urllib3/connectionpool.py", line 677, in urlopen
    chunked=chunked,
  File "/root/.cache/pypoetry/virtualenvs/cpdbv2-backend-VA82Wl8V-py3.7/lib/python3.7/site-packages/urllib3/connectionpool.py", line 392, in _make_request
    conn.request(method, url, **httplib_request_kw)
  File "/usr/local/lib/python3.7/http/client.py", line 1281, in request
    self._send_request(method, url, body, headers, encode_chunked)
  File "/usr/local/lib/python3.7/http/client.py", line 1327, in _send_request
    self.endheaders(body, encode_chunked=encode_chunked)
  File "/usr/local/lib/python3.7/http/client.py", line 1276, in endheaders
    self._send_output(message_body, encode_chunked=encode_chunked)
  File "/usr/local/lib/python3.7/http/client.py", line 1036, in _send_output
    self.send(msg)
  File "/usr/local/lib/python3.7/http/client.py", line 976, in send
    self.connect()
  File "/root/.cache/pypoetry/virtualenvs/cpdbv2-backend-VA82Wl8V-py3.7/lib/python3.7/site-packages/urllib3/connection.py", line 187, in connect
    conn = self._new_conn()
  File "/root/.cache/pypoetry/virtualenvs/cpdbv2-backend-VA82Wl8V-py3.7/lib/python3.7/site-packages/urllib3/connection.py", line 172, in _new_conn
    self, "Failed to establish a new connection: %s" % e
urllib3.exceptions.NewConnectionError: <urllib3.connection.HTTPConnection object at 0x7ff068dfa1d0>: Failed to establish a new connection: [Errno -2] Name or service not known
elasticsearch: DEBUG: > None
urllib3.util.retry: DEBUG: Converted retries value: False -> Retry(total=False, connect=None, read=None, redirect=0, status=None)
urllib3.connectionpool: DEBUG: Starting new HTTP connection (240): elasticsearch:9200
elasticsearch: WARNING: DELETE http://elasticsearch:9200/test_officers_c97d3965-996f-4fbb-b4a7-1038423423bd [status:N/A request:0.004s]
Traceback (most recent call last):
  File "/root/.cache/pypoetry/virtualenvs/cpdbv2-backend-VA82Wl8V-py3.7/lib/python3.7/site-packages/urllib3/connection.py", line 160, in _new_conn
    (self._dns_host, self.port), self.timeout, **extra_kw
  File "/root/.cache/pypoetry/virtualenvs/cpdbv2-backend-VA82Wl8V-py3.7/lib/python3.7/site-packages/urllib3/util/connection.py", line 61, in create_connection
    for res in socket.getaddrinfo(host, port, family, socket.SOCK_STREAM):
  File "/usr/local/lib/python3.7/socket.py", line 752, in getaddrinfo
    for res in _socket.getaddrinfo(host, port, family, type, proto, flags):
socket.gaierror: [Errno -2] Name or service not known

During handling of the above exception, another exception occurred:

Traceback (most recent call last):
  File "/root/.cache/pypoetry/virtualenvs/cpdbv2-backend-VA82Wl8V-py3.7/lib/python3.7/site-packages/elasticsearch/connection/http_urllib3.py", line 115, in perform_request
    response = self.pool.urlopen(method, url, body, retries=False, headers=self.headers, **kw)
  File "/root/.cache/pypoetry/virtualenvs/cpdbv2-backend-VA82Wl8V-py3.7/lib/python3.7/site-packages/urllib3/connectionpool.py", line 727, in urlopen
    method, url, error=e, _pool=self, _stacktrace=sys.exc_info()[2]
  File "/root/.cache/pypoetry/virtualenvs/cpdbv2-backend-VA82Wl8V-py3.7/lib/python3.7/site-packages/urllib3/util/retry.py", line 386, in increment
    raise six.reraise(type(error), error, _stacktrace)
  File "/root/.cache/pypoetry/virtualenvs/cpdbv2-backend-VA82Wl8V-py3.7/lib/python3.7/site-packages/urllib3/packages/six.py", line 735, in reraise
    raise value
  File "/root/.cache/pypoetry/virtualenvs/cpdbv2-backend-VA82Wl8V-py3.7/lib/python3.7/site-packages/urllib3/connectionpool.py", line 677, in urlopen
    chunked=chunked,
  File "/root/.cache/pypoetry/virtualenvs/cpdbv2-backend-VA82Wl8V-py3.7/lib/python3.7/site-packages/urllib3/connectionpool.py", line 392, in _make_request
    conn.request(method, url, **httplib_request_kw)
  File "/usr/local/lib/python3.7/http/client.py", line 1281, in request
    self._send_request(method, url, body, headers, encode_chunked)
  File "/usr/local/lib/python3.7/http/client.py", line 1327, in _send_request
    self.endheaders(body, encode_chunked=encode_chunked)
  File "/usr/local/lib/python3.7/http/client.py", line 1276, in endheaders
    self._send_output(message_body, encode_chunked=encode_chunked)
  File "/usr/local/lib/python3.7/http/client.py", line 1036, in _send_output
    self.send(msg)
  File "/usr/local/lib/python3.7/http/client.py", line 976, in send
    self.connect()
  File "/root/.cache/pypoetry/virtualenvs/cpdbv2-backend-VA82Wl8V-py3.7/lib/python3.7/site-packages/urllib3/connection.py", line 187, in connect
    conn = self._new_conn()
  File "/root/.cache/pypoetry/virtualenvs/cpdbv2-backend-VA82Wl8V-py3.7/lib/python3.7/site-packages/urllib3/connection.py", line 172, in _new_conn
    self, "Failed to establish a new connection: %s" % e
urllib3.exceptions.NewConnectionError: <urllib3.connection.HTTPConnection object at 0x7ff068dfa550>: Failed to establish a new connection: [Errno -2] Name or service not known
elasticsearch: DEBUG: > None
--------------------- >> end captured logging << ---------------------

======================================================================
ERROR: test_retrieve_data_range_too_small_cause_no_percentiles (officers.tests.views.test_mobile_views.OfficersMobileViewSetTestCase)
----------------------------------------------------------------------
Traceback (most recent call last):
  File "/usr/src/app/cpdb/officers/tests/mixins.py", line 10, in setUp
    officers_index_alias.write_index.delete(ignore=404)
  File "/root/.cache/pypoetry/virtualenvs/cpdbv2-backend-VA82Wl8V-py3.7/lib/python3.7/site-packages/elasticsearch_dsl/index.py", line 222, in delete
    self.connection.indices.delete(index=self._name, **kwargs)
  File "/root/.cache/pypoetry/virtualenvs/cpdbv2-backend-VA82Wl8V-py3.7/lib/python3.7/site-packages/elasticsearch/client/utils.py", line 73, in _wrapped
    return func(*args, params=params, **kwargs)
  File "/root/.cache/pypoetry/virtualenvs/cpdbv2-backend-VA82Wl8V-py3.7/lib/python3.7/site-packages/elasticsearch/client/indices.py", line 200, in delete
    params=params)
  File "/root/.cache/pypoetry/virtualenvs/cpdbv2-backend-VA82Wl8V-py3.7/lib/python3.7/site-packages/elasticsearch/transport.py", line 312, in perform_request
    status, headers, data = connection.perform_request(method, url, params, body, ignore=ignore, timeout=timeout)
  File "/root/.cache/pypoetry/virtualenvs/cpdbv2-backend-VA82Wl8V-py3.7/lib/python3.7/site-packages/elasticsearch/connection/http_urllib3.py", line 124, in perform_request
    raise ConnectionError('N/A', str(e), e)
elasticsearch.exceptions.ConnectionError: ConnectionError(<urllib3.connection.HTTPConnection object at 0x7ff068eac350>: Failed to establish a new connection: [Errno -2] Name or service not known) caused by: NewConnectionError(<urllib3.connection.HTTPConnection object at 0x7ff068eac350>: Failed to establish a new connection: [Errno -2] Name or service not known)
-------------------- >> begin captured logging << --------------------
urllib3.util.retry: DEBUG: Converted retries value: False -> Retry(total=False, connect=None, read=None, redirect=0, status=None)
urllib3.connectionpool: DEBUG: Starting new HTTP connection (241): elasticsearch:9200
elasticsearch: WARNING: DELETE http://elasticsearch:9200/test_officers_c97d3965-996f-4fbb-b4a7-1038423423bd [status:N/A request:0.007s]
Traceback (most recent call last):
  File "/root/.cache/pypoetry/virtualenvs/cpdbv2-backend-VA82Wl8V-py3.7/lib/python3.7/site-packages/urllib3/connection.py", line 160, in _new_conn
    (self._dns_host, self.port), self.timeout, **extra_kw
  File "/root/.cache/pypoetry/virtualenvs/cpdbv2-backend-VA82Wl8V-py3.7/lib/python3.7/site-packages/urllib3/util/connection.py", line 61, in create_connection
    for res in socket.getaddrinfo(host, port, family, socket.SOCK_STREAM):
  File "/usr/local/lib/python3.7/socket.py", line 752, in getaddrinfo
    for res in _socket.getaddrinfo(host, port, family, type, proto, flags):
socket.gaierror: [Errno -2] Name or service not known

During handling of the above exception, another exception occurred:

Traceback (most recent call last):
  File "/root/.cache/pypoetry/virtualenvs/cpdbv2-backend-VA82Wl8V-py3.7/lib/python3.7/site-packages/elasticsearch/connection/http_urllib3.py", line 115, in perform_request
    response = self.pool.urlopen(method, url, body, retries=False, headers=self.headers, **kw)
  File "/root/.cache/pypoetry/virtualenvs/cpdbv2-backend-VA82Wl8V-py3.7/lib/python3.7/site-packages/urllib3/connectionpool.py", line 727, in urlopen
    method, url, error=e, _pool=self, _stacktrace=sys.exc_info()[2]
  File "/root/.cache/pypoetry/virtualenvs/cpdbv2-backend-VA82Wl8V-py3.7/lib/python3.7/site-packages/urllib3/util/retry.py", line 386, in increment
    raise six.reraise(type(error), error, _stacktrace)
  File "/root/.cache/pypoetry/virtualenvs/cpdbv2-backend-VA82Wl8V-py3.7/lib/python3.7/site-packages/urllib3/packages/six.py", line 735, in reraise
    raise value
  File "/root/.cache/pypoetry/virtualenvs/cpdbv2-backend-VA82Wl8V-py3.7/lib/python3.7/site-packages/urllib3/connectionpool.py", line 677, in urlopen
    chunked=chunked,
  File "/root/.cache/pypoetry/virtualenvs/cpdbv2-backend-VA82Wl8V-py3.7/lib/python3.7/site-packages/urllib3/connectionpool.py", line 392, in _make_request
    conn.request(method, url, **httplib_request_kw)
  File "/usr/local/lib/python3.7/http/client.py", line 1281, in request
    self._send_request(method, url, body, headers, encode_chunked)
  File "/usr/local/lib/python3.7/http/client.py", line 1327, in _send_request
    self.endheaders(body, encode_chunked=encode_chunked)
  File "/usr/local/lib/python3.7/http/client.py", line 1276, in endheaders
    self._send_output(message_body, encode_chunked=encode_chunked)
  File "/usr/local/lib/python3.7/http/client.py", line 1036, in _send_output
    self.send(msg)
  File "/usr/local/lib/python3.7/http/client.py", line 976, in send
    self.connect()
  File "/root/.cache/pypoetry/virtualenvs/cpdbv2-backend-VA82Wl8V-py3.7/lib/python3.7/site-packages/urllib3/connection.py", line 187, in connect
    conn = self._new_conn()
  File "/root/.cache/pypoetry/virtualenvs/cpdbv2-backend-VA82Wl8V-py3.7/lib/python3.7/site-packages/urllib3/connection.py", line 172, in _new_conn
    self, "Failed to establish a new connection: %s" % e
urllib3.exceptions.NewConnectionError: <urllib3.connection.HTTPConnection object at 0x7ff068dfa590>: Failed to establish a new connection: [Errno -2] Name or service not known
elasticsearch: DEBUG: > None
urllib3.util.retry: DEBUG: Converted retries value: False -> Retry(total=False, connect=None, read=None, redirect=0, status=None)
urllib3.connectionpool: DEBUG: Starting new HTTP connection (242): elasticsearch:9200
elasticsearch: WARNING: DELETE http://elasticsearch:9200/test_officers_c97d3965-996f-4fbb-b4a7-1038423423bd [status:N/A request:0.005s]
Traceback (most recent call last):
  File "/root/.cache/pypoetry/virtualenvs/cpdbv2-backend-VA82Wl8V-py3.7/lib/python3.7/site-packages/urllib3/connection.py", line 160, in _new_conn
    (self._dns_host, self.port), self.timeout, **extra_kw
  File "/root/.cache/pypoetry/virtualenvs/cpdbv2-backend-VA82Wl8V-py3.7/lib/python3.7/site-packages/urllib3/util/connection.py", line 61, in create_connection
    for res in socket.getaddrinfo(host, port, family, socket.SOCK_STREAM):
  File "/usr/local/lib/python3.7/socket.py", line 752, in getaddrinfo
    for res in _socket.getaddrinfo(host, port, family, type, proto, flags):
socket.gaierror: [Errno -2] Name or service not known

During handling of the above exception, another exception occurred:

Traceback (most recent call last):
  File "/root/.cache/pypoetry/virtualenvs/cpdbv2-backend-VA82Wl8V-py3.7/lib/python3.7/site-packages/elasticsearch/connection/http_urllib3.py", line 115, in perform_request
    response = self.pool.urlopen(method, url, body, retries=False, headers=self.headers, **kw)
  File "/root/.cache/pypoetry/virtualenvs/cpdbv2-backend-VA82Wl8V-py3.7/lib/python3.7/site-packages/urllib3/connectionpool.py", line 727, in urlopen
    method, url, error=e, _pool=self, _stacktrace=sys.exc_info()[2]
  File "/root/.cache/pypoetry/virtualenvs/cpdbv2-backend-VA82Wl8V-py3.7/lib/python3.7/site-packages/urllib3/util/retry.py", line 386, in increment
    raise six.reraise(type(error), error, _stacktrace)
  File "/root/.cache/pypoetry/virtualenvs/cpdbv2-backend-VA82Wl8V-py3.7/lib/python3.7/site-packages/urllib3/packages/six.py", line 735, in reraise
    raise value
  File "/root/.cache/pypoetry/virtualenvs/cpdbv2-backend-VA82Wl8V-py3.7/lib/python3.7/site-packages/urllib3/connectionpool.py", line 677, in urlopen
    chunked=chunked,
  File "/root/.cache/pypoetry/virtualenvs/cpdbv2-backend-VA82Wl8V-py3.7/lib/python3.7/site-packages/urllib3/connectionpool.py", line 392, in _make_request
    conn.request(method, url, **httplib_request_kw)
  File "/usr/local/lib/python3.7/http/client.py", line 1281, in request
    self._send_request(method, url, body, headers, encode_chunked)
  File "/usr/local/lib/python3.7/http/client.py", line 1327, in _send_request
    self.endheaders(body, encode_chunked=encode_chunked)
  File "/usr/local/lib/python3.7/http/client.py", line 1276, in endheaders
    self._send_output(message_body, encode_chunked=encode_chunked)
  File "/usr/local/lib/python3.7/http/client.py", line 1036, in _send_output
    self.send(msg)
  File "/usr/local/lib/python3.7/http/client.py", line 976, in send
    self.connect()
  File "/root/.cache/pypoetry/virtualenvs/cpdbv2-backend-VA82Wl8V-py3.7/lib/python3.7/site-packages/urllib3/connection.py", line 187, in connect
    conn = self._new_conn()
  File "/root/.cache/pypoetry/virtualenvs/cpdbv2-backend-VA82Wl8V-py3.7/lib/python3.7/site-packages/urllib3/connection.py", line 172, in _new_conn
    self, "Failed to establish a new connection: %s" % e
urllib3.exceptions.NewConnectionError: <urllib3.connection.HTTPConnection object at 0x7ff068eacf50>: Failed to establish a new connection: [Errno -2] Name or service not known
elasticsearch: DEBUG: > None
urllib3.util.retry: DEBUG: Converted retries value: False -> Retry(total=False, connect=None, read=None, redirect=0, status=None)
urllib3.connectionpool: DEBUG: Starting new HTTP connection (243): elasticsearch:9200
elasticsearch: WARNING: DELETE http://elasticsearch:9200/test_officers_c97d3965-996f-4fbb-b4a7-1038423423bd [status:N/A request:0.005s]
Traceback (most recent call last):
  File "/root/.cache/pypoetry/virtualenvs/cpdbv2-backend-VA82Wl8V-py3.7/lib/python3.7/site-packages/urllib3/connection.py", line 160, in _new_conn
    (self._dns_host, self.port), self.timeout, **extra_kw
  File "/root/.cache/pypoetry/virtualenvs/cpdbv2-backend-VA82Wl8V-py3.7/lib/python3.7/site-packages/urllib3/util/connection.py", line 61, in create_connection
    for res in socket.getaddrinfo(host, port, family, socket.SOCK_STREAM):
  File "/usr/local/lib/python3.7/socket.py", line 752, in getaddrinfo
    for res in _socket.getaddrinfo(host, port, family, type, proto, flags):
socket.gaierror: [Errno -2] Name or service not known

During handling of the above exception, another exception occurred:

Traceback (most recent call last):
  File "/root/.cache/pypoetry/virtualenvs/cpdbv2-backend-VA82Wl8V-py3.7/lib/python3.7/site-packages/elasticsearch/connection/http_urllib3.py", line 115, in perform_request
    response = self.pool.urlopen(method, url, body, retries=False, headers=self.headers, **kw)
  File "/root/.cache/pypoetry/virtualenvs/cpdbv2-backend-VA82Wl8V-py3.7/lib/python3.7/site-packages/urllib3/connectionpool.py", line 727, in urlopen
    method, url, error=e, _pool=self, _stacktrace=sys.exc_info()[2]
  File "/root/.cache/pypoetry/virtualenvs/cpdbv2-backend-VA82Wl8V-py3.7/lib/python3.7/site-packages/urllib3/util/retry.py", line 386, in increment
    raise six.reraise(type(error), error, _stacktrace)
  File "/root/.cache/pypoetry/virtualenvs/cpdbv2-backend-VA82Wl8V-py3.7/lib/python3.7/site-packages/urllib3/packages/six.py", line 735, in reraise
    raise value
  File "/root/.cache/pypoetry/virtualenvs/cpdbv2-backend-VA82Wl8V-py3.7/lib/python3.7/site-packages/urllib3/connectionpool.py", line 677, in urlopen
    chunked=chunked,
  File "/root/.cache/pypoetry/virtualenvs/cpdbv2-backend-VA82Wl8V-py3.7/lib/python3.7/site-packages/urllib3/connectionpool.py", line 392, in _make_request
    conn.request(method, url, **httplib_request_kw)
  File "/usr/local/lib/python3.7/http/client.py", line 1281, in request
    self._send_request(method, url, body, headers, encode_chunked)
  File "/usr/local/lib/python3.7/http/client.py", line 1327, in _send_request
    self.endheaders(body, encode_chunked=encode_chunked)
  File "/usr/local/lib/python3.7/http/client.py", line 1276, in endheaders
    self._send_output(message_body, encode_chunked=encode_chunked)
  File "/usr/local/lib/python3.7/http/client.py", line 1036, in _send_output
    self.send(msg)
  File "/usr/local/lib/python3.7/http/client.py", line 976, in send
    self.connect()
  File "/root/.cache/pypoetry/virtualenvs/cpdbv2-backend-VA82Wl8V-py3.7/lib/python3.7/site-packages/urllib3/connection.py", line 187, in connect
    conn = self._new_conn()
  File "/root/.cache/pypoetry/virtualenvs/cpdbv2-backend-VA82Wl8V-py3.7/lib/python3.7/site-packages/urllib3/connection.py", line 172, in _new_conn
    self, "Failed to establish a new connection: %s" % e
urllib3.exceptions.NewConnectionError: <urllib3.connection.HTTPConnection object at 0x7ff068eacad0>: Failed to establish a new connection: [Errno -2] Name or service not known
elasticsearch: DEBUG: > None
urllib3.util.retry: DEBUG: Converted retries value: False -> Retry(total=False, connect=None, read=None, redirect=0, status=None)
urllib3.connectionpool: DEBUG: Starting new HTTP connection (244): elasticsearch:9200
elasticsearch: WARNING: DELETE http://elasticsearch:9200/test_officers_c97d3965-996f-4fbb-b4a7-1038423423bd [status:N/A request:0.005s]
Traceback (most recent call last):
  File "/root/.cache/pypoetry/virtualenvs/cpdbv2-backend-VA82Wl8V-py3.7/lib/python3.7/site-packages/urllib3/connection.py", line 160, in _new_conn
    (self._dns_host, self.port), self.timeout, **extra_kw
  File "/root/.cache/pypoetry/virtualenvs/cpdbv2-backend-VA82Wl8V-py3.7/lib/python3.7/site-packages/urllib3/util/connection.py", line 61, in create_connection
    for res in socket.getaddrinfo(host, port, family, socket.SOCK_STREAM):
  File "/usr/local/lib/python3.7/socket.py", line 752, in getaddrinfo
    for res in _socket.getaddrinfo(host, port, family, type, proto, flags):
socket.gaierror: [Errno -2] Name or service not known

During handling of the above exception, another exception occurred:

Traceback (most recent call last):
  File "/root/.cache/pypoetry/virtualenvs/cpdbv2-backend-VA82Wl8V-py3.7/lib/python3.7/site-packages/elasticsearch/connection/http_urllib3.py", line 115, in perform_request
    response = self.pool.urlopen(method, url, body, retries=False, headers=self.headers, **kw)
  File "/root/.cache/pypoetry/virtualenvs/cpdbv2-backend-VA82Wl8V-py3.7/lib/python3.7/site-packages/urllib3/connectionpool.py", line 727, in urlopen
    method, url, error=e, _pool=self, _stacktrace=sys.exc_info()[2]
  File "/root/.cache/pypoetry/virtualenvs/cpdbv2-backend-VA82Wl8V-py3.7/lib/python3.7/site-packages/urllib3/util/retry.py", line 386, in increment
    raise six.reraise(type(error), error, _stacktrace)
  File "/root/.cache/pypoetry/virtualenvs/cpdbv2-backend-VA82Wl8V-py3.7/lib/python3.7/site-packages/urllib3/packages/six.py", line 735, in reraise
    raise value
  File "/root/.cache/pypoetry/virtualenvs/cpdbv2-backend-VA82Wl8V-py3.7/lib/python3.7/site-packages/urllib3/connectionpool.py", line 677, in urlopen
    chunked=chunked,
  File "/root/.cache/pypoetry/virtualenvs/cpdbv2-backend-VA82Wl8V-py3.7/lib/python3.7/site-packages/urllib3/connectionpool.py", line 392, in _make_request
    conn.request(method, url, **httplib_request_kw)
  File "/usr/local/lib/python3.7/http/client.py", line 1281, in request
    self._send_request(method, url, body, headers, encode_chunked)
  File "/usr/local/lib/python3.7/http/client.py", line 1327, in _send_request
    self.endheaders(body, encode_chunked=encode_chunked)
  File "/usr/local/lib/python3.7/http/client.py", line 1276, in endheaders
    self._send_output(message_body, encode_chunked=encode_chunked)
  File "/usr/local/lib/python3.7/http/client.py", line 1036, in _send_output
    self.send(msg)
  File "/usr/local/lib/python3.7/http/client.py", line 976, in send
    self.connect()
  File "/root/.cache/pypoetry/virtualenvs/cpdbv2-backend-VA82Wl8V-py3.7/lib/python3.7/site-packages/urllib3/connection.py", line 187, in connect
    conn = self._new_conn()
  File "/root/.cache/pypoetry/virtualenvs/cpdbv2-backend-VA82Wl8V-py3.7/lib/python3.7/site-packages/urllib3/connection.py", line 172, in _new_conn
    self, "Failed to establish a new connection: %s" % e
urllib3.exceptions.NewConnectionError: <urllib3.connection.HTTPConnection object at 0x7ff068eac350>: Failed to establish a new connection: [Errno -2] Name or service not known
elasticsearch: DEBUG: > None
--------------------- >> end captured logging << ---------------------

======================================================================
ERROR: test_retrieve_no_match (officers.tests.views.test_mobile_views.OfficersMobileViewSetTestCase)
----------------------------------------------------------------------
Traceback (most recent call last):
  File "/usr/src/app/cpdb/officers/tests/mixins.py", line 10, in setUp
    officers_index_alias.write_index.delete(ignore=404)
  File "/root/.cache/pypoetry/virtualenvs/cpdbv2-backend-VA82Wl8V-py3.7/lib/python3.7/site-packages/elasticsearch_dsl/index.py", line 222, in delete
    self.connection.indices.delete(index=self._name, **kwargs)
  File "/root/.cache/pypoetry/virtualenvs/cpdbv2-backend-VA82Wl8V-py3.7/lib/python3.7/site-packages/elasticsearch/client/utils.py", line 73, in _wrapped
    return func(*args, params=params, **kwargs)
  File "/root/.cache/pypoetry/virtualenvs/cpdbv2-backend-VA82Wl8V-py3.7/lib/python3.7/site-packages/elasticsearch/client/indices.py", line 200, in delete
    params=params)
  File "/root/.cache/pypoetry/virtualenvs/cpdbv2-backend-VA82Wl8V-py3.7/lib/python3.7/site-packages/elasticsearch/transport.py", line 312, in perform_request
    status, headers, data = connection.perform_request(method, url, params, body, ignore=ignore, timeout=timeout)
  File "/root/.cache/pypoetry/virtualenvs/cpdbv2-backend-VA82Wl8V-py3.7/lib/python3.7/site-packages/elasticsearch/connection/http_urllib3.py", line 124, in perform_request
    raise ConnectionError('N/A', str(e), e)
elasticsearch.exceptions.ConnectionError: ConnectionError(<urllib3.connection.HTTPConnection object at 0x7ff068e89f90>: Failed to establish a new connection: [Errno -2] Name or service not known) caused by: NewConnectionError(<urllib3.connection.HTTPConnection object at 0x7ff068e89f90>: Failed to establish a new connection: [Errno -2] Name or service not known)
-------------------- >> begin captured logging << --------------------
urllib3.util.retry: DEBUG: Converted retries value: False -> Retry(total=False, connect=None, read=None, redirect=0, status=None)
urllib3.connectionpool: DEBUG: Starting new HTTP connection (245): elasticsearch:9200
elasticsearch: WARNING: DELETE http://elasticsearch:9200/test_officers_c97d3965-996f-4fbb-b4a7-1038423423bd [status:N/A request:0.006s]
Traceback (most recent call last):
  File "/root/.cache/pypoetry/virtualenvs/cpdbv2-backend-VA82Wl8V-py3.7/lib/python3.7/site-packages/urllib3/connection.py", line 160, in _new_conn
    (self._dns_host, self.port), self.timeout, **extra_kw
  File "/root/.cache/pypoetry/virtualenvs/cpdbv2-backend-VA82Wl8V-py3.7/lib/python3.7/site-packages/urllib3/util/connection.py", line 61, in create_connection
    for res in socket.getaddrinfo(host, port, family, socket.SOCK_STREAM):
  File "/usr/local/lib/python3.7/socket.py", line 752, in getaddrinfo
    for res in _socket.getaddrinfo(host, port, family, type, proto, flags):
socket.gaierror: [Errno -2] Name or service not known

During handling of the above exception, another exception occurred:

Traceback (most recent call last):
  File "/root/.cache/pypoetry/virtualenvs/cpdbv2-backend-VA82Wl8V-py3.7/lib/python3.7/site-packages/elasticsearch/connection/http_urllib3.py", line 115, in perform_request
    response = self.pool.urlopen(method, url, body, retries=False, headers=self.headers, **kw)
  File "/root/.cache/pypoetry/virtualenvs/cpdbv2-backend-VA82Wl8V-py3.7/lib/python3.7/site-packages/urllib3/connectionpool.py", line 727, in urlopen
    method, url, error=e, _pool=self, _stacktrace=sys.exc_info()[2]
  File "/root/.cache/pypoetry/virtualenvs/cpdbv2-backend-VA82Wl8V-py3.7/lib/python3.7/site-packages/urllib3/util/retry.py", line 386, in increment
    raise six.reraise(type(error), error, _stacktrace)
  File "/root/.cache/pypoetry/virtualenvs/cpdbv2-backend-VA82Wl8V-py3.7/lib/python3.7/site-packages/urllib3/packages/six.py", line 735, in reraise
    raise value
  File "/root/.cache/pypoetry/virtualenvs/cpdbv2-backend-VA82Wl8V-py3.7/lib/python3.7/site-packages/urllib3/connectionpool.py", line 677, in urlopen
    chunked=chunked,
  File "/root/.cache/pypoetry/virtualenvs/cpdbv2-backend-VA82Wl8V-py3.7/lib/python3.7/site-packages/urllib3/connectionpool.py", line 392, in _make_request
    conn.request(method, url, **httplib_request_kw)
  File "/usr/local/lib/python3.7/http/client.py", line 1281, in request
    self._send_request(method, url, body, headers, encode_chunked)
  File "/usr/local/lib/python3.7/http/client.py", line 1327, in _send_request
    self.endheaders(body, encode_chunked=encode_chunked)
  File "/usr/local/lib/python3.7/http/client.py", line 1276, in endheaders
    self._send_output(message_body, encode_chunked=encode_chunked)
  File "/usr/local/lib/python3.7/http/client.py", line 1036, in _send_output
    self.send(msg)
  File "/usr/local/lib/python3.7/http/client.py", line 976, in send
    self.connect()
  File "/root/.cache/pypoetry/virtualenvs/cpdbv2-backend-VA82Wl8V-py3.7/lib/python3.7/site-packages/urllib3/connection.py", line 187, in connect
    conn = self._new_conn()
  File "/root/.cache/pypoetry/virtualenvs/cpdbv2-backend-VA82Wl8V-py3.7/lib/python3.7/site-packages/urllib3/connection.py", line 172, in _new_conn
    self, "Failed to establish a new connection: %s" % e
urllib3.exceptions.NewConnectionError: <urllib3.connection.HTTPConnection object at 0x7ff068eac290>: Failed to establish a new connection: [Errno -2] Name or service not known
elasticsearch: DEBUG: > None
urllib3.util.retry: DEBUG: Converted retries value: False -> Retry(total=False, connect=None, read=None, redirect=0, status=None)
urllib3.connectionpool: DEBUG: Starting new HTTP connection (246): elasticsearch:9200
elasticsearch: WARNING: DELETE http://elasticsearch:9200/test_officers_c97d3965-996f-4fbb-b4a7-1038423423bd [status:N/A request:0.005s]
Traceback (most recent call last):
  File "/root/.cache/pypoetry/virtualenvs/cpdbv2-backend-VA82Wl8V-py3.7/lib/python3.7/site-packages/urllib3/connection.py", line 160, in _new_conn
    (self._dns_host, self.port), self.timeout, **extra_kw
  File "/root/.cache/pypoetry/virtualenvs/cpdbv2-backend-VA82Wl8V-py3.7/lib/python3.7/site-packages/urllib3/util/connection.py", line 61, in create_connection
    for res in socket.getaddrinfo(host, port, family, socket.SOCK_STREAM):
  File "/usr/local/lib/python3.7/socket.py", line 752, in getaddrinfo
    for res in _socket.getaddrinfo(host, port, family, type, proto, flags):
socket.gaierror: [Errno -2] Name or service not known

During handling of the above exception, another exception occurred:

Traceback (most recent call last):
  File "/root/.cache/pypoetry/virtualenvs/cpdbv2-backend-VA82Wl8V-py3.7/lib/python3.7/site-packages/elasticsearch/connection/http_urllib3.py", line 115, in perform_request
    response = self.pool.urlopen(method, url, body, retries=False, headers=self.headers, **kw)
  File "/root/.cache/pypoetry/virtualenvs/cpdbv2-backend-VA82Wl8V-py3.7/lib/python3.7/site-packages/urllib3/connectionpool.py", line 727, in urlopen
    method, url, error=e, _pool=self, _stacktrace=sys.exc_info()[2]
  File "/root/.cache/pypoetry/virtualenvs/cpdbv2-backend-VA82Wl8V-py3.7/lib/python3.7/site-packages/urllib3/util/retry.py", line 386, in increment
    raise six.reraise(type(error), error, _stacktrace)
  File "/root/.cache/pypoetry/virtualenvs/cpdbv2-backend-VA82Wl8V-py3.7/lib/python3.7/site-packages/urllib3/packages/six.py", line 735, in reraise
    raise value
  File "/root/.cache/pypoetry/virtualenvs/cpdbv2-backend-VA82Wl8V-py3.7/lib/python3.7/site-packages/urllib3/connectionpool.py", line 677, in urlopen
    chunked=chunked,
  File "/root/.cache/pypoetry/virtualenvs/cpdbv2-backend-VA82Wl8V-py3.7/lib/python3.7/site-packages/urllib3/connectionpool.py", line 392, in _make_request
    conn.request(method, url, **httplib_request_kw)
  File "/usr/local/lib/python3.7/http/client.py", line 1281, in request
    self._send_request(method, url, body, headers, encode_chunked)
  File "/usr/local/lib/python3.7/http/client.py", line 1327, in _send_request
    self.endheaders(body, encode_chunked=encode_chunked)
  File "/usr/local/lib/python3.7/http/client.py", line 1276, in endheaders
    self._send_output(message_body, encode_chunked=encode_chunked)
  File "/usr/local/lib/python3.7/http/client.py", line 1036, in _send_output
    self.send(msg)
  File "/usr/local/lib/python3.7/http/client.py", line 976, in send
    self.connect()
  File "/root/.cache/pypoetry/virtualenvs/cpdbv2-backend-VA82Wl8V-py3.7/lib/python3.7/site-packages/urllib3/connection.py", line 187, in connect
    conn = self._new_conn()
  File "/root/.cache/pypoetry/virtualenvs/cpdbv2-backend-VA82Wl8V-py3.7/lib/python3.7/site-packages/urllib3/connection.py", line 172, in _new_conn
    self, "Failed to establish a new connection: %s" % e
urllib3.exceptions.NewConnectionError: <urllib3.connection.HTTPConnection object at 0x7ff068eacc10>: Failed to establish a new connection: [Errno -2] Name or service not known
elasticsearch: DEBUG: > None
urllib3.util.retry: DEBUG: Converted retries value: False -> Retry(total=False, connect=None, read=None, redirect=0, status=None)
urllib3.connectionpool: DEBUG: Starting new HTTP connection (247): elasticsearch:9200
elasticsearch: WARNING: DELETE http://elasticsearch:9200/test_officers_c97d3965-996f-4fbb-b4a7-1038423423bd [status:N/A request:0.004s]
Traceback (most recent call last):
  File "/root/.cache/pypoetry/virtualenvs/cpdbv2-backend-VA82Wl8V-py3.7/lib/python3.7/site-packages/urllib3/connection.py", line 160, in _new_conn
    (self._dns_host, self.port), self.timeout, **extra_kw
  File "/root/.cache/pypoetry/virtualenvs/cpdbv2-backend-VA82Wl8V-py3.7/lib/python3.7/site-packages/urllib3/util/connection.py", line 61, in create_connection
    for res in socket.getaddrinfo(host, port, family, socket.SOCK_STREAM):
  File "/usr/local/lib/python3.7/socket.py", line 752, in getaddrinfo
    for res in _socket.getaddrinfo(host, port, family, type, proto, flags):
socket.gaierror: [Errno -2] Name or service not known

During handling of the above exception, another exception occurred:

Traceback (most recent call last):
  File "/root/.cache/pypoetry/virtualenvs/cpdbv2-backend-VA82Wl8V-py3.7/lib/python3.7/site-packages/elasticsearch/connection/http_urllib3.py", line 115, in perform_request
    response = self.pool.urlopen(method, url, body, retries=False, headers=self.headers, **kw)
  File "/root/.cache/pypoetry/virtualenvs/cpdbv2-backend-VA82Wl8V-py3.7/lib/python3.7/site-packages/urllib3/connectionpool.py", line 727, in urlopen
    method, url, error=e, _pool=self, _stacktrace=sys.exc_info()[2]
  File "/root/.cache/pypoetry/virtualenvs/cpdbv2-backend-VA82Wl8V-py3.7/lib/python3.7/site-packages/urllib3/util/retry.py", line 386, in increment
    raise six.reraise(type(error), error, _stacktrace)
  File "/root/.cache/pypoetry/virtualenvs/cpdbv2-backend-VA82Wl8V-py3.7/lib/python3.7/site-packages/urllib3/packages/six.py", line 735, in reraise
    raise value
  File "/root/.cache/pypoetry/virtualenvs/cpdbv2-backend-VA82Wl8V-py3.7/lib/python3.7/site-packages/urllib3/connectionpool.py", line 677, in urlopen
    chunked=chunked,
  File "/root/.cache/pypoetry/virtualenvs/cpdbv2-backend-VA82Wl8V-py3.7/lib/python3.7/site-packages/urllib3/connectionpool.py", line 392, in _make_request
    conn.request(method, url, **httplib_request_kw)
  File "/usr/local/lib/python3.7/http/client.py", line 1281, in request
    self._send_request(method, url, body, headers, encode_chunked)
  File "/usr/local/lib/python3.7/http/client.py", line 1327, in _send_request
    self.endheaders(body, encode_chunked=encode_chunked)
  File "/usr/local/lib/python3.7/http/client.py", line 1276, in endheaders
    self._send_output(message_body, encode_chunked=encode_chunked)
  File "/usr/local/lib/python3.7/http/client.py", line 1036, in _send_output
    self.send(msg)
  File "/usr/local/lib/python3.7/http/client.py", line 976, in send
    self.connect()
  File "/root/.cache/pypoetry/virtualenvs/cpdbv2-backend-VA82Wl8V-py3.7/lib/python3.7/site-packages/urllib3/connection.py", line 187, in connect
    conn = self._new_conn()
  File "/root/.cache/pypoetry/virtualenvs/cpdbv2-backend-VA82Wl8V-py3.7/lib/python3.7/site-packages/urllib3/connection.py", line 172, in _new_conn
    self, "Failed to establish a new connection: %s" % e
urllib3.exceptions.NewConnectionError: <urllib3.connection.HTTPConnection object at 0x7ff068ee1650>: Failed to establish a new connection: [Errno -2] Name or service not known
elasticsearch: DEBUG: > None
urllib3.util.retry: DEBUG: Converted retries value: False -> Retry(total=False, connect=None, read=None, redirect=0, status=None)
urllib3.connectionpool: DEBUG: Starting new HTTP connection (248): elasticsearch:9200
elasticsearch: WARNING: DELETE http://elasticsearch:9200/test_officers_c97d3965-996f-4fbb-b4a7-1038423423bd [status:N/A request:0.006s]
Traceback (most recent call last):
  File "/root/.cache/pypoetry/virtualenvs/cpdbv2-backend-VA82Wl8V-py3.7/lib/python3.7/site-packages/urllib3/connection.py", line 160, in _new_conn
    (self._dns_host, self.port), self.timeout, **extra_kw
  File "/root/.cache/pypoetry/virtualenvs/cpdbv2-backend-VA82Wl8V-py3.7/lib/python3.7/site-packages/urllib3/util/connection.py", line 61, in create_connection
    for res in socket.getaddrinfo(host, port, family, socket.SOCK_STREAM):
  File "/usr/local/lib/python3.7/socket.py", line 752, in getaddrinfo
    for res in _socket.getaddrinfo(host, port, family, type, proto, flags):
socket.gaierror: [Errno -2] Name or service not known

During handling of the above exception, another exception occurred:

Traceback (most recent call last):
  File "/root/.cache/pypoetry/virtualenvs/cpdbv2-backend-VA82Wl8V-py3.7/lib/python3.7/site-packages/elasticsearch/connection/http_urllib3.py", line 115, in perform_request
    response = self.pool.urlopen(method, url, body, retries=False, headers=self.headers, **kw)
  File "/root/.cache/pypoetry/virtualenvs/cpdbv2-backend-VA82Wl8V-py3.7/lib/python3.7/site-packages/urllib3/connectionpool.py", line 727, in urlopen
    method, url, error=e, _pool=self, _stacktrace=sys.exc_info()[2]
  File "/root/.cache/pypoetry/virtualenvs/cpdbv2-backend-VA82Wl8V-py3.7/lib/python3.7/site-packages/urllib3/util/retry.py", line 386, in increment
    raise six.reraise(type(error), error, _stacktrace)
  File "/root/.cache/pypoetry/virtualenvs/cpdbv2-backend-VA82Wl8V-py3.7/lib/python3.7/site-packages/urllib3/packages/six.py", line 735, in reraise
    raise value
  File "/root/.cache/pypoetry/virtualenvs/cpdbv2-backend-VA82Wl8V-py3.7/lib/python3.7/site-packages/urllib3/connectionpool.py", line 677, in urlopen
    chunked=chunked,
  File "/root/.cache/pypoetry/virtualenvs/cpdbv2-backend-VA82Wl8V-py3.7/lib/python3.7/site-packages/urllib3/connectionpool.py", line 392, in _make_request
    conn.request(method, url, **httplib_request_kw)
  File "/usr/local/lib/python3.7/http/client.py", line 1281, in request
    self._send_request(method, url, body, headers, encode_chunked)
  File "/usr/local/lib/python3.7/http/client.py", line 1327, in _send_request
    self.endheaders(body, encode_chunked=encode_chunked)
  File "/usr/local/lib/python3.7/http/client.py", line 1276, in endheaders
    self._send_output(message_body, encode_chunked=encode_chunked)
  File "/usr/local/lib/python3.7/http/client.py", line 1036, in _send_output
    self.send(msg)
  File "/usr/local/lib/python3.7/http/client.py", line 976, in send
    self.connect()
  File "/root/.cache/pypoetry/virtualenvs/cpdbv2-backend-VA82Wl8V-py3.7/lib/python3.7/site-packages/urllib3/connection.py", line 187, in connect
    conn = self._new_conn()
  File "/root/.cache/pypoetry/virtualenvs/cpdbv2-backend-VA82Wl8V-py3.7/lib/python3.7/site-packages/urllib3/connection.py", line 172, in _new_conn
    self, "Failed to establish a new connection: %s" % e
urllib3.exceptions.NewConnectionError: <urllib3.connection.HTTPConnection object at 0x7ff068e89f90>: Failed to establish a new connection: [Errno -2] Name or service not known
elasticsearch: DEBUG: > None
--------------------- >> end captured logging << ---------------------

======================================================================
ERROR: test_retrieve_with_alias (officers.tests.views.test_mobile_views.OfficersMobileViewSetTestCase)
----------------------------------------------------------------------
Traceback (most recent call last):
  File "/usr/src/app/cpdb/officers/tests/mixins.py", line 10, in setUp
    officers_index_alias.write_index.delete(ignore=404)
  File "/root/.cache/pypoetry/virtualenvs/cpdbv2-backend-VA82Wl8V-py3.7/lib/python3.7/site-packages/elasticsearch_dsl/index.py", line 222, in delete
    self.connection.indices.delete(index=self._name, **kwargs)
  File "/root/.cache/pypoetry/virtualenvs/cpdbv2-backend-VA82Wl8V-py3.7/lib/python3.7/site-packages/elasticsearch/client/utils.py", line 73, in _wrapped
    return func(*args, params=params, **kwargs)
  File "/root/.cache/pypoetry/virtualenvs/cpdbv2-backend-VA82Wl8V-py3.7/lib/python3.7/site-packages/elasticsearch/client/indices.py", line 200, in delete
    params=params)
  File "/root/.cache/pypoetry/virtualenvs/cpdbv2-backend-VA82Wl8V-py3.7/lib/python3.7/site-packages/elasticsearch/transport.py", line 312, in perform_request
    status, headers, data = connection.perform_request(method, url, params, body, ignore=ignore, timeout=timeout)
  File "/root/.cache/pypoetry/virtualenvs/cpdbv2-backend-VA82Wl8V-py3.7/lib/python3.7/site-packages/elasticsearch/connection/http_urllib3.py", line 124, in perform_request
    raise ConnectionError('N/A', str(e), e)
elasticsearch.exceptions.ConnectionError: ConnectionError(<urllib3.connection.HTTPConnection object at 0x7ff068e89d50>: Failed to establish a new connection: [Errno -2] Name or service not known) caused by: NewConnectionError(<urllib3.connection.HTTPConnection object at 0x7ff068e89d50>: Failed to establish a new connection: [Errno -2] Name or service not known)
-------------------- >> begin captured logging << --------------------
urllib3.util.retry: DEBUG: Converted retries value: False -> Retry(total=False, connect=None, read=None, redirect=0, status=None)
urllib3.connectionpool: DEBUG: Starting new HTTP connection (249): elasticsearch:9200
elasticsearch: WARNING: DELETE http://elasticsearch:9200/test_officers_c97d3965-996f-4fbb-b4a7-1038423423bd [status:N/A request:0.007s]
Traceback (most recent call last):
  File "/root/.cache/pypoetry/virtualenvs/cpdbv2-backend-VA82Wl8V-py3.7/lib/python3.7/site-packages/urllib3/connection.py", line 160, in _new_conn
    (self._dns_host, self.port), self.timeout, **extra_kw
  File "/root/.cache/pypoetry/virtualenvs/cpdbv2-backend-VA82Wl8V-py3.7/lib/python3.7/site-packages/urllib3/util/connection.py", line 61, in create_connection
    for res in socket.getaddrinfo(host, port, family, socket.SOCK_STREAM):
  File "/usr/local/lib/python3.7/socket.py", line 752, in getaddrinfo
    for res in _socket.getaddrinfo(host, port, family, type, proto, flags):
socket.gaierror: [Errno -2] Name or service not known

During handling of the above exception, another exception occurred:

Traceback (most recent call last):
  File "/root/.cache/pypoetry/virtualenvs/cpdbv2-backend-VA82Wl8V-py3.7/lib/python3.7/site-packages/elasticsearch/connection/http_urllib3.py", line 115, in perform_request
    response = self.pool.urlopen(method, url, body, retries=False, headers=self.headers, **kw)
  File "/root/.cache/pypoetry/virtualenvs/cpdbv2-backend-VA82Wl8V-py3.7/lib/python3.7/site-packages/urllib3/connectionpool.py", line 727, in urlopen
    method, url, error=e, _pool=self, _stacktrace=sys.exc_info()[2]
  File "/root/.cache/pypoetry/virtualenvs/cpdbv2-backend-VA82Wl8V-py3.7/lib/python3.7/site-packages/urllib3/util/retry.py", line 386, in increment
    raise six.reraise(type(error), error, _stacktrace)
  File "/root/.cache/pypoetry/virtualenvs/cpdbv2-backend-VA82Wl8V-py3.7/lib/python3.7/site-packages/urllib3/packages/six.py", line 735, in reraise
    raise value
  File "/root/.cache/pypoetry/virtualenvs/cpdbv2-backend-VA82Wl8V-py3.7/lib/python3.7/site-packages/urllib3/connectionpool.py", line 677, in urlopen
    chunked=chunked,
  File "/root/.cache/pypoetry/virtualenvs/cpdbv2-backend-VA82Wl8V-py3.7/lib/python3.7/site-packages/urllib3/connectionpool.py", line 392, in _make_request
    conn.request(method, url, **httplib_request_kw)
  File "/usr/local/lib/python3.7/http/client.py", line 1281, in request
    self._send_request(method, url, body, headers, encode_chunked)
  File "/usr/local/lib/python3.7/http/client.py", line 1327, in _send_request
    self.endheaders(body, encode_chunked=encode_chunked)
  File "/usr/local/lib/python3.7/http/client.py", line 1276, in endheaders
    self._send_output(message_body, encode_chunked=encode_chunked)
  File "/usr/local/lib/python3.7/http/client.py", line 1036, in _send_output
    self.send(msg)
  File "/usr/local/lib/python3.7/http/client.py", line 976, in send
    self.connect()
  File "/root/.cache/pypoetry/virtualenvs/cpdbv2-backend-VA82Wl8V-py3.7/lib/python3.7/site-packages/urllib3/connection.py", line 187, in connect
    conn = self._new_conn()
  File "/root/.cache/pypoetry/virtualenvs/cpdbv2-backend-VA82Wl8V-py3.7/lib/python3.7/site-packages/urllib3/connection.py", line 172, in _new_conn
    self, "Failed to establish a new connection: %s" % e
urllib3.exceptions.NewConnectionError: <urllib3.connection.HTTPConnection object at 0x7ff068e89c90>: Failed to establish a new connection: [Errno -2] Name or service not known
elasticsearch: DEBUG: > None
urllib3.util.retry: DEBUG: Converted retries value: False -> Retry(total=False, connect=None, read=None, redirect=0, status=None)
urllib3.connectionpool: DEBUG: Starting new HTTP connection (250): elasticsearch:9200
elasticsearch: WARNING: DELETE http://elasticsearch:9200/test_officers_c97d3965-996f-4fbb-b4a7-1038423423bd [status:N/A request:0.005s]
Traceback (most recent call last):
  File "/root/.cache/pypoetry/virtualenvs/cpdbv2-backend-VA82Wl8V-py3.7/lib/python3.7/site-packages/urllib3/connection.py", line 160, in _new_conn
    (self._dns_host, self.port), self.timeout, **extra_kw
  File "/root/.cache/pypoetry/virtualenvs/cpdbv2-backend-VA82Wl8V-py3.7/lib/python3.7/site-packages/urllib3/util/connection.py", line 61, in create_connection
    for res in socket.getaddrinfo(host, port, family, socket.SOCK_STREAM):
  File "/usr/local/lib/python3.7/socket.py", line 752, in getaddrinfo
    for res in _socket.getaddrinfo(host, port, family, type, proto, flags):
socket.gaierror: [Errno -2] Name or service not known

During handling of the above exception, another exception occurred:

Traceback (most recent call last):
  File "/root/.cache/pypoetry/virtualenvs/cpdbv2-backend-VA82Wl8V-py3.7/lib/python3.7/site-packages/elasticsearch/connection/http_urllib3.py", line 115, in perform_request
    response = self.pool.urlopen(method, url, body, retries=False, headers=self.headers, **kw)
  File "/root/.cache/pypoetry/virtualenvs/cpdbv2-backend-VA82Wl8V-py3.7/lib/python3.7/site-packages/urllib3/connectionpool.py", line 727, in urlopen
    method, url, error=e, _pool=self, _stacktrace=sys.exc_info()[2]
  File "/root/.cache/pypoetry/virtualenvs/cpdbv2-backend-VA82Wl8V-py3.7/lib/python3.7/site-packages/urllib3/util/retry.py", line 386, in increment
    raise six.reraise(type(error), error, _stacktrace)
  File "/root/.cache/pypoetry/virtualenvs/cpdbv2-backend-VA82Wl8V-py3.7/lib/python3.7/site-packages/urllib3/packages/six.py", line 735, in reraise
    raise value
  File "/root/.cache/pypoetry/virtualenvs/cpdbv2-backend-VA82Wl8V-py3.7/lib/python3.7/site-packages/urllib3/connectionpool.py", line 677, in urlopen
    chunked=chunked,
  File "/root/.cache/pypoetry/virtualenvs/cpdbv2-backend-VA82Wl8V-py3.7/lib/python3.7/site-packages/urllib3/connectionpool.py", line 392, in _make_request
    conn.request(method, url, **httplib_request_kw)
  File "/usr/local/lib/python3.7/http/client.py", line 1281, in request
    self._send_request(method, url, body, headers, encode_chunked)
  File "/usr/local/lib/python3.7/http/client.py", line 1327, in _send_request
    self.endheaders(body, encode_chunked=encode_chunked)
  File "/usr/local/lib/python3.7/http/client.py", line 1276, in endheaders
    self._send_output(message_body, encode_chunked=encode_chunked)
  File "/usr/local/lib/python3.7/http/client.py", line 1036, in _send_output
    self.send(msg)
  File "/usr/local/lib/python3.7/http/client.py", line 976, in send
    self.connect()
  File "/root/.cache/pypoetry/virtualenvs/cpdbv2-backend-VA82Wl8V-py3.7/lib/python3.7/site-packages/urllib3/connection.py", line 187, in connect
    conn = self._new_conn()
  File "/root/.cache/pypoetry/virtualenvs/cpdbv2-backend-VA82Wl8V-py3.7/lib/python3.7/site-packages/urllib3/connection.py", line 172, in _new_conn
    self, "Failed to establish a new connection: %s" % e
urllib3.exceptions.NewConnectionError: <urllib3.connection.HTTPConnection object at 0x7ff068e0edd0>: Failed to establish a new connection: [Errno -2] Name or service not known
elasticsearch: DEBUG: > None
urllib3.util.retry: DEBUG: Converted retries value: False -> Retry(total=False, connect=None, read=None, redirect=0, status=None)
urllib3.connectionpool: DEBUG: Starting new HTTP connection (251): elasticsearch:9200
elasticsearch: WARNING: DELETE http://elasticsearch:9200/test_officers_c97d3965-996f-4fbb-b4a7-1038423423bd [status:N/A request:0.006s]
Traceback (most recent call last):
  File "/root/.cache/pypoetry/virtualenvs/cpdbv2-backend-VA82Wl8V-py3.7/lib/python3.7/site-packages/urllib3/connection.py", line 160, in _new_conn
    (self._dns_host, self.port), self.timeout, **extra_kw
  File "/root/.cache/pypoetry/virtualenvs/cpdbv2-backend-VA82Wl8V-py3.7/lib/python3.7/site-packages/urllib3/util/connection.py", line 61, in create_connection
    for res in socket.getaddrinfo(host, port, family, socket.SOCK_STREAM):
  File "/usr/local/lib/python3.7/socket.py", line 752, in getaddrinfo
    for res in _socket.getaddrinfo(host, port, family, type, proto, flags):
socket.gaierror: [Errno -2] Name or service not known

During handling of the above exception, another exception occurred:

Traceback (most recent call last):
  File "/root/.cache/pypoetry/virtualenvs/cpdbv2-backend-VA82Wl8V-py3.7/lib/python3.7/site-packages/elasticsearch/connection/http_urllib3.py", line 115, in perform_request
    response = self.pool.urlopen(method, url, body, retries=False, headers=self.headers, **kw)
  File "/root/.cache/pypoetry/virtualenvs/cpdbv2-backend-VA82Wl8V-py3.7/lib/python3.7/site-packages/urllib3/connectionpool.py", line 727, in urlopen
    method, url, error=e, _pool=self, _stacktrace=sys.exc_info()[2]
  File "/root/.cache/pypoetry/virtualenvs/cpdbv2-backend-VA82Wl8V-py3.7/lib/python3.7/site-packages/urllib3/util/retry.py", line 386, in increment
    raise six.reraise(type(error), error, _stacktrace)
  File "/root/.cache/pypoetry/virtualenvs/cpdbv2-backend-VA82Wl8V-py3.7/lib/python3.7/site-packages/urllib3/packages/six.py", line 735, in reraise
    raise value
  File "/root/.cache/pypoetry/virtualenvs/cpdbv2-backend-VA82Wl8V-py3.7/lib/python3.7/site-packages/urllib3/connectionpool.py", line 677, in urlopen
    chunked=chunked,
  File "/root/.cache/pypoetry/virtualenvs/cpdbv2-backend-VA82Wl8V-py3.7/lib/python3.7/site-packages/urllib3/connectionpool.py", line 392, in _make_request
    conn.request(method, url, **httplib_request_kw)
  File "/usr/local/lib/python3.7/http/client.py", line 1281, in request
    self._send_request(method, url, body, headers, encode_chunked)
  File "/usr/local/lib/python3.7/http/client.py", line 1327, in _send_request
    self.endheaders(body, encode_chunked=encode_chunked)
  File "/usr/local/lib/python3.7/http/client.py", line 1276, in endheaders
    self._send_output(message_body, encode_chunked=encode_chunked)
  File "/usr/local/lib/python3.7/http/client.py", line 1036, in _send_output
    self.send(msg)
  File "/usr/local/lib/python3.7/http/client.py", line 976, in send
    self.connect()
  File "/root/.cache/pypoetry/virtualenvs/cpdbv2-backend-VA82Wl8V-py3.7/lib/python3.7/site-packages/urllib3/connection.py", line 187, in connect
    conn = self._new_conn()
  File "/root/.cache/pypoetry/virtualenvs/cpdbv2-backend-VA82Wl8V-py3.7/lib/python3.7/site-packages/urllib3/connection.py", line 172, in _new_conn
    self, "Failed to establish a new connection: %s" % e
urllib3.exceptions.NewConnectionError: <urllib3.connection.HTTPConnection object at 0x7ff068e0ea90>: Failed to establish a new connection: [Errno -2] Name or service not known
elasticsearch: DEBUG: > None
urllib3.util.retry: DEBUG: Converted retries value: False -> Retry(total=False, connect=None, read=None, redirect=0, status=None)
urllib3.connectionpool: DEBUG: Starting new HTTP connection (252): elasticsearch:9200
elasticsearch: WARNING: DELETE http://elasticsearch:9200/test_officers_c97d3965-996f-4fbb-b4a7-1038423423bd [status:N/A request:0.006s]
Traceback (most recent call last):
  File "/root/.cache/pypoetry/virtualenvs/cpdbv2-backend-VA82Wl8V-py3.7/lib/python3.7/site-packages/urllib3/connection.py", line 160, in _new_conn
    (self._dns_host, self.port), self.timeout, **extra_kw
  File "/root/.cache/pypoetry/virtualenvs/cpdbv2-backend-VA82Wl8V-py3.7/lib/python3.7/site-packages/urllib3/util/connection.py", line 61, in create_connection
    for res in socket.getaddrinfo(host, port, family, socket.SOCK_STREAM):
  File "/usr/local/lib/python3.7/socket.py", line 752, in getaddrinfo
    for res in _socket.getaddrinfo(host, port, family, type, proto, flags):
socket.gaierror: [Errno -2] Name or service not known

During handling of the above exception, another exception occurred:

Traceback (most recent call last):
  File "/root/.cache/pypoetry/virtualenvs/cpdbv2-backend-VA82Wl8V-py3.7/lib/python3.7/site-packages/elasticsearch/connection/http_urllib3.py", line 115, in perform_request
    response = self.pool.urlopen(method, url, body, retries=False, headers=self.headers, **kw)
  File "/root/.cache/pypoetry/virtualenvs/cpdbv2-backend-VA82Wl8V-py3.7/lib/python3.7/site-packages/urllib3/connectionpool.py", line 727, in urlopen
    method, url, error=e, _pool=self, _stacktrace=sys.exc_info()[2]
  File "/root/.cache/pypoetry/virtualenvs/cpdbv2-backend-VA82Wl8V-py3.7/lib/python3.7/site-packages/urllib3/util/retry.py", line 386, in increment
    raise six.reraise(type(error), error, _stacktrace)
  File "/root/.cache/pypoetry/virtualenvs/cpdbv2-backend-VA82Wl8V-py3.7/lib/python3.7/site-packages/urllib3/packages/six.py", line 735, in reraise
    raise value
  File "/root/.cache/pypoetry/virtualenvs/cpdbv2-backend-VA82Wl8V-py3.7/lib/python3.7/site-packages/urllib3/connectionpool.py", line 677, in urlopen
    chunked=chunked,
  File "/root/.cache/pypoetry/virtualenvs/cpdbv2-backend-VA82Wl8V-py3.7/lib/python3.7/site-packages/urllib3/connectionpool.py", line 392, in _make_request
    conn.request(method, url, **httplib_request_kw)
  File "/usr/local/lib/python3.7/http/client.py", line 1281, in request
    self._send_request(method, url, body, headers, encode_chunked)
  File "/usr/local/lib/python3.7/http/client.py", line 1327, in _send_request
    self.endheaders(body, encode_chunked=encode_chunked)
  File "/usr/local/lib/python3.7/http/client.py", line 1276, in endheaders
    self._send_output(message_body, encode_chunked=encode_chunked)
  File "/usr/local/lib/python3.7/http/client.py", line 1036, in _send_output
    self.send(msg)
  File "/usr/local/lib/python3.7/http/client.py", line 976, in send
    self.connect()
  File "/root/.cache/pypoetry/virtualenvs/cpdbv2-backend-VA82Wl8V-py3.7/lib/python3.7/site-packages/urllib3/connection.py", line 187, in connect
    conn = self._new_conn()
  File "/root/.cache/pypoetry/virtualenvs/cpdbv2-backend-VA82Wl8V-py3.7/lib/python3.7/site-packages/urllib3/connection.py", line 172, in _new_conn
    self, "Failed to establish a new connection: %s" % e
urllib3.exceptions.NewConnectionError: <urllib3.connection.HTTPConnection object at 0x7ff068e89d50>: Failed to establish a new connection: [Errno -2] Name or service not known
elasticsearch: DEBUG: > None
--------------------- >> end captured logging << ---------------------

======================================================================
ERROR: test_coaccusals (officers.tests.views.test_views.OfficersViewSetTestCase)
----------------------------------------------------------------------
Traceback (most recent call last):
  File "/usr/src/app/cpdb/officers/tests/mixins.py", line 10, in setUp
    officers_index_alias.write_index.delete(ignore=404)
  File "/root/.cache/pypoetry/virtualenvs/cpdbv2-backend-VA82Wl8V-py3.7/lib/python3.7/site-packages/elasticsearch_dsl/index.py", line 222, in delete
    self.connection.indices.delete(index=self._name, **kwargs)
  File "/root/.cache/pypoetry/virtualenvs/cpdbv2-backend-VA82Wl8V-py3.7/lib/python3.7/site-packages/elasticsearch/client/utils.py", line 73, in _wrapped
    return func(*args, params=params, **kwargs)
  File "/root/.cache/pypoetry/virtualenvs/cpdbv2-backend-VA82Wl8V-py3.7/lib/python3.7/site-packages/elasticsearch/client/indices.py", line 200, in delete
    params=params)
  File "/root/.cache/pypoetry/virtualenvs/cpdbv2-backend-VA82Wl8V-py3.7/lib/python3.7/site-packages/elasticsearch/transport.py", line 312, in perform_request
    status, headers, data = connection.perform_request(method, url, params, body, ignore=ignore, timeout=timeout)
  File "/root/.cache/pypoetry/virtualenvs/cpdbv2-backend-VA82Wl8V-py3.7/lib/python3.7/site-packages/elasticsearch/connection/http_urllib3.py", line 124, in perform_request
    raise ConnectionError('N/A', str(e), e)
elasticsearch.exceptions.ConnectionError: ConnectionError(<urllib3.connection.HTTPConnection object at 0x7ff068eac390>: Failed to establish a new connection: [Errno -2] Name or service not known) caused by: NewConnectionError(<urllib3.connection.HTTPConnection object at 0x7ff068eac390>: Failed to establish a new connection: [Errno -2] Name or service not known)
-------------------- >> begin captured logging << --------------------
urllib3.util.retry: DEBUG: Converted retries value: False -> Retry(total=False, connect=None, read=None, redirect=0, status=None)
urllib3.connectionpool: DEBUG: Starting new HTTP connection (253): elasticsearch:9200
elasticsearch: WARNING: DELETE http://elasticsearch:9200/test_officers_c97d3965-996f-4fbb-b4a7-1038423423bd [status:N/A request:0.010s]
Traceback (most recent call last):
  File "/root/.cache/pypoetry/virtualenvs/cpdbv2-backend-VA82Wl8V-py3.7/lib/python3.7/site-packages/urllib3/connection.py", line 160, in _new_conn
    (self._dns_host, self.port), self.timeout, **extra_kw
  File "/root/.cache/pypoetry/virtualenvs/cpdbv2-backend-VA82Wl8V-py3.7/lib/python3.7/site-packages/urllib3/util/connection.py", line 61, in create_connection
    for res in socket.getaddrinfo(host, port, family, socket.SOCK_STREAM):
  File "/usr/local/lib/python3.7/socket.py", line 752, in getaddrinfo
    for res in _socket.getaddrinfo(host, port, family, type, proto, flags):
socket.gaierror: [Errno -2] Name or service not known

During handling of the above exception, another exception occurred:

Traceback (most recent call last):
  File "/root/.cache/pypoetry/virtualenvs/cpdbv2-backend-VA82Wl8V-py3.7/lib/python3.7/site-packages/elasticsearch/connection/http_urllib3.py", line 115, in perform_request
    response = self.pool.urlopen(method, url, body, retries=False, headers=self.headers, **kw)
  File "/root/.cache/pypoetry/virtualenvs/cpdbv2-backend-VA82Wl8V-py3.7/lib/python3.7/site-packages/urllib3/connectionpool.py", line 727, in urlopen
    method, url, error=e, _pool=self, _stacktrace=sys.exc_info()[2]
  File "/root/.cache/pypoetry/virtualenvs/cpdbv2-backend-VA82Wl8V-py3.7/lib/python3.7/site-packages/urllib3/util/retry.py", line 386, in increment
    raise six.reraise(type(error), error, _stacktrace)
  File "/root/.cache/pypoetry/virtualenvs/cpdbv2-backend-VA82Wl8V-py3.7/lib/python3.7/site-packages/urllib3/packages/six.py", line 735, in reraise
    raise value
  File "/root/.cache/pypoetry/virtualenvs/cpdbv2-backend-VA82Wl8V-py3.7/lib/python3.7/site-packages/urllib3/connectionpool.py", line 677, in urlopen
    chunked=chunked,
  File "/root/.cache/pypoetry/virtualenvs/cpdbv2-backend-VA82Wl8V-py3.7/lib/python3.7/site-packages/urllib3/connectionpool.py", line 392, in _make_request
    conn.request(method, url, **httplib_request_kw)
  File "/usr/local/lib/python3.7/http/client.py", line 1281, in request
    self._send_request(method, url, body, headers, encode_chunked)
  File "/usr/local/lib/python3.7/http/client.py", line 1327, in _send_request
    self.endheaders(body, encode_chunked=encode_chunked)
  File "/usr/local/lib/python3.7/http/client.py", line 1276, in endheaders
    self._send_output(message_body, encode_chunked=encode_chunked)
  File "/usr/local/lib/python3.7/http/client.py", line 1036, in _send_output
    self.send(msg)
  File "/usr/local/lib/python3.7/http/client.py", line 976, in send
    self.connect()
  File "/root/.cache/pypoetry/virtualenvs/cpdbv2-backend-VA82Wl8V-py3.7/lib/python3.7/site-packages/urllib3/connection.py", line 187, in connect
    conn = self._new_conn()
  File "/root/.cache/pypoetry/virtualenvs/cpdbv2-backend-VA82Wl8V-py3.7/lib/python3.7/site-packages/urllib3/connection.py", line 172, in _new_conn
    self, "Failed to establish a new connection: %s" % e
urllib3.exceptions.NewConnectionError: <urllib3.connection.HTTPConnection object at 0x7ff068ee1890>: Failed to establish a new connection: [Errno -2] Name or service not known
elasticsearch: DEBUG: > None
urllib3.util.retry: DEBUG: Converted retries value: False -> Retry(total=False, connect=None, read=None, redirect=0, status=None)
urllib3.connectionpool: DEBUG: Starting new HTTP connection (254): elasticsearch:9200
elasticsearch: WARNING: DELETE http://elasticsearch:9200/test_officers_c97d3965-996f-4fbb-b4a7-1038423423bd [status:N/A request:0.007s]
Traceback (most recent call last):
  File "/root/.cache/pypoetry/virtualenvs/cpdbv2-backend-VA82Wl8V-py3.7/lib/python3.7/site-packages/urllib3/connection.py", line 160, in _new_conn
    (self._dns_host, self.port), self.timeout, **extra_kw
  File "/root/.cache/pypoetry/virtualenvs/cpdbv2-backend-VA82Wl8V-py3.7/lib/python3.7/site-packages/urllib3/util/connection.py", line 61, in create_connection
    for res in socket.getaddrinfo(host, port, family, socket.SOCK_STREAM):
  File "/usr/local/lib/python3.7/socket.py", line 752, in getaddrinfo
    for res in _socket.getaddrinfo(host, port, family, type, proto, flags):
socket.gaierror: [Errno -2] Name or service not known

During handling of the above exception, another exception occurred:

Traceback (most recent call last):
  File "/root/.cache/pypoetry/virtualenvs/cpdbv2-backend-VA82Wl8V-py3.7/lib/python3.7/site-packages/elasticsearch/connection/http_urllib3.py", line 115, in perform_request
    response = self.pool.urlopen(method, url, body, retries=False, headers=self.headers, **kw)
  File "/root/.cache/pypoetry/virtualenvs/cpdbv2-backend-VA82Wl8V-py3.7/lib/python3.7/site-packages/urllib3/connectionpool.py", line 727, in urlopen
    method, url, error=e, _pool=self, _stacktrace=sys.exc_info()[2]
  File "/root/.cache/pypoetry/virtualenvs/cpdbv2-backend-VA82Wl8V-py3.7/lib/python3.7/site-packages/urllib3/util/retry.py", line 386, in increment
    raise six.reraise(type(error), error, _stacktrace)
  File "/root/.cache/pypoetry/virtualenvs/cpdbv2-backend-VA82Wl8V-py3.7/lib/python3.7/site-packages/urllib3/packages/six.py", line 735, in reraise
    raise value
  File "/root/.cache/pypoetry/virtualenvs/cpdbv2-backend-VA82Wl8V-py3.7/lib/python3.7/site-packages/urllib3/connectionpool.py", line 677, in urlopen
    chunked=chunked,
  File "/root/.cache/pypoetry/virtualenvs/cpdbv2-backend-VA82Wl8V-py3.7/lib/python3.7/site-packages/urllib3/connectionpool.py", line 392, in _make_request
    conn.request(method, url, **httplib_request_kw)
  File "/usr/local/lib/python3.7/http/client.py", line 1281, in request
    self._send_request(method, url, body, headers, encode_chunked)
  File "/usr/local/lib/python3.7/http/client.py", line 1327, in _send_request
    self.endheaders(body, encode_chunked=encode_chunked)
  File "/usr/local/lib/python3.7/http/client.py", line 1276, in endheaders
    self._send_output(message_body, encode_chunked=encode_chunked)
  File "/usr/local/lib/python3.7/http/client.py", line 1036, in _send_output
    self.send(msg)
  File "/usr/local/lib/python3.7/http/client.py", line 976, in send
    self.connect()
  File "/root/.cache/pypoetry/virtualenvs/cpdbv2-backend-VA82Wl8V-py3.7/lib/python3.7/site-packages/urllib3/connection.py", line 187, in connect
    conn = self._new_conn()
  File "/root/.cache/pypoetry/virtualenvs/cpdbv2-backend-VA82Wl8V-py3.7/lib/python3.7/site-packages/urllib3/connection.py", line 172, in _new_conn
    self, "Failed to establish a new connection: %s" % e
urllib3.exceptions.NewConnectionError: <urllib3.connection.HTTPConnection object at 0x7ff068eac890>: Failed to establish a new connection: [Errno -2] Name or service not known
elasticsearch: DEBUG: > None
urllib3.util.retry: DEBUG: Converted retries value: False -> Retry(total=False, connect=None, read=None, redirect=0, status=None)
urllib3.connectionpool: DEBUG: Starting new HTTP connection (255): elasticsearch:9200
elasticsearch: WARNING: DELETE http://elasticsearch:9200/test_officers_c97d3965-996f-4fbb-b4a7-1038423423bd [status:N/A request:0.005s]
Traceback (most recent call last):
  File "/root/.cache/pypoetry/virtualenvs/cpdbv2-backend-VA82Wl8V-py3.7/lib/python3.7/site-packages/urllib3/connection.py", line 160, in _new_conn
    (self._dns_host, self.port), self.timeout, **extra_kw
  File "/root/.cache/pypoetry/virtualenvs/cpdbv2-backend-VA82Wl8V-py3.7/lib/python3.7/site-packages/urllib3/util/connection.py", line 61, in create_connection
    for res in socket.getaddrinfo(host, port, family, socket.SOCK_STREAM):
  File "/usr/local/lib/python3.7/socket.py", line 752, in getaddrinfo
    for res in _socket.getaddrinfo(host, port, family, type, proto, flags):
socket.gaierror: [Errno -2] Name or service not known

During handling of the above exception, another exception occurred:

Traceback (most recent call last):
  File "/root/.cache/pypoetry/virtualenvs/cpdbv2-backend-VA82Wl8V-py3.7/lib/python3.7/site-packages/elasticsearch/connection/http_urllib3.py", line 115, in perform_request
    response = self.pool.urlopen(method, url, body, retries=False, headers=self.headers, **kw)
  File "/root/.cache/pypoetry/virtualenvs/cpdbv2-backend-VA82Wl8V-py3.7/lib/python3.7/site-packages/urllib3/connectionpool.py", line 727, in urlopen
    method, url, error=e, _pool=self, _stacktrace=sys.exc_info()[2]
  File "/root/.cache/pypoetry/virtualenvs/cpdbv2-backend-VA82Wl8V-py3.7/lib/python3.7/site-packages/urllib3/util/retry.py", line 386, in increment
    raise six.reraise(type(error), error, _stacktrace)
  File "/root/.cache/pypoetry/virtualenvs/cpdbv2-backend-VA82Wl8V-py3.7/lib/python3.7/site-packages/urllib3/packages/six.py", line 735, in reraise
    raise value
  File "/root/.cache/pypoetry/virtualenvs/cpdbv2-backend-VA82Wl8V-py3.7/lib/python3.7/site-packages/urllib3/connectionpool.py", line 677, in urlopen
    chunked=chunked,
  File "/root/.cache/pypoetry/virtualenvs/cpdbv2-backend-VA82Wl8V-py3.7/lib/python3.7/site-packages/urllib3/connectionpool.py", line 392, in _make_request
    conn.request(method, url, **httplib_request_kw)
  File "/usr/local/lib/python3.7/http/client.py", line 1281, in request
    self._send_request(method, url, body, headers, encode_chunked)
  File "/usr/local/lib/python3.7/http/client.py", line 1327, in _send_request
    self.endheaders(body, encode_chunked=encode_chunked)
  File "/usr/local/lib/python3.7/http/client.py", line 1276, in endheaders
    self._send_output(message_body, encode_chunked=encode_chunked)
  File "/usr/local/lib/python3.7/http/client.py", line 1036, in _send_output
    self.send(msg)
  File "/usr/local/lib/python3.7/http/client.py", line 976, in send
    self.connect()
  File "/root/.cache/pypoetry/virtualenvs/cpdbv2-backend-VA82Wl8V-py3.7/lib/python3.7/site-packages/urllib3/connection.py", line 187, in connect
    conn = self._new_conn()
  File "/root/.cache/pypoetry/virtualenvs/cpdbv2-backend-VA82Wl8V-py3.7/lib/python3.7/site-packages/urllib3/connection.py", line 172, in _new_conn
    self, "Failed to establish a new connection: %s" % e
urllib3.exceptions.NewConnectionError: <urllib3.connection.HTTPConnection object at 0x7ff068eac350>: Failed to establish a new connection: [Errno -2] Name or service not known
elasticsearch: DEBUG: > None
urllib3.util.retry: DEBUG: Converted retries value: False -> Retry(total=False, connect=None, read=None, redirect=0, status=None)
urllib3.connectionpool: DEBUG: Starting new HTTP connection (256): elasticsearch:9200
elasticsearch: WARNING: DELETE http://elasticsearch:9200/test_officers_c97d3965-996f-4fbb-b4a7-1038423423bd [status:N/A request:0.005s]
Traceback (most recent call last):
  File "/root/.cache/pypoetry/virtualenvs/cpdbv2-backend-VA82Wl8V-py3.7/lib/python3.7/site-packages/urllib3/connection.py", line 160, in _new_conn
    (self._dns_host, self.port), self.timeout, **extra_kw
  File "/root/.cache/pypoetry/virtualenvs/cpdbv2-backend-VA82Wl8V-py3.7/lib/python3.7/site-packages/urllib3/util/connection.py", line 61, in create_connection
    for res in socket.getaddrinfo(host, port, family, socket.SOCK_STREAM):
  File "/usr/local/lib/python3.7/socket.py", line 752, in getaddrinfo
    for res in _socket.getaddrinfo(host, port, family, type, proto, flags):
socket.gaierror: [Errno -2] Name or service not known

During handling of the above exception, another exception occurred:

Traceback (most recent call last):
  File "/root/.cache/pypoetry/virtualenvs/cpdbv2-backend-VA82Wl8V-py3.7/lib/python3.7/site-packages/elasticsearch/connection/http_urllib3.py", line 115, in perform_request
    response = self.pool.urlopen(method, url, body, retries=False, headers=self.headers, **kw)
  File "/root/.cache/pypoetry/virtualenvs/cpdbv2-backend-VA82Wl8V-py3.7/lib/python3.7/site-packages/urllib3/connectionpool.py", line 727, in urlopen
    method, url, error=e, _pool=self, _stacktrace=sys.exc_info()[2]
  File "/root/.cache/pypoetry/virtualenvs/cpdbv2-backend-VA82Wl8V-py3.7/lib/python3.7/site-packages/urllib3/util/retry.py", line 386, in increment
    raise six.reraise(type(error), error, _stacktrace)
  File "/root/.cache/pypoetry/virtualenvs/cpdbv2-backend-VA82Wl8V-py3.7/lib/python3.7/site-packages/urllib3/packages/six.py", line 735, in reraise
    raise value
  File "/root/.cache/pypoetry/virtualenvs/cpdbv2-backend-VA82Wl8V-py3.7/lib/python3.7/site-packages/urllib3/connectionpool.py", line 677, in urlopen
    chunked=chunked,
  File "/root/.cache/pypoetry/virtualenvs/cpdbv2-backend-VA82Wl8V-py3.7/lib/python3.7/site-packages/urllib3/connectionpool.py", line 392, in _make_request
    conn.request(method, url, **httplib_request_kw)
  File "/usr/local/lib/python3.7/http/client.py", line 1281, in request
    self._send_request(method, url, body, headers, encode_chunked)
  File "/usr/local/lib/python3.7/http/client.py", line 1327, in _send_request
    self.endheaders(body, encode_chunked=encode_chunked)
  File "/usr/local/lib/python3.7/http/client.py", line 1276, in endheaders
    self._send_output(message_body, encode_chunked=encode_chunked)
  File "/usr/local/lib/python3.7/http/client.py", line 1036, in _send_output
    self.send(msg)
  File "/usr/local/lib/python3.7/http/client.py", line 976, in send
    self.connect()
  File "/root/.cache/pypoetry/virtualenvs/cpdbv2-backend-VA82Wl8V-py3.7/lib/python3.7/site-packages/urllib3/connection.py", line 187, in connect
    conn = self._new_conn()
  File "/root/.cache/pypoetry/virtualenvs/cpdbv2-backend-VA82Wl8V-py3.7/lib/python3.7/site-packages/urllib3/connection.py", line 172, in _new_conn
    self, "Failed to establish a new connection: %s" % e
urllib3.exceptions.NewConnectionError: <urllib3.connection.HTTPConnection object at 0x7ff068eac390>: Failed to establish a new connection: [Errno -2] Name or service not known
elasticsearch: DEBUG: > None
--------------------- >> end captured logging << ---------------------

======================================================================
ERROR: test_coaccusals_not_found (officers.tests.views.test_views.OfficersViewSetTestCase)
----------------------------------------------------------------------
Traceback (most recent call last):
  File "/usr/src/app/cpdb/officers/tests/mixins.py", line 10, in setUp
    officers_index_alias.write_index.delete(ignore=404)
  File "/root/.cache/pypoetry/virtualenvs/cpdbv2-backend-VA82Wl8V-py3.7/lib/python3.7/site-packages/elasticsearch_dsl/index.py", line 222, in delete
    self.connection.indices.delete(index=self._name, **kwargs)
  File "/root/.cache/pypoetry/virtualenvs/cpdbv2-backend-VA82Wl8V-py3.7/lib/python3.7/site-packages/elasticsearch/client/utils.py", line 73, in _wrapped
    return func(*args, params=params, **kwargs)
  File "/root/.cache/pypoetry/virtualenvs/cpdbv2-backend-VA82Wl8V-py3.7/lib/python3.7/site-packages/elasticsearch/client/indices.py", line 200, in delete
    params=params)
  File "/root/.cache/pypoetry/virtualenvs/cpdbv2-backend-VA82Wl8V-py3.7/lib/python3.7/site-packages/elasticsearch/transport.py", line 312, in perform_request
    status, headers, data = connection.perform_request(method, url, params, body, ignore=ignore, timeout=timeout)
  File "/root/.cache/pypoetry/virtualenvs/cpdbv2-backend-VA82Wl8V-py3.7/lib/python3.7/site-packages/elasticsearch/connection/http_urllib3.py", line 124, in perform_request
    raise ConnectionError('N/A', str(e), e)
elasticsearch.exceptions.ConnectionError: ConnectionError(<urllib3.connection.HTTPConnection object at 0x7ff068ea0350>: Failed to establish a new connection: [Errno -2] Name or service not known) caused by: NewConnectionError(<urllib3.connection.HTTPConnection object at 0x7ff068ea0350>: Failed to establish a new connection: [Errno -2] Name or service not known)
-------------------- >> begin captured logging << --------------------
urllib3.util.retry: DEBUG: Converted retries value: False -> Retry(total=False, connect=None, read=None, redirect=0, status=None)
urllib3.connectionpool: DEBUG: Starting new HTTP connection (257): elasticsearch:9200
elasticsearch: WARNING: DELETE http://elasticsearch:9200/test_officers_c97d3965-996f-4fbb-b4a7-1038423423bd [status:N/A request:0.008s]
Traceback (most recent call last):
  File "/root/.cache/pypoetry/virtualenvs/cpdbv2-backend-VA82Wl8V-py3.7/lib/python3.7/site-packages/urllib3/connection.py", line 160, in _new_conn
    (self._dns_host, self.port), self.timeout, **extra_kw
  File "/root/.cache/pypoetry/virtualenvs/cpdbv2-backend-VA82Wl8V-py3.7/lib/python3.7/site-packages/urllib3/util/connection.py", line 61, in create_connection
    for res in socket.getaddrinfo(host, port, family, socket.SOCK_STREAM):
  File "/usr/local/lib/python3.7/socket.py", line 752, in getaddrinfo
    for res in _socket.getaddrinfo(host, port, family, type, proto, flags):
socket.gaierror: [Errno -2] Name or service not known

During handling of the above exception, another exception occurred:

Traceback (most recent call last):
  File "/root/.cache/pypoetry/virtualenvs/cpdbv2-backend-VA82Wl8V-py3.7/lib/python3.7/site-packages/elasticsearch/connection/http_urllib3.py", line 115, in perform_request
    response = self.pool.urlopen(method, url, body, retries=False, headers=self.headers, **kw)
  File "/root/.cache/pypoetry/virtualenvs/cpdbv2-backend-VA82Wl8V-py3.7/lib/python3.7/site-packages/urllib3/connectionpool.py", line 727, in urlopen
    method, url, error=e, _pool=self, _stacktrace=sys.exc_info()[2]
  File "/root/.cache/pypoetry/virtualenvs/cpdbv2-backend-VA82Wl8V-py3.7/lib/python3.7/site-packages/urllib3/util/retry.py", line 386, in increment
    raise six.reraise(type(error), error, _stacktrace)
  File "/root/.cache/pypoetry/virtualenvs/cpdbv2-backend-VA82Wl8V-py3.7/lib/python3.7/site-packages/urllib3/packages/six.py", line 735, in reraise
    raise value
  File "/root/.cache/pypoetry/virtualenvs/cpdbv2-backend-VA82Wl8V-py3.7/lib/python3.7/site-packages/urllib3/connectionpool.py", line 677, in urlopen
    chunked=chunked,
  File "/root/.cache/pypoetry/virtualenvs/cpdbv2-backend-VA82Wl8V-py3.7/lib/python3.7/site-packages/urllib3/connectionpool.py", line 392, in _make_request
    conn.request(method, url, **httplib_request_kw)
  File "/usr/local/lib/python3.7/http/client.py", line 1281, in request
    self._send_request(method, url, body, headers, encode_chunked)
  File "/usr/local/lib/python3.7/http/client.py", line 1327, in _send_request
    self.endheaders(body, encode_chunked=encode_chunked)
  File "/usr/local/lib/python3.7/http/client.py", line 1276, in endheaders
    self._send_output(message_body, encode_chunked=encode_chunked)
  File "/usr/local/lib/python3.7/http/client.py", line 1036, in _send_output
    self.send(msg)
  File "/usr/local/lib/python3.7/http/client.py", line 976, in send
    self.connect()
  File "/root/.cache/pypoetry/virtualenvs/cpdbv2-backend-VA82Wl8V-py3.7/lib/python3.7/site-packages/urllib3/connection.py", line 187, in connect
    conn = self._new_conn()
  File "/root/.cache/pypoetry/virtualenvs/cpdbv2-backend-VA82Wl8V-py3.7/lib/python3.7/site-packages/urllib3/connection.py", line 172, in _new_conn
    self, "Failed to establish a new connection: %s" % e
urllib3.exceptions.NewConnectionError: <urllib3.connection.HTTPConnection object at 0x7ff068dfa450>: Failed to establish a new connection: [Errno -2] Name or service not known
elasticsearch: DEBUG: > None
urllib3.util.retry: DEBUG: Converted retries value: False -> Retry(total=False, connect=None, read=None, redirect=0, status=None)
urllib3.connectionpool: DEBUG: Starting new HTTP connection (258): elasticsearch:9200
elasticsearch: WARNING: DELETE http://elasticsearch:9200/test_officers_c97d3965-996f-4fbb-b4a7-1038423423bd [status:N/A request:0.007s]
Traceback (most recent call last):
  File "/root/.cache/pypoetry/virtualenvs/cpdbv2-backend-VA82Wl8V-py3.7/lib/python3.7/site-packages/urllib3/connection.py", line 160, in _new_conn
    (self._dns_host, self.port), self.timeout, **extra_kw
  File "/root/.cache/pypoetry/virtualenvs/cpdbv2-backend-VA82Wl8V-py3.7/lib/python3.7/site-packages/urllib3/util/connection.py", line 61, in create_connection
    for res in socket.getaddrinfo(host, port, family, socket.SOCK_STREAM):
  File "/usr/local/lib/python3.7/socket.py", line 752, in getaddrinfo
    for res in _socket.getaddrinfo(host, port, family, type, proto, flags):
socket.gaierror: [Errno -2] Name or service not known

During handling of the above exception, another exception occurred:

Traceback (most recent call last):
  File "/root/.cache/pypoetry/virtualenvs/cpdbv2-backend-VA82Wl8V-py3.7/lib/python3.7/site-packages/elasticsearch/connection/http_urllib3.py", line 115, in perform_request
    response = self.pool.urlopen(method, url, body, retries=False, headers=self.headers, **kw)
  File "/root/.cache/pypoetry/virtualenvs/cpdbv2-backend-VA82Wl8V-py3.7/lib/python3.7/site-packages/urllib3/connectionpool.py", line 727, in urlopen
    method, url, error=e, _pool=self, _stacktrace=sys.exc_info()[2]
  File "/root/.cache/pypoetry/virtualenvs/cpdbv2-backend-VA82Wl8V-py3.7/lib/python3.7/site-packages/urllib3/util/retry.py", line 386, in increment
    raise six.reraise(type(error), error, _stacktrace)
  File "/root/.cache/pypoetry/virtualenvs/cpdbv2-backend-VA82Wl8V-py3.7/lib/python3.7/site-packages/urllib3/packages/six.py", line 735, in reraise
    raise value
  File "/root/.cache/pypoetry/virtualenvs/cpdbv2-backend-VA82Wl8V-py3.7/lib/python3.7/site-packages/urllib3/connectionpool.py", line 677, in urlopen
    chunked=chunked,
  File "/root/.cache/pypoetry/virtualenvs/cpdbv2-backend-VA82Wl8V-py3.7/lib/python3.7/site-packages/urllib3/connectionpool.py", line 392, in _make_request
    conn.request(method, url, **httplib_request_kw)
  File "/usr/local/lib/python3.7/http/client.py", line 1281, in request
    self._send_request(method, url, body, headers, encode_chunked)
  File "/usr/local/lib/python3.7/http/client.py", line 1327, in _send_request
    self.endheaders(body, encode_chunked=encode_chunked)
  File "/usr/local/lib/python3.7/http/client.py", line 1276, in endheaders
    self._send_output(message_body, encode_chunked=encode_chunked)
  File "/usr/local/lib/python3.7/http/client.py", line 1036, in _send_output
    self.send(msg)
  File "/usr/local/lib/python3.7/http/client.py", line 976, in send
    self.connect()
  File "/root/.cache/pypoetry/virtualenvs/cpdbv2-backend-VA82Wl8V-py3.7/lib/python3.7/site-packages/urllib3/connection.py", line 187, in connect
    conn = self._new_conn()
  File "/root/.cache/pypoetry/virtualenvs/cpdbv2-backend-VA82Wl8V-py3.7/lib/python3.7/site-packages/urllib3/connection.py", line 172, in _new_conn
    self, "Failed to establish a new connection: %s" % e
urllib3.exceptions.NewConnectionError: <urllib3.connection.HTTPConnection object at 0x7ff068dfac50>: Failed to establish a new connection: [Errno -2] Name or service not known
elasticsearch: DEBUG: > None
urllib3.util.retry: DEBUG: Converted retries value: False -> Retry(total=False, connect=None, read=None, redirect=0, status=None)
urllib3.connectionpool: DEBUG: Starting new HTTP connection (259): elasticsearch:9200
elasticsearch: WARNING: DELETE http://elasticsearch:9200/test_officers_c97d3965-996f-4fbb-b4a7-1038423423bd [status:N/A request:0.007s]
Traceback (most recent call last):
  File "/root/.cache/pypoetry/virtualenvs/cpdbv2-backend-VA82Wl8V-py3.7/lib/python3.7/site-packages/urllib3/connection.py", line 160, in _new_conn
    (self._dns_host, self.port), self.timeout, **extra_kw
  File "/root/.cache/pypoetry/virtualenvs/cpdbv2-backend-VA82Wl8V-py3.7/lib/python3.7/site-packages/urllib3/util/connection.py", line 61, in create_connection
    for res in socket.getaddrinfo(host, port, family, socket.SOCK_STREAM):
  File "/usr/local/lib/python3.7/socket.py", line 752, in getaddrinfo
    for res in _socket.getaddrinfo(host, port, family, type, proto, flags):
socket.gaierror: [Errno -2] Name or service not known

During handling of the above exception, another exception occurred:

Traceback (most recent call last):
  File "/root/.cache/pypoetry/virtualenvs/cpdbv2-backend-VA82Wl8V-py3.7/lib/python3.7/site-packages/elasticsearch/connection/http_urllib3.py", line 115, in perform_request
    response = self.pool.urlopen(method, url, body, retries=False, headers=self.headers, **kw)
  File "/root/.cache/pypoetry/virtualenvs/cpdbv2-backend-VA82Wl8V-py3.7/lib/python3.7/site-packages/urllib3/connectionpool.py", line 727, in urlopen
    method, url, error=e, _pool=self, _stacktrace=sys.exc_info()[2]
  File "/root/.cache/pypoetry/virtualenvs/cpdbv2-backend-VA82Wl8V-py3.7/lib/python3.7/site-packages/urllib3/util/retry.py", line 386, in increment
    raise six.reraise(type(error), error, _stacktrace)
  File "/root/.cache/pypoetry/virtualenvs/cpdbv2-backend-VA82Wl8V-py3.7/lib/python3.7/site-packages/urllib3/packages/six.py", line 735, in reraise
    raise value
  File "/root/.cache/pypoetry/virtualenvs/cpdbv2-backend-VA82Wl8V-py3.7/lib/python3.7/site-packages/urllib3/connectionpool.py", line 677, in urlopen
    chunked=chunked,
  File "/root/.cache/pypoetry/virtualenvs/cpdbv2-backend-VA82Wl8V-py3.7/lib/python3.7/site-packages/urllib3/connectionpool.py", line 392, in _make_request
    conn.request(method, url, **httplib_request_kw)
  File "/usr/local/lib/python3.7/http/client.py", line 1281, in request
    self._send_request(method, url, body, headers, encode_chunked)
  File "/usr/local/lib/python3.7/http/client.py", line 1327, in _send_request
    self.endheaders(body, encode_chunked=encode_chunked)
  File "/usr/local/lib/python3.7/http/client.py", line 1276, in endheaders
    self._send_output(message_body, encode_chunked=encode_chunked)
  File "/usr/local/lib/python3.7/http/client.py", line 1036, in _send_output
    self.send(msg)
  File "/usr/local/lib/python3.7/http/client.py", line 976, in send
    self.connect()
  File "/root/.cache/pypoetry/virtualenvs/cpdbv2-backend-VA82Wl8V-py3.7/lib/python3.7/site-packages/urllib3/connection.py", line 187, in connect
    conn = self._new_conn()
  File "/root/.cache/pypoetry/virtualenvs/cpdbv2-backend-VA82Wl8V-py3.7/lib/python3.7/site-packages/urllib3/connection.py", line 172, in _new_conn
    self, "Failed to establish a new connection: %s" % e
urllib3.exceptions.NewConnectionError: <urllib3.connection.HTTPConnection object at 0x7ff068dfa7d0>: Failed to establish a new connection: [Errno -2] Name or service not known
elasticsearch: DEBUG: > None
urllib3.util.retry: DEBUG: Converted retries value: False -> Retry(total=False, connect=None, read=None, redirect=0, status=None)
urllib3.connectionpool: DEBUG: Starting new HTTP connection (260): elasticsearch:9200
elasticsearch: WARNING: DELETE http://elasticsearch:9200/test_officers_c97d3965-996f-4fbb-b4a7-1038423423bd [status:N/A request:0.005s]
Traceback (most recent call last):
  File "/root/.cache/pypoetry/virtualenvs/cpdbv2-backend-VA82Wl8V-py3.7/lib/python3.7/site-packages/urllib3/connection.py", line 160, in _new_conn
    (self._dns_host, self.port), self.timeout, **extra_kw
  File "/root/.cache/pypoetry/virtualenvs/cpdbv2-backend-VA82Wl8V-py3.7/lib/python3.7/site-packages/urllib3/util/connection.py", line 61, in create_connection
    for res in socket.getaddrinfo(host, port, family, socket.SOCK_STREAM):
  File "/usr/local/lib/python3.7/socket.py", line 752, in getaddrinfo
    for res in _socket.getaddrinfo(host, port, family, type, proto, flags):
socket.gaierror: [Errno -2] Name or service not known

During handling of the above exception, another exception occurred:

Traceback (most recent call last):
  File "/root/.cache/pypoetry/virtualenvs/cpdbv2-backend-VA82Wl8V-py3.7/lib/python3.7/site-packages/elasticsearch/connection/http_urllib3.py", line 115, in perform_request
    response = self.pool.urlopen(method, url, body, retries=False, headers=self.headers, **kw)
  File "/root/.cache/pypoetry/virtualenvs/cpdbv2-backend-VA82Wl8V-py3.7/lib/python3.7/site-packages/urllib3/connectionpool.py", line 727, in urlopen
    method, url, error=e, _pool=self, _stacktrace=sys.exc_info()[2]
  File "/root/.cache/pypoetry/virtualenvs/cpdbv2-backend-VA82Wl8V-py3.7/lib/python3.7/site-packages/urllib3/util/retry.py", line 386, in increment
    raise six.reraise(type(error), error, _stacktrace)
  File "/root/.cache/pypoetry/virtualenvs/cpdbv2-backend-VA82Wl8V-py3.7/lib/python3.7/site-packages/urllib3/packages/six.py", line 735, in reraise
    raise value
  File "/root/.cache/pypoetry/virtualenvs/cpdbv2-backend-VA82Wl8V-py3.7/lib/python3.7/site-packages/urllib3/connectionpool.py", line 677, in urlopen
    chunked=chunked,
  File "/root/.cache/pypoetry/virtualenvs/cpdbv2-backend-VA82Wl8V-py3.7/lib/python3.7/site-packages/urllib3/connectionpool.py", line 392, in _make_request
    conn.request(method, url, **httplib_request_kw)
  File "/usr/local/lib/python3.7/http/client.py", line 1281, in request
    self._send_request(method, url, body, headers, encode_chunked)
  File "/usr/local/lib/python3.7/http/client.py", line 1327, in _send_request
    self.endheaders(body, encode_chunked=encode_chunked)
  File "/usr/local/lib/python3.7/http/client.py", line 1276, in endheaders
    self._send_output(message_body, encode_chunked=encode_chunked)
  File "/usr/local/lib/python3.7/http/client.py", line 1036, in _send_output
    self.send(msg)
  File "/usr/local/lib/python3.7/http/client.py", line 976, in send
    self.connect()
  File "/root/.cache/pypoetry/virtualenvs/cpdbv2-backend-VA82Wl8V-py3.7/lib/python3.7/site-packages/urllib3/connection.py", line 187, in connect
    conn = self._new_conn()
  File "/root/.cache/pypoetry/virtualenvs/cpdbv2-backend-VA82Wl8V-py3.7/lib/python3.7/site-packages/urllib3/connection.py", line 172, in _new_conn
    self, "Failed to establish a new connection: %s" % e
urllib3.exceptions.NewConnectionError: <urllib3.connection.HTTPConnection object at 0x7ff068ea0350>: Failed to establish a new connection: [Errno -2] Name or service not known
elasticsearch: DEBUG: > None
--------------------- >> end captured logging << ---------------------

======================================================================
ERROR: test_coaccusals_with_alias (officers.tests.views.test_views.OfficersViewSetTestCase)
----------------------------------------------------------------------
Traceback (most recent call last):
  File "/usr/src/app/cpdb/officers/tests/mixins.py", line 10, in setUp
    officers_index_alias.write_index.delete(ignore=404)
  File "/root/.cache/pypoetry/virtualenvs/cpdbv2-backend-VA82Wl8V-py3.7/lib/python3.7/site-packages/elasticsearch_dsl/index.py", line 222, in delete
    self.connection.indices.delete(index=self._name, **kwargs)
  File "/root/.cache/pypoetry/virtualenvs/cpdbv2-backend-VA82Wl8V-py3.7/lib/python3.7/site-packages/elasticsearch/client/utils.py", line 73, in _wrapped
    return func(*args, params=params, **kwargs)
  File "/root/.cache/pypoetry/virtualenvs/cpdbv2-backend-VA82Wl8V-py3.7/lib/python3.7/site-packages/elasticsearch/client/indices.py", line 200, in delete
    params=params)
  File "/root/.cache/pypoetry/virtualenvs/cpdbv2-backend-VA82Wl8V-py3.7/lib/python3.7/site-packages/elasticsearch/transport.py", line 312, in perform_request
    status, headers, data = connection.perform_request(method, url, params, body, ignore=ignore, timeout=timeout)
  File "/root/.cache/pypoetry/virtualenvs/cpdbv2-backend-VA82Wl8V-py3.7/lib/python3.7/site-packages/elasticsearch/connection/http_urllib3.py", line 124, in perform_request
    raise ConnectionError('N/A', str(e), e)
elasticsearch.exceptions.ConnectionError: ConnectionError(<urllib3.connection.HTTPConnection object at 0x7ff068e0e290>: Failed to establish a new connection: [Errno -2] Name or service not known) caused by: NewConnectionError(<urllib3.connection.HTTPConnection object at 0x7ff068e0e290>: Failed to establish a new connection: [Errno -2] Name or service not known)
-------------------- >> begin captured logging << --------------------
urllib3.util.retry: DEBUG: Converted retries value: False -> Retry(total=False, connect=None, read=None, redirect=0, status=None)
urllib3.connectionpool: DEBUG: Starting new HTTP connection (261): elasticsearch:9200
elasticsearch: WARNING: DELETE http://elasticsearch:9200/test_officers_c97d3965-996f-4fbb-b4a7-1038423423bd [status:N/A request:0.007s]
Traceback (most recent call last):
  File "/root/.cache/pypoetry/virtualenvs/cpdbv2-backend-VA82Wl8V-py3.7/lib/python3.7/site-packages/urllib3/connection.py", line 160, in _new_conn
    (self._dns_host, self.port), self.timeout, **extra_kw
  File "/root/.cache/pypoetry/virtualenvs/cpdbv2-backend-VA82Wl8V-py3.7/lib/python3.7/site-packages/urllib3/util/connection.py", line 61, in create_connection
    for res in socket.getaddrinfo(host, port, family, socket.SOCK_STREAM):
  File "/usr/local/lib/python3.7/socket.py", line 752, in getaddrinfo
    for res in _socket.getaddrinfo(host, port, family, type, proto, flags):
socket.gaierror: [Errno -2] Name or service not known

During handling of the above exception, another exception occurred:

Traceback (most recent call last):
  File "/root/.cache/pypoetry/virtualenvs/cpdbv2-backend-VA82Wl8V-py3.7/lib/python3.7/site-packages/elasticsearch/connection/http_urllib3.py", line 115, in perform_request
    response = self.pool.urlopen(method, url, body, retries=False, headers=self.headers, **kw)
  File "/root/.cache/pypoetry/virtualenvs/cpdbv2-backend-VA82Wl8V-py3.7/lib/python3.7/site-packages/urllib3/connectionpool.py", line 727, in urlopen
    method, url, error=e, _pool=self, _stacktrace=sys.exc_info()[2]
  File "/root/.cache/pypoetry/virtualenvs/cpdbv2-backend-VA82Wl8V-py3.7/lib/python3.7/site-packages/urllib3/util/retry.py", line 386, in increment
    raise six.reraise(type(error), error, _stacktrace)
  File "/root/.cache/pypoetry/virtualenvs/cpdbv2-backend-VA82Wl8V-py3.7/lib/python3.7/site-packages/urllib3/packages/six.py", line 735, in reraise
    raise value
  File "/root/.cache/pypoetry/virtualenvs/cpdbv2-backend-VA82Wl8V-py3.7/lib/python3.7/site-packages/urllib3/connectionpool.py", line 677, in urlopen
    chunked=chunked,
  File "/root/.cache/pypoetry/virtualenvs/cpdbv2-backend-VA82Wl8V-py3.7/lib/python3.7/site-packages/urllib3/connectionpool.py", line 392, in _make_request
    conn.request(method, url, **httplib_request_kw)
  File "/usr/local/lib/python3.7/http/client.py", line 1281, in request
    self._send_request(method, url, body, headers, encode_chunked)
  File "/usr/local/lib/python3.7/http/client.py", line 1327, in _send_request
    self.endheaders(body, encode_chunked=encode_chunked)
  File "/usr/local/lib/python3.7/http/client.py", line 1276, in endheaders
    self._send_output(message_body, encode_chunked=encode_chunked)
  File "/usr/local/lib/python3.7/http/client.py", line 1036, in _send_output
    self.send(msg)
  File "/usr/local/lib/python3.7/http/client.py", line 976, in send
    self.connect()
  File "/root/.cache/pypoetry/virtualenvs/cpdbv2-backend-VA82Wl8V-py3.7/lib/python3.7/site-packages/urllib3/connection.py", line 187, in connect
    conn = self._new_conn()
  File "/root/.cache/pypoetry/virtualenvs/cpdbv2-backend-VA82Wl8V-py3.7/lib/python3.7/site-packages/urllib3/connection.py", line 172, in _new_conn
    self, "Failed to establish a new connection: %s" % e
urllib3.exceptions.NewConnectionError: <urllib3.connection.HTTPConnection object at 0x7ff068ea0e90>: Failed to establish a new connection: [Errno -2] Name or service not known
elasticsearch: DEBUG: > None
urllib3.util.retry: DEBUG: Converted retries value: False -> Retry(total=False, connect=None, read=None, redirect=0, status=None)
urllib3.connectionpool: DEBUG: Starting new HTTP connection (262): elasticsearch:9200
elasticsearch: WARNING: DELETE http://elasticsearch:9200/test_officers_c97d3965-996f-4fbb-b4a7-1038423423bd [status:N/A request:0.010s]
Traceback (most recent call last):
  File "/root/.cache/pypoetry/virtualenvs/cpdbv2-backend-VA82Wl8V-py3.7/lib/python3.7/site-packages/urllib3/connection.py", line 160, in _new_conn
    (self._dns_host, self.port), self.timeout, **extra_kw
  File "/root/.cache/pypoetry/virtualenvs/cpdbv2-backend-VA82Wl8V-py3.7/lib/python3.7/site-packages/urllib3/util/connection.py", line 61, in create_connection
    for res in socket.getaddrinfo(host, port, family, socket.SOCK_STREAM):
  File "/usr/local/lib/python3.7/socket.py", line 752, in getaddrinfo
    for res in _socket.getaddrinfo(host, port, family, type, proto, flags):
socket.gaierror: [Errno -2] Name or service not known

During handling of the above exception, another exception occurred:

Traceback (most recent call last):
  File "/root/.cache/pypoetry/virtualenvs/cpdbv2-backend-VA82Wl8V-py3.7/lib/python3.7/site-packages/elasticsearch/connection/http_urllib3.py", line 115, in perform_request
    response = self.pool.urlopen(method, url, body, retries=False, headers=self.headers, **kw)
  File "/root/.cache/pypoetry/virtualenvs/cpdbv2-backend-VA82Wl8V-py3.7/lib/python3.7/site-packages/urllib3/connectionpool.py", line 727, in urlopen
    method, url, error=e, _pool=self, _stacktrace=sys.exc_info()[2]
  File "/root/.cache/pypoetry/virtualenvs/cpdbv2-backend-VA82Wl8V-py3.7/lib/python3.7/site-packages/urllib3/util/retry.py", line 386, in increment
    raise six.reraise(type(error), error, _stacktrace)
  File "/root/.cache/pypoetry/virtualenvs/cpdbv2-backend-VA82Wl8V-py3.7/lib/python3.7/site-packages/urllib3/packages/six.py", line 735, in reraise
    raise value
  File "/root/.cache/pypoetry/virtualenvs/cpdbv2-backend-VA82Wl8V-py3.7/lib/python3.7/site-packages/urllib3/connectionpool.py", line 677, in urlopen
    chunked=chunked,
  File "/root/.cache/pypoetry/virtualenvs/cpdbv2-backend-VA82Wl8V-py3.7/lib/python3.7/site-packages/urllib3/connectionpool.py", line 392, in _make_request
    conn.request(method, url, **httplib_request_kw)
  File "/usr/local/lib/python3.7/http/client.py", line 1281, in request
    self._send_request(method, url, body, headers, encode_chunked)
  File "/usr/local/lib/python3.7/http/client.py", line 1327, in _send_request
    self.endheaders(body, encode_chunked=encode_chunked)
  File "/usr/local/lib/python3.7/http/client.py", line 1276, in endheaders
    self._send_output(message_body, encode_chunked=encode_chunked)
  File "/usr/local/lib/python3.7/http/client.py", line 1036, in _send_output
    self.send(msg)
  File "/usr/local/lib/python3.7/http/client.py", line 976, in send
    self.connect()
  File "/root/.cache/pypoetry/virtualenvs/cpdbv2-backend-VA82Wl8V-py3.7/lib/python3.7/site-packages/urllib3/connection.py", line 187, in connect
    conn = self._new_conn()
  File "/root/.cache/pypoetry/virtualenvs/cpdbv2-backend-VA82Wl8V-py3.7/lib/python3.7/site-packages/urllib3/connection.py", line 172, in _new_conn
    self, "Failed to establish a new connection: %s" % e
urllib3.exceptions.NewConnectionError: <urllib3.connection.HTTPConnection object at 0x7ff068ea0950>: Failed to establish a new connection: [Errno -2] Name or service not known
elasticsearch: DEBUG: > None
urllib3.util.retry: DEBUG: Converted retries value: False -> Retry(total=False, connect=None, read=None, redirect=0, status=None)
urllib3.connectionpool: DEBUG: Starting new HTTP connection (263): elasticsearch:9200
elasticsearch: WARNING: DELETE http://elasticsearch:9200/test_officers_c97d3965-996f-4fbb-b4a7-1038423423bd [status:N/A request:0.006s]
Traceback (most recent call last):
  File "/root/.cache/pypoetry/virtualenvs/cpdbv2-backend-VA82Wl8V-py3.7/lib/python3.7/site-packages/urllib3/connection.py", line 160, in _new_conn
    (self._dns_host, self.port), self.timeout, **extra_kw
  File "/root/.cache/pypoetry/virtualenvs/cpdbv2-backend-VA82Wl8V-py3.7/lib/python3.7/site-packages/urllib3/util/connection.py", line 61, in create_connection
    for res in socket.getaddrinfo(host, port, family, socket.SOCK_STREAM):
  File "/usr/local/lib/python3.7/socket.py", line 752, in getaddrinfo
    for res in _socket.getaddrinfo(host, port, family, type, proto, flags):
socket.gaierror: [Errno -2] Name or service not known

During handling of the above exception, another exception occurred:

Traceback (most recent call last):
  File "/root/.cache/pypoetry/virtualenvs/cpdbv2-backend-VA82Wl8V-py3.7/lib/python3.7/site-packages/elasticsearch/connection/http_urllib3.py", line 115, in perform_request
    response = self.pool.urlopen(method, url, body, retries=False, headers=self.headers, **kw)
  File "/root/.cache/pypoetry/virtualenvs/cpdbv2-backend-VA82Wl8V-py3.7/lib/python3.7/site-packages/urllib3/connectionpool.py", line 727, in urlopen
    method, url, error=e, _pool=self, _stacktrace=sys.exc_info()[2]
  File "/root/.cache/pypoetry/virtualenvs/cpdbv2-backend-VA82Wl8V-py3.7/lib/python3.7/site-packages/urllib3/util/retry.py", line 386, in increment
    raise six.reraise(type(error), error, _stacktrace)
  File "/root/.cache/pypoetry/virtualenvs/cpdbv2-backend-VA82Wl8V-py3.7/lib/python3.7/site-packages/urllib3/packages/six.py", line 735, in reraise
    raise value
  File "/root/.cache/pypoetry/virtualenvs/cpdbv2-backend-VA82Wl8V-py3.7/lib/python3.7/site-packages/urllib3/connectionpool.py", line 677, in urlopen
    chunked=chunked,
  File "/root/.cache/pypoetry/virtualenvs/cpdbv2-backend-VA82Wl8V-py3.7/lib/python3.7/site-packages/urllib3/connectionpool.py", line 392, in _make_request
    conn.request(method, url, **httplib_request_kw)
  File "/usr/local/lib/python3.7/http/client.py", line 1281, in request
    self._send_request(method, url, body, headers, encode_chunked)
  File "/usr/local/lib/python3.7/http/client.py", line 1327, in _send_request
    self.endheaders(body, encode_chunked=encode_chunked)
  File "/usr/local/lib/python3.7/http/client.py", line 1276, in endheaders
    self._send_output(message_body, encode_chunked=encode_chunked)
  File "/usr/local/lib/python3.7/http/client.py", line 1036, in _send_output
    self.send(msg)
  File "/usr/local/lib/python3.7/http/client.py", line 976, in send
    self.connect()
  File "/root/.cache/pypoetry/virtualenvs/cpdbv2-backend-VA82Wl8V-py3.7/lib/python3.7/site-packages/urllib3/connection.py", line 187, in connect
    conn = self._new_conn()
  File "/root/.cache/pypoetry/virtualenvs/cpdbv2-backend-VA82Wl8V-py3.7/lib/python3.7/site-packages/urllib3/connection.py", line 172, in _new_conn
    self, "Failed to establish a new connection: %s" % e
urllib3.exceptions.NewConnectionError: <urllib3.connection.HTTPConnection object at 0x7ff068e76d50>: Failed to establish a new connection: [Errno -2] Name or service not known
elasticsearch: DEBUG: > None
urllib3.util.retry: DEBUG: Converted retries value: False -> Retry(total=False, connect=None, read=None, redirect=0, status=None)
urllib3.connectionpool: DEBUG: Starting new HTTP connection (264): elasticsearch:9200
elasticsearch: WARNING: DELETE http://elasticsearch:9200/test_officers_c97d3965-996f-4fbb-b4a7-1038423423bd [status:N/A request:0.009s]
Traceback (most recent call last):
  File "/root/.cache/pypoetry/virtualenvs/cpdbv2-backend-VA82Wl8V-py3.7/lib/python3.7/site-packages/urllib3/connection.py", line 160, in _new_conn
    (self._dns_host, self.port), self.timeout, **extra_kw
  File "/root/.cache/pypoetry/virtualenvs/cpdbv2-backend-VA82Wl8V-py3.7/lib/python3.7/site-packages/urllib3/util/connection.py", line 61, in create_connection
    for res in socket.getaddrinfo(host, port, family, socket.SOCK_STREAM):
  File "/usr/local/lib/python3.7/socket.py", line 752, in getaddrinfo
    for res in _socket.getaddrinfo(host, port, family, type, proto, flags):
socket.gaierror: [Errno -2] Name or service not known

During handling of the above exception, another exception occurred:

Traceback (most recent call last):
  File "/root/.cache/pypoetry/virtualenvs/cpdbv2-backend-VA82Wl8V-py3.7/lib/python3.7/site-packages/elasticsearch/connection/http_urllib3.py", line 115, in perform_request
    response = self.pool.urlopen(method, url, body, retries=False, headers=self.headers, **kw)
  File "/root/.cache/pypoetry/virtualenvs/cpdbv2-backend-VA82Wl8V-py3.7/lib/python3.7/site-packages/urllib3/connectionpool.py", line 727, in urlopen
    method, url, error=e, _pool=self, _stacktrace=sys.exc_info()[2]
  File "/root/.cache/pypoetry/virtualenvs/cpdbv2-backend-VA82Wl8V-py3.7/lib/python3.7/site-packages/urllib3/util/retry.py", line 386, in increment
    raise six.reraise(type(error), error, _stacktrace)
  File "/root/.cache/pypoetry/virtualenvs/cpdbv2-backend-VA82Wl8V-py3.7/lib/python3.7/site-packages/urllib3/packages/six.py", line 735, in reraise
    raise value
  File "/root/.cache/pypoetry/virtualenvs/cpdbv2-backend-VA82Wl8V-py3.7/lib/python3.7/site-packages/urllib3/connectionpool.py", line 677, in urlopen
    chunked=chunked,
  File "/root/.cache/pypoetry/virtualenvs/cpdbv2-backend-VA82Wl8V-py3.7/lib/python3.7/site-packages/urllib3/connectionpool.py", line 392, in _make_request
    conn.request(method, url, **httplib_request_kw)
  File "/usr/local/lib/python3.7/http/client.py", line 1281, in request
    self._send_request(method, url, body, headers, encode_chunked)
  File "/usr/local/lib/python3.7/http/client.py", line 1327, in _send_request
    self.endheaders(body, encode_chunked=encode_chunked)
  File "/usr/local/lib/python3.7/http/client.py", line 1276, in endheaders
    self._send_output(message_body, encode_chunked=encode_chunked)
  File "/usr/local/lib/python3.7/http/client.py", line 1036, in _send_output
    self.send(msg)
  File "/usr/local/lib/python3.7/http/client.py", line 976, in send
    self.connect()
  File "/root/.cache/pypoetry/virtualenvs/cpdbv2-backend-VA82Wl8V-py3.7/lib/python3.7/site-packages/urllib3/connection.py", line 187, in connect
    conn = self._new_conn()
  File "/root/.cache/pypoetry/virtualenvs/cpdbv2-backend-VA82Wl8V-py3.7/lib/python3.7/site-packages/urllib3/connection.py", line 172, in _new_conn
    self, "Failed to establish a new connection: %s" % e
urllib3.exceptions.NewConnectionError: <urllib3.connection.HTTPConnection object at 0x7ff068e0e290>: Failed to establish a new connection: [Errno -2] Name or service not known
elasticsearch: DEBUG: > None
--------------------- >> end captured logging << ---------------------

======================================================================
ERROR: test_create_zip_file (officers.tests.views.test_views.OfficersViewSetTestCase)
----------------------------------------------------------------------
Traceback (most recent call last):
  File "/usr/src/app/cpdb/officers/tests/mixins.py", line 10, in setUp
    officers_index_alias.write_index.delete(ignore=404)
  File "/root/.cache/pypoetry/virtualenvs/cpdbv2-backend-VA82Wl8V-py3.7/lib/python3.7/site-packages/elasticsearch_dsl/index.py", line 222, in delete
    self.connection.indices.delete(index=self._name, **kwargs)
  File "/root/.cache/pypoetry/virtualenvs/cpdbv2-backend-VA82Wl8V-py3.7/lib/python3.7/site-packages/elasticsearch/client/utils.py", line 73, in _wrapped
    return func(*args, params=params, **kwargs)
  File "/root/.cache/pypoetry/virtualenvs/cpdbv2-backend-VA82Wl8V-py3.7/lib/python3.7/site-packages/elasticsearch/client/indices.py", line 200, in delete
    params=params)
  File "/root/.cache/pypoetry/virtualenvs/cpdbv2-backend-VA82Wl8V-py3.7/lib/python3.7/site-packages/elasticsearch/transport.py", line 312, in perform_request
    status, headers, data = connection.perform_request(method, url, params, body, ignore=ignore, timeout=timeout)
  File "/root/.cache/pypoetry/virtualenvs/cpdbv2-backend-VA82Wl8V-py3.7/lib/python3.7/site-packages/elasticsearch/connection/http_urllib3.py", line 124, in perform_request
    raise ConnectionError('N/A', str(e), e)
elasticsearch.exceptions.ConnectionError: ConnectionError(<urllib3.connection.HTTPConnection object at 0x7ff068ea0f50>: Failed to establish a new connection: [Errno -2] Name or service not known) caused by: NewConnectionError(<urllib3.connection.HTTPConnection object at 0x7ff068ea0f50>: Failed to establish a new connection: [Errno -2] Name or service not known)
-------------------- >> begin captured logging << --------------------
urllib3.util.retry: DEBUG: Converted retries value: False -> Retry(total=False, connect=None, read=None, redirect=0, status=None)
urllib3.connectionpool: DEBUG: Starting new HTTP connection (265): elasticsearch:9200
elasticsearch: WARNING: DELETE http://elasticsearch:9200/test_officers_c97d3965-996f-4fbb-b4a7-1038423423bd [status:N/A request:0.006s]
Traceback (most recent call last):
  File "/root/.cache/pypoetry/virtualenvs/cpdbv2-backend-VA82Wl8V-py3.7/lib/python3.7/site-packages/urllib3/connection.py", line 160, in _new_conn
    (self._dns_host, self.port), self.timeout, **extra_kw
  File "/root/.cache/pypoetry/virtualenvs/cpdbv2-backend-VA82Wl8V-py3.7/lib/python3.7/site-packages/urllib3/util/connection.py", line 61, in create_connection
    for res in socket.getaddrinfo(host, port, family, socket.SOCK_STREAM):
  File "/usr/local/lib/python3.7/socket.py", line 752, in getaddrinfo
    for res in _socket.getaddrinfo(host, port, family, type, proto, flags):
socket.gaierror: [Errno -2] Name or service not known

During handling of the above exception, another exception occurred:

Traceback (most recent call last):
  File "/root/.cache/pypoetry/virtualenvs/cpdbv2-backend-VA82Wl8V-py3.7/lib/python3.7/site-packages/elasticsearch/connection/http_urllib3.py", line 115, in perform_request
    response = self.pool.urlopen(method, url, body, retries=False, headers=self.headers, **kw)
  File "/root/.cache/pypoetry/virtualenvs/cpdbv2-backend-VA82Wl8V-py3.7/lib/python3.7/site-packages/urllib3/connectionpool.py", line 727, in urlopen
    method, url, error=e, _pool=self, _stacktrace=sys.exc_info()[2]
  File "/root/.cache/pypoetry/virtualenvs/cpdbv2-backend-VA82Wl8V-py3.7/lib/python3.7/site-packages/urllib3/util/retry.py", line 386, in increment
    raise six.reraise(type(error), error, _stacktrace)
  File "/root/.cache/pypoetry/virtualenvs/cpdbv2-backend-VA82Wl8V-py3.7/lib/python3.7/site-packages/urllib3/packages/six.py", line 735, in reraise
    raise value
  File "/root/.cache/pypoetry/virtualenvs/cpdbv2-backend-VA82Wl8V-py3.7/lib/python3.7/site-packages/urllib3/connectionpool.py", line 677, in urlopen
    chunked=chunked,
  File "/root/.cache/pypoetry/virtualenvs/cpdbv2-backend-VA82Wl8V-py3.7/lib/python3.7/site-packages/urllib3/connectionpool.py", line 392, in _make_request
    conn.request(method, url, **httplib_request_kw)
  File "/usr/local/lib/python3.7/http/client.py", line 1281, in request
    self._send_request(method, url, body, headers, encode_chunked)
  File "/usr/local/lib/python3.7/http/client.py", line 1327, in _send_request
    self.endheaders(body, encode_chunked=encode_chunked)
  File "/usr/local/lib/python3.7/http/client.py", line 1276, in endheaders
    self._send_output(message_body, encode_chunked=encode_chunked)
  File "/usr/local/lib/python3.7/http/client.py", line 1036, in _send_output
    self.send(msg)
  File "/usr/local/lib/python3.7/http/client.py", line 976, in send
    self.connect()
  File "/root/.cache/pypoetry/virtualenvs/cpdbv2-backend-VA82Wl8V-py3.7/lib/python3.7/site-packages/urllib3/connection.py", line 187, in connect
    conn = self._new_conn()
  File "/root/.cache/pypoetry/virtualenvs/cpdbv2-backend-VA82Wl8V-py3.7/lib/python3.7/site-packages/urllib3/connection.py", line 172, in _new_conn
    self, "Failed to establish a new connection: %s" % e
urllib3.exceptions.NewConnectionError: <urllib3.connection.HTTPConnection object at 0x7ff068e0eed0>: Failed to establish a new connection: [Errno -2] Name or service not known
elasticsearch: DEBUG: > None
urllib3.util.retry: DEBUG: Converted retries value: False -> Retry(total=False, connect=None, read=None, redirect=0, status=None)
urllib3.connectionpool: DEBUG: Starting new HTTP connection (266): elasticsearch:9200
elasticsearch: WARNING: DELETE http://elasticsearch:9200/test_officers_c97d3965-996f-4fbb-b4a7-1038423423bd [status:N/A request:0.009s]
Traceback (most recent call last):
  File "/root/.cache/pypoetry/virtualenvs/cpdbv2-backend-VA82Wl8V-py3.7/lib/python3.7/site-packages/urllib3/connection.py", line 160, in _new_conn
    (self._dns_host, self.port), self.timeout, **extra_kw
  File "/root/.cache/pypoetry/virtualenvs/cpdbv2-backend-VA82Wl8V-py3.7/lib/python3.7/site-packages/urllib3/util/connection.py", line 61, in create_connection
    for res in socket.getaddrinfo(host, port, family, socket.SOCK_STREAM):
  File "/usr/local/lib/python3.7/socket.py", line 752, in getaddrinfo
    for res in _socket.getaddrinfo(host, port, family, type, proto, flags):
socket.gaierror: [Errno -2] Name or service not known

During handling of the above exception, another exception occurred:

Traceback (most recent call last):
  File "/root/.cache/pypoetry/virtualenvs/cpdbv2-backend-VA82Wl8V-py3.7/lib/python3.7/site-packages/elasticsearch/connection/http_urllib3.py", line 115, in perform_request
    response = self.pool.urlopen(method, url, body, retries=False, headers=self.headers, **kw)
  File "/root/.cache/pypoetry/virtualenvs/cpdbv2-backend-VA82Wl8V-py3.7/lib/python3.7/site-packages/urllib3/connectionpool.py", line 727, in urlopen
    method, url, error=e, _pool=self, _stacktrace=sys.exc_info()[2]
  File "/root/.cache/pypoetry/virtualenvs/cpdbv2-backend-VA82Wl8V-py3.7/lib/python3.7/site-packages/urllib3/util/retry.py", line 386, in increment
    raise six.reraise(type(error), error, _stacktrace)
  File "/root/.cache/pypoetry/virtualenvs/cpdbv2-backend-VA82Wl8V-py3.7/lib/python3.7/site-packages/urllib3/packages/six.py", line 735, in reraise
    raise value
  File "/root/.cache/pypoetry/virtualenvs/cpdbv2-backend-VA82Wl8V-py3.7/lib/python3.7/site-packages/urllib3/connectionpool.py", line 677, in urlopen
    chunked=chunked,
  File "/root/.cache/pypoetry/virtualenvs/cpdbv2-backend-VA82Wl8V-py3.7/lib/python3.7/site-packages/urllib3/connectionpool.py", line 392, in _make_request
    conn.request(method, url, **httplib_request_kw)
  File "/usr/local/lib/python3.7/http/client.py", line 1281, in request
    self._send_request(method, url, body, headers, encode_chunked)
  File "/usr/local/lib/python3.7/http/client.py", line 1327, in _send_request
    self.endheaders(body, encode_chunked=encode_chunked)
  File "/usr/local/lib/python3.7/http/client.py", line 1276, in endheaders
    self._send_output(message_body, encode_chunked=encode_chunked)
  File "/usr/local/lib/python3.7/http/client.py", line 1036, in _send_output
    self.send(msg)
  File "/usr/local/lib/python3.7/http/client.py", line 976, in send
    self.connect()
  File "/root/.cache/pypoetry/virtualenvs/cpdbv2-backend-VA82Wl8V-py3.7/lib/python3.7/site-packages/urllib3/connection.py", line 187, in connect
    conn = self._new_conn()
  File "/root/.cache/pypoetry/virtualenvs/cpdbv2-backend-VA82Wl8V-py3.7/lib/python3.7/site-packages/urllib3/connection.py", line 172, in _new_conn
    self, "Failed to establish a new connection: %s" % e
urllib3.exceptions.NewConnectionError: <urllib3.connection.HTTPConnection object at 0x7ff068e0e790>: Failed to establish a new connection: [Errno -2] Name or service not known
elasticsearch: DEBUG: > None
urllib3.util.retry: DEBUG: Converted retries value: False -> Retry(total=False, connect=None, read=None, redirect=0, status=None)
urllib3.connectionpool: DEBUG: Starting new HTTP connection (267): elasticsearch:9200
elasticsearch: WARNING: DELETE http://elasticsearch:9200/test_officers_c97d3965-996f-4fbb-b4a7-1038423423bd [status:N/A request:0.006s]
Traceback (most recent call last):
  File "/root/.cache/pypoetry/virtualenvs/cpdbv2-backend-VA82Wl8V-py3.7/lib/python3.7/site-packages/urllib3/connection.py", line 160, in _new_conn
    (self._dns_host, self.port), self.timeout, **extra_kw
  File "/root/.cache/pypoetry/virtualenvs/cpdbv2-backend-VA82Wl8V-py3.7/lib/python3.7/site-packages/urllib3/util/connection.py", line 61, in create_connection
    for res in socket.getaddrinfo(host, port, family, socket.SOCK_STREAM):
  File "/usr/local/lib/python3.7/socket.py", line 752, in getaddrinfo
    for res in _socket.getaddrinfo(host, port, family, type, proto, flags):
socket.gaierror: [Errno -2] Name or service not known

During handling of the above exception, another exception occurred:

Traceback (most recent call last):
  File "/root/.cache/pypoetry/virtualenvs/cpdbv2-backend-VA82Wl8V-py3.7/lib/python3.7/site-packages/elasticsearch/connection/http_urllib3.py", line 115, in perform_request
    response = self.pool.urlopen(method, url, body, retries=False, headers=self.headers, **kw)
  File "/root/.cache/pypoetry/virtualenvs/cpdbv2-backend-VA82Wl8V-py3.7/lib/python3.7/site-packages/urllib3/connectionpool.py", line 727, in urlopen
    method, url, error=e, _pool=self, _stacktrace=sys.exc_info()[2]
  File "/root/.cache/pypoetry/virtualenvs/cpdbv2-backend-VA82Wl8V-py3.7/lib/python3.7/site-packages/urllib3/util/retry.py", line 386, in increment
    raise six.reraise(type(error), error, _stacktrace)
  File "/root/.cache/pypoetry/virtualenvs/cpdbv2-backend-VA82Wl8V-py3.7/lib/python3.7/site-packages/urllib3/packages/six.py", line 735, in reraise
    raise value
  File "/root/.cache/pypoetry/virtualenvs/cpdbv2-backend-VA82Wl8V-py3.7/lib/python3.7/site-packages/urllib3/connectionpool.py", line 677, in urlopen
    chunked=chunked,
  File "/root/.cache/pypoetry/virtualenvs/cpdbv2-backend-VA82Wl8V-py3.7/lib/python3.7/site-packages/urllib3/connectionpool.py", line 392, in _make_request
    conn.request(method, url, **httplib_request_kw)
  File "/usr/local/lib/python3.7/http/client.py", line 1281, in request
    self._send_request(method, url, body, headers, encode_chunked)
  File "/usr/local/lib/python3.7/http/client.py", line 1327, in _send_request
    self.endheaders(body, encode_chunked=encode_chunked)
  File "/usr/local/lib/python3.7/http/client.py", line 1276, in endheaders
    self._send_output(message_body, encode_chunked=encode_chunked)
  File "/usr/local/lib/python3.7/http/client.py", line 1036, in _send_output
    self.send(msg)
  File "/usr/local/lib/python3.7/http/client.py", line 976, in send
    self.connect()
  File "/root/.cache/pypoetry/virtualenvs/cpdbv2-backend-VA82Wl8V-py3.7/lib/python3.7/site-packages/urllib3/connection.py", line 187, in connect
    conn = self._new_conn()
  File "/root/.cache/pypoetry/virtualenvs/cpdbv2-backend-VA82Wl8V-py3.7/lib/python3.7/site-packages/urllib3/connection.py", line 172, in _new_conn
    self, "Failed to establish a new connection: %s" % e
urllib3.exceptions.NewConnectionError: <urllib3.connection.HTTPConnection object at 0x7ff068e0eb10>: Failed to establish a new connection: [Errno -2] Name or service not known
elasticsearch: DEBUG: > None
urllib3.util.retry: DEBUG: Converted retries value: False -> Retry(total=False, connect=None, read=None, redirect=0, status=None)
urllib3.connectionpool: DEBUG: Starting new HTTP connection (268): elasticsearch:9200
elasticsearch: WARNING: DELETE http://elasticsearch:9200/test_officers_c97d3965-996f-4fbb-b4a7-1038423423bd [status:N/A request:0.010s]
Traceback (most recent call last):
  File "/root/.cache/pypoetry/virtualenvs/cpdbv2-backend-VA82Wl8V-py3.7/lib/python3.7/site-packages/urllib3/connection.py", line 160, in _new_conn
    (self._dns_host, self.port), self.timeout, **extra_kw
  File "/root/.cache/pypoetry/virtualenvs/cpdbv2-backend-VA82Wl8V-py3.7/lib/python3.7/site-packages/urllib3/util/connection.py", line 61, in create_connection
    for res in socket.getaddrinfo(host, port, family, socket.SOCK_STREAM):
  File "/usr/local/lib/python3.7/socket.py", line 752, in getaddrinfo
    for res in _socket.getaddrinfo(host, port, family, type, proto, flags):
socket.gaierror: [Errno -2] Name or service not known

During handling of the above exception, another exception occurred:

Traceback (most recent call last):
  File "/root/.cache/pypoetry/virtualenvs/cpdbv2-backend-VA82Wl8V-py3.7/lib/python3.7/site-packages/elasticsearch/connection/http_urllib3.py", line 115, in perform_request
    response = self.pool.urlopen(method, url, body, retries=False, headers=self.headers, **kw)
  File "/root/.cache/pypoetry/virtualenvs/cpdbv2-backend-VA82Wl8V-py3.7/lib/python3.7/site-packages/urllib3/connectionpool.py", line 727, in urlopen
    method, url, error=e, _pool=self, _stacktrace=sys.exc_info()[2]
  File "/root/.cache/pypoetry/virtualenvs/cpdbv2-backend-VA82Wl8V-py3.7/lib/python3.7/site-packages/urllib3/util/retry.py", line 386, in increment
    raise six.reraise(type(error), error, _stacktrace)
  File "/root/.cache/pypoetry/virtualenvs/cpdbv2-backend-VA82Wl8V-py3.7/lib/python3.7/site-packages/urllib3/packages/six.py", line 735, in reraise
    raise value
  File "/root/.cache/pypoetry/virtualenvs/cpdbv2-backend-VA82Wl8V-py3.7/lib/python3.7/site-packages/urllib3/connectionpool.py", line 677, in urlopen
    chunked=chunked,
  File "/root/.cache/pypoetry/virtualenvs/cpdbv2-backend-VA82Wl8V-py3.7/lib/python3.7/site-packages/urllib3/connectionpool.py", line 392, in _make_request
    conn.request(method, url, **httplib_request_kw)
  File "/usr/local/lib/python3.7/http/client.py", line 1281, in request
    self._send_request(method, url, body, headers, encode_chunked)
  File "/usr/local/lib/python3.7/http/client.py", line 1327, in _send_request
    self.endheaders(body, encode_chunked=encode_chunked)
  File "/usr/local/lib/python3.7/http/client.py", line 1276, in endheaders
    self._send_output(message_body, encode_chunked=encode_chunked)
  File "/usr/local/lib/python3.7/http/client.py", line 1036, in _send_output
    self.send(msg)
  File "/usr/local/lib/python3.7/http/client.py", line 976, in send
    self.connect()
  File "/root/.cache/pypoetry/virtualenvs/cpdbv2-backend-VA82Wl8V-py3.7/lib/python3.7/site-packages/urllib3/connection.py", line 187, in connect
    conn = self._new_conn()
  File "/root/.cache/pypoetry/virtualenvs/cpdbv2-backend-VA82Wl8V-py3.7/lib/python3.7/site-packages/urllib3/connection.py", line 172, in _new_conn
    self, "Failed to establish a new connection: %s" % e
urllib3.exceptions.NewConnectionError: <urllib3.connection.HTTPConnection object at 0x7ff068ea0f50>: Failed to establish a new connection: [Errno -2] Name or service not known
elasticsearch: DEBUG: > None
--------------------- >> end captured logging << ---------------------

======================================================================
ERROR: test_create_zip_file_already_exist (officers.tests.views.test_views.OfficersViewSetTestCase)
----------------------------------------------------------------------
Traceback (most recent call last):
  File "/usr/src/app/cpdb/officers/tests/mixins.py", line 10, in setUp
    officers_index_alias.write_index.delete(ignore=404)
  File "/root/.cache/pypoetry/virtualenvs/cpdbv2-backend-VA82Wl8V-py3.7/lib/python3.7/site-packages/elasticsearch_dsl/index.py", line 222, in delete
    self.connection.indices.delete(index=self._name, **kwargs)
  File "/root/.cache/pypoetry/virtualenvs/cpdbv2-backend-VA82Wl8V-py3.7/lib/python3.7/site-packages/elasticsearch/client/utils.py", line 73, in _wrapped
    return func(*args, params=params, **kwargs)
  File "/root/.cache/pypoetry/virtualenvs/cpdbv2-backend-VA82Wl8V-py3.7/lib/python3.7/site-packages/elasticsearch/client/indices.py", line 200, in delete
    params=params)
  File "/root/.cache/pypoetry/virtualenvs/cpdbv2-backend-VA82Wl8V-py3.7/lib/python3.7/site-packages/elasticsearch/transport.py", line 312, in perform_request
    status, headers, data = connection.perform_request(method, url, params, body, ignore=ignore, timeout=timeout)
  File "/root/.cache/pypoetry/virtualenvs/cpdbv2-backend-VA82Wl8V-py3.7/lib/python3.7/site-packages/elasticsearch/connection/http_urllib3.py", line 124, in perform_request
    raise ConnectionError('N/A', str(e), e)
elasticsearch.exceptions.ConnectionError: ConnectionError(<urllib3.connection.HTTPConnection object at 0x7ff068dfa5d0>: Failed to establish a new connection: [Errno -2] Name or service not known) caused by: NewConnectionError(<urllib3.connection.HTTPConnection object at 0x7ff068dfa5d0>: Failed to establish a new connection: [Errno -2] Name or service not known)
-------------------- >> begin captured logging << --------------------
urllib3.util.retry: DEBUG: Converted retries value: False -> Retry(total=False, connect=None, read=None, redirect=0, status=None)
urllib3.connectionpool: DEBUG: Starting new HTTP connection (269): elasticsearch:9200
elasticsearch: WARNING: DELETE http://elasticsearch:9200/test_officers_c97d3965-996f-4fbb-b4a7-1038423423bd [status:N/A request:0.007s]
Traceback (most recent call last):
  File "/root/.cache/pypoetry/virtualenvs/cpdbv2-backend-VA82Wl8V-py3.7/lib/python3.7/site-packages/urllib3/connection.py", line 160, in _new_conn
    (self._dns_host, self.port), self.timeout, **extra_kw
  File "/root/.cache/pypoetry/virtualenvs/cpdbv2-backend-VA82Wl8V-py3.7/lib/python3.7/site-packages/urllib3/util/connection.py", line 61, in create_connection
    for res in socket.getaddrinfo(host, port, family, socket.SOCK_STREAM):
  File "/usr/local/lib/python3.7/socket.py", line 752, in getaddrinfo
    for res in _socket.getaddrinfo(host, port, family, type, proto, flags):
socket.gaierror: [Errno -2] Name or service not known

During handling of the above exception, another exception occurred:

Traceback (most recent call last):
  File "/root/.cache/pypoetry/virtualenvs/cpdbv2-backend-VA82Wl8V-py3.7/lib/python3.7/site-packages/elasticsearch/connection/http_urllib3.py", line 115, in perform_request
    response = self.pool.urlopen(method, url, body, retries=False, headers=self.headers, **kw)
  File "/root/.cache/pypoetry/virtualenvs/cpdbv2-backend-VA82Wl8V-py3.7/lib/python3.7/site-packages/urllib3/connectionpool.py", line 727, in urlopen
    method, url, error=e, _pool=self, _stacktrace=sys.exc_info()[2]
  File "/root/.cache/pypoetry/virtualenvs/cpdbv2-backend-VA82Wl8V-py3.7/lib/python3.7/site-packages/urllib3/util/retry.py", line 386, in increment
    raise six.reraise(type(error), error, _stacktrace)
  File "/root/.cache/pypoetry/virtualenvs/cpdbv2-backend-VA82Wl8V-py3.7/lib/python3.7/site-packages/urllib3/packages/six.py", line 735, in reraise
    raise value
  File "/root/.cache/pypoetry/virtualenvs/cpdbv2-backend-VA82Wl8V-py3.7/lib/python3.7/site-packages/urllib3/connectionpool.py", line 677, in urlopen
    chunked=chunked,
  File "/root/.cache/pypoetry/virtualenvs/cpdbv2-backend-VA82Wl8V-py3.7/lib/python3.7/site-packages/urllib3/connectionpool.py", line 392, in _make_request
    conn.request(method, url, **httplib_request_kw)
  File "/usr/local/lib/python3.7/http/client.py", line 1281, in request
    self._send_request(method, url, body, headers, encode_chunked)
  File "/usr/local/lib/python3.7/http/client.py", line 1327, in _send_request
    self.endheaders(body, encode_chunked=encode_chunked)
  File "/usr/local/lib/python3.7/http/client.py", line 1276, in endheaders
    self._send_output(message_body, encode_chunked=encode_chunked)
  File "/usr/local/lib/python3.7/http/client.py", line 1036, in _send_output
    self.send(msg)
  File "/usr/local/lib/python3.7/http/client.py", line 976, in send
    self.connect()
  File "/root/.cache/pypoetry/virtualenvs/cpdbv2-backend-VA82Wl8V-py3.7/lib/python3.7/site-packages/urllib3/connection.py", line 187, in connect
    conn = self._new_conn()
  File "/root/.cache/pypoetry/virtualenvs/cpdbv2-backend-VA82Wl8V-py3.7/lib/python3.7/site-packages/urllib3/connection.py", line 172, in _new_conn
    self, "Failed to establish a new connection: %s" % e
urllib3.exceptions.NewConnectionError: <urllib3.connection.HTTPConnection object at 0x7ff068ea0e50>: Failed to establish a new connection: [Errno -2] Name or service not known
elasticsearch: DEBUG: > None
urllib3.util.retry: DEBUG: Converted retries value: False -> Retry(total=False, connect=None, read=None, redirect=0, status=None)
urllib3.connectionpool: DEBUG: Starting new HTTP connection (270): elasticsearch:9200
elasticsearch: WARNING: DELETE http://elasticsearch:9200/test_officers_c97d3965-996f-4fbb-b4a7-1038423423bd [status:N/A request:0.008s]
Traceback (most recent call last):
  File "/root/.cache/pypoetry/virtualenvs/cpdbv2-backend-VA82Wl8V-py3.7/lib/python3.7/site-packages/urllib3/connection.py", line 160, in _new_conn
    (self._dns_host, self.port), self.timeout, **extra_kw
  File "/root/.cache/pypoetry/virtualenvs/cpdbv2-backend-VA82Wl8V-py3.7/lib/python3.7/site-packages/urllib3/util/connection.py", line 61, in create_connection
    for res in socket.getaddrinfo(host, port, family, socket.SOCK_STREAM):
  File "/usr/local/lib/python3.7/socket.py", line 752, in getaddrinfo
    for res in _socket.getaddrinfo(host, port, family, type, proto, flags):
socket.gaierror: [Errno -2] Name or service not known

During handling of the above exception, another exception occurred:

Traceback (most recent call last):
  File "/root/.cache/pypoetry/virtualenvs/cpdbv2-backend-VA82Wl8V-py3.7/lib/python3.7/site-packages/elasticsearch/connection/http_urllib3.py", line 115, in perform_request
    response = self.pool.urlopen(method, url, body, retries=False, headers=self.headers, **kw)
  File "/root/.cache/pypoetry/virtualenvs/cpdbv2-backend-VA82Wl8V-py3.7/lib/python3.7/site-packages/urllib3/connectionpool.py", line 727, in urlopen
    method, url, error=e, _pool=self, _stacktrace=sys.exc_info()[2]
  File "/root/.cache/pypoetry/virtualenvs/cpdbv2-backend-VA82Wl8V-py3.7/lib/python3.7/site-packages/urllib3/util/retry.py", line 386, in increment
    raise six.reraise(type(error), error, _stacktrace)
  File "/root/.cache/pypoetry/virtualenvs/cpdbv2-backend-VA82Wl8V-py3.7/lib/python3.7/site-packages/urllib3/packages/six.py", line 735, in reraise
    raise value
  File "/root/.cache/pypoetry/virtualenvs/cpdbv2-backend-VA82Wl8V-py3.7/lib/python3.7/site-packages/urllib3/connectionpool.py", line 677, in urlopen
    chunked=chunked,
  File "/root/.cache/pypoetry/virtualenvs/cpdbv2-backend-VA82Wl8V-py3.7/lib/python3.7/site-packages/urllib3/connectionpool.py", line 392, in _make_request
    conn.request(method, url, **httplib_request_kw)
  File "/usr/local/lib/python3.7/http/client.py", line 1281, in request
    self._send_request(method, url, body, headers, encode_chunked)
  File "/usr/local/lib/python3.7/http/client.py", line 1327, in _send_request
    self.endheaders(body, encode_chunked=encode_chunked)
  File "/usr/local/lib/python3.7/http/client.py", line 1276, in endheaders
    self._send_output(message_body, encode_chunked=encode_chunked)
  File "/usr/local/lib/python3.7/http/client.py", line 1036, in _send_output
    self.send(msg)
  File "/usr/local/lib/python3.7/http/client.py", line 976, in send
    self.connect()
  File "/root/.cache/pypoetry/virtualenvs/cpdbv2-backend-VA82Wl8V-py3.7/lib/python3.7/site-packages/urllib3/connection.py", line 187, in connect
    conn = self._new_conn()
  File "/root/.cache/pypoetry/virtualenvs/cpdbv2-backend-VA82Wl8V-py3.7/lib/python3.7/site-packages/urllib3/connection.py", line 172, in _new_conn
    self, "Failed to establish a new connection: %s" % e
urllib3.exceptions.NewConnectionError: <urllib3.connection.HTTPConnection object at 0x7ff068ea0050>: Failed to establish a new connection: [Errno -2] Name or service not known
elasticsearch: DEBUG: > None
urllib3.util.retry: DEBUG: Converted retries value: False -> Retry(total=False, connect=None, read=None, redirect=0, status=None)
urllib3.connectionpool: DEBUG: Starting new HTTP connection (271): elasticsearch:9200
elasticsearch: WARNING: DELETE http://elasticsearch:9200/test_officers_c97d3965-996f-4fbb-b4a7-1038423423bd [status:N/A request:0.006s]
Traceback (most recent call last):
  File "/root/.cache/pypoetry/virtualenvs/cpdbv2-backend-VA82Wl8V-py3.7/lib/python3.7/site-packages/urllib3/connection.py", line 160, in _new_conn
    (self._dns_host, self.port), self.timeout, **extra_kw
  File "/root/.cache/pypoetry/virtualenvs/cpdbv2-backend-VA82Wl8V-py3.7/lib/python3.7/site-packages/urllib3/util/connection.py", line 61, in create_connection
    for res in socket.getaddrinfo(host, port, family, socket.SOCK_STREAM):
  File "/usr/local/lib/python3.7/socket.py", line 752, in getaddrinfo
    for res in _socket.getaddrinfo(host, port, family, type, proto, flags):
socket.gaierror: [Errno -2] Name or service not known

During handling of the above exception, another exception occurred:

Traceback (most recent call last):
  File "/root/.cache/pypoetry/virtualenvs/cpdbv2-backend-VA82Wl8V-py3.7/lib/python3.7/site-packages/elasticsearch/connection/http_urllib3.py", line 115, in perform_request
    response = self.pool.urlopen(method, url, body, retries=False, headers=self.headers, **kw)
  File "/root/.cache/pypoetry/virtualenvs/cpdbv2-backend-VA82Wl8V-py3.7/lib/python3.7/site-packages/urllib3/connectionpool.py", line 727, in urlopen
    method, url, error=e, _pool=self, _stacktrace=sys.exc_info()[2]
  File "/root/.cache/pypoetry/virtualenvs/cpdbv2-backend-VA82Wl8V-py3.7/lib/python3.7/site-packages/urllib3/util/retry.py", line 386, in increment
    raise six.reraise(type(error), error, _stacktrace)
  File "/root/.cache/pypoetry/virtualenvs/cpdbv2-backend-VA82Wl8V-py3.7/lib/python3.7/site-packages/urllib3/packages/six.py", line 735, in reraise
    raise value
  File "/root/.cache/pypoetry/virtualenvs/cpdbv2-backend-VA82Wl8V-py3.7/lib/python3.7/site-packages/urllib3/connectionpool.py", line 677, in urlopen
    chunked=chunked,
  File "/root/.cache/pypoetry/virtualenvs/cpdbv2-backend-VA82Wl8V-py3.7/lib/python3.7/site-packages/urllib3/connectionpool.py", line 392, in _make_request
    conn.request(method, url, **httplib_request_kw)
  File "/usr/local/lib/python3.7/http/client.py", line 1281, in request
    self._send_request(method, url, body, headers, encode_chunked)
  File "/usr/local/lib/python3.7/http/client.py", line 1327, in _send_request
    self.endheaders(body, encode_chunked=encode_chunked)
  File "/usr/local/lib/python3.7/http/client.py", line 1276, in endheaders
    self._send_output(message_body, encode_chunked=encode_chunked)
  File "/usr/local/lib/python3.7/http/client.py", line 1036, in _send_output
    self.send(msg)
  File "/usr/local/lib/python3.7/http/client.py", line 976, in send
    self.connect()
  File "/root/.cache/pypoetry/virtualenvs/cpdbv2-backend-VA82Wl8V-py3.7/lib/python3.7/site-packages/urllib3/connection.py", line 187, in connect
    conn = self._new_conn()
  File "/root/.cache/pypoetry/virtualenvs/cpdbv2-backend-VA82Wl8V-py3.7/lib/python3.7/site-packages/urllib3/connection.py", line 172, in _new_conn
    self, "Failed to establish a new connection: %s" % e
urllib3.exceptions.NewConnectionError: <urllib3.connection.HTTPConnection object at 0x7ff068dfa710>: Failed to establish a new connection: [Errno -2] Name or service not known
elasticsearch: DEBUG: > None
urllib3.util.retry: DEBUG: Converted retries value: False -> Retry(total=False, connect=None, read=None, redirect=0, status=None)
urllib3.connectionpool: DEBUG: Starting new HTTP connection (272): elasticsearch:9200
elasticsearch: WARNING: DELETE http://elasticsearch:9200/test_officers_c97d3965-996f-4fbb-b4a7-1038423423bd [status:N/A request:0.009s]
Traceback (most recent call last):
  File "/root/.cache/pypoetry/virtualenvs/cpdbv2-backend-VA82Wl8V-py3.7/lib/python3.7/site-packages/urllib3/connection.py", line 160, in _new_conn
    (self._dns_host, self.port), self.timeout, **extra_kw
  File "/root/.cache/pypoetry/virtualenvs/cpdbv2-backend-VA82Wl8V-py3.7/lib/python3.7/site-packages/urllib3/util/connection.py", line 61, in create_connection
    for res in socket.getaddrinfo(host, port, family, socket.SOCK_STREAM):
  File "/usr/local/lib/python3.7/socket.py", line 752, in getaddrinfo
    for res in _socket.getaddrinfo(host, port, family, type, proto, flags):
socket.gaierror: [Errno -2] Name or service not known

During handling of the above exception, another exception occurred:

Traceback (most recent call last):
  File "/root/.cache/pypoetry/virtualenvs/cpdbv2-backend-VA82Wl8V-py3.7/lib/python3.7/site-packages/elasticsearch/connection/http_urllib3.py", line 115, in perform_request
    response = self.pool.urlopen(method, url, body, retries=False, headers=self.headers, **kw)
  File "/root/.cache/pypoetry/virtualenvs/cpdbv2-backend-VA82Wl8V-py3.7/lib/python3.7/site-packages/urllib3/connectionpool.py", line 727, in urlopen
    method, url, error=e, _pool=self, _stacktrace=sys.exc_info()[2]
  File "/root/.cache/pypoetry/virtualenvs/cpdbv2-backend-VA82Wl8V-py3.7/lib/python3.7/site-packages/urllib3/util/retry.py", line 386, in increment
    raise six.reraise(type(error), error, _stacktrace)
  File "/root/.cache/pypoetry/virtualenvs/cpdbv2-backend-VA82Wl8V-py3.7/lib/python3.7/site-packages/urllib3/packages/six.py", line 735, in reraise
    raise value
  File "/root/.cache/pypoetry/virtualenvs/cpdbv2-backend-VA82Wl8V-py3.7/lib/python3.7/site-packages/urllib3/connectionpool.py", line 677, in urlopen
    chunked=chunked,
  File "/root/.cache/pypoetry/virtualenvs/cpdbv2-backend-VA82Wl8V-py3.7/lib/python3.7/site-packages/urllib3/connectionpool.py", line 392, in _make_request
    conn.request(method, url, **httplib_request_kw)
  File "/usr/local/lib/python3.7/http/client.py", line 1281, in request
    self._send_request(method, url, body, headers, encode_chunked)
  File "/usr/local/lib/python3.7/http/client.py", line 1327, in _send_request
    self.endheaders(body, encode_chunked=encode_chunked)
  File "/usr/local/lib/python3.7/http/client.py", line 1276, in endheaders
    self._send_output(message_body, encode_chunked=encode_chunked)
  File "/usr/local/lib/python3.7/http/client.py", line 1036, in _send_output
    self.send(msg)
  File "/usr/local/lib/python3.7/http/client.py", line 976, in send
    self.connect()
  File "/root/.cache/pypoetry/virtualenvs/cpdbv2-backend-VA82Wl8V-py3.7/lib/python3.7/site-packages/urllib3/connection.py", line 187, in connect
    conn = self._new_conn()
  File "/root/.cache/pypoetry/virtualenvs/cpdbv2-backend-VA82Wl8V-py3.7/lib/python3.7/site-packages/urllib3/connection.py", line 172, in _new_conn
    self, "Failed to establish a new connection: %s" % e
urllib3.exceptions.NewConnectionError: <urllib3.connection.HTTPConnection object at 0x7ff068dfa5d0>: Failed to establish a new connection: [Errno -2] Name or service not known
elasticsearch: DEBUG: > None
--------------------- >> end captured logging << ---------------------

======================================================================
ERROR: test_create_zip_file_no_match (officers.tests.views.test_views.OfficersViewSetTestCase)
----------------------------------------------------------------------
Traceback (most recent call last):
  File "/usr/src/app/cpdb/officers/tests/mixins.py", line 10, in setUp
    officers_index_alias.write_index.delete(ignore=404)
  File "/root/.cache/pypoetry/virtualenvs/cpdbv2-backend-VA82Wl8V-py3.7/lib/python3.7/site-packages/elasticsearch_dsl/index.py", line 222, in delete
    self.connection.indices.delete(index=self._name, **kwargs)
  File "/root/.cache/pypoetry/virtualenvs/cpdbv2-backend-VA82Wl8V-py3.7/lib/python3.7/site-packages/elasticsearch/client/utils.py", line 73, in _wrapped
    return func(*args, params=params, **kwargs)
  File "/root/.cache/pypoetry/virtualenvs/cpdbv2-backend-VA82Wl8V-py3.7/lib/python3.7/site-packages/elasticsearch/client/indices.py", line 200, in delete
    params=params)
  File "/root/.cache/pypoetry/virtualenvs/cpdbv2-backend-VA82Wl8V-py3.7/lib/python3.7/site-packages/elasticsearch/transport.py", line 312, in perform_request
    status, headers, data = connection.perform_request(method, url, params, body, ignore=ignore, timeout=timeout)
  File "/root/.cache/pypoetry/virtualenvs/cpdbv2-backend-VA82Wl8V-py3.7/lib/python3.7/site-packages/elasticsearch/connection/http_urllib3.py", line 124, in perform_request
    raise ConnectionError('N/A', str(e), e)
elasticsearch.exceptions.ConnectionError: ConnectionError(<urllib3.connection.HTTPConnection object at 0x7ff068eac8d0>: Failed to establish a new connection: [Errno -2] Name or service not known) caused by: NewConnectionError(<urllib3.connection.HTTPConnection object at 0x7ff068eac8d0>: Failed to establish a new connection: [Errno -2] Name or service not known)
-------------------- >> begin captured logging << --------------------
urllib3.util.retry: DEBUG: Converted retries value: False -> Retry(total=False, connect=None, read=None, redirect=0, status=None)
urllib3.connectionpool: DEBUG: Starting new HTTP connection (273): elasticsearch:9200
elasticsearch: WARNING: DELETE http://elasticsearch:9200/test_officers_c97d3965-996f-4fbb-b4a7-1038423423bd [status:N/A request:0.005s]
Traceback (most recent call last):
  File "/root/.cache/pypoetry/virtualenvs/cpdbv2-backend-VA82Wl8V-py3.7/lib/python3.7/site-packages/urllib3/connection.py", line 160, in _new_conn
    (self._dns_host, self.port), self.timeout, **extra_kw
  File "/root/.cache/pypoetry/virtualenvs/cpdbv2-backend-VA82Wl8V-py3.7/lib/python3.7/site-packages/urllib3/util/connection.py", line 61, in create_connection
    for res in socket.getaddrinfo(host, port, family, socket.SOCK_STREAM):
  File "/usr/local/lib/python3.7/socket.py", line 752, in getaddrinfo
    for res in _socket.getaddrinfo(host, port, family, type, proto, flags):
socket.gaierror: [Errno -2] Name or service not known

During handling of the above exception, another exception occurred:

Traceback (most recent call last):
  File "/root/.cache/pypoetry/virtualenvs/cpdbv2-backend-VA82Wl8V-py3.7/lib/python3.7/site-packages/elasticsearch/connection/http_urllib3.py", line 115, in perform_request
    response = self.pool.urlopen(method, url, body, retries=False, headers=self.headers, **kw)
  File "/root/.cache/pypoetry/virtualenvs/cpdbv2-backend-VA82Wl8V-py3.7/lib/python3.7/site-packages/urllib3/connectionpool.py", line 727, in urlopen
    method, url, error=e, _pool=self, _stacktrace=sys.exc_info()[2]
  File "/root/.cache/pypoetry/virtualenvs/cpdbv2-backend-VA82Wl8V-py3.7/lib/python3.7/site-packages/urllib3/util/retry.py", line 386, in increment
    raise six.reraise(type(error), error, _stacktrace)
  File "/root/.cache/pypoetry/virtualenvs/cpdbv2-backend-VA82Wl8V-py3.7/lib/python3.7/site-packages/urllib3/packages/six.py", line 735, in reraise
    raise value
  File "/root/.cache/pypoetry/virtualenvs/cpdbv2-backend-VA82Wl8V-py3.7/lib/python3.7/site-packages/urllib3/connectionpool.py", line 677, in urlopen
    chunked=chunked,
  File "/root/.cache/pypoetry/virtualenvs/cpdbv2-backend-VA82Wl8V-py3.7/lib/python3.7/site-packages/urllib3/connectionpool.py", line 392, in _make_request
    conn.request(method, url, **httplib_request_kw)
  File "/usr/local/lib/python3.7/http/client.py", line 1281, in request
    self._send_request(method, url, body, headers, encode_chunked)
  File "/usr/local/lib/python3.7/http/client.py", line 1327, in _send_request
    self.endheaders(body, encode_chunked=encode_chunked)
  File "/usr/local/lib/python3.7/http/client.py", line 1276, in endheaders
    self._send_output(message_body, encode_chunked=encode_chunked)
  File "/usr/local/lib/python3.7/http/client.py", line 1036, in _send_output
    self.send(msg)
  File "/usr/local/lib/python3.7/http/client.py", line 976, in send
    self.connect()
  File "/root/.cache/pypoetry/virtualenvs/cpdbv2-backend-VA82Wl8V-py3.7/lib/python3.7/site-packages/urllib3/connection.py", line 187, in connect
    conn = self._new_conn()
  File "/root/.cache/pypoetry/virtualenvs/cpdbv2-backend-VA82Wl8V-py3.7/lib/python3.7/site-packages/urllib3/connection.py", line 172, in _new_conn
    self, "Failed to establish a new connection: %s" % e
urllib3.exceptions.NewConnectionError: <urllib3.connection.HTTPConnection object at 0x7ff068dfafd0>: Failed to establish a new connection: [Errno -2] Name or service not known
elasticsearch: DEBUG: > None
urllib3.util.retry: DEBUG: Converted retries value: False -> Retry(total=False, connect=None, read=None, redirect=0, status=None)
urllib3.connectionpool: DEBUG: Starting new HTTP connection (274): elasticsearch:9200
elasticsearch: WARNING: DELETE http://elasticsearch:9200/test_officers_c97d3965-996f-4fbb-b4a7-1038423423bd [status:N/A request:0.008s]
Traceback (most recent call last):
  File "/root/.cache/pypoetry/virtualenvs/cpdbv2-backend-VA82Wl8V-py3.7/lib/python3.7/site-packages/urllib3/connection.py", line 160, in _new_conn
    (self._dns_host, self.port), self.timeout, **extra_kw
  File "/root/.cache/pypoetry/virtualenvs/cpdbv2-backend-VA82Wl8V-py3.7/lib/python3.7/site-packages/urllib3/util/connection.py", line 61, in create_connection
    for res in socket.getaddrinfo(host, port, family, socket.SOCK_STREAM):
  File "/usr/local/lib/python3.7/socket.py", line 752, in getaddrinfo
    for res in _socket.getaddrinfo(host, port, family, type, proto, flags):
socket.gaierror: [Errno -2] Name or service not known

During handling of the above exception, another exception occurred:

Traceback (most recent call last):
  File "/root/.cache/pypoetry/virtualenvs/cpdbv2-backend-VA82Wl8V-py3.7/lib/python3.7/site-packages/elasticsearch/connection/http_urllib3.py", line 115, in perform_request
    response = self.pool.urlopen(method, url, body, retries=False, headers=self.headers, **kw)
  File "/root/.cache/pypoetry/virtualenvs/cpdbv2-backend-VA82Wl8V-py3.7/lib/python3.7/site-packages/urllib3/connectionpool.py", line 727, in urlopen
    method, url, error=e, _pool=self, _stacktrace=sys.exc_info()[2]
  File "/root/.cache/pypoetry/virtualenvs/cpdbv2-backend-VA82Wl8V-py3.7/lib/python3.7/site-packages/urllib3/util/retry.py", line 386, in increment
    raise six.reraise(type(error), error, _stacktrace)
  File "/root/.cache/pypoetry/virtualenvs/cpdbv2-backend-VA82Wl8V-py3.7/lib/python3.7/site-packages/urllib3/packages/six.py", line 735, in reraise
    raise value
  File "/root/.cache/pypoetry/virtualenvs/cpdbv2-backend-VA82Wl8V-py3.7/lib/python3.7/site-packages/urllib3/connectionpool.py", line 677, in urlopen
    chunked=chunked,
  File "/root/.cache/pypoetry/virtualenvs/cpdbv2-backend-VA82Wl8V-py3.7/lib/python3.7/site-packages/urllib3/connectionpool.py", line 392, in _make_request
    conn.request(method, url, **httplib_request_kw)
  File "/usr/local/lib/python3.7/http/client.py", line 1281, in request
    self._send_request(method, url, body, headers, encode_chunked)
  File "/usr/local/lib/python3.7/http/client.py", line 1327, in _send_request
    self.endheaders(body, encode_chunked=encode_chunked)
  File "/usr/local/lib/python3.7/http/client.py", line 1276, in endheaders
    self._send_output(message_body, encode_chunked=encode_chunked)
  File "/usr/local/lib/python3.7/http/client.py", line 1036, in _send_output
    self.send(msg)
  File "/usr/local/lib/python3.7/http/client.py", line 976, in send
    self.connect()
  File "/root/.cache/pypoetry/virtualenvs/cpdbv2-backend-VA82Wl8V-py3.7/lib/python3.7/site-packages/urllib3/connection.py", line 187, in connect
    conn = self._new_conn()
  File "/root/.cache/pypoetry/virtualenvs/cpdbv2-backend-VA82Wl8V-py3.7/lib/python3.7/site-packages/urllib3/connection.py", line 172, in _new_conn
    self, "Failed to establish a new connection: %s" % e
urllib3.exceptions.NewConnectionError: <urllib3.connection.HTTPConnection object at 0x7ff068eaced0>: Failed to establish a new connection: [Errno -2] Name or service not known
elasticsearch: DEBUG: > None
urllib3.util.retry: DEBUG: Converted retries value: False -> Retry(total=False, connect=None, read=None, redirect=0, status=None)
urllib3.connectionpool: DEBUG: Starting new HTTP connection (275): elasticsearch:9200
elasticsearch: WARNING: DELETE http://elasticsearch:9200/test_officers_c97d3965-996f-4fbb-b4a7-1038423423bd [status:N/A request:0.006s]
Traceback (most recent call last):
  File "/root/.cache/pypoetry/virtualenvs/cpdbv2-backend-VA82Wl8V-py3.7/lib/python3.7/site-packages/urllib3/connection.py", line 160, in _new_conn
    (self._dns_host, self.port), self.timeout, **extra_kw
  File "/root/.cache/pypoetry/virtualenvs/cpdbv2-backend-VA82Wl8V-py3.7/lib/python3.7/site-packages/urllib3/util/connection.py", line 61, in create_connection
    for res in socket.getaddrinfo(host, port, family, socket.SOCK_STREAM):
  File "/usr/local/lib/python3.7/socket.py", line 752, in getaddrinfo
    for res in _socket.getaddrinfo(host, port, family, type, proto, flags):
socket.gaierror: [Errno -2] Name or service not known

During handling of the above exception, another exception occurred:

Traceback (most recent call last):
  File "/root/.cache/pypoetry/virtualenvs/cpdbv2-backend-VA82Wl8V-py3.7/lib/python3.7/site-packages/elasticsearch/connection/http_urllib3.py", line 115, in perform_request
    response = self.pool.urlopen(method, url, body, retries=False, headers=self.headers, **kw)
  File "/root/.cache/pypoetry/virtualenvs/cpdbv2-backend-VA82Wl8V-py3.7/lib/python3.7/site-packages/urllib3/connectionpool.py", line 727, in urlopen
    method, url, error=e, _pool=self, _stacktrace=sys.exc_info()[2]
  File "/root/.cache/pypoetry/virtualenvs/cpdbv2-backend-VA82Wl8V-py3.7/lib/python3.7/site-packages/urllib3/util/retry.py", line 386, in increment
    raise six.reraise(type(error), error, _stacktrace)
  File "/root/.cache/pypoetry/virtualenvs/cpdbv2-backend-VA82Wl8V-py3.7/lib/python3.7/site-packages/urllib3/packages/six.py", line 735, in reraise
    raise value
  File "/root/.cache/pypoetry/virtualenvs/cpdbv2-backend-VA82Wl8V-py3.7/lib/python3.7/site-packages/urllib3/connectionpool.py", line 677, in urlopen
    chunked=chunked,
  File "/root/.cache/pypoetry/virtualenvs/cpdbv2-backend-VA82Wl8V-py3.7/lib/python3.7/site-packages/urllib3/connectionpool.py", line 392, in _make_request
    conn.request(method, url, **httplib_request_kw)
  File "/usr/local/lib/python3.7/http/client.py", line 1281, in request
    self._send_request(method, url, body, headers, encode_chunked)
  File "/usr/local/lib/python3.7/http/client.py", line 1327, in _send_request
    self.endheaders(body, encode_chunked=encode_chunked)
  File "/usr/local/lib/python3.7/http/client.py", line 1276, in endheaders
    self._send_output(message_body, encode_chunked=encode_chunked)
  File "/usr/local/lib/python3.7/http/client.py", line 1036, in _send_output
    self.send(msg)
  File "/usr/local/lib/python3.7/http/client.py", line 976, in send
    self.connect()
  File "/root/.cache/pypoetry/virtualenvs/cpdbv2-backend-VA82Wl8V-py3.7/lib/python3.7/site-packages/urllib3/connection.py", line 187, in connect
    conn = self._new_conn()
  File "/root/.cache/pypoetry/virtualenvs/cpdbv2-backend-VA82Wl8V-py3.7/lib/python3.7/site-packages/urllib3/connection.py", line 172, in _new_conn
    self, "Failed to establish a new connection: %s" % e
urllib3.exceptions.NewConnectionError: <urllib3.connection.HTTPConnection object at 0x7ff068eac350>: Failed to establish a new connection: [Errno -2] Name or service not known
elasticsearch: DEBUG: > None
urllib3.util.retry: DEBUG: Converted retries value: False -> Retry(total=False, connect=None, read=None, redirect=0, status=None)
urllib3.connectionpool: DEBUG: Starting new HTTP connection (276): elasticsearch:9200
elasticsearch: WARNING: DELETE http://elasticsearch:9200/test_officers_c97d3965-996f-4fbb-b4a7-1038423423bd [status:N/A request:0.007s]
Traceback (most recent call last):
  File "/root/.cache/pypoetry/virtualenvs/cpdbv2-backend-VA82Wl8V-py3.7/lib/python3.7/site-packages/urllib3/connection.py", line 160, in _new_conn
    (self._dns_host, self.port), self.timeout, **extra_kw
  File "/root/.cache/pypoetry/virtualenvs/cpdbv2-backend-VA82Wl8V-py3.7/lib/python3.7/site-packages/urllib3/util/connection.py", line 61, in create_connection
    for res in socket.getaddrinfo(host, port, family, socket.SOCK_STREAM):
  File "/usr/local/lib/python3.7/socket.py", line 752, in getaddrinfo
    for res in _socket.getaddrinfo(host, port, family, type, proto, flags):
socket.gaierror: [Errno -2] Name or service not known

During handling of the above exception, another exception occurred:

Traceback (most recent call last):
  File "/root/.cache/pypoetry/virtualenvs/cpdbv2-backend-VA82Wl8V-py3.7/lib/python3.7/site-packages/elasticsearch/connection/http_urllib3.py", line 115, in perform_request
    response = self.pool.urlopen(method, url, body, retries=False, headers=self.headers, **kw)
  File "/root/.cache/pypoetry/virtualenvs/cpdbv2-backend-VA82Wl8V-py3.7/lib/python3.7/site-packages/urllib3/connectionpool.py", line 727, in urlopen
    method, url, error=e, _pool=self, _stacktrace=sys.exc_info()[2]
  File "/root/.cache/pypoetry/virtualenvs/cpdbv2-backend-VA82Wl8V-py3.7/lib/python3.7/site-packages/urllib3/util/retry.py", line 386, in increment
    raise six.reraise(type(error), error, _stacktrace)
  File "/root/.cache/pypoetry/virtualenvs/cpdbv2-backend-VA82Wl8V-py3.7/lib/python3.7/site-packages/urllib3/packages/six.py", line 735, in reraise
    raise value
  File "/root/.cache/pypoetry/virtualenvs/cpdbv2-backend-VA82Wl8V-py3.7/lib/python3.7/site-packages/urllib3/connectionpool.py", line 677, in urlopen
    chunked=chunked,
  File "/root/.cache/pypoetry/virtualenvs/cpdbv2-backend-VA82Wl8V-py3.7/lib/python3.7/site-packages/urllib3/connectionpool.py", line 392, in _make_request
    conn.request(method, url, **httplib_request_kw)
  File "/usr/local/lib/python3.7/http/client.py", line 1281, in request
    self._send_request(method, url, body, headers, encode_chunked)
  File "/usr/local/lib/python3.7/http/client.py", line 1327, in _send_request
    self.endheaders(body, encode_chunked=encode_chunked)
  File "/usr/local/lib/python3.7/http/client.py", line 1276, in endheaders
    self._send_output(message_body, encode_chunked=encode_chunked)
  File "/usr/local/lib/python3.7/http/client.py", line 1036, in _send_output
    self.send(msg)
  File "/usr/local/lib/python3.7/http/client.py", line 976, in send
    self.connect()
  File "/root/.cache/pypoetry/virtualenvs/cpdbv2-backend-VA82Wl8V-py3.7/lib/python3.7/site-packages/urllib3/connection.py", line 187, in connect
    conn = self._new_conn()
  File "/root/.cache/pypoetry/virtualenvs/cpdbv2-backend-VA82Wl8V-py3.7/lib/python3.7/site-packages/urllib3/connection.py", line 172, in _new_conn
    self, "Failed to establish a new connection: %s" % e
urllib3.exceptions.NewConnectionError: <urllib3.connection.HTTPConnection object at 0x7ff068eac8d0>: Failed to establish a new connection: [Errno -2] Name or service not known
elasticsearch: DEBUG: > None
--------------------- >> end captured logging << ---------------------

======================================================================
ERROR: test_list (officers.tests.views.test_views.OfficersViewSetTestCase)
----------------------------------------------------------------------
Traceback (most recent call last):
  File "/usr/src/app/cpdb/officers/tests/mixins.py", line 10, in setUp
    officers_index_alias.write_index.delete(ignore=404)
  File "/root/.cache/pypoetry/virtualenvs/cpdbv2-backend-VA82Wl8V-py3.7/lib/python3.7/site-packages/elasticsearch_dsl/index.py", line 222, in delete
    self.connection.indices.delete(index=self._name, **kwargs)
  File "/root/.cache/pypoetry/virtualenvs/cpdbv2-backend-VA82Wl8V-py3.7/lib/python3.7/site-packages/elasticsearch/client/utils.py", line 73, in _wrapped
    return func(*args, params=params, **kwargs)
  File "/root/.cache/pypoetry/virtualenvs/cpdbv2-backend-VA82Wl8V-py3.7/lib/python3.7/site-packages/elasticsearch/client/indices.py", line 200, in delete
    params=params)
  File "/root/.cache/pypoetry/virtualenvs/cpdbv2-backend-VA82Wl8V-py3.7/lib/python3.7/site-packages/elasticsearch/transport.py", line 312, in perform_request
    status, headers, data = connection.perform_request(method, url, params, body, ignore=ignore, timeout=timeout)
  File "/root/.cache/pypoetry/virtualenvs/cpdbv2-backend-VA82Wl8V-py3.7/lib/python3.7/site-packages/elasticsearch/connection/http_urllib3.py", line 124, in perform_request
    raise ConnectionError('N/A', str(e), e)
elasticsearch.exceptions.ConnectionError: ConnectionError(<urllib3.connection.HTTPConnection object at 0x7ff068e0e690>: Failed to establish a new connection: [Errno -2] Name or service not known) caused by: NewConnectionError(<urllib3.connection.HTTPConnection object at 0x7ff068e0e690>: Failed to establish a new connection: [Errno -2] Name or service not known)
-------------------- >> begin captured logging << --------------------
urllib3.util.retry: DEBUG: Converted retries value: False -> Retry(total=False, connect=None, read=None, redirect=0, status=None)
urllib3.connectionpool: DEBUG: Starting new HTTP connection (277): elasticsearch:9200
elasticsearch: WARNING: DELETE http://elasticsearch:9200/test_officers_c97d3965-996f-4fbb-b4a7-1038423423bd [status:N/A request:0.015s]
Traceback (most recent call last):
  File "/root/.cache/pypoetry/virtualenvs/cpdbv2-backend-VA82Wl8V-py3.7/lib/python3.7/site-packages/urllib3/connection.py", line 160, in _new_conn
    (self._dns_host, self.port), self.timeout, **extra_kw
  File "/root/.cache/pypoetry/virtualenvs/cpdbv2-backend-VA82Wl8V-py3.7/lib/python3.7/site-packages/urllib3/util/connection.py", line 61, in create_connection
    for res in socket.getaddrinfo(host, port, family, socket.SOCK_STREAM):
  File "/usr/local/lib/python3.7/socket.py", line 752, in getaddrinfo
    for res in _socket.getaddrinfo(host, port, family, type, proto, flags):
socket.gaierror: [Errno -2] Name or service not known

During handling of the above exception, another exception occurred:

Traceback (most recent call last):
  File "/root/.cache/pypoetry/virtualenvs/cpdbv2-backend-VA82Wl8V-py3.7/lib/python3.7/site-packages/elasticsearch/connection/http_urllib3.py", line 115, in perform_request
    response = self.pool.urlopen(method, url, body, retries=False, headers=self.headers, **kw)
  File "/root/.cache/pypoetry/virtualenvs/cpdbv2-backend-VA82Wl8V-py3.7/lib/python3.7/site-packages/urllib3/connectionpool.py", line 727, in urlopen
    method, url, error=e, _pool=self, _stacktrace=sys.exc_info()[2]
  File "/root/.cache/pypoetry/virtualenvs/cpdbv2-backend-VA82Wl8V-py3.7/lib/python3.7/site-packages/urllib3/util/retry.py", line 386, in increment
    raise six.reraise(type(error), error, _stacktrace)
  File "/root/.cache/pypoetry/virtualenvs/cpdbv2-backend-VA82Wl8V-py3.7/lib/python3.7/site-packages/urllib3/packages/six.py", line 735, in reraise
    raise value
  File "/root/.cache/pypoetry/virtualenvs/cpdbv2-backend-VA82Wl8V-py3.7/lib/python3.7/site-packages/urllib3/connectionpool.py", line 677, in urlopen
    chunked=chunked,
  File "/root/.cache/pypoetry/virtualenvs/cpdbv2-backend-VA82Wl8V-py3.7/lib/python3.7/site-packages/urllib3/connectionpool.py", line 392, in _make_request
    conn.request(method, url, **httplib_request_kw)
  File "/usr/local/lib/python3.7/http/client.py", line 1281, in request
    self._send_request(method, url, body, headers, encode_chunked)
  File "/usr/local/lib/python3.7/http/client.py", line 1327, in _send_request
    self.endheaders(body, encode_chunked=encode_chunked)
  File "/usr/local/lib/python3.7/http/client.py", line 1276, in endheaders
    self._send_output(message_body, encode_chunked=encode_chunked)
  File "/usr/local/lib/python3.7/http/client.py", line 1036, in _send_output
    self.send(msg)
  File "/usr/local/lib/python3.7/http/client.py", line 976, in send
    self.connect()
  File "/root/.cache/pypoetry/virtualenvs/cpdbv2-backend-VA82Wl8V-py3.7/lib/python3.7/site-packages/urllib3/connection.py", line 187, in connect
    conn = self._new_conn()
  File "/root/.cache/pypoetry/virtualenvs/cpdbv2-backend-VA82Wl8V-py3.7/lib/python3.7/site-packages/urllib3/connection.py", line 172, in _new_conn
    self, "Failed to establish a new connection: %s" % e
urllib3.exceptions.NewConnectionError: <urllib3.connection.HTTPConnection object at 0x7ff068ee1650>: Failed to establish a new connection: [Errno -2] Name or service not known
elasticsearch: DEBUG: > None
urllib3.util.retry: DEBUG: Converted retries value: False -> Retry(total=False, connect=None, read=None, redirect=0, status=None)
urllib3.connectionpool: DEBUG: Starting new HTTP connection (278): elasticsearch:9200
elasticsearch: WARNING: DELETE http://elasticsearch:9200/test_officers_c97d3965-996f-4fbb-b4a7-1038423423bd [status:N/A request:0.004s]
Traceback (most recent call last):
  File "/root/.cache/pypoetry/virtualenvs/cpdbv2-backend-VA82Wl8V-py3.7/lib/python3.7/site-packages/urllib3/connection.py", line 160, in _new_conn
    (self._dns_host, self.port), self.timeout, **extra_kw
  File "/root/.cache/pypoetry/virtualenvs/cpdbv2-backend-VA82Wl8V-py3.7/lib/python3.7/site-packages/urllib3/util/connection.py", line 61, in create_connection
    for res in socket.getaddrinfo(host, port, family, socket.SOCK_STREAM):
  File "/usr/local/lib/python3.7/socket.py", line 752, in getaddrinfo
    for res in _socket.getaddrinfo(host, port, family, type, proto, flags):
socket.gaierror: [Errno -2] Name or service not known

During handling of the above exception, another exception occurred:

Traceback (most recent call last):
  File "/root/.cache/pypoetry/virtualenvs/cpdbv2-backend-VA82Wl8V-py3.7/lib/python3.7/site-packages/elasticsearch/connection/http_urllib3.py", line 115, in perform_request
    response = self.pool.urlopen(method, url, body, retries=False, headers=self.headers, **kw)
  File "/root/.cache/pypoetry/virtualenvs/cpdbv2-backend-VA82Wl8V-py3.7/lib/python3.7/site-packages/urllib3/connectionpool.py", line 727, in urlopen
    method, url, error=e, _pool=self, _stacktrace=sys.exc_info()[2]
  File "/root/.cache/pypoetry/virtualenvs/cpdbv2-backend-VA82Wl8V-py3.7/lib/python3.7/site-packages/urllib3/util/retry.py", line 386, in increment
    raise six.reraise(type(error), error, _stacktrace)
  File "/root/.cache/pypoetry/virtualenvs/cpdbv2-backend-VA82Wl8V-py3.7/lib/python3.7/site-packages/urllib3/packages/six.py", line 735, in reraise
    raise value
  File "/root/.cache/pypoetry/virtualenvs/cpdbv2-backend-VA82Wl8V-py3.7/lib/python3.7/site-packages/urllib3/connectionpool.py", line 677, in urlopen
    chunked=chunked,
  File "/root/.cache/pypoetry/virtualenvs/cpdbv2-backend-VA82Wl8V-py3.7/lib/python3.7/site-packages/urllib3/connectionpool.py", line 392, in _make_request
    conn.request(method, url, **httplib_request_kw)
  File "/usr/local/lib/python3.7/http/client.py", line 1281, in request
    self._send_request(method, url, body, headers, encode_chunked)
  File "/usr/local/lib/python3.7/http/client.py", line 1327, in _send_request
    self.endheaders(body, encode_chunked=encode_chunked)
  File "/usr/local/lib/python3.7/http/client.py", line 1276, in endheaders
    self._send_output(message_body, encode_chunked=encode_chunked)
  File "/usr/local/lib/python3.7/http/client.py", line 1036, in _send_output
    self.send(msg)
  File "/usr/local/lib/python3.7/http/client.py", line 976, in send
    self.connect()
  File "/root/.cache/pypoetry/virtualenvs/cpdbv2-backend-VA82Wl8V-py3.7/lib/python3.7/site-packages/urllib3/connection.py", line 187, in connect
    conn = self._new_conn()
  File "/root/.cache/pypoetry/virtualenvs/cpdbv2-backend-VA82Wl8V-py3.7/lib/python3.7/site-packages/urllib3/connection.py", line 172, in _new_conn
    self, "Failed to establish a new connection: %s" % e
urllib3.exceptions.NewConnectionError: <urllib3.connection.HTTPConnection object at 0x7ff068e0e950>: Failed to establish a new connection: [Errno -2] Name or service not known
elasticsearch: DEBUG: > None
urllib3.util.retry: DEBUG: Converted retries value: False -> Retry(total=False, connect=None, read=None, redirect=0, status=None)
urllib3.connectionpool: DEBUG: Starting new HTTP connection (279): elasticsearch:9200
elasticsearch: WARNING: DELETE http://elasticsearch:9200/test_officers_c97d3965-996f-4fbb-b4a7-1038423423bd [status:N/A request:0.016s]
Traceback (most recent call last):
  File "/root/.cache/pypoetry/virtualenvs/cpdbv2-backend-VA82Wl8V-py3.7/lib/python3.7/site-packages/urllib3/connection.py", line 160, in _new_conn
    (self._dns_host, self.port), self.timeout, **extra_kw
  File "/root/.cache/pypoetry/virtualenvs/cpdbv2-backend-VA82Wl8V-py3.7/lib/python3.7/site-packages/urllib3/util/connection.py", line 61, in create_connection
    for res in socket.getaddrinfo(host, port, family, socket.SOCK_STREAM):
  File "/usr/local/lib/python3.7/socket.py", line 752, in getaddrinfo
    for res in _socket.getaddrinfo(host, port, family, type, proto, flags):
socket.gaierror: [Errno -2] Name or service not known

During handling of the above exception, another exception occurred:

Traceback (most recent call last):
  File "/root/.cache/pypoetry/virtualenvs/cpdbv2-backend-VA82Wl8V-py3.7/lib/python3.7/site-packages/elasticsearch/connection/http_urllib3.py", line 115, in perform_request
    response = self.pool.urlopen(method, url, body, retries=False, headers=self.headers, **kw)
  File "/root/.cache/pypoetry/virtualenvs/cpdbv2-backend-VA82Wl8V-py3.7/lib/python3.7/site-packages/urllib3/connectionpool.py", line 727, in urlopen
    method, url, error=e, _pool=self, _stacktrace=sys.exc_info()[2]
  File "/root/.cache/pypoetry/virtualenvs/cpdbv2-backend-VA82Wl8V-py3.7/lib/python3.7/site-packages/urllib3/util/retry.py", line 386, in increment
    raise six.reraise(type(error), error, _stacktrace)
  File "/root/.cache/pypoetry/virtualenvs/cpdbv2-backend-VA82Wl8V-py3.7/lib/python3.7/site-packages/urllib3/packages/six.py", line 735, in reraise
    raise value
  File "/root/.cache/pypoetry/virtualenvs/cpdbv2-backend-VA82Wl8V-py3.7/lib/python3.7/site-packages/urllib3/connectionpool.py", line 677, in urlopen
    chunked=chunked,
  File "/root/.cache/pypoetry/virtualenvs/cpdbv2-backend-VA82Wl8V-py3.7/lib/python3.7/site-packages/urllib3/connectionpool.py", line 392, in _make_request
    conn.request(method, url, **httplib_request_kw)
  File "/usr/local/lib/python3.7/http/client.py", line 1281, in request
    self._send_request(method, url, body, headers, encode_chunked)
  File "/usr/local/lib/python3.7/http/client.py", line 1327, in _send_request
    self.endheaders(body, encode_chunked=encode_chunked)
  File "/usr/local/lib/python3.7/http/client.py", line 1276, in endheaders
    self._send_output(message_body, encode_chunked=encode_chunked)
  File "/usr/local/lib/python3.7/http/client.py", line 1036, in _send_output
    self.send(msg)
  File "/usr/local/lib/python3.7/http/client.py", line 976, in send
    self.connect()
  File "/root/.cache/pypoetry/virtualenvs/cpdbv2-backend-VA82Wl8V-py3.7/lib/python3.7/site-packages/urllib3/connection.py", line 187, in connect
    conn = self._new_conn()
  File "/root/.cache/pypoetry/virtualenvs/cpdbv2-backend-VA82Wl8V-py3.7/lib/python3.7/site-packages/urllib3/connection.py", line 172, in _new_conn
    self, "Failed to establish a new connection: %s" % e
urllib3.exceptions.NewConnectionError: <urllib3.connection.HTTPConnection object at 0x7ff068e0e5d0>: Failed to establish a new connection: [Errno -2] Name or service not known
elasticsearch: DEBUG: > None
urllib3.util.retry: DEBUG: Converted retries value: False -> Retry(total=False, connect=None, read=None, redirect=0, status=None)
urllib3.connectionpool: DEBUG: Starting new HTTP connection (280): elasticsearch:9200
elasticsearch: WARNING: DELETE http://elasticsearch:9200/test_officers_c97d3965-996f-4fbb-b4a7-1038423423bd [status:N/A request:0.005s]
Traceback (most recent call last):
  File "/root/.cache/pypoetry/virtualenvs/cpdbv2-backend-VA82Wl8V-py3.7/lib/python3.7/site-packages/urllib3/connection.py", line 160, in _new_conn
    (self._dns_host, self.port), self.timeout, **extra_kw
  File "/root/.cache/pypoetry/virtualenvs/cpdbv2-backend-VA82Wl8V-py3.7/lib/python3.7/site-packages/urllib3/util/connection.py", line 61, in create_connection
    for res in socket.getaddrinfo(host, port, family, socket.SOCK_STREAM):
  File "/usr/local/lib/python3.7/socket.py", line 752, in getaddrinfo
    for res in _socket.getaddrinfo(host, port, family, type, proto, flags):
socket.gaierror: [Errno -2] Name or service not known

During handling of the above exception, another exception occurred:

Traceback (most recent call last):
  File "/root/.cache/pypoetry/virtualenvs/cpdbv2-backend-VA82Wl8V-py3.7/lib/python3.7/site-packages/elasticsearch/connection/http_urllib3.py", line 115, in perform_request
    response = self.pool.urlopen(method, url, body, retries=False, headers=self.headers, **kw)
  File "/root/.cache/pypoetry/virtualenvs/cpdbv2-backend-VA82Wl8V-py3.7/lib/python3.7/site-packages/urllib3/connectionpool.py", line 727, in urlopen
    method, url, error=e, _pool=self, _stacktrace=sys.exc_info()[2]
  File "/root/.cache/pypoetry/virtualenvs/cpdbv2-backend-VA82Wl8V-py3.7/lib/python3.7/site-packages/urllib3/util/retry.py", line 386, in increment
    raise six.reraise(type(error), error, _stacktrace)
  File "/root/.cache/pypoetry/virtualenvs/cpdbv2-backend-VA82Wl8V-py3.7/lib/python3.7/site-packages/urllib3/packages/six.py", line 735, in reraise
    raise value
  File "/root/.cache/pypoetry/virtualenvs/cpdbv2-backend-VA82Wl8V-py3.7/lib/python3.7/site-packages/urllib3/connectionpool.py", line 677, in urlopen
    chunked=chunked,
  File "/root/.cache/pypoetry/virtualenvs/cpdbv2-backend-VA82Wl8V-py3.7/lib/python3.7/site-packages/urllib3/connectionpool.py", line 392, in _make_request
    conn.request(method, url, **httplib_request_kw)
  File "/usr/local/lib/python3.7/http/client.py", line 1281, in request
    self._send_request(method, url, body, headers, encode_chunked)
  File "/usr/local/lib/python3.7/http/client.py", line 1327, in _send_request
    self.endheaders(body, encode_chunked=encode_chunked)
  File "/usr/local/lib/python3.7/http/client.py", line 1276, in endheaders
    self._send_output(message_body, encode_chunked=encode_chunked)
  File "/usr/local/lib/python3.7/http/client.py", line 1036, in _send_output
    self.send(msg)
  File "/usr/local/lib/python3.7/http/client.py", line 976, in send
    self.connect()
  File "/root/.cache/pypoetry/virtualenvs/cpdbv2-backend-VA82Wl8V-py3.7/lib/python3.7/site-packages/urllib3/connection.py", line 187, in connect
    conn = self._new_conn()
  File "/root/.cache/pypoetry/virtualenvs/cpdbv2-backend-VA82Wl8V-py3.7/lib/python3.7/site-packages/urllib3/connection.py", line 172, in _new_conn
    self, "Failed to establish a new connection: %s" % e
urllib3.exceptions.NewConnectionError: <urllib3.connection.HTTPConnection object at 0x7ff068e0e690>: Failed to establish a new connection: [Errno -2] Name or service not known
elasticsearch: DEBUG: > None
--------------------- >> end captured logging << ---------------------

======================================================================
ERROR: test_list_all_invalid_ids (officers.tests.views.test_views.OfficersViewSetTestCase)
----------------------------------------------------------------------
Traceback (most recent call last):
  File "/usr/src/app/cpdb/officers/tests/mixins.py", line 10, in setUp
    officers_index_alias.write_index.delete(ignore=404)
  File "/root/.cache/pypoetry/virtualenvs/cpdbv2-backend-VA82Wl8V-py3.7/lib/python3.7/site-packages/elasticsearch_dsl/index.py", line 222, in delete
    self.connection.indices.delete(index=self._name, **kwargs)
  File "/root/.cache/pypoetry/virtualenvs/cpdbv2-backend-VA82Wl8V-py3.7/lib/python3.7/site-packages/elasticsearch/client/utils.py", line 73, in _wrapped
    return func(*args, params=params, **kwargs)
  File "/root/.cache/pypoetry/virtualenvs/cpdbv2-backend-VA82Wl8V-py3.7/lib/python3.7/site-packages/elasticsearch/client/indices.py", line 200, in delete
    params=params)
  File "/root/.cache/pypoetry/virtualenvs/cpdbv2-backend-VA82Wl8V-py3.7/lib/python3.7/site-packages/elasticsearch/transport.py", line 312, in perform_request
    status, headers, data = connection.perform_request(method, url, params, body, ignore=ignore, timeout=timeout)
  File "/root/.cache/pypoetry/virtualenvs/cpdbv2-backend-VA82Wl8V-py3.7/lib/python3.7/site-packages/elasticsearch/connection/http_urllib3.py", line 124, in perform_request
    raise ConnectionError('N/A', str(e), e)
elasticsearch.exceptions.ConnectionError: ConnectionError(<urllib3.connection.HTTPConnection object at 0x7ff068e0e2d0>: Failed to establish a new connection: [Errno -2] Name or service not known) caused by: NewConnectionError(<urllib3.connection.HTTPConnection object at 0x7ff068e0e2d0>: Failed to establish a new connection: [Errno -2] Name or service not known)
-------------------- >> begin captured logging << --------------------
urllib3.util.retry: DEBUG: Converted retries value: False -> Retry(total=False, connect=None, read=None, redirect=0, status=None)
urllib3.connectionpool: DEBUG: Starting new HTTP connection (281): elasticsearch:9200
elasticsearch: WARNING: DELETE http://elasticsearch:9200/test_officers_c97d3965-996f-4fbb-b4a7-1038423423bd [status:N/A request:0.004s]
Traceback (most recent call last):
  File "/root/.cache/pypoetry/virtualenvs/cpdbv2-backend-VA82Wl8V-py3.7/lib/python3.7/site-packages/urllib3/connection.py", line 160, in _new_conn
    (self._dns_host, self.port), self.timeout, **extra_kw
  File "/root/.cache/pypoetry/virtualenvs/cpdbv2-backend-VA82Wl8V-py3.7/lib/python3.7/site-packages/urllib3/util/connection.py", line 61, in create_connection
    for res in socket.getaddrinfo(host, port, family, socket.SOCK_STREAM):
  File "/usr/local/lib/python3.7/socket.py", line 752, in getaddrinfo
    for res in _socket.getaddrinfo(host, port, family, type, proto, flags):
socket.gaierror: [Errno -2] Name or service not known

During handling of the above exception, another exception occurred:

Traceback (most recent call last):
  File "/root/.cache/pypoetry/virtualenvs/cpdbv2-backend-VA82Wl8V-py3.7/lib/python3.7/site-packages/elasticsearch/connection/http_urllib3.py", line 115, in perform_request
    response = self.pool.urlopen(method, url, body, retries=False, headers=self.headers, **kw)
  File "/root/.cache/pypoetry/virtualenvs/cpdbv2-backend-VA82Wl8V-py3.7/lib/python3.7/site-packages/urllib3/connectionpool.py", line 727, in urlopen
    method, url, error=e, _pool=self, _stacktrace=sys.exc_info()[2]
  File "/root/.cache/pypoetry/virtualenvs/cpdbv2-backend-VA82Wl8V-py3.7/lib/python3.7/site-packages/urllib3/util/retry.py", line 386, in increment
    raise six.reraise(type(error), error, _stacktrace)
  File "/root/.cache/pypoetry/virtualenvs/cpdbv2-backend-VA82Wl8V-py3.7/lib/python3.7/site-packages/urllib3/packages/six.py", line 735, in reraise
    raise value
  File "/root/.cache/pypoetry/virtualenvs/cpdbv2-backend-VA82Wl8V-py3.7/lib/python3.7/site-packages/urllib3/connectionpool.py", line 677, in urlopen
    chunked=chunked,
  File "/root/.cache/pypoetry/virtualenvs/cpdbv2-backend-VA82Wl8V-py3.7/lib/python3.7/site-packages/urllib3/connectionpool.py", line 392, in _make_request
    conn.request(method, url, **httplib_request_kw)
  File "/usr/local/lib/python3.7/http/client.py", line 1281, in request
    self._send_request(method, url, body, headers, encode_chunked)
  File "/usr/local/lib/python3.7/http/client.py", line 1327, in _send_request
    self.endheaders(body, encode_chunked=encode_chunked)
  File "/usr/local/lib/python3.7/http/client.py", line 1276, in endheaders
    self._send_output(message_body, encode_chunked=encode_chunked)
  File "/usr/local/lib/python3.7/http/client.py", line 1036, in _send_output
    self.send(msg)
  File "/usr/local/lib/python3.7/http/client.py", line 976, in send
    self.connect()
  File "/root/.cache/pypoetry/virtualenvs/cpdbv2-backend-VA82Wl8V-py3.7/lib/python3.7/site-packages/urllib3/connection.py", line 187, in connect
    conn = self._new_conn()
  File "/root/.cache/pypoetry/virtualenvs/cpdbv2-backend-VA82Wl8V-py3.7/lib/python3.7/site-packages/urllib3/connection.py", line 172, in _new_conn
    self, "Failed to establish a new connection: %s" % e
urllib3.exceptions.NewConnectionError: <urllib3.connection.HTTPConnection object at 0x7ff068e0ea10>: Failed to establish a new connection: [Errno -2] Name or service not known
elasticsearch: DEBUG: > None
urllib3.util.retry: DEBUG: Converted retries value: False -> Retry(total=False, connect=None, read=None, redirect=0, status=None)
urllib3.connectionpool: DEBUG: Starting new HTTP connection (282): elasticsearch:9200
elasticsearch: WARNING: DELETE http://elasticsearch:9200/test_officers_c97d3965-996f-4fbb-b4a7-1038423423bd [status:N/A request:0.019s]
Traceback (most recent call last):
  File "/root/.cache/pypoetry/virtualenvs/cpdbv2-backend-VA82Wl8V-py3.7/lib/python3.7/site-packages/urllib3/connection.py", line 160, in _new_conn
    (self._dns_host, self.port), self.timeout, **extra_kw
  File "/root/.cache/pypoetry/virtualenvs/cpdbv2-backend-VA82Wl8V-py3.7/lib/python3.7/site-packages/urllib3/util/connection.py", line 61, in create_connection
    for res in socket.getaddrinfo(host, port, family, socket.SOCK_STREAM):
  File "/usr/local/lib/python3.7/socket.py", line 752, in getaddrinfo
    for res in _socket.getaddrinfo(host, port, family, type, proto, flags):
socket.gaierror: [Errno -2] Name or service not known

During handling of the above exception, another exception occurred:

Traceback (most recent call last):
  File "/root/.cache/pypoetry/virtualenvs/cpdbv2-backend-VA82Wl8V-py3.7/lib/python3.7/site-packages/elasticsearch/connection/http_urllib3.py", line 115, in perform_request
    response = self.pool.urlopen(method, url, body, retries=False, headers=self.headers, **kw)
  File "/root/.cache/pypoetry/virtualenvs/cpdbv2-backend-VA82Wl8V-py3.7/lib/python3.7/site-packages/urllib3/connectionpool.py", line 727, in urlopen
    method, url, error=e, _pool=self, _stacktrace=sys.exc_info()[2]
  File "/root/.cache/pypoetry/virtualenvs/cpdbv2-backend-VA82Wl8V-py3.7/lib/python3.7/site-packages/urllib3/util/retry.py", line 386, in increment
    raise six.reraise(type(error), error, _stacktrace)
  File "/root/.cache/pypoetry/virtualenvs/cpdbv2-backend-VA82Wl8V-py3.7/lib/python3.7/site-packages/urllib3/packages/six.py", line 735, in reraise
    raise value
  File "/root/.cache/pypoetry/virtualenvs/cpdbv2-backend-VA82Wl8V-py3.7/lib/python3.7/site-packages/urllib3/connectionpool.py", line 677, in urlopen
    chunked=chunked,
  File "/root/.cache/pypoetry/virtualenvs/cpdbv2-backend-VA82Wl8V-py3.7/lib/python3.7/site-packages/urllib3/connectionpool.py", line 392, in _make_request
    conn.request(method, url, **httplib_request_kw)
  File "/usr/local/lib/python3.7/http/client.py", line 1281, in request
    self._send_request(method, url, body, headers, encode_chunked)
  File "/usr/local/lib/python3.7/http/client.py", line 1327, in _send_request
    self.endheaders(body, encode_chunked=encode_chunked)
  File "/usr/local/lib/python3.7/http/client.py", line 1276, in endheaders
    self._send_output(message_body, encode_chunked=encode_chunked)
  File "/usr/local/lib/python3.7/http/client.py", line 1036, in _send_output
    self.send(msg)
  File "/usr/local/lib/python3.7/http/client.py", line 976, in send
    self.connect()
  File "/root/.cache/pypoetry/virtualenvs/cpdbv2-backend-VA82Wl8V-py3.7/lib/python3.7/site-packages/urllib3/connection.py", line 187, in connect
    conn = self._new_conn()
  File "/root/.cache/pypoetry/virtualenvs/cpdbv2-backend-VA82Wl8V-py3.7/lib/python3.7/site-packages/urllib3/connection.py", line 172, in _new_conn
    self, "Failed to establish a new connection: %s" % e
urllib3.exceptions.NewConnectionError: <urllib3.connection.HTTPConnection object at 0x7ff068e7b490>: Failed to establish a new connection: [Errno -2] Name or service not known
elasticsearch: DEBUG: > None
urllib3.util.retry: DEBUG: Converted retries value: False -> Retry(total=False, connect=None, read=None, redirect=0, status=None)
urllib3.connectionpool: DEBUG: Starting new HTTP connection (283): elasticsearch:9200
elasticsearch: WARNING: DELETE http://elasticsearch:9200/test_officers_c97d3965-996f-4fbb-b4a7-1038423423bd [status:N/A request:0.007s]
Traceback (most recent call last):
  File "/root/.cache/pypoetry/virtualenvs/cpdbv2-backend-VA82Wl8V-py3.7/lib/python3.7/site-packages/urllib3/connection.py", line 160, in _new_conn
    (self._dns_host, self.port), self.timeout, **extra_kw
  File "/root/.cache/pypoetry/virtualenvs/cpdbv2-backend-VA82Wl8V-py3.7/lib/python3.7/site-packages/urllib3/util/connection.py", line 61, in create_connection
    for res in socket.getaddrinfo(host, port, family, socket.SOCK_STREAM):
  File "/usr/local/lib/python3.7/socket.py", line 752, in getaddrinfo
    for res in _socket.getaddrinfo(host, port, family, type, proto, flags):
socket.gaierror: [Errno -2] Name or service not known

During handling of the above exception, another exception occurred:

Traceback (most recent call last):
  File "/root/.cache/pypoetry/virtualenvs/cpdbv2-backend-VA82Wl8V-py3.7/lib/python3.7/site-packages/elasticsearch/connection/http_urllib3.py", line 115, in perform_request
    response = self.pool.urlopen(method, url, body, retries=False, headers=self.headers, **kw)
  File "/root/.cache/pypoetry/virtualenvs/cpdbv2-backend-VA82Wl8V-py3.7/lib/python3.7/site-packages/urllib3/connectionpool.py", line 727, in urlopen
    method, url, error=e, _pool=self, _stacktrace=sys.exc_info()[2]
  File "/root/.cache/pypoetry/virtualenvs/cpdbv2-backend-VA82Wl8V-py3.7/lib/python3.7/site-packages/urllib3/util/retry.py", line 386, in increment
    raise six.reraise(type(error), error, _stacktrace)
  File "/root/.cache/pypoetry/virtualenvs/cpdbv2-backend-VA82Wl8V-py3.7/lib/python3.7/site-packages/urllib3/packages/six.py", line 735, in reraise
    raise value
  File "/root/.cache/pypoetry/virtualenvs/cpdbv2-backend-VA82Wl8V-py3.7/lib/python3.7/site-packages/urllib3/connectionpool.py", line 677, in urlopen
    chunked=chunked,
  File "/root/.cache/pypoetry/virtualenvs/cpdbv2-backend-VA82Wl8V-py3.7/lib/python3.7/site-packages/urllib3/connectionpool.py", line 392, in _make_request
    conn.request(method, url, **httplib_request_kw)
  File "/usr/local/lib/python3.7/http/client.py", line 1281, in request
    self._send_request(method, url, body, headers, encode_chunked)
  File "/usr/local/lib/python3.7/http/client.py", line 1327, in _send_request
    self.endheaders(body, encode_chunked=encode_chunked)
  File "/usr/local/lib/python3.7/http/client.py", line 1276, in endheaders
    self._send_output(message_body, encode_chunked=encode_chunked)
  File "/usr/local/lib/python3.7/http/client.py", line 1036, in _send_output
    self.send(msg)
  File "/usr/local/lib/python3.7/http/client.py", line 976, in send
    self.connect()
  File "/root/.cache/pypoetry/virtualenvs/cpdbv2-backend-VA82Wl8V-py3.7/lib/python3.7/site-packages/urllib3/connection.py", line 187, in connect
    conn = self._new_conn()
  File "/root/.cache/pypoetry/virtualenvs/cpdbv2-backend-VA82Wl8V-py3.7/lib/python3.7/site-packages/urllib3/connection.py", line 172, in _new_conn
    self, "Failed to establish a new connection: %s" % e
urllib3.exceptions.NewConnectionError: <urllib3.connection.HTTPConnection object at 0x7ff068e7b090>: Failed to establish a new connection: [Errno -2] Name or service not known
elasticsearch: DEBUG: > None
urllib3.util.retry: DEBUG: Converted retries value: False -> Retry(total=False, connect=None, read=None, redirect=0, status=None)
urllib3.connectionpool: DEBUG: Starting new HTTP connection (284): elasticsearch:9200
elasticsearch: WARNING: DELETE http://elasticsearch:9200/test_officers_c97d3965-996f-4fbb-b4a7-1038423423bd [status:N/A request:0.005s]
Traceback (most recent call last):
  File "/root/.cache/pypoetry/virtualenvs/cpdbv2-backend-VA82Wl8V-py3.7/lib/python3.7/site-packages/urllib3/connection.py", line 160, in _new_conn
    (self._dns_host, self.port), self.timeout, **extra_kw
  File "/root/.cache/pypoetry/virtualenvs/cpdbv2-backend-VA82Wl8V-py3.7/lib/python3.7/site-packages/urllib3/util/connection.py", line 61, in create_connection
    for res in socket.getaddrinfo(host, port, family, socket.SOCK_STREAM):
  File "/usr/local/lib/python3.7/socket.py", line 752, in getaddrinfo
    for res in _socket.getaddrinfo(host, port, family, type, proto, flags):
socket.gaierror: [Errno -2] Name or service not known

During handling of the above exception, another exception occurred:

Traceback (most recent call last):
  File "/root/.cache/pypoetry/virtualenvs/cpdbv2-backend-VA82Wl8V-py3.7/lib/python3.7/site-packages/elasticsearch/connection/http_urllib3.py", line 115, in perform_request
    response = self.pool.urlopen(method, url, body, retries=False, headers=self.headers, **kw)
  File "/root/.cache/pypoetry/virtualenvs/cpdbv2-backend-VA82Wl8V-py3.7/lib/python3.7/site-packages/urllib3/connectionpool.py", line 727, in urlopen
    method, url, error=e, _pool=self, _stacktrace=sys.exc_info()[2]
  File "/root/.cache/pypoetry/virtualenvs/cpdbv2-backend-VA82Wl8V-py3.7/lib/python3.7/site-packages/urllib3/util/retry.py", line 386, in increment
    raise six.reraise(type(error), error, _stacktrace)
  File "/root/.cache/pypoetry/virtualenvs/cpdbv2-backend-VA82Wl8V-py3.7/lib/python3.7/site-packages/urllib3/packages/six.py", line 735, in reraise
    raise value
  File "/root/.cache/pypoetry/virtualenvs/cpdbv2-backend-VA82Wl8V-py3.7/lib/python3.7/site-packages/urllib3/connectionpool.py", line 677, in urlopen
    chunked=chunked,
  File "/root/.cache/pypoetry/virtualenvs/cpdbv2-backend-VA82Wl8V-py3.7/lib/python3.7/site-packages/urllib3/connectionpool.py", line 392, in _make_request
    conn.request(method, url, **httplib_request_kw)
  File "/usr/local/lib/python3.7/http/client.py", line 1281, in request
    self._send_request(method, url, body, headers, encode_chunked)
  File "/usr/local/lib/python3.7/http/client.py", line 1327, in _send_request
    self.endheaders(body, encode_chunked=encode_chunked)
  File "/usr/local/lib/python3.7/http/client.py", line 1276, in endheaders
    self._send_output(message_body, encode_chunked=encode_chunked)
  File "/usr/local/lib/python3.7/http/client.py", line 1036, in _send_output
    self.send(msg)
  File "/usr/local/lib/python3.7/http/client.py", line 976, in send
    self.connect()
  File "/root/.cache/pypoetry/virtualenvs/cpdbv2-backend-VA82Wl8V-py3.7/lib/python3.7/site-packages/urllib3/connection.py", line 187, in connect
    conn = self._new_conn()
  File "/root/.cache/pypoetry/virtualenvs/cpdbv2-backend-VA82Wl8V-py3.7/lib/python3.7/site-packages/urllib3/connection.py", line 172, in _new_conn
    self, "Failed to establish a new connection: %s" % e
urllib3.exceptions.NewConnectionError: <urllib3.connection.HTTPConnection object at 0x7ff068e0e2d0>: Failed to establish a new connection: [Errno -2] Name or service not known
elasticsearch: DEBUG: > None
--------------------- >> end captured logging << ---------------------

======================================================================
ERROR: test_new_timeline_item (officers.tests.views.test_views.OfficersViewSetTestCase)
----------------------------------------------------------------------
Traceback (most recent call last):
  File "/usr/src/app/cpdb/officers/tests/mixins.py", line 10, in setUp
    officers_index_alias.write_index.delete(ignore=404)
  File "/root/.cache/pypoetry/virtualenvs/cpdbv2-backend-VA82Wl8V-py3.7/lib/python3.7/site-packages/elasticsearch_dsl/index.py", line 222, in delete
    self.connection.indices.delete(index=self._name, **kwargs)
  File "/root/.cache/pypoetry/virtualenvs/cpdbv2-backend-VA82Wl8V-py3.7/lib/python3.7/site-packages/elasticsearch/client/utils.py", line 73, in _wrapped
    return func(*args, params=params, **kwargs)
  File "/root/.cache/pypoetry/virtualenvs/cpdbv2-backend-VA82Wl8V-py3.7/lib/python3.7/site-packages/elasticsearch/client/indices.py", line 200, in delete
    params=params)
  File "/root/.cache/pypoetry/virtualenvs/cpdbv2-backend-VA82Wl8V-py3.7/lib/python3.7/site-packages/elasticsearch/transport.py", line 312, in perform_request
    status, headers, data = connection.perform_request(method, url, params, body, ignore=ignore, timeout=timeout)
  File "/root/.cache/pypoetry/virtualenvs/cpdbv2-backend-VA82Wl8V-py3.7/lib/python3.7/site-packages/elasticsearch/connection/http_urllib3.py", line 124, in perform_request
    raise ConnectionError('N/A', str(e), e)
elasticsearch.exceptions.ConnectionError: ConnectionError(<urllib3.connection.HTTPConnection object at 0x7ff068eaca50>: Failed to establish a new connection: [Errno -2] Name or service not known) caused by: NewConnectionError(<urllib3.connection.HTTPConnection object at 0x7ff068eaca50>: Failed to establish a new connection: [Errno -2] Name or service not known)
-------------------- >> begin captured logging << --------------------
urllib3.util.retry: DEBUG: Converted retries value: False -> Retry(total=False, connect=None, read=None, redirect=0, status=None)
urllib3.connectionpool: DEBUG: Starting new HTTP connection (285): elasticsearch:9200
elasticsearch: WARNING: DELETE http://elasticsearch:9200/test_officers_c97d3965-996f-4fbb-b4a7-1038423423bd [status:N/A request:0.004s]
Traceback (most recent call last):
  File "/root/.cache/pypoetry/virtualenvs/cpdbv2-backend-VA82Wl8V-py3.7/lib/python3.7/site-packages/urllib3/connection.py", line 160, in _new_conn
    (self._dns_host, self.port), self.timeout, **extra_kw
  File "/root/.cache/pypoetry/virtualenvs/cpdbv2-backend-VA82Wl8V-py3.7/lib/python3.7/site-packages/urllib3/util/connection.py", line 61, in create_connection
    for res in socket.getaddrinfo(host, port, family, socket.SOCK_STREAM):
  File "/usr/local/lib/python3.7/socket.py", line 752, in getaddrinfo
    for res in _socket.getaddrinfo(host, port, family, type, proto, flags):
socket.gaierror: [Errno -2] Name or service not known

During handling of the above exception, another exception occurred:

Traceback (most recent call last):
  File "/root/.cache/pypoetry/virtualenvs/cpdbv2-backend-VA82Wl8V-py3.7/lib/python3.7/site-packages/elasticsearch/connection/http_urllib3.py", line 115, in perform_request
    response = self.pool.urlopen(method, url, body, retries=False, headers=self.headers, **kw)
  File "/root/.cache/pypoetry/virtualenvs/cpdbv2-backend-VA82Wl8V-py3.7/lib/python3.7/site-packages/urllib3/connectionpool.py", line 727, in urlopen
    method, url, error=e, _pool=self, _stacktrace=sys.exc_info()[2]
  File "/root/.cache/pypoetry/virtualenvs/cpdbv2-backend-VA82Wl8V-py3.7/lib/python3.7/site-packages/urllib3/util/retry.py", line 386, in increment
    raise six.reraise(type(error), error, _stacktrace)
  File "/root/.cache/pypoetry/virtualenvs/cpdbv2-backend-VA82Wl8V-py3.7/lib/python3.7/site-packages/urllib3/packages/six.py", line 735, in reraise
    raise value
  File "/root/.cache/pypoetry/virtualenvs/cpdbv2-backend-VA82Wl8V-py3.7/lib/python3.7/site-packages/urllib3/connectionpool.py", line 677, in urlopen
    chunked=chunked,
  File "/root/.cache/pypoetry/virtualenvs/cpdbv2-backend-VA82Wl8V-py3.7/lib/python3.7/site-packages/urllib3/connectionpool.py", line 392, in _make_request
    conn.request(method, url, **httplib_request_kw)
  File "/usr/local/lib/python3.7/http/client.py", line 1281, in request
    self._send_request(method, url, body, headers, encode_chunked)
  File "/usr/local/lib/python3.7/http/client.py", line 1327, in _send_request
    self.endheaders(body, encode_chunked=encode_chunked)
  File "/usr/local/lib/python3.7/http/client.py", line 1276, in endheaders
    self._send_output(message_body, encode_chunked=encode_chunked)
  File "/usr/local/lib/python3.7/http/client.py", line 1036, in _send_output
    self.send(msg)
  File "/usr/local/lib/python3.7/http/client.py", line 976, in send
    self.connect()
  File "/root/.cache/pypoetry/virtualenvs/cpdbv2-backend-VA82Wl8V-py3.7/lib/python3.7/site-packages/urllib3/connection.py", line 187, in connect
    conn = self._new_conn()
  File "/root/.cache/pypoetry/virtualenvs/cpdbv2-backend-VA82Wl8V-py3.7/lib/python3.7/site-packages/urllib3/connection.py", line 172, in _new_conn
    self, "Failed to establish a new connection: %s" % e
urllib3.exceptions.NewConnectionError: <urllib3.connection.HTTPConnection object at 0x7ff068e0ec90>: Failed to establish a new connection: [Errno -2] Name or service not known
elasticsearch: DEBUG: > None
urllib3.util.retry: DEBUG: Converted retries value: False -> Retry(total=False, connect=None, read=None, redirect=0, status=None)
urllib3.connectionpool: DEBUG: Starting new HTTP connection (286): elasticsearch:9200
elasticsearch: WARNING: DELETE http://elasticsearch:9200/test_officers_c97d3965-996f-4fbb-b4a7-1038423423bd [status:N/A request:0.004s]
Traceback (most recent call last):
  File "/root/.cache/pypoetry/virtualenvs/cpdbv2-backend-VA82Wl8V-py3.7/lib/python3.7/site-packages/urllib3/connection.py", line 160, in _new_conn
    (self._dns_host, self.port), self.timeout, **extra_kw
  File "/root/.cache/pypoetry/virtualenvs/cpdbv2-backend-VA82Wl8V-py3.7/lib/python3.7/site-packages/urllib3/util/connection.py", line 61, in create_connection
    for res in socket.getaddrinfo(host, port, family, socket.SOCK_STREAM):
  File "/usr/local/lib/python3.7/socket.py", line 752, in getaddrinfo
    for res in _socket.getaddrinfo(host, port, family, type, proto, flags):
socket.gaierror: [Errno -2] Name or service not known

During handling of the above exception, another exception occurred:

Traceback (most recent call last):
  File "/root/.cache/pypoetry/virtualenvs/cpdbv2-backend-VA82Wl8V-py3.7/lib/python3.7/site-packages/elasticsearch/connection/http_urllib3.py", line 115, in perform_request
    response = self.pool.urlopen(method, url, body, retries=False, headers=self.headers, **kw)
  File "/root/.cache/pypoetry/virtualenvs/cpdbv2-backend-VA82Wl8V-py3.7/lib/python3.7/site-packages/urllib3/connectionpool.py", line 727, in urlopen
    method, url, error=e, _pool=self, _stacktrace=sys.exc_info()[2]
  File "/root/.cache/pypoetry/virtualenvs/cpdbv2-backend-VA82Wl8V-py3.7/lib/python3.7/site-packages/urllib3/util/retry.py", line 386, in increment
    raise six.reraise(type(error), error, _stacktrace)
  File "/root/.cache/pypoetry/virtualenvs/cpdbv2-backend-VA82Wl8V-py3.7/lib/python3.7/site-packages/urllib3/packages/six.py", line 735, in reraise
    raise value
  File "/root/.cache/pypoetry/virtualenvs/cpdbv2-backend-VA82Wl8V-py3.7/lib/python3.7/site-packages/urllib3/connectionpool.py", line 677, in urlopen
    chunked=chunked,
  File "/root/.cache/pypoetry/virtualenvs/cpdbv2-backend-VA82Wl8V-py3.7/lib/python3.7/site-packages/urllib3/connectionpool.py", line 392, in _make_request
    conn.request(method, url, **httplib_request_kw)
  File "/usr/local/lib/python3.7/http/client.py", line 1281, in request
    self._send_request(method, url, body, headers, encode_chunked)
  File "/usr/local/lib/python3.7/http/client.py", line 1327, in _send_request
    self.endheaders(body, encode_chunked=encode_chunked)
  File "/usr/local/lib/python3.7/http/client.py", line 1276, in endheaders
    self._send_output(message_body, encode_chunked=encode_chunked)
  File "/usr/local/lib/python3.7/http/client.py", line 1036, in _send_output
    self.send(msg)
  File "/usr/local/lib/python3.7/http/client.py", line 976, in send
    self.connect()
  File "/root/.cache/pypoetry/virtualenvs/cpdbv2-backend-VA82Wl8V-py3.7/lib/python3.7/site-packages/urllib3/connection.py", line 187, in connect
    conn = self._new_conn()
  File "/root/.cache/pypoetry/virtualenvs/cpdbv2-backend-VA82Wl8V-py3.7/lib/python3.7/site-packages/urllib3/connection.py", line 172, in _new_conn
    self, "Failed to establish a new connection: %s" % e
urllib3.exceptions.NewConnectionError: <urllib3.connection.HTTPConnection object at 0x7ff068e0e050>: Failed to establish a new connection: [Errno -2] Name or service not known
elasticsearch: DEBUG: > None
urllib3.util.retry: DEBUG: Converted retries value: False -> Retry(total=False, connect=None, read=None, redirect=0, status=None)
urllib3.connectionpool: DEBUG: Starting new HTTP connection (287): elasticsearch:9200
elasticsearch: WARNING: DELETE http://elasticsearch:9200/test_officers_c97d3965-996f-4fbb-b4a7-1038423423bd [status:N/A request:0.004s]
Traceback (most recent call last):
  File "/root/.cache/pypoetry/virtualenvs/cpdbv2-backend-VA82Wl8V-py3.7/lib/python3.7/site-packages/urllib3/connection.py", line 160, in _new_conn
    (self._dns_host, self.port), self.timeout, **extra_kw
  File "/root/.cache/pypoetry/virtualenvs/cpdbv2-backend-VA82Wl8V-py3.7/lib/python3.7/site-packages/urllib3/util/connection.py", line 61, in create_connection
    for res in socket.getaddrinfo(host, port, family, socket.SOCK_STREAM):
  File "/usr/local/lib/python3.7/socket.py", line 752, in getaddrinfo
    for res in _socket.getaddrinfo(host, port, family, type, proto, flags):
socket.gaierror: [Errno -2] Name or service not known

During handling of the above exception, another exception occurred:

Traceback (most recent call last):
  File "/root/.cache/pypoetry/virtualenvs/cpdbv2-backend-VA82Wl8V-py3.7/lib/python3.7/site-packages/elasticsearch/connection/http_urllib3.py", line 115, in perform_request
    response = self.pool.urlopen(method, url, body, retries=False, headers=self.headers, **kw)
  File "/root/.cache/pypoetry/virtualenvs/cpdbv2-backend-VA82Wl8V-py3.7/lib/python3.7/site-packages/urllib3/connectionpool.py", line 727, in urlopen
    method, url, error=e, _pool=self, _stacktrace=sys.exc_info()[2]
  File "/root/.cache/pypoetry/virtualenvs/cpdbv2-backend-VA82Wl8V-py3.7/lib/python3.7/site-packages/urllib3/util/retry.py", line 386, in increment
    raise six.reraise(type(error), error, _stacktrace)
  File "/root/.cache/pypoetry/virtualenvs/cpdbv2-backend-VA82Wl8V-py3.7/lib/python3.7/site-packages/urllib3/packages/six.py", line 735, in reraise
    raise value
  File "/root/.cache/pypoetry/virtualenvs/cpdbv2-backend-VA82Wl8V-py3.7/lib/python3.7/site-packages/urllib3/connectionpool.py", line 677, in urlopen
    chunked=chunked,
  File "/root/.cache/pypoetry/virtualenvs/cpdbv2-backend-VA82Wl8V-py3.7/lib/python3.7/site-packages/urllib3/connectionpool.py", line 392, in _make_request
    conn.request(method, url, **httplib_request_kw)
  File "/usr/local/lib/python3.7/http/client.py", line 1281, in request
    self._send_request(method, url, body, headers, encode_chunked)
  File "/usr/local/lib/python3.7/http/client.py", line 1327, in _send_request
    self.endheaders(body, encode_chunked=encode_chunked)
  File "/usr/local/lib/python3.7/http/client.py", line 1276, in endheaders
    self._send_output(message_body, encode_chunked=encode_chunked)
  File "/usr/local/lib/python3.7/http/client.py", line 1036, in _send_output
    self.send(msg)
  File "/usr/local/lib/python3.7/http/client.py", line 976, in send
    self.connect()
  File "/root/.cache/pypoetry/virtualenvs/cpdbv2-backend-VA82Wl8V-py3.7/lib/python3.7/site-packages/urllib3/connection.py", line 187, in connect
    conn = self._new_conn()
  File "/root/.cache/pypoetry/virtualenvs/cpdbv2-backend-VA82Wl8V-py3.7/lib/python3.7/site-packages/urllib3/connection.py", line 172, in _new_conn
    self, "Failed to establish a new connection: %s" % e
urllib3.exceptions.NewConnectionError: <urllib3.connection.HTTPConnection object at 0x7ff068e89f90>: Failed to establish a new connection: [Errno -2] Name or service not known
elasticsearch: DEBUG: > None
urllib3.util.retry: DEBUG: Converted retries value: False -> Retry(total=False, connect=None, read=None, redirect=0, status=None)
urllib3.connectionpool: DEBUG: Starting new HTTP connection (288): elasticsearch:9200
elasticsearch: WARNING: DELETE http://elasticsearch:9200/test_officers_c97d3965-996f-4fbb-b4a7-1038423423bd [status:N/A request:0.004s]
Traceback (most recent call last):
  File "/root/.cache/pypoetry/virtualenvs/cpdbv2-backend-VA82Wl8V-py3.7/lib/python3.7/site-packages/urllib3/connection.py", line 160, in _new_conn
    (self._dns_host, self.port), self.timeout, **extra_kw
  File "/root/.cache/pypoetry/virtualenvs/cpdbv2-backend-VA82Wl8V-py3.7/lib/python3.7/site-packages/urllib3/util/connection.py", line 61, in create_connection
    for res in socket.getaddrinfo(host, port, family, socket.SOCK_STREAM):
  File "/usr/local/lib/python3.7/socket.py", line 752, in getaddrinfo
    for res in _socket.getaddrinfo(host, port, family, type, proto, flags):
socket.gaierror: [Errno -2] Name or service not known

During handling of the above exception, another exception occurred:

Traceback (most recent call last):
  File "/root/.cache/pypoetry/virtualenvs/cpdbv2-backend-VA82Wl8V-py3.7/lib/python3.7/site-packages/elasticsearch/connection/http_urllib3.py", line 115, in perform_request
    response = self.pool.urlopen(method, url, body, retries=False, headers=self.headers, **kw)
  File "/root/.cache/pypoetry/virtualenvs/cpdbv2-backend-VA82Wl8V-py3.7/lib/python3.7/site-packages/urllib3/connectionpool.py", line 727, in urlopen
    method, url, error=e, _pool=self, _stacktrace=sys.exc_info()[2]
  File "/root/.cache/pypoetry/virtualenvs/cpdbv2-backend-VA82Wl8V-py3.7/lib/python3.7/site-packages/urllib3/util/retry.py", line 386, in increment
    raise six.reraise(type(error), error, _stacktrace)
  File "/root/.cache/pypoetry/virtualenvs/cpdbv2-backend-VA82Wl8V-py3.7/lib/python3.7/site-packages/urllib3/packages/six.py", line 735, in reraise
    raise value
  File "/root/.cache/pypoetry/virtualenvs/cpdbv2-backend-VA82Wl8V-py3.7/lib/python3.7/site-packages/urllib3/connectionpool.py", line 677, in urlopen
    chunked=chunked,
  File "/root/.cache/pypoetry/virtualenvs/cpdbv2-backend-VA82Wl8V-py3.7/lib/python3.7/site-packages/urllib3/connectionpool.py", line 392, in _make_request
    conn.request(method, url, **httplib_request_kw)
  File "/usr/local/lib/python3.7/http/client.py", line 1281, in request
    self._send_request(method, url, body, headers, encode_chunked)
  File "/usr/local/lib/python3.7/http/client.py", line 1327, in _send_request
    self.endheaders(body, encode_chunked=encode_chunked)
  File "/usr/local/lib/python3.7/http/client.py", line 1276, in endheaders
    self._send_output(message_body, encode_chunked=encode_chunked)
  File "/usr/local/lib/python3.7/http/client.py", line 1036, in _send_output
    self.send(msg)
  File "/usr/local/lib/python3.7/http/client.py", line 976, in send
    self.connect()
  File "/root/.cache/pypoetry/virtualenvs/cpdbv2-backend-VA82Wl8V-py3.7/lib/python3.7/site-packages/urllib3/connection.py", line 187, in connect
    conn = self._new_conn()
  File "/root/.cache/pypoetry/virtualenvs/cpdbv2-backend-VA82Wl8V-py3.7/lib/python3.7/site-packages/urllib3/connection.py", line 172, in _new_conn
    self, "Failed to establish a new connection: %s" % e
urllib3.exceptions.NewConnectionError: <urllib3.connection.HTTPConnection object at 0x7ff068eaca50>: Failed to establish a new connection: [Errno -2] Name or service not known
elasticsearch: DEBUG: > None
--------------------- >> end captured logging << ---------------------

======================================================================
ERROR: test_new_timeline_item_merge_rank_and_unit_change_join (officers.tests.views.test_views.OfficersViewSetTestCase)
----------------------------------------------------------------------
Traceback (most recent call last):
  File "/usr/src/app/cpdb/officers/tests/mixins.py", line 10, in setUp
    officers_index_alias.write_index.delete(ignore=404)
  File "/root/.cache/pypoetry/virtualenvs/cpdbv2-backend-VA82Wl8V-py3.7/lib/python3.7/site-packages/elasticsearch_dsl/index.py", line 222, in delete
    self.connection.indices.delete(index=self._name, **kwargs)
  File "/root/.cache/pypoetry/virtualenvs/cpdbv2-backend-VA82Wl8V-py3.7/lib/python3.7/site-packages/elasticsearch/client/utils.py", line 73, in _wrapped
    return func(*args, params=params, **kwargs)
  File "/root/.cache/pypoetry/virtualenvs/cpdbv2-backend-VA82Wl8V-py3.7/lib/python3.7/site-packages/elasticsearch/client/indices.py", line 200, in delete
    params=params)
  File "/root/.cache/pypoetry/virtualenvs/cpdbv2-backend-VA82Wl8V-py3.7/lib/python3.7/site-packages/elasticsearch/transport.py", line 312, in perform_request
    status, headers, data = connection.perform_request(method, url, params, body, ignore=ignore, timeout=timeout)
  File "/root/.cache/pypoetry/virtualenvs/cpdbv2-backend-VA82Wl8V-py3.7/lib/python3.7/site-packages/elasticsearch/connection/http_urllib3.py", line 124, in perform_request
    raise ConnectionError('N/A', str(e), e)
elasticsearch.exceptions.ConnectionError: ConnectionError(<urllib3.connection.HTTPConnection object at 0x7ff068dfa5d0>: Failed to establish a new connection: [Errno -2] Name or service not known) caused by: NewConnectionError(<urllib3.connection.HTTPConnection object at 0x7ff068dfa5d0>: Failed to establish a new connection: [Errno -2] Name or service not known)
-------------------- >> begin captured logging << --------------------
urllib3.util.retry: DEBUG: Converted retries value: False -> Retry(total=False, connect=None, read=None, redirect=0, status=None)
urllib3.connectionpool: DEBUG: Starting new HTTP connection (289): elasticsearch:9200
elasticsearch: WARNING: DELETE http://elasticsearch:9200/test_officers_c97d3965-996f-4fbb-b4a7-1038423423bd [status:N/A request:0.005s]
Traceback (most recent call last):
  File "/root/.cache/pypoetry/virtualenvs/cpdbv2-backend-VA82Wl8V-py3.7/lib/python3.7/site-packages/urllib3/connection.py", line 160, in _new_conn
    (self._dns_host, self.port), self.timeout, **extra_kw
  File "/root/.cache/pypoetry/virtualenvs/cpdbv2-backend-VA82Wl8V-py3.7/lib/python3.7/site-packages/urllib3/util/connection.py", line 61, in create_connection
    for res in socket.getaddrinfo(host, port, family, socket.SOCK_STREAM):
  File "/usr/local/lib/python3.7/socket.py", line 752, in getaddrinfo
    for res in _socket.getaddrinfo(host, port, family, type, proto, flags):
socket.gaierror: [Errno -2] Name or service not known

During handling of the above exception, another exception occurred:

Traceback (most recent call last):
  File "/root/.cache/pypoetry/virtualenvs/cpdbv2-backend-VA82Wl8V-py3.7/lib/python3.7/site-packages/elasticsearch/connection/http_urllib3.py", line 115, in perform_request
    response = self.pool.urlopen(method, url, body, retries=False, headers=self.headers, **kw)
  File "/root/.cache/pypoetry/virtualenvs/cpdbv2-backend-VA82Wl8V-py3.7/lib/python3.7/site-packages/urllib3/connectionpool.py", line 727, in urlopen
    method, url, error=e, _pool=self, _stacktrace=sys.exc_info()[2]
  File "/root/.cache/pypoetry/virtualenvs/cpdbv2-backend-VA82Wl8V-py3.7/lib/python3.7/site-packages/urllib3/util/retry.py", line 386, in increment
    raise six.reraise(type(error), error, _stacktrace)
  File "/root/.cache/pypoetry/virtualenvs/cpdbv2-backend-VA82Wl8V-py3.7/lib/python3.7/site-packages/urllib3/packages/six.py", line 735, in reraise
    raise value
  File "/root/.cache/pypoetry/virtualenvs/cpdbv2-backend-VA82Wl8V-py3.7/lib/python3.7/site-packages/urllib3/connectionpool.py", line 677, in urlopen
    chunked=chunked,
  File "/root/.cache/pypoetry/virtualenvs/cpdbv2-backend-VA82Wl8V-py3.7/lib/python3.7/site-packages/urllib3/connectionpool.py", line 392, in _make_request
    conn.request(method, url, **httplib_request_kw)
  File "/usr/local/lib/python3.7/http/client.py", line 1281, in request
    self._send_request(method, url, body, headers, encode_chunked)
  File "/usr/local/lib/python3.7/http/client.py", line 1327, in _send_request
    self.endheaders(body, encode_chunked=encode_chunked)
  File "/usr/local/lib/python3.7/http/client.py", line 1276, in endheaders
    self._send_output(message_body, encode_chunked=encode_chunked)
  File "/usr/local/lib/python3.7/http/client.py", line 1036, in _send_output
    self.send(msg)
  File "/usr/local/lib/python3.7/http/client.py", line 976, in send
    self.connect()
  File "/root/.cache/pypoetry/virtualenvs/cpdbv2-backend-VA82Wl8V-py3.7/lib/python3.7/site-packages/urllib3/connection.py", line 187, in connect
    conn = self._new_conn()
  File "/root/.cache/pypoetry/virtualenvs/cpdbv2-backend-VA82Wl8V-py3.7/lib/python3.7/site-packages/urllib3/connection.py", line 172, in _new_conn
    self, "Failed to establish a new connection: %s" % e
urllib3.exceptions.NewConnectionError: <urllib3.connection.HTTPConnection object at 0x7ff068eacc10>: Failed to establish a new connection: [Errno -2] Name or service not known
elasticsearch: DEBUG: > None
urllib3.util.retry: DEBUG: Converted retries value: False -> Retry(total=False, connect=None, read=None, redirect=0, status=None)
urllib3.connectionpool: DEBUG: Starting new HTTP connection (290): elasticsearch:9200
elasticsearch: WARNING: DELETE http://elasticsearch:9200/test_officers_c97d3965-996f-4fbb-b4a7-1038423423bd [status:N/A request:0.004s]
Traceback (most recent call last):
  File "/root/.cache/pypoetry/virtualenvs/cpdbv2-backend-VA82Wl8V-py3.7/lib/python3.7/site-packages/urllib3/connection.py", line 160, in _new_conn
    (self._dns_host, self.port), self.timeout, **extra_kw
  File "/root/.cache/pypoetry/virtualenvs/cpdbv2-backend-VA82Wl8V-py3.7/lib/python3.7/site-packages/urllib3/util/connection.py", line 61, in create_connection
    for res in socket.getaddrinfo(host, port, family, socket.SOCK_STREAM):
  File "/usr/local/lib/python3.7/socket.py", line 752, in getaddrinfo
    for res in _socket.getaddrinfo(host, port, family, type, proto, flags):
socket.gaierror: [Errno -2] Name or service not known

During handling of the above exception, another exception occurred:

Traceback (most recent call last):
  File "/root/.cache/pypoetry/virtualenvs/cpdbv2-backend-VA82Wl8V-py3.7/lib/python3.7/site-packages/elasticsearch/connection/http_urllib3.py", line 115, in perform_request
    response = self.pool.urlopen(method, url, body, retries=False, headers=self.headers, **kw)
  File "/root/.cache/pypoetry/virtualenvs/cpdbv2-backend-VA82Wl8V-py3.7/lib/python3.7/site-packages/urllib3/connectionpool.py", line 727, in urlopen
    method, url, error=e, _pool=self, _stacktrace=sys.exc_info()[2]
  File "/root/.cache/pypoetry/virtualenvs/cpdbv2-backend-VA82Wl8V-py3.7/lib/python3.7/site-packages/urllib3/util/retry.py", line 386, in increment
    raise six.reraise(type(error), error, _stacktrace)
  File "/root/.cache/pypoetry/virtualenvs/cpdbv2-backend-VA82Wl8V-py3.7/lib/python3.7/site-packages/urllib3/packages/six.py", line 735, in reraise
    raise value
  File "/root/.cache/pypoetry/virtualenvs/cpdbv2-backend-VA82Wl8V-py3.7/lib/python3.7/site-packages/urllib3/connectionpool.py", line 677, in urlopen
    chunked=chunked,
  File "/root/.cache/pypoetry/virtualenvs/cpdbv2-backend-VA82Wl8V-py3.7/lib/python3.7/site-packages/urllib3/connectionpool.py", line 392, in _make_request
    conn.request(method, url, **httplib_request_kw)
  File "/usr/local/lib/python3.7/http/client.py", line 1281, in request
    self._send_request(method, url, body, headers, encode_chunked)
  File "/usr/local/lib/python3.7/http/client.py", line 1327, in _send_request
    self.endheaders(body, encode_chunked=encode_chunked)
  File "/usr/local/lib/python3.7/http/client.py", line 1276, in endheaders
    self._send_output(message_body, encode_chunked=encode_chunked)
  File "/usr/local/lib/python3.7/http/client.py", line 1036, in _send_output
    self.send(msg)
  File "/usr/local/lib/python3.7/http/client.py", line 976, in send
    self.connect()
  File "/root/.cache/pypoetry/virtualenvs/cpdbv2-backend-VA82Wl8V-py3.7/lib/python3.7/site-packages/urllib3/connection.py", line 187, in connect
    conn = self._new_conn()
  File "/root/.cache/pypoetry/virtualenvs/cpdbv2-backend-VA82Wl8V-py3.7/lib/python3.7/site-packages/urllib3/connection.py", line 172, in _new_conn
    self, "Failed to establish a new connection: %s" % e
urllib3.exceptions.NewConnectionError: <urllib3.connection.HTTPConnection object at 0x7ff068eaced0>: Failed to establish a new connection: [Errno -2] Name or service not known
elasticsearch: DEBUG: > None
urllib3.util.retry: DEBUG: Converted retries value: False -> Retry(total=False, connect=None, read=None, redirect=0, status=None)
urllib3.connectionpool: DEBUG: Starting new HTTP connection (291): elasticsearch:9200
elasticsearch: WARNING: DELETE http://elasticsearch:9200/test_officers_c97d3965-996f-4fbb-b4a7-1038423423bd [status:N/A request:0.003s]
Traceback (most recent call last):
  File "/root/.cache/pypoetry/virtualenvs/cpdbv2-backend-VA82Wl8V-py3.7/lib/python3.7/site-packages/urllib3/connection.py", line 160, in _new_conn
    (self._dns_host, self.port), self.timeout, **extra_kw
  File "/root/.cache/pypoetry/virtualenvs/cpdbv2-backend-VA82Wl8V-py3.7/lib/python3.7/site-packages/urllib3/util/connection.py", line 61, in create_connection
    for res in socket.getaddrinfo(host, port, family, socket.SOCK_STREAM):
  File "/usr/local/lib/python3.7/socket.py", line 752, in getaddrinfo
    for res in _socket.getaddrinfo(host, port, family, type, proto, flags):
socket.gaierror: [Errno -2] Name or service not known

During handling of the above exception, another exception occurred:

Traceback (most recent call last):
  File "/root/.cache/pypoetry/virtualenvs/cpdbv2-backend-VA82Wl8V-py3.7/lib/python3.7/site-packages/elasticsearch/connection/http_urllib3.py", line 115, in perform_request
    response = self.pool.urlopen(method, url, body, retries=False, headers=self.headers, **kw)
  File "/root/.cache/pypoetry/virtualenvs/cpdbv2-backend-VA82Wl8V-py3.7/lib/python3.7/site-packages/urllib3/connectionpool.py", line 727, in urlopen
    method, url, error=e, _pool=self, _stacktrace=sys.exc_info()[2]
  File "/root/.cache/pypoetry/virtualenvs/cpdbv2-backend-VA82Wl8V-py3.7/lib/python3.7/site-packages/urllib3/util/retry.py", line 386, in increment
    raise six.reraise(type(error), error, _stacktrace)
  File "/root/.cache/pypoetry/virtualenvs/cpdbv2-backend-VA82Wl8V-py3.7/lib/python3.7/site-packages/urllib3/packages/six.py", line 735, in reraise
    raise value
  File "/root/.cache/pypoetry/virtualenvs/cpdbv2-backend-VA82Wl8V-py3.7/lib/python3.7/site-packages/urllib3/connectionpool.py", line 677, in urlopen
    chunked=chunked,
  File "/root/.cache/pypoetry/virtualenvs/cpdbv2-backend-VA82Wl8V-py3.7/lib/python3.7/site-packages/urllib3/connectionpool.py", line 392, in _make_request
    conn.request(method, url, **httplib_request_kw)
  File "/usr/local/lib/python3.7/http/client.py", line 1281, in request
    self._send_request(method, url, body, headers, encode_chunked)
  File "/usr/local/lib/python3.7/http/client.py", line 1327, in _send_request
    self.endheaders(body, encode_chunked=encode_chunked)
  File "/usr/local/lib/python3.7/http/client.py", line 1276, in endheaders
    self._send_output(message_body, encode_chunked=encode_chunked)
  File "/usr/local/lib/python3.7/http/client.py", line 1036, in _send_output
    self.send(msg)
  File "/usr/local/lib/python3.7/http/client.py", line 976, in send
    self.connect()
  File "/root/.cache/pypoetry/virtualenvs/cpdbv2-backend-VA82Wl8V-py3.7/lib/python3.7/site-packages/urllib3/connection.py", line 187, in connect
    conn = self._new_conn()
  File "/root/.cache/pypoetry/virtualenvs/cpdbv2-backend-VA82Wl8V-py3.7/lib/python3.7/site-packages/urllib3/connection.py", line 172, in _new_conn
    self, "Failed to establish a new connection: %s" % e
urllib3.exceptions.NewConnectionError: <urllib3.connection.HTTPConnection object at 0x7ff068dfab10>: Failed to establish a new connection: [Errno -2] Name or service not known
elasticsearch: DEBUG: > None
urllib3.util.retry: DEBUG: Converted retries value: False -> Retry(total=False, connect=None, read=None, redirect=0, status=None)
urllib3.connectionpool: DEBUG: Starting new HTTP connection (292): elasticsearch:9200
elasticsearch: WARNING: DELETE http://elasticsearch:9200/test_officers_c97d3965-996f-4fbb-b4a7-1038423423bd [status:N/A request:0.004s]
Traceback (most recent call last):
  File "/root/.cache/pypoetry/virtualenvs/cpdbv2-backend-VA82Wl8V-py3.7/lib/python3.7/site-packages/urllib3/connection.py", line 160, in _new_conn
    (self._dns_host, self.port), self.timeout, **extra_kw
  File "/root/.cache/pypoetry/virtualenvs/cpdbv2-backend-VA82Wl8V-py3.7/lib/python3.7/site-packages/urllib3/util/connection.py", line 61, in create_connection
    for res in socket.getaddrinfo(host, port, family, socket.SOCK_STREAM):
  File "/usr/local/lib/python3.7/socket.py", line 752, in getaddrinfo
    for res in _socket.getaddrinfo(host, port, family, type, proto, flags):
socket.gaierror: [Errno -2] Name or service not known

During handling of the above exception, another exception occurred:

Traceback (most recent call last):
  File "/root/.cache/pypoetry/virtualenvs/cpdbv2-backend-VA82Wl8V-py3.7/lib/python3.7/site-packages/elasticsearch/connection/http_urllib3.py", line 115, in perform_request
    response = self.pool.urlopen(method, url, body, retries=False, headers=self.headers, **kw)
  File "/root/.cache/pypoetry/virtualenvs/cpdbv2-backend-VA82Wl8V-py3.7/lib/python3.7/site-packages/urllib3/connectionpool.py", line 727, in urlopen
    method, url, error=e, _pool=self, _stacktrace=sys.exc_info()[2]
  File "/root/.cache/pypoetry/virtualenvs/cpdbv2-backend-VA82Wl8V-py3.7/lib/python3.7/site-packages/urllib3/util/retry.py", line 386, in increment
    raise six.reraise(type(error), error, _stacktrace)
  File "/root/.cache/pypoetry/virtualenvs/cpdbv2-backend-VA82Wl8V-py3.7/lib/python3.7/site-packages/urllib3/packages/six.py", line 735, in reraise
    raise value
  File "/root/.cache/pypoetry/virtualenvs/cpdbv2-backend-VA82Wl8V-py3.7/lib/python3.7/site-packages/urllib3/connectionpool.py", line 677, in urlopen
    chunked=chunked,
  File "/root/.cache/pypoetry/virtualenvs/cpdbv2-backend-VA82Wl8V-py3.7/lib/python3.7/site-packages/urllib3/connectionpool.py", line 392, in _make_request
    conn.request(method, url, **httplib_request_kw)
  File "/usr/local/lib/python3.7/http/client.py", line 1281, in request
    self._send_request(method, url, body, headers, encode_chunked)
  File "/usr/local/lib/python3.7/http/client.py", line 1327, in _send_request
    self.endheaders(body, encode_chunked=encode_chunked)
  File "/usr/local/lib/python3.7/http/client.py", line 1276, in endheaders
    self._send_output(message_body, encode_chunked=encode_chunked)
  File "/usr/local/lib/python3.7/http/client.py", line 1036, in _send_output
    self.send(msg)
  File "/usr/local/lib/python3.7/http/client.py", line 976, in send
    self.connect()
  File "/root/.cache/pypoetry/virtualenvs/cpdbv2-backend-VA82Wl8V-py3.7/lib/python3.7/site-packages/urllib3/connection.py", line 187, in connect
    conn = self._new_conn()
  File "/root/.cache/pypoetry/virtualenvs/cpdbv2-backend-VA82Wl8V-py3.7/lib/python3.7/site-packages/urllib3/connection.py", line 172, in _new_conn
    self, "Failed to establish a new connection: %s" % e
urllib3.exceptions.NewConnectionError: <urllib3.connection.HTTPConnection object at 0x7ff068dfa5d0>: Failed to establish a new connection: [Errno -2] Name or service not known
elasticsearch: DEBUG: > None
--------------------- >> end captured logging << ---------------------

======================================================================
ERROR: test_new_timeline_item_no_join (officers.tests.views.test_views.OfficersViewSetTestCase)
----------------------------------------------------------------------
Traceback (most recent call last):
  File "/usr/src/app/cpdb/officers/tests/mixins.py", line 10, in setUp
    officers_index_alias.write_index.delete(ignore=404)
  File "/root/.cache/pypoetry/virtualenvs/cpdbv2-backend-VA82Wl8V-py3.7/lib/python3.7/site-packages/elasticsearch_dsl/index.py", line 222, in delete
    self.connection.indices.delete(index=self._name, **kwargs)
  File "/root/.cache/pypoetry/virtualenvs/cpdbv2-backend-VA82Wl8V-py3.7/lib/python3.7/site-packages/elasticsearch/client/utils.py", line 73, in _wrapped
    return func(*args, params=params, **kwargs)
  File "/root/.cache/pypoetry/virtualenvs/cpdbv2-backend-VA82Wl8V-py3.7/lib/python3.7/site-packages/elasticsearch/client/indices.py", line 200, in delete
    params=params)
  File "/root/.cache/pypoetry/virtualenvs/cpdbv2-backend-VA82Wl8V-py3.7/lib/python3.7/site-packages/elasticsearch/transport.py", line 312, in perform_request
    status, headers, data = connection.perform_request(method, url, params, body, ignore=ignore, timeout=timeout)
  File "/root/.cache/pypoetry/virtualenvs/cpdbv2-backend-VA82Wl8V-py3.7/lib/python3.7/site-packages/elasticsearch/connection/http_urllib3.py", line 124, in perform_request
    raise ConnectionError('N/A', str(e), e)
elasticsearch.exceptions.ConnectionError: ConnectionError(<urllib3.connection.HTTPConnection object at 0x7ff068e76710>: Failed to establish a new connection: [Errno -2] Name or service not known) caused by: NewConnectionError(<urllib3.connection.HTTPConnection object at 0x7ff068e76710>: Failed to establish a new connection: [Errno -2] Name or service not known)
-------------------- >> begin captured logging << --------------------
urllib3.util.retry: DEBUG: Converted retries value: False -> Retry(total=False, connect=None, read=None, redirect=0, status=None)
urllib3.connectionpool: DEBUG: Starting new HTTP connection (293): elasticsearch:9200
elasticsearch: WARNING: DELETE http://elasticsearch:9200/test_officers_c97d3965-996f-4fbb-b4a7-1038423423bd [status:N/A request:0.005s]
Traceback (most recent call last):
  File "/root/.cache/pypoetry/virtualenvs/cpdbv2-backend-VA82Wl8V-py3.7/lib/python3.7/site-packages/urllib3/connection.py", line 160, in _new_conn
    (self._dns_host, self.port), self.timeout, **extra_kw
  File "/root/.cache/pypoetry/virtualenvs/cpdbv2-backend-VA82Wl8V-py3.7/lib/python3.7/site-packages/urllib3/util/connection.py", line 61, in create_connection
    for res in socket.getaddrinfo(host, port, family, socket.SOCK_STREAM):
  File "/usr/local/lib/python3.7/socket.py", line 752, in getaddrinfo
    for res in _socket.getaddrinfo(host, port, family, type, proto, flags):
socket.gaierror: [Errno -2] Name or service not known

During handling of the above exception, another exception occurred:

Traceback (most recent call last):
  File "/root/.cache/pypoetry/virtualenvs/cpdbv2-backend-VA82Wl8V-py3.7/lib/python3.7/site-packages/elasticsearch/connection/http_urllib3.py", line 115, in perform_request
    response = self.pool.urlopen(method, url, body, retries=False, headers=self.headers, **kw)
  File "/root/.cache/pypoetry/virtualenvs/cpdbv2-backend-VA82Wl8V-py3.7/lib/python3.7/site-packages/urllib3/connectionpool.py", line 727, in urlopen
    method, url, error=e, _pool=self, _stacktrace=sys.exc_info()[2]
  File "/root/.cache/pypoetry/virtualenvs/cpdbv2-backend-VA82Wl8V-py3.7/lib/python3.7/site-packages/urllib3/util/retry.py", line 386, in increment
    raise six.reraise(type(error), error, _stacktrace)
  File "/root/.cache/pypoetry/virtualenvs/cpdbv2-backend-VA82Wl8V-py3.7/lib/python3.7/site-packages/urllib3/packages/six.py", line 735, in reraise
    raise value
  File "/root/.cache/pypoetry/virtualenvs/cpdbv2-backend-VA82Wl8V-py3.7/lib/python3.7/site-packages/urllib3/connectionpool.py", line 677, in urlopen
    chunked=chunked,
  File "/root/.cache/pypoetry/virtualenvs/cpdbv2-backend-VA82Wl8V-py3.7/lib/python3.7/site-packages/urllib3/connectionpool.py", line 392, in _make_request
    conn.request(method, url, **httplib_request_kw)
  File "/usr/local/lib/python3.7/http/client.py", line 1281, in request
    self._send_request(method, url, body, headers, encode_chunked)
  File "/usr/local/lib/python3.7/http/client.py", line 1327, in _send_request
    self.endheaders(body, encode_chunked=encode_chunked)
  File "/usr/local/lib/python3.7/http/client.py", line 1276, in endheaders
    self._send_output(message_body, encode_chunked=encode_chunked)
  File "/usr/local/lib/python3.7/http/client.py", line 1036, in _send_output
    self.send(msg)
  File "/usr/local/lib/python3.7/http/client.py", line 976, in send
    self.connect()
  File "/root/.cache/pypoetry/virtualenvs/cpdbv2-backend-VA82Wl8V-py3.7/lib/python3.7/site-packages/urllib3/connection.py", line 187, in connect
    conn = self._new_conn()
  File "/root/.cache/pypoetry/virtualenvs/cpdbv2-backend-VA82Wl8V-py3.7/lib/python3.7/site-packages/urllib3/connection.py", line 172, in _new_conn
    self, "Failed to establish a new connection: %s" % e
urllib3.exceptions.NewConnectionError: <urllib3.connection.HTTPConnection object at 0x7ff068dfa710>: Failed to establish a new connection: [Errno -2] Name or service not known
elasticsearch: DEBUG: > None
urllib3.util.retry: DEBUG: Converted retries value: False -> Retry(total=False, connect=None, read=None, redirect=0, status=None)
urllib3.connectionpool: DEBUG: Starting new HTTP connection (294): elasticsearch:9200
elasticsearch: WARNING: DELETE http://elasticsearch:9200/test_officers_c97d3965-996f-4fbb-b4a7-1038423423bd [status:N/A request:0.004s]
Traceback (most recent call last):
  File "/root/.cache/pypoetry/virtualenvs/cpdbv2-backend-VA82Wl8V-py3.7/lib/python3.7/site-packages/urllib3/connection.py", line 160, in _new_conn
    (self._dns_host, self.port), self.timeout, **extra_kw
  File "/root/.cache/pypoetry/virtualenvs/cpdbv2-backend-VA82Wl8V-py3.7/lib/python3.7/site-packages/urllib3/util/connection.py", line 61, in create_connection
    for res in socket.getaddrinfo(host, port, family, socket.SOCK_STREAM):
  File "/usr/local/lib/python3.7/socket.py", line 752, in getaddrinfo
    for res in _socket.getaddrinfo(host, port, family, type, proto, flags):
socket.gaierror: [Errno -2] Name or service not known

During handling of the above exception, another exception occurred:

Traceback (most recent call last):
  File "/root/.cache/pypoetry/virtualenvs/cpdbv2-backend-VA82Wl8V-py3.7/lib/python3.7/site-packages/elasticsearch/connection/http_urllib3.py", line 115, in perform_request
    response = self.pool.urlopen(method, url, body, retries=False, headers=self.headers, **kw)
  File "/root/.cache/pypoetry/virtualenvs/cpdbv2-backend-VA82Wl8V-py3.7/lib/python3.7/site-packages/urllib3/connectionpool.py", line 727, in urlopen
    method, url, error=e, _pool=self, _stacktrace=sys.exc_info()[2]
  File "/root/.cache/pypoetry/virtualenvs/cpdbv2-backend-VA82Wl8V-py3.7/lib/python3.7/site-packages/urllib3/util/retry.py", line 386, in increment
    raise six.reraise(type(error), error, _stacktrace)
  File "/root/.cache/pypoetry/virtualenvs/cpdbv2-backend-VA82Wl8V-py3.7/lib/python3.7/site-packages/urllib3/packages/six.py", line 735, in reraise
    raise value
  File "/root/.cache/pypoetry/virtualenvs/cpdbv2-backend-VA82Wl8V-py3.7/lib/python3.7/site-packages/urllib3/connectionpool.py", line 677, in urlopen
    chunked=chunked,
  File "/root/.cache/pypoetry/virtualenvs/cpdbv2-backend-VA82Wl8V-py3.7/lib/python3.7/site-packages/urllib3/connectionpool.py", line 392, in _make_request
    conn.request(method, url, **httplib_request_kw)
  File "/usr/local/lib/python3.7/http/client.py", line 1281, in request
    self._send_request(method, url, body, headers, encode_chunked)
  File "/usr/local/lib/python3.7/http/client.py", line 1327, in _send_request
    self.endheaders(body, encode_chunked=encode_chunked)
  File "/usr/local/lib/python3.7/http/client.py", line 1276, in endheaders
    self._send_output(message_body, encode_chunked=encode_chunked)
  File "/usr/local/lib/python3.7/http/client.py", line 1036, in _send_output
    self.send(msg)
  File "/usr/local/lib/python3.7/http/client.py", line 976, in send
    self.connect()
  File "/root/.cache/pypoetry/virtualenvs/cpdbv2-backend-VA82Wl8V-py3.7/lib/python3.7/site-packages/urllib3/connection.py", line 187, in connect
    conn = self._new_conn()
  File "/root/.cache/pypoetry/virtualenvs/cpdbv2-backend-VA82Wl8V-py3.7/lib/python3.7/site-packages/urllib3/connection.py", line 172, in _new_conn
    self, "Failed to establish a new connection: %s" % e
urllib3.exceptions.NewConnectionError: <urllib3.connection.HTTPConnection object at 0x7ff068ea0550>: Failed to establish a new connection: [Errno -2] Name or service not known
elasticsearch: DEBUG: > None
urllib3.util.retry: DEBUG: Converted retries value: False -> Retry(total=False, connect=None, read=None, redirect=0, status=None)
urllib3.connectionpool: DEBUG: Starting new HTTP connection (295): elasticsearch:9200
elasticsearch: WARNING: DELETE http://elasticsearch:9200/test_officers_c97d3965-996f-4fbb-b4a7-1038423423bd [status:N/A request:0.004s]
Traceback (most recent call last):
  File "/root/.cache/pypoetry/virtualenvs/cpdbv2-backend-VA82Wl8V-py3.7/lib/python3.7/site-packages/urllib3/connection.py", line 160, in _new_conn
    (self._dns_host, self.port), self.timeout, **extra_kw
  File "/root/.cache/pypoetry/virtualenvs/cpdbv2-backend-VA82Wl8V-py3.7/lib/python3.7/site-packages/urllib3/util/connection.py", line 61, in create_connection
    for res in socket.getaddrinfo(host, port, family, socket.SOCK_STREAM):
  File "/usr/local/lib/python3.7/socket.py", line 752, in getaddrinfo
    for res in _socket.getaddrinfo(host, port, family, type, proto, flags):
socket.gaierror: [Errno -2] Name or service not known

During handling of the above exception, another exception occurred:

Traceback (most recent call last):
  File "/root/.cache/pypoetry/virtualenvs/cpdbv2-backend-VA82Wl8V-py3.7/lib/python3.7/site-packages/elasticsearch/connection/http_urllib3.py", line 115, in perform_request
    response = self.pool.urlopen(method, url, body, retries=False, headers=self.headers, **kw)
  File "/root/.cache/pypoetry/virtualenvs/cpdbv2-backend-VA82Wl8V-py3.7/lib/python3.7/site-packages/urllib3/connectionpool.py", line 727, in urlopen
    method, url, error=e, _pool=self, _stacktrace=sys.exc_info()[2]
  File "/root/.cache/pypoetry/virtualenvs/cpdbv2-backend-VA82Wl8V-py3.7/lib/python3.7/site-packages/urllib3/util/retry.py", line 386, in increment
    raise six.reraise(type(error), error, _stacktrace)
  File "/root/.cache/pypoetry/virtualenvs/cpdbv2-backend-VA82Wl8V-py3.7/lib/python3.7/site-packages/urllib3/packages/six.py", line 735, in reraise
    raise value
  File "/root/.cache/pypoetry/virtualenvs/cpdbv2-backend-VA82Wl8V-py3.7/lib/python3.7/site-packages/urllib3/connectionpool.py", line 677, in urlopen
    chunked=chunked,
  File "/root/.cache/pypoetry/virtualenvs/cpdbv2-backend-VA82Wl8V-py3.7/lib/python3.7/site-packages/urllib3/connectionpool.py", line 392, in _make_request
    conn.request(method, url, **httplib_request_kw)
  File "/usr/local/lib/python3.7/http/client.py", line 1281, in request
    self._send_request(method, url, body, headers, encode_chunked)
  File "/usr/local/lib/python3.7/http/client.py", line 1327, in _send_request
    self.endheaders(body, encode_chunked=encode_chunked)
  File "/usr/local/lib/python3.7/http/client.py", line 1276, in endheaders
    self._send_output(message_body, encode_chunked=encode_chunked)
  File "/usr/local/lib/python3.7/http/client.py", line 1036, in _send_output
    self.send(msg)
  File "/usr/local/lib/python3.7/http/client.py", line 976, in send
    self.connect()
  File "/root/.cache/pypoetry/virtualenvs/cpdbv2-backend-VA82Wl8V-py3.7/lib/python3.7/site-packages/urllib3/connection.py", line 187, in connect
    conn = self._new_conn()
  File "/root/.cache/pypoetry/virtualenvs/cpdbv2-backend-VA82Wl8V-py3.7/lib/python3.7/site-packages/urllib3/connection.py", line 172, in _new_conn
    self, "Failed to establish a new connection: %s" % e
urllib3.exceptions.NewConnectionError: <urllib3.connection.HTTPConnection object at 0x7ff068ea0e50>: Failed to establish a new connection: [Errno -2] Name or service not known
elasticsearch: DEBUG: > None
urllib3.util.retry: DEBUG: Converted retries value: False -> Retry(total=False, connect=None, read=None, redirect=0, status=None)
urllib3.connectionpool: DEBUG: Starting new HTTP connection (296): elasticsearch:9200
elasticsearch: WARNING: DELETE http://elasticsearch:9200/test_officers_c97d3965-996f-4fbb-b4a7-1038423423bd [status:N/A request:0.004s]
Traceback (most recent call last):
  File "/root/.cache/pypoetry/virtualenvs/cpdbv2-backend-VA82Wl8V-py3.7/lib/python3.7/site-packages/urllib3/connection.py", line 160, in _new_conn
    (self._dns_host, self.port), self.timeout, **extra_kw
  File "/root/.cache/pypoetry/virtualenvs/cpdbv2-backend-VA82Wl8V-py3.7/lib/python3.7/site-packages/urllib3/util/connection.py", line 61, in create_connection
    for res in socket.getaddrinfo(host, port, family, socket.SOCK_STREAM):
  File "/usr/local/lib/python3.7/socket.py", line 752, in getaddrinfo
    for res in _socket.getaddrinfo(host, port, family, type, proto, flags):
socket.gaierror: [Errno -2] Name or service not known

During handling of the above exception, another exception occurred:

Traceback (most recent call last):
  File "/root/.cache/pypoetry/virtualenvs/cpdbv2-backend-VA82Wl8V-py3.7/lib/python3.7/site-packages/elasticsearch/connection/http_urllib3.py", line 115, in perform_request
    response = self.pool.urlopen(method, url, body, retries=False, headers=self.headers, **kw)
  File "/root/.cache/pypoetry/virtualenvs/cpdbv2-backend-VA82Wl8V-py3.7/lib/python3.7/site-packages/urllib3/connectionpool.py", line 727, in urlopen
    method, url, error=e, _pool=self, _stacktrace=sys.exc_info()[2]
  File "/root/.cache/pypoetry/virtualenvs/cpdbv2-backend-VA82Wl8V-py3.7/lib/python3.7/site-packages/urllib3/util/retry.py", line 386, in increment
    raise six.reraise(type(error), error, _stacktrace)
  File "/root/.cache/pypoetry/virtualenvs/cpdbv2-backend-VA82Wl8V-py3.7/lib/python3.7/site-packages/urllib3/packages/six.py", line 735, in reraise
    raise value
  File "/root/.cache/pypoetry/virtualenvs/cpdbv2-backend-VA82Wl8V-py3.7/lib/python3.7/site-packages/urllib3/connectionpool.py", line 677, in urlopen
    chunked=chunked,
  File "/root/.cache/pypoetry/virtualenvs/cpdbv2-backend-VA82Wl8V-py3.7/lib/python3.7/site-packages/urllib3/connectionpool.py", line 392, in _make_request
    conn.request(method, url, **httplib_request_kw)
  File "/usr/local/lib/python3.7/http/client.py", line 1281, in request
    self._send_request(method, url, body, headers, encode_chunked)
  File "/usr/local/lib/python3.7/http/client.py", line 1327, in _send_request
    self.endheaders(body, encode_chunked=encode_chunked)
  File "/usr/local/lib/python3.7/http/client.py", line 1276, in endheaders
    self._send_output(message_body, encode_chunked=encode_chunked)
  File "/usr/local/lib/python3.7/http/client.py", line 1036, in _send_output
    self.send(msg)
  File "/usr/local/lib/python3.7/http/client.py", line 976, in send
    self.connect()
  File "/root/.cache/pypoetry/virtualenvs/cpdbv2-backend-VA82Wl8V-py3.7/lib/python3.7/site-packages/urllib3/connection.py", line 187, in connect
    conn = self._new_conn()
  File "/root/.cache/pypoetry/virtualenvs/cpdbv2-backend-VA82Wl8V-py3.7/lib/python3.7/site-packages/urllib3/connection.py", line 172, in _new_conn
    self, "Failed to establish a new connection: %s" % e
urllib3.exceptions.NewConnectionError: <urllib3.connection.HTTPConnection object at 0x7ff068e76710>: Failed to establish a new connection: [Errno -2] Name or service not known
elasticsearch: DEBUG: > None
--------------------- >> end captured logging << ---------------------

======================================================================
ERROR: test_new_timeline_item_with_alias (officers.tests.views.test_views.OfficersViewSetTestCase)
----------------------------------------------------------------------
Traceback (most recent call last):
  File "/usr/src/app/cpdb/officers/tests/mixins.py", line 10, in setUp
    officers_index_alias.write_index.delete(ignore=404)
  File "/root/.cache/pypoetry/virtualenvs/cpdbv2-backend-VA82Wl8V-py3.7/lib/python3.7/site-packages/elasticsearch_dsl/index.py", line 222, in delete
    self.connection.indices.delete(index=self._name, **kwargs)
  File "/root/.cache/pypoetry/virtualenvs/cpdbv2-backend-VA82Wl8V-py3.7/lib/python3.7/site-packages/elasticsearch/client/utils.py", line 73, in _wrapped
    return func(*args, params=params, **kwargs)
  File "/root/.cache/pypoetry/virtualenvs/cpdbv2-backend-VA82Wl8V-py3.7/lib/python3.7/site-packages/elasticsearch/client/indices.py", line 200, in delete
    params=params)
  File "/root/.cache/pypoetry/virtualenvs/cpdbv2-backend-VA82Wl8V-py3.7/lib/python3.7/site-packages/elasticsearch/transport.py", line 312, in perform_request
    status, headers, data = connection.perform_request(method, url, params, body, ignore=ignore, timeout=timeout)
  File "/root/.cache/pypoetry/virtualenvs/cpdbv2-backend-VA82Wl8V-py3.7/lib/python3.7/site-packages/elasticsearch/connection/http_urllib3.py", line 124, in perform_request
    raise ConnectionError('N/A', str(e), e)
elasticsearch.exceptions.ConnectionError: ConnectionError(<urllib3.connection.HTTPConnection object at 0x7ff068ea0950>: Failed to establish a new connection: [Errno -2] Name or service not known) caused by: NewConnectionError(<urllib3.connection.HTTPConnection object at 0x7ff068ea0950>: Failed to establish a new connection: [Errno -2] Name or service not known)
-------------------- >> begin captured logging << --------------------
urllib3.util.retry: DEBUG: Converted retries value: False -> Retry(total=False, connect=None, read=None, redirect=0, status=None)
urllib3.connectionpool: DEBUG: Starting new HTTP connection (297): elasticsearch:9200
elasticsearch: WARNING: DELETE http://elasticsearch:9200/test_officers_c97d3965-996f-4fbb-b4a7-1038423423bd [status:N/A request:0.004s]
Traceback (most recent call last):
  File "/root/.cache/pypoetry/virtualenvs/cpdbv2-backend-VA82Wl8V-py3.7/lib/python3.7/site-packages/urllib3/connection.py", line 160, in _new_conn
    (self._dns_host, self.port), self.timeout, **extra_kw
  File "/root/.cache/pypoetry/virtualenvs/cpdbv2-backend-VA82Wl8V-py3.7/lib/python3.7/site-packages/urllib3/util/connection.py", line 61, in create_connection
    for res in socket.getaddrinfo(host, port, family, socket.SOCK_STREAM):
  File "/usr/local/lib/python3.7/socket.py", line 752, in getaddrinfo
    for res in _socket.getaddrinfo(host, port, family, type, proto, flags):
socket.gaierror: [Errno -2] Name or service not known

During handling of the above exception, another exception occurred:

Traceback (most recent call last):
  File "/root/.cache/pypoetry/virtualenvs/cpdbv2-backend-VA82Wl8V-py3.7/lib/python3.7/site-packages/elasticsearch/connection/http_urllib3.py", line 115, in perform_request
    response = self.pool.urlopen(method, url, body, retries=False, headers=self.headers, **kw)
  File "/root/.cache/pypoetry/virtualenvs/cpdbv2-backend-VA82Wl8V-py3.7/lib/python3.7/site-packages/urllib3/connectionpool.py", line 727, in urlopen
    method, url, error=e, _pool=self, _stacktrace=sys.exc_info()[2]
  File "/root/.cache/pypoetry/virtualenvs/cpdbv2-backend-VA82Wl8V-py3.7/lib/python3.7/site-packages/urllib3/util/retry.py", line 386, in increment
    raise six.reraise(type(error), error, _stacktrace)
  File "/root/.cache/pypoetry/virtualenvs/cpdbv2-backend-VA82Wl8V-py3.7/lib/python3.7/site-packages/urllib3/packages/six.py", line 735, in reraise
    raise value
  File "/root/.cache/pypoetry/virtualenvs/cpdbv2-backend-VA82Wl8V-py3.7/lib/python3.7/site-packages/urllib3/connectionpool.py", line 677, in urlopen
    chunked=chunked,
  File "/root/.cache/pypoetry/virtualenvs/cpdbv2-backend-VA82Wl8V-py3.7/lib/python3.7/site-packages/urllib3/connectionpool.py", line 392, in _make_request
    conn.request(method, url, **httplib_request_kw)
  File "/usr/local/lib/python3.7/http/client.py", line 1281, in request
    self._send_request(method, url, body, headers, encode_chunked)
  File "/usr/local/lib/python3.7/http/client.py", line 1327, in _send_request
    self.endheaders(body, encode_chunked=encode_chunked)
  File "/usr/local/lib/python3.7/http/client.py", line 1276, in endheaders
    self._send_output(message_body, encode_chunked=encode_chunked)
  File "/usr/local/lib/python3.7/http/client.py", line 1036, in _send_output
    self.send(msg)
  File "/usr/local/lib/python3.7/http/client.py", line 976, in send
    self.connect()
  File "/root/.cache/pypoetry/virtualenvs/cpdbv2-backend-VA82Wl8V-py3.7/lib/python3.7/site-packages/urllib3/connection.py", line 187, in connect
    conn = self._new_conn()
  File "/root/.cache/pypoetry/virtualenvs/cpdbv2-backend-VA82Wl8V-py3.7/lib/python3.7/site-packages/urllib3/connection.py", line 172, in _new_conn
    self, "Failed to establish a new connection: %s" % e
urllib3.exceptions.NewConnectionError: <urllib3.connection.HTTPConnection object at 0x7ff068e7b990>: Failed to establish a new connection: [Errno -2] Name or service not known
elasticsearch: DEBUG: > None
urllib3.util.retry: DEBUG: Converted retries value: False -> Retry(total=False, connect=None, read=None, redirect=0, status=None)
urllib3.connectionpool: DEBUG: Starting new HTTP connection (298): elasticsearch:9200
elasticsearch: WARNING: DELETE http://elasticsearch:9200/test_officers_c97d3965-996f-4fbb-b4a7-1038423423bd [status:N/A request:0.004s]
Traceback (most recent call last):
  File "/root/.cache/pypoetry/virtualenvs/cpdbv2-backend-VA82Wl8V-py3.7/lib/python3.7/site-packages/urllib3/connection.py", line 160, in _new_conn
    (self._dns_host, self.port), self.timeout, **extra_kw
  File "/root/.cache/pypoetry/virtualenvs/cpdbv2-backend-VA82Wl8V-py3.7/lib/python3.7/site-packages/urllib3/util/connection.py", line 61, in create_connection
    for res in socket.getaddrinfo(host, port, family, socket.SOCK_STREAM):
  File "/usr/local/lib/python3.7/socket.py", line 752, in getaddrinfo
    for res in _socket.getaddrinfo(host, port, family, type, proto, flags):
socket.gaierror: [Errno -2] Name or service not known

During handling of the above exception, another exception occurred:

Traceback (most recent call last):
  File "/root/.cache/pypoetry/virtualenvs/cpdbv2-backend-VA82Wl8V-py3.7/lib/python3.7/site-packages/elasticsearch/connection/http_urllib3.py", line 115, in perform_request
    response = self.pool.urlopen(method, url, body, retries=False, headers=self.headers, **kw)
  File "/root/.cache/pypoetry/virtualenvs/cpdbv2-backend-VA82Wl8V-py3.7/lib/python3.7/site-packages/urllib3/connectionpool.py", line 727, in urlopen
    method, url, error=e, _pool=self, _stacktrace=sys.exc_info()[2]
  File "/root/.cache/pypoetry/virtualenvs/cpdbv2-backend-VA82Wl8V-py3.7/lib/python3.7/site-packages/urllib3/util/retry.py", line 386, in increment
    raise six.reraise(type(error), error, _stacktrace)
  File "/root/.cache/pypoetry/virtualenvs/cpdbv2-backend-VA82Wl8V-py3.7/lib/python3.7/site-packages/urllib3/packages/six.py", line 735, in reraise
    raise value
  File "/root/.cache/pypoetry/virtualenvs/cpdbv2-backend-VA82Wl8V-py3.7/lib/python3.7/site-packages/urllib3/connectionpool.py", line 677, in urlopen
    chunked=chunked,
  File "/root/.cache/pypoetry/virtualenvs/cpdbv2-backend-VA82Wl8V-py3.7/lib/python3.7/site-packages/urllib3/connectionpool.py", line 392, in _make_request
    conn.request(method, url, **httplib_request_kw)
  File "/usr/local/lib/python3.7/http/client.py", line 1281, in request
    self._send_request(method, url, body, headers, encode_chunked)
  File "/usr/local/lib/python3.7/http/client.py", line 1327, in _send_request
    self.endheaders(body, encode_chunked=encode_chunked)
  File "/usr/local/lib/python3.7/http/client.py", line 1276, in endheaders
    self._send_output(message_body, encode_chunked=encode_chunked)
  File "/usr/local/lib/python3.7/http/client.py", line 1036, in _send_output
    self.send(msg)
  File "/usr/local/lib/python3.7/http/client.py", line 976, in send
    self.connect()
  File "/root/.cache/pypoetry/virtualenvs/cpdbv2-backend-VA82Wl8V-py3.7/lib/python3.7/site-packages/urllib3/connection.py", line 187, in connect
    conn = self._new_conn()
  File "/root/.cache/pypoetry/virtualenvs/cpdbv2-backend-VA82Wl8V-py3.7/lib/python3.7/site-packages/urllib3/connection.py", line 172, in _new_conn
    self, "Failed to establish a new connection: %s" % e
urllib3.exceptions.NewConnectionError: <urllib3.connection.HTTPConnection object at 0x7ff068e7be90>: Failed to establish a new connection: [Errno -2] Name or service not known
elasticsearch: DEBUG: > None
urllib3.util.retry: DEBUG: Converted retries value: False -> Retry(total=False, connect=None, read=None, redirect=0, status=None)
urllib3.connectionpool: DEBUG: Starting new HTTP connection (299): elasticsearch:9200
elasticsearch: WARNING: DELETE http://elasticsearch:9200/test_officers_c97d3965-996f-4fbb-b4a7-1038423423bd [status:N/A request:0.005s]
Traceback (most recent call last):
  File "/root/.cache/pypoetry/virtualenvs/cpdbv2-backend-VA82Wl8V-py3.7/lib/python3.7/site-packages/urllib3/connection.py", line 160, in _new_conn
    (self._dns_host, self.port), self.timeout, **extra_kw
  File "/root/.cache/pypoetry/virtualenvs/cpdbv2-backend-VA82Wl8V-py3.7/lib/python3.7/site-packages/urllib3/util/connection.py", line 61, in create_connection
    for res in socket.getaddrinfo(host, port, family, socket.SOCK_STREAM):
  File "/usr/local/lib/python3.7/socket.py", line 752, in getaddrinfo
    for res in _socket.getaddrinfo(host, port, family, type, proto, flags):
socket.gaierror: [Errno -2] Name or service not known

During handling of the above exception, another exception occurred:

Traceback (most recent call last):
  File "/root/.cache/pypoetry/virtualenvs/cpdbv2-backend-VA82Wl8V-py3.7/lib/python3.7/site-packages/elasticsearch/connection/http_urllib3.py", line 115, in perform_request
    response = self.pool.urlopen(method, url, body, retries=False, headers=self.headers, **kw)
  File "/root/.cache/pypoetry/virtualenvs/cpdbv2-backend-VA82Wl8V-py3.7/lib/python3.7/site-packages/urllib3/connectionpool.py", line 727, in urlopen
    method, url, error=e, _pool=self, _stacktrace=sys.exc_info()[2]
  File "/root/.cache/pypoetry/virtualenvs/cpdbv2-backend-VA82Wl8V-py3.7/lib/python3.7/site-packages/urllib3/util/retry.py", line 386, in increment
    raise six.reraise(type(error), error, _stacktrace)
  File "/root/.cache/pypoetry/virtualenvs/cpdbv2-backend-VA82Wl8V-py3.7/lib/python3.7/site-packages/urllib3/packages/six.py", line 735, in reraise
    raise value
  File "/root/.cache/pypoetry/virtualenvs/cpdbv2-backend-VA82Wl8V-py3.7/lib/python3.7/site-packages/urllib3/connectionpool.py", line 677, in urlopen
    chunked=chunked,
  File "/root/.cache/pypoetry/virtualenvs/cpdbv2-backend-VA82Wl8V-py3.7/lib/python3.7/site-packages/urllib3/connectionpool.py", line 392, in _make_request
    conn.request(method, url, **httplib_request_kw)
  File "/usr/local/lib/python3.7/http/client.py", line 1281, in request
    self._send_request(method, url, body, headers, encode_chunked)
  File "/usr/local/lib/python3.7/http/client.py", line 1327, in _send_request
    self.endheaders(body, encode_chunked=encode_chunked)
  File "/usr/local/lib/python3.7/http/client.py", line 1276, in endheaders
    self._send_output(message_body, encode_chunked=encode_chunked)
  File "/usr/local/lib/python3.7/http/client.py", line 1036, in _send_output
    self.send(msg)
  File "/usr/local/lib/python3.7/http/client.py", line 976, in send
    self.connect()
  File "/root/.cache/pypoetry/virtualenvs/cpdbv2-backend-VA82Wl8V-py3.7/lib/python3.7/site-packages/urllib3/connection.py", line 187, in connect
    conn = self._new_conn()
  File "/root/.cache/pypoetry/virtualenvs/cpdbv2-backend-VA82Wl8V-py3.7/lib/python3.7/site-packages/urllib3/connection.py", line 172, in _new_conn
    self, "Failed to establish a new connection: %s" % e
urllib3.exceptions.NewConnectionError: <urllib3.connection.HTTPConnection object at 0x7ff068e7b150>: Failed to establish a new connection: [Errno -2] Name or service not known
elasticsearch: DEBUG: > None
urllib3.util.retry: DEBUG: Converted retries value: False -> Retry(total=False, connect=None, read=None, redirect=0, status=None)
urllib3.connectionpool: DEBUG: Starting new HTTP connection (300): elasticsearch:9200
elasticsearch: WARNING: DELETE http://elasticsearch:9200/test_officers_c97d3965-996f-4fbb-b4a7-1038423423bd [status:N/A request:0.004s]
Traceback (most recent call last):
  File "/root/.cache/pypoetry/virtualenvs/cpdbv2-backend-VA82Wl8V-py3.7/lib/python3.7/site-packages/urllib3/connection.py", line 160, in _new_conn
    (self._dns_host, self.port), self.timeout, **extra_kw
  File "/root/.cache/pypoetry/virtualenvs/cpdbv2-backend-VA82Wl8V-py3.7/lib/python3.7/site-packages/urllib3/util/connection.py", line 61, in create_connection
    for res in socket.getaddrinfo(host, port, family, socket.SOCK_STREAM):
  File "/usr/local/lib/python3.7/socket.py", line 752, in getaddrinfo
    for res in _socket.getaddrinfo(host, port, family, type, proto, flags):
socket.gaierror: [Errno -2] Name or service not known

During handling of the above exception, another exception occurred:

Traceback (most recent call last):
  File "/root/.cache/pypoetry/virtualenvs/cpdbv2-backend-VA82Wl8V-py3.7/lib/python3.7/site-packages/elasticsearch/connection/http_urllib3.py", line 115, in perform_request
    response = self.pool.urlopen(method, url, body, retries=False, headers=self.headers, **kw)
  File "/root/.cache/pypoetry/virtualenvs/cpdbv2-backend-VA82Wl8V-py3.7/lib/python3.7/site-packages/urllib3/connectionpool.py", line 727, in urlopen
    method, url, error=e, _pool=self, _stacktrace=sys.exc_info()[2]
  File "/root/.cache/pypoetry/virtualenvs/cpdbv2-backend-VA82Wl8V-py3.7/lib/python3.7/site-packages/urllib3/util/retry.py", line 386, in increment
    raise six.reraise(type(error), error, _stacktrace)
  File "/root/.cache/pypoetry/virtualenvs/cpdbv2-backend-VA82Wl8V-py3.7/lib/python3.7/site-packages/urllib3/packages/six.py", line 735, in reraise
    raise value
  File "/root/.cache/pypoetry/virtualenvs/cpdbv2-backend-VA82Wl8V-py3.7/lib/python3.7/site-packages/urllib3/connectionpool.py", line 677, in urlopen
    chunked=chunked,
  File "/root/.cache/pypoetry/virtualenvs/cpdbv2-backend-VA82Wl8V-py3.7/lib/python3.7/site-packages/urllib3/connectionpool.py", line 392, in _make_request
    conn.request(method, url, **httplib_request_kw)
  File "/usr/local/lib/python3.7/http/client.py", line 1281, in request
    self._send_request(method, url, body, headers, encode_chunked)
  File "/usr/local/lib/python3.7/http/client.py", line 1327, in _send_request
    self.endheaders(body, encode_chunked=encode_chunked)
  File "/usr/local/lib/python3.7/http/client.py", line 1276, in endheaders
    self._send_output(message_body, encode_chunked=encode_chunked)
  File "/usr/local/lib/python3.7/http/client.py", line 1036, in _send_output
    self.send(msg)
  File "/usr/local/lib/python3.7/http/client.py", line 976, in send
    self.connect()
  File "/root/.cache/pypoetry/virtualenvs/cpdbv2-backend-VA82Wl8V-py3.7/lib/python3.7/site-packages/urllib3/connection.py", line 187, in connect
    conn = self._new_conn()
  File "/root/.cache/pypoetry/virtualenvs/cpdbv2-backend-VA82Wl8V-py3.7/lib/python3.7/site-packages/urllib3/connection.py", line 172, in _new_conn
    self, "Failed to establish a new connection: %s" % e
urllib3.exceptions.NewConnectionError: <urllib3.connection.HTTPConnection object at 0x7ff068ea0950>: Failed to establish a new connection: [Errno -2] Name or service not known
elasticsearch: DEBUG: > None
--------------------- >> end captured logging << ---------------------

======================================================================
ERROR: test_new_timeline_items_no_match (officers.tests.views.test_views.OfficersViewSetTestCase)
----------------------------------------------------------------------
Traceback (most recent call last):
  File "/usr/src/app/cpdb/officers/tests/mixins.py", line 10, in setUp
    officers_index_alias.write_index.delete(ignore=404)
  File "/root/.cache/pypoetry/virtualenvs/cpdbv2-backend-VA82Wl8V-py3.7/lib/python3.7/site-packages/elasticsearch_dsl/index.py", line 222, in delete
    self.connection.indices.delete(index=self._name, **kwargs)
  File "/root/.cache/pypoetry/virtualenvs/cpdbv2-backend-VA82Wl8V-py3.7/lib/python3.7/site-packages/elasticsearch/client/utils.py", line 73, in _wrapped
    return func(*args, params=params, **kwargs)
  File "/root/.cache/pypoetry/virtualenvs/cpdbv2-backend-VA82Wl8V-py3.7/lib/python3.7/site-packages/elasticsearch/client/indices.py", line 200, in delete
    params=params)
  File "/root/.cache/pypoetry/virtualenvs/cpdbv2-backend-VA82Wl8V-py3.7/lib/python3.7/site-packages/elasticsearch/transport.py", line 312, in perform_request
    status, headers, data = connection.perform_request(method, url, params, body, ignore=ignore, timeout=timeout)
  File "/root/.cache/pypoetry/virtualenvs/cpdbv2-backend-VA82Wl8V-py3.7/lib/python3.7/site-packages/elasticsearch/connection/http_urllib3.py", line 124, in perform_request
    raise ConnectionError('N/A', str(e), e)
elasticsearch.exceptions.ConnectionError: ConnectionError(<urllib3.connection.HTTPConnection object at 0x7ff068eac490>: Failed to establish a new connection: [Errno -2] Name or service not known) caused by: NewConnectionError(<urllib3.connection.HTTPConnection object at 0x7ff068eac490>: Failed to establish a new connection: [Errno -2] Name or service not known)
-------------------- >> begin captured logging << --------------------
urllib3.util.retry: DEBUG: Converted retries value: False -> Retry(total=False, connect=None, read=None, redirect=0, status=None)
urllib3.connectionpool: DEBUG: Starting new HTTP connection (301): elasticsearch:9200
elasticsearch: WARNING: DELETE http://elasticsearch:9200/test_officers_c97d3965-996f-4fbb-b4a7-1038423423bd [status:N/A request:0.005s]
Traceback (most recent call last):
  File "/root/.cache/pypoetry/virtualenvs/cpdbv2-backend-VA82Wl8V-py3.7/lib/python3.7/site-packages/urllib3/connection.py", line 160, in _new_conn
    (self._dns_host, self.port), self.timeout, **extra_kw
  File "/root/.cache/pypoetry/virtualenvs/cpdbv2-backend-VA82Wl8V-py3.7/lib/python3.7/site-packages/urllib3/util/connection.py", line 61, in create_connection
    for res in socket.getaddrinfo(host, port, family, socket.SOCK_STREAM):
  File "/usr/local/lib/python3.7/socket.py", line 752, in getaddrinfo
    for res in _socket.getaddrinfo(host, port, family, type, proto, flags):
socket.gaierror: [Errno -2] Name or service not known

During handling of the above exception, another exception occurred:

Traceback (most recent call last):
  File "/root/.cache/pypoetry/virtualenvs/cpdbv2-backend-VA82Wl8V-py3.7/lib/python3.7/site-packages/elasticsearch/connection/http_urllib3.py", line 115, in perform_request
    response = self.pool.urlopen(method, url, body, retries=False, headers=self.headers, **kw)
  File "/root/.cache/pypoetry/virtualenvs/cpdbv2-backend-VA82Wl8V-py3.7/lib/python3.7/site-packages/urllib3/connectionpool.py", line 727, in urlopen
    method, url, error=e, _pool=self, _stacktrace=sys.exc_info()[2]
  File "/root/.cache/pypoetry/virtualenvs/cpdbv2-backend-VA82Wl8V-py3.7/lib/python3.7/site-packages/urllib3/util/retry.py", line 386, in increment
    raise six.reraise(type(error), error, _stacktrace)
  File "/root/.cache/pypoetry/virtualenvs/cpdbv2-backend-VA82Wl8V-py3.7/lib/python3.7/site-packages/urllib3/packages/six.py", line 735, in reraise
    raise value
  File "/root/.cache/pypoetry/virtualenvs/cpdbv2-backend-VA82Wl8V-py3.7/lib/python3.7/site-packages/urllib3/connectionpool.py", line 677, in urlopen
    chunked=chunked,
  File "/root/.cache/pypoetry/virtualenvs/cpdbv2-backend-VA82Wl8V-py3.7/lib/python3.7/site-packages/urllib3/connectionpool.py", line 392, in _make_request
    conn.request(method, url, **httplib_request_kw)
  File "/usr/local/lib/python3.7/http/client.py", line 1281, in request
    self._send_request(method, url, body, headers, encode_chunked)
  File "/usr/local/lib/python3.7/http/client.py", line 1327, in _send_request
    self.endheaders(body, encode_chunked=encode_chunked)
  File "/usr/local/lib/python3.7/http/client.py", line 1276, in endheaders
    self._send_output(message_body, encode_chunked=encode_chunked)
  File "/usr/local/lib/python3.7/http/client.py", line 1036, in _send_output
    self.send(msg)
  File "/usr/local/lib/python3.7/http/client.py", line 976, in send
    self.connect()
  File "/root/.cache/pypoetry/virtualenvs/cpdbv2-backend-VA82Wl8V-py3.7/lib/python3.7/site-packages/urllib3/connection.py", line 187, in connect
    conn = self._new_conn()
  File "/root/.cache/pypoetry/virtualenvs/cpdbv2-backend-VA82Wl8V-py3.7/lib/python3.7/site-packages/urllib3/connection.py", line 172, in _new_conn
    self, "Failed to establish a new connection: %s" % e
urllib3.exceptions.NewConnectionError: <urllib3.connection.HTTPConnection object at 0x7ff068ea0dd0>: Failed to establish a new connection: [Errno -2] Name or service not known
elasticsearch: DEBUG: > None
urllib3.util.retry: DEBUG: Converted retries value: False -> Retry(total=False, connect=None, read=None, redirect=0, status=None)
urllib3.connectionpool: DEBUG: Starting new HTTP connection (302): elasticsearch:9200
elasticsearch: WARNING: DELETE http://elasticsearch:9200/test_officers_c97d3965-996f-4fbb-b4a7-1038423423bd [status:N/A request:0.004s]
Traceback (most recent call last):
  File "/root/.cache/pypoetry/virtualenvs/cpdbv2-backend-VA82Wl8V-py3.7/lib/python3.7/site-packages/urllib3/connection.py", line 160, in _new_conn
    (self._dns_host, self.port), self.timeout, **extra_kw
  File "/root/.cache/pypoetry/virtualenvs/cpdbv2-backend-VA82Wl8V-py3.7/lib/python3.7/site-packages/urllib3/util/connection.py", line 61, in create_connection
    for res in socket.getaddrinfo(host, port, family, socket.SOCK_STREAM):
  File "/usr/local/lib/python3.7/socket.py", line 752, in getaddrinfo
    for res in _socket.getaddrinfo(host, port, family, type, proto, flags):
socket.gaierror: [Errno -2] Name or service not known

During handling of the above exception, another exception occurred:

Traceback (most recent call last):
  File "/root/.cache/pypoetry/virtualenvs/cpdbv2-backend-VA82Wl8V-py3.7/lib/python3.7/site-packages/elasticsearch/connection/http_urllib3.py", line 115, in perform_request
    response = self.pool.urlopen(method, url, body, retries=False, headers=self.headers, **kw)
  File "/root/.cache/pypoetry/virtualenvs/cpdbv2-backend-VA82Wl8V-py3.7/lib/python3.7/site-packages/urllib3/connectionpool.py", line 727, in urlopen
    method, url, error=e, _pool=self, _stacktrace=sys.exc_info()[2]
  File "/root/.cache/pypoetry/virtualenvs/cpdbv2-backend-VA82Wl8V-py3.7/lib/python3.7/site-packages/urllib3/util/retry.py", line 386, in increment
    raise six.reraise(type(error), error, _stacktrace)
  File "/root/.cache/pypoetry/virtualenvs/cpdbv2-backend-VA82Wl8V-py3.7/lib/python3.7/site-packages/urllib3/packages/six.py", line 735, in reraise
    raise value
  File "/root/.cache/pypoetry/virtualenvs/cpdbv2-backend-VA82Wl8V-py3.7/lib/python3.7/site-packages/urllib3/connectionpool.py", line 677, in urlopen
    chunked=chunked,
  File "/root/.cache/pypoetry/virtualenvs/cpdbv2-backend-VA82Wl8V-py3.7/lib/python3.7/site-packages/urllib3/connectionpool.py", line 392, in _make_request
    conn.request(method, url, **httplib_request_kw)
  File "/usr/local/lib/python3.7/http/client.py", line 1281, in request
    self._send_request(method, url, body, headers, encode_chunked)
  File "/usr/local/lib/python3.7/http/client.py", line 1327, in _send_request
    self.endheaders(body, encode_chunked=encode_chunked)
  File "/usr/local/lib/python3.7/http/client.py", line 1276, in endheaders
    self._send_output(message_body, encode_chunked=encode_chunked)
  File "/usr/local/lib/python3.7/http/client.py", line 1036, in _send_output
    self.send(msg)
  File "/usr/local/lib/python3.7/http/client.py", line 976, in send
    self.connect()
  File "/root/.cache/pypoetry/virtualenvs/cpdbv2-backend-VA82Wl8V-py3.7/lib/python3.7/site-packages/urllib3/connection.py", line 187, in connect
    conn = self._new_conn()
  File "/root/.cache/pypoetry/virtualenvs/cpdbv2-backend-VA82Wl8V-py3.7/lib/python3.7/site-packages/urllib3/connection.py", line 172, in _new_conn
    self, "Failed to establish a new connection: %s" % e
urllib3.exceptions.NewConnectionError: <urllib3.connection.HTTPConnection object at 0x7ff068dfa0d0>: Failed to establish a new connection: [Errno -2] Name or service not known
elasticsearch: DEBUG: > None
urllib3.util.retry: DEBUG: Converted retries value: False -> Retry(total=False, connect=None, read=None, redirect=0, status=None)
urllib3.connectionpool: DEBUG: Starting new HTTP connection (303): elasticsearch:9200
elasticsearch: WARNING: DELETE http://elasticsearch:9200/test_officers_c97d3965-996f-4fbb-b4a7-1038423423bd [status:N/A request:0.004s]
Traceback (most recent call last):
  File "/root/.cache/pypoetry/virtualenvs/cpdbv2-backend-VA82Wl8V-py3.7/lib/python3.7/site-packages/urllib3/connection.py", line 160, in _new_conn
    (self._dns_host, self.port), self.timeout, **extra_kw
  File "/root/.cache/pypoetry/virtualenvs/cpdbv2-backend-VA82Wl8V-py3.7/lib/python3.7/site-packages/urllib3/util/connection.py", line 61, in create_connection
    for res in socket.getaddrinfo(host, port, family, socket.SOCK_STREAM):
  File "/usr/local/lib/python3.7/socket.py", line 752, in getaddrinfo
    for res in _socket.getaddrinfo(host, port, family, type, proto, flags):
socket.gaierror: [Errno -2] Name or service not known

During handling of the above exception, another exception occurred:

Traceback (most recent call last):
  File "/root/.cache/pypoetry/virtualenvs/cpdbv2-backend-VA82Wl8V-py3.7/lib/python3.7/site-packages/elasticsearch/connection/http_urllib3.py", line 115, in perform_request
    response = self.pool.urlopen(method, url, body, retries=False, headers=self.headers, **kw)
  File "/root/.cache/pypoetry/virtualenvs/cpdbv2-backend-VA82Wl8V-py3.7/lib/python3.7/site-packages/urllib3/connectionpool.py", line 727, in urlopen
    method, url, error=e, _pool=self, _stacktrace=sys.exc_info()[2]
  File "/root/.cache/pypoetry/virtualenvs/cpdbv2-backend-VA82Wl8V-py3.7/lib/python3.7/site-packages/urllib3/util/retry.py", line 386, in increment
    raise six.reraise(type(error), error, _stacktrace)
  File "/root/.cache/pypoetry/virtualenvs/cpdbv2-backend-VA82Wl8V-py3.7/lib/python3.7/site-packages/urllib3/packages/six.py", line 735, in reraise
    raise value
  File "/root/.cache/pypoetry/virtualenvs/cpdbv2-backend-VA82Wl8V-py3.7/lib/python3.7/site-packages/urllib3/connectionpool.py", line 677, in urlopen
    chunked=chunked,
  File "/root/.cache/pypoetry/virtualenvs/cpdbv2-backend-VA82Wl8V-py3.7/lib/python3.7/site-packages/urllib3/connectionpool.py", line 392, in _make_request
    conn.request(method, url, **httplib_request_kw)
  File "/usr/local/lib/python3.7/http/client.py", line 1281, in request
    self._send_request(method, url, body, headers, encode_chunked)
  File "/usr/local/lib/python3.7/http/client.py", line 1327, in _send_request
    self.endheaders(body, encode_chunked=encode_chunked)
  File "/usr/local/lib/python3.7/http/client.py", line 1276, in endheaders
    self._send_output(message_body, encode_chunked=encode_chunked)
  File "/usr/local/lib/python3.7/http/client.py", line 1036, in _send_output
    self.send(msg)
  File "/usr/local/lib/python3.7/http/client.py", line 976, in send
    self.connect()
  File "/root/.cache/pypoetry/virtualenvs/cpdbv2-backend-VA82Wl8V-py3.7/lib/python3.7/site-packages/urllib3/connection.py", line 187, in connect
    conn = self._new_conn()
  File "/root/.cache/pypoetry/virtualenvs/cpdbv2-backend-VA82Wl8V-py3.7/lib/python3.7/site-packages/urllib3/connection.py", line 172, in _new_conn
    self, "Failed to establish a new connection: %s" % e
urllib3.exceptions.NewConnectionError: <urllib3.connection.HTTPConnection object at 0x7ff068dfaf50>: Failed to establish a new connection: [Errno -2] Name or service not known
elasticsearch: DEBUG: > None
urllib3.util.retry: DEBUG: Converted retries value: False -> Retry(total=False, connect=None, read=None, redirect=0, status=None)
urllib3.connectionpool: DEBUG: Starting new HTTP connection (304): elasticsearch:9200
elasticsearch: WARNING: DELETE http://elasticsearch:9200/test_officers_c97d3965-996f-4fbb-b4a7-1038423423bd [status:N/A request:0.004s]
Traceback (most recent call last):
  File "/root/.cache/pypoetry/virtualenvs/cpdbv2-backend-VA82Wl8V-py3.7/lib/python3.7/site-packages/urllib3/connection.py", line 160, in _new_conn
    (self._dns_host, self.port), self.timeout, **extra_kw
  File "/root/.cache/pypoetry/virtualenvs/cpdbv2-backend-VA82Wl8V-py3.7/lib/python3.7/site-packages/urllib3/util/connection.py", line 61, in create_connection
    for res in socket.getaddrinfo(host, port, family, socket.SOCK_STREAM):
  File "/usr/local/lib/python3.7/socket.py", line 752, in getaddrinfo
    for res in _socket.getaddrinfo(host, port, family, type, proto, flags):
socket.gaierror: [Errno -2] Name or service not known

During handling of the above exception, another exception occurred:

Traceback (most recent call last):
  File "/root/.cache/pypoetry/virtualenvs/cpdbv2-backend-VA82Wl8V-py3.7/lib/python3.7/site-packages/elasticsearch/connection/http_urllib3.py", line 115, in perform_request
    response = self.pool.urlopen(method, url, body, retries=False, headers=self.headers, **kw)
  File "/root/.cache/pypoetry/virtualenvs/cpdbv2-backend-VA82Wl8V-py3.7/lib/python3.7/site-packages/urllib3/connectionpool.py", line 727, in urlopen
    method, url, error=e, _pool=self, _stacktrace=sys.exc_info()[2]
  File "/root/.cache/pypoetry/virtualenvs/cpdbv2-backend-VA82Wl8V-py3.7/lib/python3.7/site-packages/urllib3/util/retry.py", line 386, in increment
    raise six.reraise(type(error), error, _stacktrace)
  File "/root/.cache/pypoetry/virtualenvs/cpdbv2-backend-VA82Wl8V-py3.7/lib/python3.7/site-packages/urllib3/packages/six.py", line 735, in reraise
    raise value
  File "/root/.cache/pypoetry/virtualenvs/cpdbv2-backend-VA82Wl8V-py3.7/lib/python3.7/site-packages/urllib3/connectionpool.py", line 677, in urlopen
    chunked=chunked,
  File "/root/.cache/pypoetry/virtualenvs/cpdbv2-backend-VA82Wl8V-py3.7/lib/python3.7/site-packages/urllib3/connectionpool.py", line 392, in _make_request
    conn.request(method, url, **httplib_request_kw)
  File "/usr/local/lib/python3.7/http/client.py", line 1281, in request
    self._send_request(method, url, body, headers, encode_chunked)
  File "/usr/local/lib/python3.7/http/client.py", line 1327, in _send_request
    self.endheaders(body, encode_chunked=encode_chunked)
  File "/usr/local/lib/python3.7/http/client.py", line 1276, in endheaders
    self._send_output(message_body, encode_chunked=encode_chunked)
  File "/usr/local/lib/python3.7/http/client.py", line 1036, in _send_output
    self.send(msg)
  File "/usr/local/lib/python3.7/http/client.py", line 976, in send
    self.connect()
  File "/root/.cache/pypoetry/virtualenvs/cpdbv2-backend-VA82Wl8V-py3.7/lib/python3.7/site-packages/urllib3/connection.py", line 187, in connect
    conn = self._new_conn()
  File "/root/.cache/pypoetry/virtualenvs/cpdbv2-backend-VA82Wl8V-py3.7/lib/python3.7/site-packages/urllib3/connection.py", line 172, in _new_conn
    self, "Failed to establish a new connection: %s" % e
urllib3.exceptions.NewConnectionError: <urllib3.connection.HTTPConnection object at 0x7ff068eac490>: Failed to establish a new connection: [Errno -2] Name or service not known
elasticsearch: DEBUG: > None
--------------------- >> end captured logging << ---------------------

======================================================================
ERROR: test_request_download (officers.tests.views.test_views.OfficersViewSetTestCase)
----------------------------------------------------------------------
Traceback (most recent call last):
  File "/usr/src/app/cpdb/officers/tests/mixins.py", line 10, in setUp
    officers_index_alias.write_index.delete(ignore=404)
  File "/root/.cache/pypoetry/virtualenvs/cpdbv2-backend-VA82Wl8V-py3.7/lib/python3.7/site-packages/elasticsearch_dsl/index.py", line 222, in delete
    self.connection.indices.delete(index=self._name, **kwargs)
  File "/root/.cache/pypoetry/virtualenvs/cpdbv2-backend-VA82Wl8V-py3.7/lib/python3.7/site-packages/elasticsearch/client/utils.py", line 73, in _wrapped
    return func(*args, params=params, **kwargs)
  File "/root/.cache/pypoetry/virtualenvs/cpdbv2-backend-VA82Wl8V-py3.7/lib/python3.7/site-packages/elasticsearch/client/indices.py", line 200, in delete
    params=params)
  File "/root/.cache/pypoetry/virtualenvs/cpdbv2-backend-VA82Wl8V-py3.7/lib/python3.7/site-packages/elasticsearch/transport.py", line 312, in perform_request
    status, headers, data = connection.perform_request(method, url, params, body, ignore=ignore, timeout=timeout)
  File "/root/.cache/pypoetry/virtualenvs/cpdbv2-backend-VA82Wl8V-py3.7/lib/python3.7/site-packages/elasticsearch/connection/http_urllib3.py", line 124, in perform_request
    raise ConnectionError('N/A', str(e), e)
elasticsearch.exceptions.ConnectionError: ConnectionError(<urllib3.connection.HTTPConnection object at 0x7ff068e0e090>: Failed to establish a new connection: [Errno -2] Name or service not known) caused by: NewConnectionError(<urllib3.connection.HTTPConnection object at 0x7ff068e0e090>: Failed to establish a new connection: [Errno -2] Name or service not known)
-------------------- >> begin captured logging << --------------------
urllib3.util.retry: DEBUG: Converted retries value: False -> Retry(total=False, connect=None, read=None, redirect=0, status=None)
urllib3.connectionpool: DEBUG: Starting new HTTP connection (305): elasticsearch:9200
elasticsearch: WARNING: DELETE http://elasticsearch:9200/test_officers_c97d3965-996f-4fbb-b4a7-1038423423bd [status:N/A request:0.005s]
Traceback (most recent call last):
  File "/root/.cache/pypoetry/virtualenvs/cpdbv2-backend-VA82Wl8V-py3.7/lib/python3.7/site-packages/urllib3/connection.py", line 160, in _new_conn
    (self._dns_host, self.port), self.timeout, **extra_kw
  File "/root/.cache/pypoetry/virtualenvs/cpdbv2-backend-VA82Wl8V-py3.7/lib/python3.7/site-packages/urllib3/util/connection.py", line 61, in create_connection
    for res in socket.getaddrinfo(host, port, family, socket.SOCK_STREAM):
  File "/usr/local/lib/python3.7/socket.py", line 752, in getaddrinfo
    for res in _socket.getaddrinfo(host, port, family, type, proto, flags):
socket.gaierror: [Errno -2] Name or service not known

During handling of the above exception, another exception occurred:

Traceback (most recent call last):
  File "/root/.cache/pypoetry/virtualenvs/cpdbv2-backend-VA82Wl8V-py3.7/lib/python3.7/site-packages/elasticsearch/connection/http_urllib3.py", line 115, in perform_request
    response = self.pool.urlopen(method, url, body, retries=False, headers=self.headers, **kw)
  File "/root/.cache/pypoetry/virtualenvs/cpdbv2-backend-VA82Wl8V-py3.7/lib/python3.7/site-packages/urllib3/connectionpool.py", line 727, in urlopen
    method, url, error=e, _pool=self, _stacktrace=sys.exc_info()[2]
  File "/root/.cache/pypoetry/virtualenvs/cpdbv2-backend-VA82Wl8V-py3.7/lib/python3.7/site-packages/urllib3/util/retry.py", line 386, in increment
    raise six.reraise(type(error), error, _stacktrace)
  File "/root/.cache/pypoetry/virtualenvs/cpdbv2-backend-VA82Wl8V-py3.7/lib/python3.7/site-packages/urllib3/packages/six.py", line 735, in reraise
    raise value
  File "/root/.cache/pypoetry/virtualenvs/cpdbv2-backend-VA82Wl8V-py3.7/lib/python3.7/site-packages/urllib3/connectionpool.py", line 677, in urlopen
    chunked=chunked,
  File "/root/.cache/pypoetry/virtualenvs/cpdbv2-backend-VA82Wl8V-py3.7/lib/python3.7/site-packages/urllib3/connectionpool.py", line 392, in _make_request
    conn.request(method, url, **httplib_request_kw)
  File "/usr/local/lib/python3.7/http/client.py", line 1281, in request
    self._send_request(method, url, body, headers, encode_chunked)
  File "/usr/local/lib/python3.7/http/client.py", line 1327, in _send_request
    self.endheaders(body, encode_chunked=encode_chunked)
  File "/usr/local/lib/python3.7/http/client.py", line 1276, in endheaders
    self._send_output(message_body, encode_chunked=encode_chunked)
  File "/usr/local/lib/python3.7/http/client.py", line 1036, in _send_output
    self.send(msg)
  File "/usr/local/lib/python3.7/http/client.py", line 976, in send
    self.connect()
  File "/root/.cache/pypoetry/virtualenvs/cpdbv2-backend-VA82Wl8V-py3.7/lib/python3.7/site-packages/urllib3/connection.py", line 187, in connect
    conn = self._new_conn()
  File "/root/.cache/pypoetry/virtualenvs/cpdbv2-backend-VA82Wl8V-py3.7/lib/python3.7/site-packages/urllib3/connection.py", line 172, in _new_conn
    self, "Failed to establish a new connection: %s" % e
urllib3.exceptions.NewConnectionError: <urllib3.connection.HTTPConnection object at 0x7ff068eac850>: Failed to establish a new connection: [Errno -2] Name or service not known
elasticsearch: DEBUG: > None
urllib3.util.retry: DEBUG: Converted retries value: False -> Retry(total=False, connect=None, read=None, redirect=0, status=None)
urllib3.connectionpool: DEBUG: Starting new HTTP connection (306): elasticsearch:9200
elasticsearch: WARNING: DELETE http://elasticsearch:9200/test_officers_c97d3965-996f-4fbb-b4a7-1038423423bd [status:N/A request:0.004s]
Traceback (most recent call last):
  File "/root/.cache/pypoetry/virtualenvs/cpdbv2-backend-VA82Wl8V-py3.7/lib/python3.7/site-packages/urllib3/connection.py", line 160, in _new_conn
    (self._dns_host, self.port), self.timeout, **extra_kw
  File "/root/.cache/pypoetry/virtualenvs/cpdbv2-backend-VA82Wl8V-py3.7/lib/python3.7/site-packages/urllib3/util/connection.py", line 61, in create_connection
    for res in socket.getaddrinfo(host, port, family, socket.SOCK_STREAM):
  File "/usr/local/lib/python3.7/socket.py", line 752, in getaddrinfo
    for res in _socket.getaddrinfo(host, port, family, type, proto, flags):
socket.gaierror: [Errno -2] Name or service not known

During handling of the above exception, another exception occurred:

Traceback (most recent call last):
  File "/root/.cache/pypoetry/virtualenvs/cpdbv2-backend-VA82Wl8V-py3.7/lib/python3.7/site-packages/elasticsearch/connection/http_urllib3.py", line 115, in perform_request
    response = self.pool.urlopen(method, url, body, retries=False, headers=self.headers, **kw)
  File "/root/.cache/pypoetry/virtualenvs/cpdbv2-backend-VA82Wl8V-py3.7/lib/python3.7/site-packages/urllib3/connectionpool.py", line 727, in urlopen
    method, url, error=e, _pool=self, _stacktrace=sys.exc_info()[2]
  File "/root/.cache/pypoetry/virtualenvs/cpdbv2-backend-VA82Wl8V-py3.7/lib/python3.7/site-packages/urllib3/util/retry.py", line 386, in increment
    raise six.reraise(type(error), error, _stacktrace)
  File "/root/.cache/pypoetry/virtualenvs/cpdbv2-backend-VA82Wl8V-py3.7/lib/python3.7/site-packages/urllib3/packages/six.py", line 735, in reraise
    raise value
  File "/root/.cache/pypoetry/virtualenvs/cpdbv2-backend-VA82Wl8V-py3.7/lib/python3.7/site-packages/urllib3/connectionpool.py", line 677, in urlopen
    chunked=chunked,
  File "/root/.cache/pypoetry/virtualenvs/cpdbv2-backend-VA82Wl8V-py3.7/lib/python3.7/site-packages/urllib3/connectionpool.py", line 392, in _make_request
    conn.request(method, url, **httplib_request_kw)
  File "/usr/local/lib/python3.7/http/client.py", line 1281, in request
    self._send_request(method, url, body, headers, encode_chunked)
  File "/usr/local/lib/python3.7/http/client.py", line 1327, in _send_request
    self.endheaders(body, encode_chunked=encode_chunked)
  File "/usr/local/lib/python3.7/http/client.py", line 1276, in endheaders
    self._send_output(message_body, encode_chunked=encode_chunked)
  File "/usr/local/lib/python3.7/http/client.py", line 1036, in _send_output
    self.send(msg)
  File "/usr/local/lib/python3.7/http/client.py", line 976, in send
    self.connect()
  File "/root/.cache/pypoetry/virtualenvs/cpdbv2-backend-VA82Wl8V-py3.7/lib/python3.7/site-packages/urllib3/connection.py", line 187, in connect
    conn = self._new_conn()
  File "/root/.cache/pypoetry/virtualenvs/cpdbv2-backend-VA82Wl8V-py3.7/lib/python3.7/site-packages/urllib3/connection.py", line 172, in _new_conn
    self, "Failed to establish a new connection: %s" % e
urllib3.exceptions.NewConnectionError: <urllib3.connection.HTTPConnection object at 0x7ff068eacc90>: Failed to establish a new connection: [Errno -2] Name or service not known
elasticsearch: DEBUG: > None
urllib3.util.retry: DEBUG: Converted retries value: False -> Retry(total=False, connect=None, read=None, redirect=0, status=None)
urllib3.connectionpool: DEBUG: Starting new HTTP connection (307): elasticsearch:9200
elasticsearch: WARNING: DELETE http://elasticsearch:9200/test_officers_c97d3965-996f-4fbb-b4a7-1038423423bd [status:N/A request:0.004s]
Traceback (most recent call last):
  File "/root/.cache/pypoetry/virtualenvs/cpdbv2-backend-VA82Wl8V-py3.7/lib/python3.7/site-packages/urllib3/connection.py", line 160, in _new_conn
    (self._dns_host, self.port), self.timeout, **extra_kw
  File "/root/.cache/pypoetry/virtualenvs/cpdbv2-backend-VA82Wl8V-py3.7/lib/python3.7/site-packages/urllib3/util/connection.py", line 61, in create_connection
    for res in socket.getaddrinfo(host, port, family, socket.SOCK_STREAM):
  File "/usr/local/lib/python3.7/socket.py", line 752, in getaddrinfo
    for res in _socket.getaddrinfo(host, port, family, type, proto, flags):
socket.gaierror: [Errno -2] Name or service not known

During handling of the above exception, another exception occurred:

Traceback (most recent call last):
  File "/root/.cache/pypoetry/virtualenvs/cpdbv2-backend-VA82Wl8V-py3.7/lib/python3.7/site-packages/elasticsearch/connection/http_urllib3.py", line 115, in perform_request
    response = self.pool.urlopen(method, url, body, retries=False, headers=self.headers, **kw)
  File "/root/.cache/pypoetry/virtualenvs/cpdbv2-backend-VA82Wl8V-py3.7/lib/python3.7/site-packages/urllib3/connectionpool.py", line 727, in urlopen
    method, url, error=e, _pool=self, _stacktrace=sys.exc_info()[2]
  File "/root/.cache/pypoetry/virtualenvs/cpdbv2-backend-VA82Wl8V-py3.7/lib/python3.7/site-packages/urllib3/util/retry.py", line 386, in increment
    raise six.reraise(type(error), error, _stacktrace)
  File "/root/.cache/pypoetry/virtualenvs/cpdbv2-backend-VA82Wl8V-py3.7/lib/python3.7/site-packages/urllib3/packages/six.py", line 735, in reraise
    raise value
  File "/root/.cache/pypoetry/virtualenvs/cpdbv2-backend-VA82Wl8V-py3.7/lib/python3.7/site-packages/urllib3/connectionpool.py", line 677, in urlopen
    chunked=chunked,
  File "/root/.cache/pypoetry/virtualenvs/cpdbv2-backend-VA82Wl8V-py3.7/lib/python3.7/site-packages/urllib3/connectionpool.py", line 392, in _make_request
    conn.request(method, url, **httplib_request_kw)
  File "/usr/local/lib/python3.7/http/client.py", line 1281, in request
    self._send_request(method, url, body, headers, encode_chunked)
  File "/usr/local/lib/python3.7/http/client.py", line 1327, in _send_request
    self.endheaders(body, encode_chunked=encode_chunked)
  File "/usr/local/lib/python3.7/http/client.py", line 1276, in endheaders
    self._send_output(message_body, encode_chunked=encode_chunked)
  File "/usr/local/lib/python3.7/http/client.py", line 1036, in _send_output
    self.send(msg)
  File "/usr/local/lib/python3.7/http/client.py", line 976, in send
    self.connect()
  File "/root/.cache/pypoetry/virtualenvs/cpdbv2-backend-VA82Wl8V-py3.7/lib/python3.7/site-packages/urllib3/connection.py", line 187, in connect
    conn = self._new_conn()
  File "/root/.cache/pypoetry/virtualenvs/cpdbv2-backend-VA82Wl8V-py3.7/lib/python3.7/site-packages/urllib3/connection.py", line 172, in _new_conn
    self, "Failed to establish a new connection: %s" % e
urllib3.exceptions.NewConnectionError: <urllib3.connection.HTTPConnection object at 0x7ff068e89450>: Failed to establish a new connection: [Errno -2] Name or service not known
elasticsearch: DEBUG: > None
urllib3.util.retry: DEBUG: Converted retries value: False -> Retry(total=False, connect=None, read=None, redirect=0, status=None)
urllib3.connectionpool: DEBUG: Starting new HTTP connection (308): elasticsearch:9200
elasticsearch: WARNING: DELETE http://elasticsearch:9200/test_officers_c97d3965-996f-4fbb-b4a7-1038423423bd [status:N/A request:0.005s]
Traceback (most recent call last):
  File "/root/.cache/pypoetry/virtualenvs/cpdbv2-backend-VA82Wl8V-py3.7/lib/python3.7/site-packages/urllib3/connection.py", line 160, in _new_conn
    (self._dns_host, self.port), self.timeout, **extra_kw
  File "/root/.cache/pypoetry/virtualenvs/cpdbv2-backend-VA82Wl8V-py3.7/lib/python3.7/site-packages/urllib3/util/connection.py", line 61, in create_connection
    for res in socket.getaddrinfo(host, port, family, socket.SOCK_STREAM):
  File "/usr/local/lib/python3.7/socket.py", line 752, in getaddrinfo
    for res in _socket.getaddrinfo(host, port, family, type, proto, flags):
socket.gaierror: [Errno -2] Name or service not known

During handling of the above exception, another exception occurred:

Traceback (most recent call last):
  File "/root/.cache/pypoetry/virtualenvs/cpdbv2-backend-VA82Wl8V-py3.7/lib/python3.7/site-packages/elasticsearch/connection/http_urllib3.py", line 115, in perform_request
    response = self.pool.urlopen(method, url, body, retries=False, headers=self.headers, **kw)
  File "/root/.cache/pypoetry/virtualenvs/cpdbv2-backend-VA82Wl8V-py3.7/lib/python3.7/site-packages/urllib3/connectionpool.py", line 727, in urlopen
    method, url, error=e, _pool=self, _stacktrace=sys.exc_info()[2]
  File "/root/.cache/pypoetry/virtualenvs/cpdbv2-backend-VA82Wl8V-py3.7/lib/python3.7/site-packages/urllib3/util/retry.py", line 386, in increment
    raise six.reraise(type(error), error, _stacktrace)
  File "/root/.cache/pypoetry/virtualenvs/cpdbv2-backend-VA82Wl8V-py3.7/lib/python3.7/site-packages/urllib3/packages/six.py", line 735, in reraise
    raise value
  File "/root/.cache/pypoetry/virtualenvs/cpdbv2-backend-VA82Wl8V-py3.7/lib/python3.7/site-packages/urllib3/connectionpool.py", line 677, in urlopen
    chunked=chunked,
  File "/root/.cache/pypoetry/virtualenvs/cpdbv2-backend-VA82Wl8V-py3.7/lib/python3.7/site-packages/urllib3/connectionpool.py", line 392, in _make_request
    conn.request(method, url, **httplib_request_kw)
  File "/usr/local/lib/python3.7/http/client.py", line 1281, in request
    self._send_request(method, url, body, headers, encode_chunked)
  File "/usr/local/lib/python3.7/http/client.py", line 1327, in _send_request
    self.endheaders(body, encode_chunked=encode_chunked)
  File "/usr/local/lib/python3.7/http/client.py", line 1276, in endheaders
    self._send_output(message_body, encode_chunked=encode_chunked)
  File "/usr/local/lib/python3.7/http/client.py", line 1036, in _send_output
    self.send(msg)
  File "/usr/local/lib/python3.7/http/client.py", line 976, in send
    self.connect()
  File "/root/.cache/pypoetry/virtualenvs/cpdbv2-backend-VA82Wl8V-py3.7/lib/python3.7/site-packages/urllib3/connection.py", line 187, in connect
    conn = self._new_conn()
  File "/root/.cache/pypoetry/virtualenvs/cpdbv2-backend-VA82Wl8V-py3.7/lib/python3.7/site-packages/urllib3/connection.py", line 172, in _new_conn
    self, "Failed to establish a new connection: %s" % e
urllib3.exceptions.NewConnectionError: <urllib3.connection.HTTPConnection object at 0x7ff068e0e090>: Failed to establish a new connection: [Errno -2] Name or service not known
elasticsearch: DEBUG: > None
--------------------- >> end captured logging << ---------------------

======================================================================
ERROR: test_request_download_file_not_exist (officers.tests.views.test_views.OfficersViewSetTestCase)
----------------------------------------------------------------------
Traceback (most recent call last):
  File "/usr/src/app/cpdb/officers/tests/mixins.py", line 10, in setUp
    officers_index_alias.write_index.delete(ignore=404)
  File "/root/.cache/pypoetry/virtualenvs/cpdbv2-backend-VA82Wl8V-py3.7/lib/python3.7/site-packages/elasticsearch_dsl/index.py", line 222, in delete
    self.connection.indices.delete(index=self._name, **kwargs)
  File "/root/.cache/pypoetry/virtualenvs/cpdbv2-backend-VA82Wl8V-py3.7/lib/python3.7/site-packages/elasticsearch/client/utils.py", line 73, in _wrapped
    return func(*args, params=params, **kwargs)
  File "/root/.cache/pypoetry/virtualenvs/cpdbv2-backend-VA82Wl8V-py3.7/lib/python3.7/site-packages/elasticsearch/client/indices.py", line 200, in delete
    params=params)
  File "/root/.cache/pypoetry/virtualenvs/cpdbv2-backend-VA82Wl8V-py3.7/lib/python3.7/site-packages/elasticsearch/transport.py", line 312, in perform_request
    status, headers, data = connection.perform_request(method, url, params, body, ignore=ignore, timeout=timeout)
  File "/root/.cache/pypoetry/virtualenvs/cpdbv2-backend-VA82Wl8V-py3.7/lib/python3.7/site-packages/elasticsearch/connection/http_urllib3.py", line 124, in perform_request
    raise ConnectionError('N/A', str(e), e)
elasticsearch.exceptions.ConnectionError: ConnectionError(<urllib3.connection.HTTPConnection object at 0x7ff068e7be90>: Failed to establish a new connection: [Errno -2] Name or service not known) caused by: NewConnectionError(<urllib3.connection.HTTPConnection object at 0x7ff068e7be90>: Failed to establish a new connection: [Errno -2] Name or service not known)
-------------------- >> begin captured logging << --------------------
urllib3.util.retry: DEBUG: Converted retries value: False -> Retry(total=False, connect=None, read=None, redirect=0, status=None)
urllib3.connectionpool: DEBUG: Starting new HTTP connection (309): elasticsearch:9200
elasticsearch: WARNING: DELETE http://elasticsearch:9200/test_officers_c97d3965-996f-4fbb-b4a7-1038423423bd [status:N/A request:0.005s]
Traceback (most recent call last):
  File "/root/.cache/pypoetry/virtualenvs/cpdbv2-backend-VA82Wl8V-py3.7/lib/python3.7/site-packages/urllib3/connection.py", line 160, in _new_conn
    (self._dns_host, self.port), self.timeout, **extra_kw
  File "/root/.cache/pypoetry/virtualenvs/cpdbv2-backend-VA82Wl8V-py3.7/lib/python3.7/site-packages/urllib3/util/connection.py", line 61, in create_connection
    for res in socket.getaddrinfo(host, port, family, socket.SOCK_STREAM):
  File "/usr/local/lib/python3.7/socket.py", line 752, in getaddrinfo
    for res in _socket.getaddrinfo(host, port, family, type, proto, flags):
socket.gaierror: [Errno -2] Name or service not known

During handling of the above exception, another exception occurred:

Traceback (most recent call last):
  File "/root/.cache/pypoetry/virtualenvs/cpdbv2-backend-VA82Wl8V-py3.7/lib/python3.7/site-packages/elasticsearch/connection/http_urllib3.py", line 115, in perform_request
    response = self.pool.urlopen(method, url, body, retries=False, headers=self.headers, **kw)
  File "/root/.cache/pypoetry/virtualenvs/cpdbv2-backend-VA82Wl8V-py3.7/lib/python3.7/site-packages/urllib3/connectionpool.py", line 727, in urlopen
    method, url, error=e, _pool=self, _stacktrace=sys.exc_info()[2]
  File "/root/.cache/pypoetry/virtualenvs/cpdbv2-backend-VA82Wl8V-py3.7/lib/python3.7/site-packages/urllib3/util/retry.py", line 386, in increment
    raise six.reraise(type(error), error, _stacktrace)
  File "/root/.cache/pypoetry/virtualenvs/cpdbv2-backend-VA82Wl8V-py3.7/lib/python3.7/site-packages/urllib3/packages/six.py", line 735, in reraise
    raise value
  File "/root/.cache/pypoetry/virtualenvs/cpdbv2-backend-VA82Wl8V-py3.7/lib/python3.7/site-packages/urllib3/connectionpool.py", line 677, in urlopen
    chunked=chunked,
  File "/root/.cache/pypoetry/virtualenvs/cpdbv2-backend-VA82Wl8V-py3.7/lib/python3.7/site-packages/urllib3/connectionpool.py", line 392, in _make_request
    conn.request(method, url, **httplib_request_kw)
  File "/usr/local/lib/python3.7/http/client.py", line 1281, in request
    self._send_request(method, url, body, headers, encode_chunked)
  File "/usr/local/lib/python3.7/http/client.py", line 1327, in _send_request
    self.endheaders(body, encode_chunked=encode_chunked)
  File "/usr/local/lib/python3.7/http/client.py", line 1276, in endheaders
    self._send_output(message_body, encode_chunked=encode_chunked)
  File "/usr/local/lib/python3.7/http/client.py", line 1036, in _send_output
    self.send(msg)
  File "/usr/local/lib/python3.7/http/client.py", line 976, in send
    self.connect()
  File "/root/.cache/pypoetry/virtualenvs/cpdbv2-backend-VA82Wl8V-py3.7/lib/python3.7/site-packages/urllib3/connection.py", line 187, in connect
    conn = self._new_conn()
  File "/root/.cache/pypoetry/virtualenvs/cpdbv2-backend-VA82Wl8V-py3.7/lib/python3.7/site-packages/urllib3/connection.py", line 172, in _new_conn
    self, "Failed to establish a new connection: %s" % e
urllib3.exceptions.NewConnectionError: <urllib3.connection.HTTPConnection object at 0x7ff068e0e850>: Failed to establish a new connection: [Errno -2] Name or service not known
elasticsearch: DEBUG: > None
urllib3.util.retry: DEBUG: Converted retries value: False -> Retry(total=False, connect=None, read=None, redirect=0, status=None)
urllib3.connectionpool: DEBUG: Starting new HTTP connection (310): elasticsearch:9200
elasticsearch: WARNING: DELETE http://elasticsearch:9200/test_officers_c97d3965-996f-4fbb-b4a7-1038423423bd [status:N/A request:0.004s]
Traceback (most recent call last):
  File "/root/.cache/pypoetry/virtualenvs/cpdbv2-backend-VA82Wl8V-py3.7/lib/python3.7/site-packages/urllib3/connection.py", line 160, in _new_conn
    (self._dns_host, self.port), self.timeout, **extra_kw
  File "/root/.cache/pypoetry/virtualenvs/cpdbv2-backend-VA82Wl8V-py3.7/lib/python3.7/site-packages/urllib3/util/connection.py", line 61, in create_connection
    for res in socket.getaddrinfo(host, port, family, socket.SOCK_STREAM):
  File "/usr/local/lib/python3.7/socket.py", line 752, in getaddrinfo
    for res in _socket.getaddrinfo(host, port, family, type, proto, flags):
socket.gaierror: [Errno -2] Name or service not known

During handling of the above exception, another exception occurred:

Traceback (most recent call last):
  File "/root/.cache/pypoetry/virtualenvs/cpdbv2-backend-VA82Wl8V-py3.7/lib/python3.7/site-packages/elasticsearch/connection/http_urllib3.py", line 115, in perform_request
    response = self.pool.urlopen(method, url, body, retries=False, headers=self.headers, **kw)
  File "/root/.cache/pypoetry/virtualenvs/cpdbv2-backend-VA82Wl8V-py3.7/lib/python3.7/site-packages/urllib3/connectionpool.py", line 727, in urlopen
    method, url, error=e, _pool=self, _stacktrace=sys.exc_info()[2]
  File "/root/.cache/pypoetry/virtualenvs/cpdbv2-backend-VA82Wl8V-py3.7/lib/python3.7/site-packages/urllib3/util/retry.py", line 386, in increment
    raise six.reraise(type(error), error, _stacktrace)
  File "/root/.cache/pypoetry/virtualenvs/cpdbv2-backend-VA82Wl8V-py3.7/lib/python3.7/site-packages/urllib3/packages/six.py", line 735, in reraise
    raise value
  File "/root/.cache/pypoetry/virtualenvs/cpdbv2-backend-VA82Wl8V-py3.7/lib/python3.7/site-packages/urllib3/connectionpool.py", line 677, in urlopen
    chunked=chunked,
  File "/root/.cache/pypoetry/virtualenvs/cpdbv2-backend-VA82Wl8V-py3.7/lib/python3.7/site-packages/urllib3/connectionpool.py", line 392, in _make_request
    conn.request(method, url, **httplib_request_kw)
  File "/usr/local/lib/python3.7/http/client.py", line 1281, in request
    self._send_request(method, url, body, headers, encode_chunked)
  File "/usr/local/lib/python3.7/http/client.py", line 1327, in _send_request
    self.endheaders(body, encode_chunked=encode_chunked)
  File "/usr/local/lib/python3.7/http/client.py", line 1276, in endheaders
    self._send_output(message_body, encode_chunked=encode_chunked)
  File "/usr/local/lib/python3.7/http/client.py", line 1036, in _send_output
    self.send(msg)
  File "/usr/local/lib/python3.7/http/client.py", line 976, in send
    self.connect()
  File "/root/.cache/pypoetry/virtualenvs/cpdbv2-backend-VA82Wl8V-py3.7/lib/python3.7/site-packages/urllib3/connection.py", line 187, in connect
    conn = self._new_conn()
  File "/root/.cache/pypoetry/virtualenvs/cpdbv2-backend-VA82Wl8V-py3.7/lib/python3.7/site-packages/urllib3/connection.py", line 172, in _new_conn
    self, "Failed to establish a new connection: %s" % e
urllib3.exceptions.NewConnectionError: <urllib3.connection.HTTPConnection object at 0x7ff068e0ee90>: Failed to establish a new connection: [Errno -2] Name or service not known
elasticsearch: DEBUG: > None
urllib3.util.retry: DEBUG: Converted retries value: False -> Retry(total=False, connect=None, read=None, redirect=0, status=None)
urllib3.connectionpool: DEBUG: Starting new HTTP connection (311): elasticsearch:9200
elasticsearch: WARNING: DELETE http://elasticsearch:9200/test_officers_c97d3965-996f-4fbb-b4a7-1038423423bd [status:N/A request:0.006s]
Traceback (most recent call last):
  File "/root/.cache/pypoetry/virtualenvs/cpdbv2-backend-VA82Wl8V-py3.7/lib/python3.7/site-packages/urllib3/connection.py", line 160, in _new_conn
    (self._dns_host, self.port), self.timeout, **extra_kw
  File "/root/.cache/pypoetry/virtualenvs/cpdbv2-backend-VA82Wl8V-py3.7/lib/python3.7/site-packages/urllib3/util/connection.py", line 61, in create_connection
    for res in socket.getaddrinfo(host, port, family, socket.SOCK_STREAM):
  File "/usr/local/lib/python3.7/socket.py", line 752, in getaddrinfo
    for res in _socket.getaddrinfo(host, port, family, type, proto, flags):
socket.gaierror: [Errno -2] Name or service not known

During handling of the above exception, another exception occurred:

Traceback (most recent call last):
  File "/root/.cache/pypoetry/virtualenvs/cpdbv2-backend-VA82Wl8V-py3.7/lib/python3.7/site-packages/elasticsearch/connection/http_urllib3.py", line 115, in perform_request
    response = self.pool.urlopen(method, url, body, retries=False, headers=self.headers, **kw)
  File "/root/.cache/pypoetry/virtualenvs/cpdbv2-backend-VA82Wl8V-py3.7/lib/python3.7/site-packages/urllib3/connectionpool.py", line 727, in urlopen
    method, url, error=e, _pool=self, _stacktrace=sys.exc_info()[2]
  File "/root/.cache/pypoetry/virtualenvs/cpdbv2-backend-VA82Wl8V-py3.7/lib/python3.7/site-packages/urllib3/util/retry.py", line 386, in increment
    raise six.reraise(type(error), error, _stacktrace)
  File "/root/.cache/pypoetry/virtualenvs/cpdbv2-backend-VA82Wl8V-py3.7/lib/python3.7/site-packages/urllib3/packages/six.py", line 735, in reraise
    raise value
  File "/root/.cache/pypoetry/virtualenvs/cpdbv2-backend-VA82Wl8V-py3.7/lib/python3.7/site-packages/urllib3/connectionpool.py", line 677, in urlopen
    chunked=chunked,
  File "/root/.cache/pypoetry/virtualenvs/cpdbv2-backend-VA82Wl8V-py3.7/lib/python3.7/site-packages/urllib3/connectionpool.py", line 392, in _make_request
    conn.request(method, url, **httplib_request_kw)
  File "/usr/local/lib/python3.7/http/client.py", line 1281, in request
    self._send_request(method, url, body, headers, encode_chunked)
  File "/usr/local/lib/python3.7/http/client.py", line 1327, in _send_request
    self.endheaders(body, encode_chunked=encode_chunked)
  File "/usr/local/lib/python3.7/http/client.py", line 1276, in endheaders
    self._send_output(message_body, encode_chunked=encode_chunked)
  File "/usr/local/lib/python3.7/http/client.py", line 1036, in _send_output
    self.send(msg)
  File "/usr/local/lib/python3.7/http/client.py", line 976, in send
    self.connect()
  File "/root/.cache/pypoetry/virtualenvs/cpdbv2-backend-VA82Wl8V-py3.7/lib/python3.7/site-packages/urllib3/connection.py", line 187, in connect
    conn = self._new_conn()
  File "/root/.cache/pypoetry/virtualenvs/cpdbv2-backend-VA82Wl8V-py3.7/lib/python3.7/site-packages/urllib3/connection.py", line 172, in _new_conn
    self, "Failed to establish a new connection: %s" % e
urllib3.exceptions.NewConnectionError: <urllib3.connection.HTTPConnection object at 0x7ff068e7b1d0>: Failed to establish a new connection: [Errno -2] Name or service not known
elasticsearch: DEBUG: > None
urllib3.util.retry: DEBUG: Converted retries value: False -> Retry(total=False, connect=None, read=None, redirect=0, status=None)
urllib3.connectionpool: DEBUG: Starting new HTTP connection (312): elasticsearch:9200
elasticsearch: WARNING: DELETE http://elasticsearch:9200/test_officers_c97d3965-996f-4fbb-b4a7-1038423423bd [status:N/A request:0.005s]
Traceback (most recent call last):
  File "/root/.cache/pypoetry/virtualenvs/cpdbv2-backend-VA82Wl8V-py3.7/lib/python3.7/site-packages/urllib3/connection.py", line 160, in _new_conn
    (self._dns_host, self.port), self.timeout, **extra_kw
  File "/root/.cache/pypoetry/virtualenvs/cpdbv2-backend-VA82Wl8V-py3.7/lib/python3.7/site-packages/urllib3/util/connection.py", line 61, in create_connection
    for res in socket.getaddrinfo(host, port, family, socket.SOCK_STREAM):
  File "/usr/local/lib/python3.7/socket.py", line 752, in getaddrinfo
    for res in _socket.getaddrinfo(host, port, family, type, proto, flags):
socket.gaierror: [Errno -2] Name or service not known

During handling of the above exception, another exception occurred:

Traceback (most recent call last):
  File "/root/.cache/pypoetry/virtualenvs/cpdbv2-backend-VA82Wl8V-py3.7/lib/python3.7/site-packages/elasticsearch/connection/http_urllib3.py", line 115, in perform_request
    response = self.pool.urlopen(method, url, body, retries=False, headers=self.headers, **kw)
  File "/root/.cache/pypoetry/virtualenvs/cpdbv2-backend-VA82Wl8V-py3.7/lib/python3.7/site-packages/urllib3/connectionpool.py", line 727, in urlopen
    method, url, error=e, _pool=self, _stacktrace=sys.exc_info()[2]
  File "/root/.cache/pypoetry/virtualenvs/cpdbv2-backend-VA82Wl8V-py3.7/lib/python3.7/site-packages/urllib3/util/retry.py", line 386, in increment
    raise six.reraise(type(error), error, _stacktrace)
  File "/root/.cache/pypoetry/virtualenvs/cpdbv2-backend-VA82Wl8V-py3.7/lib/python3.7/site-packages/urllib3/packages/six.py", line 735, in reraise
    raise value
  File "/root/.cache/pypoetry/virtualenvs/cpdbv2-backend-VA82Wl8V-py3.7/lib/python3.7/site-packages/urllib3/connectionpool.py", line 677, in urlopen
    chunked=chunked,
  File "/root/.cache/pypoetry/virtualenvs/cpdbv2-backend-VA82Wl8V-py3.7/lib/python3.7/site-packages/urllib3/connectionpool.py", line 392, in _make_request
    conn.request(method, url, **httplib_request_kw)
  File "/usr/local/lib/python3.7/http/client.py", line 1281, in request
    self._send_request(method, url, body, headers, encode_chunked)
  File "/usr/local/lib/python3.7/http/client.py", line 1327, in _send_request
    self.endheaders(body, encode_chunked=encode_chunked)
  File "/usr/local/lib/python3.7/http/client.py", line 1276, in endheaders
    self._send_output(message_body, encode_chunked=encode_chunked)
  File "/usr/local/lib/python3.7/http/client.py", line 1036, in _send_output
    self.send(msg)
  File "/usr/local/lib/python3.7/http/client.py", line 976, in send
    self.connect()
  File "/root/.cache/pypoetry/virtualenvs/cpdbv2-backend-VA82Wl8V-py3.7/lib/python3.7/site-packages/urllib3/connection.py", line 187, in connect
    conn = self._new_conn()
  File "/root/.cache/pypoetry/virtualenvs/cpdbv2-backend-VA82Wl8V-py3.7/lib/python3.7/site-packages/urllib3/connection.py", line 172, in _new_conn
    self, "Failed to establish a new connection: %s" % e
urllib3.exceptions.NewConnectionError: <urllib3.connection.HTTPConnection object at 0x7ff068e7be90>: Failed to establish a new connection: [Errno -2] Name or service not known
elasticsearch: DEBUG: > None
--------------------- >> end captured logging << ---------------------

======================================================================
ERROR: test_request_download_no_match (officers.tests.views.test_views.OfficersViewSetTestCase)
----------------------------------------------------------------------
Traceback (most recent call last):
  File "/usr/src/app/cpdb/officers/tests/mixins.py", line 10, in setUp
    officers_index_alias.write_index.delete(ignore=404)
  File "/root/.cache/pypoetry/virtualenvs/cpdbv2-backend-VA82Wl8V-py3.7/lib/python3.7/site-packages/elasticsearch_dsl/index.py", line 222, in delete
    self.connection.indices.delete(index=self._name, **kwargs)
  File "/root/.cache/pypoetry/virtualenvs/cpdbv2-backend-VA82Wl8V-py3.7/lib/python3.7/site-packages/elasticsearch/client/utils.py", line 73, in _wrapped
    return func(*args, params=params, **kwargs)
  File "/root/.cache/pypoetry/virtualenvs/cpdbv2-backend-VA82Wl8V-py3.7/lib/python3.7/site-packages/elasticsearch/client/indices.py", line 200, in delete
    params=params)
  File "/root/.cache/pypoetry/virtualenvs/cpdbv2-backend-VA82Wl8V-py3.7/lib/python3.7/site-packages/elasticsearch/transport.py", line 312, in perform_request
    status, headers, data = connection.perform_request(method, url, params, body, ignore=ignore, timeout=timeout)
  File "/root/.cache/pypoetry/virtualenvs/cpdbv2-backend-VA82Wl8V-py3.7/lib/python3.7/site-packages/elasticsearch/connection/http_urllib3.py", line 124, in perform_request
    raise ConnectionError('N/A', str(e), e)
elasticsearch.exceptions.ConnectionError: ConnectionError(<urllib3.connection.HTTPConnection object at 0x7ff068e7bd50>: Failed to establish a new connection: [Errno -2] Name or service not known) caused by: NewConnectionError(<urllib3.connection.HTTPConnection object at 0x7ff068e7bd50>: Failed to establish a new connection: [Errno -2] Name or service not known)
-------------------- >> begin captured logging << --------------------
urllib3.util.retry: DEBUG: Converted retries value: False -> Retry(total=False, connect=None, read=None, redirect=0, status=None)
urllib3.connectionpool: DEBUG: Starting new HTTP connection (313): elasticsearch:9200
elasticsearch: WARNING: DELETE http://elasticsearch:9200/test_officers_c97d3965-996f-4fbb-b4a7-1038423423bd [status:N/A request:0.004s]
Traceback (most recent call last):
  File "/root/.cache/pypoetry/virtualenvs/cpdbv2-backend-VA82Wl8V-py3.7/lib/python3.7/site-packages/urllib3/connection.py", line 160, in _new_conn
    (self._dns_host, self.port), self.timeout, **extra_kw
  File "/root/.cache/pypoetry/virtualenvs/cpdbv2-backend-VA82Wl8V-py3.7/lib/python3.7/site-packages/urllib3/util/connection.py", line 61, in create_connection
    for res in socket.getaddrinfo(host, port, family, socket.SOCK_STREAM):
  File "/usr/local/lib/python3.7/socket.py", line 752, in getaddrinfo
    for res in _socket.getaddrinfo(host, port, family, type, proto, flags):
socket.gaierror: [Errno -2] Name or service not known

During handling of the above exception, another exception occurred:

Traceback (most recent call last):
  File "/root/.cache/pypoetry/virtualenvs/cpdbv2-backend-VA82Wl8V-py3.7/lib/python3.7/site-packages/elasticsearch/connection/http_urllib3.py", line 115, in perform_request
    response = self.pool.urlopen(method, url, body, retries=False, headers=self.headers, **kw)
  File "/root/.cache/pypoetry/virtualenvs/cpdbv2-backend-VA82Wl8V-py3.7/lib/python3.7/site-packages/urllib3/connectionpool.py", line 727, in urlopen
    method, url, error=e, _pool=self, _stacktrace=sys.exc_info()[2]
  File "/root/.cache/pypoetry/virtualenvs/cpdbv2-backend-VA82Wl8V-py3.7/lib/python3.7/site-packages/urllib3/util/retry.py", line 386, in increment
    raise six.reraise(type(error), error, _stacktrace)
  File "/root/.cache/pypoetry/virtualenvs/cpdbv2-backend-VA82Wl8V-py3.7/lib/python3.7/site-packages/urllib3/packages/six.py", line 735, in reraise
    raise value
  File "/root/.cache/pypoetry/virtualenvs/cpdbv2-backend-VA82Wl8V-py3.7/lib/python3.7/site-packages/urllib3/connectionpool.py", line 677, in urlopen
    chunked=chunked,
  File "/root/.cache/pypoetry/virtualenvs/cpdbv2-backend-VA82Wl8V-py3.7/lib/python3.7/site-packages/urllib3/connectionpool.py", line 392, in _make_request
    conn.request(method, url, **httplib_request_kw)
  File "/usr/local/lib/python3.7/http/client.py", line 1281, in request
    self._send_request(method, url, body, headers, encode_chunked)
  File "/usr/local/lib/python3.7/http/client.py", line 1327, in _send_request
    self.endheaders(body, encode_chunked=encode_chunked)
  File "/usr/local/lib/python3.7/http/client.py", line 1276, in endheaders
    self._send_output(message_body, encode_chunked=encode_chunked)
  File "/usr/local/lib/python3.7/http/client.py", line 1036, in _send_output
    self.send(msg)
  File "/usr/local/lib/python3.7/http/client.py", line 976, in send
    self.connect()
  File "/root/.cache/pypoetry/virtualenvs/cpdbv2-backend-VA82Wl8V-py3.7/lib/python3.7/site-packages/urllib3/connection.py", line 187, in connect
    conn = self._new_conn()
  File "/root/.cache/pypoetry/virtualenvs/cpdbv2-backend-VA82Wl8V-py3.7/lib/python3.7/site-packages/urllib3/connection.py", line 172, in _new_conn
    self, "Failed to establish a new connection: %s" % e
urllib3.exceptions.NewConnectionError: <urllib3.connection.HTTPConnection object at 0x7ff068e7bd50>: Failed to establish a new connection: [Errno -2] Name or service not known
elasticsearch: DEBUG: > None
urllib3.util.retry: DEBUG: Converted retries value: False -> Retry(total=False, connect=None, read=None, redirect=0, status=None)
urllib3.connectionpool: DEBUG: Starting new HTTP connection (314): elasticsearch:9200
elasticsearch: WARNING: DELETE http://elasticsearch:9200/test_officers_c97d3965-996f-4fbb-b4a7-1038423423bd [status:N/A request:0.005s]
Traceback (most recent call last):
  File "/root/.cache/pypoetry/virtualenvs/cpdbv2-backend-VA82Wl8V-py3.7/lib/python3.7/site-packages/urllib3/connection.py", line 160, in _new_conn
    (self._dns_host, self.port), self.timeout, **extra_kw
  File "/root/.cache/pypoetry/virtualenvs/cpdbv2-backend-VA82Wl8V-py3.7/lib/python3.7/site-packages/urllib3/util/connection.py", line 61, in create_connection
    for res in socket.getaddrinfo(host, port, family, socket.SOCK_STREAM):
  File "/usr/local/lib/python3.7/socket.py", line 752, in getaddrinfo
    for res in _socket.getaddrinfo(host, port, family, type, proto, flags):
socket.gaierror: [Errno -2] Name or service not known

During handling of the above exception, another exception occurred:

Traceback (most recent call last):
  File "/root/.cache/pypoetry/virtualenvs/cpdbv2-backend-VA82Wl8V-py3.7/lib/python3.7/site-packages/elasticsearch/connection/http_urllib3.py", line 115, in perform_request
    response = self.pool.urlopen(method, url, body, retries=False, headers=self.headers, **kw)
  File "/root/.cache/pypoetry/virtualenvs/cpdbv2-backend-VA82Wl8V-py3.7/lib/python3.7/site-packages/urllib3/connectionpool.py", line 727, in urlopen
    method, url, error=e, _pool=self, _stacktrace=sys.exc_info()[2]
  File "/root/.cache/pypoetry/virtualenvs/cpdbv2-backend-VA82Wl8V-py3.7/lib/python3.7/site-packages/urllib3/util/retry.py", line 386, in increment
    raise six.reraise(type(error), error, _stacktrace)
  File "/root/.cache/pypoetry/virtualenvs/cpdbv2-backend-VA82Wl8V-py3.7/lib/python3.7/site-packages/urllib3/packages/six.py", line 735, in reraise
    raise value
  File "/root/.cache/pypoetry/virtualenvs/cpdbv2-backend-VA82Wl8V-py3.7/lib/python3.7/site-packages/urllib3/connectionpool.py", line 677, in urlopen
    chunked=chunked,
  File "/root/.cache/pypoetry/virtualenvs/cpdbv2-backend-VA82Wl8V-py3.7/lib/python3.7/site-packages/urllib3/connectionpool.py", line 392, in _make_request
    conn.request(method, url, **httplib_request_kw)
  File "/usr/local/lib/python3.7/http/client.py", line 1281, in request
    self._send_request(method, url, body, headers, encode_chunked)
  File "/usr/local/lib/python3.7/http/client.py", line 1327, in _send_request
    self.endheaders(body, encode_chunked=encode_chunked)
  File "/usr/local/lib/python3.7/http/client.py", line 1276, in endheaders
    self._send_output(message_body, encode_chunked=encode_chunked)
  File "/usr/local/lib/python3.7/http/client.py", line 1036, in _send_output
    self.send(msg)
  File "/usr/local/lib/python3.7/http/client.py", line 976, in send
    self.connect()
  File "/root/.cache/pypoetry/virtualenvs/cpdbv2-backend-VA82Wl8V-py3.7/lib/python3.7/site-packages/urllib3/connection.py", line 187, in connect
    conn = self._new_conn()
  File "/root/.cache/pypoetry/virtualenvs/cpdbv2-backend-VA82Wl8V-py3.7/lib/python3.7/site-packages/urllib3/connection.py", line 172, in _new_conn
    self, "Failed to establish a new connection: %s" % e
urllib3.exceptions.NewConnectionError: <urllib3.connection.HTTPConnection object at 0x7ff068ee7090>: Failed to establish a new connection: [Errno -2] Name or service not known
elasticsearch: DEBUG: > None
urllib3.util.retry: DEBUG: Converted retries value: False -> Retry(total=False, connect=None, read=None, redirect=0, status=None)
urllib3.connectionpool: DEBUG: Starting new HTTP connection (315): elasticsearch:9200
elasticsearch: WARNING: DELETE http://elasticsearch:9200/test_officers_c97d3965-996f-4fbb-b4a7-1038423423bd [status:N/A request:0.005s]
Traceback (most recent call last):
  File "/root/.cache/pypoetry/virtualenvs/cpdbv2-backend-VA82Wl8V-py3.7/lib/python3.7/site-packages/urllib3/connection.py", line 160, in _new_conn
    (self._dns_host, self.port), self.timeout, **extra_kw
  File "/root/.cache/pypoetry/virtualenvs/cpdbv2-backend-VA82Wl8V-py3.7/lib/python3.7/site-packages/urllib3/util/connection.py", line 61, in create_connection
    for res in socket.getaddrinfo(host, port, family, socket.SOCK_STREAM):
  File "/usr/local/lib/python3.7/socket.py", line 752, in getaddrinfo
    for res in _socket.getaddrinfo(host, port, family, type, proto, flags):
socket.gaierror: [Errno -2] Name or service not known

During handling of the above exception, another exception occurred:

Traceback (most recent call last):
  File "/root/.cache/pypoetry/virtualenvs/cpdbv2-backend-VA82Wl8V-py3.7/lib/python3.7/site-packages/elasticsearch/connection/http_urllib3.py", line 115, in perform_request
    response = self.pool.urlopen(method, url, body, retries=False, headers=self.headers, **kw)
  File "/root/.cache/pypoetry/virtualenvs/cpdbv2-backend-VA82Wl8V-py3.7/lib/python3.7/site-packages/urllib3/connectionpool.py", line 727, in urlopen
    method, url, error=e, _pool=self, _stacktrace=sys.exc_info()[2]
  File "/root/.cache/pypoetry/virtualenvs/cpdbv2-backend-VA82Wl8V-py3.7/lib/python3.7/site-packages/urllib3/util/retry.py", line 386, in increment
    raise six.reraise(type(error), error, _stacktrace)
  File "/root/.cache/pypoetry/virtualenvs/cpdbv2-backend-VA82Wl8V-py3.7/lib/python3.7/site-packages/urllib3/packages/six.py", line 735, in reraise
    raise value
  File "/root/.cache/pypoetry/virtualenvs/cpdbv2-backend-VA82Wl8V-py3.7/lib/python3.7/site-packages/urllib3/connectionpool.py", line 677, in urlopen
    chunked=chunked,
  File "/root/.cache/pypoetry/virtualenvs/cpdbv2-backend-VA82Wl8V-py3.7/lib/python3.7/site-packages/urllib3/connectionpool.py", line 392, in _make_request
    conn.request(method, url, **httplib_request_kw)
  File "/usr/local/lib/python3.7/http/client.py", line 1281, in request
    self._send_request(method, url, body, headers, encode_chunked)
  File "/usr/local/lib/python3.7/http/client.py", line 1327, in _send_request
    self.endheaders(body, encode_chunked=encode_chunked)
  File "/usr/local/lib/python3.7/http/client.py", line 1276, in endheaders
    self._send_output(message_body, encode_chunked=encode_chunked)
  File "/usr/local/lib/python3.7/http/client.py", line 1036, in _send_output
    self.send(msg)
  File "/usr/local/lib/python3.7/http/client.py", line 976, in send
    self.connect()
  File "/root/.cache/pypoetry/virtualenvs/cpdbv2-backend-VA82Wl8V-py3.7/lib/python3.7/site-packages/urllib3/connection.py", line 187, in connect
    conn = self._new_conn()
  File "/root/.cache/pypoetry/virtualenvs/cpdbv2-backend-VA82Wl8V-py3.7/lib/python3.7/site-packages/urllib3/connection.py", line 172, in _new_conn
    self, "Failed to establish a new connection: %s" % e
urllib3.exceptions.NewConnectionError: <urllib3.connection.HTTPConnection object at 0x7ff068ee7590>: Failed to establish a new connection: [Errno -2] Name or service not known
elasticsearch: DEBUG: > None
urllib3.util.retry: DEBUG: Converted retries value: False -> Retry(total=False, connect=None, read=None, redirect=0, status=None)
urllib3.connectionpool: DEBUG: Starting new HTTP connection (316): elasticsearch:9200
elasticsearch: WARNING: DELETE http://elasticsearch:9200/test_officers_c97d3965-996f-4fbb-b4a7-1038423423bd [status:N/A request:0.004s]
Traceback (most recent call last):
  File "/root/.cache/pypoetry/virtualenvs/cpdbv2-backend-VA82Wl8V-py3.7/lib/python3.7/site-packages/urllib3/connection.py", line 160, in _new_conn
    (self._dns_host, self.port), self.timeout, **extra_kw
  File "/root/.cache/pypoetry/virtualenvs/cpdbv2-backend-VA82Wl8V-py3.7/lib/python3.7/site-packages/urllib3/util/connection.py", line 61, in create_connection
    for res in socket.getaddrinfo(host, port, family, socket.SOCK_STREAM):
  File "/usr/local/lib/python3.7/socket.py", line 752, in getaddrinfo
    for res in _socket.getaddrinfo(host, port, family, type, proto, flags):
socket.gaierror: [Errno -2] Name or service not known

During handling of the above exception, another exception occurred:

Traceback (most recent call last):
  File "/root/.cache/pypoetry/virtualenvs/cpdbv2-backend-VA82Wl8V-py3.7/lib/python3.7/site-packages/elasticsearch/connection/http_urllib3.py", line 115, in perform_request
    response = self.pool.urlopen(method, url, body, retries=False, headers=self.headers, **kw)
  File "/root/.cache/pypoetry/virtualenvs/cpdbv2-backend-VA82Wl8V-py3.7/lib/python3.7/site-packages/urllib3/connectionpool.py", line 727, in urlopen
    method, url, error=e, _pool=self, _stacktrace=sys.exc_info()[2]
  File "/root/.cache/pypoetry/virtualenvs/cpdbv2-backend-VA82Wl8V-py3.7/lib/python3.7/site-packages/urllib3/util/retry.py", line 386, in increment
    raise six.reraise(type(error), error, _stacktrace)
  File "/root/.cache/pypoetry/virtualenvs/cpdbv2-backend-VA82Wl8V-py3.7/lib/python3.7/site-packages/urllib3/packages/six.py", line 735, in reraise
    raise value
  File "/root/.cache/pypoetry/virtualenvs/cpdbv2-backend-VA82Wl8V-py3.7/lib/python3.7/site-packages/urllib3/connectionpool.py", line 677, in urlopen
    chunked=chunked,
  File "/root/.cache/pypoetry/virtualenvs/cpdbv2-backend-VA82Wl8V-py3.7/lib/python3.7/site-packages/urllib3/connectionpool.py", line 392, in _make_request
    conn.request(method, url, **httplib_request_kw)
  File "/usr/local/lib/python3.7/http/client.py", line 1281, in request
    self._send_request(method, url, body, headers, encode_chunked)
  File "/usr/local/lib/python3.7/http/client.py", line 1327, in _send_request
    self.endheaders(body, encode_chunked=encode_chunked)
  File "/usr/local/lib/python3.7/http/client.py", line 1276, in endheaders
    self._send_output(message_body, encode_chunked=encode_chunked)
  File "/usr/local/lib/python3.7/http/client.py", line 1036, in _send_output
    self.send(msg)
  File "/usr/local/lib/python3.7/http/client.py", line 976, in send
    self.connect()
  File "/root/.cache/pypoetry/virtualenvs/cpdbv2-backend-VA82Wl8V-py3.7/lib/python3.7/site-packages/urllib3/connection.py", line 187, in connect
    conn = self._new_conn()
  File "/root/.cache/pypoetry/virtualenvs/cpdbv2-backend-VA82Wl8V-py3.7/lib/python3.7/site-packages/urllib3/connection.py", line 172, in _new_conn
    self, "Failed to establish a new connection: %s" % e
urllib3.exceptions.NewConnectionError: <urllib3.connection.HTTPConnection object at 0x7ff068e7bd50>: Failed to establish a new connection: [Errno -2] Name or service not known
elasticsearch: DEBUG: > None
--------------------- >> end captured logging << ---------------------

======================================================================
ERROR: test_request_download_without_docs (officers.tests.views.test_views.OfficersViewSetTestCase)
----------------------------------------------------------------------
Traceback (most recent call last):
  File "/usr/src/app/cpdb/officers/tests/mixins.py", line 10, in setUp
    officers_index_alias.write_index.delete(ignore=404)
  File "/root/.cache/pypoetry/virtualenvs/cpdbv2-backend-VA82Wl8V-py3.7/lib/python3.7/site-packages/elasticsearch_dsl/index.py", line 222, in delete
    self.connection.indices.delete(index=self._name, **kwargs)
  File "/root/.cache/pypoetry/virtualenvs/cpdbv2-backend-VA82Wl8V-py3.7/lib/python3.7/site-packages/elasticsearch/client/utils.py", line 73, in _wrapped
    return func(*args, params=params, **kwargs)
  File "/root/.cache/pypoetry/virtualenvs/cpdbv2-backend-VA82Wl8V-py3.7/lib/python3.7/site-packages/elasticsearch/client/indices.py", line 200, in delete
    params=params)
  File "/root/.cache/pypoetry/virtualenvs/cpdbv2-backend-VA82Wl8V-py3.7/lib/python3.7/site-packages/elasticsearch/transport.py", line 312, in perform_request
    status, headers, data = connection.perform_request(method, url, params, body, ignore=ignore, timeout=timeout)
  File "/root/.cache/pypoetry/virtualenvs/cpdbv2-backend-VA82Wl8V-py3.7/lib/python3.7/site-packages/elasticsearch/connection/http_urllib3.py", line 124, in perform_request
    raise ConnectionError('N/A', str(e), e)
elasticsearch.exceptions.ConnectionError: ConnectionError(<urllib3.connection.HTTPConnection object at 0x7ff068e0e6d0>: Failed to establish a new connection: [Errno -2] Name or service not known) caused by: NewConnectionError(<urllib3.connection.HTTPConnection object at 0x7ff068e0e6d0>: Failed to establish a new connection: [Errno -2] Name or service not known)
-------------------- >> begin captured logging << --------------------
urllib3.util.retry: DEBUG: Converted retries value: False -> Retry(total=False, connect=None, read=None, redirect=0, status=None)
urllib3.connectionpool: DEBUG: Starting new HTTP connection (317): elasticsearch:9200
elasticsearch: WARNING: DELETE http://elasticsearch:9200/test_officers_c97d3965-996f-4fbb-b4a7-1038423423bd [status:N/A request:0.005s]
Traceback (most recent call last):
  File "/root/.cache/pypoetry/virtualenvs/cpdbv2-backend-VA82Wl8V-py3.7/lib/python3.7/site-packages/urllib3/connection.py", line 160, in _new_conn
    (self._dns_host, self.port), self.timeout, **extra_kw
  File "/root/.cache/pypoetry/virtualenvs/cpdbv2-backend-VA82Wl8V-py3.7/lib/python3.7/site-packages/urllib3/util/connection.py", line 61, in create_connection
    for res in socket.getaddrinfo(host, port, family, socket.SOCK_STREAM):
  File "/usr/local/lib/python3.7/socket.py", line 752, in getaddrinfo
    for res in _socket.getaddrinfo(host, port, family, type, proto, flags):
socket.gaierror: [Errno -2] Name or service not known

During handling of the above exception, another exception occurred:

Traceback (most recent call last):
  File "/root/.cache/pypoetry/virtualenvs/cpdbv2-backend-VA82Wl8V-py3.7/lib/python3.7/site-packages/elasticsearch/connection/http_urllib3.py", line 115, in perform_request
    response = self.pool.urlopen(method, url, body, retries=False, headers=self.headers, **kw)
  File "/root/.cache/pypoetry/virtualenvs/cpdbv2-backend-VA82Wl8V-py3.7/lib/python3.7/site-packages/urllib3/connectionpool.py", line 727, in urlopen
    method, url, error=e, _pool=self, _stacktrace=sys.exc_info()[2]
  File "/root/.cache/pypoetry/virtualenvs/cpdbv2-backend-VA82Wl8V-py3.7/lib/python3.7/site-packages/urllib3/util/retry.py", line 386, in increment
    raise six.reraise(type(error), error, _stacktrace)
  File "/root/.cache/pypoetry/virtualenvs/cpdbv2-backend-VA82Wl8V-py3.7/lib/python3.7/site-packages/urllib3/packages/six.py", line 735, in reraise
    raise value
  File "/root/.cache/pypoetry/virtualenvs/cpdbv2-backend-VA82Wl8V-py3.7/lib/python3.7/site-packages/urllib3/connectionpool.py", line 677, in urlopen
    chunked=chunked,
  File "/root/.cache/pypoetry/virtualenvs/cpdbv2-backend-VA82Wl8V-py3.7/lib/python3.7/site-packages/urllib3/connectionpool.py", line 392, in _make_request
    conn.request(method, url, **httplib_request_kw)
  File "/usr/local/lib/python3.7/http/client.py", line 1281, in request
    self._send_request(method, url, body, headers, encode_chunked)
  File "/usr/local/lib/python3.7/http/client.py", line 1327, in _send_request
    self.endheaders(body, encode_chunked=encode_chunked)
  File "/usr/local/lib/python3.7/http/client.py", line 1276, in endheaders
    self._send_output(message_body, encode_chunked=encode_chunked)
  File "/usr/local/lib/python3.7/http/client.py", line 1036, in _send_output
    self.send(msg)
  File "/usr/local/lib/python3.7/http/client.py", line 976, in send
    self.connect()
  File "/root/.cache/pypoetry/virtualenvs/cpdbv2-backend-VA82Wl8V-py3.7/lib/python3.7/site-packages/urllib3/connection.py", line 187, in connect
    conn = self._new_conn()
  File "/root/.cache/pypoetry/virtualenvs/cpdbv2-backend-VA82Wl8V-py3.7/lib/python3.7/site-packages/urllib3/connection.py", line 172, in _new_conn
    self, "Failed to establish a new connection: %s" % e
urllib3.exceptions.NewConnectionError: <urllib3.connection.HTTPConnection object at 0x7ff068e7b410>: Failed to establish a new connection: [Errno -2] Name or service not known
elasticsearch: DEBUG: > None
urllib3.util.retry: DEBUG: Converted retries value: False -> Retry(total=False, connect=None, read=None, redirect=0, status=None)
urllib3.connectionpool: DEBUG: Starting new HTTP connection (318): elasticsearch:9200
elasticsearch: WARNING: DELETE http://elasticsearch:9200/test_officers_c97d3965-996f-4fbb-b4a7-1038423423bd [status:N/A request:0.004s]
Traceback (most recent call last):
  File "/root/.cache/pypoetry/virtualenvs/cpdbv2-backend-VA82Wl8V-py3.7/lib/python3.7/site-packages/urllib3/connection.py", line 160, in _new_conn
    (self._dns_host, self.port), self.timeout, **extra_kw
  File "/root/.cache/pypoetry/virtualenvs/cpdbv2-backend-VA82Wl8V-py3.7/lib/python3.7/site-packages/urllib3/util/connection.py", line 61, in create_connection
    for res in socket.getaddrinfo(host, port, family, socket.SOCK_STREAM):
  File "/usr/local/lib/python3.7/socket.py", line 752, in getaddrinfo
    for res in _socket.getaddrinfo(host, port, family, type, proto, flags):
socket.gaierror: [Errno -2] Name or service not known

During handling of the above exception, another exception occurred:

Traceback (most recent call last):
  File "/root/.cache/pypoetry/virtualenvs/cpdbv2-backend-VA82Wl8V-py3.7/lib/python3.7/site-packages/elasticsearch/connection/http_urllib3.py", line 115, in perform_request
    response = self.pool.urlopen(method, url, body, retries=False, headers=self.headers, **kw)
  File "/root/.cache/pypoetry/virtualenvs/cpdbv2-backend-VA82Wl8V-py3.7/lib/python3.7/site-packages/urllib3/connectionpool.py", line 727, in urlopen
    method, url, error=e, _pool=self, _stacktrace=sys.exc_info()[2]
  File "/root/.cache/pypoetry/virtualenvs/cpdbv2-backend-VA82Wl8V-py3.7/lib/python3.7/site-packages/urllib3/util/retry.py", line 386, in increment
    raise six.reraise(type(error), error, _stacktrace)
  File "/root/.cache/pypoetry/virtualenvs/cpdbv2-backend-VA82Wl8V-py3.7/lib/python3.7/site-packages/urllib3/packages/six.py", line 735, in reraise
    raise value
  File "/root/.cache/pypoetry/virtualenvs/cpdbv2-backend-VA82Wl8V-py3.7/lib/python3.7/site-packages/urllib3/connectionpool.py", line 677, in urlopen
    chunked=chunked,
  File "/root/.cache/pypoetry/virtualenvs/cpdbv2-backend-VA82Wl8V-py3.7/lib/python3.7/site-packages/urllib3/connectionpool.py", line 392, in _make_request
    conn.request(method, url, **httplib_request_kw)
  File "/usr/local/lib/python3.7/http/client.py", line 1281, in request
    self._send_request(method, url, body, headers, encode_chunked)
  File "/usr/local/lib/python3.7/http/client.py", line 1327, in _send_request
    self.endheaders(body, encode_chunked=encode_chunked)
  File "/usr/local/lib/python3.7/http/client.py", line 1276, in endheaders
    self._send_output(message_body, encode_chunked=encode_chunked)
  File "/usr/local/lib/python3.7/http/client.py", line 1036, in _send_output
    self.send(msg)
  File "/usr/local/lib/python3.7/http/client.py", line 976, in send
    self.connect()
  File "/root/.cache/pypoetry/virtualenvs/cpdbv2-backend-VA82Wl8V-py3.7/lib/python3.7/site-packages/urllib3/connection.py", line 187, in connect
    conn = self._new_conn()
  File "/root/.cache/pypoetry/virtualenvs/cpdbv2-backend-VA82Wl8V-py3.7/lib/python3.7/site-packages/urllib3/connection.py", line 172, in _new_conn
    self, "Failed to establish a new connection: %s" % e
urllib3.exceptions.NewConnectionError: <urllib3.connection.HTTPConnection object at 0x7ff068e0e050>: Failed to establish a new connection: [Errno -2] Name or service not known
elasticsearch: DEBUG: > None
urllib3.util.retry: DEBUG: Converted retries value: False -> Retry(total=False, connect=None, read=None, redirect=0, status=None)
urllib3.connectionpool: DEBUG: Starting new HTTP connection (319): elasticsearch:9200
elasticsearch: WARNING: DELETE http://elasticsearch:9200/test_officers_c97d3965-996f-4fbb-b4a7-1038423423bd [status:N/A request:0.004s]
Traceback (most recent call last):
  File "/root/.cache/pypoetry/virtualenvs/cpdbv2-backend-VA82Wl8V-py3.7/lib/python3.7/site-packages/urllib3/connection.py", line 160, in _new_conn
    (self._dns_host, self.port), self.timeout, **extra_kw
  File "/root/.cache/pypoetry/virtualenvs/cpdbv2-backend-VA82Wl8V-py3.7/lib/python3.7/site-packages/urllib3/util/connection.py", line 61, in create_connection
    for res in socket.getaddrinfo(host, port, family, socket.SOCK_STREAM):
  File "/usr/local/lib/python3.7/socket.py", line 752, in getaddrinfo
    for res in _socket.getaddrinfo(host, port, family, type, proto, flags):
socket.gaierror: [Errno -2] Name or service not known

During handling of the above exception, another exception occurred:

Traceback (most recent call last):
  File "/root/.cache/pypoetry/virtualenvs/cpdbv2-backend-VA82Wl8V-py3.7/lib/python3.7/site-packages/elasticsearch/connection/http_urllib3.py", line 115, in perform_request
    response = self.pool.urlopen(method, url, body, retries=False, headers=self.headers, **kw)
  File "/root/.cache/pypoetry/virtualenvs/cpdbv2-backend-VA82Wl8V-py3.7/lib/python3.7/site-packages/urllib3/connectionpool.py", line 727, in urlopen
    method, url, error=e, _pool=self, _stacktrace=sys.exc_info()[2]
  File "/root/.cache/pypoetry/virtualenvs/cpdbv2-backend-VA82Wl8V-py3.7/lib/python3.7/site-packages/urllib3/util/retry.py", line 386, in increment
    raise six.reraise(type(error), error, _stacktrace)
  File "/root/.cache/pypoetry/virtualenvs/cpdbv2-backend-VA82Wl8V-py3.7/lib/python3.7/site-packages/urllib3/packages/six.py", line 735, in reraise
    raise value
  File "/root/.cache/pypoetry/virtualenvs/cpdbv2-backend-VA82Wl8V-py3.7/lib/python3.7/site-packages/urllib3/connectionpool.py", line 677, in urlopen
    chunked=chunked,
  File "/root/.cache/pypoetry/virtualenvs/cpdbv2-backend-VA82Wl8V-py3.7/lib/python3.7/site-packages/urllib3/connectionpool.py", line 392, in _make_request
    conn.request(method, url, **httplib_request_kw)
  File "/usr/local/lib/python3.7/http/client.py", line 1281, in request
    self._send_request(method, url, body, headers, encode_chunked)
  File "/usr/local/lib/python3.7/http/client.py", line 1327, in _send_request
    self.endheaders(body, encode_chunked=encode_chunked)
  File "/usr/local/lib/python3.7/http/client.py", line 1276, in endheaders
    self._send_output(message_body, encode_chunked=encode_chunked)
  File "/usr/local/lib/python3.7/http/client.py", line 1036, in _send_output
    self.send(msg)
  File "/usr/local/lib/python3.7/http/client.py", line 976, in send
    self.connect()
  File "/root/.cache/pypoetry/virtualenvs/cpdbv2-backend-VA82Wl8V-py3.7/lib/python3.7/site-packages/urllib3/connection.py", line 187, in connect
    conn = self._new_conn()
  File "/root/.cache/pypoetry/virtualenvs/cpdbv2-backend-VA82Wl8V-py3.7/lib/python3.7/site-packages/urllib3/connection.py", line 172, in _new_conn
    self, "Failed to establish a new connection: %s" % e
urllib3.exceptions.NewConnectionError: <urllib3.connection.HTTPConnection object at 0x7ff068e0e950>: Failed to establish a new connection: [Errno -2] Name or service not known
elasticsearch: DEBUG: > None
urllib3.util.retry: DEBUG: Converted retries value: False -> Retry(total=False, connect=None, read=None, redirect=0, status=None)
urllib3.connectionpool: DEBUG: Starting new HTTP connection (320): elasticsearch:9200
elasticsearch: WARNING: DELETE http://elasticsearch:9200/test_officers_c97d3965-996f-4fbb-b4a7-1038423423bd [status:N/A request:0.005s]
Traceback (most recent call last):
  File "/root/.cache/pypoetry/virtualenvs/cpdbv2-backend-VA82Wl8V-py3.7/lib/python3.7/site-packages/urllib3/connection.py", line 160, in _new_conn
    (self._dns_host, self.port), self.timeout, **extra_kw
  File "/root/.cache/pypoetry/virtualenvs/cpdbv2-backend-VA82Wl8V-py3.7/lib/python3.7/site-packages/urllib3/util/connection.py", line 61, in create_connection
    for res in socket.getaddrinfo(host, port, family, socket.SOCK_STREAM):
  File "/usr/local/lib/python3.7/socket.py", line 752, in getaddrinfo
    for res in _socket.getaddrinfo(host, port, family, type, proto, flags):
socket.gaierror: [Errno -2] Name or service not known

During handling of the above exception, another exception occurred:

Traceback (most recent call last):
  File "/root/.cache/pypoetry/virtualenvs/cpdbv2-backend-VA82Wl8V-py3.7/lib/python3.7/site-packages/elasticsearch/connection/http_urllib3.py", line 115, in perform_request
    response = self.pool.urlopen(method, url, body, retries=False, headers=self.headers, **kw)
  File "/root/.cache/pypoetry/virtualenvs/cpdbv2-backend-VA82Wl8V-py3.7/lib/python3.7/site-packages/urllib3/connectionpool.py", line 727, in urlopen
    method, url, error=e, _pool=self, _stacktrace=sys.exc_info()[2]
  File "/root/.cache/pypoetry/virtualenvs/cpdbv2-backend-VA82Wl8V-py3.7/lib/python3.7/site-packages/urllib3/util/retry.py", line 386, in increment
    raise six.reraise(type(error), error, _stacktrace)
  File "/root/.cache/pypoetry/virtualenvs/cpdbv2-backend-VA82Wl8V-py3.7/lib/python3.7/site-packages/urllib3/packages/six.py", line 735, in reraise
    raise value
  File "/root/.cache/pypoetry/virtualenvs/cpdbv2-backend-VA82Wl8V-py3.7/lib/python3.7/site-packages/urllib3/connectionpool.py", line 677, in urlopen
    chunked=chunked,
  File "/root/.cache/pypoetry/virtualenvs/cpdbv2-backend-VA82Wl8V-py3.7/lib/python3.7/site-packages/urllib3/connectionpool.py", line 392, in _make_request
    conn.request(method, url, **httplib_request_kw)
  File "/usr/local/lib/python3.7/http/client.py", line 1281, in request
    self._send_request(method, url, body, headers, encode_chunked)
  File "/usr/local/lib/python3.7/http/client.py", line 1327, in _send_request
    self.endheaders(body, encode_chunked=encode_chunked)
  File "/usr/local/lib/python3.7/http/client.py", line 1276, in endheaders
    self._send_output(message_body, encode_chunked=encode_chunked)
  File "/usr/local/lib/python3.7/http/client.py", line 1036, in _send_output
    self.send(msg)
  File "/usr/local/lib/python3.7/http/client.py", line 976, in send
    self.connect()
  File "/root/.cache/pypoetry/virtualenvs/cpdbv2-backend-VA82Wl8V-py3.7/lib/python3.7/site-packages/urllib3/connection.py", line 187, in connect
    conn = self._new_conn()
  File "/root/.cache/pypoetry/virtualenvs/cpdbv2-backend-VA82Wl8V-py3.7/lib/python3.7/site-packages/urllib3/connection.py", line 172, in _new_conn
    self, "Failed to establish a new connection: %s" % e
urllib3.exceptions.NewConnectionError: <urllib3.connection.HTTPConnection object at 0x7ff068e0e6d0>: Failed to establish a new connection: [Errno -2] Name or service not known
elasticsearch: DEBUG: > None
--------------------- >> end captured logging << ---------------------

======================================================================
ERROR: test_summary (officers.tests.views.test_views.OfficersViewSetTestCase)
----------------------------------------------------------------------
Traceback (most recent call last):
  File "/usr/src/app/cpdb/officers/tests/mixins.py", line 10, in setUp
    officers_index_alias.write_index.delete(ignore=404)
  File "/root/.cache/pypoetry/virtualenvs/cpdbv2-backend-VA82Wl8V-py3.7/lib/python3.7/site-packages/elasticsearch_dsl/index.py", line 222, in delete
    self.connection.indices.delete(index=self._name, **kwargs)
  File "/root/.cache/pypoetry/virtualenvs/cpdbv2-backend-VA82Wl8V-py3.7/lib/python3.7/site-packages/elasticsearch/client/utils.py", line 73, in _wrapped
    return func(*args, params=params, **kwargs)
  File "/root/.cache/pypoetry/virtualenvs/cpdbv2-backend-VA82Wl8V-py3.7/lib/python3.7/site-packages/elasticsearch/client/indices.py", line 200, in delete
    params=params)
  File "/root/.cache/pypoetry/virtualenvs/cpdbv2-backend-VA82Wl8V-py3.7/lib/python3.7/site-packages/elasticsearch/transport.py", line 312, in perform_request
    status, headers, data = connection.perform_request(method, url, params, body, ignore=ignore, timeout=timeout)
  File "/root/.cache/pypoetry/virtualenvs/cpdbv2-backend-VA82Wl8V-py3.7/lib/python3.7/site-packages/elasticsearch/connection/http_urllib3.py", line 124, in perform_request
    raise ConnectionError('N/A', str(e), e)
elasticsearch.exceptions.ConnectionError: ConnectionError(<urllib3.connection.HTTPConnection object at 0x7ff068dfa590>: Failed to establish a new connection: [Errno -2] Name or service not known) caused by: NewConnectionError(<urllib3.connection.HTTPConnection object at 0x7ff068dfa590>: Failed to establish a new connection: [Errno -2] Name or service not known)
-------------------- >> begin captured logging << --------------------
urllib3.util.retry: DEBUG: Converted retries value: False -> Retry(total=False, connect=None, read=None, redirect=0, status=None)
urllib3.connectionpool: DEBUG: Starting new HTTP connection (321): elasticsearch:9200
elasticsearch: WARNING: DELETE http://elasticsearch:9200/test_officers_c97d3965-996f-4fbb-b4a7-1038423423bd [status:N/A request:0.005s]
Traceback (most recent call last):
  File "/root/.cache/pypoetry/virtualenvs/cpdbv2-backend-VA82Wl8V-py3.7/lib/python3.7/site-packages/urllib3/connection.py", line 160, in _new_conn
    (self._dns_host, self.port), self.timeout, **extra_kw
  File "/root/.cache/pypoetry/virtualenvs/cpdbv2-backend-VA82Wl8V-py3.7/lib/python3.7/site-packages/urllib3/util/connection.py", line 61, in create_connection
    for res in socket.getaddrinfo(host, port, family, socket.SOCK_STREAM):
  File "/usr/local/lib/python3.7/socket.py", line 752, in getaddrinfo
    for res in _socket.getaddrinfo(host, port, family, type, proto, flags):
socket.gaierror: [Errno -2] Name or service not known

During handling of the above exception, another exception occurred:

Traceback (most recent call last):
  File "/root/.cache/pypoetry/virtualenvs/cpdbv2-backend-VA82Wl8V-py3.7/lib/python3.7/site-packages/elasticsearch/connection/http_urllib3.py", line 115, in perform_request
    response = self.pool.urlopen(method, url, body, retries=False, headers=self.headers, **kw)
  File "/root/.cache/pypoetry/virtualenvs/cpdbv2-backend-VA82Wl8V-py3.7/lib/python3.7/site-packages/urllib3/connectionpool.py", line 727, in urlopen
    method, url, error=e, _pool=self, _stacktrace=sys.exc_info()[2]
  File "/root/.cache/pypoetry/virtualenvs/cpdbv2-backend-VA82Wl8V-py3.7/lib/python3.7/site-packages/urllib3/util/retry.py", line 386, in increment
    raise six.reraise(type(error), error, _stacktrace)
  File "/root/.cache/pypoetry/virtualenvs/cpdbv2-backend-VA82Wl8V-py3.7/lib/python3.7/site-packages/urllib3/packages/six.py", line 735, in reraise
    raise value
  File "/root/.cache/pypoetry/virtualenvs/cpdbv2-backend-VA82Wl8V-py3.7/lib/python3.7/site-packages/urllib3/connectionpool.py", line 677, in urlopen
    chunked=chunked,
  File "/root/.cache/pypoetry/virtualenvs/cpdbv2-backend-VA82Wl8V-py3.7/lib/python3.7/site-packages/urllib3/connectionpool.py", line 392, in _make_request
    conn.request(method, url, **httplib_request_kw)
  File "/usr/local/lib/python3.7/http/client.py", line 1281, in request
    self._send_request(method, url, body, headers, encode_chunked)
  File "/usr/local/lib/python3.7/http/client.py", line 1327, in _send_request
    self.endheaders(body, encode_chunked=encode_chunked)
  File "/usr/local/lib/python3.7/http/client.py", line 1276, in endheaders
    self._send_output(message_body, encode_chunked=encode_chunked)
  File "/usr/local/lib/python3.7/http/client.py", line 1036, in _send_output
    self.send(msg)
  File "/usr/local/lib/python3.7/http/client.py", line 976, in send
    self.connect()
  File "/root/.cache/pypoetry/virtualenvs/cpdbv2-backend-VA82Wl8V-py3.7/lib/python3.7/site-packages/urllib3/connection.py", line 187, in connect
    conn = self._new_conn()
  File "/root/.cache/pypoetry/virtualenvs/cpdbv2-backend-VA82Wl8V-py3.7/lib/python3.7/site-packages/urllib3/connection.py", line 172, in _new_conn
    self, "Failed to establish a new connection: %s" % e
urllib3.exceptions.NewConnectionError: <urllib3.connection.HTTPConnection object at 0x7ff068ee1d50>: Failed to establish a new connection: [Errno -2] Name or service not known
elasticsearch: DEBUG: > None
urllib3.util.retry: DEBUG: Converted retries value: False -> Retry(total=False, connect=None, read=None, redirect=0, status=None)
urllib3.connectionpool: DEBUG: Starting new HTTP connection (322): elasticsearch:9200
elasticsearch: WARNING: DELETE http://elasticsearch:9200/test_officers_c97d3965-996f-4fbb-b4a7-1038423423bd [status:N/A request:0.005s]
Traceback (most recent call last):
  File "/root/.cache/pypoetry/virtualenvs/cpdbv2-backend-VA82Wl8V-py3.7/lib/python3.7/site-packages/urllib3/connection.py", line 160, in _new_conn
    (self._dns_host, self.port), self.timeout, **extra_kw
  File "/root/.cache/pypoetry/virtualenvs/cpdbv2-backend-VA82Wl8V-py3.7/lib/python3.7/site-packages/urllib3/util/connection.py", line 61, in create_connection
    for res in socket.getaddrinfo(host, port, family, socket.SOCK_STREAM):
  File "/usr/local/lib/python3.7/socket.py", line 752, in getaddrinfo
    for res in _socket.getaddrinfo(host, port, family, type, proto, flags):
socket.gaierror: [Errno -2] Name or service not known

During handling of the above exception, another exception occurred:

Traceback (most recent call last):
  File "/root/.cache/pypoetry/virtualenvs/cpdbv2-backend-VA82Wl8V-py3.7/lib/python3.7/site-packages/elasticsearch/connection/http_urllib3.py", line 115, in perform_request
    response = self.pool.urlopen(method, url, body, retries=False, headers=self.headers, **kw)
  File "/root/.cache/pypoetry/virtualenvs/cpdbv2-backend-VA82Wl8V-py3.7/lib/python3.7/site-packages/urllib3/connectionpool.py", line 727, in urlopen
    method, url, error=e, _pool=self, _stacktrace=sys.exc_info()[2]
  File "/root/.cache/pypoetry/virtualenvs/cpdbv2-backend-VA82Wl8V-py3.7/lib/python3.7/site-packages/urllib3/util/retry.py", line 386, in increment
    raise six.reraise(type(error), error, _stacktrace)
  File "/root/.cache/pypoetry/virtualenvs/cpdbv2-backend-VA82Wl8V-py3.7/lib/python3.7/site-packages/urllib3/packages/six.py", line 735, in reraise
    raise value
  File "/root/.cache/pypoetry/virtualenvs/cpdbv2-backend-VA82Wl8V-py3.7/lib/python3.7/site-packages/urllib3/connectionpool.py", line 677, in urlopen
    chunked=chunked,
  File "/root/.cache/pypoetry/virtualenvs/cpdbv2-backend-VA82Wl8V-py3.7/lib/python3.7/site-packages/urllib3/connectionpool.py", line 392, in _make_request
    conn.request(method, url, **httplib_request_kw)
  File "/usr/local/lib/python3.7/http/client.py", line 1281, in request
    self._send_request(method, url, body, headers, encode_chunked)
  File "/usr/local/lib/python3.7/http/client.py", line 1327, in _send_request
    self.endheaders(body, encode_chunked=encode_chunked)
  File "/usr/local/lib/python3.7/http/client.py", line 1276, in endheaders
    self._send_output(message_body, encode_chunked=encode_chunked)
  File "/usr/local/lib/python3.7/http/client.py", line 1036, in _send_output
    self.send(msg)
  File "/usr/local/lib/python3.7/http/client.py", line 976, in send
    self.connect()
  File "/root/.cache/pypoetry/virtualenvs/cpdbv2-backend-VA82Wl8V-py3.7/lib/python3.7/site-packages/urllib3/connection.py", line 187, in connect
    conn = self._new_conn()
  File "/root/.cache/pypoetry/virtualenvs/cpdbv2-backend-VA82Wl8V-py3.7/lib/python3.7/site-packages/urllib3/connection.py", line 172, in _new_conn
    self, "Failed to establish a new connection: %s" % e
urllib3.exceptions.NewConnectionError: <urllib3.connection.HTTPConnection object at 0x7ff068eacf50>: Failed to establish a new connection: [Errno -2] Name or service not known
elasticsearch: DEBUG: > None
urllib3.util.retry: DEBUG: Converted retries value: False -> Retry(total=False, connect=None, read=None, redirect=0, status=None)
urllib3.connectionpool: DEBUG: Starting new HTTP connection (323): elasticsearch:9200
elasticsearch: WARNING: DELETE http://elasticsearch:9200/test_officers_c97d3965-996f-4fbb-b4a7-1038423423bd [status:N/A request:0.005s]
Traceback (most recent call last):
  File "/root/.cache/pypoetry/virtualenvs/cpdbv2-backend-VA82Wl8V-py3.7/lib/python3.7/site-packages/urllib3/connection.py", line 160, in _new_conn
    (self._dns_host, self.port), self.timeout, **extra_kw
  File "/root/.cache/pypoetry/virtualenvs/cpdbv2-backend-VA82Wl8V-py3.7/lib/python3.7/site-packages/urllib3/util/connection.py", line 61, in create_connection
    for res in socket.getaddrinfo(host, port, family, socket.SOCK_STREAM):
  File "/usr/local/lib/python3.7/socket.py", line 752, in getaddrinfo
    for res in _socket.getaddrinfo(host, port, family, type, proto, flags):
socket.gaierror: [Errno -2] Name or service not known

During handling of the above exception, another exception occurred:

Traceback (most recent call last):
  File "/root/.cache/pypoetry/virtualenvs/cpdbv2-backend-VA82Wl8V-py3.7/lib/python3.7/site-packages/elasticsearch/connection/http_urllib3.py", line 115, in perform_request
    response = self.pool.urlopen(method, url, body, retries=False, headers=self.headers, **kw)
  File "/root/.cache/pypoetry/virtualenvs/cpdbv2-backend-VA82Wl8V-py3.7/lib/python3.7/site-packages/urllib3/connectionpool.py", line 727, in urlopen
    method, url, error=e, _pool=self, _stacktrace=sys.exc_info()[2]
  File "/root/.cache/pypoetry/virtualenvs/cpdbv2-backend-VA82Wl8V-py3.7/lib/python3.7/site-packages/urllib3/util/retry.py", line 386, in increment
    raise six.reraise(type(error), error, _stacktrace)
  File "/root/.cache/pypoetry/virtualenvs/cpdbv2-backend-VA82Wl8V-py3.7/lib/python3.7/site-packages/urllib3/packages/six.py", line 735, in reraise
    raise value
  File "/root/.cache/pypoetry/virtualenvs/cpdbv2-backend-VA82Wl8V-py3.7/lib/python3.7/site-packages/urllib3/connectionpool.py", line 677, in urlopen
    chunked=chunked,
  File "/root/.cache/pypoetry/virtualenvs/cpdbv2-backend-VA82Wl8V-py3.7/lib/python3.7/site-packages/urllib3/connectionpool.py", line 392, in _make_request
    conn.request(method, url, **httplib_request_kw)
  File "/usr/local/lib/python3.7/http/client.py", line 1281, in request
    self._send_request(method, url, body, headers, encode_chunked)
  File "/usr/local/lib/python3.7/http/client.py", line 1327, in _send_request
    self.endheaders(body, encode_chunked=encode_chunked)
  File "/usr/local/lib/python3.7/http/client.py", line 1276, in endheaders
    self._send_output(message_body, encode_chunked=encode_chunked)
  File "/usr/local/lib/python3.7/http/client.py", line 1036, in _send_output
    self.send(msg)
  File "/usr/local/lib/python3.7/http/client.py", line 976, in send
    self.connect()
  File "/root/.cache/pypoetry/virtualenvs/cpdbv2-backend-VA82Wl8V-py3.7/lib/python3.7/site-packages/urllib3/connection.py", line 187, in connect
    conn = self._new_conn()
  File "/root/.cache/pypoetry/virtualenvs/cpdbv2-backend-VA82Wl8V-py3.7/lib/python3.7/site-packages/urllib3/connection.py", line 172, in _new_conn
    self, "Failed to establish a new connection: %s" % e
urllib3.exceptions.NewConnectionError: <urllib3.connection.HTTPConnection object at 0x7ff068eac850>: Failed to establish a new connection: [Errno -2] Name or service not known
elasticsearch: DEBUG: > None
urllib3.util.retry: DEBUG: Converted retries value: False -> Retry(total=False, connect=None, read=None, redirect=0, status=None)
urllib3.connectionpool: DEBUG: Starting new HTTP connection (324): elasticsearch:9200
elasticsearch: WARNING: DELETE http://elasticsearch:9200/test_officers_c97d3965-996f-4fbb-b4a7-1038423423bd [status:N/A request:0.004s]
Traceback (most recent call last):
  File "/root/.cache/pypoetry/virtualenvs/cpdbv2-backend-VA82Wl8V-py3.7/lib/python3.7/site-packages/urllib3/connection.py", line 160, in _new_conn
    (self._dns_host, self.port), self.timeout, **extra_kw
  File "/root/.cache/pypoetry/virtualenvs/cpdbv2-backend-VA82Wl8V-py3.7/lib/python3.7/site-packages/urllib3/util/connection.py", line 61, in create_connection
    for res in socket.getaddrinfo(host, port, family, socket.SOCK_STREAM):
  File "/usr/local/lib/python3.7/socket.py", line 752, in getaddrinfo
    for res in _socket.getaddrinfo(host, port, family, type, proto, flags):
socket.gaierror: [Errno -2] Name or service not known

During handling of the above exception, another exception occurred:

Traceback (most recent call last):
  File "/root/.cache/pypoetry/virtualenvs/cpdbv2-backend-VA82Wl8V-py3.7/lib/python3.7/site-packages/elasticsearch/connection/http_urllib3.py", line 115, in perform_request
    response = self.pool.urlopen(method, url, body, retries=False, headers=self.headers, **kw)
  File "/root/.cache/pypoetry/virtualenvs/cpdbv2-backend-VA82Wl8V-py3.7/lib/python3.7/site-packages/urllib3/connectionpool.py", line 727, in urlopen
    method, url, error=e, _pool=self, _stacktrace=sys.exc_info()[2]
  File "/root/.cache/pypoetry/virtualenvs/cpdbv2-backend-VA82Wl8V-py3.7/lib/python3.7/site-packages/urllib3/util/retry.py", line 386, in increment
    raise six.reraise(type(error), error, _stacktrace)
  File "/root/.cache/pypoetry/virtualenvs/cpdbv2-backend-VA82Wl8V-py3.7/lib/python3.7/site-packages/urllib3/packages/six.py", line 735, in reraise
    raise value
  File "/root/.cache/pypoetry/virtualenvs/cpdbv2-backend-VA82Wl8V-py3.7/lib/python3.7/site-packages/urllib3/connectionpool.py", line 677, in urlopen
    chunked=chunked,
  File "/root/.cache/pypoetry/virtualenvs/cpdbv2-backend-VA82Wl8V-py3.7/lib/python3.7/site-packages/urllib3/connectionpool.py", line 392, in _make_request
    conn.request(method, url, **httplib_request_kw)
  File "/usr/local/lib/python3.7/http/client.py", line 1281, in request
    self._send_request(method, url, body, headers, encode_chunked)
  File "/usr/local/lib/python3.7/http/client.py", line 1327, in _send_request
    self.endheaders(body, encode_chunked=encode_chunked)
  File "/usr/local/lib/python3.7/http/client.py", line 1276, in endheaders
    self._send_output(message_body, encode_chunked=encode_chunked)
  File "/usr/local/lib/python3.7/http/client.py", line 1036, in _send_output
    self.send(msg)
  File "/usr/local/lib/python3.7/http/client.py", line 976, in send
    self.connect()
  File "/root/.cache/pypoetry/virtualenvs/cpdbv2-backend-VA82Wl8V-py3.7/lib/python3.7/site-packages/urllib3/connection.py", line 187, in connect
    conn = self._new_conn()
  File "/root/.cache/pypoetry/virtualenvs/cpdbv2-backend-VA82Wl8V-py3.7/lib/python3.7/site-packages/urllib3/connection.py", line 172, in _new_conn
    self, "Failed to establish a new connection: %s" % e
urllib3.exceptions.NewConnectionError: <urllib3.connection.HTTPConnection object at 0x7ff068dfa590>: Failed to establish a new connection: [Errno -2] Name or service not known
elasticsearch: DEBUG: > None
--------------------- >> end captured logging << ---------------------

======================================================================
ERROR: test_summary_no_match (officers.tests.views.test_views.OfficersViewSetTestCase)
----------------------------------------------------------------------
Traceback (most recent call last):
  File "/usr/src/app/cpdb/officers/tests/mixins.py", line 10, in setUp
    officers_index_alias.write_index.delete(ignore=404)
  File "/root/.cache/pypoetry/virtualenvs/cpdbv2-backend-VA82Wl8V-py3.7/lib/python3.7/site-packages/elasticsearch_dsl/index.py", line 222, in delete
    self.connection.indices.delete(index=self._name, **kwargs)
  File "/root/.cache/pypoetry/virtualenvs/cpdbv2-backend-VA82Wl8V-py3.7/lib/python3.7/site-packages/elasticsearch/client/utils.py", line 73, in _wrapped
    return func(*args, params=params, **kwargs)
  File "/root/.cache/pypoetry/virtualenvs/cpdbv2-backend-VA82Wl8V-py3.7/lib/python3.7/site-packages/elasticsearch/client/indices.py", line 200, in delete
    params=params)
  File "/root/.cache/pypoetry/virtualenvs/cpdbv2-backend-VA82Wl8V-py3.7/lib/python3.7/site-packages/elasticsearch/transport.py", line 312, in perform_request
    status, headers, data = connection.perform_request(method, url, params, body, ignore=ignore, timeout=timeout)
  File "/root/.cache/pypoetry/virtualenvs/cpdbv2-backend-VA82Wl8V-py3.7/lib/python3.7/site-packages/elasticsearch/connection/http_urllib3.py", line 124, in perform_request
    raise ConnectionError('N/A', str(e), e)
elasticsearch.exceptions.ConnectionError: ConnectionError(<urllib3.connection.HTTPConnection object at 0x7ff068ee7510>: Failed to establish a new connection: [Errno -2] Name or service not known) caused by: NewConnectionError(<urllib3.connection.HTTPConnection object at 0x7ff068ee7510>: Failed to establish a new connection: [Errno -2] Name or service not known)
-------------------- >> begin captured logging << --------------------
urllib3.util.retry: DEBUG: Converted retries value: False -> Retry(total=False, connect=None, read=None, redirect=0, status=None)
urllib3.connectionpool: DEBUG: Starting new HTTP connection (325): elasticsearch:9200
elasticsearch: WARNING: DELETE http://elasticsearch:9200/test_officers_c97d3965-996f-4fbb-b4a7-1038423423bd [status:N/A request:0.005s]
Traceback (most recent call last):
  File "/root/.cache/pypoetry/virtualenvs/cpdbv2-backend-VA82Wl8V-py3.7/lib/python3.7/site-packages/urllib3/connection.py", line 160, in _new_conn
    (self._dns_host, self.port), self.timeout, **extra_kw
  File "/root/.cache/pypoetry/virtualenvs/cpdbv2-backend-VA82Wl8V-py3.7/lib/python3.7/site-packages/urllib3/util/connection.py", line 61, in create_connection
    for res in socket.getaddrinfo(host, port, family, socket.SOCK_STREAM):
  File "/usr/local/lib/python3.7/socket.py", line 752, in getaddrinfo
    for res in _socket.getaddrinfo(host, port, family, type, proto, flags):
socket.gaierror: [Errno -2] Name or service not known

During handling of the above exception, another exception occurred:

Traceback (most recent call last):
  File "/root/.cache/pypoetry/virtualenvs/cpdbv2-backend-VA82Wl8V-py3.7/lib/python3.7/site-packages/elasticsearch/connection/http_urllib3.py", line 115, in perform_request
    response = self.pool.urlopen(method, url, body, retries=False, headers=self.headers, **kw)
  File "/root/.cache/pypoetry/virtualenvs/cpdbv2-backend-VA82Wl8V-py3.7/lib/python3.7/site-packages/urllib3/connectionpool.py", line 727, in urlopen
    method, url, error=e, _pool=self, _stacktrace=sys.exc_info()[2]
  File "/root/.cache/pypoetry/virtualenvs/cpdbv2-backend-VA82Wl8V-py3.7/lib/python3.7/site-packages/urllib3/util/retry.py", line 386, in increment
    raise six.reraise(type(error), error, _stacktrace)
  File "/root/.cache/pypoetry/virtualenvs/cpdbv2-backend-VA82Wl8V-py3.7/lib/python3.7/site-packages/urllib3/packages/six.py", line 735, in reraise
    raise value
  File "/root/.cache/pypoetry/virtualenvs/cpdbv2-backend-VA82Wl8V-py3.7/lib/python3.7/site-packages/urllib3/connectionpool.py", line 677, in urlopen
    chunked=chunked,
  File "/root/.cache/pypoetry/virtualenvs/cpdbv2-backend-VA82Wl8V-py3.7/lib/python3.7/site-packages/urllib3/connectionpool.py", line 392, in _make_request
    conn.request(method, url, **httplib_request_kw)
  File "/usr/local/lib/python3.7/http/client.py", line 1281, in request
    self._send_request(method, url, body, headers, encode_chunked)
  File "/usr/local/lib/python3.7/http/client.py", line 1327, in _send_request
    self.endheaders(body, encode_chunked=encode_chunked)
  File "/usr/local/lib/python3.7/http/client.py", line 1276, in endheaders
    self._send_output(message_body, encode_chunked=encode_chunked)
  File "/usr/local/lib/python3.7/http/client.py", line 1036, in _send_output
    self.send(msg)
  File "/usr/local/lib/python3.7/http/client.py", line 976, in send
    self.connect()
  File "/root/.cache/pypoetry/virtualenvs/cpdbv2-backend-VA82Wl8V-py3.7/lib/python3.7/site-packages/urllib3/connection.py", line 187, in connect
    conn = self._new_conn()
  File "/root/.cache/pypoetry/virtualenvs/cpdbv2-backend-VA82Wl8V-py3.7/lib/python3.7/site-packages/urllib3/connection.py", line 172, in _new_conn
    self, "Failed to establish a new connection: %s" % e
urllib3.exceptions.NewConnectionError: <urllib3.connection.HTTPConnection object at 0x7ff068dfab10>: Failed to establish a new connection: [Errno -2] Name or service not known
elasticsearch: DEBUG: > None
urllib3.util.retry: DEBUG: Converted retries value: False -> Retry(total=False, connect=None, read=None, redirect=0, status=None)
urllib3.connectionpool: DEBUG: Starting new HTTP connection (326): elasticsearch:9200
elasticsearch: WARNING: DELETE http://elasticsearch:9200/test_officers_c97d3965-996f-4fbb-b4a7-1038423423bd [status:N/A request:0.004s]
Traceback (most recent call last):
  File "/root/.cache/pypoetry/virtualenvs/cpdbv2-backend-VA82Wl8V-py3.7/lib/python3.7/site-packages/urllib3/connection.py", line 160, in _new_conn
    (self._dns_host, self.port), self.timeout, **extra_kw
  File "/root/.cache/pypoetry/virtualenvs/cpdbv2-backend-VA82Wl8V-py3.7/lib/python3.7/site-packages/urllib3/util/connection.py", line 61, in create_connection
    for res in socket.getaddrinfo(host, port, family, socket.SOCK_STREAM):
  File "/usr/local/lib/python3.7/socket.py", line 752, in getaddrinfo
    for res in _socket.getaddrinfo(host, port, family, type, proto, flags):
socket.gaierror: [Errno -2] Name or service not known

During handling of the above exception, another exception occurred:

Traceback (most recent call last):
  File "/root/.cache/pypoetry/virtualenvs/cpdbv2-backend-VA82Wl8V-py3.7/lib/python3.7/site-packages/elasticsearch/connection/http_urllib3.py", line 115, in perform_request
    response = self.pool.urlopen(method, url, body, retries=False, headers=self.headers, **kw)
  File "/root/.cache/pypoetry/virtualenvs/cpdbv2-backend-VA82Wl8V-py3.7/lib/python3.7/site-packages/urllib3/connectionpool.py", line 727, in urlopen
    method, url, error=e, _pool=self, _stacktrace=sys.exc_info()[2]
  File "/root/.cache/pypoetry/virtualenvs/cpdbv2-backend-VA82Wl8V-py3.7/lib/python3.7/site-packages/urllib3/util/retry.py", line 386, in increment
    raise six.reraise(type(error), error, _stacktrace)
  File "/root/.cache/pypoetry/virtualenvs/cpdbv2-backend-VA82Wl8V-py3.7/lib/python3.7/site-packages/urllib3/packages/six.py", line 735, in reraise
    raise value
  File "/root/.cache/pypoetry/virtualenvs/cpdbv2-backend-VA82Wl8V-py3.7/lib/python3.7/site-packages/urllib3/connectionpool.py", line 677, in urlopen
    chunked=chunked,
  File "/root/.cache/pypoetry/virtualenvs/cpdbv2-backend-VA82Wl8V-py3.7/lib/python3.7/site-packages/urllib3/connectionpool.py", line 392, in _make_request
    conn.request(method, url, **httplib_request_kw)
  File "/usr/local/lib/python3.7/http/client.py", line 1281, in request
    self._send_request(method, url, body, headers, encode_chunked)
  File "/usr/local/lib/python3.7/http/client.py", line 1327, in _send_request
    self.endheaders(body, encode_chunked=encode_chunked)
  File "/usr/local/lib/python3.7/http/client.py", line 1276, in endheaders
    self._send_output(message_body, encode_chunked=encode_chunked)
  File "/usr/local/lib/python3.7/http/client.py", line 1036, in _send_output
    self.send(msg)
  File "/usr/local/lib/python3.7/http/client.py", line 976, in send
    self.connect()
  File "/root/.cache/pypoetry/virtualenvs/cpdbv2-backend-VA82Wl8V-py3.7/lib/python3.7/site-packages/urllib3/connection.py", line 187, in connect
    conn = self._new_conn()
  File "/root/.cache/pypoetry/virtualenvs/cpdbv2-backend-VA82Wl8V-py3.7/lib/python3.7/site-packages/urllib3/connection.py", line 172, in _new_conn
    self, "Failed to establish a new connection: %s" % e
urllib3.exceptions.NewConnectionError: <urllib3.connection.HTTPConnection object at 0x7ff068ea0e50>: Failed to establish a new connection: [Errno -2] Name or service not known
elasticsearch: DEBUG: > None
urllib3.util.retry: DEBUG: Converted retries value: False -> Retry(total=False, connect=None, read=None, redirect=0, status=None)
urllib3.connectionpool: DEBUG: Starting new HTTP connection (327): elasticsearch:9200
elasticsearch: WARNING: DELETE http://elasticsearch:9200/test_officers_c97d3965-996f-4fbb-b4a7-1038423423bd [status:N/A request:0.004s]
Traceback (most recent call last):
  File "/root/.cache/pypoetry/virtualenvs/cpdbv2-backend-VA82Wl8V-py3.7/lib/python3.7/site-packages/urllib3/connection.py", line 160, in _new_conn
    (self._dns_host, self.port), self.timeout, **extra_kw
  File "/root/.cache/pypoetry/virtualenvs/cpdbv2-backend-VA82Wl8V-py3.7/lib/python3.7/site-packages/urllib3/util/connection.py", line 61, in create_connection
    for res in socket.getaddrinfo(host, port, family, socket.SOCK_STREAM):
  File "/usr/local/lib/python3.7/socket.py", line 752, in getaddrinfo
    for res in _socket.getaddrinfo(host, port, family, type, proto, flags):
socket.gaierror: [Errno -2] Name or service not known

During handling of the above exception, another exception occurred:

Traceback (most recent call last):
  File "/root/.cache/pypoetry/virtualenvs/cpdbv2-backend-VA82Wl8V-py3.7/lib/python3.7/site-packages/elasticsearch/connection/http_urllib3.py", line 115, in perform_request
    response = self.pool.urlopen(method, url, body, retries=False, headers=self.headers, **kw)
  File "/root/.cache/pypoetry/virtualenvs/cpdbv2-backend-VA82Wl8V-py3.7/lib/python3.7/site-packages/urllib3/connectionpool.py", line 727, in urlopen
    method, url, error=e, _pool=self, _stacktrace=sys.exc_info()[2]
  File "/root/.cache/pypoetry/virtualenvs/cpdbv2-backend-VA82Wl8V-py3.7/lib/python3.7/site-packages/urllib3/util/retry.py", line 386, in increment
    raise six.reraise(type(error), error, _stacktrace)
  File "/root/.cache/pypoetry/virtualenvs/cpdbv2-backend-VA82Wl8V-py3.7/lib/python3.7/site-packages/urllib3/packages/six.py", line 735, in reraise
    raise value
  File "/root/.cache/pypoetry/virtualenvs/cpdbv2-backend-VA82Wl8V-py3.7/lib/python3.7/site-packages/urllib3/connectionpool.py", line 677, in urlopen
    chunked=chunked,
  File "/root/.cache/pypoetry/virtualenvs/cpdbv2-backend-VA82Wl8V-py3.7/lib/python3.7/site-packages/urllib3/connectionpool.py", line 392, in _make_request
    conn.request(method, url, **httplib_request_kw)
  File "/usr/local/lib/python3.7/http/client.py", line 1281, in request
    self._send_request(method, url, body, headers, encode_chunked)
  File "/usr/local/lib/python3.7/http/client.py", line 1327, in _send_request
    self.endheaders(body, encode_chunked=encode_chunked)
  File "/usr/local/lib/python3.7/http/client.py", line 1276, in endheaders
    self._send_output(message_body, encode_chunked=encode_chunked)
  File "/usr/local/lib/python3.7/http/client.py", line 1036, in _send_output
    self.send(msg)
  File "/usr/local/lib/python3.7/http/client.py", line 976, in send
    self.connect()
  File "/root/.cache/pypoetry/virtualenvs/cpdbv2-backend-VA82Wl8V-py3.7/lib/python3.7/site-packages/urllib3/connection.py", line 187, in connect
    conn = self._new_conn()
  File "/root/.cache/pypoetry/virtualenvs/cpdbv2-backend-VA82Wl8V-py3.7/lib/python3.7/site-packages/urllib3/connection.py", line 172, in _new_conn
    self, "Failed to establish a new connection: %s" % e
urllib3.exceptions.NewConnectionError: <urllib3.connection.HTTPConnection object at 0x7ff068ea0350>: Failed to establish a new connection: [Errno -2] Name or service not known
elasticsearch: DEBUG: > None
urllib3.util.retry: DEBUG: Converted retries value: False -> Retry(total=False, connect=None, read=None, redirect=0, status=None)
urllib3.connectionpool: DEBUG: Starting new HTTP connection (328): elasticsearch:9200
elasticsearch: WARNING: DELETE http://elasticsearch:9200/test_officers_c97d3965-996f-4fbb-b4a7-1038423423bd [status:N/A request:0.004s]
Traceback (most recent call last):
  File "/root/.cache/pypoetry/virtualenvs/cpdbv2-backend-VA82Wl8V-py3.7/lib/python3.7/site-packages/urllib3/connection.py", line 160, in _new_conn
    (self._dns_host, self.port), self.timeout, **extra_kw
  File "/root/.cache/pypoetry/virtualenvs/cpdbv2-backend-VA82Wl8V-py3.7/lib/python3.7/site-packages/urllib3/util/connection.py", line 61, in create_connection
    for res in socket.getaddrinfo(host, port, family, socket.SOCK_STREAM):
  File "/usr/local/lib/python3.7/socket.py", line 752, in getaddrinfo
    for res in _socket.getaddrinfo(host, port, family, type, proto, flags):
socket.gaierror: [Errno -2] Name or service not known

During handling of the above exception, another exception occurred:

Traceback (most recent call last):
  File "/root/.cache/pypoetry/virtualenvs/cpdbv2-backend-VA82Wl8V-py3.7/lib/python3.7/site-packages/elasticsearch/connection/http_urllib3.py", line 115, in perform_request
    response = self.pool.urlopen(method, url, body, retries=False, headers=self.headers, **kw)
  File "/root/.cache/pypoetry/virtualenvs/cpdbv2-backend-VA82Wl8V-py3.7/lib/python3.7/site-packages/urllib3/connectionpool.py", line 727, in urlopen
    method, url, error=e, _pool=self, _stacktrace=sys.exc_info()[2]
  File "/root/.cache/pypoetry/virtualenvs/cpdbv2-backend-VA82Wl8V-py3.7/lib/python3.7/site-packages/urllib3/util/retry.py", line 386, in increment
    raise six.reraise(type(error), error, _stacktrace)
  File "/root/.cache/pypoetry/virtualenvs/cpdbv2-backend-VA82Wl8V-py3.7/lib/python3.7/site-packages/urllib3/packages/six.py", line 735, in reraise
    raise value
  File "/root/.cache/pypoetry/virtualenvs/cpdbv2-backend-VA82Wl8V-py3.7/lib/python3.7/site-packages/urllib3/connectionpool.py", line 677, in urlopen
    chunked=chunked,
  File "/root/.cache/pypoetry/virtualenvs/cpdbv2-backend-VA82Wl8V-py3.7/lib/python3.7/site-packages/urllib3/connectionpool.py", line 392, in _make_request
    conn.request(method, url, **httplib_request_kw)
  File "/usr/local/lib/python3.7/http/client.py", line 1281, in request
    self._send_request(method, url, body, headers, encode_chunked)
  File "/usr/local/lib/python3.7/http/client.py", line 1327, in _send_request
    self.endheaders(body, encode_chunked=encode_chunked)
  File "/usr/local/lib/python3.7/http/client.py", line 1276, in endheaders
    self._send_output(message_body, encode_chunked=encode_chunked)
  File "/usr/local/lib/python3.7/http/client.py", line 1036, in _send_output
    self.send(msg)
  File "/usr/local/lib/python3.7/http/client.py", line 976, in send
    self.connect()
  File "/root/.cache/pypoetry/virtualenvs/cpdbv2-backend-VA82Wl8V-py3.7/lib/python3.7/site-packages/urllib3/connection.py", line 187, in connect
    conn = self._new_conn()
  File "/root/.cache/pypoetry/virtualenvs/cpdbv2-backend-VA82Wl8V-py3.7/lib/python3.7/site-packages/urllib3/connection.py", line 172, in _new_conn
    self, "Failed to establish a new connection: %s" % e
urllib3.exceptions.NewConnectionError: <urllib3.connection.HTTPConnection object at 0x7ff068ee7510>: Failed to establish a new connection: [Errno -2] Name or service not known
elasticsearch: DEBUG: > None
--------------------- >> end captured logging << ---------------------

======================================================================
ERROR: test_summary_with_alias (officers.tests.views.test_views.OfficersViewSetTestCase)
----------------------------------------------------------------------
Traceback (most recent call last):
  File "/usr/src/app/cpdb/officers/tests/mixins.py", line 10, in setUp
    officers_index_alias.write_index.delete(ignore=404)
  File "/root/.cache/pypoetry/virtualenvs/cpdbv2-backend-VA82Wl8V-py3.7/lib/python3.7/site-packages/elasticsearch_dsl/index.py", line 222, in delete
    self.connection.indices.delete(index=self._name, **kwargs)
  File "/root/.cache/pypoetry/virtualenvs/cpdbv2-backend-VA82Wl8V-py3.7/lib/python3.7/site-packages/elasticsearch/client/utils.py", line 73, in _wrapped
    return func(*args, params=params, **kwargs)
  File "/root/.cache/pypoetry/virtualenvs/cpdbv2-backend-VA82Wl8V-py3.7/lib/python3.7/site-packages/elasticsearch/client/indices.py", line 200, in delete
    params=params)
  File "/root/.cache/pypoetry/virtualenvs/cpdbv2-backend-VA82Wl8V-py3.7/lib/python3.7/site-packages/elasticsearch/transport.py", line 312, in perform_request
    status, headers, data = connection.perform_request(method, url, params, body, ignore=ignore, timeout=timeout)
  File "/root/.cache/pypoetry/virtualenvs/cpdbv2-backend-VA82Wl8V-py3.7/lib/python3.7/site-packages/elasticsearch/connection/http_urllib3.py", line 124, in perform_request
    raise ConnectionError('N/A', str(e), e)
elasticsearch.exceptions.ConnectionError: ConnectionError(<urllib3.connection.HTTPConnection object at 0x7ff068ea0950>: Failed to establish a new connection: [Errno -2] Name or service not known) caused by: NewConnectionError(<urllib3.connection.HTTPConnection object at 0x7ff068ea0950>: Failed to establish a new connection: [Errno -2] Name or service not known)
-------------------- >> begin captured logging << --------------------
urllib3.util.retry: DEBUG: Converted retries value: False -> Retry(total=False, connect=None, read=None, redirect=0, status=None)
urllib3.connectionpool: DEBUG: Starting new HTTP connection (329): elasticsearch:9200
elasticsearch: WARNING: DELETE http://elasticsearch:9200/test_officers_c97d3965-996f-4fbb-b4a7-1038423423bd [status:N/A request:0.004s]
Traceback (most recent call last):
  File "/root/.cache/pypoetry/virtualenvs/cpdbv2-backend-VA82Wl8V-py3.7/lib/python3.7/site-packages/urllib3/connection.py", line 160, in _new_conn
    (self._dns_host, self.port), self.timeout, **extra_kw
  File "/root/.cache/pypoetry/virtualenvs/cpdbv2-backend-VA82Wl8V-py3.7/lib/python3.7/site-packages/urllib3/util/connection.py", line 61, in create_connection
    for res in socket.getaddrinfo(host, port, family, socket.SOCK_STREAM):
  File "/usr/local/lib/python3.7/socket.py", line 752, in getaddrinfo
    for res in _socket.getaddrinfo(host, port, family, type, proto, flags):
socket.gaierror: [Errno -2] Name or service not known

During handling of the above exception, another exception occurred:

Traceback (most recent call last):
  File "/root/.cache/pypoetry/virtualenvs/cpdbv2-backend-VA82Wl8V-py3.7/lib/python3.7/site-packages/elasticsearch/connection/http_urllib3.py", line 115, in perform_request
    response = self.pool.urlopen(method, url, body, retries=False, headers=self.headers, **kw)
  File "/root/.cache/pypoetry/virtualenvs/cpdbv2-backend-VA82Wl8V-py3.7/lib/python3.7/site-packages/urllib3/connectionpool.py", line 727, in urlopen
    method, url, error=e, _pool=self, _stacktrace=sys.exc_info()[2]
  File "/root/.cache/pypoetry/virtualenvs/cpdbv2-backend-VA82Wl8V-py3.7/lib/python3.7/site-packages/urllib3/util/retry.py", line 386, in increment
    raise six.reraise(type(error), error, _stacktrace)
  File "/root/.cache/pypoetry/virtualenvs/cpdbv2-backend-VA82Wl8V-py3.7/lib/python3.7/site-packages/urllib3/packages/six.py", line 735, in reraise
    raise value
  File "/root/.cache/pypoetry/virtualenvs/cpdbv2-backend-VA82Wl8V-py3.7/lib/python3.7/site-packages/urllib3/connectionpool.py", line 677, in urlopen
    chunked=chunked,
  File "/root/.cache/pypoetry/virtualenvs/cpdbv2-backend-VA82Wl8V-py3.7/lib/python3.7/site-packages/urllib3/connectionpool.py", line 392, in _make_request
    conn.request(method, url, **httplib_request_kw)
  File "/usr/local/lib/python3.7/http/client.py", line 1281, in request
    self._send_request(method, url, body, headers, encode_chunked)
  File "/usr/local/lib/python3.7/http/client.py", line 1327, in _send_request
    self.endheaders(body, encode_chunked=encode_chunked)
  File "/usr/local/lib/python3.7/http/client.py", line 1276, in endheaders
    self._send_output(message_body, encode_chunked=encode_chunked)
  File "/usr/local/lib/python3.7/http/client.py", line 1036, in _send_output
    self.send(msg)
  File "/usr/local/lib/python3.7/http/client.py", line 976, in send
    self.connect()
  File "/root/.cache/pypoetry/virtualenvs/cpdbv2-backend-VA82Wl8V-py3.7/lib/python3.7/site-packages/urllib3/connection.py", line 187, in connect
    conn = self._new_conn()
  File "/root/.cache/pypoetry/virtualenvs/cpdbv2-backend-VA82Wl8V-py3.7/lib/python3.7/site-packages/urllib3/connection.py", line 172, in _new_conn
    self, "Failed to establish a new connection: %s" % e
urllib3.exceptions.NewConnectionError: <urllib3.connection.HTTPConnection object at 0x7ff068ee7310>: Failed to establish a new connection: [Errno -2] Name or service not known
elasticsearch: DEBUG: > None
urllib3.util.retry: DEBUG: Converted retries value: False -> Retry(total=False, connect=None, read=None, redirect=0, status=None)
urllib3.connectionpool: DEBUG: Starting new HTTP connection (330): elasticsearch:9200
elasticsearch: WARNING: DELETE http://elasticsearch:9200/test_officers_c97d3965-996f-4fbb-b4a7-1038423423bd [status:N/A request:0.004s]
Traceback (most recent call last):
  File "/root/.cache/pypoetry/virtualenvs/cpdbv2-backend-VA82Wl8V-py3.7/lib/python3.7/site-packages/urllib3/connection.py", line 160, in _new_conn
    (self._dns_host, self.port), self.timeout, **extra_kw
  File "/root/.cache/pypoetry/virtualenvs/cpdbv2-backend-VA82Wl8V-py3.7/lib/python3.7/site-packages/urllib3/util/connection.py", line 61, in create_connection
    for res in socket.getaddrinfo(host, port, family, socket.SOCK_STREAM):
  File "/usr/local/lib/python3.7/socket.py", line 752, in getaddrinfo
    for res in _socket.getaddrinfo(host, port, family, type, proto, flags):
socket.gaierror: [Errno -2] Name or service not known

During handling of the above exception, another exception occurred:

Traceback (most recent call last):
  File "/root/.cache/pypoetry/virtualenvs/cpdbv2-backend-VA82Wl8V-py3.7/lib/python3.7/site-packages/elasticsearch/connection/http_urllib3.py", line 115, in perform_request
    response = self.pool.urlopen(method, url, body, retries=False, headers=self.headers, **kw)
  File "/root/.cache/pypoetry/virtualenvs/cpdbv2-backend-VA82Wl8V-py3.7/lib/python3.7/site-packages/urllib3/connectionpool.py", line 727, in urlopen
    method, url, error=e, _pool=self, _stacktrace=sys.exc_info()[2]
  File "/root/.cache/pypoetry/virtualenvs/cpdbv2-backend-VA82Wl8V-py3.7/lib/python3.7/site-packages/urllib3/util/retry.py", line 386, in increment
    raise six.reraise(type(error), error, _stacktrace)
  File "/root/.cache/pypoetry/virtualenvs/cpdbv2-backend-VA82Wl8V-py3.7/lib/python3.7/site-packages/urllib3/packages/six.py", line 735, in reraise
    raise value
  File "/root/.cache/pypoetry/virtualenvs/cpdbv2-backend-VA82Wl8V-py3.7/lib/python3.7/site-packages/urllib3/connectionpool.py", line 677, in urlopen
    chunked=chunked,
  File "/root/.cache/pypoetry/virtualenvs/cpdbv2-backend-VA82Wl8V-py3.7/lib/python3.7/site-packages/urllib3/connectionpool.py", line 392, in _make_request
    conn.request(method, url, **httplib_request_kw)
  File "/usr/local/lib/python3.7/http/client.py", line 1281, in request
    self._send_request(method, url, body, headers, encode_chunked)
  File "/usr/local/lib/python3.7/http/client.py", line 1327, in _send_request
    self.endheaders(body, encode_chunked=encode_chunked)
  File "/usr/local/lib/python3.7/http/client.py", line 1276, in endheaders
    self._send_output(message_body, encode_chunked=encode_chunked)
  File "/usr/local/lib/python3.7/http/client.py", line 1036, in _send_output
    self.send(msg)
  File "/usr/local/lib/python3.7/http/client.py", line 976, in send
    self.connect()
  File "/root/.cache/pypoetry/virtualenvs/cpdbv2-backend-VA82Wl8V-py3.7/lib/python3.7/site-packages/urllib3/connection.py", line 187, in connect
    conn = self._new_conn()
  File "/root/.cache/pypoetry/virtualenvs/cpdbv2-backend-VA82Wl8V-py3.7/lib/python3.7/site-packages/urllib3/connection.py", line 172, in _new_conn
    self, "Failed to establish a new connection: %s" % e
urllib3.exceptions.NewConnectionError: <urllib3.connection.HTTPConnection object at 0x7ff068ee7e50>: Failed to establish a new connection: [Errno -2] Name or service not known
elasticsearch: DEBUG: > None
urllib3.util.retry: DEBUG: Converted retries value: False -> Retry(total=False, connect=None, read=None, redirect=0, status=None)
urllib3.connectionpool: DEBUG: Starting new HTTP connection (331): elasticsearch:9200
elasticsearch: WARNING: DELETE http://elasticsearch:9200/test_officers_c97d3965-996f-4fbb-b4a7-1038423423bd [status:N/A request:0.004s]
Traceback (most recent call last):
  File "/root/.cache/pypoetry/virtualenvs/cpdbv2-backend-VA82Wl8V-py3.7/lib/python3.7/site-packages/urllib3/connection.py", line 160, in _new_conn
    (self._dns_host, self.port), self.timeout, **extra_kw
  File "/root/.cache/pypoetry/virtualenvs/cpdbv2-backend-VA82Wl8V-py3.7/lib/python3.7/site-packages/urllib3/util/connection.py", line 61, in create_connection
    for res in socket.getaddrinfo(host, port, family, socket.SOCK_STREAM):
  File "/usr/local/lib/python3.7/socket.py", line 752, in getaddrinfo
    for res in _socket.getaddrinfo(host, port, family, type, proto, flags):
socket.gaierror: [Errno -2] Name or service not known

During handling of the above exception, another exception occurred:

Traceback (most recent call last):
  File "/root/.cache/pypoetry/virtualenvs/cpdbv2-backend-VA82Wl8V-py3.7/lib/python3.7/site-packages/elasticsearch/connection/http_urllib3.py", line 115, in perform_request
    response = self.pool.urlopen(method, url, body, retries=False, headers=self.headers, **kw)
  File "/root/.cache/pypoetry/virtualenvs/cpdbv2-backend-VA82Wl8V-py3.7/lib/python3.7/site-packages/urllib3/connectionpool.py", line 727, in urlopen
    method, url, error=e, _pool=self, _stacktrace=sys.exc_info()[2]
  File "/root/.cache/pypoetry/virtualenvs/cpdbv2-backend-VA82Wl8V-py3.7/lib/python3.7/site-packages/urllib3/util/retry.py", line 386, in increment
    raise six.reraise(type(error), error, _stacktrace)
  File "/root/.cache/pypoetry/virtualenvs/cpdbv2-backend-VA82Wl8V-py3.7/lib/python3.7/site-packages/urllib3/packages/six.py", line 735, in reraise
    raise value
  File "/root/.cache/pypoetry/virtualenvs/cpdbv2-backend-VA82Wl8V-py3.7/lib/python3.7/site-packages/urllib3/connectionpool.py", line 677, in urlopen
    chunked=chunked,
  File "/root/.cache/pypoetry/virtualenvs/cpdbv2-backend-VA82Wl8V-py3.7/lib/python3.7/site-packages/urllib3/connectionpool.py", line 392, in _make_request
    conn.request(method, url, **httplib_request_kw)
  File "/usr/local/lib/python3.7/http/client.py", line 1281, in request
    self._send_request(method, url, body, headers, encode_chunked)
  File "/usr/local/lib/python3.7/http/client.py", line 1327, in _send_request
    self.endheaders(body, encode_chunked=encode_chunked)
  File "/usr/local/lib/python3.7/http/client.py", line 1276, in endheaders
    self._send_output(message_body, encode_chunked=encode_chunked)
  File "/usr/local/lib/python3.7/http/client.py", line 1036, in _send_output
    self.send(msg)
  File "/usr/local/lib/python3.7/http/client.py", line 976, in send
    self.connect()
  File "/root/.cache/pypoetry/virtualenvs/cpdbv2-backend-VA82Wl8V-py3.7/lib/python3.7/site-packages/urllib3/connection.py", line 187, in connect
    conn = self._new_conn()
  File "/root/.cache/pypoetry/virtualenvs/cpdbv2-backend-VA82Wl8V-py3.7/lib/python3.7/site-packages/urllib3/connection.py", line 172, in _new_conn
    self, "Failed to establish a new connection: %s" % e
urllib3.exceptions.NewConnectionError: <urllib3.connection.HTTPConnection object at 0x7ff068ee7610>: Failed to establish a new connection: [Errno -2] Name or service not known
elasticsearch: DEBUG: > None
urllib3.util.retry: DEBUG: Converted retries value: False -> Retry(total=False, connect=None, read=None, redirect=0, status=None)
urllib3.connectionpool: DEBUG: Starting new HTTP connection (332): elasticsearch:9200
elasticsearch: WARNING: DELETE http://elasticsearch:9200/test_officers_c97d3965-996f-4fbb-b4a7-1038423423bd [status:N/A request:0.004s]
Traceback (most recent call last):
  File "/root/.cache/pypoetry/virtualenvs/cpdbv2-backend-VA82Wl8V-py3.7/lib/python3.7/site-packages/urllib3/connection.py", line 160, in _new_conn
    (self._dns_host, self.port), self.timeout, **extra_kw
  File "/root/.cache/pypoetry/virtualenvs/cpdbv2-backend-VA82Wl8V-py3.7/lib/python3.7/site-packages/urllib3/util/connection.py", line 61, in create_connection
    for res in socket.getaddrinfo(host, port, family, socket.SOCK_STREAM):
  File "/usr/local/lib/python3.7/socket.py", line 752, in getaddrinfo
    for res in _socket.getaddrinfo(host, port, family, type, proto, flags):
socket.gaierror: [Errno -2] Name or service not known

During handling of the above exception, another exception occurred:

Traceback (most recent call last):
  File "/root/.cache/pypoetry/virtualenvs/cpdbv2-backend-VA82Wl8V-py3.7/lib/python3.7/site-packages/elasticsearch/connection/http_urllib3.py", line 115, in perform_request
    response = self.pool.urlopen(method, url, body, retries=False, headers=self.headers, **kw)
  File "/root/.cache/pypoetry/virtualenvs/cpdbv2-backend-VA82Wl8V-py3.7/lib/python3.7/site-packages/urllib3/connectionpool.py", line 727, in urlopen
    method, url, error=e, _pool=self, _stacktrace=sys.exc_info()[2]
  File "/root/.cache/pypoetry/virtualenvs/cpdbv2-backend-VA82Wl8V-py3.7/lib/python3.7/site-packages/urllib3/util/retry.py", line 386, in increment
    raise six.reraise(type(error), error, _stacktrace)
  File "/root/.cache/pypoetry/virtualenvs/cpdbv2-backend-VA82Wl8V-py3.7/lib/python3.7/site-packages/urllib3/packages/six.py", line 735, in reraise
    raise value
  File "/root/.cache/pypoetry/virtualenvs/cpdbv2-backend-VA82Wl8V-py3.7/lib/python3.7/site-packages/urllib3/connectionpool.py", line 677, in urlopen
    chunked=chunked,
  File "/root/.cache/pypoetry/virtualenvs/cpdbv2-backend-VA82Wl8V-py3.7/lib/python3.7/site-packages/urllib3/connectionpool.py", line 392, in _make_request
    conn.request(method, url, **httplib_request_kw)
  File "/usr/local/lib/python3.7/http/client.py", line 1281, in request
    self._send_request(method, url, body, headers, encode_chunked)
  File "/usr/local/lib/python3.7/http/client.py", line 1327, in _send_request
    self.endheaders(body, encode_chunked=encode_chunked)
  File "/usr/local/lib/python3.7/http/client.py", line 1276, in endheaders
    self._send_output(message_body, encode_chunked=encode_chunked)
  File "/usr/local/lib/python3.7/http/client.py", line 1036, in _send_output
    self.send(msg)
  File "/usr/local/lib/python3.7/http/client.py", line 976, in send
    self.connect()
  File "/root/.cache/pypoetry/virtualenvs/cpdbv2-backend-VA82Wl8V-py3.7/lib/python3.7/site-packages/urllib3/connection.py", line 187, in connect
    conn = self._new_conn()
  File "/root/.cache/pypoetry/virtualenvs/cpdbv2-backend-VA82Wl8V-py3.7/lib/python3.7/site-packages/urllib3/connection.py", line 172, in _new_conn
    self, "Failed to establish a new connection: %s" % e
urllib3.exceptions.NewConnectionError: <urllib3.connection.HTTPConnection object at 0x7ff068ea0950>: Failed to establish a new connection: [Errno -2] Name or service not known
elasticsearch: DEBUG: > None
--------------------- >> end captured logging << ---------------------

======================================================================
ERROR: test_top_officers_by_allegation (officers.tests.views.test_views.OfficersViewSetTestCase)
----------------------------------------------------------------------
Traceback (most recent call last):
  File "/usr/src/app/cpdb/officers/tests/mixins.py", line 10, in setUp
    officers_index_alias.write_index.delete(ignore=404)
  File "/root/.cache/pypoetry/virtualenvs/cpdbv2-backend-VA82Wl8V-py3.7/lib/python3.7/site-packages/elasticsearch_dsl/index.py", line 222, in delete
    self.connection.indices.delete(index=self._name, **kwargs)
  File "/root/.cache/pypoetry/virtualenvs/cpdbv2-backend-VA82Wl8V-py3.7/lib/python3.7/site-packages/elasticsearch/client/utils.py", line 73, in _wrapped
    return func(*args, params=params, **kwargs)
  File "/root/.cache/pypoetry/virtualenvs/cpdbv2-backend-VA82Wl8V-py3.7/lib/python3.7/site-packages/elasticsearch/client/indices.py", line 200, in delete
    params=params)
  File "/root/.cache/pypoetry/virtualenvs/cpdbv2-backend-VA82Wl8V-py3.7/lib/python3.7/site-packages/elasticsearch/transport.py", line 312, in perform_request
    status, headers, data = connection.perform_request(method, url, params, body, ignore=ignore, timeout=timeout)
  File "/root/.cache/pypoetry/virtualenvs/cpdbv2-backend-VA82Wl8V-py3.7/lib/python3.7/site-packages/elasticsearch/connection/http_urllib3.py", line 124, in perform_request
    raise ConnectionError('N/A', str(e), e)
elasticsearch.exceptions.ConnectionError: ConnectionError(<urllib3.connection.HTTPConnection object at 0x7ff068eaced0>: Failed to establish a new connection: [Errno -2] Name or service not known) caused by: NewConnectionError(<urllib3.connection.HTTPConnection object at 0x7ff068eaced0>: Failed to establish a new connection: [Errno -2] Name or service not known)
-------------------- >> begin captured logging << --------------------
urllib3.util.retry: DEBUG: Converted retries value: False -> Retry(total=False, connect=None, read=None, redirect=0, status=None)
urllib3.connectionpool: DEBUG: Starting new HTTP connection (333): elasticsearch:9200
elasticsearch: WARNING: DELETE http://elasticsearch:9200/test_officers_c97d3965-996f-4fbb-b4a7-1038423423bd [status:N/A request:0.004s]
Traceback (most recent call last):
  File "/root/.cache/pypoetry/virtualenvs/cpdbv2-backend-VA82Wl8V-py3.7/lib/python3.7/site-packages/urllib3/connection.py", line 160, in _new_conn
    (self._dns_host, self.port), self.timeout, **extra_kw
  File "/root/.cache/pypoetry/virtualenvs/cpdbv2-backend-VA82Wl8V-py3.7/lib/python3.7/site-packages/urllib3/util/connection.py", line 61, in create_connection
    for res in socket.getaddrinfo(host, port, family, socket.SOCK_STREAM):
  File "/usr/local/lib/python3.7/socket.py", line 752, in getaddrinfo
    for res in _socket.getaddrinfo(host, port, family, type, proto, flags):
socket.gaierror: [Errno -2] Name or service not known

During handling of the above exception, another exception occurred:

Traceback (most recent call last):
  File "/root/.cache/pypoetry/virtualenvs/cpdbv2-backend-VA82Wl8V-py3.7/lib/python3.7/site-packages/elasticsearch/connection/http_urllib3.py", line 115, in perform_request
    response = self.pool.urlopen(method, url, body, retries=False, headers=self.headers, **kw)
  File "/root/.cache/pypoetry/virtualenvs/cpdbv2-backend-VA82Wl8V-py3.7/lib/python3.7/site-packages/urllib3/connectionpool.py", line 727, in urlopen
    method, url, error=e, _pool=self, _stacktrace=sys.exc_info()[2]
  File "/root/.cache/pypoetry/virtualenvs/cpdbv2-backend-VA82Wl8V-py3.7/lib/python3.7/site-packages/urllib3/util/retry.py", line 386, in increment
    raise six.reraise(type(error), error, _stacktrace)
  File "/root/.cache/pypoetry/virtualenvs/cpdbv2-backend-VA82Wl8V-py3.7/lib/python3.7/site-packages/urllib3/packages/six.py", line 735, in reraise
    raise value
  File "/root/.cache/pypoetry/virtualenvs/cpdbv2-backend-VA82Wl8V-py3.7/lib/python3.7/site-packages/urllib3/connectionpool.py", line 677, in urlopen
    chunked=chunked,
  File "/root/.cache/pypoetry/virtualenvs/cpdbv2-backend-VA82Wl8V-py3.7/lib/python3.7/site-packages/urllib3/connectionpool.py", line 392, in _make_request
    conn.request(method, url, **httplib_request_kw)
  File "/usr/local/lib/python3.7/http/client.py", line 1281, in request
    self._send_request(method, url, body, headers, encode_chunked)
  File "/usr/local/lib/python3.7/http/client.py", line 1327, in _send_request
    self.endheaders(body, encode_chunked=encode_chunked)
  File "/usr/local/lib/python3.7/http/client.py", line 1276, in endheaders
    self._send_output(message_body, encode_chunked=encode_chunked)
  File "/usr/local/lib/python3.7/http/client.py", line 1036, in _send_output
    self.send(msg)
  File "/usr/local/lib/python3.7/http/client.py", line 976, in send
    self.connect()
  File "/root/.cache/pypoetry/virtualenvs/cpdbv2-backend-VA82Wl8V-py3.7/lib/python3.7/site-packages/urllib3/connection.py", line 187, in connect
    conn = self._new_conn()
  File "/root/.cache/pypoetry/virtualenvs/cpdbv2-backend-VA82Wl8V-py3.7/lib/python3.7/site-packages/urllib3/connection.py", line 172, in _new_conn
    self, "Failed to establish a new connection: %s" % e
urllib3.exceptions.NewConnectionError: <urllib3.connection.HTTPConnection object at 0x7ff068ea06d0>: Failed to establish a new connection: [Errno -2] Name or service not known
elasticsearch: DEBUG: > None
urllib3.util.retry: DEBUG: Converted retries value: False -> Retry(total=False, connect=None, read=None, redirect=0, status=None)
urllib3.connectionpool: DEBUG: Starting new HTTP connection (334): elasticsearch:9200
elasticsearch: WARNING: DELETE http://elasticsearch:9200/test_officers_c97d3965-996f-4fbb-b4a7-1038423423bd [status:N/A request:0.004s]
Traceback (most recent call last):
  File "/root/.cache/pypoetry/virtualenvs/cpdbv2-backend-VA82Wl8V-py3.7/lib/python3.7/site-packages/urllib3/connection.py", line 160, in _new_conn
    (self._dns_host, self.port), self.timeout, **extra_kw
  File "/root/.cache/pypoetry/virtualenvs/cpdbv2-backend-VA82Wl8V-py3.7/lib/python3.7/site-packages/urllib3/util/connection.py", line 61, in create_connection
    for res in socket.getaddrinfo(host, port, family, socket.SOCK_STREAM):
  File "/usr/local/lib/python3.7/socket.py", line 752, in getaddrinfo
    for res in _socket.getaddrinfo(host, port, family, type, proto, flags):
socket.gaierror: [Errno -2] Name or service not known

During handling of the above exception, another exception occurred:

Traceback (most recent call last):
  File "/root/.cache/pypoetry/virtualenvs/cpdbv2-backend-VA82Wl8V-py3.7/lib/python3.7/site-packages/elasticsearch/connection/http_urllib3.py", line 115, in perform_request
    response = self.pool.urlopen(method, url, body, retries=False, headers=self.headers, **kw)
  File "/root/.cache/pypoetry/virtualenvs/cpdbv2-backend-VA82Wl8V-py3.7/lib/python3.7/site-packages/urllib3/connectionpool.py", line 727, in urlopen
    method, url, error=e, _pool=self, _stacktrace=sys.exc_info()[2]
  File "/root/.cache/pypoetry/virtualenvs/cpdbv2-backend-VA82Wl8V-py3.7/lib/python3.7/site-packages/urllib3/util/retry.py", line 386, in increment
    raise six.reraise(type(error), error, _stacktrace)
  File "/root/.cache/pypoetry/virtualenvs/cpdbv2-backend-VA82Wl8V-py3.7/lib/python3.7/site-packages/urllib3/packages/six.py", line 735, in reraise
    raise value
  File "/root/.cache/pypoetry/virtualenvs/cpdbv2-backend-VA82Wl8V-py3.7/lib/python3.7/site-packages/urllib3/connectionpool.py", line 677, in urlopen
    chunked=chunked,
  File "/root/.cache/pypoetry/virtualenvs/cpdbv2-backend-VA82Wl8V-py3.7/lib/python3.7/site-packages/urllib3/connectionpool.py", line 392, in _make_request
    conn.request(method, url, **httplib_request_kw)
  File "/usr/local/lib/python3.7/http/client.py", line 1281, in request
    self._send_request(method, url, body, headers, encode_chunked)
  File "/usr/local/lib/python3.7/http/client.py", line 1327, in _send_request
    self.endheaders(body, encode_chunked=encode_chunked)
  File "/usr/local/lib/python3.7/http/client.py", line 1276, in endheaders
    self._send_output(message_body, encode_chunked=encode_chunked)
  File "/usr/local/lib/python3.7/http/client.py", line 1036, in _send_output
    self.send(msg)
  File "/usr/local/lib/python3.7/http/client.py", line 976, in send
    self.connect()
  File "/root/.cache/pypoetry/virtualenvs/cpdbv2-backend-VA82Wl8V-py3.7/lib/python3.7/site-packages/urllib3/connection.py", line 187, in connect
    conn = self._new_conn()
  File "/root/.cache/pypoetry/virtualenvs/cpdbv2-backend-VA82Wl8V-py3.7/lib/python3.7/site-packages/urllib3/connection.py", line 172, in _new_conn
    self, "Failed to establish a new connection: %s" % e
urllib3.exceptions.NewConnectionError: <urllib3.connection.HTTPConnection object at 0x7ff068dfa390>: Failed to establish a new connection: [Errno -2] Name or service not known
elasticsearch: DEBUG: > None
urllib3.util.retry: DEBUG: Converted retries value: False -> Retry(total=False, connect=None, read=None, redirect=0, status=None)
urllib3.connectionpool: DEBUG: Starting new HTTP connection (335): elasticsearch:9200
elasticsearch: WARNING: DELETE http://elasticsearch:9200/test_officers_c97d3965-996f-4fbb-b4a7-1038423423bd [status:N/A request:0.005s]
Traceback (most recent call last):
  File "/root/.cache/pypoetry/virtualenvs/cpdbv2-backend-VA82Wl8V-py3.7/lib/python3.7/site-packages/urllib3/connection.py", line 160, in _new_conn
    (self._dns_host, self.port), self.timeout, **extra_kw
  File "/root/.cache/pypoetry/virtualenvs/cpdbv2-backend-VA82Wl8V-py3.7/lib/python3.7/site-packages/urllib3/util/connection.py", line 61, in create_connection
    for res in socket.getaddrinfo(host, port, family, socket.SOCK_STREAM):
  File "/usr/local/lib/python3.7/socket.py", line 752, in getaddrinfo
    for res in _socket.getaddrinfo(host, port, family, type, proto, flags):
socket.gaierror: [Errno -2] Name or service not known

During handling of the above exception, another exception occurred:

Traceback (most recent call last):
  File "/root/.cache/pypoetry/virtualenvs/cpdbv2-backend-VA82Wl8V-py3.7/lib/python3.7/site-packages/elasticsearch/connection/http_urllib3.py", line 115, in perform_request
    response = self.pool.urlopen(method, url, body, retries=False, headers=self.headers, **kw)
  File "/root/.cache/pypoetry/virtualenvs/cpdbv2-backend-VA82Wl8V-py3.7/lib/python3.7/site-packages/urllib3/connectionpool.py", line 727, in urlopen
    method, url, error=e, _pool=self, _stacktrace=sys.exc_info()[2]
  File "/root/.cache/pypoetry/virtualenvs/cpdbv2-backend-VA82Wl8V-py3.7/lib/python3.7/site-packages/urllib3/util/retry.py", line 386, in increment
    raise six.reraise(type(error), error, _stacktrace)
  File "/root/.cache/pypoetry/virtualenvs/cpdbv2-backend-VA82Wl8V-py3.7/lib/python3.7/site-packages/urllib3/packages/six.py", line 735, in reraise
    raise value
  File "/root/.cache/pypoetry/virtualenvs/cpdbv2-backend-VA82Wl8V-py3.7/lib/python3.7/site-packages/urllib3/connectionpool.py", line 677, in urlopen
    chunked=chunked,
  File "/root/.cache/pypoetry/virtualenvs/cpdbv2-backend-VA82Wl8V-py3.7/lib/python3.7/site-packages/urllib3/connectionpool.py", line 392, in _make_request
    conn.request(method, url, **httplib_request_kw)
  File "/usr/local/lib/python3.7/http/client.py", line 1281, in request
    self._send_request(method, url, body, headers, encode_chunked)
  File "/usr/local/lib/python3.7/http/client.py", line 1327, in _send_request
    self.endheaders(body, encode_chunked=encode_chunked)
  File "/usr/local/lib/python3.7/http/client.py", line 1276, in endheaders
    self._send_output(message_body, encode_chunked=encode_chunked)
  File "/usr/local/lib/python3.7/http/client.py", line 1036, in _send_output
    self.send(msg)
  File "/usr/local/lib/python3.7/http/client.py", line 976, in send
    self.connect()
  File "/root/.cache/pypoetry/virtualenvs/cpdbv2-backend-VA82Wl8V-py3.7/lib/python3.7/site-packages/urllib3/connection.py", line 187, in connect
    conn = self._new_conn()
  File "/root/.cache/pypoetry/virtualenvs/cpdbv2-backend-VA82Wl8V-py3.7/lib/python3.7/site-packages/urllib3/connection.py", line 172, in _new_conn
    self, "Failed to establish a new connection: %s" % e
urllib3.exceptions.NewConnectionError: <urllib3.connection.HTTPConnection object at 0x7ff068dfa590>: Failed to establish a new connection: [Errno -2] Name or service not known
elasticsearch: DEBUG: > None
urllib3.util.retry: DEBUG: Converted retries value: False -> Retry(total=False, connect=None, read=None, redirect=0, status=None)
urllib3.connectionpool: DEBUG: Starting new HTTP connection (336): elasticsearch:9200
elasticsearch: WARNING: DELETE http://elasticsearch:9200/test_officers_c97d3965-996f-4fbb-b4a7-1038423423bd [status:N/A request:0.004s]
Traceback (most recent call last):
  File "/root/.cache/pypoetry/virtualenvs/cpdbv2-backend-VA82Wl8V-py3.7/lib/python3.7/site-packages/urllib3/connection.py", line 160, in _new_conn
    (self._dns_host, self.port), self.timeout, **extra_kw
  File "/root/.cache/pypoetry/virtualenvs/cpdbv2-backend-VA82Wl8V-py3.7/lib/python3.7/site-packages/urllib3/util/connection.py", line 61, in create_connection
    for res in socket.getaddrinfo(host, port, family, socket.SOCK_STREAM):
  File "/usr/local/lib/python3.7/socket.py", line 752, in getaddrinfo
    for res in _socket.getaddrinfo(host, port, family, type, proto, flags):
socket.gaierror: [Errno -2] Name or service not known

During handling of the above exception, another exception occurred:

Traceback (most recent call last):
  File "/root/.cache/pypoetry/virtualenvs/cpdbv2-backend-VA82Wl8V-py3.7/lib/python3.7/site-packages/elasticsearch/connection/http_urllib3.py", line 115, in perform_request
    response = self.pool.urlopen(method, url, body, retries=False, headers=self.headers, **kw)
  File "/root/.cache/pypoetry/virtualenvs/cpdbv2-backend-VA82Wl8V-py3.7/lib/python3.7/site-packages/urllib3/connectionpool.py", line 727, in urlopen
    method, url, error=e, _pool=self, _stacktrace=sys.exc_info()[2]
  File "/root/.cache/pypoetry/virtualenvs/cpdbv2-backend-VA82Wl8V-py3.7/lib/python3.7/site-packages/urllib3/util/retry.py", line 386, in increment
    raise six.reraise(type(error), error, _stacktrace)
  File "/root/.cache/pypoetry/virtualenvs/cpdbv2-backend-VA82Wl8V-py3.7/lib/python3.7/site-packages/urllib3/packages/six.py", line 735, in reraise
    raise value
  File "/root/.cache/pypoetry/virtualenvs/cpdbv2-backend-VA82Wl8V-py3.7/lib/python3.7/site-packages/urllib3/connectionpool.py", line 677, in urlopen
    chunked=chunked,
  File "/root/.cache/pypoetry/virtualenvs/cpdbv2-backend-VA82Wl8V-py3.7/lib/python3.7/site-packages/urllib3/connectionpool.py", line 392, in _make_request
    conn.request(method, url, **httplib_request_kw)
  File "/usr/local/lib/python3.7/http/client.py", line 1281, in request
    self._send_request(method, url, body, headers, encode_chunked)
  File "/usr/local/lib/python3.7/http/client.py", line 1327, in _send_request
    self.endheaders(body, encode_chunked=encode_chunked)
  File "/usr/local/lib/python3.7/http/client.py", line 1276, in endheaders
    self._send_output(message_body, encode_chunked=encode_chunked)
  File "/usr/local/lib/python3.7/http/client.py", line 1036, in _send_output
    self.send(msg)
  File "/usr/local/lib/python3.7/http/client.py", line 976, in send
    self.connect()
  File "/root/.cache/pypoetry/virtualenvs/cpdbv2-backend-VA82Wl8V-py3.7/lib/python3.7/site-packages/urllib3/connection.py", line 187, in connect
    conn = self._new_conn()
  File "/root/.cache/pypoetry/virtualenvs/cpdbv2-backend-VA82Wl8V-py3.7/lib/python3.7/site-packages/urllib3/connection.py", line 172, in _new_conn
    self, "Failed to establish a new connection: %s" % e
urllib3.exceptions.NewConnectionError: <urllib3.connection.HTTPConnection object at 0x7ff068eaced0>: Failed to establish a new connection: [Errno -2] Name or service not known
elasticsearch: DEBUG: > None
--------------------- >> end captured logging << ---------------------

======================================================================
ERROR: test_get_formatted_results (search.tests.test_services.SearchManagerTestCase)
----------------------------------------------------------------------
Traceback (most recent call last):
  File "/usr/src/app/cpdb/search/tests/utils.py", line 12, in setUp
    autocompletes_alias.read_index.delete(ignore=404)
  File "/root/.cache/pypoetry/virtualenvs/cpdbv2-backend-VA82Wl8V-py3.7/lib/python3.7/site-packages/elasticsearch_dsl/index.py", line 222, in delete
    self.connection.indices.delete(index=self._name, **kwargs)
  File "/root/.cache/pypoetry/virtualenvs/cpdbv2-backend-VA82Wl8V-py3.7/lib/python3.7/site-packages/elasticsearch/client/utils.py", line 73, in _wrapped
    return func(*args, params=params, **kwargs)
  File "/root/.cache/pypoetry/virtualenvs/cpdbv2-backend-VA82Wl8V-py3.7/lib/python3.7/site-packages/elasticsearch/client/indices.py", line 200, in delete
    params=params)
  File "/root/.cache/pypoetry/virtualenvs/cpdbv2-backend-VA82Wl8V-py3.7/lib/python3.7/site-packages/elasticsearch/transport.py", line 312, in perform_request
    status, headers, data = connection.perform_request(method, url, params, body, ignore=ignore, timeout=timeout)
  File "/root/.cache/pypoetry/virtualenvs/cpdbv2-backend-VA82Wl8V-py3.7/lib/python3.7/site-packages/elasticsearch/connection/http_urllib3.py", line 124, in perform_request
    raise ConnectionError('N/A', str(e), e)
elasticsearch.exceptions.ConnectionError: ConnectionError(<urllib3.connection.HTTPConnection object at 0x7ff068b3e8d0>: Failed to establish a new connection: [Errno -2] Name or service not known) caused by: NewConnectionError(<urllib3.connection.HTTPConnection object at 0x7ff068b3e8d0>: Failed to establish a new connection: [Errno -2] Name or service not known)
-------------------- >> begin captured logging << --------------------
urllib3.util.retry: DEBUG: Converted retries value: False -> Retry(total=False, connect=None, read=None, redirect=0, status=None)
urllib3.connectionpool: DEBUG: Starting new HTTP connection (337): elasticsearch:9200
elasticsearch: WARNING: DELETE http://elasticsearch:9200/test_autocompletes [status:N/A request:0.006s]
Traceback (most recent call last):
  File "/root/.cache/pypoetry/virtualenvs/cpdbv2-backend-VA82Wl8V-py3.7/lib/python3.7/site-packages/urllib3/connection.py", line 160, in _new_conn
    (self._dns_host, self.port), self.timeout, **extra_kw
  File "/root/.cache/pypoetry/virtualenvs/cpdbv2-backend-VA82Wl8V-py3.7/lib/python3.7/site-packages/urllib3/util/connection.py", line 61, in create_connection
    for res in socket.getaddrinfo(host, port, family, socket.SOCK_STREAM):
  File "/usr/local/lib/python3.7/socket.py", line 752, in getaddrinfo
    for res in _socket.getaddrinfo(host, port, family, type, proto, flags):
socket.gaierror: [Errno -2] Name or service not known

During handling of the above exception, another exception occurred:

Traceback (most recent call last):
  File "/root/.cache/pypoetry/virtualenvs/cpdbv2-backend-VA82Wl8V-py3.7/lib/python3.7/site-packages/elasticsearch/connection/http_urllib3.py", line 115, in perform_request
    response = self.pool.urlopen(method, url, body, retries=False, headers=self.headers, **kw)
  File "/root/.cache/pypoetry/virtualenvs/cpdbv2-backend-VA82Wl8V-py3.7/lib/python3.7/site-packages/urllib3/connectionpool.py", line 727, in urlopen
    method, url, error=e, _pool=self, _stacktrace=sys.exc_info()[2]
  File "/root/.cache/pypoetry/virtualenvs/cpdbv2-backend-VA82Wl8V-py3.7/lib/python3.7/site-packages/urllib3/util/retry.py", line 386, in increment
    raise six.reraise(type(error), error, _stacktrace)
  File "/root/.cache/pypoetry/virtualenvs/cpdbv2-backend-VA82Wl8V-py3.7/lib/python3.7/site-packages/urllib3/packages/six.py", line 735, in reraise
    raise value
  File "/root/.cache/pypoetry/virtualenvs/cpdbv2-backend-VA82Wl8V-py3.7/lib/python3.7/site-packages/urllib3/connectionpool.py", line 677, in urlopen
    chunked=chunked,
  File "/root/.cache/pypoetry/virtualenvs/cpdbv2-backend-VA82Wl8V-py3.7/lib/python3.7/site-packages/urllib3/connectionpool.py", line 392, in _make_request
    conn.request(method, url, **httplib_request_kw)
  File "/usr/local/lib/python3.7/http/client.py", line 1281, in request
    self._send_request(method, url, body, headers, encode_chunked)
  File "/usr/local/lib/python3.7/http/client.py", line 1327, in _send_request
    self.endheaders(body, encode_chunked=encode_chunked)
  File "/usr/local/lib/python3.7/http/client.py", line 1276, in endheaders
    self._send_output(message_body, encode_chunked=encode_chunked)
  File "/usr/local/lib/python3.7/http/client.py", line 1036, in _send_output
    self.send(msg)
  File "/usr/local/lib/python3.7/http/client.py", line 976, in send
    self.connect()
  File "/root/.cache/pypoetry/virtualenvs/cpdbv2-backend-VA82Wl8V-py3.7/lib/python3.7/site-packages/urllib3/connection.py", line 187, in connect
    conn = self._new_conn()
  File "/root/.cache/pypoetry/virtualenvs/cpdbv2-backend-VA82Wl8V-py3.7/lib/python3.7/site-packages/urllib3/connection.py", line 172, in _new_conn
    self, "Failed to establish a new connection: %s" % e
urllib3.exceptions.NewConnectionError: <urllib3.connection.HTTPConnection object at 0x7ff068c7b450>: Failed to establish a new connection: [Errno -2] Name or service not known
elasticsearch: DEBUG: > None
urllib3.util.retry: DEBUG: Converted retries value: False -> Retry(total=False, connect=None, read=None, redirect=0, status=None)
urllib3.connectionpool: DEBUG: Starting new HTTP connection (338): elasticsearch:9200
elasticsearch: WARNING: DELETE http://elasticsearch:9200/test_autocompletes [status:N/A request:0.005s]
Traceback (most recent call last):
  File "/root/.cache/pypoetry/virtualenvs/cpdbv2-backend-VA82Wl8V-py3.7/lib/python3.7/site-packages/urllib3/connection.py", line 160, in _new_conn
    (self._dns_host, self.port), self.timeout, **extra_kw
  File "/root/.cache/pypoetry/virtualenvs/cpdbv2-backend-VA82Wl8V-py3.7/lib/python3.7/site-packages/urllib3/util/connection.py", line 61, in create_connection
    for res in socket.getaddrinfo(host, port, family, socket.SOCK_STREAM):
  File "/usr/local/lib/python3.7/socket.py", line 752, in getaddrinfo
    for res in _socket.getaddrinfo(host, port, family, type, proto, flags):
socket.gaierror: [Errno -2] Name or service not known

During handling of the above exception, another exception occurred:

Traceback (most recent call last):
  File "/root/.cache/pypoetry/virtualenvs/cpdbv2-backend-VA82Wl8V-py3.7/lib/python3.7/site-packages/elasticsearch/connection/http_urllib3.py", line 115, in perform_request
    response = self.pool.urlopen(method, url, body, retries=False, headers=self.headers, **kw)
  File "/root/.cache/pypoetry/virtualenvs/cpdbv2-backend-VA82Wl8V-py3.7/lib/python3.7/site-packages/urllib3/connectionpool.py", line 727, in urlopen
    method, url, error=e, _pool=self, _stacktrace=sys.exc_info()[2]
  File "/root/.cache/pypoetry/virtualenvs/cpdbv2-backend-VA82Wl8V-py3.7/lib/python3.7/site-packages/urllib3/util/retry.py", line 386, in increment
    raise six.reraise(type(error), error, _stacktrace)
  File "/root/.cache/pypoetry/virtualenvs/cpdbv2-backend-VA82Wl8V-py3.7/lib/python3.7/site-packages/urllib3/packages/six.py", line 735, in reraise
    raise value
  File "/root/.cache/pypoetry/virtualenvs/cpdbv2-backend-VA82Wl8V-py3.7/lib/python3.7/site-packages/urllib3/connectionpool.py", line 677, in urlopen
    chunked=chunked,
  File "/root/.cache/pypoetry/virtualenvs/cpdbv2-backend-VA82Wl8V-py3.7/lib/python3.7/site-packages/urllib3/connectionpool.py", line 392, in _make_request
    conn.request(method, url, **httplib_request_kw)
  File "/usr/local/lib/python3.7/http/client.py", line 1281, in request
    self._send_request(method, url, body, headers, encode_chunked)
  File "/usr/local/lib/python3.7/http/client.py", line 1327, in _send_request
    self.endheaders(body, encode_chunked=encode_chunked)
  File "/usr/local/lib/python3.7/http/client.py", line 1276, in endheaders
    self._send_output(message_body, encode_chunked=encode_chunked)
  File "/usr/local/lib/python3.7/http/client.py", line 1036, in _send_output
    self.send(msg)
  File "/usr/local/lib/python3.7/http/client.py", line 976, in send
    self.connect()
  File "/root/.cache/pypoetry/virtualenvs/cpdbv2-backend-VA82Wl8V-py3.7/lib/python3.7/site-packages/urllib3/connection.py", line 187, in connect
    conn = self._new_conn()
  File "/root/.cache/pypoetry/virtualenvs/cpdbv2-backend-VA82Wl8V-py3.7/lib/python3.7/site-packages/urllib3/connection.py", line 172, in _new_conn
    self, "Failed to establish a new connection: %s" % e
urllib3.exceptions.NewConnectionError: <urllib3.connection.HTTPConnection object at 0x7ff068c0bf10>: Failed to establish a new connection: [Errno -2] Name or service not known
elasticsearch: DEBUG: > None
urllib3.util.retry: DEBUG: Converted retries value: False -> Retry(total=False, connect=None, read=None, redirect=0, status=None)
urllib3.connectionpool: DEBUG: Starting new HTTP connection (339): elasticsearch:9200
elasticsearch: WARNING: DELETE http://elasticsearch:9200/test_autocompletes [status:N/A request:0.004s]
Traceback (most recent call last):
  File "/root/.cache/pypoetry/virtualenvs/cpdbv2-backend-VA82Wl8V-py3.7/lib/python3.7/site-packages/urllib3/connection.py", line 160, in _new_conn
    (self._dns_host, self.port), self.timeout, **extra_kw
  File "/root/.cache/pypoetry/virtualenvs/cpdbv2-backend-VA82Wl8V-py3.7/lib/python3.7/site-packages/urllib3/util/connection.py", line 61, in create_connection
    for res in socket.getaddrinfo(host, port, family, socket.SOCK_STREAM):
  File "/usr/local/lib/python3.7/socket.py", line 752, in getaddrinfo
    for res in _socket.getaddrinfo(host, port, family, type, proto, flags):
socket.gaierror: [Errno -2] Name or service not known

During handling of the above exception, another exception occurred:

Traceback (most recent call last):
  File "/root/.cache/pypoetry/virtualenvs/cpdbv2-backend-VA82Wl8V-py3.7/lib/python3.7/site-packages/elasticsearch/connection/http_urllib3.py", line 115, in perform_request
    response = self.pool.urlopen(method, url, body, retries=False, headers=self.headers, **kw)
  File "/root/.cache/pypoetry/virtualenvs/cpdbv2-backend-VA82Wl8V-py3.7/lib/python3.7/site-packages/urllib3/connectionpool.py", line 727, in urlopen
    method, url, error=e, _pool=self, _stacktrace=sys.exc_info()[2]
  File "/root/.cache/pypoetry/virtualenvs/cpdbv2-backend-VA82Wl8V-py3.7/lib/python3.7/site-packages/urllib3/util/retry.py", line 386, in increment
    raise six.reraise(type(error), error, _stacktrace)
  File "/root/.cache/pypoetry/virtualenvs/cpdbv2-backend-VA82Wl8V-py3.7/lib/python3.7/site-packages/urllib3/packages/six.py", line 735, in reraise
    raise value
  File "/root/.cache/pypoetry/virtualenvs/cpdbv2-backend-VA82Wl8V-py3.7/lib/python3.7/site-packages/urllib3/connectionpool.py", line 677, in urlopen
    chunked=chunked,
  File "/root/.cache/pypoetry/virtualenvs/cpdbv2-backend-VA82Wl8V-py3.7/lib/python3.7/site-packages/urllib3/connectionpool.py", line 392, in _make_request
    conn.request(method, url, **httplib_request_kw)
  File "/usr/local/lib/python3.7/http/client.py", line 1281, in request
    self._send_request(method, url, body, headers, encode_chunked)
  File "/usr/local/lib/python3.7/http/client.py", line 1327, in _send_request
    self.endheaders(body, encode_chunked=encode_chunked)
  File "/usr/local/lib/python3.7/http/client.py", line 1276, in endheaders
    self._send_output(message_body, encode_chunked=encode_chunked)
  File "/usr/local/lib/python3.7/http/client.py", line 1036, in _send_output
    self.send(msg)
  File "/usr/local/lib/python3.7/http/client.py", line 976, in send
    self.connect()
  File "/root/.cache/pypoetry/virtualenvs/cpdbv2-backend-VA82Wl8V-py3.7/lib/python3.7/site-packages/urllib3/connection.py", line 187, in connect
    conn = self._new_conn()
  File "/root/.cache/pypoetry/virtualenvs/cpdbv2-backend-VA82Wl8V-py3.7/lib/python3.7/site-packages/urllib3/connection.py", line 172, in _new_conn
    self, "Failed to establish a new connection: %s" % e
urllib3.exceptions.NewConnectionError: <urllib3.connection.HTTPConnection object at 0x7ff068c74490>: Failed to establish a new connection: [Errno -2] Name or service not known
elasticsearch: DEBUG: > None
urllib3.util.retry: DEBUG: Converted retries value: False -> Retry(total=False, connect=None, read=None, redirect=0, status=None)
urllib3.connectionpool: DEBUG: Starting new HTTP connection (340): elasticsearch:9200
elasticsearch: WARNING: DELETE http://elasticsearch:9200/test_autocompletes [status:N/A request:0.005s]
Traceback (most recent call last):
  File "/root/.cache/pypoetry/virtualenvs/cpdbv2-backend-VA82Wl8V-py3.7/lib/python3.7/site-packages/urllib3/connection.py", line 160, in _new_conn
    (self._dns_host, self.port), self.timeout, **extra_kw
  File "/root/.cache/pypoetry/virtualenvs/cpdbv2-backend-VA82Wl8V-py3.7/lib/python3.7/site-packages/urllib3/util/connection.py", line 61, in create_connection
    for res in socket.getaddrinfo(host, port, family, socket.SOCK_STREAM):
  File "/usr/local/lib/python3.7/socket.py", line 752, in getaddrinfo
    for res in _socket.getaddrinfo(host, port, family, type, proto, flags):
socket.gaierror: [Errno -2] Name or service not known

During handling of the above exception, another exception occurred:

Traceback (most recent call last):
  File "/root/.cache/pypoetry/virtualenvs/cpdbv2-backend-VA82Wl8V-py3.7/lib/python3.7/site-packages/elasticsearch/connection/http_urllib3.py", line 115, in perform_request
    response = self.pool.urlopen(method, url, body, retries=False, headers=self.headers, **kw)
  File "/root/.cache/pypoetry/virtualenvs/cpdbv2-backend-VA82Wl8V-py3.7/lib/python3.7/site-packages/urllib3/connectionpool.py", line 727, in urlopen
    method, url, error=e, _pool=self, _stacktrace=sys.exc_info()[2]
  File "/root/.cache/pypoetry/virtualenvs/cpdbv2-backend-VA82Wl8V-py3.7/lib/python3.7/site-packages/urllib3/util/retry.py", line 386, in increment
    raise six.reraise(type(error), error, _stacktrace)
  File "/root/.cache/pypoetry/virtualenvs/cpdbv2-backend-VA82Wl8V-py3.7/lib/python3.7/site-packages/urllib3/packages/six.py", line 735, in reraise
    raise value
  File "/root/.cache/pypoetry/virtualenvs/cpdbv2-backend-VA82Wl8V-py3.7/lib/python3.7/site-packages/urllib3/connectionpool.py", line 677, in urlopen
    chunked=chunked,
  File "/root/.cache/pypoetry/virtualenvs/cpdbv2-backend-VA82Wl8V-py3.7/lib/python3.7/site-packages/urllib3/connectionpool.py", line 392, in _make_request
    conn.request(method, url, **httplib_request_kw)
  File "/usr/local/lib/python3.7/http/client.py", line 1281, in request
    self._send_request(method, url, body, headers, encode_chunked)
  File "/usr/local/lib/python3.7/http/client.py", line 1327, in _send_request
    self.endheaders(body, encode_chunked=encode_chunked)
  File "/usr/local/lib/python3.7/http/client.py", line 1276, in endheaders
    self._send_output(message_body, encode_chunked=encode_chunked)
  File "/usr/local/lib/python3.7/http/client.py", line 1036, in _send_output
    self.send(msg)
  File "/usr/local/lib/python3.7/http/client.py", line 976, in send
    self.connect()
  File "/root/.cache/pypoetry/virtualenvs/cpdbv2-backend-VA82Wl8V-py3.7/lib/python3.7/site-packages/urllib3/connection.py", line 187, in connect
    conn = self._new_conn()
  File "/root/.cache/pypoetry/virtualenvs/cpdbv2-backend-VA82Wl8V-py3.7/lib/python3.7/site-packages/urllib3/connection.py", line 172, in _new_conn
    self, "Failed to establish a new connection: %s" % e
urllib3.exceptions.NewConnectionError: <urllib3.connection.HTTPConnection object at 0x7ff068b3e8d0>: Failed to establish a new connection: [Errno -2] Name or service not known
elasticsearch: DEBUG: > None
--------------------- >> end captured logging << ---------------------

======================================================================
ERROR: test_get_search_query_for_type (search.tests.test_services.SearchManagerTestCase)
----------------------------------------------------------------------
Traceback (most recent call last):
  File "/usr/src/app/cpdb/search/tests/utils.py", line 12, in setUp
    autocompletes_alias.read_index.delete(ignore=404)
  File "/root/.cache/pypoetry/virtualenvs/cpdbv2-backend-VA82Wl8V-py3.7/lib/python3.7/site-packages/elasticsearch_dsl/index.py", line 222, in delete
    self.connection.indices.delete(index=self._name, **kwargs)
  File "/root/.cache/pypoetry/virtualenvs/cpdbv2-backend-VA82Wl8V-py3.7/lib/python3.7/site-packages/elasticsearch/client/utils.py", line 73, in _wrapped
    return func(*args, params=params, **kwargs)
  File "/root/.cache/pypoetry/virtualenvs/cpdbv2-backend-VA82Wl8V-py3.7/lib/python3.7/site-packages/elasticsearch/client/indices.py", line 200, in delete
    params=params)
  File "/root/.cache/pypoetry/virtualenvs/cpdbv2-backend-VA82Wl8V-py3.7/lib/python3.7/site-packages/elasticsearch/transport.py", line 312, in perform_request
    status, headers, data = connection.perform_request(method, url, params, body, ignore=ignore, timeout=timeout)
  File "/root/.cache/pypoetry/virtualenvs/cpdbv2-backend-VA82Wl8V-py3.7/lib/python3.7/site-packages/elasticsearch/connection/http_urllib3.py", line 124, in perform_request
    raise ConnectionError('N/A', str(e), e)
elasticsearch.exceptions.ConnectionError: ConnectionError(<urllib3.connection.HTTPConnection object at 0x7ff068b83b90>: Failed to establish a new connection: [Errno -2] Name or service not known) caused by: NewConnectionError(<urllib3.connection.HTTPConnection object at 0x7ff068b83b90>: Failed to establish a new connection: [Errno -2] Name or service not known)
-------------------- >> begin captured logging << --------------------
urllib3.util.retry: DEBUG: Converted retries value: False -> Retry(total=False, connect=None, read=None, redirect=0, status=None)
urllib3.connectionpool: DEBUG: Starting new HTTP connection (341): elasticsearch:9200
elasticsearch: WARNING: DELETE http://elasticsearch:9200/test_autocompletes [status:N/A request:0.005s]
Traceback (most recent call last):
  File "/root/.cache/pypoetry/virtualenvs/cpdbv2-backend-VA82Wl8V-py3.7/lib/python3.7/site-packages/urllib3/connection.py", line 160, in _new_conn
    (self._dns_host, self.port), self.timeout, **extra_kw
  File "/root/.cache/pypoetry/virtualenvs/cpdbv2-backend-VA82Wl8V-py3.7/lib/python3.7/site-packages/urllib3/util/connection.py", line 61, in create_connection
    for res in socket.getaddrinfo(host, port, family, socket.SOCK_STREAM):
  File "/usr/local/lib/python3.7/socket.py", line 752, in getaddrinfo
    for res in _socket.getaddrinfo(host, port, family, type, proto, flags):
socket.gaierror: [Errno -2] Name or service not known

During handling of the above exception, another exception occurred:

Traceback (most recent call last):
  File "/root/.cache/pypoetry/virtualenvs/cpdbv2-backend-VA82Wl8V-py3.7/lib/python3.7/site-packages/elasticsearch/connection/http_urllib3.py", line 115, in perform_request
    response = self.pool.urlopen(method, url, body, retries=False, headers=self.headers, **kw)
  File "/root/.cache/pypoetry/virtualenvs/cpdbv2-backend-VA82Wl8V-py3.7/lib/python3.7/site-packages/urllib3/connectionpool.py", line 727, in urlopen
    method, url, error=e, _pool=self, _stacktrace=sys.exc_info()[2]
  File "/root/.cache/pypoetry/virtualenvs/cpdbv2-backend-VA82Wl8V-py3.7/lib/python3.7/site-packages/urllib3/util/retry.py", line 386, in increment
    raise six.reraise(type(error), error, _stacktrace)
  File "/root/.cache/pypoetry/virtualenvs/cpdbv2-backend-VA82Wl8V-py3.7/lib/python3.7/site-packages/urllib3/packages/six.py", line 735, in reraise
    raise value
  File "/root/.cache/pypoetry/virtualenvs/cpdbv2-backend-VA82Wl8V-py3.7/lib/python3.7/site-packages/urllib3/connectionpool.py", line 677, in urlopen
    chunked=chunked,
  File "/root/.cache/pypoetry/virtualenvs/cpdbv2-backend-VA82Wl8V-py3.7/lib/python3.7/site-packages/urllib3/connectionpool.py", line 392, in _make_request
    conn.request(method, url, **httplib_request_kw)
  File "/usr/local/lib/python3.7/http/client.py", line 1281, in request
    self._send_request(method, url, body, headers, encode_chunked)
  File "/usr/local/lib/python3.7/http/client.py", line 1327, in _send_request
    self.endheaders(body, encode_chunked=encode_chunked)
  File "/usr/local/lib/python3.7/http/client.py", line 1276, in endheaders
    self._send_output(message_body, encode_chunked=encode_chunked)
  File "/usr/local/lib/python3.7/http/client.py", line 1036, in _send_output
    self.send(msg)
  File "/usr/local/lib/python3.7/http/client.py", line 976, in send
    self.connect()
  File "/root/.cache/pypoetry/virtualenvs/cpdbv2-backend-VA82Wl8V-py3.7/lib/python3.7/site-packages/urllib3/connection.py", line 187, in connect
    conn = self._new_conn()
  File "/root/.cache/pypoetry/virtualenvs/cpdbv2-backend-VA82Wl8V-py3.7/lib/python3.7/site-packages/urllib3/connection.py", line 172, in _new_conn
    self, "Failed to establish a new connection: %s" % e
urllib3.exceptions.NewConnectionError: <urllib3.connection.HTTPConnection object at 0x7ff068b80450>: Failed to establish a new connection: [Errno -2] Name or service not known
elasticsearch: DEBUG: > None
urllib3.util.retry: DEBUG: Converted retries value: False -> Retry(total=False, connect=None, read=None, redirect=0, status=None)
urllib3.connectionpool: DEBUG: Starting new HTTP connection (342): elasticsearch:9200
elasticsearch: WARNING: DELETE http://elasticsearch:9200/test_autocompletes [status:N/A request:0.004s]
Traceback (most recent call last):
  File "/root/.cache/pypoetry/virtualenvs/cpdbv2-backend-VA82Wl8V-py3.7/lib/python3.7/site-packages/urllib3/connection.py", line 160, in _new_conn
    (self._dns_host, self.port), self.timeout, **extra_kw
  File "/root/.cache/pypoetry/virtualenvs/cpdbv2-backend-VA82Wl8V-py3.7/lib/python3.7/site-packages/urllib3/util/connection.py", line 61, in create_connection
    for res in socket.getaddrinfo(host, port, family, socket.SOCK_STREAM):
  File "/usr/local/lib/python3.7/socket.py", line 752, in getaddrinfo
    for res in _socket.getaddrinfo(host, port, family, type, proto, flags):
socket.gaierror: [Errno -2] Name or service not known

During handling of the above exception, another exception occurred:

Traceback (most recent call last):
  File "/root/.cache/pypoetry/virtualenvs/cpdbv2-backend-VA82Wl8V-py3.7/lib/python3.7/site-packages/elasticsearch/connection/http_urllib3.py", line 115, in perform_request
    response = self.pool.urlopen(method, url, body, retries=False, headers=self.headers, **kw)
  File "/root/.cache/pypoetry/virtualenvs/cpdbv2-backend-VA82Wl8V-py3.7/lib/python3.7/site-packages/urllib3/connectionpool.py", line 727, in urlopen
    method, url, error=e, _pool=self, _stacktrace=sys.exc_info()[2]
  File "/root/.cache/pypoetry/virtualenvs/cpdbv2-backend-VA82Wl8V-py3.7/lib/python3.7/site-packages/urllib3/util/retry.py", line 386, in increment
    raise six.reraise(type(error), error, _stacktrace)
  File "/root/.cache/pypoetry/virtualenvs/cpdbv2-backend-VA82Wl8V-py3.7/lib/python3.7/site-packages/urllib3/packages/six.py", line 735, in reraise
    raise value
  File "/root/.cache/pypoetry/virtualenvs/cpdbv2-backend-VA82Wl8V-py3.7/lib/python3.7/site-packages/urllib3/connectionpool.py", line 677, in urlopen
    chunked=chunked,
  File "/root/.cache/pypoetry/virtualenvs/cpdbv2-backend-VA82Wl8V-py3.7/lib/python3.7/site-packages/urllib3/connectionpool.py", line 392, in _make_request
    conn.request(method, url, **httplib_request_kw)
  File "/usr/local/lib/python3.7/http/client.py", line 1281, in request
    self._send_request(method, url, body, headers, encode_chunked)
  File "/usr/local/lib/python3.7/http/client.py", line 1327, in _send_request
    self.endheaders(body, encode_chunked=encode_chunked)
  File "/usr/local/lib/python3.7/http/client.py", line 1276, in endheaders
    self._send_output(message_body, encode_chunked=encode_chunked)
  File "/usr/local/lib/python3.7/http/client.py", line 1036, in _send_output
    self.send(msg)
  File "/usr/local/lib/python3.7/http/client.py", line 976, in send
    self.connect()
  File "/root/.cache/pypoetry/virtualenvs/cpdbv2-backend-VA82Wl8V-py3.7/lib/python3.7/site-packages/urllib3/connection.py", line 187, in connect
    conn = self._new_conn()
  File "/root/.cache/pypoetry/virtualenvs/cpdbv2-backend-VA82Wl8V-py3.7/lib/python3.7/site-packages/urllib3/connection.py", line 172, in _new_conn
    self, "Failed to establish a new connection: %s" % e
urllib3.exceptions.NewConnectionError: <urllib3.connection.HTTPConnection object at 0x7ff068b35490>: Failed to establish a new connection: [Errno -2] Name or service not known
elasticsearch: DEBUG: > None
urllib3.util.retry: DEBUG: Converted retries value: False -> Retry(total=False, connect=None, read=None, redirect=0, status=None)
urllib3.connectionpool: DEBUG: Starting new HTTP connection (343): elasticsearch:9200
elasticsearch: WARNING: DELETE http://elasticsearch:9200/test_autocompletes [status:N/A request:0.005s]
Traceback (most recent call last):
  File "/root/.cache/pypoetry/virtualenvs/cpdbv2-backend-VA82Wl8V-py3.7/lib/python3.7/site-packages/urllib3/connection.py", line 160, in _new_conn
    (self._dns_host, self.port), self.timeout, **extra_kw
  File "/root/.cache/pypoetry/virtualenvs/cpdbv2-backend-VA82Wl8V-py3.7/lib/python3.7/site-packages/urllib3/util/connection.py", line 61, in create_connection
    for res in socket.getaddrinfo(host, port, family, socket.SOCK_STREAM):
  File "/usr/local/lib/python3.7/socket.py", line 752, in getaddrinfo
    for res in _socket.getaddrinfo(host, port, family, type, proto, flags):
socket.gaierror: [Errno -2] Name or service not known

During handling of the above exception, another exception occurred:

Traceback (most recent call last):
  File "/root/.cache/pypoetry/virtualenvs/cpdbv2-backend-VA82Wl8V-py3.7/lib/python3.7/site-packages/elasticsearch/connection/http_urllib3.py", line 115, in perform_request
    response = self.pool.urlopen(method, url, body, retries=False, headers=self.headers, **kw)
  File "/root/.cache/pypoetry/virtualenvs/cpdbv2-backend-VA82Wl8V-py3.7/lib/python3.7/site-packages/urllib3/connectionpool.py", line 727, in urlopen
    method, url, error=e, _pool=self, _stacktrace=sys.exc_info()[2]
  File "/root/.cache/pypoetry/virtualenvs/cpdbv2-backend-VA82Wl8V-py3.7/lib/python3.7/site-packages/urllib3/util/retry.py", line 386, in increment
    raise six.reraise(type(error), error, _stacktrace)
  File "/root/.cache/pypoetry/virtualenvs/cpdbv2-backend-VA82Wl8V-py3.7/lib/python3.7/site-packages/urllib3/packages/six.py", line 735, in reraise
    raise value
  File "/root/.cache/pypoetry/virtualenvs/cpdbv2-backend-VA82Wl8V-py3.7/lib/python3.7/site-packages/urllib3/connectionpool.py", line 677, in urlopen
    chunked=chunked,
  File "/root/.cache/pypoetry/virtualenvs/cpdbv2-backend-VA82Wl8V-py3.7/lib/python3.7/site-packages/urllib3/connectionpool.py", line 392, in _make_request
    conn.request(method, url, **httplib_request_kw)
  File "/usr/local/lib/python3.7/http/client.py", line 1281, in request
    self._send_request(method, url, body, headers, encode_chunked)
  File "/usr/local/lib/python3.7/http/client.py", line 1327, in _send_request
    self.endheaders(body, encode_chunked=encode_chunked)
  File "/usr/local/lib/python3.7/http/client.py", line 1276, in endheaders
    self._send_output(message_body, encode_chunked=encode_chunked)
  File "/usr/local/lib/python3.7/http/client.py", line 1036, in _send_output
    self.send(msg)
  File "/usr/local/lib/python3.7/http/client.py", line 976, in send
    self.connect()
  File "/root/.cache/pypoetry/virtualenvs/cpdbv2-backend-VA82Wl8V-py3.7/lib/python3.7/site-packages/urllib3/connection.py", line 187, in connect
    conn = self._new_conn()
  File "/root/.cache/pypoetry/virtualenvs/cpdbv2-backend-VA82Wl8V-py3.7/lib/python3.7/site-packages/urllib3/connection.py", line 172, in _new_conn
    self, "Failed to establish a new connection: %s" % e
urllib3.exceptions.NewConnectionError: <urllib3.connection.HTTPConnection object at 0x7ff068c19690>: Failed to establish a new connection: [Errno -2] Name or service not known
elasticsearch: DEBUG: > None
urllib3.util.retry: DEBUG: Converted retries value: False -> Retry(total=False, connect=None, read=None, redirect=0, status=None)
urllib3.connectionpool: DEBUG: Starting new HTTP connection (344): elasticsearch:9200
elasticsearch: WARNING: DELETE http://elasticsearch:9200/test_autocompletes [status:N/A request:0.005s]
Traceback (most recent call last):
  File "/root/.cache/pypoetry/virtualenvs/cpdbv2-backend-VA82Wl8V-py3.7/lib/python3.7/site-packages/urllib3/connection.py", line 160, in _new_conn
    (self._dns_host, self.port), self.timeout, **extra_kw
  File "/root/.cache/pypoetry/virtualenvs/cpdbv2-backend-VA82Wl8V-py3.7/lib/python3.7/site-packages/urllib3/util/connection.py", line 61, in create_connection
    for res in socket.getaddrinfo(host, port, family, socket.SOCK_STREAM):
  File "/usr/local/lib/python3.7/socket.py", line 752, in getaddrinfo
    for res in _socket.getaddrinfo(host, port, family, type, proto, flags):
socket.gaierror: [Errno -2] Name or service not known

During handling of the above exception, another exception occurred:

Traceback (most recent call last):
  File "/root/.cache/pypoetry/virtualenvs/cpdbv2-backend-VA82Wl8V-py3.7/lib/python3.7/site-packages/elasticsearch/connection/http_urllib3.py", line 115, in perform_request
    response = self.pool.urlopen(method, url, body, retries=False, headers=self.headers, **kw)
  File "/root/.cache/pypoetry/virtualenvs/cpdbv2-backend-VA82Wl8V-py3.7/lib/python3.7/site-packages/urllib3/connectionpool.py", line 727, in urlopen
    method, url, error=e, _pool=self, _stacktrace=sys.exc_info()[2]
  File "/root/.cache/pypoetry/virtualenvs/cpdbv2-backend-VA82Wl8V-py3.7/lib/python3.7/site-packages/urllib3/util/retry.py", line 386, in increment
    raise six.reraise(type(error), error, _stacktrace)
  File "/root/.cache/pypoetry/virtualenvs/cpdbv2-backend-VA82Wl8V-py3.7/lib/python3.7/site-packages/urllib3/packages/six.py", line 735, in reraise
    raise value
  File "/root/.cache/pypoetry/virtualenvs/cpdbv2-backend-VA82Wl8V-py3.7/lib/python3.7/site-packages/urllib3/connectionpool.py", line 677, in urlopen
    chunked=chunked,
  File "/root/.cache/pypoetry/virtualenvs/cpdbv2-backend-VA82Wl8V-py3.7/lib/python3.7/site-packages/urllib3/connectionpool.py", line 392, in _make_request
    conn.request(method, url, **httplib_request_kw)
  File "/usr/local/lib/python3.7/http/client.py", line 1281, in request
    self._send_request(method, url, body, headers, encode_chunked)
  File "/usr/local/lib/python3.7/http/client.py", line 1327, in _send_request
    self.endheaders(body, encode_chunked=encode_chunked)
  File "/usr/local/lib/python3.7/http/client.py", line 1276, in endheaders
    self._send_output(message_body, encode_chunked=encode_chunked)
  File "/usr/local/lib/python3.7/http/client.py", line 1036, in _send_output
    self.send(msg)
  File "/usr/local/lib/python3.7/http/client.py", line 976, in send
    self.connect()
  File "/root/.cache/pypoetry/virtualenvs/cpdbv2-backend-VA82Wl8V-py3.7/lib/python3.7/site-packages/urllib3/connection.py", line 187, in connect
    conn = self._new_conn()
  File "/root/.cache/pypoetry/virtualenvs/cpdbv2-backend-VA82Wl8V-py3.7/lib/python3.7/site-packages/urllib3/connection.py", line 172, in _new_conn
    self, "Failed to establish a new connection: %s" % e
urllib3.exceptions.NewConnectionError: <urllib3.connection.HTTPConnection object at 0x7ff068b83b90>: Failed to establish a new connection: [Errno -2] Name or service not known
elasticsearch: DEBUG: > None
--------------------- >> end captured logging << ---------------------

======================================================================
ERROR: test_get_search_query_for_type_with_date (search.tests.test_services.SearchManagerTestCase)
----------------------------------------------------------------------
Traceback (most recent call last):
  File "/usr/src/app/cpdb/search/tests/utils.py", line 12, in setUp
    autocompletes_alias.read_index.delete(ignore=404)
  File "/root/.cache/pypoetry/virtualenvs/cpdbv2-backend-VA82Wl8V-py3.7/lib/python3.7/site-packages/elasticsearch_dsl/index.py", line 222, in delete
    self.connection.indices.delete(index=self._name, **kwargs)
  File "/root/.cache/pypoetry/virtualenvs/cpdbv2-backend-VA82Wl8V-py3.7/lib/python3.7/site-packages/elasticsearch/client/utils.py", line 73, in _wrapped
    return func(*args, params=params, **kwargs)
  File "/root/.cache/pypoetry/virtualenvs/cpdbv2-backend-VA82Wl8V-py3.7/lib/python3.7/site-packages/elasticsearch/client/indices.py", line 200, in delete
    params=params)
  File "/root/.cache/pypoetry/virtualenvs/cpdbv2-backend-VA82Wl8V-py3.7/lib/python3.7/site-packages/elasticsearch/transport.py", line 312, in perform_request
    status, headers, data = connection.perform_request(method, url, params, body, ignore=ignore, timeout=timeout)
  File "/root/.cache/pypoetry/virtualenvs/cpdbv2-backend-VA82Wl8V-py3.7/lib/python3.7/site-packages/elasticsearch/connection/http_urllib3.py", line 124, in perform_request
    raise ConnectionError('N/A', str(e), e)
elasticsearch.exceptions.ConnectionError: ConnectionError(<urllib3.connection.HTTPConnection object at 0x7ff068b44890>: Failed to establish a new connection: [Errno -2] Name or service not known) caused by: NewConnectionError(<urllib3.connection.HTTPConnection object at 0x7ff068b44890>: Failed to establish a new connection: [Errno -2] Name or service not known)
-------------------- >> begin captured logging << --------------------
urllib3.util.retry: DEBUG: Converted retries value: False -> Retry(total=False, connect=None, read=None, redirect=0, status=None)
urllib3.connectionpool: DEBUG: Starting new HTTP connection (345): elasticsearch:9200
elasticsearch: WARNING: DELETE http://elasticsearch:9200/test_autocompletes [status:N/A request:0.004s]
Traceback (most recent call last):
  File "/root/.cache/pypoetry/virtualenvs/cpdbv2-backend-VA82Wl8V-py3.7/lib/python3.7/site-packages/urllib3/connection.py", line 160, in _new_conn
    (self._dns_host, self.port), self.timeout, **extra_kw
  File "/root/.cache/pypoetry/virtualenvs/cpdbv2-backend-VA82Wl8V-py3.7/lib/python3.7/site-packages/urllib3/util/connection.py", line 61, in create_connection
    for res in socket.getaddrinfo(host, port, family, socket.SOCK_STREAM):
  File "/usr/local/lib/python3.7/socket.py", line 752, in getaddrinfo
    for res in _socket.getaddrinfo(host, port, family, type, proto, flags):
socket.gaierror: [Errno -2] Name or service not known

During handling of the above exception, another exception occurred:

Traceback (most recent call last):
  File "/root/.cache/pypoetry/virtualenvs/cpdbv2-backend-VA82Wl8V-py3.7/lib/python3.7/site-packages/elasticsearch/connection/http_urllib3.py", line 115, in perform_request
    response = self.pool.urlopen(method, url, body, retries=False, headers=self.headers, **kw)
  File "/root/.cache/pypoetry/virtualenvs/cpdbv2-backend-VA82Wl8V-py3.7/lib/python3.7/site-packages/urllib3/connectionpool.py", line 727, in urlopen
    method, url, error=e, _pool=self, _stacktrace=sys.exc_info()[2]
  File "/root/.cache/pypoetry/virtualenvs/cpdbv2-backend-VA82Wl8V-py3.7/lib/python3.7/site-packages/urllib3/util/retry.py", line 386, in increment
    raise six.reraise(type(error), error, _stacktrace)
  File "/root/.cache/pypoetry/virtualenvs/cpdbv2-backend-VA82Wl8V-py3.7/lib/python3.7/site-packages/urllib3/packages/six.py", line 735, in reraise
    raise value
  File "/root/.cache/pypoetry/virtualenvs/cpdbv2-backend-VA82Wl8V-py3.7/lib/python3.7/site-packages/urllib3/connectionpool.py", line 677, in urlopen
    chunked=chunked,
  File "/root/.cache/pypoetry/virtualenvs/cpdbv2-backend-VA82Wl8V-py3.7/lib/python3.7/site-packages/urllib3/connectionpool.py", line 392, in _make_request
    conn.request(method, url, **httplib_request_kw)
  File "/usr/local/lib/python3.7/http/client.py", line 1281, in request
    self._send_request(method, url, body, headers, encode_chunked)
  File "/usr/local/lib/python3.7/http/client.py", line 1327, in _send_request
    self.endheaders(body, encode_chunked=encode_chunked)
  File "/usr/local/lib/python3.7/http/client.py", line 1276, in endheaders
    self._send_output(message_body, encode_chunked=encode_chunked)
  File "/usr/local/lib/python3.7/http/client.py", line 1036, in _send_output
    self.send(msg)
  File "/usr/local/lib/python3.7/http/client.py", line 976, in send
    self.connect()
  File "/root/.cache/pypoetry/virtualenvs/cpdbv2-backend-VA82Wl8V-py3.7/lib/python3.7/site-packages/urllib3/connection.py", line 187, in connect
    conn = self._new_conn()
  File "/root/.cache/pypoetry/virtualenvs/cpdbv2-backend-VA82Wl8V-py3.7/lib/python3.7/site-packages/urllib3/connection.py", line 172, in _new_conn
    self, "Failed to establish a new connection: %s" % e
urllib3.exceptions.NewConnectionError: <urllib3.connection.HTTPConnection object at 0x7ff068c0b510>: Failed to establish a new connection: [Errno -2] Name or service not known
elasticsearch: DEBUG: > None
urllib3.util.retry: DEBUG: Converted retries value: False -> Retry(total=False, connect=None, read=None, redirect=0, status=None)
urllib3.connectionpool: DEBUG: Starting new HTTP connection (346): elasticsearch:9200
elasticsearch: WARNING: DELETE http://elasticsearch:9200/test_autocompletes [status:N/A request:0.004s]
Traceback (most recent call last):
  File "/root/.cache/pypoetry/virtualenvs/cpdbv2-backend-VA82Wl8V-py3.7/lib/python3.7/site-packages/urllib3/connection.py", line 160, in _new_conn
    (self._dns_host, self.port), self.timeout, **extra_kw
  File "/root/.cache/pypoetry/virtualenvs/cpdbv2-backend-VA82Wl8V-py3.7/lib/python3.7/site-packages/urllib3/util/connection.py", line 61, in create_connection
    for res in socket.getaddrinfo(host, port, family, socket.SOCK_STREAM):
  File "/usr/local/lib/python3.7/socket.py", line 752, in getaddrinfo
    for res in _socket.getaddrinfo(host, port, family, type, proto, flags):
socket.gaierror: [Errno -2] Name or service not known

During handling of the above exception, another exception occurred:

Traceback (most recent call last):
  File "/root/.cache/pypoetry/virtualenvs/cpdbv2-backend-VA82Wl8V-py3.7/lib/python3.7/site-packages/elasticsearch/connection/http_urllib3.py", line 115, in perform_request
    response = self.pool.urlopen(method, url, body, retries=False, headers=self.headers, **kw)
  File "/root/.cache/pypoetry/virtualenvs/cpdbv2-backend-VA82Wl8V-py3.7/lib/python3.7/site-packages/urllib3/connectionpool.py", line 727, in urlopen
    method, url, error=e, _pool=self, _stacktrace=sys.exc_info()[2]
  File "/root/.cache/pypoetry/virtualenvs/cpdbv2-backend-VA82Wl8V-py3.7/lib/python3.7/site-packages/urllib3/util/retry.py", line 386, in increment
    raise six.reraise(type(error), error, _stacktrace)
  File "/root/.cache/pypoetry/virtualenvs/cpdbv2-backend-VA82Wl8V-py3.7/lib/python3.7/site-packages/urllib3/packages/six.py", line 735, in reraise
    raise value
  File "/root/.cache/pypoetry/virtualenvs/cpdbv2-backend-VA82Wl8V-py3.7/lib/python3.7/site-packages/urllib3/connectionpool.py", line 677, in urlopen
    chunked=chunked,
  File "/root/.cache/pypoetry/virtualenvs/cpdbv2-backend-VA82Wl8V-py3.7/lib/python3.7/site-packages/urllib3/connectionpool.py", line 392, in _make_request
    conn.request(method, url, **httplib_request_kw)
  File "/usr/local/lib/python3.7/http/client.py", line 1281, in request
    self._send_request(method, url, body, headers, encode_chunked)
  File "/usr/local/lib/python3.7/http/client.py", line 1327, in _send_request
    self.endheaders(body, encode_chunked=encode_chunked)
  File "/usr/local/lib/python3.7/http/client.py", line 1276, in endheaders
    self._send_output(message_body, encode_chunked=encode_chunked)
  File "/usr/local/lib/python3.7/http/client.py", line 1036, in _send_output
    self.send(msg)
  File "/usr/local/lib/python3.7/http/client.py", line 976, in send
    self.connect()
  File "/root/.cache/pypoetry/virtualenvs/cpdbv2-backend-VA82Wl8V-py3.7/lib/python3.7/site-packages/urllib3/connection.py", line 187, in connect
    conn = self._new_conn()
  File "/root/.cache/pypoetry/virtualenvs/cpdbv2-backend-VA82Wl8V-py3.7/lib/python3.7/site-packages/urllib3/connection.py", line 172, in _new_conn
    self, "Failed to establish a new connection: %s" % e
urllib3.exceptions.NewConnectionError: <urllib3.connection.HTTPConnection object at 0x7ff068beb990>: Failed to establish a new connection: [Errno -2] Name or service not known
elasticsearch: DEBUG: > None
urllib3.util.retry: DEBUG: Converted retries value: False -> Retry(total=False, connect=None, read=None, redirect=0, status=None)
urllib3.connectionpool: DEBUG: Starting new HTTP connection (347): elasticsearch:9200
elasticsearch: WARNING: DELETE http://elasticsearch:9200/test_autocompletes [status:N/A request:0.004s]
Traceback (most recent call last):
  File "/root/.cache/pypoetry/virtualenvs/cpdbv2-backend-VA82Wl8V-py3.7/lib/python3.7/site-packages/urllib3/connection.py", line 160, in _new_conn
    (self._dns_host, self.port), self.timeout, **extra_kw
  File "/root/.cache/pypoetry/virtualenvs/cpdbv2-backend-VA82Wl8V-py3.7/lib/python3.7/site-packages/urllib3/util/connection.py", line 61, in create_connection
    for res in socket.getaddrinfo(host, port, family, socket.SOCK_STREAM):
  File "/usr/local/lib/python3.7/socket.py", line 752, in getaddrinfo
    for res in _socket.getaddrinfo(host, port, family, type, proto, flags):
socket.gaierror: [Errno -2] Name or service not known

During handling of the above exception, another exception occurred:

Traceback (most recent call last):
  File "/root/.cache/pypoetry/virtualenvs/cpdbv2-backend-VA82Wl8V-py3.7/lib/python3.7/site-packages/elasticsearch/connection/http_urllib3.py", line 115, in perform_request
    response = self.pool.urlopen(method, url, body, retries=False, headers=self.headers, **kw)
  File "/root/.cache/pypoetry/virtualenvs/cpdbv2-backend-VA82Wl8V-py3.7/lib/python3.7/site-packages/urllib3/connectionpool.py", line 727, in urlopen
    method, url, error=e, _pool=self, _stacktrace=sys.exc_info()[2]
  File "/root/.cache/pypoetry/virtualenvs/cpdbv2-backend-VA82Wl8V-py3.7/lib/python3.7/site-packages/urllib3/util/retry.py", line 386, in increment
    raise six.reraise(type(error), error, _stacktrace)
  File "/root/.cache/pypoetry/virtualenvs/cpdbv2-backend-VA82Wl8V-py3.7/lib/python3.7/site-packages/urllib3/packages/six.py", line 735, in reraise
    raise value
  File "/root/.cache/pypoetry/virtualenvs/cpdbv2-backend-VA82Wl8V-py3.7/lib/python3.7/site-packages/urllib3/connectionpool.py", line 677, in urlopen
    chunked=chunked,
  File "/root/.cache/pypoetry/virtualenvs/cpdbv2-backend-VA82Wl8V-py3.7/lib/python3.7/site-packages/urllib3/connectionpool.py", line 392, in _make_request
    conn.request(method, url, **httplib_request_kw)
  File "/usr/local/lib/python3.7/http/client.py", line 1281, in request
    self._send_request(method, url, body, headers, encode_chunked)
  File "/usr/local/lib/python3.7/http/client.py", line 1327, in _send_request
    self.endheaders(body, encode_chunked=encode_chunked)
  File "/usr/local/lib/python3.7/http/client.py", line 1276, in endheaders
    self._send_output(message_body, encode_chunked=encode_chunked)
  File "/usr/local/lib/python3.7/http/client.py", line 1036, in _send_output
    self.send(msg)
  File "/usr/local/lib/python3.7/http/client.py", line 976, in send
    self.connect()
  File "/root/.cache/pypoetry/virtualenvs/cpdbv2-backend-VA82Wl8V-py3.7/lib/python3.7/site-packages/urllib3/connection.py", line 187, in connect
    conn = self._new_conn()
  File "/root/.cache/pypoetry/virtualenvs/cpdbv2-backend-VA82Wl8V-py3.7/lib/python3.7/site-packages/urllib3/connection.py", line 172, in _new_conn
    self, "Failed to establish a new connection: %s" % e
urllib3.exceptions.NewConnectionError: <urllib3.connection.HTTPConnection object at 0x7ff068b4ee90>: Failed to establish a new connection: [Errno -2] Name or service not known
elasticsearch: DEBUG: > None
urllib3.util.retry: DEBUG: Converted retries value: False -> Retry(total=False, connect=None, read=None, redirect=0, status=None)
urllib3.connectionpool: DEBUG: Starting new HTTP connection (348): elasticsearch:9200
elasticsearch: WARNING: DELETE http://elasticsearch:9200/test_autocompletes [status:N/A request:0.004s]
Traceback (most recent call last):
  File "/root/.cache/pypoetry/virtualenvs/cpdbv2-backend-VA82Wl8V-py3.7/lib/python3.7/site-packages/urllib3/connection.py", line 160, in _new_conn
    (self._dns_host, self.port), self.timeout, **extra_kw
  File "/root/.cache/pypoetry/virtualenvs/cpdbv2-backend-VA82Wl8V-py3.7/lib/python3.7/site-packages/urllib3/util/connection.py", line 61, in create_connection
    for res in socket.getaddrinfo(host, port, family, socket.SOCK_STREAM):
  File "/usr/local/lib/python3.7/socket.py", line 752, in getaddrinfo
    for res in _socket.getaddrinfo(host, port, family, type, proto, flags):
socket.gaierror: [Errno -2] Name or service not known

During handling of the above exception, another exception occurred:

Traceback (most recent call last):
  File "/root/.cache/pypoetry/virtualenvs/cpdbv2-backend-VA82Wl8V-py3.7/lib/python3.7/site-packages/elasticsearch/connection/http_urllib3.py", line 115, in perform_request
    response = self.pool.urlopen(method, url, body, retries=False, headers=self.headers, **kw)
  File "/root/.cache/pypoetry/virtualenvs/cpdbv2-backend-VA82Wl8V-py3.7/lib/python3.7/site-packages/urllib3/connectionpool.py", line 727, in urlopen
    method, url, error=e, _pool=self, _stacktrace=sys.exc_info()[2]
  File "/root/.cache/pypoetry/virtualenvs/cpdbv2-backend-VA82Wl8V-py3.7/lib/python3.7/site-packages/urllib3/util/retry.py", line 386, in increment
    raise six.reraise(type(error), error, _stacktrace)
  File "/root/.cache/pypoetry/virtualenvs/cpdbv2-backend-VA82Wl8V-py3.7/lib/python3.7/site-packages/urllib3/packages/six.py", line 735, in reraise
    raise value
  File "/root/.cache/pypoetry/virtualenvs/cpdbv2-backend-VA82Wl8V-py3.7/lib/python3.7/site-packages/urllib3/connectionpool.py", line 677, in urlopen
    chunked=chunked,
  File "/root/.cache/pypoetry/virtualenvs/cpdbv2-backend-VA82Wl8V-py3.7/lib/python3.7/site-packages/urllib3/connectionpool.py", line 392, in _make_request
    conn.request(method, url, **httplib_request_kw)
  File "/usr/local/lib/python3.7/http/client.py", line 1281, in request
    self._send_request(method, url, body, headers, encode_chunked)
  File "/usr/local/lib/python3.7/http/client.py", line 1327, in _send_request
    self.endheaders(body, encode_chunked=encode_chunked)
  File "/usr/local/lib/python3.7/http/client.py", line 1276, in endheaders
    self._send_output(message_body, encode_chunked=encode_chunked)
  File "/usr/local/lib/python3.7/http/client.py", line 1036, in _send_output
    self.send(msg)
  File "/usr/local/lib/python3.7/http/client.py", line 976, in send
    self.connect()
  File "/root/.cache/pypoetry/virtualenvs/cpdbv2-backend-VA82Wl8V-py3.7/lib/python3.7/site-packages/urllib3/connection.py", line 187, in connect
    conn = self._new_conn()
  File "/root/.cache/pypoetry/virtualenvs/cpdbv2-backend-VA82Wl8V-py3.7/lib/python3.7/site-packages/urllib3/connection.py", line 172, in _new_conn
    self, "Failed to establish a new connection: %s" % e
urllib3.exceptions.NewConnectionError: <urllib3.connection.HTTPConnection object at 0x7ff068b44890>: Failed to establish a new connection: [Errno -2] Name or service not known
elasticsearch: DEBUG: > None
--------------------- >> end captured logging << ---------------------

======================================================================
ERROR: test_hooks (search.tests.test_services.SearchManagerTestCase)
----------------------------------------------------------------------
Traceback (most recent call last):
  File "/usr/src/app/cpdb/search/tests/utils.py", line 12, in setUp
    autocompletes_alias.read_index.delete(ignore=404)
  File "/root/.cache/pypoetry/virtualenvs/cpdbv2-backend-VA82Wl8V-py3.7/lib/python3.7/site-packages/elasticsearch_dsl/index.py", line 222, in delete
    self.connection.indices.delete(index=self._name, **kwargs)
  File "/root/.cache/pypoetry/virtualenvs/cpdbv2-backend-VA82Wl8V-py3.7/lib/python3.7/site-packages/elasticsearch/client/utils.py", line 73, in _wrapped
    return func(*args, params=params, **kwargs)
  File "/root/.cache/pypoetry/virtualenvs/cpdbv2-backend-VA82Wl8V-py3.7/lib/python3.7/site-packages/elasticsearch/client/indices.py", line 200, in delete
    params=params)
  File "/root/.cache/pypoetry/virtualenvs/cpdbv2-backend-VA82Wl8V-py3.7/lib/python3.7/site-packages/elasticsearch/transport.py", line 312, in perform_request
    status, headers, data = connection.perform_request(method, url, params, body, ignore=ignore, timeout=timeout)
  File "/root/.cache/pypoetry/virtualenvs/cpdbv2-backend-VA82Wl8V-py3.7/lib/python3.7/site-packages/elasticsearch/connection/http_urllib3.py", line 124, in perform_request
    raise ConnectionError('N/A', str(e), e)
elasticsearch.exceptions.ConnectionError: ConnectionError(<urllib3.connection.HTTPConnection object at 0x7ff068b3ea90>: Failed to establish a new connection: [Errno -2] Name or service not known) caused by: NewConnectionError(<urllib3.connection.HTTPConnection object at 0x7ff068b3ea90>: Failed to establish a new connection: [Errno -2] Name or service not known)
-------------------- >> begin captured logging << --------------------
urllib3.util.retry: DEBUG: Converted retries value: False -> Retry(total=False, connect=None, read=None, redirect=0, status=None)
urllib3.connectionpool: DEBUG: Starting new HTTP connection (349): elasticsearch:9200
elasticsearch: WARNING: DELETE http://elasticsearch:9200/test_autocompletes [status:N/A request:0.004s]
Traceback (most recent call last):
  File "/root/.cache/pypoetry/virtualenvs/cpdbv2-backend-VA82Wl8V-py3.7/lib/python3.7/site-packages/urllib3/connection.py", line 160, in _new_conn
    (self._dns_host, self.port), self.timeout, **extra_kw
  File "/root/.cache/pypoetry/virtualenvs/cpdbv2-backend-VA82Wl8V-py3.7/lib/python3.7/site-packages/urllib3/util/connection.py", line 61, in create_connection
    for res in socket.getaddrinfo(host, port, family, socket.SOCK_STREAM):
  File "/usr/local/lib/python3.7/socket.py", line 752, in getaddrinfo
    for res in _socket.getaddrinfo(host, port, family, type, proto, flags):
socket.gaierror: [Errno -2] Name or service not known

During handling of the above exception, another exception occurred:

Traceback (most recent call last):
  File "/root/.cache/pypoetry/virtualenvs/cpdbv2-backend-VA82Wl8V-py3.7/lib/python3.7/site-packages/elasticsearch/connection/http_urllib3.py", line 115, in perform_request
    response = self.pool.urlopen(method, url, body, retries=False, headers=self.headers, **kw)
  File "/root/.cache/pypoetry/virtualenvs/cpdbv2-backend-VA82Wl8V-py3.7/lib/python3.7/site-packages/urllib3/connectionpool.py", line 727, in urlopen
    method, url, error=e, _pool=self, _stacktrace=sys.exc_info()[2]
  File "/root/.cache/pypoetry/virtualenvs/cpdbv2-backend-VA82Wl8V-py3.7/lib/python3.7/site-packages/urllib3/util/retry.py", line 386, in increment
    raise six.reraise(type(error), error, _stacktrace)
  File "/root/.cache/pypoetry/virtualenvs/cpdbv2-backend-VA82Wl8V-py3.7/lib/python3.7/site-packages/urllib3/packages/six.py", line 735, in reraise
    raise value
  File "/root/.cache/pypoetry/virtualenvs/cpdbv2-backend-VA82Wl8V-py3.7/lib/python3.7/site-packages/urllib3/connectionpool.py", line 677, in urlopen
    chunked=chunked,
  File "/root/.cache/pypoetry/virtualenvs/cpdbv2-backend-VA82Wl8V-py3.7/lib/python3.7/site-packages/urllib3/connectionpool.py", line 392, in _make_request
    conn.request(method, url, **httplib_request_kw)
  File "/usr/local/lib/python3.7/http/client.py", line 1281, in request
    self._send_request(method, url, body, headers, encode_chunked)
  File "/usr/local/lib/python3.7/http/client.py", line 1327, in _send_request
    self.endheaders(body, encode_chunked=encode_chunked)
  File "/usr/local/lib/python3.7/http/client.py", line 1276, in endheaders
    self._send_output(message_body, encode_chunked=encode_chunked)
  File "/usr/local/lib/python3.7/http/client.py", line 1036, in _send_output
    self.send(msg)
  File "/usr/local/lib/python3.7/http/client.py", line 976, in send
    self.connect()
  File "/root/.cache/pypoetry/virtualenvs/cpdbv2-backend-VA82Wl8V-py3.7/lib/python3.7/site-packages/urllib3/connection.py", line 187, in connect
    conn = self._new_conn()
  File "/root/.cache/pypoetry/virtualenvs/cpdbv2-backend-VA82Wl8V-py3.7/lib/python3.7/site-packages/urllib3/connection.py", line 172, in _new_conn
    self, "Failed to establish a new connection: %s" % e
urllib3.exceptions.NewConnectionError: <urllib3.connection.HTTPConnection object at 0x7ff068b35a10>: Failed to establish a new connection: [Errno -2] Name or service not known
elasticsearch: DEBUG: > None
urllib3.util.retry: DEBUG: Converted retries value: False -> Retry(total=False, connect=None, read=None, redirect=0, status=None)
urllib3.connectionpool: DEBUG: Starting new HTTP connection (350): elasticsearch:9200
elasticsearch: WARNING: DELETE http://elasticsearch:9200/test_autocompletes [status:N/A request:0.004s]
Traceback (most recent call last):
  File "/root/.cache/pypoetry/virtualenvs/cpdbv2-backend-VA82Wl8V-py3.7/lib/python3.7/site-packages/urllib3/connection.py", line 160, in _new_conn
    (self._dns_host, self.port), self.timeout, **extra_kw
  File "/root/.cache/pypoetry/virtualenvs/cpdbv2-backend-VA82Wl8V-py3.7/lib/python3.7/site-packages/urllib3/util/connection.py", line 61, in create_connection
    for res in socket.getaddrinfo(host, port, family, socket.SOCK_STREAM):
  File "/usr/local/lib/python3.7/socket.py", line 752, in getaddrinfo
    for res in _socket.getaddrinfo(host, port, family, type, proto, flags):
socket.gaierror: [Errno -2] Name or service not known

During handling of the above exception, another exception occurred:

Traceback (most recent call last):
  File "/root/.cache/pypoetry/virtualenvs/cpdbv2-backend-VA82Wl8V-py3.7/lib/python3.7/site-packages/elasticsearch/connection/http_urllib3.py", line 115, in perform_request
    response = self.pool.urlopen(method, url, body, retries=False, headers=self.headers, **kw)
  File "/root/.cache/pypoetry/virtualenvs/cpdbv2-backend-VA82Wl8V-py3.7/lib/python3.7/site-packages/urllib3/connectionpool.py", line 727, in urlopen
    method, url, error=e, _pool=self, _stacktrace=sys.exc_info()[2]
  File "/root/.cache/pypoetry/virtualenvs/cpdbv2-backend-VA82Wl8V-py3.7/lib/python3.7/site-packages/urllib3/util/retry.py", line 386, in increment
    raise six.reraise(type(error), error, _stacktrace)
  File "/root/.cache/pypoetry/virtualenvs/cpdbv2-backend-VA82Wl8V-py3.7/lib/python3.7/site-packages/urllib3/packages/six.py", line 735, in reraise
    raise value
  File "/root/.cache/pypoetry/virtualenvs/cpdbv2-backend-VA82Wl8V-py3.7/lib/python3.7/site-packages/urllib3/connectionpool.py", line 677, in urlopen
    chunked=chunked,
  File "/root/.cache/pypoetry/virtualenvs/cpdbv2-backend-VA82Wl8V-py3.7/lib/python3.7/site-packages/urllib3/connectionpool.py", line 392, in _make_request
    conn.request(method, url, **httplib_request_kw)
  File "/usr/local/lib/python3.7/http/client.py", line 1281, in request
    self._send_request(method, url, body, headers, encode_chunked)
  File "/usr/local/lib/python3.7/http/client.py", line 1327, in _send_request
    self.endheaders(body, encode_chunked=encode_chunked)
  File "/usr/local/lib/python3.7/http/client.py", line 1276, in endheaders
    self._send_output(message_body, encode_chunked=encode_chunked)
  File "/usr/local/lib/python3.7/http/client.py", line 1036, in _send_output
    self.send(msg)
  File "/usr/local/lib/python3.7/http/client.py", line 976, in send
    self.connect()
  File "/root/.cache/pypoetry/virtualenvs/cpdbv2-backend-VA82Wl8V-py3.7/lib/python3.7/site-packages/urllib3/connection.py", line 187, in connect
    conn = self._new_conn()
  File "/root/.cache/pypoetry/virtualenvs/cpdbv2-backend-VA82Wl8V-py3.7/lib/python3.7/site-packages/urllib3/connection.py", line 172, in _new_conn
    self, "Failed to establish a new connection: %s" % e
urllib3.exceptions.NewConnectionError: <urllib3.connection.HTTPConnection object at 0x7ff068b804d0>: Failed to establish a new connection: [Errno -2] Name or service not known
elasticsearch: DEBUG: > None
urllib3.util.retry: DEBUG: Converted retries value: False -> Retry(total=False, connect=None, read=None, redirect=0, status=None)
urllib3.connectionpool: DEBUG: Starting new HTTP connection (351): elasticsearch:9200
elasticsearch: WARNING: DELETE http://elasticsearch:9200/test_autocompletes [status:N/A request:0.004s]
Traceback (most recent call last):
  File "/root/.cache/pypoetry/virtualenvs/cpdbv2-backend-VA82Wl8V-py3.7/lib/python3.7/site-packages/urllib3/connection.py", line 160, in _new_conn
    (self._dns_host, self.port), self.timeout, **extra_kw
  File "/root/.cache/pypoetry/virtualenvs/cpdbv2-backend-VA82Wl8V-py3.7/lib/python3.7/site-packages/urllib3/util/connection.py", line 61, in create_connection
    for res in socket.getaddrinfo(host, port, family, socket.SOCK_STREAM):
  File "/usr/local/lib/python3.7/socket.py", line 752, in getaddrinfo
    for res in _socket.getaddrinfo(host, port, family, type, proto, flags):
socket.gaierror: [Errno -2] Name or service not known

During handling of the above exception, another exception occurred:

Traceback (most recent call last):
  File "/root/.cache/pypoetry/virtualenvs/cpdbv2-backend-VA82Wl8V-py3.7/lib/python3.7/site-packages/elasticsearch/connection/http_urllib3.py", line 115, in perform_request
    response = self.pool.urlopen(method, url, body, retries=False, headers=self.headers, **kw)
  File "/root/.cache/pypoetry/virtualenvs/cpdbv2-backend-VA82Wl8V-py3.7/lib/python3.7/site-packages/urllib3/connectionpool.py", line 727, in urlopen
    method, url, error=e, _pool=self, _stacktrace=sys.exc_info()[2]
  File "/root/.cache/pypoetry/virtualenvs/cpdbv2-backend-VA82Wl8V-py3.7/lib/python3.7/site-packages/urllib3/util/retry.py", line 386, in increment
    raise six.reraise(type(error), error, _stacktrace)
  File "/root/.cache/pypoetry/virtualenvs/cpdbv2-backend-VA82Wl8V-py3.7/lib/python3.7/site-packages/urllib3/packages/six.py", line 735, in reraise
    raise value
  File "/root/.cache/pypoetry/virtualenvs/cpdbv2-backend-VA82Wl8V-py3.7/lib/python3.7/site-packages/urllib3/connectionpool.py", line 677, in urlopen
    chunked=chunked,
  File "/root/.cache/pypoetry/virtualenvs/cpdbv2-backend-VA82Wl8V-py3.7/lib/python3.7/site-packages/urllib3/connectionpool.py", line 392, in _make_request
    conn.request(method, url, **httplib_request_kw)
  File "/usr/local/lib/python3.7/http/client.py", line 1281, in request
    self._send_request(method, url, body, headers, encode_chunked)
  File "/usr/local/lib/python3.7/http/client.py", line 1327, in _send_request
    self.endheaders(body, encode_chunked=encode_chunked)
  File "/usr/local/lib/python3.7/http/client.py", line 1276, in endheaders
    self._send_output(message_body, encode_chunked=encode_chunked)
  File "/usr/local/lib/python3.7/http/client.py", line 1036, in _send_output
    self.send(msg)
  File "/usr/local/lib/python3.7/http/client.py", line 976, in send
    self.connect()
  File "/root/.cache/pypoetry/virtualenvs/cpdbv2-backend-VA82Wl8V-py3.7/lib/python3.7/site-packages/urllib3/connection.py", line 187, in connect
    conn = self._new_conn()
  File "/root/.cache/pypoetry/virtualenvs/cpdbv2-backend-VA82Wl8V-py3.7/lib/python3.7/site-packages/urllib3/connection.py", line 172, in _new_conn
    self, "Failed to establish a new connection: %s" % e
urllib3.exceptions.NewConnectionError: <urllib3.connection.HTTPConnection object at 0x7ff068b806d0>: Failed to establish a new connection: [Errno -2] Name or service not known
elasticsearch: DEBUG: > None
urllib3.util.retry: DEBUG: Converted retries value: False -> Retry(total=False, connect=None, read=None, redirect=0, status=None)
urllib3.connectionpool: DEBUG: Starting new HTTP connection (352): elasticsearch:9200
elasticsearch: WARNING: DELETE http://elasticsearch:9200/test_autocompletes [status:N/A request:0.004s]
Traceback (most recent call last):
  File "/root/.cache/pypoetry/virtualenvs/cpdbv2-backend-VA82Wl8V-py3.7/lib/python3.7/site-packages/urllib3/connection.py", line 160, in _new_conn
    (self._dns_host, self.port), self.timeout, **extra_kw
  File "/root/.cache/pypoetry/virtualenvs/cpdbv2-backend-VA82Wl8V-py3.7/lib/python3.7/site-packages/urllib3/util/connection.py", line 61, in create_connection
    for res in socket.getaddrinfo(host, port, family, socket.SOCK_STREAM):
  File "/usr/local/lib/python3.7/socket.py", line 752, in getaddrinfo
    for res in _socket.getaddrinfo(host, port, family, type, proto, flags):
socket.gaierror: [Errno -2] Name or service not known

During handling of the above exception, another exception occurred:

Traceback (most recent call last):
  File "/root/.cache/pypoetry/virtualenvs/cpdbv2-backend-VA82Wl8V-py3.7/lib/python3.7/site-packages/elasticsearch/connection/http_urllib3.py", line 115, in perform_request
    response = self.pool.urlopen(method, url, body, retries=False, headers=self.headers, **kw)
  File "/root/.cache/pypoetry/virtualenvs/cpdbv2-backend-VA82Wl8V-py3.7/lib/python3.7/site-packages/urllib3/connectionpool.py", line 727, in urlopen
    method, url, error=e, _pool=self, _stacktrace=sys.exc_info()[2]
  File "/root/.cache/pypoetry/virtualenvs/cpdbv2-backend-VA82Wl8V-py3.7/lib/python3.7/site-packages/urllib3/util/retry.py", line 386, in increment
    raise six.reraise(type(error), error, _stacktrace)
  File "/root/.cache/pypoetry/virtualenvs/cpdbv2-backend-VA82Wl8V-py3.7/lib/python3.7/site-packages/urllib3/packages/six.py", line 735, in reraise
    raise value
  File "/root/.cache/pypoetry/virtualenvs/cpdbv2-backend-VA82Wl8V-py3.7/lib/python3.7/site-packages/urllib3/connectionpool.py", line 677, in urlopen
    chunked=chunked,
  File "/root/.cache/pypoetry/virtualenvs/cpdbv2-backend-VA82Wl8V-py3.7/lib/python3.7/site-packages/urllib3/connectionpool.py", line 392, in _make_request
    conn.request(method, url, **httplib_request_kw)
  File "/usr/local/lib/python3.7/http/client.py", line 1281, in request
    self._send_request(method, url, body, headers, encode_chunked)
  File "/usr/local/lib/python3.7/http/client.py", line 1327, in _send_request
    self.endheaders(body, encode_chunked=encode_chunked)
  File "/usr/local/lib/python3.7/http/client.py", line 1276, in endheaders
    self._send_output(message_body, encode_chunked=encode_chunked)
  File "/usr/local/lib/python3.7/http/client.py", line 1036, in _send_output
    self.send(msg)
  File "/usr/local/lib/python3.7/http/client.py", line 976, in send
    self.connect()
  File "/root/.cache/pypoetry/virtualenvs/cpdbv2-backend-VA82Wl8V-py3.7/lib/python3.7/site-packages/urllib3/connection.py", line 187, in connect
    conn = self._new_conn()
  File "/root/.cache/pypoetry/virtualenvs/cpdbv2-backend-VA82Wl8V-py3.7/lib/python3.7/site-packages/urllib3/connection.py", line 172, in _new_conn
    self, "Failed to establish a new connection: %s" % e
urllib3.exceptions.NewConnectionError: <urllib3.connection.HTTPConnection object at 0x7ff068b3ea90>: Failed to establish a new connection: [Errno -2] Name or service not known
elasticsearch: DEBUG: > None
--------------------- >> end captured logging << ---------------------

======================================================================
ERROR: test_search (search.tests.test_services.SearchManagerTestCase)
----------------------------------------------------------------------
Traceback (most recent call last):
  File "/usr/src/app/cpdb/search/tests/utils.py", line 12, in setUp
    autocompletes_alias.read_index.delete(ignore=404)
  File "/root/.cache/pypoetry/virtualenvs/cpdbv2-backend-VA82Wl8V-py3.7/lib/python3.7/site-packages/elasticsearch_dsl/index.py", line 222, in delete
    self.connection.indices.delete(index=self._name, **kwargs)
  File "/root/.cache/pypoetry/virtualenvs/cpdbv2-backend-VA82Wl8V-py3.7/lib/python3.7/site-packages/elasticsearch/client/utils.py", line 73, in _wrapped
    return func(*args, params=params, **kwargs)
  File "/root/.cache/pypoetry/virtualenvs/cpdbv2-backend-VA82Wl8V-py3.7/lib/python3.7/site-packages/elasticsearch/client/indices.py", line 200, in delete
    params=params)
  File "/root/.cache/pypoetry/virtualenvs/cpdbv2-backend-VA82Wl8V-py3.7/lib/python3.7/site-packages/elasticsearch/transport.py", line 312, in perform_request
    status, headers, data = connection.perform_request(method, url, params, body, ignore=ignore, timeout=timeout)
  File "/root/.cache/pypoetry/virtualenvs/cpdbv2-backend-VA82Wl8V-py3.7/lib/python3.7/site-packages/elasticsearch/connection/http_urllib3.py", line 124, in perform_request
    raise ConnectionError('N/A', str(e), e)
elasticsearch.exceptions.ConnectionError: ConnectionError(<urllib3.connection.HTTPConnection object at 0x7ff068bac5d0>: Failed to establish a new connection: [Errno -2] Name or service not known) caused by: NewConnectionError(<urllib3.connection.HTTPConnection object at 0x7ff068bac5d0>: Failed to establish a new connection: [Errno -2] Name or service not known)
-------------------- >> begin captured logging << --------------------
urllib3.util.retry: DEBUG: Converted retries value: False -> Retry(total=False, connect=None, read=None, redirect=0, status=None)
urllib3.connectionpool: DEBUG: Starting new HTTP connection (353): elasticsearch:9200
elasticsearch: WARNING: DELETE http://elasticsearch:9200/test_autocompletes [status:N/A request:0.005s]
Traceback (most recent call last):
  File "/root/.cache/pypoetry/virtualenvs/cpdbv2-backend-VA82Wl8V-py3.7/lib/python3.7/site-packages/urllib3/connection.py", line 160, in _new_conn
    (self._dns_host, self.port), self.timeout, **extra_kw
  File "/root/.cache/pypoetry/virtualenvs/cpdbv2-backend-VA82Wl8V-py3.7/lib/python3.7/site-packages/urllib3/util/connection.py", line 61, in create_connection
    for res in socket.getaddrinfo(host, port, family, socket.SOCK_STREAM):
  File "/usr/local/lib/python3.7/socket.py", line 752, in getaddrinfo
    for res in _socket.getaddrinfo(host, port, family, type, proto, flags):
socket.gaierror: [Errno -2] Name or service not known

During handling of the above exception, another exception occurred:

Traceback (most recent call last):
  File "/root/.cache/pypoetry/virtualenvs/cpdbv2-backend-VA82Wl8V-py3.7/lib/python3.7/site-packages/elasticsearch/connection/http_urllib3.py", line 115, in perform_request
    response = self.pool.urlopen(method, url, body, retries=False, headers=self.headers, **kw)
  File "/root/.cache/pypoetry/virtualenvs/cpdbv2-backend-VA82Wl8V-py3.7/lib/python3.7/site-packages/urllib3/connectionpool.py", line 727, in urlopen
    method, url, error=e, _pool=self, _stacktrace=sys.exc_info()[2]
  File "/root/.cache/pypoetry/virtualenvs/cpdbv2-backend-VA82Wl8V-py3.7/lib/python3.7/site-packages/urllib3/util/retry.py", line 386, in increment
    raise six.reraise(type(error), error, _stacktrace)
  File "/root/.cache/pypoetry/virtualenvs/cpdbv2-backend-VA82Wl8V-py3.7/lib/python3.7/site-packages/urllib3/packages/six.py", line 735, in reraise
    raise value
  File "/root/.cache/pypoetry/virtualenvs/cpdbv2-backend-VA82Wl8V-py3.7/lib/python3.7/site-packages/urllib3/connectionpool.py", line 677, in urlopen
    chunked=chunked,
  File "/root/.cache/pypoetry/virtualenvs/cpdbv2-backend-VA82Wl8V-py3.7/lib/python3.7/site-packages/urllib3/connectionpool.py", line 392, in _make_request
    conn.request(method, url, **httplib_request_kw)
  File "/usr/local/lib/python3.7/http/client.py", line 1281, in request
    self._send_request(method, url, body, headers, encode_chunked)
  File "/usr/local/lib/python3.7/http/client.py", line 1327, in _send_request
    self.endheaders(body, encode_chunked=encode_chunked)
  File "/usr/local/lib/python3.7/http/client.py", line 1276, in endheaders
    self._send_output(message_body, encode_chunked=encode_chunked)
  File "/usr/local/lib/python3.7/http/client.py", line 1036, in _send_output
    self.send(msg)
  File "/usr/local/lib/python3.7/http/client.py", line 976, in send
    self.connect()
  File "/root/.cache/pypoetry/virtualenvs/cpdbv2-backend-VA82Wl8V-py3.7/lib/python3.7/site-packages/urllib3/connection.py", line 187, in connect
    conn = self._new_conn()
  File "/root/.cache/pypoetry/virtualenvs/cpdbv2-backend-VA82Wl8V-py3.7/lib/python3.7/site-packages/urllib3/connection.py", line 172, in _new_conn
    self, "Failed to establish a new connection: %s" % e
urllib3.exceptions.NewConnectionError: <urllib3.connection.HTTPConnection object at 0x7ff068c75bd0>: Failed to establish a new connection: [Errno -2] Name or service not known
elasticsearch: DEBUG: > None
urllib3.util.retry: DEBUG: Converted retries value: False -> Retry(total=False, connect=None, read=None, redirect=0, status=None)
urllib3.connectionpool: DEBUG: Starting new HTTP connection (354): elasticsearch:9200
elasticsearch: WARNING: DELETE http://elasticsearch:9200/test_autocompletes [status:N/A request:0.004s]
Traceback (most recent call last):
  File "/root/.cache/pypoetry/virtualenvs/cpdbv2-backend-VA82Wl8V-py3.7/lib/python3.7/site-packages/urllib3/connection.py", line 160, in _new_conn
    (self._dns_host, self.port), self.timeout, **extra_kw
  File "/root/.cache/pypoetry/virtualenvs/cpdbv2-backend-VA82Wl8V-py3.7/lib/python3.7/site-packages/urllib3/util/connection.py", line 61, in create_connection
    for res in socket.getaddrinfo(host, port, family, socket.SOCK_STREAM):
  File "/usr/local/lib/python3.7/socket.py", line 752, in getaddrinfo
    for res in _socket.getaddrinfo(host, port, family, type, proto, flags):
socket.gaierror: [Errno -2] Name or service not known

During handling of the above exception, another exception occurred:

Traceback (most recent call last):
  File "/root/.cache/pypoetry/virtualenvs/cpdbv2-backend-VA82Wl8V-py3.7/lib/python3.7/site-packages/elasticsearch/connection/http_urllib3.py", line 115, in perform_request
    response = self.pool.urlopen(method, url, body, retries=False, headers=self.headers, **kw)
  File "/root/.cache/pypoetry/virtualenvs/cpdbv2-backend-VA82Wl8V-py3.7/lib/python3.7/site-packages/urllib3/connectionpool.py", line 727, in urlopen
    method, url, error=e, _pool=self, _stacktrace=sys.exc_info()[2]
  File "/root/.cache/pypoetry/virtualenvs/cpdbv2-backend-VA82Wl8V-py3.7/lib/python3.7/site-packages/urllib3/util/retry.py", line 386, in increment
    raise six.reraise(type(error), error, _stacktrace)
  File "/root/.cache/pypoetry/virtualenvs/cpdbv2-backend-VA82Wl8V-py3.7/lib/python3.7/site-packages/urllib3/packages/six.py", line 735, in reraise
    raise value
  File "/root/.cache/pypoetry/virtualenvs/cpdbv2-backend-VA82Wl8V-py3.7/lib/python3.7/site-packages/urllib3/connectionpool.py", line 677, in urlopen
    chunked=chunked,
  File "/root/.cache/pypoetry/virtualenvs/cpdbv2-backend-VA82Wl8V-py3.7/lib/python3.7/site-packages/urllib3/connectionpool.py", line 392, in _make_request
    conn.request(method, url, **httplib_request_kw)
  File "/usr/local/lib/python3.7/http/client.py", line 1281, in request
    self._send_request(method, url, body, headers, encode_chunked)
  File "/usr/local/lib/python3.7/http/client.py", line 1327, in _send_request
    self.endheaders(body, encode_chunked=encode_chunked)
  File "/usr/local/lib/python3.7/http/client.py", line 1276, in endheaders
    self._send_output(message_body, encode_chunked=encode_chunked)
  File "/usr/local/lib/python3.7/http/client.py", line 1036, in _send_output
    self.send(msg)
  File "/usr/local/lib/python3.7/http/client.py", line 976, in send
    self.connect()
  File "/root/.cache/pypoetry/virtualenvs/cpdbv2-backend-VA82Wl8V-py3.7/lib/python3.7/site-packages/urllib3/connection.py", line 187, in connect
    conn = self._new_conn()
  File "/root/.cache/pypoetry/virtualenvs/cpdbv2-backend-VA82Wl8V-py3.7/lib/python3.7/site-packages/urllib3/connection.py", line 172, in _new_conn
    self, "Failed to establish a new connection: %s" % e
urllib3.exceptions.NewConnectionError: <urllib3.connection.HTTPConnection object at 0x7ff068beaed0>: Failed to establish a new connection: [Errno -2] Name or service not known
elasticsearch: DEBUG: > None
urllib3.util.retry: DEBUG: Converted retries value: False -> Retry(total=False, connect=None, read=None, redirect=0, status=None)
urllib3.connectionpool: DEBUG: Starting new HTTP connection (355): elasticsearch:9200
elasticsearch: WARNING: DELETE http://elasticsearch:9200/test_autocompletes [status:N/A request:0.004s]
Traceback (most recent call last):
  File "/root/.cache/pypoetry/virtualenvs/cpdbv2-backend-VA82Wl8V-py3.7/lib/python3.7/site-packages/urllib3/connection.py", line 160, in _new_conn
    (self._dns_host, self.port), self.timeout, **extra_kw
  File "/root/.cache/pypoetry/virtualenvs/cpdbv2-backend-VA82Wl8V-py3.7/lib/python3.7/site-packages/urllib3/util/connection.py", line 61, in create_connection
    for res in socket.getaddrinfo(host, port, family, socket.SOCK_STREAM):
  File "/usr/local/lib/python3.7/socket.py", line 752, in getaddrinfo
    for res in _socket.getaddrinfo(host, port, family, type, proto, flags):
socket.gaierror: [Errno -2] Name or service not known

During handling of the above exception, another exception occurred:

Traceback (most recent call last):
  File "/root/.cache/pypoetry/virtualenvs/cpdbv2-backend-VA82Wl8V-py3.7/lib/python3.7/site-packages/elasticsearch/connection/http_urllib3.py", line 115, in perform_request
    response = self.pool.urlopen(method, url, body, retries=False, headers=self.headers, **kw)
  File "/root/.cache/pypoetry/virtualenvs/cpdbv2-backend-VA82Wl8V-py3.7/lib/python3.7/site-packages/urllib3/connectionpool.py", line 727, in urlopen
    method, url, error=e, _pool=self, _stacktrace=sys.exc_info()[2]
  File "/root/.cache/pypoetry/virtualenvs/cpdbv2-backend-VA82Wl8V-py3.7/lib/python3.7/site-packages/urllib3/util/retry.py", line 386, in increment
    raise six.reraise(type(error), error, _stacktrace)
  File "/root/.cache/pypoetry/virtualenvs/cpdbv2-backend-VA82Wl8V-py3.7/lib/python3.7/site-packages/urllib3/packages/six.py", line 735, in reraise
    raise value
  File "/root/.cache/pypoetry/virtualenvs/cpdbv2-backend-VA82Wl8V-py3.7/lib/python3.7/site-packages/urllib3/connectionpool.py", line 677, in urlopen
    chunked=chunked,
  File "/root/.cache/pypoetry/virtualenvs/cpdbv2-backend-VA82Wl8V-py3.7/lib/python3.7/site-packages/urllib3/connectionpool.py", line 392, in _make_request
    conn.request(method, url, **httplib_request_kw)
  File "/usr/local/lib/python3.7/http/client.py", line 1281, in request
    self._send_request(method, url, body, headers, encode_chunked)
  File "/usr/local/lib/python3.7/http/client.py", line 1327, in _send_request
    self.endheaders(body, encode_chunked=encode_chunked)
  File "/usr/local/lib/python3.7/http/client.py", line 1276, in endheaders
    self._send_output(message_body, encode_chunked=encode_chunked)
  File "/usr/local/lib/python3.7/http/client.py", line 1036, in _send_output
    self.send(msg)
  File "/usr/local/lib/python3.7/http/client.py", line 976, in send
    self.connect()
  File "/root/.cache/pypoetry/virtualenvs/cpdbv2-backend-VA82Wl8V-py3.7/lib/python3.7/site-packages/urllib3/connection.py", line 187, in connect
    conn = self._new_conn()
  File "/root/.cache/pypoetry/virtualenvs/cpdbv2-backend-VA82Wl8V-py3.7/lib/python3.7/site-packages/urllib3/connection.py", line 172, in _new_conn
    self, "Failed to establish a new connection: %s" % e
urllib3.exceptions.NewConnectionError: <urllib3.connection.HTTPConnection object at 0x7ff068bfd590>: Failed to establish a new connection: [Errno -2] Name or service not known
elasticsearch: DEBUG: > None
urllib3.util.retry: DEBUG: Converted retries value: False -> Retry(total=False, connect=None, read=None, redirect=0, status=None)
urllib3.connectionpool: DEBUG: Starting new HTTP connection (356): elasticsearch:9200
elasticsearch: WARNING: DELETE http://elasticsearch:9200/test_autocompletes [status:N/A request:0.004s]
Traceback (most recent call last):
  File "/root/.cache/pypoetry/virtualenvs/cpdbv2-backend-VA82Wl8V-py3.7/lib/python3.7/site-packages/urllib3/connection.py", line 160, in _new_conn
    (self._dns_host, self.port), self.timeout, **extra_kw
  File "/root/.cache/pypoetry/virtualenvs/cpdbv2-backend-VA82Wl8V-py3.7/lib/python3.7/site-packages/urllib3/util/connection.py", line 61, in create_connection
    for res in socket.getaddrinfo(host, port, family, socket.SOCK_STREAM):
  File "/usr/local/lib/python3.7/socket.py", line 752, in getaddrinfo
    for res in _socket.getaddrinfo(host, port, family, type, proto, flags):
socket.gaierror: [Errno -2] Name or service not known

During handling of the above exception, another exception occurred:

Traceback (most recent call last):
  File "/root/.cache/pypoetry/virtualenvs/cpdbv2-backend-VA82Wl8V-py3.7/lib/python3.7/site-packages/elasticsearch/connection/http_urllib3.py", line 115, in perform_request
    response = self.pool.urlopen(method, url, body, retries=False, headers=self.headers, **kw)
  File "/root/.cache/pypoetry/virtualenvs/cpdbv2-backend-VA82Wl8V-py3.7/lib/python3.7/site-packages/urllib3/connectionpool.py", line 727, in urlopen
    method, url, error=e, _pool=self, _stacktrace=sys.exc_info()[2]
  File "/root/.cache/pypoetry/virtualenvs/cpdbv2-backend-VA82Wl8V-py3.7/lib/python3.7/site-packages/urllib3/util/retry.py", line 386, in increment
    raise six.reraise(type(error), error, _stacktrace)
  File "/root/.cache/pypoetry/virtualenvs/cpdbv2-backend-VA82Wl8V-py3.7/lib/python3.7/site-packages/urllib3/packages/six.py", line 735, in reraise
    raise value
  File "/root/.cache/pypoetry/virtualenvs/cpdbv2-backend-VA82Wl8V-py3.7/lib/python3.7/site-packages/urllib3/connectionpool.py", line 677, in urlopen
    chunked=chunked,
  File "/root/.cache/pypoetry/virtualenvs/cpdbv2-backend-VA82Wl8V-py3.7/lib/python3.7/site-packages/urllib3/connectionpool.py", line 392, in _make_request
    conn.request(method, url, **httplib_request_kw)
  File "/usr/local/lib/python3.7/http/client.py", line 1281, in request
    self._send_request(method, url, body, headers, encode_chunked)
  File "/usr/local/lib/python3.7/http/client.py", line 1327, in _send_request
    self.endheaders(body, encode_chunked=encode_chunked)
  File "/usr/local/lib/python3.7/http/client.py", line 1276, in endheaders
    self._send_output(message_body, encode_chunked=encode_chunked)
  File "/usr/local/lib/python3.7/http/client.py", line 1036, in _send_output
    self.send(msg)
  File "/usr/local/lib/python3.7/http/client.py", line 976, in send
    self.connect()
  File "/root/.cache/pypoetry/virtualenvs/cpdbv2-backend-VA82Wl8V-py3.7/lib/python3.7/site-packages/urllib3/connection.py", line 187, in connect
    conn = self._new_conn()
  File "/root/.cache/pypoetry/virtualenvs/cpdbv2-backend-VA82Wl8V-py3.7/lib/python3.7/site-packages/urllib3/connection.py", line 172, in _new_conn
    self, "Failed to establish a new connection: %s" % e
urllib3.exceptions.NewConnectionError: <urllib3.connection.HTTPConnection object at 0x7ff068bac5d0>: Failed to establish a new connection: [Errno -2] Name or service not known
elasticsearch: DEBUG: > None
--------------------- >> end captured logging << ---------------------

======================================================================
ERROR: test_search_with_content_type (search.tests.test_services.SearchManagerTestCase)
----------------------------------------------------------------------
Traceback (most recent call last):
  File "/usr/src/app/cpdb/search/tests/utils.py", line 12, in setUp
    autocompletes_alias.read_index.delete(ignore=404)
  File "/root/.cache/pypoetry/virtualenvs/cpdbv2-backend-VA82Wl8V-py3.7/lib/python3.7/site-packages/elasticsearch_dsl/index.py", line 222, in delete
    self.connection.indices.delete(index=self._name, **kwargs)
  File "/root/.cache/pypoetry/virtualenvs/cpdbv2-backend-VA82Wl8V-py3.7/lib/python3.7/site-packages/elasticsearch/client/utils.py", line 73, in _wrapped
    return func(*args, params=params, **kwargs)
  File "/root/.cache/pypoetry/virtualenvs/cpdbv2-backend-VA82Wl8V-py3.7/lib/python3.7/site-packages/elasticsearch/client/indices.py", line 200, in delete
    params=params)
  File "/root/.cache/pypoetry/virtualenvs/cpdbv2-backend-VA82Wl8V-py3.7/lib/python3.7/site-packages/elasticsearch/transport.py", line 312, in perform_request
    status, headers, data = connection.perform_request(method, url, params, body, ignore=ignore, timeout=timeout)
  File "/root/.cache/pypoetry/virtualenvs/cpdbv2-backend-VA82Wl8V-py3.7/lib/python3.7/site-packages/elasticsearch/connection/http_urllib3.py", line 124, in perform_request
    raise ConnectionError('N/A', str(e), e)
elasticsearch.exceptions.ConnectionError: ConnectionError(<urllib3.connection.HTTPConnection object at 0x7ff068bac050>: Failed to establish a new connection: [Errno -2] Name or service not known) caused by: NewConnectionError(<urllib3.connection.HTTPConnection object at 0x7ff068bac050>: Failed to establish a new connection: [Errno -2] Name or service not known)
-------------------- >> begin captured logging << --------------------
urllib3.util.retry: DEBUG: Converted retries value: False -> Retry(total=False, connect=None, read=None, redirect=0, status=None)
urllib3.connectionpool: DEBUG: Starting new HTTP connection (357): elasticsearch:9200
elasticsearch: WARNING: DELETE http://elasticsearch:9200/test_autocompletes [status:N/A request:0.004s]
Traceback (most recent call last):
  File "/root/.cache/pypoetry/virtualenvs/cpdbv2-backend-VA82Wl8V-py3.7/lib/python3.7/site-packages/urllib3/connection.py", line 160, in _new_conn
    (self._dns_host, self.port), self.timeout, **extra_kw
  File "/root/.cache/pypoetry/virtualenvs/cpdbv2-backend-VA82Wl8V-py3.7/lib/python3.7/site-packages/urllib3/util/connection.py", line 61, in create_connection
    for res in socket.getaddrinfo(host, port, family, socket.SOCK_STREAM):
  File "/usr/local/lib/python3.7/socket.py", line 752, in getaddrinfo
    for res in _socket.getaddrinfo(host, port, family, type, proto, flags):
socket.gaierror: [Errno -2] Name or service not known

During handling of the above exception, another exception occurred:

Traceback (most recent call last):
  File "/root/.cache/pypoetry/virtualenvs/cpdbv2-backend-VA82Wl8V-py3.7/lib/python3.7/site-packages/elasticsearch/connection/http_urllib3.py", line 115, in perform_request
    response = self.pool.urlopen(method, url, body, retries=False, headers=self.headers, **kw)
  File "/root/.cache/pypoetry/virtualenvs/cpdbv2-backend-VA82Wl8V-py3.7/lib/python3.7/site-packages/urllib3/connectionpool.py", line 727, in urlopen
    method, url, error=e, _pool=self, _stacktrace=sys.exc_info()[2]
  File "/root/.cache/pypoetry/virtualenvs/cpdbv2-backend-VA82Wl8V-py3.7/lib/python3.7/site-packages/urllib3/util/retry.py", line 386, in increment
    raise six.reraise(type(error), error, _stacktrace)
  File "/root/.cache/pypoetry/virtualenvs/cpdbv2-backend-VA82Wl8V-py3.7/lib/python3.7/site-packages/urllib3/packages/six.py", line 735, in reraise
    raise value
  File "/root/.cache/pypoetry/virtualenvs/cpdbv2-backend-VA82Wl8V-py3.7/lib/python3.7/site-packages/urllib3/connectionpool.py", line 677, in urlopen
    chunked=chunked,
  File "/root/.cache/pypoetry/virtualenvs/cpdbv2-backend-VA82Wl8V-py3.7/lib/python3.7/site-packages/urllib3/connectionpool.py", line 392, in _make_request
    conn.request(method, url, **httplib_request_kw)
  File "/usr/local/lib/python3.7/http/client.py", line 1281, in request
    self._send_request(method, url, body, headers, encode_chunked)
  File "/usr/local/lib/python3.7/http/client.py", line 1327, in _send_request
    self.endheaders(body, encode_chunked=encode_chunked)
  File "/usr/local/lib/python3.7/http/client.py", line 1276, in endheaders
    self._send_output(message_body, encode_chunked=encode_chunked)
  File "/usr/local/lib/python3.7/http/client.py", line 1036, in _send_output
    self.send(msg)
  File "/usr/local/lib/python3.7/http/client.py", line 976, in send
    self.connect()
  File "/root/.cache/pypoetry/virtualenvs/cpdbv2-backend-VA82Wl8V-py3.7/lib/python3.7/site-packages/urllib3/connection.py", line 187, in connect
    conn = self._new_conn()
  File "/root/.cache/pypoetry/virtualenvs/cpdbv2-backend-VA82Wl8V-py3.7/lib/python3.7/site-packages/urllib3/connection.py", line 172, in _new_conn
    self, "Failed to establish a new connection: %s" % e
urllib3.exceptions.NewConnectionError: <urllib3.connection.HTTPConnection object at 0x7ff068bac090>: Failed to establish a new connection: [Errno -2] Name or service not known
elasticsearch: DEBUG: > None
urllib3.util.retry: DEBUG: Converted retries value: False -> Retry(total=False, connect=None, read=None, redirect=0, status=None)
urllib3.connectionpool: DEBUG: Starting new HTTP connection (358): elasticsearch:9200
elasticsearch: WARNING: DELETE http://elasticsearch:9200/test_autocompletes [status:N/A request:0.004s]
Traceback (most recent call last):
  File "/root/.cache/pypoetry/virtualenvs/cpdbv2-backend-VA82Wl8V-py3.7/lib/python3.7/site-packages/urllib3/connection.py", line 160, in _new_conn
    (self._dns_host, self.port), self.timeout, **extra_kw
  File "/root/.cache/pypoetry/virtualenvs/cpdbv2-backend-VA82Wl8V-py3.7/lib/python3.7/site-packages/urllib3/util/connection.py", line 61, in create_connection
    for res in socket.getaddrinfo(host, port, family, socket.SOCK_STREAM):
  File "/usr/local/lib/python3.7/socket.py", line 752, in getaddrinfo
    for res in _socket.getaddrinfo(host, port, family, type, proto, flags):
socket.gaierror: [Errno -2] Name or service not known

During handling of the above exception, another exception occurred:

Traceback (most recent call last):
  File "/root/.cache/pypoetry/virtualenvs/cpdbv2-backend-VA82Wl8V-py3.7/lib/python3.7/site-packages/elasticsearch/connection/http_urllib3.py", line 115, in perform_request
    response = self.pool.urlopen(method, url, body, retries=False, headers=self.headers, **kw)
  File "/root/.cache/pypoetry/virtualenvs/cpdbv2-backend-VA82Wl8V-py3.7/lib/python3.7/site-packages/urllib3/connectionpool.py", line 727, in urlopen
    method, url, error=e, _pool=self, _stacktrace=sys.exc_info()[2]
  File "/root/.cache/pypoetry/virtualenvs/cpdbv2-backend-VA82Wl8V-py3.7/lib/python3.7/site-packages/urllib3/util/retry.py", line 386, in increment
    raise six.reraise(type(error), error, _stacktrace)
  File "/root/.cache/pypoetry/virtualenvs/cpdbv2-backend-VA82Wl8V-py3.7/lib/python3.7/site-packages/urllib3/packages/six.py", line 735, in reraise
    raise value
  File "/root/.cache/pypoetry/virtualenvs/cpdbv2-backend-VA82Wl8V-py3.7/lib/python3.7/site-packages/urllib3/connectionpool.py", line 677, in urlopen
    chunked=chunked,
  File "/root/.cache/pypoetry/virtualenvs/cpdbv2-backend-VA82Wl8V-py3.7/lib/python3.7/site-packages/urllib3/connectionpool.py", line 392, in _make_request
    conn.request(method, url, **httplib_request_kw)
  File "/usr/local/lib/python3.7/http/client.py", line 1281, in request
    self._send_request(method, url, body, headers, encode_chunked)
  File "/usr/local/lib/python3.7/http/client.py", line 1327, in _send_request
    self.endheaders(body, encode_chunked=encode_chunked)
  File "/usr/local/lib/python3.7/http/client.py", line 1276, in endheaders
    self._send_output(message_body, encode_chunked=encode_chunked)
  File "/usr/local/lib/python3.7/http/client.py", line 1036, in _send_output
    self.send(msg)
  File "/usr/local/lib/python3.7/http/client.py", line 976, in send
    self.connect()
  File "/root/.cache/pypoetry/virtualenvs/cpdbv2-backend-VA82Wl8V-py3.7/lib/python3.7/site-packages/urllib3/connection.py", line 187, in connect
    conn = self._new_conn()
  File "/root/.cache/pypoetry/virtualenvs/cpdbv2-backend-VA82Wl8V-py3.7/lib/python3.7/site-packages/urllib3/connection.py", line 172, in _new_conn
    self, "Failed to establish a new connection: %s" % e
urllib3.exceptions.NewConnectionError: <urllib3.connection.HTTPConnection object at 0x7ff068b76310>: Failed to establish a new connection: [Errno -2] Name or service not known
elasticsearch: DEBUG: > None
urllib3.util.retry: DEBUG: Converted retries value: False -> Retry(total=False, connect=None, read=None, redirect=0, status=None)
urllib3.connectionpool: DEBUG: Starting new HTTP connection (359): elasticsearch:9200
elasticsearch: WARNING: DELETE http://elasticsearch:9200/test_autocompletes [status:N/A request:0.004s]
Traceback (most recent call last):
  File "/root/.cache/pypoetry/virtualenvs/cpdbv2-backend-VA82Wl8V-py3.7/lib/python3.7/site-packages/urllib3/connection.py", line 160, in _new_conn
    (self._dns_host, self.port), self.timeout, **extra_kw
  File "/root/.cache/pypoetry/virtualenvs/cpdbv2-backend-VA82Wl8V-py3.7/lib/python3.7/site-packages/urllib3/util/connection.py", line 61, in create_connection
    for res in socket.getaddrinfo(host, port, family, socket.SOCK_STREAM):
  File "/usr/local/lib/python3.7/socket.py", line 752, in getaddrinfo
    for res in _socket.getaddrinfo(host, port, family, type, proto, flags):
socket.gaierror: [Errno -2] Name or service not known

During handling of the above exception, another exception occurred:

Traceback (most recent call last):
  File "/root/.cache/pypoetry/virtualenvs/cpdbv2-backend-VA82Wl8V-py3.7/lib/python3.7/site-packages/elasticsearch/connection/http_urllib3.py", line 115, in perform_request
    response = self.pool.urlopen(method, url, body, retries=False, headers=self.headers, **kw)
  File "/root/.cache/pypoetry/virtualenvs/cpdbv2-backend-VA82Wl8V-py3.7/lib/python3.7/site-packages/urllib3/connectionpool.py", line 727, in urlopen
    method, url, error=e, _pool=self, _stacktrace=sys.exc_info()[2]
  File "/root/.cache/pypoetry/virtualenvs/cpdbv2-backend-VA82Wl8V-py3.7/lib/python3.7/site-packages/urllib3/util/retry.py", line 386, in increment
    raise six.reraise(type(error), error, _stacktrace)
  File "/root/.cache/pypoetry/virtualenvs/cpdbv2-backend-VA82Wl8V-py3.7/lib/python3.7/site-packages/urllib3/packages/six.py", line 735, in reraise
    raise value
  File "/root/.cache/pypoetry/virtualenvs/cpdbv2-backend-VA82Wl8V-py3.7/lib/python3.7/site-packages/urllib3/connectionpool.py", line 677, in urlopen
    chunked=chunked,
  File "/root/.cache/pypoetry/virtualenvs/cpdbv2-backend-VA82Wl8V-py3.7/lib/python3.7/site-packages/urllib3/connectionpool.py", line 392, in _make_request
    conn.request(method, url, **httplib_request_kw)
  File "/usr/local/lib/python3.7/http/client.py", line 1281, in request
    self._send_request(method, url, body, headers, encode_chunked)
  File "/usr/local/lib/python3.7/http/client.py", line 1327, in _send_request
    self.endheaders(body, encode_chunked=encode_chunked)
  File "/usr/local/lib/python3.7/http/client.py", line 1276, in endheaders
    self._send_output(message_body, encode_chunked=encode_chunked)
  File "/usr/local/lib/python3.7/http/client.py", line 1036, in _send_output
    self.send(msg)
  File "/usr/local/lib/python3.7/http/client.py", line 976, in send
    self.connect()
  File "/root/.cache/pypoetry/virtualenvs/cpdbv2-backend-VA82Wl8V-py3.7/lib/python3.7/site-packages/urllib3/connection.py", line 187, in connect
    conn = self._new_conn()
  File "/root/.cache/pypoetry/virtualenvs/cpdbv2-backend-VA82Wl8V-py3.7/lib/python3.7/site-packages/urllib3/connection.py", line 172, in _new_conn
    self, "Failed to establish a new connection: %s" % e
urllib3.exceptions.NewConnectionError: <urllib3.connection.HTTPConnection object at 0x7ff068b58a90>: Failed to establish a new connection: [Errno -2] Name or service not known
elasticsearch: DEBUG: > None
urllib3.util.retry: DEBUG: Converted retries value: False -> Retry(total=False, connect=None, read=None, redirect=0, status=None)
urllib3.connectionpool: DEBUG: Starting new HTTP connection (360): elasticsearch:9200
elasticsearch: WARNING: DELETE http://elasticsearch:9200/test_autocompletes [status:N/A request:0.004s]
Traceback (most recent call last):
  File "/root/.cache/pypoetry/virtualenvs/cpdbv2-backend-VA82Wl8V-py3.7/lib/python3.7/site-packages/urllib3/connection.py", line 160, in _new_conn
    (self._dns_host, self.port), self.timeout, **extra_kw
  File "/root/.cache/pypoetry/virtualenvs/cpdbv2-backend-VA82Wl8V-py3.7/lib/python3.7/site-packages/urllib3/util/connection.py", line 61, in create_connection
    for res in socket.getaddrinfo(host, port, family, socket.SOCK_STREAM):
  File "/usr/local/lib/python3.7/socket.py", line 752, in getaddrinfo
    for res in _socket.getaddrinfo(host, port, family, type, proto, flags):
socket.gaierror: [Errno -2] Name or service not known

During handling of the above exception, another exception occurred:

Traceback (most recent call last):
  File "/root/.cache/pypoetry/virtualenvs/cpdbv2-backend-VA82Wl8V-py3.7/lib/python3.7/site-packages/elasticsearch/connection/http_urllib3.py", line 115, in perform_request
    response = self.pool.urlopen(method, url, body, retries=False, headers=self.headers, **kw)
  File "/root/.cache/pypoetry/virtualenvs/cpdbv2-backend-VA82Wl8V-py3.7/lib/python3.7/site-packages/urllib3/connectionpool.py", line 727, in urlopen
    method, url, error=e, _pool=self, _stacktrace=sys.exc_info()[2]
  File "/root/.cache/pypoetry/virtualenvs/cpdbv2-backend-VA82Wl8V-py3.7/lib/python3.7/site-packages/urllib3/util/retry.py", line 386, in increment
    raise six.reraise(type(error), error, _stacktrace)
  File "/root/.cache/pypoetry/virtualenvs/cpdbv2-backend-VA82Wl8V-py3.7/lib/python3.7/site-packages/urllib3/packages/six.py", line 735, in reraise
    raise value
  File "/root/.cache/pypoetry/virtualenvs/cpdbv2-backend-VA82Wl8V-py3.7/lib/python3.7/site-packages/urllib3/connectionpool.py", line 677, in urlopen
    chunked=chunked,
  File "/root/.cache/pypoetry/virtualenvs/cpdbv2-backend-VA82Wl8V-py3.7/lib/python3.7/site-packages/urllib3/connectionpool.py", line 392, in _make_request
    conn.request(method, url, **httplib_request_kw)
  File "/usr/local/lib/python3.7/http/client.py", line 1281, in request
    self._send_request(method, url, body, headers, encode_chunked)
  File "/usr/local/lib/python3.7/http/client.py", line 1327, in _send_request
    self.endheaders(body, encode_chunked=encode_chunked)
  File "/usr/local/lib/python3.7/http/client.py", line 1276, in endheaders
    self._send_output(message_body, encode_chunked=encode_chunked)
  File "/usr/local/lib/python3.7/http/client.py", line 1036, in _send_output
    self.send(msg)
  File "/usr/local/lib/python3.7/http/client.py", line 976, in send
    self.connect()
  File "/root/.cache/pypoetry/virtualenvs/cpdbv2-backend-VA82Wl8V-py3.7/lib/python3.7/site-packages/urllib3/connection.py", line 187, in connect
    conn = self._new_conn()
  File "/root/.cache/pypoetry/virtualenvs/cpdbv2-backend-VA82Wl8V-py3.7/lib/python3.7/site-packages/urllib3/connection.py", line 172, in _new_conn
    self, "Failed to establish a new connection: %s" % e
urllib3.exceptions.NewConnectionError: <urllib3.connection.HTTPConnection object at 0x7ff068bac050>: Failed to establish a new connection: [Errno -2] Name or service not known
elasticsearch: DEBUG: > None
--------------------- >> end captured logging << ---------------------

======================================================================
ERROR: test_search_with_date (search.tests.test_services.SearchManagerTestCase)
----------------------------------------------------------------------
Traceback (most recent call last):
  File "/usr/src/app/cpdb/search/tests/utils.py", line 12, in setUp
    autocompletes_alias.read_index.delete(ignore=404)
  File "/root/.cache/pypoetry/virtualenvs/cpdbv2-backend-VA82Wl8V-py3.7/lib/python3.7/site-packages/elasticsearch_dsl/index.py", line 222, in delete
    self.connection.indices.delete(index=self._name, **kwargs)
  File "/root/.cache/pypoetry/virtualenvs/cpdbv2-backend-VA82Wl8V-py3.7/lib/python3.7/site-packages/elasticsearch/client/utils.py", line 73, in _wrapped
    return func(*args, params=params, **kwargs)
  File "/root/.cache/pypoetry/virtualenvs/cpdbv2-backend-VA82Wl8V-py3.7/lib/python3.7/site-packages/elasticsearch/client/indices.py", line 200, in delete
    params=params)
  File "/root/.cache/pypoetry/virtualenvs/cpdbv2-backend-VA82Wl8V-py3.7/lib/python3.7/site-packages/elasticsearch/transport.py", line 312, in perform_request
    status, headers, data = connection.perform_request(method, url, params, body, ignore=ignore, timeout=timeout)
  File "/root/.cache/pypoetry/virtualenvs/cpdbv2-backend-VA82Wl8V-py3.7/lib/python3.7/site-packages/elasticsearch/connection/http_urllib3.py", line 124, in perform_request
    raise ConnectionError('N/A', str(e), e)
elasticsearch.exceptions.ConnectionError: ConnectionError(<urllib3.connection.HTTPConnection object at 0x7ff068b3e610>: Failed to establish a new connection: [Errno -2] Name or service not known) caused by: NewConnectionError(<urllib3.connection.HTTPConnection object at 0x7ff068b3e610>: Failed to establish a new connection: [Errno -2] Name or service not known)
-------------------- >> begin captured logging << --------------------
urllib3.util.retry: DEBUG: Converted retries value: False -> Retry(total=False, connect=None, read=None, redirect=0, status=None)
urllib3.connectionpool: DEBUG: Starting new HTTP connection (361): elasticsearch:9200
elasticsearch: WARNING: DELETE http://elasticsearch:9200/test_autocompletes [status:N/A request:0.004s]
Traceback (most recent call last):
  File "/root/.cache/pypoetry/virtualenvs/cpdbv2-backend-VA82Wl8V-py3.7/lib/python3.7/site-packages/urllib3/connection.py", line 160, in _new_conn
    (self._dns_host, self.port), self.timeout, **extra_kw
  File "/root/.cache/pypoetry/virtualenvs/cpdbv2-backend-VA82Wl8V-py3.7/lib/python3.7/site-packages/urllib3/util/connection.py", line 61, in create_connection
    for res in socket.getaddrinfo(host, port, family, socket.SOCK_STREAM):
  File "/usr/local/lib/python3.7/socket.py", line 752, in getaddrinfo
    for res in _socket.getaddrinfo(host, port, family, type, proto, flags):
socket.gaierror: [Errno -2] Name or service not known

During handling of the above exception, another exception occurred:

Traceback (most recent call last):
  File "/root/.cache/pypoetry/virtualenvs/cpdbv2-backend-VA82Wl8V-py3.7/lib/python3.7/site-packages/elasticsearch/connection/http_urllib3.py", line 115, in perform_request
    response = self.pool.urlopen(method, url, body, retries=False, headers=self.headers, **kw)
  File "/root/.cache/pypoetry/virtualenvs/cpdbv2-backend-VA82Wl8V-py3.7/lib/python3.7/site-packages/urllib3/connectionpool.py", line 727, in urlopen
    method, url, error=e, _pool=self, _stacktrace=sys.exc_info()[2]
  File "/root/.cache/pypoetry/virtualenvs/cpdbv2-backend-VA82Wl8V-py3.7/lib/python3.7/site-packages/urllib3/util/retry.py", line 386, in increment
    raise six.reraise(type(error), error, _stacktrace)
  File "/root/.cache/pypoetry/virtualenvs/cpdbv2-backend-VA82Wl8V-py3.7/lib/python3.7/site-packages/urllib3/packages/six.py", line 735, in reraise
    raise value
  File "/root/.cache/pypoetry/virtualenvs/cpdbv2-backend-VA82Wl8V-py3.7/lib/python3.7/site-packages/urllib3/connectionpool.py", line 677, in urlopen
    chunked=chunked,
  File "/root/.cache/pypoetry/virtualenvs/cpdbv2-backend-VA82Wl8V-py3.7/lib/python3.7/site-packages/urllib3/connectionpool.py", line 392, in _make_request
    conn.request(method, url, **httplib_request_kw)
  File "/usr/local/lib/python3.7/http/client.py", line 1281, in request
    self._send_request(method, url, body, headers, encode_chunked)
  File "/usr/local/lib/python3.7/http/client.py", line 1327, in _send_request
    self.endheaders(body, encode_chunked=encode_chunked)
  File "/usr/local/lib/python3.7/http/client.py", line 1276, in endheaders
    self._send_output(message_body, encode_chunked=encode_chunked)
  File "/usr/local/lib/python3.7/http/client.py", line 1036, in _send_output
    self.send(msg)
  File "/usr/local/lib/python3.7/http/client.py", line 976, in send
    self.connect()
  File "/root/.cache/pypoetry/virtualenvs/cpdbv2-backend-VA82Wl8V-py3.7/lib/python3.7/site-packages/urllib3/connection.py", line 187, in connect
    conn = self._new_conn()
  File "/root/.cache/pypoetry/virtualenvs/cpdbv2-backend-VA82Wl8V-py3.7/lib/python3.7/site-packages/urllib3/connection.py", line 172, in _new_conn
    self, "Failed to establish a new connection: %s" % e
urllib3.exceptions.NewConnectionError: <urllib3.connection.HTTPConnection object at 0x7ff068bac190>: Failed to establish a new connection: [Errno -2] Name or service not known
elasticsearch: DEBUG: > None
urllib3.util.retry: DEBUG: Converted retries value: False -> Retry(total=False, connect=None, read=None, redirect=0, status=None)
urllib3.connectionpool: DEBUG: Starting new HTTP connection (362): elasticsearch:9200
elasticsearch: WARNING: DELETE http://elasticsearch:9200/test_autocompletes [status:N/A request:0.004s]
Traceback (most recent call last):
  File "/root/.cache/pypoetry/virtualenvs/cpdbv2-backend-VA82Wl8V-py3.7/lib/python3.7/site-packages/urllib3/connection.py", line 160, in _new_conn
    (self._dns_host, self.port), self.timeout, **extra_kw
  File "/root/.cache/pypoetry/virtualenvs/cpdbv2-backend-VA82Wl8V-py3.7/lib/python3.7/site-packages/urllib3/util/connection.py", line 61, in create_connection
    for res in socket.getaddrinfo(host, port, family, socket.SOCK_STREAM):
  File "/usr/local/lib/python3.7/socket.py", line 752, in getaddrinfo
    for res in _socket.getaddrinfo(host, port, family, type, proto, flags):
socket.gaierror: [Errno -2] Name or service not known

During handling of the above exception, another exception occurred:

Traceback (most recent call last):
  File "/root/.cache/pypoetry/virtualenvs/cpdbv2-backend-VA82Wl8V-py3.7/lib/python3.7/site-packages/elasticsearch/connection/http_urllib3.py", line 115, in perform_request
    response = self.pool.urlopen(method, url, body, retries=False, headers=self.headers, **kw)
  File "/root/.cache/pypoetry/virtualenvs/cpdbv2-backend-VA82Wl8V-py3.7/lib/python3.7/site-packages/urllib3/connectionpool.py", line 727, in urlopen
    method, url, error=e, _pool=self, _stacktrace=sys.exc_info()[2]
  File "/root/.cache/pypoetry/virtualenvs/cpdbv2-backend-VA82Wl8V-py3.7/lib/python3.7/site-packages/urllib3/util/retry.py", line 386, in increment
    raise six.reraise(type(error), error, _stacktrace)
  File "/root/.cache/pypoetry/virtualenvs/cpdbv2-backend-VA82Wl8V-py3.7/lib/python3.7/site-packages/urllib3/packages/six.py", line 735, in reraise
    raise value
  File "/root/.cache/pypoetry/virtualenvs/cpdbv2-backend-VA82Wl8V-py3.7/lib/python3.7/site-packages/urllib3/connectionpool.py", line 677, in urlopen
    chunked=chunked,
  File "/root/.cache/pypoetry/virtualenvs/cpdbv2-backend-VA82Wl8V-py3.7/lib/python3.7/site-packages/urllib3/connectionpool.py", line 392, in _make_request
    conn.request(method, url, **httplib_request_kw)
  File "/usr/local/lib/python3.7/http/client.py", line 1281, in request
    self._send_request(method, url, body, headers, encode_chunked)
  File "/usr/local/lib/python3.7/http/client.py", line 1327, in _send_request
    self.endheaders(body, encode_chunked=encode_chunked)
  File "/usr/local/lib/python3.7/http/client.py", line 1276, in endheaders
    self._send_output(message_body, encode_chunked=encode_chunked)
  File "/usr/local/lib/python3.7/http/client.py", line 1036, in _send_output
    self.send(msg)
  File "/usr/local/lib/python3.7/http/client.py", line 976, in send
    self.connect()
  File "/root/.cache/pypoetry/virtualenvs/cpdbv2-backend-VA82Wl8V-py3.7/lib/python3.7/site-packages/urllib3/connection.py", line 187, in connect
    conn = self._new_conn()
  File "/root/.cache/pypoetry/virtualenvs/cpdbv2-backend-VA82Wl8V-py3.7/lib/python3.7/site-packages/urllib3/connection.py", line 172, in _new_conn
    self, "Failed to establish a new connection: %s" % e
urllib3.exceptions.NewConnectionError: <urllib3.connection.HTTPConnection object at 0x7ff068bea350>: Failed to establish a new connection: [Errno -2] Name or service not known
elasticsearch: DEBUG: > None
urllib3.util.retry: DEBUG: Converted retries value: False -> Retry(total=False, connect=None, read=None, redirect=0, status=None)
urllib3.connectionpool: DEBUG: Starting new HTTP connection (363): elasticsearch:9200
elasticsearch: WARNING: DELETE http://elasticsearch:9200/test_autocompletes [status:N/A request:0.004s]
Traceback (most recent call last):
  File "/root/.cache/pypoetry/virtualenvs/cpdbv2-backend-VA82Wl8V-py3.7/lib/python3.7/site-packages/urllib3/connection.py", line 160, in _new_conn
    (self._dns_host, self.port), self.timeout, **extra_kw
  File "/root/.cache/pypoetry/virtualenvs/cpdbv2-backend-VA82Wl8V-py3.7/lib/python3.7/site-packages/urllib3/util/connection.py", line 61, in create_connection
    for res in socket.getaddrinfo(host, port, family, socket.SOCK_STREAM):
  File "/usr/local/lib/python3.7/socket.py", line 752, in getaddrinfo
    for res in _socket.getaddrinfo(host, port, family, type, proto, flags):
socket.gaierror: [Errno -2] Name or service not known

During handling of the above exception, another exception occurred:

Traceback (most recent call last):
  File "/root/.cache/pypoetry/virtualenvs/cpdbv2-backend-VA82Wl8V-py3.7/lib/python3.7/site-packages/elasticsearch/connection/http_urllib3.py", line 115, in perform_request
    response = self.pool.urlopen(method, url, body, retries=False, headers=self.headers, **kw)
  File "/root/.cache/pypoetry/virtualenvs/cpdbv2-backend-VA82Wl8V-py3.7/lib/python3.7/site-packages/urllib3/connectionpool.py", line 727, in urlopen
    method, url, error=e, _pool=self, _stacktrace=sys.exc_info()[2]
  File "/root/.cache/pypoetry/virtualenvs/cpdbv2-backend-VA82Wl8V-py3.7/lib/python3.7/site-packages/urllib3/util/retry.py", line 386, in increment
    raise six.reraise(type(error), error, _stacktrace)
  File "/root/.cache/pypoetry/virtualenvs/cpdbv2-backend-VA82Wl8V-py3.7/lib/python3.7/site-packages/urllib3/packages/six.py", line 735, in reraise
    raise value
  File "/root/.cache/pypoetry/virtualenvs/cpdbv2-backend-VA82Wl8V-py3.7/lib/python3.7/site-packages/urllib3/connectionpool.py", line 677, in urlopen
    chunked=chunked,
  File "/root/.cache/pypoetry/virtualenvs/cpdbv2-backend-VA82Wl8V-py3.7/lib/python3.7/site-packages/urllib3/connectionpool.py", line 392, in _make_request
    conn.request(method, url, **httplib_request_kw)
  File "/usr/local/lib/python3.7/http/client.py", line 1281, in request
    self._send_request(method, url, body, headers, encode_chunked)
  File "/usr/local/lib/python3.7/http/client.py", line 1327, in _send_request
    self.endheaders(body, encode_chunked=encode_chunked)
  File "/usr/local/lib/python3.7/http/client.py", line 1276, in endheaders
    self._send_output(message_body, encode_chunked=encode_chunked)
  File "/usr/local/lib/python3.7/http/client.py", line 1036, in _send_output
    self.send(msg)
  File "/usr/local/lib/python3.7/http/client.py", line 976, in send
    self.connect()
  File "/root/.cache/pypoetry/virtualenvs/cpdbv2-backend-VA82Wl8V-py3.7/lib/python3.7/site-packages/urllib3/connection.py", line 187, in connect
    conn = self._new_conn()
  File "/root/.cache/pypoetry/virtualenvs/cpdbv2-backend-VA82Wl8V-py3.7/lib/python3.7/site-packages/urllib3/connection.py", line 172, in _new_conn
    self, "Failed to establish a new connection: %s" % e
urllib3.exceptions.NewConnectionError: <urllib3.connection.HTTPConnection object at 0x7ff068beaf50>: Failed to establish a new connection: [Errno -2] Name or service not known
elasticsearch: DEBUG: > None
urllib3.util.retry: DEBUG: Converted retries value: False -> Retry(total=False, connect=None, read=None, redirect=0, status=None)
urllib3.connectionpool: DEBUG: Starting new HTTP connection (364): elasticsearch:9200
elasticsearch: WARNING: DELETE http://elasticsearch:9200/test_autocompletes [status:N/A request:0.004s]
Traceback (most recent call last):
  File "/root/.cache/pypoetry/virtualenvs/cpdbv2-backend-VA82Wl8V-py3.7/lib/python3.7/site-packages/urllib3/connection.py", line 160, in _new_conn
    (self._dns_host, self.port), self.timeout, **extra_kw
  File "/root/.cache/pypoetry/virtualenvs/cpdbv2-backend-VA82Wl8V-py3.7/lib/python3.7/site-packages/urllib3/util/connection.py", line 61, in create_connection
    for res in socket.getaddrinfo(host, port, family, socket.SOCK_STREAM):
  File "/usr/local/lib/python3.7/socket.py", line 752, in getaddrinfo
    for res in _socket.getaddrinfo(host, port, family, type, proto, flags):
socket.gaierror: [Errno -2] Name or service not known

During handling of the above exception, another exception occurred:

Traceback (most recent call last):
  File "/root/.cache/pypoetry/virtualenvs/cpdbv2-backend-VA82Wl8V-py3.7/lib/python3.7/site-packages/elasticsearch/connection/http_urllib3.py", line 115, in perform_request
    response = self.pool.urlopen(method, url, body, retries=False, headers=self.headers, **kw)
  File "/root/.cache/pypoetry/virtualenvs/cpdbv2-backend-VA82Wl8V-py3.7/lib/python3.7/site-packages/urllib3/connectionpool.py", line 727, in urlopen
    method, url, error=e, _pool=self, _stacktrace=sys.exc_info()[2]
  File "/root/.cache/pypoetry/virtualenvs/cpdbv2-backend-VA82Wl8V-py3.7/lib/python3.7/site-packages/urllib3/util/retry.py", line 386, in increment
    raise six.reraise(type(error), error, _stacktrace)
  File "/root/.cache/pypoetry/virtualenvs/cpdbv2-backend-VA82Wl8V-py3.7/lib/python3.7/site-packages/urllib3/packages/six.py", line 735, in reraise
    raise value
  File "/root/.cache/pypoetry/virtualenvs/cpdbv2-backend-VA82Wl8V-py3.7/lib/python3.7/site-packages/urllib3/connectionpool.py", line 677, in urlopen
    chunked=chunked,
  File "/root/.cache/pypoetry/virtualenvs/cpdbv2-backend-VA82Wl8V-py3.7/lib/python3.7/site-packages/urllib3/connectionpool.py", line 392, in _make_request
    conn.request(method, url, **httplib_request_kw)
  File "/usr/local/lib/python3.7/http/client.py", line 1281, in request
    self._send_request(method, url, body, headers, encode_chunked)
  File "/usr/local/lib/python3.7/http/client.py", line 1327, in _send_request
    self.endheaders(body, encode_chunked=encode_chunked)
  File "/usr/local/lib/python3.7/http/client.py", line 1276, in endheaders
    self._send_output(message_body, encode_chunked=encode_chunked)
  File "/usr/local/lib/python3.7/http/client.py", line 1036, in _send_output
    self.send(msg)
  File "/usr/local/lib/python3.7/http/client.py", line 976, in send
    self.connect()
  File "/root/.cache/pypoetry/virtualenvs/cpdbv2-backend-VA82Wl8V-py3.7/lib/python3.7/site-packages/urllib3/connection.py", line 187, in connect
    conn = self._new_conn()
  File "/root/.cache/pypoetry/virtualenvs/cpdbv2-backend-VA82Wl8V-py3.7/lib/python3.7/site-packages/urllib3/connection.py", line 172, in _new_conn
    self, "Failed to establish a new connection: %s" % e
urllib3.exceptions.NewConnectionError: <urllib3.connection.HTTPConnection object at 0x7ff068b3e610>: Failed to establish a new connection: [Errno -2] Name or service not known
elasticsearch: DEBUG: > None
--------------------- >> end captured logging << ---------------------

======================================================================
ERROR: test_search_without_spaces (search.tests.test_services.SearchManagerTestCase)
----------------------------------------------------------------------
Traceback (most recent call last):
  File "/usr/src/app/cpdb/search/tests/utils.py", line 12, in setUp
    autocompletes_alias.read_index.delete(ignore=404)
  File "/root/.cache/pypoetry/virtualenvs/cpdbv2-backend-VA82Wl8V-py3.7/lib/python3.7/site-packages/elasticsearch_dsl/index.py", line 222, in delete
    self.connection.indices.delete(index=self._name, **kwargs)
  File "/root/.cache/pypoetry/virtualenvs/cpdbv2-backend-VA82Wl8V-py3.7/lib/python3.7/site-packages/elasticsearch/client/utils.py", line 73, in _wrapped
    return func(*args, params=params, **kwargs)
  File "/root/.cache/pypoetry/virtualenvs/cpdbv2-backend-VA82Wl8V-py3.7/lib/python3.7/site-packages/elasticsearch/client/indices.py", line 200, in delete
    params=params)
  File "/root/.cache/pypoetry/virtualenvs/cpdbv2-backend-VA82Wl8V-py3.7/lib/python3.7/site-packages/elasticsearch/transport.py", line 312, in perform_request
    status, headers, data = connection.perform_request(method, url, params, body, ignore=ignore, timeout=timeout)
  File "/root/.cache/pypoetry/virtualenvs/cpdbv2-backend-VA82Wl8V-py3.7/lib/python3.7/site-packages/elasticsearch/connection/http_urllib3.py", line 124, in perform_request
    raise ConnectionError('N/A', str(e), e)
elasticsearch.exceptions.ConnectionError: ConnectionError(<urllib3.connection.HTTPConnection object at 0x7ff068b44710>: Failed to establish a new connection: [Errno -2] Name or service not known) caused by: NewConnectionError(<urllib3.connection.HTTPConnection object at 0x7ff068b44710>: Failed to establish a new connection: [Errno -2] Name or service not known)
-------------------- >> begin captured logging << --------------------
urllib3.util.retry: DEBUG: Converted retries value: False -> Retry(total=False, connect=None, read=None, redirect=0, status=None)
urllib3.connectionpool: DEBUG: Starting new HTTP connection (365): elasticsearch:9200
elasticsearch: WARNING: DELETE http://elasticsearch:9200/test_autocompletes [status:N/A request:0.004s]
Traceback (most recent call last):
  File "/root/.cache/pypoetry/virtualenvs/cpdbv2-backend-VA82Wl8V-py3.7/lib/python3.7/site-packages/urllib3/connection.py", line 160, in _new_conn
    (self._dns_host, self.port), self.timeout, **extra_kw
  File "/root/.cache/pypoetry/virtualenvs/cpdbv2-backend-VA82Wl8V-py3.7/lib/python3.7/site-packages/urllib3/util/connection.py", line 61, in create_connection
    for res in socket.getaddrinfo(host, port, family, socket.SOCK_STREAM):
  File "/usr/local/lib/python3.7/socket.py", line 752, in getaddrinfo
    for res in _socket.getaddrinfo(host, port, family, type, proto, flags):
socket.gaierror: [Errno -2] Name or service not known

During handling of the above exception, another exception occurred:

Traceback (most recent call last):
  File "/root/.cache/pypoetry/virtualenvs/cpdbv2-backend-VA82Wl8V-py3.7/lib/python3.7/site-packages/elasticsearch/connection/http_urllib3.py", line 115, in perform_request
    response = self.pool.urlopen(method, url, body, retries=False, headers=self.headers, **kw)
  File "/root/.cache/pypoetry/virtualenvs/cpdbv2-backend-VA82Wl8V-py3.7/lib/python3.7/site-packages/urllib3/connectionpool.py", line 727, in urlopen
    method, url, error=e, _pool=self, _stacktrace=sys.exc_info()[2]
  File "/root/.cache/pypoetry/virtualenvs/cpdbv2-backend-VA82Wl8V-py3.7/lib/python3.7/site-packages/urllib3/util/retry.py", line 386, in increment
    raise six.reraise(type(error), error, _stacktrace)
  File "/root/.cache/pypoetry/virtualenvs/cpdbv2-backend-VA82Wl8V-py3.7/lib/python3.7/site-packages/urllib3/packages/six.py", line 735, in reraise
    raise value
  File "/root/.cache/pypoetry/virtualenvs/cpdbv2-backend-VA82Wl8V-py3.7/lib/python3.7/site-packages/urllib3/connectionpool.py", line 677, in urlopen
    chunked=chunked,
  File "/root/.cache/pypoetry/virtualenvs/cpdbv2-backend-VA82Wl8V-py3.7/lib/python3.7/site-packages/urllib3/connectionpool.py", line 392, in _make_request
    conn.request(method, url, **httplib_request_kw)
  File "/usr/local/lib/python3.7/http/client.py", line 1281, in request
    self._send_request(method, url, body, headers, encode_chunked)
  File "/usr/local/lib/python3.7/http/client.py", line 1327, in _send_request
    self.endheaders(body, encode_chunked=encode_chunked)
  File "/usr/local/lib/python3.7/http/client.py", line 1276, in endheaders
    self._send_output(message_body, encode_chunked=encode_chunked)
  File "/usr/local/lib/python3.7/http/client.py", line 1036, in _send_output
    self.send(msg)
  File "/usr/local/lib/python3.7/http/client.py", line 976, in send
    self.connect()
  File "/root/.cache/pypoetry/virtualenvs/cpdbv2-backend-VA82Wl8V-py3.7/lib/python3.7/site-packages/urllib3/connection.py", line 187, in connect
    conn = self._new_conn()
  File "/root/.cache/pypoetry/virtualenvs/cpdbv2-backend-VA82Wl8V-py3.7/lib/python3.7/site-packages/urllib3/connection.py", line 172, in _new_conn
    self, "Failed to establish a new connection: %s" % e
urllib3.exceptions.NewConnectionError: <urllib3.connection.HTTPConnection object at 0x7ff068b80790>: Failed to establish a new connection: [Errno -2] Name or service not known
elasticsearch: DEBUG: > None
urllib3.util.retry: DEBUG: Converted retries value: False -> Retry(total=False, connect=None, read=None, redirect=0, status=None)
urllib3.connectionpool: DEBUG: Starting new HTTP connection (366): elasticsearch:9200
elasticsearch: WARNING: DELETE http://elasticsearch:9200/test_autocompletes [status:N/A request:0.005s]
Traceback (most recent call last):
  File "/root/.cache/pypoetry/virtualenvs/cpdbv2-backend-VA82Wl8V-py3.7/lib/python3.7/site-packages/urllib3/connection.py", line 160, in _new_conn
    (self._dns_host, self.port), self.timeout, **extra_kw
  File "/root/.cache/pypoetry/virtualenvs/cpdbv2-backend-VA82Wl8V-py3.7/lib/python3.7/site-packages/urllib3/util/connection.py", line 61, in create_connection
    for res in socket.getaddrinfo(host, port, family, socket.SOCK_STREAM):
  File "/usr/local/lib/python3.7/socket.py", line 752, in getaddrinfo
    for res in _socket.getaddrinfo(host, port, family, type, proto, flags):
socket.gaierror: [Errno -2] Name or service not known

During handling of the above exception, another exception occurred:

Traceback (most recent call last):
  File "/root/.cache/pypoetry/virtualenvs/cpdbv2-backend-VA82Wl8V-py3.7/lib/python3.7/site-packages/elasticsearch/connection/http_urllib3.py", line 115, in perform_request
    response = self.pool.urlopen(method, url, body, retries=False, headers=self.headers, **kw)
  File "/root/.cache/pypoetry/virtualenvs/cpdbv2-backend-VA82Wl8V-py3.7/lib/python3.7/site-packages/urllib3/connectionpool.py", line 727, in urlopen
    method, url, error=e, _pool=self, _stacktrace=sys.exc_info()[2]
  File "/root/.cache/pypoetry/virtualenvs/cpdbv2-backend-VA82Wl8V-py3.7/lib/python3.7/site-packages/urllib3/util/retry.py", line 386, in increment
    raise six.reraise(type(error), error, _stacktrace)
  File "/root/.cache/pypoetry/virtualenvs/cpdbv2-backend-VA82Wl8V-py3.7/lib/python3.7/site-packages/urllib3/packages/six.py", line 735, in reraise
    raise value
  File "/root/.cache/pypoetry/virtualenvs/cpdbv2-backend-VA82Wl8V-py3.7/lib/python3.7/site-packages/urllib3/connectionpool.py", line 677, in urlopen
    chunked=chunked,
  File "/root/.cache/pypoetry/virtualenvs/cpdbv2-backend-VA82Wl8V-py3.7/lib/python3.7/site-packages/urllib3/connectionpool.py", line 392, in _make_request
    conn.request(method, url, **httplib_request_kw)
  File "/usr/local/lib/python3.7/http/client.py", line 1281, in request
    self._send_request(method, url, body, headers, encode_chunked)
  File "/usr/local/lib/python3.7/http/client.py", line 1327, in _send_request
    self.endheaders(body, encode_chunked=encode_chunked)
  File "/usr/local/lib/python3.7/http/client.py", line 1276, in endheaders
    self._send_output(message_body, encode_chunked=encode_chunked)
  File "/usr/local/lib/python3.7/http/client.py", line 1036, in _send_output
    self.send(msg)
  File "/usr/local/lib/python3.7/http/client.py", line 976, in send
    self.connect()
  File "/root/.cache/pypoetry/virtualenvs/cpdbv2-backend-VA82Wl8V-py3.7/lib/python3.7/site-packages/urllib3/connection.py", line 187, in connect
    conn = self._new_conn()
  File "/root/.cache/pypoetry/virtualenvs/cpdbv2-backend-VA82Wl8V-py3.7/lib/python3.7/site-packages/urllib3/connection.py", line 172, in _new_conn
    self, "Failed to establish a new connection: %s" % e
urllib3.exceptions.NewConnectionError: <urllib3.connection.HTTPConnection object at 0x7ff068b35290>: Failed to establish a new connection: [Errno -2] Name or service not known
elasticsearch: DEBUG: > None
urllib3.util.retry: DEBUG: Converted retries value: False -> Retry(total=False, connect=None, read=None, redirect=0, status=None)
urllib3.connectionpool: DEBUG: Starting new HTTP connection (367): elasticsearch:9200
elasticsearch: WARNING: DELETE http://elasticsearch:9200/test_autocompletes [status:N/A request:0.004s]
Traceback (most recent call last):
  File "/root/.cache/pypoetry/virtualenvs/cpdbv2-backend-VA82Wl8V-py3.7/lib/python3.7/site-packages/urllib3/connection.py", line 160, in _new_conn
    (self._dns_host, self.port), self.timeout, **extra_kw
  File "/root/.cache/pypoetry/virtualenvs/cpdbv2-backend-VA82Wl8V-py3.7/lib/python3.7/site-packages/urllib3/util/connection.py", line 61, in create_connection
    for res in socket.getaddrinfo(host, port, family, socket.SOCK_STREAM):
  File "/usr/local/lib/python3.7/socket.py", line 752, in getaddrinfo
    for res in _socket.getaddrinfo(host, port, family, type, proto, flags):
socket.gaierror: [Errno -2] Name or service not known

During handling of the above exception, another exception occurred:

Traceback (most recent call last):
  File "/root/.cache/pypoetry/virtualenvs/cpdbv2-backend-VA82Wl8V-py3.7/lib/python3.7/site-packages/elasticsearch/connection/http_urllib3.py", line 115, in perform_request
    response = self.pool.urlopen(method, url, body, retries=False, headers=self.headers, **kw)
  File "/root/.cache/pypoetry/virtualenvs/cpdbv2-backend-VA82Wl8V-py3.7/lib/python3.7/site-packages/urllib3/connectionpool.py", line 727, in urlopen
    method, url, error=e, _pool=self, _stacktrace=sys.exc_info()[2]
  File "/root/.cache/pypoetry/virtualenvs/cpdbv2-backend-VA82Wl8V-py3.7/lib/python3.7/site-packages/urllib3/util/retry.py", line 386, in increment
    raise six.reraise(type(error), error, _stacktrace)
  File "/root/.cache/pypoetry/virtualenvs/cpdbv2-backend-VA82Wl8V-py3.7/lib/python3.7/site-packages/urllib3/packages/six.py", line 735, in reraise
    raise value
  File "/root/.cache/pypoetry/virtualenvs/cpdbv2-backend-VA82Wl8V-py3.7/lib/python3.7/site-packages/urllib3/connectionpool.py", line 677, in urlopen
    chunked=chunked,
  File "/root/.cache/pypoetry/virtualenvs/cpdbv2-backend-VA82Wl8V-py3.7/lib/python3.7/site-packages/urllib3/connectionpool.py", line 392, in _make_request
    conn.request(method, url, **httplib_request_kw)
  File "/usr/local/lib/python3.7/http/client.py", line 1281, in request
    self._send_request(method, url, body, headers, encode_chunked)
  File "/usr/local/lib/python3.7/http/client.py", line 1327, in _send_request
    self.endheaders(body, encode_chunked=encode_chunked)
  File "/usr/local/lib/python3.7/http/client.py", line 1276, in endheaders
    self._send_output(message_body, encode_chunked=encode_chunked)
  File "/usr/local/lib/python3.7/http/client.py", line 1036, in _send_output
    self.send(msg)
  File "/usr/local/lib/python3.7/http/client.py", line 976, in send
    self.connect()
  File "/root/.cache/pypoetry/virtualenvs/cpdbv2-backend-VA82Wl8V-py3.7/lib/python3.7/site-packages/urllib3/connection.py", line 187, in connect
    conn = self._new_conn()
  File "/root/.cache/pypoetry/virtualenvs/cpdbv2-backend-VA82Wl8V-py3.7/lib/python3.7/site-packages/urllib3/connection.py", line 172, in _new_conn
    self, "Failed to establish a new connection: %s" % e
urllib3.exceptions.NewConnectionError: <urllib3.connection.HTTPConnection object at 0x7ff068b351d0>: Failed to establish a new connection: [Errno -2] Name or service not known
elasticsearch: DEBUG: > None
urllib3.util.retry: DEBUG: Converted retries value: False -> Retry(total=False, connect=None, read=None, redirect=0, status=None)
urllib3.connectionpool: DEBUG: Starting new HTTP connection (368): elasticsearch:9200
elasticsearch: WARNING: DELETE http://elasticsearch:9200/test_autocompletes [status:N/A request:0.006s]
Traceback (most recent call last):
  File "/root/.cache/pypoetry/virtualenvs/cpdbv2-backend-VA82Wl8V-py3.7/lib/python3.7/site-packages/urllib3/connection.py", line 160, in _new_conn
    (self._dns_host, self.port), self.timeout, **extra_kw
  File "/root/.cache/pypoetry/virtualenvs/cpdbv2-backend-VA82Wl8V-py3.7/lib/python3.7/site-packages/urllib3/util/connection.py", line 61, in create_connection
    for res in socket.getaddrinfo(host, port, family, socket.SOCK_STREAM):
  File "/usr/local/lib/python3.7/socket.py", line 752, in getaddrinfo
    for res in _socket.getaddrinfo(host, port, family, type, proto, flags):
socket.gaierror: [Errno -2] Name or service not known

During handling of the above exception, another exception occurred:

Traceback (most recent call last):
  File "/root/.cache/pypoetry/virtualenvs/cpdbv2-backend-VA82Wl8V-py3.7/lib/python3.7/site-packages/elasticsearch/connection/http_urllib3.py", line 115, in perform_request
    response = self.pool.urlopen(method, url, body, retries=False, headers=self.headers, **kw)
  File "/root/.cache/pypoetry/virtualenvs/cpdbv2-backend-VA82Wl8V-py3.7/lib/python3.7/site-packages/urllib3/connectionpool.py", line 727, in urlopen
    method, url, error=e, _pool=self, _stacktrace=sys.exc_info()[2]
  File "/root/.cache/pypoetry/virtualenvs/cpdbv2-backend-VA82Wl8V-py3.7/lib/python3.7/site-packages/urllib3/util/retry.py", line 386, in increment
    raise six.reraise(type(error), error, _stacktrace)
  File "/root/.cache/pypoetry/virtualenvs/cpdbv2-backend-VA82Wl8V-py3.7/lib/python3.7/site-packages/urllib3/packages/six.py", line 735, in reraise
    raise value
  File "/root/.cache/pypoetry/virtualenvs/cpdbv2-backend-VA82Wl8V-py3.7/lib/python3.7/site-packages/urllib3/connectionpool.py", line 677, in urlopen
    chunked=chunked,
  File "/root/.cache/pypoetry/virtualenvs/cpdbv2-backend-VA82Wl8V-py3.7/lib/python3.7/site-packages/urllib3/connectionpool.py", line 392, in _make_request
    conn.request(method, url, **httplib_request_kw)
  File "/usr/local/lib/python3.7/http/client.py", line 1281, in request
    self._send_request(method, url, body, headers, encode_chunked)
  File "/usr/local/lib/python3.7/http/client.py", line 1327, in _send_request
    self.endheaders(body, encode_chunked=encode_chunked)
  File "/usr/local/lib/python3.7/http/client.py", line 1276, in endheaders
    self._send_output(message_body, encode_chunked=encode_chunked)
  File "/usr/local/lib/python3.7/http/client.py", line 1036, in _send_output
    self.send(msg)
  File "/usr/local/lib/python3.7/http/client.py", line 976, in send
    self.connect()
  File "/root/.cache/pypoetry/virtualenvs/cpdbv2-backend-VA82Wl8V-py3.7/lib/python3.7/site-packages/urllib3/connection.py", line 187, in connect
    conn = self._new_conn()
  File "/root/.cache/pypoetry/virtualenvs/cpdbv2-backend-VA82Wl8V-py3.7/lib/python3.7/site-packages/urllib3/connection.py", line 172, in _new_conn
    self, "Failed to establish a new connection: %s" % e
urllib3.exceptions.NewConnectionError: <urllib3.connection.HTTPConnection object at 0x7ff068b44710>: Failed to establish a new connection: [Errno -2] Name or service not known
elasticsearch: DEBUG: > None
--------------------- >> end captured logging << ---------------------

======================================================================
ERROR: test_suggest_sample (search.tests.test_services.SearchManagerTestCase)
----------------------------------------------------------------------
Traceback (most recent call last):
  File "/usr/src/app/cpdb/search/tests/utils.py", line 12, in setUp
    autocompletes_alias.read_index.delete(ignore=404)
  File "/root/.cache/pypoetry/virtualenvs/cpdbv2-backend-VA82Wl8V-py3.7/lib/python3.7/site-packages/elasticsearch_dsl/index.py", line 222, in delete
    self.connection.indices.delete(index=self._name, **kwargs)
  File "/root/.cache/pypoetry/virtualenvs/cpdbv2-backend-VA82Wl8V-py3.7/lib/python3.7/site-packages/elasticsearch/client/utils.py", line 73, in _wrapped
    return func(*args, params=params, **kwargs)
  File "/root/.cache/pypoetry/virtualenvs/cpdbv2-backend-VA82Wl8V-py3.7/lib/python3.7/site-packages/elasticsearch/client/indices.py", line 200, in delete
    params=params)
  File "/root/.cache/pypoetry/virtualenvs/cpdbv2-backend-VA82Wl8V-py3.7/lib/python3.7/site-packages/elasticsearch/transport.py", line 312, in perform_request
    status, headers, data = connection.perform_request(method, url, params, body, ignore=ignore, timeout=timeout)
  File "/root/.cache/pypoetry/virtualenvs/cpdbv2-backend-VA82Wl8V-py3.7/lib/python3.7/site-packages/elasticsearch/connection/http_urllib3.py", line 124, in perform_request
    raise ConnectionError('N/A', str(e), e)
elasticsearch.exceptions.ConnectionError: ConnectionError(<urllib3.connection.HTTPConnection object at 0x7ff068c19ed0>: Failed to establish a new connection: [Errno -2] Name or service not known) caused by: NewConnectionError(<urllib3.connection.HTTPConnection object at 0x7ff068c19ed0>: Failed to establish a new connection: [Errno -2] Name or service not known)
-------------------- >> begin captured logging << --------------------
urllib3.util.retry: DEBUG: Converted retries value: False -> Retry(total=False, connect=None, read=None, redirect=0, status=None)
urllib3.connectionpool: DEBUG: Starting new HTTP connection (369): elasticsearch:9200
elasticsearch: WARNING: DELETE http://elasticsearch:9200/test_autocompletes [status:N/A request:0.005s]
Traceback (most recent call last):
  File "/root/.cache/pypoetry/virtualenvs/cpdbv2-backend-VA82Wl8V-py3.7/lib/python3.7/site-packages/urllib3/connection.py", line 160, in _new_conn
    (self._dns_host, self.port), self.timeout, **extra_kw
  File "/root/.cache/pypoetry/virtualenvs/cpdbv2-backend-VA82Wl8V-py3.7/lib/python3.7/site-packages/urllib3/util/connection.py", line 61, in create_connection
    for res in socket.getaddrinfo(host, port, family, socket.SOCK_STREAM):
  File "/usr/local/lib/python3.7/socket.py", line 752, in getaddrinfo
    for res in _socket.getaddrinfo(host, port, family, type, proto, flags):
socket.gaierror: [Errno -2] Name or service not known

During handling of the above exception, another exception occurred:

Traceback (most recent call last):
  File "/root/.cache/pypoetry/virtualenvs/cpdbv2-backend-VA82Wl8V-py3.7/lib/python3.7/site-packages/elasticsearch/connection/http_urllib3.py", line 115, in perform_request
    response = self.pool.urlopen(method, url, body, retries=False, headers=self.headers, **kw)
  File "/root/.cache/pypoetry/virtualenvs/cpdbv2-backend-VA82Wl8V-py3.7/lib/python3.7/site-packages/urllib3/connectionpool.py", line 727, in urlopen
    method, url, error=e, _pool=self, _stacktrace=sys.exc_info()[2]
  File "/root/.cache/pypoetry/virtualenvs/cpdbv2-backend-VA82Wl8V-py3.7/lib/python3.7/site-packages/urllib3/util/retry.py", line 386, in increment
    raise six.reraise(type(error), error, _stacktrace)
  File "/root/.cache/pypoetry/virtualenvs/cpdbv2-backend-VA82Wl8V-py3.7/lib/python3.7/site-packages/urllib3/packages/six.py", line 735, in reraise
    raise value
  File "/root/.cache/pypoetry/virtualenvs/cpdbv2-backend-VA82Wl8V-py3.7/lib/python3.7/site-packages/urllib3/connectionpool.py", line 677, in urlopen
    chunked=chunked,
  File "/root/.cache/pypoetry/virtualenvs/cpdbv2-backend-VA82Wl8V-py3.7/lib/python3.7/site-packages/urllib3/connectionpool.py", line 392, in _make_request
    conn.request(method, url, **httplib_request_kw)
  File "/usr/local/lib/python3.7/http/client.py", line 1281, in request
    self._send_request(method, url, body, headers, encode_chunked)
  File "/usr/local/lib/python3.7/http/client.py", line 1327, in _send_request
    self.endheaders(body, encode_chunked=encode_chunked)
  File "/usr/local/lib/python3.7/http/client.py", line 1276, in endheaders
    self._send_output(message_body, encode_chunked=encode_chunked)
  File "/usr/local/lib/python3.7/http/client.py", line 1036, in _send_output
    self.send(msg)
  File "/usr/local/lib/python3.7/http/client.py", line 976, in send
    self.connect()
  File "/root/.cache/pypoetry/virtualenvs/cpdbv2-backend-VA82Wl8V-py3.7/lib/python3.7/site-packages/urllib3/connection.py", line 187, in connect
    conn = self._new_conn()
  File "/root/.cache/pypoetry/virtualenvs/cpdbv2-backend-VA82Wl8V-py3.7/lib/python3.7/site-packages/urllib3/connection.py", line 172, in _new_conn
    self, "Failed to establish a new connection: %s" % e
urllib3.exceptions.NewConnectionError: <urllib3.connection.HTTPConnection object at 0x7ff068b4ee10>: Failed to establish a new connection: [Errno -2] Name or service not known
elasticsearch: DEBUG: > None
urllib3.util.retry: DEBUG: Converted retries value: False -> Retry(total=False, connect=None, read=None, redirect=0, status=None)
urllib3.connectionpool: DEBUG: Starting new HTTP connection (370): elasticsearch:9200
elasticsearch: WARNING: DELETE http://elasticsearch:9200/test_autocompletes [status:N/A request:0.004s]
Traceback (most recent call last):
  File "/root/.cache/pypoetry/virtualenvs/cpdbv2-backend-VA82Wl8V-py3.7/lib/python3.7/site-packages/urllib3/connection.py", line 160, in _new_conn
    (self._dns_host, self.port), self.timeout, **extra_kw
  File "/root/.cache/pypoetry/virtualenvs/cpdbv2-backend-VA82Wl8V-py3.7/lib/python3.7/site-packages/urllib3/util/connection.py", line 61, in create_connection
    for res in socket.getaddrinfo(host, port, family, socket.SOCK_STREAM):
  File "/usr/local/lib/python3.7/socket.py", line 752, in getaddrinfo
    for res in _socket.getaddrinfo(host, port, family, type, proto, flags):
socket.gaierror: [Errno -2] Name or service not known

During handling of the above exception, another exception occurred:

Traceback (most recent call last):
  File "/root/.cache/pypoetry/virtualenvs/cpdbv2-backend-VA82Wl8V-py3.7/lib/python3.7/site-packages/elasticsearch/connection/http_urllib3.py", line 115, in perform_request
    response = self.pool.urlopen(method, url, body, retries=False, headers=self.headers, **kw)
  File "/root/.cache/pypoetry/virtualenvs/cpdbv2-backend-VA82Wl8V-py3.7/lib/python3.7/site-packages/urllib3/connectionpool.py", line 727, in urlopen
    method, url, error=e, _pool=self, _stacktrace=sys.exc_info()[2]
  File "/root/.cache/pypoetry/virtualenvs/cpdbv2-backend-VA82Wl8V-py3.7/lib/python3.7/site-packages/urllib3/util/retry.py", line 386, in increment
    raise six.reraise(type(error), error, _stacktrace)
  File "/root/.cache/pypoetry/virtualenvs/cpdbv2-backend-VA82Wl8V-py3.7/lib/python3.7/site-packages/urllib3/packages/six.py", line 735, in reraise
    raise value
  File "/root/.cache/pypoetry/virtualenvs/cpdbv2-backend-VA82Wl8V-py3.7/lib/python3.7/site-packages/urllib3/connectionpool.py", line 677, in urlopen
    chunked=chunked,
  File "/root/.cache/pypoetry/virtualenvs/cpdbv2-backend-VA82Wl8V-py3.7/lib/python3.7/site-packages/urllib3/connectionpool.py", line 392, in _make_request
    conn.request(method, url, **httplib_request_kw)
  File "/usr/local/lib/python3.7/http/client.py", line 1281, in request
    self._send_request(method, url, body, headers, encode_chunked)
  File "/usr/local/lib/python3.7/http/client.py", line 1327, in _send_request
    self.endheaders(body, encode_chunked=encode_chunked)
  File "/usr/local/lib/python3.7/http/client.py", line 1276, in endheaders
    self._send_output(message_body, encode_chunked=encode_chunked)
  File "/usr/local/lib/python3.7/http/client.py", line 1036, in _send_output
    self.send(msg)
  File "/usr/local/lib/python3.7/http/client.py", line 976, in send
    self.connect()
  File "/root/.cache/pypoetry/virtualenvs/cpdbv2-backend-VA82Wl8V-py3.7/lib/python3.7/site-packages/urllib3/connection.py", line 187, in connect
    conn = self._new_conn()
  File "/root/.cache/pypoetry/virtualenvs/cpdbv2-backend-VA82Wl8V-py3.7/lib/python3.7/site-packages/urllib3/connection.py", line 172, in _new_conn
    self, "Failed to establish a new connection: %s" % e
urllib3.exceptions.NewConnectionError: <urllib3.connection.HTTPConnection object at 0x7ff068c0bf90>: Failed to establish a new connection: [Errno -2] Name or service not known
elasticsearch: DEBUG: > None
urllib3.util.retry: DEBUG: Converted retries value: False -> Retry(total=False, connect=None, read=None, redirect=0, status=None)
urllib3.connectionpool: DEBUG: Starting new HTTP connection (371): elasticsearch:9200
elasticsearch: WARNING: DELETE http://elasticsearch:9200/test_autocompletes [status:N/A request:0.004s]
Traceback (most recent call last):
  File "/root/.cache/pypoetry/virtualenvs/cpdbv2-backend-VA82Wl8V-py3.7/lib/python3.7/site-packages/urllib3/connection.py", line 160, in _new_conn
    (self._dns_host, self.port), self.timeout, **extra_kw
  File "/root/.cache/pypoetry/virtualenvs/cpdbv2-backend-VA82Wl8V-py3.7/lib/python3.7/site-packages/urllib3/util/connection.py", line 61, in create_connection
    for res in socket.getaddrinfo(host, port, family, socket.SOCK_STREAM):
  File "/usr/local/lib/python3.7/socket.py", line 752, in getaddrinfo
    for res in _socket.getaddrinfo(host, port, family, type, proto, flags):
socket.gaierror: [Errno -2] Name or service not known

During handling of the above exception, another exception occurred:

Traceback (most recent call last):
  File "/root/.cache/pypoetry/virtualenvs/cpdbv2-backend-VA82Wl8V-py3.7/lib/python3.7/site-packages/elasticsearch/connection/http_urllib3.py", line 115, in perform_request
    response = self.pool.urlopen(method, url, body, retries=False, headers=self.headers, **kw)
  File "/root/.cache/pypoetry/virtualenvs/cpdbv2-backend-VA82Wl8V-py3.7/lib/python3.7/site-packages/urllib3/connectionpool.py", line 727, in urlopen
    method, url, error=e, _pool=self, _stacktrace=sys.exc_info()[2]
  File "/root/.cache/pypoetry/virtualenvs/cpdbv2-backend-VA82Wl8V-py3.7/lib/python3.7/site-packages/urllib3/util/retry.py", line 386, in increment
    raise six.reraise(type(error), error, _stacktrace)
  File "/root/.cache/pypoetry/virtualenvs/cpdbv2-backend-VA82Wl8V-py3.7/lib/python3.7/site-packages/urllib3/packages/six.py", line 735, in reraise
    raise value
  File "/root/.cache/pypoetry/virtualenvs/cpdbv2-backend-VA82Wl8V-py3.7/lib/python3.7/site-packages/urllib3/connectionpool.py", line 677, in urlopen
    chunked=chunked,
  File "/root/.cache/pypoetry/virtualenvs/cpdbv2-backend-VA82Wl8V-py3.7/lib/python3.7/site-packages/urllib3/connectionpool.py", line 392, in _make_request
    conn.request(method, url, **httplib_request_kw)
  File "/usr/local/lib/python3.7/http/client.py", line 1281, in request
    self._send_request(method, url, body, headers, encode_chunked)
  File "/usr/local/lib/python3.7/http/client.py", line 1327, in _send_request
    self.endheaders(body, encode_chunked=encode_chunked)
  File "/usr/local/lib/python3.7/http/client.py", line 1276, in endheaders
    self._send_output(message_body, encode_chunked=encode_chunked)
  File "/usr/local/lib/python3.7/http/client.py", line 1036, in _send_output
    self.send(msg)
  File "/usr/local/lib/python3.7/http/client.py", line 976, in send
    self.connect()
  File "/root/.cache/pypoetry/virtualenvs/cpdbv2-backend-VA82Wl8V-py3.7/lib/python3.7/site-packages/urllib3/connection.py", line 187, in connect
    conn = self._new_conn()
  File "/root/.cache/pypoetry/virtualenvs/cpdbv2-backend-VA82Wl8V-py3.7/lib/python3.7/site-packages/urllib3/connection.py", line 172, in _new_conn
    self, "Failed to establish a new connection: %s" % e
urllib3.exceptions.NewConnectionError: <urllib3.connection.HTTPConnection object at 0x7ff068b760d0>: Failed to establish a new connection: [Errno -2] Name or service not known
elasticsearch: DEBUG: > None
urllib3.util.retry: DEBUG: Converted retries value: False -> Retry(total=False, connect=None, read=None, redirect=0, status=None)
urllib3.connectionpool: DEBUG: Starting new HTTP connection (372): elasticsearch:9200
elasticsearch: WARNING: DELETE http://elasticsearch:9200/test_autocompletes [status:N/A request:0.004s]
Traceback (most recent call last):
  File "/root/.cache/pypoetry/virtualenvs/cpdbv2-backend-VA82Wl8V-py3.7/lib/python3.7/site-packages/urllib3/connection.py", line 160, in _new_conn
    (self._dns_host, self.port), self.timeout, **extra_kw
  File "/root/.cache/pypoetry/virtualenvs/cpdbv2-backend-VA82Wl8V-py3.7/lib/python3.7/site-packages/urllib3/util/connection.py", line 61, in create_connection
    for res in socket.getaddrinfo(host, port, family, socket.SOCK_STREAM):
  File "/usr/local/lib/python3.7/socket.py", line 752, in getaddrinfo
    for res in _socket.getaddrinfo(host, port, family, type, proto, flags):
socket.gaierror: [Errno -2] Name or service not known

During handling of the above exception, another exception occurred:

Traceback (most recent call last):
  File "/root/.cache/pypoetry/virtualenvs/cpdbv2-backend-VA82Wl8V-py3.7/lib/python3.7/site-packages/elasticsearch/connection/http_urllib3.py", line 115, in perform_request
    response = self.pool.urlopen(method, url, body, retries=False, headers=self.headers, **kw)
  File "/root/.cache/pypoetry/virtualenvs/cpdbv2-backend-VA82Wl8V-py3.7/lib/python3.7/site-packages/urllib3/connectionpool.py", line 727, in urlopen
    method, url, error=e, _pool=self, _stacktrace=sys.exc_info()[2]
  File "/root/.cache/pypoetry/virtualenvs/cpdbv2-backend-VA82Wl8V-py3.7/lib/python3.7/site-packages/urllib3/util/retry.py", line 386, in increment
    raise six.reraise(type(error), error, _stacktrace)
  File "/root/.cache/pypoetry/virtualenvs/cpdbv2-backend-VA82Wl8V-py3.7/lib/python3.7/site-packages/urllib3/packages/six.py", line 735, in reraise
    raise value
  File "/root/.cache/pypoetry/virtualenvs/cpdbv2-backend-VA82Wl8V-py3.7/lib/python3.7/site-packages/urllib3/connectionpool.py", line 677, in urlopen
    chunked=chunked,
  File "/root/.cache/pypoetry/virtualenvs/cpdbv2-backend-VA82Wl8V-py3.7/lib/python3.7/site-packages/urllib3/connectionpool.py", line 392, in _make_request
    conn.request(method, url, **httplib_request_kw)
  File "/usr/local/lib/python3.7/http/client.py", line 1281, in request
    self._send_request(method, url, body, headers, encode_chunked)
  File "/usr/local/lib/python3.7/http/client.py", line 1327, in _send_request
    self.endheaders(body, encode_chunked=encode_chunked)
  File "/usr/local/lib/python3.7/http/client.py", line 1276, in endheaders
    self._send_output(message_body, encode_chunked=encode_chunked)
  File "/usr/local/lib/python3.7/http/client.py", line 1036, in _send_output
    self.send(msg)
  File "/usr/local/lib/python3.7/http/client.py", line 976, in send
    self.connect()
  File "/root/.cache/pypoetry/virtualenvs/cpdbv2-backend-VA82Wl8V-py3.7/lib/python3.7/site-packages/urllib3/connection.py", line 187, in connect
    conn = self._new_conn()
  File "/root/.cache/pypoetry/virtualenvs/cpdbv2-backend-VA82Wl8V-py3.7/lib/python3.7/site-packages/urllib3/connection.py", line 172, in _new_conn
    self, "Failed to establish a new connection: %s" % e
urllib3.exceptions.NewConnectionError: <urllib3.connection.HTTPConnection object at 0x7ff068c19ed0>: Failed to establish a new connection: [Errno -2] Name or service not known
elasticsearch: DEBUG: > None
--------------------- >> end captured logging << ---------------------

======================================================================
ERROR: test_list_with_term (search.tests.test_views.SearchV1ViewSetTestCase)
----------------------------------------------------------------------
Traceback (most recent call last):
  File "/usr/src/app/cpdb/search/tests/utils.py", line 12, in setUp
    autocompletes_alias.read_index.delete(ignore=404)
  File "/root/.cache/pypoetry/virtualenvs/cpdbv2-backend-VA82Wl8V-py3.7/lib/python3.7/site-packages/elasticsearch_dsl/index.py", line 222, in delete
    self.connection.indices.delete(index=self._name, **kwargs)
  File "/root/.cache/pypoetry/virtualenvs/cpdbv2-backend-VA82Wl8V-py3.7/lib/python3.7/site-packages/elasticsearch/client/utils.py", line 73, in _wrapped
    return func(*args, params=params, **kwargs)
  File "/root/.cache/pypoetry/virtualenvs/cpdbv2-backend-VA82Wl8V-py3.7/lib/python3.7/site-packages/elasticsearch/client/indices.py", line 200, in delete
    params=params)
  File "/root/.cache/pypoetry/virtualenvs/cpdbv2-backend-VA82Wl8V-py3.7/lib/python3.7/site-packages/elasticsearch/transport.py", line 312, in perform_request
    status, headers, data = connection.perform_request(method, url, params, body, ignore=ignore, timeout=timeout)
  File "/root/.cache/pypoetry/virtualenvs/cpdbv2-backend-VA82Wl8V-py3.7/lib/python3.7/site-packages/elasticsearch/connection/http_urllib3.py", line 124, in perform_request
    raise ConnectionError('N/A', str(e), e)
elasticsearch.exceptions.ConnectionError: ConnectionError(<urllib3.connection.HTTPConnection object at 0x7ff068c19dd0>: Failed to establish a new connection: [Errno -2] Name or service not known) caused by: NewConnectionError(<urllib3.connection.HTTPConnection object at 0x7ff068c19dd0>: Failed to establish a new connection: [Errno -2] Name or service not known)
-------------------- >> begin captured logging << --------------------
urllib3.util.retry: DEBUG: Converted retries value: False -> Retry(total=False, connect=None, read=None, redirect=0, status=None)
urllib3.connectionpool: DEBUG: Starting new HTTP connection (373): elasticsearch:9200
elasticsearch: WARNING: DELETE http://elasticsearch:9200/test_autocompletes [status:N/A request:0.004s]
Traceback (most recent call last):
  File "/root/.cache/pypoetry/virtualenvs/cpdbv2-backend-VA82Wl8V-py3.7/lib/python3.7/site-packages/urllib3/connection.py", line 160, in _new_conn
    (self._dns_host, self.port), self.timeout, **extra_kw
  File "/root/.cache/pypoetry/virtualenvs/cpdbv2-backend-VA82Wl8V-py3.7/lib/python3.7/site-packages/urllib3/util/connection.py", line 61, in create_connection
    for res in socket.getaddrinfo(host, port, family, socket.SOCK_STREAM):
  File "/usr/local/lib/python3.7/socket.py", line 752, in getaddrinfo
    for res in _socket.getaddrinfo(host, port, family, type, proto, flags):
socket.gaierror: [Errno -2] Name or service not known

During handling of the above exception, another exception occurred:

Traceback (most recent call last):
  File "/root/.cache/pypoetry/virtualenvs/cpdbv2-backend-VA82Wl8V-py3.7/lib/python3.7/site-packages/elasticsearch/connection/http_urllib3.py", line 115, in perform_request
    response = self.pool.urlopen(method, url, body, retries=False, headers=self.headers, **kw)
  File "/root/.cache/pypoetry/virtualenvs/cpdbv2-backend-VA82Wl8V-py3.7/lib/python3.7/site-packages/urllib3/connectionpool.py", line 727, in urlopen
    method, url, error=e, _pool=self, _stacktrace=sys.exc_info()[2]
  File "/root/.cache/pypoetry/virtualenvs/cpdbv2-backend-VA82Wl8V-py3.7/lib/python3.7/site-packages/urllib3/util/retry.py", line 386, in increment
    raise six.reraise(type(error), error, _stacktrace)
  File "/root/.cache/pypoetry/virtualenvs/cpdbv2-backend-VA82Wl8V-py3.7/lib/python3.7/site-packages/urllib3/packages/six.py", line 735, in reraise
    raise value
  File "/root/.cache/pypoetry/virtualenvs/cpdbv2-backend-VA82Wl8V-py3.7/lib/python3.7/site-packages/urllib3/connectionpool.py", line 677, in urlopen
    chunked=chunked,
  File "/root/.cache/pypoetry/virtualenvs/cpdbv2-backend-VA82Wl8V-py3.7/lib/python3.7/site-packages/urllib3/connectionpool.py", line 392, in _make_request
    conn.request(method, url, **httplib_request_kw)
  File "/usr/local/lib/python3.7/http/client.py", line 1281, in request
    self._send_request(method, url, body, headers, encode_chunked)
  File "/usr/local/lib/python3.7/http/client.py", line 1327, in _send_request
    self.endheaders(body, encode_chunked=encode_chunked)
  File "/usr/local/lib/python3.7/http/client.py", line 1276, in endheaders
    self._send_output(message_body, encode_chunked=encode_chunked)
  File "/usr/local/lib/python3.7/http/client.py", line 1036, in _send_output
    self.send(msg)
  File "/usr/local/lib/python3.7/http/client.py", line 976, in send
    self.connect()
  File "/root/.cache/pypoetry/virtualenvs/cpdbv2-backend-VA82Wl8V-py3.7/lib/python3.7/site-packages/urllib3/connection.py", line 187, in connect
    conn = self._new_conn()
  File "/root/.cache/pypoetry/virtualenvs/cpdbv2-backend-VA82Wl8V-py3.7/lib/python3.7/site-packages/urllib3/connection.py", line 172, in _new_conn
    self, "Failed to establish a new connection: %s" % e
urllib3.exceptions.NewConnectionError: <urllib3.connection.HTTPConnection object at 0x7ff068b834d0>: Failed to establish a new connection: [Errno -2] Name or service not known
elasticsearch: DEBUG: > None
urllib3.util.retry: DEBUG: Converted retries value: False -> Retry(total=False, connect=None, read=None, redirect=0, status=None)
urllib3.connectionpool: DEBUG: Starting new HTTP connection (374): elasticsearch:9200
elasticsearch: WARNING: DELETE http://elasticsearch:9200/test_autocompletes [status:N/A request:0.005s]
Traceback (most recent call last):
  File "/root/.cache/pypoetry/virtualenvs/cpdbv2-backend-VA82Wl8V-py3.7/lib/python3.7/site-packages/urllib3/connection.py", line 160, in _new_conn
    (self._dns_host, self.port), self.timeout, **extra_kw
  File "/root/.cache/pypoetry/virtualenvs/cpdbv2-backend-VA82Wl8V-py3.7/lib/python3.7/site-packages/urllib3/util/connection.py", line 61, in create_connection
    for res in socket.getaddrinfo(host, port, family, socket.SOCK_STREAM):
  File "/usr/local/lib/python3.7/socket.py", line 752, in getaddrinfo
    for res in _socket.getaddrinfo(host, port, family, type, proto, flags):
socket.gaierror: [Errno -2] Name or service not known

During handling of the above exception, another exception occurred:

Traceback (most recent call last):
  File "/root/.cache/pypoetry/virtualenvs/cpdbv2-backend-VA82Wl8V-py3.7/lib/python3.7/site-packages/elasticsearch/connection/http_urllib3.py", line 115, in perform_request
    response = self.pool.urlopen(method, url, body, retries=False, headers=self.headers, **kw)
  File "/root/.cache/pypoetry/virtualenvs/cpdbv2-backend-VA82Wl8V-py3.7/lib/python3.7/site-packages/urllib3/connectionpool.py", line 727, in urlopen
    method, url, error=e, _pool=self, _stacktrace=sys.exc_info()[2]
  File "/root/.cache/pypoetry/virtualenvs/cpdbv2-backend-VA82Wl8V-py3.7/lib/python3.7/site-packages/urllib3/util/retry.py", line 386, in increment
    raise six.reraise(type(error), error, _stacktrace)
  File "/root/.cache/pypoetry/virtualenvs/cpdbv2-backend-VA82Wl8V-py3.7/lib/python3.7/site-packages/urllib3/packages/six.py", line 735, in reraise
    raise value
  File "/root/.cache/pypoetry/virtualenvs/cpdbv2-backend-VA82Wl8V-py3.7/lib/python3.7/site-packages/urllib3/connectionpool.py", line 677, in urlopen
    chunked=chunked,
  File "/root/.cache/pypoetry/virtualenvs/cpdbv2-backend-VA82Wl8V-py3.7/lib/python3.7/site-packages/urllib3/connectionpool.py", line 392, in _make_request
    conn.request(method, url, **httplib_request_kw)
  File "/usr/local/lib/python3.7/http/client.py", line 1281, in request
    self._send_request(method, url, body, headers, encode_chunked)
  File "/usr/local/lib/python3.7/http/client.py", line 1327, in _send_request
    self.endheaders(body, encode_chunked=encode_chunked)
  File "/usr/local/lib/python3.7/http/client.py", line 1276, in endheaders
    self._send_output(message_body, encode_chunked=encode_chunked)
  File "/usr/local/lib/python3.7/http/client.py", line 1036, in _send_output
    self.send(msg)
  File "/usr/local/lib/python3.7/http/client.py", line 976, in send
    self.connect()
  File "/root/.cache/pypoetry/virtualenvs/cpdbv2-backend-VA82Wl8V-py3.7/lib/python3.7/site-packages/urllib3/connection.py", line 187, in connect
    conn = self._new_conn()
  File "/root/.cache/pypoetry/virtualenvs/cpdbv2-backend-VA82Wl8V-py3.7/lib/python3.7/site-packages/urllib3/connection.py", line 172, in _new_conn
    self, "Failed to establish a new connection: %s" % e
urllib3.exceptions.NewConnectionError: <urllib3.connection.HTTPConnection object at 0x7ff068b835d0>: Failed to establish a new connection: [Errno -2] Name or service not known
elasticsearch: DEBUG: > None
urllib3.util.retry: DEBUG: Converted retries value: False -> Retry(total=False, connect=None, read=None, redirect=0, status=None)
urllib3.connectionpool: DEBUG: Starting new HTTP connection (375): elasticsearch:9200
elasticsearch: WARNING: DELETE http://elasticsearch:9200/test_autocompletes [status:N/A request:0.006s]
Traceback (most recent call last):
  File "/root/.cache/pypoetry/virtualenvs/cpdbv2-backend-VA82Wl8V-py3.7/lib/python3.7/site-packages/urllib3/connection.py", line 160, in _new_conn
    (self._dns_host, self.port), self.timeout, **extra_kw
  File "/root/.cache/pypoetry/virtualenvs/cpdbv2-backend-VA82Wl8V-py3.7/lib/python3.7/site-packages/urllib3/util/connection.py", line 61, in create_connection
    for res in socket.getaddrinfo(host, port, family, socket.SOCK_STREAM):
  File "/usr/local/lib/python3.7/socket.py", line 752, in getaddrinfo
    for res in _socket.getaddrinfo(host, port, family, type, proto, flags):
socket.gaierror: [Errno -2] Name or service not known

During handling of the above exception, another exception occurred:

Traceback (most recent call last):
  File "/root/.cache/pypoetry/virtualenvs/cpdbv2-backend-VA82Wl8V-py3.7/lib/python3.7/site-packages/elasticsearch/connection/http_urllib3.py", line 115, in perform_request
    response = self.pool.urlopen(method, url, body, retries=False, headers=self.headers, **kw)
  File "/root/.cache/pypoetry/virtualenvs/cpdbv2-backend-VA82Wl8V-py3.7/lib/python3.7/site-packages/urllib3/connectionpool.py", line 727, in urlopen
    method, url, error=e, _pool=self, _stacktrace=sys.exc_info()[2]
  File "/root/.cache/pypoetry/virtualenvs/cpdbv2-backend-VA82Wl8V-py3.7/lib/python3.7/site-packages/urllib3/util/retry.py", line 386, in increment
    raise six.reraise(type(error), error, _stacktrace)
  File "/root/.cache/pypoetry/virtualenvs/cpdbv2-backend-VA82Wl8V-py3.7/lib/python3.7/site-packages/urllib3/packages/six.py", line 735, in reraise
    raise value
  File "/root/.cache/pypoetry/virtualenvs/cpdbv2-backend-VA82Wl8V-py3.7/lib/python3.7/site-packages/urllib3/connectionpool.py", line 677, in urlopen
    chunked=chunked,
  File "/root/.cache/pypoetry/virtualenvs/cpdbv2-backend-VA82Wl8V-py3.7/lib/python3.7/site-packages/urllib3/connectionpool.py", line 392, in _make_request
    conn.request(method, url, **httplib_request_kw)
  File "/usr/local/lib/python3.7/http/client.py", line 1281, in request
    self._send_request(method, url, body, headers, encode_chunked)
  File "/usr/local/lib/python3.7/http/client.py", line 1327, in _send_request
    self.endheaders(body, encode_chunked=encode_chunked)
  File "/usr/local/lib/python3.7/http/client.py", line 1276, in endheaders
    self._send_output(message_body, encode_chunked=encode_chunked)
  File "/usr/local/lib/python3.7/http/client.py", line 1036, in _send_output
    self.send(msg)
  File "/usr/local/lib/python3.7/http/client.py", line 976, in send
    self.connect()
  File "/root/.cache/pypoetry/virtualenvs/cpdbv2-backend-VA82Wl8V-py3.7/lib/python3.7/site-packages/urllib3/connection.py", line 187, in connect
    conn = self._new_conn()
  File "/root/.cache/pypoetry/virtualenvs/cpdbv2-backend-VA82Wl8V-py3.7/lib/python3.7/site-packages/urllib3/connection.py", line 172, in _new_conn
    self, "Failed to establish a new connection: %s" % e
urllib3.exceptions.NewConnectionError: <urllib3.connection.HTTPConnection object at 0x7ff068b760d0>: Failed to establish a new connection: [Errno -2] Name or service not known
elasticsearch: DEBUG: > None
urllib3.util.retry: DEBUG: Converted retries value: False -> Retry(total=False, connect=None, read=None, redirect=0, status=None)
urllib3.connectionpool: DEBUG: Starting new HTTP connection (376): elasticsearch:9200
elasticsearch: WARNING: DELETE http://elasticsearch:9200/test_autocompletes [status:N/A request:0.004s]
Traceback (most recent call last):
  File "/root/.cache/pypoetry/virtualenvs/cpdbv2-backend-VA82Wl8V-py3.7/lib/python3.7/site-packages/urllib3/connection.py", line 160, in _new_conn
    (self._dns_host, self.port), self.timeout, **extra_kw
  File "/root/.cache/pypoetry/virtualenvs/cpdbv2-backend-VA82Wl8V-py3.7/lib/python3.7/site-packages/urllib3/util/connection.py", line 61, in create_connection
    for res in socket.getaddrinfo(host, port, family, socket.SOCK_STREAM):
  File "/usr/local/lib/python3.7/socket.py", line 752, in getaddrinfo
    for res in _socket.getaddrinfo(host, port, family, type, proto, flags):
socket.gaierror: [Errno -2] Name or service not known

During handling of the above exception, another exception occurred:

Traceback (most recent call last):
  File "/root/.cache/pypoetry/virtualenvs/cpdbv2-backend-VA82Wl8V-py3.7/lib/python3.7/site-packages/elasticsearch/connection/http_urllib3.py", line 115, in perform_request
    response = self.pool.urlopen(method, url, body, retries=False, headers=self.headers, **kw)
  File "/root/.cache/pypoetry/virtualenvs/cpdbv2-backend-VA82Wl8V-py3.7/lib/python3.7/site-packages/urllib3/connectionpool.py", line 727, in urlopen
    method, url, error=e, _pool=self, _stacktrace=sys.exc_info()[2]
  File "/root/.cache/pypoetry/virtualenvs/cpdbv2-backend-VA82Wl8V-py3.7/lib/python3.7/site-packages/urllib3/util/retry.py", line 386, in increment
    raise six.reraise(type(error), error, _stacktrace)
  File "/root/.cache/pypoetry/virtualenvs/cpdbv2-backend-VA82Wl8V-py3.7/lib/python3.7/site-packages/urllib3/packages/six.py", line 735, in reraise
    raise value
  File "/root/.cache/pypoetry/virtualenvs/cpdbv2-backend-VA82Wl8V-py3.7/lib/python3.7/site-packages/urllib3/connectionpool.py", line 677, in urlopen
    chunked=chunked,
  File "/root/.cache/pypoetry/virtualenvs/cpdbv2-backend-VA82Wl8V-py3.7/lib/python3.7/site-packages/urllib3/connectionpool.py", line 392, in _make_request
    conn.request(method, url, **httplib_request_kw)
  File "/usr/local/lib/python3.7/http/client.py", line 1281, in request
    self._send_request(method, url, body, headers, encode_chunked)
  File "/usr/local/lib/python3.7/http/client.py", line 1327, in _send_request
    self.endheaders(body, encode_chunked=encode_chunked)
  File "/usr/local/lib/python3.7/http/client.py", line 1276, in endheaders
    self._send_output(message_body, encode_chunked=encode_chunked)
  File "/usr/local/lib/python3.7/http/client.py", line 1036, in _send_output
    self.send(msg)
  File "/usr/local/lib/python3.7/http/client.py", line 976, in send
    self.connect()
  File "/root/.cache/pypoetry/virtualenvs/cpdbv2-backend-VA82Wl8V-py3.7/lib/python3.7/site-packages/urllib3/connection.py", line 187, in connect
    conn = self._new_conn()
  File "/root/.cache/pypoetry/virtualenvs/cpdbv2-backend-VA82Wl8V-py3.7/lib/python3.7/site-packages/urllib3/connection.py", line 172, in _new_conn
    self, "Failed to establish a new connection: %s" % e
urllib3.exceptions.NewConnectionError: <urllib3.connection.HTTPConnection object at 0x7ff068c19dd0>: Failed to establish a new connection: [Errno -2] Name or service not known
elasticsearch: DEBUG: > None
--------------------- >> end captured logging << ---------------------

======================================================================
ERROR: test_retrieve_list_cr_with_highlight (search.tests.test_views.SearchV1ViewSetTestCase)
----------------------------------------------------------------------
Traceback (most recent call last):
  File "/usr/src/app/cpdb/search/tests/utils.py", line 12, in setUp
    autocompletes_alias.read_index.delete(ignore=404)
  File "/root/.cache/pypoetry/virtualenvs/cpdbv2-backend-VA82Wl8V-py3.7/lib/python3.7/site-packages/elasticsearch_dsl/index.py", line 222, in delete
    self.connection.indices.delete(index=self._name, **kwargs)
  File "/root/.cache/pypoetry/virtualenvs/cpdbv2-backend-VA82Wl8V-py3.7/lib/python3.7/site-packages/elasticsearch/client/utils.py", line 73, in _wrapped
    return func(*args, params=params, **kwargs)
  File "/root/.cache/pypoetry/virtualenvs/cpdbv2-backend-VA82Wl8V-py3.7/lib/python3.7/site-packages/elasticsearch/client/indices.py", line 200, in delete
    params=params)
  File "/root/.cache/pypoetry/virtualenvs/cpdbv2-backend-VA82Wl8V-py3.7/lib/python3.7/site-packages/elasticsearch/transport.py", line 312, in perform_request
    status, headers, data = connection.perform_request(method, url, params, body, ignore=ignore, timeout=timeout)
  File "/root/.cache/pypoetry/virtualenvs/cpdbv2-backend-VA82Wl8V-py3.7/lib/python3.7/site-packages/elasticsearch/connection/http_urllib3.py", line 124, in perform_request
    raise ConnectionError('N/A', str(e), e)
elasticsearch.exceptions.ConnectionError: ConnectionError(<urllib3.connection.HTTPConnection object at 0x7ff068b35710>: Failed to establish a new connection: [Errno -2] Name or service not known) caused by: NewConnectionError(<urllib3.connection.HTTPConnection object at 0x7ff068b35710>: Failed to establish a new connection: [Errno -2] Name or service not known)
-------------------- >> begin captured logging << --------------------
urllib3.util.retry: DEBUG: Converted retries value: False -> Retry(total=False, connect=None, read=None, redirect=0, status=None)
urllib3.connectionpool: DEBUG: Starting new HTTP connection (377): elasticsearch:9200
elasticsearch: WARNING: DELETE http://elasticsearch:9200/test_autocompletes [status:N/A request:0.004s]
Traceback (most recent call last):
  File "/root/.cache/pypoetry/virtualenvs/cpdbv2-backend-VA82Wl8V-py3.7/lib/python3.7/site-packages/urllib3/connection.py", line 160, in _new_conn
    (self._dns_host, self.port), self.timeout, **extra_kw
  File "/root/.cache/pypoetry/virtualenvs/cpdbv2-backend-VA82Wl8V-py3.7/lib/python3.7/site-packages/urllib3/util/connection.py", line 61, in create_connection
    for res in socket.getaddrinfo(host, port, family, socket.SOCK_STREAM):
  File "/usr/local/lib/python3.7/socket.py", line 752, in getaddrinfo
    for res in _socket.getaddrinfo(host, port, family, type, proto, flags):
socket.gaierror: [Errno -2] Name or service not known

During handling of the above exception, another exception occurred:

Traceback (most recent call last):
  File "/root/.cache/pypoetry/virtualenvs/cpdbv2-backend-VA82Wl8V-py3.7/lib/python3.7/site-packages/elasticsearch/connection/http_urllib3.py", line 115, in perform_request
    response = self.pool.urlopen(method, url, body, retries=False, headers=self.headers, **kw)
  File "/root/.cache/pypoetry/virtualenvs/cpdbv2-backend-VA82Wl8V-py3.7/lib/python3.7/site-packages/urllib3/connectionpool.py", line 727, in urlopen
    method, url, error=e, _pool=self, _stacktrace=sys.exc_info()[2]
  File "/root/.cache/pypoetry/virtualenvs/cpdbv2-backend-VA82Wl8V-py3.7/lib/python3.7/site-packages/urllib3/util/retry.py", line 386, in increment
    raise six.reraise(type(error), error, _stacktrace)
  File "/root/.cache/pypoetry/virtualenvs/cpdbv2-backend-VA82Wl8V-py3.7/lib/python3.7/site-packages/urllib3/packages/six.py", line 735, in reraise
    raise value
  File "/root/.cache/pypoetry/virtualenvs/cpdbv2-backend-VA82Wl8V-py3.7/lib/python3.7/site-packages/urllib3/connectionpool.py", line 677, in urlopen
    chunked=chunked,
  File "/root/.cache/pypoetry/virtualenvs/cpdbv2-backend-VA82Wl8V-py3.7/lib/python3.7/site-packages/urllib3/connectionpool.py", line 392, in _make_request
    conn.request(method, url, **httplib_request_kw)
  File "/usr/local/lib/python3.7/http/client.py", line 1281, in request
    self._send_request(method, url, body, headers, encode_chunked)
  File "/usr/local/lib/python3.7/http/client.py", line 1327, in _send_request
    self.endheaders(body, encode_chunked=encode_chunked)
  File "/usr/local/lib/python3.7/http/client.py", line 1276, in endheaders
    self._send_output(message_body, encode_chunked=encode_chunked)
  File "/usr/local/lib/python3.7/http/client.py", line 1036, in _send_output
    self.send(msg)
  File "/usr/local/lib/python3.7/http/client.py", line 976, in send
    self.connect()
  File "/root/.cache/pypoetry/virtualenvs/cpdbv2-backend-VA82Wl8V-py3.7/lib/python3.7/site-packages/urllib3/connection.py", line 187, in connect
    conn = self._new_conn()
  File "/root/.cache/pypoetry/virtualenvs/cpdbv2-backend-VA82Wl8V-py3.7/lib/python3.7/site-packages/urllib3/connection.py", line 172, in _new_conn
    self, "Failed to establish a new connection: %s" % e
urllib3.exceptions.NewConnectionError: <urllib3.connection.HTTPConnection object at 0x7ff068c0b510>: Failed to establish a new connection: [Errno -2] Name or service not known
elasticsearch: DEBUG: > None
urllib3.util.retry: DEBUG: Converted retries value: False -> Retry(total=False, connect=None, read=None, redirect=0, status=None)
urllib3.connectionpool: DEBUG: Starting new HTTP connection (378): elasticsearch:9200
elasticsearch: WARNING: DELETE http://elasticsearch:9200/test_autocompletes [status:N/A request:0.004s]
Traceback (most recent call last):
  File "/root/.cache/pypoetry/virtualenvs/cpdbv2-backend-VA82Wl8V-py3.7/lib/python3.7/site-packages/urllib3/connection.py", line 160, in _new_conn
    (self._dns_host, self.port), self.timeout, **extra_kw
  File "/root/.cache/pypoetry/virtualenvs/cpdbv2-backend-VA82Wl8V-py3.7/lib/python3.7/site-packages/urllib3/util/connection.py", line 61, in create_connection
    for res in socket.getaddrinfo(host, port, family, socket.SOCK_STREAM):
  File "/usr/local/lib/python3.7/socket.py", line 752, in getaddrinfo
    for res in _socket.getaddrinfo(host, port, family, type, proto, flags):
socket.gaierror: [Errno -2] Name or service not known

During handling of the above exception, another exception occurred:

Traceback (most recent call last):
  File "/root/.cache/pypoetry/virtualenvs/cpdbv2-backend-VA82Wl8V-py3.7/lib/python3.7/site-packages/elasticsearch/connection/http_urllib3.py", line 115, in perform_request
    response = self.pool.urlopen(method, url, body, retries=False, headers=self.headers, **kw)
  File "/root/.cache/pypoetry/virtualenvs/cpdbv2-backend-VA82Wl8V-py3.7/lib/python3.7/site-packages/urllib3/connectionpool.py", line 727, in urlopen
    method, url, error=e, _pool=self, _stacktrace=sys.exc_info()[2]
  File "/root/.cache/pypoetry/virtualenvs/cpdbv2-backend-VA82Wl8V-py3.7/lib/python3.7/site-packages/urllib3/util/retry.py", line 386, in increment
    raise six.reraise(type(error), error, _stacktrace)
  File "/root/.cache/pypoetry/virtualenvs/cpdbv2-backend-VA82Wl8V-py3.7/lib/python3.7/site-packages/urllib3/packages/six.py", line 735, in reraise
    raise value
  File "/root/.cache/pypoetry/virtualenvs/cpdbv2-backend-VA82Wl8V-py3.7/lib/python3.7/site-packages/urllib3/connectionpool.py", line 677, in urlopen
    chunked=chunked,
  File "/root/.cache/pypoetry/virtualenvs/cpdbv2-backend-VA82Wl8V-py3.7/lib/python3.7/site-packages/urllib3/connectionpool.py", line 392, in _make_request
    conn.request(method, url, **httplib_request_kw)
  File "/usr/local/lib/python3.7/http/client.py", line 1281, in request
    self._send_request(method, url, body, headers, encode_chunked)
  File "/usr/local/lib/python3.7/http/client.py", line 1327, in _send_request
    self.endheaders(body, encode_chunked=encode_chunked)
  File "/usr/local/lib/python3.7/http/client.py", line 1276, in endheaders
    self._send_output(message_body, encode_chunked=encode_chunked)
  File "/usr/local/lib/python3.7/http/client.py", line 1036, in _send_output
    self.send(msg)
  File "/usr/local/lib/python3.7/http/client.py", line 976, in send
    self.connect()
  File "/root/.cache/pypoetry/virtualenvs/cpdbv2-backend-VA82Wl8V-py3.7/lib/python3.7/site-packages/urllib3/connection.py", line 187, in connect
    conn = self._new_conn()
  File "/root/.cache/pypoetry/virtualenvs/cpdbv2-backend-VA82Wl8V-py3.7/lib/python3.7/site-packages/urllib3/connection.py", line 172, in _new_conn
    self, "Failed to establish a new connection: %s" % e
urllib3.exceptions.NewConnectionError: <urllib3.connection.HTTPConnection object at 0x7ff068b4ee90>: Failed to establish a new connection: [Errno -2] Name or service not known
elasticsearch: DEBUG: > None
urllib3.util.retry: DEBUG: Converted retries value: False -> Retry(total=False, connect=None, read=None, redirect=0, status=None)
urllib3.connectionpool: DEBUG: Starting new HTTP connection (379): elasticsearch:9200
elasticsearch: WARNING: DELETE http://elasticsearch:9200/test_autocompletes [status:N/A request:0.004s]
Traceback (most recent call last):
  File "/root/.cache/pypoetry/virtualenvs/cpdbv2-backend-VA82Wl8V-py3.7/lib/python3.7/site-packages/urllib3/connection.py", line 160, in _new_conn
    (self._dns_host, self.port), self.timeout, **extra_kw
  File "/root/.cache/pypoetry/virtualenvs/cpdbv2-backend-VA82Wl8V-py3.7/lib/python3.7/site-packages/urllib3/util/connection.py", line 61, in create_connection
    for res in socket.getaddrinfo(host, port, family, socket.SOCK_STREAM):
  File "/usr/local/lib/python3.7/socket.py", line 752, in getaddrinfo
    for res in _socket.getaddrinfo(host, port, family, type, proto, flags):
socket.gaierror: [Errno -2] Name or service not known

During handling of the above exception, another exception occurred:

Traceback (most recent call last):
  File "/root/.cache/pypoetry/virtualenvs/cpdbv2-backend-VA82Wl8V-py3.7/lib/python3.7/site-packages/elasticsearch/connection/http_urllib3.py", line 115, in perform_request
    response = self.pool.urlopen(method, url, body, retries=False, headers=self.headers, **kw)
  File "/root/.cache/pypoetry/virtualenvs/cpdbv2-backend-VA82Wl8V-py3.7/lib/python3.7/site-packages/urllib3/connectionpool.py", line 727, in urlopen
    method, url, error=e, _pool=self, _stacktrace=sys.exc_info()[2]
  File "/root/.cache/pypoetry/virtualenvs/cpdbv2-backend-VA82Wl8V-py3.7/lib/python3.7/site-packages/urllib3/util/retry.py", line 386, in increment
    raise six.reraise(type(error), error, _stacktrace)
  File "/root/.cache/pypoetry/virtualenvs/cpdbv2-backend-VA82Wl8V-py3.7/lib/python3.7/site-packages/urllib3/packages/six.py", line 735, in reraise
    raise value
  File "/root/.cache/pypoetry/virtualenvs/cpdbv2-backend-VA82Wl8V-py3.7/lib/python3.7/site-packages/urllib3/connectionpool.py", line 677, in urlopen
    chunked=chunked,
  File "/root/.cache/pypoetry/virtualenvs/cpdbv2-backend-VA82Wl8V-py3.7/lib/python3.7/site-packages/urllib3/connectionpool.py", line 392, in _make_request
    conn.request(method, url, **httplib_request_kw)
  File "/usr/local/lib/python3.7/http/client.py", line 1281, in request
    self._send_request(method, url, body, headers, encode_chunked)
  File "/usr/local/lib/python3.7/http/client.py", line 1327, in _send_request
    self.endheaders(body, encode_chunked=encode_chunked)
  File "/usr/local/lib/python3.7/http/client.py", line 1276, in endheaders
    self._send_output(message_body, encode_chunked=encode_chunked)
  File "/usr/local/lib/python3.7/http/client.py", line 1036, in _send_output
    self.send(msg)
  File "/usr/local/lib/python3.7/http/client.py", line 976, in send
    self.connect()
  File "/root/.cache/pypoetry/virtualenvs/cpdbv2-backend-VA82Wl8V-py3.7/lib/python3.7/site-packages/urllib3/connection.py", line 187, in connect
    conn = self._new_conn()
  File "/root/.cache/pypoetry/virtualenvs/cpdbv2-backend-VA82Wl8V-py3.7/lib/python3.7/site-packages/urllib3/connection.py", line 172, in _new_conn
    self, "Failed to establish a new connection: %s" % e
urllib3.exceptions.NewConnectionError: <urllib3.connection.HTTPConnection object at 0x7ff068b351d0>: Failed to establish a new connection: [Errno -2] Name or service not known
elasticsearch: DEBUG: > None
urllib3.util.retry: DEBUG: Converted retries value: False -> Retry(total=False, connect=None, read=None, redirect=0, status=None)
urllib3.connectionpool: DEBUG: Starting new HTTP connection (380): elasticsearch:9200
elasticsearch: WARNING: DELETE http://elasticsearch:9200/test_autocompletes [status:N/A request:0.004s]
Traceback (most recent call last):
  File "/root/.cache/pypoetry/virtualenvs/cpdbv2-backend-VA82Wl8V-py3.7/lib/python3.7/site-packages/urllib3/connection.py", line 160, in _new_conn
    (self._dns_host, self.port), self.timeout, **extra_kw
  File "/root/.cache/pypoetry/virtualenvs/cpdbv2-backend-VA82Wl8V-py3.7/lib/python3.7/site-packages/urllib3/util/connection.py", line 61, in create_connection
    for res in socket.getaddrinfo(host, port, family, socket.SOCK_STREAM):
  File "/usr/local/lib/python3.7/socket.py", line 752, in getaddrinfo
    for res in _socket.getaddrinfo(host, port, family, type, proto, flags):
socket.gaierror: [Errno -2] Name or service not known

During handling of the above exception, another exception occurred:

Traceback (most recent call last):
  File "/root/.cache/pypoetry/virtualenvs/cpdbv2-backend-VA82Wl8V-py3.7/lib/python3.7/site-packages/elasticsearch/connection/http_urllib3.py", line 115, in perform_request
    response = self.pool.urlopen(method, url, body, retries=False, headers=self.headers, **kw)
  File "/root/.cache/pypoetry/virtualenvs/cpdbv2-backend-VA82Wl8V-py3.7/lib/python3.7/site-packages/urllib3/connectionpool.py", line 727, in urlopen
    method, url, error=e, _pool=self, _stacktrace=sys.exc_info()[2]
  File "/root/.cache/pypoetry/virtualenvs/cpdbv2-backend-VA82Wl8V-py3.7/lib/python3.7/site-packages/urllib3/util/retry.py", line 386, in increment
    raise six.reraise(type(error), error, _stacktrace)
  File "/root/.cache/pypoetry/virtualenvs/cpdbv2-backend-VA82Wl8V-py3.7/lib/python3.7/site-packages/urllib3/packages/six.py", line 735, in reraise
    raise value
  File "/root/.cache/pypoetry/virtualenvs/cpdbv2-backend-VA82Wl8V-py3.7/lib/python3.7/site-packages/urllib3/connectionpool.py", line 677, in urlopen
    chunked=chunked,
  File "/root/.cache/pypoetry/virtualenvs/cpdbv2-backend-VA82Wl8V-py3.7/lib/python3.7/site-packages/urllib3/connectionpool.py", line 392, in _make_request
    conn.request(method, url, **httplib_request_kw)
  File "/usr/local/lib/python3.7/http/client.py", line 1281, in request
    self._send_request(method, url, body, headers, encode_chunked)
  File "/usr/local/lib/python3.7/http/client.py", line 1327, in _send_request
    self.endheaders(body, encode_chunked=encode_chunked)
  File "/usr/local/lib/python3.7/http/client.py", line 1276, in endheaders
    self._send_output(message_body, encode_chunked=encode_chunked)
  File "/usr/local/lib/python3.7/http/client.py", line 1036, in _send_output
    self.send(msg)
  File "/usr/local/lib/python3.7/http/client.py", line 976, in send
    self.connect()
  File "/root/.cache/pypoetry/virtualenvs/cpdbv2-backend-VA82Wl8V-py3.7/lib/python3.7/site-packages/urllib3/connection.py", line 187, in connect
    conn = self._new_conn()
  File "/root/.cache/pypoetry/virtualenvs/cpdbv2-backend-VA82Wl8V-py3.7/lib/python3.7/site-packages/urllib3/connection.py", line 172, in _new_conn
    self, "Failed to establish a new connection: %s" % e
urllib3.exceptions.NewConnectionError: <urllib3.connection.HTTPConnection object at 0x7ff068b35710>: Failed to establish a new connection: [Errno -2] Name or service not known
elasticsearch: DEBUG: > None
--------------------- >> end captured logging << ---------------------

======================================================================
ERROR: test_retrieve_recent_search_items (search.tests.test_views.SearchV1ViewSetTestCase)
----------------------------------------------------------------------
Traceback (most recent call last):
  File "/usr/src/app/cpdb/search/tests/utils.py", line 12, in setUp
    autocompletes_alias.read_index.delete(ignore=404)
  File "/root/.cache/pypoetry/virtualenvs/cpdbv2-backend-VA82Wl8V-py3.7/lib/python3.7/site-packages/elasticsearch_dsl/index.py", line 222, in delete
    self.connection.indices.delete(index=self._name, **kwargs)
  File "/root/.cache/pypoetry/virtualenvs/cpdbv2-backend-VA82Wl8V-py3.7/lib/python3.7/site-packages/elasticsearch/client/utils.py", line 73, in _wrapped
    return func(*args, params=params, **kwargs)
  File "/root/.cache/pypoetry/virtualenvs/cpdbv2-backend-VA82Wl8V-py3.7/lib/python3.7/site-packages/elasticsearch/client/indices.py", line 200, in delete
    params=params)
  File "/root/.cache/pypoetry/virtualenvs/cpdbv2-backend-VA82Wl8V-py3.7/lib/python3.7/site-packages/elasticsearch/transport.py", line 312, in perform_request
    status, headers, data = connection.perform_request(method, url, params, body, ignore=ignore, timeout=timeout)
  File "/root/.cache/pypoetry/virtualenvs/cpdbv2-backend-VA82Wl8V-py3.7/lib/python3.7/site-packages/elasticsearch/connection/http_urllib3.py", line 124, in perform_request
    raise ConnectionError('N/A', str(e), e)
elasticsearch.exceptions.ConnectionError: ConnectionError(<urllib3.connection.HTTPConnection object at 0x7ff068bfdc50>: Failed to establish a new connection: [Errno -2] Name or service not known) caused by: NewConnectionError(<urllib3.connection.HTTPConnection object at 0x7ff068bfdc50>: Failed to establish a new connection: [Errno -2] Name or service not known)
-------------------- >> begin captured logging << --------------------
urllib3.util.retry: DEBUG: Converted retries value: False -> Retry(total=False, connect=None, read=None, redirect=0, status=None)
urllib3.connectionpool: DEBUG: Starting new HTTP connection (381): elasticsearch:9200
elasticsearch: WARNING: DELETE http://elasticsearch:9200/test_autocompletes [status:N/A request:0.004s]
Traceback (most recent call last):
  File "/root/.cache/pypoetry/virtualenvs/cpdbv2-backend-VA82Wl8V-py3.7/lib/python3.7/site-packages/urllib3/connection.py", line 160, in _new_conn
    (self._dns_host, self.port), self.timeout, **extra_kw
  File "/root/.cache/pypoetry/virtualenvs/cpdbv2-backend-VA82Wl8V-py3.7/lib/python3.7/site-packages/urllib3/util/connection.py", line 61, in create_connection
    for res in socket.getaddrinfo(host, port, family, socket.SOCK_STREAM):
  File "/usr/local/lib/python3.7/socket.py", line 752, in getaddrinfo
    for res in _socket.getaddrinfo(host, port, family, type, proto, flags):
socket.gaierror: [Errno -2] Name or service not known

During handling of the above exception, another exception occurred:

Traceback (most recent call last):
  File "/root/.cache/pypoetry/virtualenvs/cpdbv2-backend-VA82Wl8V-py3.7/lib/python3.7/site-packages/elasticsearch/connection/http_urllib3.py", line 115, in perform_request
    response = self.pool.urlopen(method, url, body, retries=False, headers=self.headers, **kw)
  File "/root/.cache/pypoetry/virtualenvs/cpdbv2-backend-VA82Wl8V-py3.7/lib/python3.7/site-packages/urllib3/connectionpool.py", line 727, in urlopen
    method, url, error=e, _pool=self, _stacktrace=sys.exc_info()[2]
  File "/root/.cache/pypoetry/virtualenvs/cpdbv2-backend-VA82Wl8V-py3.7/lib/python3.7/site-packages/urllib3/util/retry.py", line 386, in increment
    raise six.reraise(type(error), error, _stacktrace)
  File "/root/.cache/pypoetry/virtualenvs/cpdbv2-backend-VA82Wl8V-py3.7/lib/python3.7/site-packages/urllib3/packages/six.py", line 735, in reraise
    raise value
  File "/root/.cache/pypoetry/virtualenvs/cpdbv2-backend-VA82Wl8V-py3.7/lib/python3.7/site-packages/urllib3/connectionpool.py", line 677, in urlopen
    chunked=chunked,
  File "/root/.cache/pypoetry/virtualenvs/cpdbv2-backend-VA82Wl8V-py3.7/lib/python3.7/site-packages/urllib3/connectionpool.py", line 392, in _make_request
    conn.request(method, url, **httplib_request_kw)
  File "/usr/local/lib/python3.7/http/client.py", line 1281, in request
    self._send_request(method, url, body, headers, encode_chunked)
  File "/usr/local/lib/python3.7/http/client.py", line 1327, in _send_request
    self.endheaders(body, encode_chunked=encode_chunked)
  File "/usr/local/lib/python3.7/http/client.py", line 1276, in endheaders
    self._send_output(message_body, encode_chunked=encode_chunked)
  File "/usr/local/lib/python3.7/http/client.py", line 1036, in _send_output
    self.send(msg)
  File "/usr/local/lib/python3.7/http/client.py", line 976, in send
    self.connect()
  File "/root/.cache/pypoetry/virtualenvs/cpdbv2-backend-VA82Wl8V-py3.7/lib/python3.7/site-packages/urllib3/connection.py", line 187, in connect
    conn = self._new_conn()
  File "/root/.cache/pypoetry/virtualenvs/cpdbv2-backend-VA82Wl8V-py3.7/lib/python3.7/site-packages/urllib3/connection.py", line 172, in _new_conn
    self, "Failed to establish a new connection: %s" % e
urllib3.exceptions.NewConnectionError: <urllib3.connection.HTTPConnection object at 0x7ff068b35490>: Failed to establish a new connection: [Errno -2] Name or service not known
elasticsearch: DEBUG: > None
urllib3.util.retry: DEBUG: Converted retries value: False -> Retry(total=False, connect=None, read=None, redirect=0, status=None)
urllib3.connectionpool: DEBUG: Starting new HTTP connection (382): elasticsearch:9200
elasticsearch: WARNING: DELETE http://elasticsearch:9200/test_autocompletes [status:N/A request:0.004s]
Traceback (most recent call last):
  File "/root/.cache/pypoetry/virtualenvs/cpdbv2-backend-VA82Wl8V-py3.7/lib/python3.7/site-packages/urllib3/connection.py", line 160, in _new_conn
    (self._dns_host, self.port), self.timeout, **extra_kw
  File "/root/.cache/pypoetry/virtualenvs/cpdbv2-backend-VA82Wl8V-py3.7/lib/python3.7/site-packages/urllib3/util/connection.py", line 61, in create_connection
    for res in socket.getaddrinfo(host, port, family, socket.SOCK_STREAM):
  File "/usr/local/lib/python3.7/socket.py", line 752, in getaddrinfo
    for res in _socket.getaddrinfo(host, port, family, type, proto, flags):
socket.gaierror: [Errno -2] Name or service not known

During handling of the above exception, another exception occurred:

Traceback (most recent call last):
  File "/root/.cache/pypoetry/virtualenvs/cpdbv2-backend-VA82Wl8V-py3.7/lib/python3.7/site-packages/elasticsearch/connection/http_urllib3.py", line 115, in perform_request
    response = self.pool.urlopen(method, url, body, retries=False, headers=self.headers, **kw)
  File "/root/.cache/pypoetry/virtualenvs/cpdbv2-backend-VA82Wl8V-py3.7/lib/python3.7/site-packages/urllib3/connectionpool.py", line 727, in urlopen
    method, url, error=e, _pool=self, _stacktrace=sys.exc_info()[2]
  File "/root/.cache/pypoetry/virtualenvs/cpdbv2-backend-VA82Wl8V-py3.7/lib/python3.7/site-packages/urllib3/util/retry.py", line 386, in increment
    raise six.reraise(type(error), error, _stacktrace)
  File "/root/.cache/pypoetry/virtualenvs/cpdbv2-backend-VA82Wl8V-py3.7/lib/python3.7/site-packages/urllib3/packages/six.py", line 735, in reraise
    raise value
  File "/root/.cache/pypoetry/virtualenvs/cpdbv2-backend-VA82Wl8V-py3.7/lib/python3.7/site-packages/urllib3/connectionpool.py", line 677, in urlopen
    chunked=chunked,
  File "/root/.cache/pypoetry/virtualenvs/cpdbv2-backend-VA82Wl8V-py3.7/lib/python3.7/site-packages/urllib3/connectionpool.py", line 392, in _make_request
    conn.request(method, url, **httplib_request_kw)
  File "/usr/local/lib/python3.7/http/client.py", line 1281, in request
    self._send_request(method, url, body, headers, encode_chunked)
  File "/usr/local/lib/python3.7/http/client.py", line 1327, in _send_request
    self.endheaders(body, encode_chunked=encode_chunked)
  File "/usr/local/lib/python3.7/http/client.py", line 1276, in endheaders
    self._send_output(message_body, encode_chunked=encode_chunked)
  File "/usr/local/lib/python3.7/http/client.py", line 1036, in _send_output
    self.send(msg)
  File "/usr/local/lib/python3.7/http/client.py", line 976, in send
    self.connect()
  File "/root/.cache/pypoetry/virtualenvs/cpdbv2-backend-VA82Wl8V-py3.7/lib/python3.7/site-packages/urllib3/connection.py", line 187, in connect
    conn = self._new_conn()
  File "/root/.cache/pypoetry/virtualenvs/cpdbv2-backend-VA82Wl8V-py3.7/lib/python3.7/site-packages/urllib3/connection.py", line 172, in _new_conn
    self, "Failed to establish a new connection: %s" % e
urllib3.exceptions.NewConnectionError: <urllib3.connection.HTTPConnection object at 0x7ff068b3ead0>: Failed to establish a new connection: [Errno -2] Name or service not known
elasticsearch: DEBUG: > None
urllib3.util.retry: DEBUG: Converted retries value: False -> Retry(total=False, connect=None, read=None, redirect=0, status=None)
urllib3.connectionpool: DEBUG: Starting new HTTP connection (383): elasticsearch:9200
elasticsearch: WARNING: DELETE http://elasticsearch:9200/test_autocompletes [status:N/A request:0.004s]
Traceback (most recent call last):
  File "/root/.cache/pypoetry/virtualenvs/cpdbv2-backend-VA82Wl8V-py3.7/lib/python3.7/site-packages/urllib3/connection.py", line 160, in _new_conn
    (self._dns_host, self.port), self.timeout, **extra_kw
  File "/root/.cache/pypoetry/virtualenvs/cpdbv2-backend-VA82Wl8V-py3.7/lib/python3.7/site-packages/urllib3/util/connection.py", line 61, in create_connection
    for res in socket.getaddrinfo(host, port, family, socket.SOCK_STREAM):
  File "/usr/local/lib/python3.7/socket.py", line 752, in getaddrinfo
    for res in _socket.getaddrinfo(host, port, family, type, proto, flags):
socket.gaierror: [Errno -2] Name or service not known

During handling of the above exception, another exception occurred:

Traceback (most recent call last):
  File "/root/.cache/pypoetry/virtualenvs/cpdbv2-backend-VA82Wl8V-py3.7/lib/python3.7/site-packages/elasticsearch/connection/http_urllib3.py", line 115, in perform_request
    response = self.pool.urlopen(method, url, body, retries=False, headers=self.headers, **kw)
  File "/root/.cache/pypoetry/virtualenvs/cpdbv2-backend-VA82Wl8V-py3.7/lib/python3.7/site-packages/urllib3/connectionpool.py", line 727, in urlopen
    method, url, error=e, _pool=self, _stacktrace=sys.exc_info()[2]
  File "/root/.cache/pypoetry/virtualenvs/cpdbv2-backend-VA82Wl8V-py3.7/lib/python3.7/site-packages/urllib3/util/retry.py", line 386, in increment
    raise six.reraise(type(error), error, _stacktrace)
  File "/root/.cache/pypoetry/virtualenvs/cpdbv2-backend-VA82Wl8V-py3.7/lib/python3.7/site-packages/urllib3/packages/six.py", line 735, in reraise
    raise value
  File "/root/.cache/pypoetry/virtualenvs/cpdbv2-backend-VA82Wl8V-py3.7/lib/python3.7/site-packages/urllib3/connectionpool.py", line 677, in urlopen
    chunked=chunked,
  File "/root/.cache/pypoetry/virtualenvs/cpdbv2-backend-VA82Wl8V-py3.7/lib/python3.7/site-packages/urllib3/connectionpool.py", line 392, in _make_request
    conn.request(method, url, **httplib_request_kw)
  File "/usr/local/lib/python3.7/http/client.py", line 1281, in request
    self._send_request(method, url, body, headers, encode_chunked)
  File "/usr/local/lib/python3.7/http/client.py", line 1327, in _send_request
    self.endheaders(body, encode_chunked=encode_chunked)
  File "/usr/local/lib/python3.7/http/client.py", line 1276, in endheaders
    self._send_output(message_body, encode_chunked=encode_chunked)
  File "/usr/local/lib/python3.7/http/client.py", line 1036, in _send_output
    self.send(msg)
  File "/usr/local/lib/python3.7/http/client.py", line 976, in send
    self.connect()
  File "/root/.cache/pypoetry/virtualenvs/cpdbv2-backend-VA82Wl8V-py3.7/lib/python3.7/site-packages/urllib3/connection.py", line 187, in connect
    conn = self._new_conn()
  File "/root/.cache/pypoetry/virtualenvs/cpdbv2-backend-VA82Wl8V-py3.7/lib/python3.7/site-packages/urllib3/connection.py", line 172, in _new_conn
    self, "Failed to establish a new connection: %s" % e
urllib3.exceptions.NewConnectionError: <urllib3.connection.HTTPConnection object at 0x7ff068bea150>: Failed to establish a new connection: [Errno -2] Name or service not known
elasticsearch: DEBUG: > None
urllib3.util.retry: DEBUG: Converted retries value: False -> Retry(total=False, connect=None, read=None, redirect=0, status=None)
urllib3.connectionpool: DEBUG: Starting new HTTP connection (384): elasticsearch:9200
elasticsearch: WARNING: DELETE http://elasticsearch:9200/test_autocompletes [status:N/A request:0.005s]
Traceback (most recent call last):
  File "/root/.cache/pypoetry/virtualenvs/cpdbv2-backend-VA82Wl8V-py3.7/lib/python3.7/site-packages/urllib3/connection.py", line 160, in _new_conn
    (self._dns_host, self.port), self.timeout, **extra_kw
  File "/root/.cache/pypoetry/virtualenvs/cpdbv2-backend-VA82Wl8V-py3.7/lib/python3.7/site-packages/urllib3/util/connection.py", line 61, in create_connection
    for res in socket.getaddrinfo(host, port, family, socket.SOCK_STREAM):
  File "/usr/local/lib/python3.7/socket.py", line 752, in getaddrinfo
    for res in _socket.getaddrinfo(host, port, family, type, proto, flags):
socket.gaierror: [Errno -2] Name or service not known

During handling of the above exception, another exception occurred:

Traceback (most recent call last):
  File "/root/.cache/pypoetry/virtualenvs/cpdbv2-backend-VA82Wl8V-py3.7/lib/python3.7/site-packages/elasticsearch/connection/http_urllib3.py", line 115, in perform_request
    response = self.pool.urlopen(method, url, body, retries=False, headers=self.headers, **kw)
  File "/root/.cache/pypoetry/virtualenvs/cpdbv2-backend-VA82Wl8V-py3.7/lib/python3.7/site-packages/urllib3/connectionpool.py", line 727, in urlopen
    method, url, error=e, _pool=self, _stacktrace=sys.exc_info()[2]
  File "/root/.cache/pypoetry/virtualenvs/cpdbv2-backend-VA82Wl8V-py3.7/lib/python3.7/site-packages/urllib3/util/retry.py", line 386, in increment
    raise six.reraise(type(error), error, _stacktrace)
  File "/root/.cache/pypoetry/virtualenvs/cpdbv2-backend-VA82Wl8V-py3.7/lib/python3.7/site-packages/urllib3/packages/six.py", line 735, in reraise
    raise value
  File "/root/.cache/pypoetry/virtualenvs/cpdbv2-backend-VA82Wl8V-py3.7/lib/python3.7/site-packages/urllib3/connectionpool.py", line 677, in urlopen
    chunked=chunked,
  File "/root/.cache/pypoetry/virtualenvs/cpdbv2-backend-VA82Wl8V-py3.7/lib/python3.7/site-packages/urllib3/connectionpool.py", line 392, in _make_request
    conn.request(method, url, **httplib_request_kw)
  File "/usr/local/lib/python3.7/http/client.py", line 1281, in request
    self._send_request(method, url, body, headers, encode_chunked)
  File "/usr/local/lib/python3.7/http/client.py", line 1327, in _send_request
    self.endheaders(body, encode_chunked=encode_chunked)
  File "/usr/local/lib/python3.7/http/client.py", line 1276, in endheaders
    self._send_output(message_body, encode_chunked=encode_chunked)
  File "/usr/local/lib/python3.7/http/client.py", line 1036, in _send_output
    self.send(msg)
  File "/usr/local/lib/python3.7/http/client.py", line 976, in send
    self.connect()
  File "/root/.cache/pypoetry/virtualenvs/cpdbv2-backend-VA82Wl8V-py3.7/lib/python3.7/site-packages/urllib3/connection.py", line 187, in connect
    conn = self._new_conn()
  File "/root/.cache/pypoetry/virtualenvs/cpdbv2-backend-VA82Wl8V-py3.7/lib/python3.7/site-packages/urllib3/connection.py", line 172, in _new_conn
    self, "Failed to establish a new connection: %s" % e
urllib3.exceptions.NewConnectionError: <urllib3.connection.HTTPConnection object at 0x7ff068bfdc50>: Failed to establish a new connection: [Errno -2] Name or service not known
elasticsearch: DEBUG: > None
--------------------- >> end captured logging << ---------------------

======================================================================
ERROR: test_retrieve_single_cr_with_highlight (search.tests.test_views.SearchV1ViewSetTestCase)
----------------------------------------------------------------------
Traceback (most recent call last):
  File "/usr/src/app/cpdb/search/tests/utils.py", line 12, in setUp
    autocompletes_alias.read_index.delete(ignore=404)
  File "/root/.cache/pypoetry/virtualenvs/cpdbv2-backend-VA82Wl8V-py3.7/lib/python3.7/site-packages/elasticsearch_dsl/index.py", line 222, in delete
    self.connection.indices.delete(index=self._name, **kwargs)
  File "/root/.cache/pypoetry/virtualenvs/cpdbv2-backend-VA82Wl8V-py3.7/lib/python3.7/site-packages/elasticsearch/client/utils.py", line 73, in _wrapped
    return func(*args, params=params, **kwargs)
  File "/root/.cache/pypoetry/virtualenvs/cpdbv2-backend-VA82Wl8V-py3.7/lib/python3.7/site-packages/elasticsearch/client/indices.py", line 200, in delete
    params=params)
  File "/root/.cache/pypoetry/virtualenvs/cpdbv2-backend-VA82Wl8V-py3.7/lib/python3.7/site-packages/elasticsearch/transport.py", line 312, in perform_request
    status, headers, data = connection.perform_request(method, url, params, body, ignore=ignore, timeout=timeout)
  File "/root/.cache/pypoetry/virtualenvs/cpdbv2-backend-VA82Wl8V-py3.7/lib/python3.7/site-packages/elasticsearch/connection/http_urllib3.py", line 124, in perform_request
    raise ConnectionError('N/A', str(e), e)
elasticsearch.exceptions.ConnectionError: ConnectionError(<urllib3.connection.HTTPConnection object at 0x7ff068b83890>: Failed to establish a new connection: [Errno -2] Name or service not known) caused by: NewConnectionError(<urllib3.connection.HTTPConnection object at 0x7ff068b83890>: Failed to establish a new connection: [Errno -2] Name or service not known)
-------------------- >> begin captured logging << --------------------
urllib3.util.retry: DEBUG: Converted retries value: False -> Retry(total=False, connect=None, read=None, redirect=0, status=None)
urllib3.connectionpool: DEBUG: Starting new HTTP connection (385): elasticsearch:9200
elasticsearch: WARNING: DELETE http://elasticsearch:9200/test_autocompletes [status:N/A request:0.004s]
Traceback (most recent call last):
  File "/root/.cache/pypoetry/virtualenvs/cpdbv2-backend-VA82Wl8V-py3.7/lib/python3.7/site-packages/urllib3/connection.py", line 160, in _new_conn
    (self._dns_host, self.port), self.timeout, **extra_kw
  File "/root/.cache/pypoetry/virtualenvs/cpdbv2-backend-VA82Wl8V-py3.7/lib/python3.7/site-packages/urllib3/util/connection.py", line 61, in create_connection
    for res in socket.getaddrinfo(host, port, family, socket.SOCK_STREAM):
  File "/usr/local/lib/python3.7/socket.py", line 752, in getaddrinfo
    for res in _socket.getaddrinfo(host, port, family, type, proto, flags):
socket.gaierror: [Errno -2] Name or service not known

During handling of the above exception, another exception occurred:

Traceback (most recent call last):
  File "/root/.cache/pypoetry/virtualenvs/cpdbv2-backend-VA82Wl8V-py3.7/lib/python3.7/site-packages/elasticsearch/connection/http_urllib3.py", line 115, in perform_request
    response = self.pool.urlopen(method, url, body, retries=False, headers=self.headers, **kw)
  File "/root/.cache/pypoetry/virtualenvs/cpdbv2-backend-VA82Wl8V-py3.7/lib/python3.7/site-packages/urllib3/connectionpool.py", line 727, in urlopen
    method, url, error=e, _pool=self, _stacktrace=sys.exc_info()[2]
  File "/root/.cache/pypoetry/virtualenvs/cpdbv2-backend-VA82Wl8V-py3.7/lib/python3.7/site-packages/urllib3/util/retry.py", line 386, in increment
    raise six.reraise(type(error), error, _stacktrace)
  File "/root/.cache/pypoetry/virtualenvs/cpdbv2-backend-VA82Wl8V-py3.7/lib/python3.7/site-packages/urllib3/packages/six.py", line 735, in reraise
    raise value
  File "/root/.cache/pypoetry/virtualenvs/cpdbv2-backend-VA82Wl8V-py3.7/lib/python3.7/site-packages/urllib3/connectionpool.py", line 677, in urlopen
    chunked=chunked,
  File "/root/.cache/pypoetry/virtualenvs/cpdbv2-backend-VA82Wl8V-py3.7/lib/python3.7/site-packages/urllib3/connectionpool.py", line 392, in _make_request
    conn.request(method, url, **httplib_request_kw)
  File "/usr/local/lib/python3.7/http/client.py", line 1281, in request
    self._send_request(method, url, body, headers, encode_chunked)
  File "/usr/local/lib/python3.7/http/client.py", line 1327, in _send_request
    self.endheaders(body, encode_chunked=encode_chunked)
  File "/usr/local/lib/python3.7/http/client.py", line 1276, in endheaders
    self._send_output(message_body, encode_chunked=encode_chunked)
  File "/usr/local/lib/python3.7/http/client.py", line 1036, in _send_output
    self.send(msg)
  File "/usr/local/lib/python3.7/http/client.py", line 976, in send
    self.connect()
  File "/root/.cache/pypoetry/virtualenvs/cpdbv2-backend-VA82Wl8V-py3.7/lib/python3.7/site-packages/urllib3/connection.py", line 187, in connect
    conn = self._new_conn()
  File "/root/.cache/pypoetry/virtualenvs/cpdbv2-backend-VA82Wl8V-py3.7/lib/python3.7/site-packages/urllib3/connection.py", line 172, in _new_conn
    self, "Failed to establish a new connection: %s" % e
urllib3.exceptions.NewConnectionError: <urllib3.connection.HTTPConnection object at 0x7ff068bfd490>: Failed to establish a new connection: [Errno -2] Name or service not known
elasticsearch: DEBUG: > None
urllib3.util.retry: DEBUG: Converted retries value: False -> Retry(total=False, connect=None, read=None, redirect=0, status=None)
urllib3.connectionpool: DEBUG: Starting new HTTP connection (386): elasticsearch:9200
elasticsearch: WARNING: DELETE http://elasticsearch:9200/test_autocompletes [status:N/A request:0.004s]
Traceback (most recent call last):
  File "/root/.cache/pypoetry/virtualenvs/cpdbv2-backend-VA82Wl8V-py3.7/lib/python3.7/site-packages/urllib3/connection.py", line 160, in _new_conn
    (self._dns_host, self.port), self.timeout, **extra_kw
  File "/root/.cache/pypoetry/virtualenvs/cpdbv2-backend-VA82Wl8V-py3.7/lib/python3.7/site-packages/urllib3/util/connection.py", line 61, in create_connection
    for res in socket.getaddrinfo(host, port, family, socket.SOCK_STREAM):
  File "/usr/local/lib/python3.7/socket.py", line 752, in getaddrinfo
    for res in _socket.getaddrinfo(host, port, family, type, proto, flags):
socket.gaierror: [Errno -2] Name or service not known

During handling of the above exception, another exception occurred:

Traceback (most recent call last):
  File "/root/.cache/pypoetry/virtualenvs/cpdbv2-backend-VA82Wl8V-py3.7/lib/python3.7/site-packages/elasticsearch/connection/http_urllib3.py", line 115, in perform_request
    response = self.pool.urlopen(method, url, body, retries=False, headers=self.headers, **kw)
  File "/root/.cache/pypoetry/virtualenvs/cpdbv2-backend-VA82Wl8V-py3.7/lib/python3.7/site-packages/urllib3/connectionpool.py", line 727, in urlopen
    method, url, error=e, _pool=self, _stacktrace=sys.exc_info()[2]
  File "/root/.cache/pypoetry/virtualenvs/cpdbv2-backend-VA82Wl8V-py3.7/lib/python3.7/site-packages/urllib3/util/retry.py", line 386, in increment
    raise six.reraise(type(error), error, _stacktrace)
  File "/root/.cache/pypoetry/virtualenvs/cpdbv2-backend-VA82Wl8V-py3.7/lib/python3.7/site-packages/urllib3/packages/six.py", line 735, in reraise
    raise value
  File "/root/.cache/pypoetry/virtualenvs/cpdbv2-backend-VA82Wl8V-py3.7/lib/python3.7/site-packages/urllib3/connectionpool.py", line 677, in urlopen
    chunked=chunked,
  File "/root/.cache/pypoetry/virtualenvs/cpdbv2-backend-VA82Wl8V-py3.7/lib/python3.7/site-packages/urllib3/connectionpool.py", line 392, in _make_request
    conn.request(method, url, **httplib_request_kw)
  File "/usr/local/lib/python3.7/http/client.py", line 1281, in request
    self._send_request(method, url, body, headers, encode_chunked)
  File "/usr/local/lib/python3.7/http/client.py", line 1327, in _send_request
    self.endheaders(body, encode_chunked=encode_chunked)
  File "/usr/local/lib/python3.7/http/client.py", line 1276, in endheaders
    self._send_output(message_body, encode_chunked=encode_chunked)
  File "/usr/local/lib/python3.7/http/client.py", line 1036, in _send_output
    self.send(msg)
  File "/usr/local/lib/python3.7/http/client.py", line 976, in send
    self.connect()
  File "/root/.cache/pypoetry/virtualenvs/cpdbv2-backend-VA82Wl8V-py3.7/lib/python3.7/site-packages/urllib3/connection.py", line 187, in connect
    conn = self._new_conn()
  File "/root/.cache/pypoetry/virtualenvs/cpdbv2-backend-VA82Wl8V-py3.7/lib/python3.7/site-packages/urllib3/connection.py", line 172, in _new_conn
    self, "Failed to establish a new connection: %s" % e
urllib3.exceptions.NewConnectionError: <urllib3.connection.HTTPConnection object at 0x7ff068bac5d0>: Failed to establish a new connection: [Errno -2] Name or service not known
elasticsearch: DEBUG: > None
urllib3.util.retry: DEBUG: Converted retries value: False -> Retry(total=False, connect=None, read=None, redirect=0, status=None)
urllib3.connectionpool: DEBUG: Starting new HTTP connection (387): elasticsearch:9200
elasticsearch: WARNING: DELETE http://elasticsearch:9200/test_autocompletes [status:N/A request:0.005s]
Traceback (most recent call last):
  File "/root/.cache/pypoetry/virtualenvs/cpdbv2-backend-VA82Wl8V-py3.7/lib/python3.7/site-packages/urllib3/connection.py", line 160, in _new_conn
    (self._dns_host, self.port), self.timeout, **extra_kw
  File "/root/.cache/pypoetry/virtualenvs/cpdbv2-backend-VA82Wl8V-py3.7/lib/python3.7/site-packages/urllib3/util/connection.py", line 61, in create_connection
    for res in socket.getaddrinfo(host, port, family, socket.SOCK_STREAM):
  File "/usr/local/lib/python3.7/socket.py", line 752, in getaddrinfo
    for res in _socket.getaddrinfo(host, port, family, type, proto, flags):
socket.gaierror: [Errno -2] Name or service not known

During handling of the above exception, another exception occurred:

Traceback (most recent call last):
  File "/root/.cache/pypoetry/virtualenvs/cpdbv2-backend-VA82Wl8V-py3.7/lib/python3.7/site-packages/elasticsearch/connection/http_urllib3.py", line 115, in perform_request
    response = self.pool.urlopen(method, url, body, retries=False, headers=self.headers, **kw)
  File "/root/.cache/pypoetry/virtualenvs/cpdbv2-backend-VA82Wl8V-py3.7/lib/python3.7/site-packages/urllib3/connectionpool.py", line 727, in urlopen
    method, url, error=e, _pool=self, _stacktrace=sys.exc_info()[2]
  File "/root/.cache/pypoetry/virtualenvs/cpdbv2-backend-VA82Wl8V-py3.7/lib/python3.7/site-packages/urllib3/util/retry.py", line 386, in increment
    raise six.reraise(type(error), error, _stacktrace)
  File "/root/.cache/pypoetry/virtualenvs/cpdbv2-backend-VA82Wl8V-py3.7/lib/python3.7/site-packages/urllib3/packages/six.py", line 735, in reraise
    raise value
  File "/root/.cache/pypoetry/virtualenvs/cpdbv2-backend-VA82Wl8V-py3.7/lib/python3.7/site-packages/urllib3/connectionpool.py", line 677, in urlopen
    chunked=chunked,
  File "/root/.cache/pypoetry/virtualenvs/cpdbv2-backend-VA82Wl8V-py3.7/lib/python3.7/site-packages/urllib3/connectionpool.py", line 392, in _make_request
    conn.request(method, url, **httplib_request_kw)
  File "/usr/local/lib/python3.7/http/client.py", line 1281, in request
    self._send_request(method, url, body, headers, encode_chunked)
  File "/usr/local/lib/python3.7/http/client.py", line 1327, in _send_request
    self.endheaders(body, encode_chunked=encode_chunked)
  File "/usr/local/lib/python3.7/http/client.py", line 1276, in endheaders
    self._send_output(message_body, encode_chunked=encode_chunked)
  File "/usr/local/lib/python3.7/http/client.py", line 1036, in _send_output
    self.send(msg)
  File "/usr/local/lib/python3.7/http/client.py", line 976, in send
    self.connect()
  File "/root/.cache/pypoetry/virtualenvs/cpdbv2-backend-VA82Wl8V-py3.7/lib/python3.7/site-packages/urllib3/connection.py", line 187, in connect
    conn = self._new_conn()
  File "/root/.cache/pypoetry/virtualenvs/cpdbv2-backend-VA82Wl8V-py3.7/lib/python3.7/site-packages/urllib3/connection.py", line 172, in _new_conn
    self, "Failed to establish a new connection: %s" % e
urllib3.exceptions.NewConnectionError: <urllib3.connection.HTTPConnection object at 0x7ff068b83f50>: Failed to establish a new connection: [Errno -2] Name or service not known
elasticsearch: DEBUG: > None
urllib3.util.retry: DEBUG: Converted retries value: False -> Retry(total=False, connect=None, read=None, redirect=0, status=None)
urllib3.connectionpool: DEBUG: Starting new HTTP connection (388): elasticsearch:9200
elasticsearch: WARNING: DELETE http://elasticsearch:9200/test_autocompletes [status:N/A request:0.004s]
Traceback (most recent call last):
  File "/root/.cache/pypoetry/virtualenvs/cpdbv2-backend-VA82Wl8V-py3.7/lib/python3.7/site-packages/urllib3/connection.py", line 160, in _new_conn
    (self._dns_host, self.port), self.timeout, **extra_kw
  File "/root/.cache/pypoetry/virtualenvs/cpdbv2-backend-VA82Wl8V-py3.7/lib/python3.7/site-packages/urllib3/util/connection.py", line 61, in create_connection
    for res in socket.getaddrinfo(host, port, family, socket.SOCK_STREAM):
  File "/usr/local/lib/python3.7/socket.py", line 752, in getaddrinfo
    for res in _socket.getaddrinfo(host, port, family, type, proto, flags):
socket.gaierror: [Errno -2] Name or service not known

During handling of the above exception, another exception occurred:

Traceback (most recent call last):
  File "/root/.cache/pypoetry/virtualenvs/cpdbv2-backend-VA82Wl8V-py3.7/lib/python3.7/site-packages/elasticsearch/connection/http_urllib3.py", line 115, in perform_request
    response = self.pool.urlopen(method, url, body, retries=False, headers=self.headers, **kw)
  File "/root/.cache/pypoetry/virtualenvs/cpdbv2-backend-VA82Wl8V-py3.7/lib/python3.7/site-packages/urllib3/connectionpool.py", line 727, in urlopen
    method, url, error=e, _pool=self, _stacktrace=sys.exc_info()[2]
  File "/root/.cache/pypoetry/virtualenvs/cpdbv2-backend-VA82Wl8V-py3.7/lib/python3.7/site-packages/urllib3/util/retry.py", line 386, in increment
    raise six.reraise(type(error), error, _stacktrace)
  File "/root/.cache/pypoetry/virtualenvs/cpdbv2-backend-VA82Wl8V-py3.7/lib/python3.7/site-packages/urllib3/packages/six.py", line 735, in reraise
    raise value
  File "/root/.cache/pypoetry/virtualenvs/cpdbv2-backend-VA82Wl8V-py3.7/lib/python3.7/site-packages/urllib3/connectionpool.py", line 677, in urlopen
    chunked=chunked,
  File "/root/.cache/pypoetry/virtualenvs/cpdbv2-backend-VA82Wl8V-py3.7/lib/python3.7/site-packages/urllib3/connectionpool.py", line 392, in _make_request
    conn.request(method, url, **httplib_request_kw)
  File "/usr/local/lib/python3.7/http/client.py", line 1281, in request
    self._send_request(method, url, body, headers, encode_chunked)
  File "/usr/local/lib/python3.7/http/client.py", line 1327, in _send_request
    self.endheaders(body, encode_chunked=encode_chunked)
  File "/usr/local/lib/python3.7/http/client.py", line 1276, in endheaders
    self._send_output(message_body, encode_chunked=encode_chunked)
  File "/usr/local/lib/python3.7/http/client.py", line 1036, in _send_output
    self.send(msg)
  File "/usr/local/lib/python3.7/http/client.py", line 976, in send
    self.connect()
  File "/root/.cache/pypoetry/virtualenvs/cpdbv2-backend-VA82Wl8V-py3.7/lib/python3.7/site-packages/urllib3/connection.py", line 187, in connect
    conn = self._new_conn()
  File "/root/.cache/pypoetry/virtualenvs/cpdbv2-backend-VA82Wl8V-py3.7/lib/python3.7/site-packages/urllib3/connection.py", line 172, in _new_conn
    self, "Failed to establish a new connection: %s" % e
urllib3.exceptions.NewConnectionError: <urllib3.connection.HTTPConnection object at 0x7ff068b83890>: Failed to establish a new connection: [Errno -2] Name or service not known
elasticsearch: DEBUG: > None
--------------------- >> end captured logging << ---------------------

======================================================================
ERROR: test_retrieve_single_page_size (search.tests.test_views.SearchV1ViewSetTestCase)
----------------------------------------------------------------------
Traceback (most recent call last):
  File "/usr/src/app/cpdb/search/tests/utils.py", line 12, in setUp
    autocompletes_alias.read_index.delete(ignore=404)
  File "/root/.cache/pypoetry/virtualenvs/cpdbv2-backend-VA82Wl8V-py3.7/lib/python3.7/site-packages/elasticsearch_dsl/index.py", line 222, in delete
    self.connection.indices.delete(index=self._name, **kwargs)
  File "/root/.cache/pypoetry/virtualenvs/cpdbv2-backend-VA82Wl8V-py3.7/lib/python3.7/site-packages/elasticsearch/client/utils.py", line 73, in _wrapped
    return func(*args, params=params, **kwargs)
  File "/root/.cache/pypoetry/virtualenvs/cpdbv2-backend-VA82Wl8V-py3.7/lib/python3.7/site-packages/elasticsearch/client/indices.py", line 200, in delete
    params=params)
  File "/root/.cache/pypoetry/virtualenvs/cpdbv2-backend-VA82Wl8V-py3.7/lib/python3.7/site-packages/elasticsearch/transport.py", line 312, in perform_request
    status, headers, data = connection.perform_request(method, url, params, body, ignore=ignore, timeout=timeout)
  File "/root/.cache/pypoetry/virtualenvs/cpdbv2-backend-VA82Wl8V-py3.7/lib/python3.7/site-packages/elasticsearch/connection/http_urllib3.py", line 124, in perform_request
    raise ConnectionError('N/A', str(e), e)
elasticsearch.exceptions.ConnectionError: ConnectionError(<urllib3.connection.HTTPConnection object at 0x7ff068b83450>: Failed to establish a new connection: [Errno -2] Name or service not known) caused by: NewConnectionError(<urllib3.connection.HTTPConnection object at 0x7ff068b83450>: Failed to establish a new connection: [Errno -2] Name or service not known)
-------------------- >> begin captured logging << --------------------
urllib3.util.retry: DEBUG: Converted retries value: False -> Retry(total=False, connect=None, read=None, redirect=0, status=None)
urllib3.connectionpool: DEBUG: Starting new HTTP connection (389): elasticsearch:9200
elasticsearch: WARNING: DELETE http://elasticsearch:9200/test_autocompletes [status:N/A request:0.004s]
Traceback (most recent call last):
  File "/root/.cache/pypoetry/virtualenvs/cpdbv2-backend-VA82Wl8V-py3.7/lib/python3.7/site-packages/urllib3/connection.py", line 160, in _new_conn
    (self._dns_host, self.port), self.timeout, **extra_kw
  File "/root/.cache/pypoetry/virtualenvs/cpdbv2-backend-VA82Wl8V-py3.7/lib/python3.7/site-packages/urllib3/util/connection.py", line 61, in create_connection
    for res in socket.getaddrinfo(host, port, family, socket.SOCK_STREAM):
  File "/usr/local/lib/python3.7/socket.py", line 752, in getaddrinfo
    for res in _socket.getaddrinfo(host, port, family, type, proto, flags):
socket.gaierror: [Errno -2] Name or service not known

During handling of the above exception, another exception occurred:

Traceback (most recent call last):
  File "/root/.cache/pypoetry/virtualenvs/cpdbv2-backend-VA82Wl8V-py3.7/lib/python3.7/site-packages/elasticsearch/connection/http_urllib3.py", line 115, in perform_request
    response = self.pool.urlopen(method, url, body, retries=False, headers=self.headers, **kw)
  File "/root/.cache/pypoetry/virtualenvs/cpdbv2-backend-VA82Wl8V-py3.7/lib/python3.7/site-packages/urllib3/connectionpool.py", line 727, in urlopen
    method, url, error=e, _pool=self, _stacktrace=sys.exc_info()[2]
  File "/root/.cache/pypoetry/virtualenvs/cpdbv2-backend-VA82Wl8V-py3.7/lib/python3.7/site-packages/urllib3/util/retry.py", line 386, in increment
    raise six.reraise(type(error), error, _stacktrace)
  File "/root/.cache/pypoetry/virtualenvs/cpdbv2-backend-VA82Wl8V-py3.7/lib/python3.7/site-packages/urllib3/packages/six.py", line 735, in reraise
    raise value
  File "/root/.cache/pypoetry/virtualenvs/cpdbv2-backend-VA82Wl8V-py3.7/lib/python3.7/site-packages/urllib3/connectionpool.py", line 677, in urlopen
    chunked=chunked,
  File "/root/.cache/pypoetry/virtualenvs/cpdbv2-backend-VA82Wl8V-py3.7/lib/python3.7/site-packages/urllib3/connectionpool.py", line 392, in _make_request
    conn.request(method, url, **httplib_request_kw)
  File "/usr/local/lib/python3.7/http/client.py", line 1281, in request
    self._send_request(method, url, body, headers, encode_chunked)
  File "/usr/local/lib/python3.7/http/client.py", line 1327, in _send_request
    self.endheaders(body, encode_chunked=encode_chunked)
  File "/usr/local/lib/python3.7/http/client.py", line 1276, in endheaders
    self._send_output(message_body, encode_chunked=encode_chunked)
  File "/usr/local/lib/python3.7/http/client.py", line 1036, in _send_output
    self.send(msg)
  File "/usr/local/lib/python3.7/http/client.py", line 976, in send
    self.connect()
  File "/root/.cache/pypoetry/virtualenvs/cpdbv2-backend-VA82Wl8V-py3.7/lib/python3.7/site-packages/urllib3/connection.py", line 187, in connect
    conn = self._new_conn()
  File "/root/.cache/pypoetry/virtualenvs/cpdbv2-backend-VA82Wl8V-py3.7/lib/python3.7/site-packages/urllib3/connection.py", line 172, in _new_conn
    self, "Failed to establish a new connection: %s" % e
urllib3.exceptions.NewConnectionError: <urllib3.connection.HTTPConnection object at 0x7ff068b836d0>: Failed to establish a new connection: [Errno -2] Name or service not known
elasticsearch: DEBUG: > None
urllib3.util.retry: DEBUG: Converted retries value: False -> Retry(total=False, connect=None, read=None, redirect=0, status=None)
urllib3.connectionpool: DEBUG: Starting new HTTP connection (390): elasticsearch:9200
elasticsearch: WARNING: DELETE http://elasticsearch:9200/test_autocompletes [status:N/A request:0.006s]
Traceback (most recent call last):
  File "/root/.cache/pypoetry/virtualenvs/cpdbv2-backend-VA82Wl8V-py3.7/lib/python3.7/site-packages/urllib3/connection.py", line 160, in _new_conn
    (self._dns_host, self.port), self.timeout, **extra_kw
  File "/root/.cache/pypoetry/virtualenvs/cpdbv2-backend-VA82Wl8V-py3.7/lib/python3.7/site-packages/urllib3/util/connection.py", line 61, in create_connection
    for res in socket.getaddrinfo(host, port, family, socket.SOCK_STREAM):
  File "/usr/local/lib/python3.7/socket.py", line 752, in getaddrinfo
    for res in _socket.getaddrinfo(host, port, family, type, proto, flags):
socket.gaierror: [Errno -2] Name or service not known

During handling of the above exception, another exception occurred:

Traceback (most recent call last):
  File "/root/.cache/pypoetry/virtualenvs/cpdbv2-backend-VA82Wl8V-py3.7/lib/python3.7/site-packages/elasticsearch/connection/http_urllib3.py", line 115, in perform_request
    response = self.pool.urlopen(method, url, body, retries=False, headers=self.headers, **kw)
  File "/root/.cache/pypoetry/virtualenvs/cpdbv2-backend-VA82Wl8V-py3.7/lib/python3.7/site-packages/urllib3/connectionpool.py", line 727, in urlopen
    method, url, error=e, _pool=self, _stacktrace=sys.exc_info()[2]
  File "/root/.cache/pypoetry/virtualenvs/cpdbv2-backend-VA82Wl8V-py3.7/lib/python3.7/site-packages/urllib3/util/retry.py", line 386, in increment
    raise six.reraise(type(error), error, _stacktrace)
  File "/root/.cache/pypoetry/virtualenvs/cpdbv2-backend-VA82Wl8V-py3.7/lib/python3.7/site-packages/urllib3/packages/six.py", line 735, in reraise
    raise value
  File "/root/.cache/pypoetry/virtualenvs/cpdbv2-backend-VA82Wl8V-py3.7/lib/python3.7/site-packages/urllib3/connectionpool.py", line 677, in urlopen
    chunked=chunked,
  File "/root/.cache/pypoetry/virtualenvs/cpdbv2-backend-VA82Wl8V-py3.7/lib/python3.7/site-packages/urllib3/connectionpool.py", line 392, in _make_request
    conn.request(method, url, **httplib_request_kw)
  File "/usr/local/lib/python3.7/http/client.py", line 1281, in request
    self._send_request(method, url, body, headers, encode_chunked)
  File "/usr/local/lib/python3.7/http/client.py", line 1327, in _send_request
    self.endheaders(body, encode_chunked=encode_chunked)
  File "/usr/local/lib/python3.7/http/client.py", line 1276, in endheaders
    self._send_output(message_body, encode_chunked=encode_chunked)
  File "/usr/local/lib/python3.7/http/client.py", line 1036, in _send_output
    self.send(msg)
  File "/usr/local/lib/python3.7/http/client.py", line 976, in send
    self.connect()
  File "/root/.cache/pypoetry/virtualenvs/cpdbv2-backend-VA82Wl8V-py3.7/lib/python3.7/site-packages/urllib3/connection.py", line 187, in connect
    conn = self._new_conn()
  File "/root/.cache/pypoetry/virtualenvs/cpdbv2-backend-VA82Wl8V-py3.7/lib/python3.7/site-packages/urllib3/connection.py", line 172, in _new_conn
    self, "Failed to establish a new connection: %s" % e
urllib3.exceptions.NewConnectionError: <urllib3.connection.HTTPConnection object at 0x7ff068ba1e50>: Failed to establish a new connection: [Errno -2] Name or service not known
elasticsearch: DEBUG: > None
urllib3.util.retry: DEBUG: Converted retries value: False -> Retry(total=False, connect=None, read=None, redirect=0, status=None)
urllib3.connectionpool: DEBUG: Starting new HTTP connection (391): elasticsearch:9200
elasticsearch: WARNING: DELETE http://elasticsearch:9200/test_autocompletes [status:N/A request:0.004s]
Traceback (most recent call last):
  File "/root/.cache/pypoetry/virtualenvs/cpdbv2-backend-VA82Wl8V-py3.7/lib/python3.7/site-packages/urllib3/connection.py", line 160, in _new_conn
    (self._dns_host, self.port), self.timeout, **extra_kw
  File "/root/.cache/pypoetry/virtualenvs/cpdbv2-backend-VA82Wl8V-py3.7/lib/python3.7/site-packages/urllib3/util/connection.py", line 61, in create_connection
    for res in socket.getaddrinfo(host, port, family, socket.SOCK_STREAM):
  File "/usr/local/lib/python3.7/socket.py", line 752, in getaddrinfo
    for res in _socket.getaddrinfo(host, port, family, type, proto, flags):
socket.gaierror: [Errno -2] Name or service not known

During handling of the above exception, another exception occurred:

Traceback (most recent call last):
  File "/root/.cache/pypoetry/virtualenvs/cpdbv2-backend-VA82Wl8V-py3.7/lib/python3.7/site-packages/elasticsearch/connection/http_urllib3.py", line 115, in perform_request
    response = self.pool.urlopen(method, url, body, retries=False, headers=self.headers, **kw)
  File "/root/.cache/pypoetry/virtualenvs/cpdbv2-backend-VA82Wl8V-py3.7/lib/python3.7/site-packages/urllib3/connectionpool.py", line 727, in urlopen
    method, url, error=e, _pool=self, _stacktrace=sys.exc_info()[2]
  File "/root/.cache/pypoetry/virtualenvs/cpdbv2-backend-VA82Wl8V-py3.7/lib/python3.7/site-packages/urllib3/util/retry.py", line 386, in increment
    raise six.reraise(type(error), error, _stacktrace)
  File "/root/.cache/pypoetry/virtualenvs/cpdbv2-backend-VA82Wl8V-py3.7/lib/python3.7/site-packages/urllib3/packages/six.py", line 735, in reraise
    raise value
  File "/root/.cache/pypoetry/virtualenvs/cpdbv2-backend-VA82Wl8V-py3.7/lib/python3.7/site-packages/urllib3/connectionpool.py", line 677, in urlopen
    chunked=chunked,
  File "/root/.cache/pypoetry/virtualenvs/cpdbv2-backend-VA82Wl8V-py3.7/lib/python3.7/site-packages/urllib3/connectionpool.py", line 392, in _make_request
    conn.request(method, url, **httplib_request_kw)
  File "/usr/local/lib/python3.7/http/client.py", line 1281, in request
    self._send_request(method, url, body, headers, encode_chunked)
  File "/usr/local/lib/python3.7/http/client.py", line 1327, in _send_request
    self.endheaders(body, encode_chunked=encode_chunked)
  File "/usr/local/lib/python3.7/http/client.py", line 1276, in endheaders
    self._send_output(message_body, encode_chunked=encode_chunked)
  File "/usr/local/lib/python3.7/http/client.py", line 1036, in _send_output
    self.send(msg)
  File "/usr/local/lib/python3.7/http/client.py", line 976, in send
    self.connect()
  File "/root/.cache/pypoetry/virtualenvs/cpdbv2-backend-VA82Wl8V-py3.7/lib/python3.7/site-packages/urllib3/connection.py", line 187, in connect
    conn = self._new_conn()
  File "/root/.cache/pypoetry/virtualenvs/cpdbv2-backend-VA82Wl8V-py3.7/lib/python3.7/site-packages/urllib3/connection.py", line 172, in _new_conn
    self, "Failed to establish a new connection: %s" % e
urllib3.exceptions.NewConnectionError: <urllib3.connection.HTTPConnection object at 0x7ff068b83050>: Failed to establish a new connection: [Errno -2] Name or service not known
elasticsearch: DEBUG: > None
urllib3.util.retry: DEBUG: Converted retries value: False -> Retry(total=False, connect=None, read=None, redirect=0, status=None)
urllib3.connectionpool: DEBUG: Starting new HTTP connection (392): elasticsearch:9200
elasticsearch: WARNING: DELETE http://elasticsearch:9200/test_autocompletes [status:N/A request:0.004s]
Traceback (most recent call last):
  File "/root/.cache/pypoetry/virtualenvs/cpdbv2-backend-VA82Wl8V-py3.7/lib/python3.7/site-packages/urllib3/connection.py", line 160, in _new_conn
    (self._dns_host, self.port), self.timeout, **extra_kw
  File "/root/.cache/pypoetry/virtualenvs/cpdbv2-backend-VA82Wl8V-py3.7/lib/python3.7/site-packages/urllib3/util/connection.py", line 61, in create_connection
    for res in socket.getaddrinfo(host, port, family, socket.SOCK_STREAM):
  File "/usr/local/lib/python3.7/socket.py", line 752, in getaddrinfo
    for res in _socket.getaddrinfo(host, port, family, type, proto, flags):
socket.gaierror: [Errno -2] Name or service not known

During handling of the above exception, another exception occurred:

Traceback (most recent call last):
  File "/root/.cache/pypoetry/virtualenvs/cpdbv2-backend-VA82Wl8V-py3.7/lib/python3.7/site-packages/elasticsearch/connection/http_urllib3.py", line 115, in perform_request
    response = self.pool.urlopen(method, url, body, retries=False, headers=self.headers, **kw)
  File "/root/.cache/pypoetry/virtualenvs/cpdbv2-backend-VA82Wl8V-py3.7/lib/python3.7/site-packages/urllib3/connectionpool.py", line 727, in urlopen
    method, url, error=e, _pool=self, _stacktrace=sys.exc_info()[2]
  File "/root/.cache/pypoetry/virtualenvs/cpdbv2-backend-VA82Wl8V-py3.7/lib/python3.7/site-packages/urllib3/util/retry.py", line 386, in increment
    raise six.reraise(type(error), error, _stacktrace)
  File "/root/.cache/pypoetry/virtualenvs/cpdbv2-backend-VA82Wl8V-py3.7/lib/python3.7/site-packages/urllib3/packages/six.py", line 735, in reraise
    raise value
  File "/root/.cache/pypoetry/virtualenvs/cpdbv2-backend-VA82Wl8V-py3.7/lib/python3.7/site-packages/urllib3/connectionpool.py", line 677, in urlopen
    chunked=chunked,
  File "/root/.cache/pypoetry/virtualenvs/cpdbv2-backend-VA82Wl8V-py3.7/lib/python3.7/site-packages/urllib3/connectionpool.py", line 392, in _make_request
    conn.request(method, url, **httplib_request_kw)
  File "/usr/local/lib/python3.7/http/client.py", line 1281, in request
    self._send_request(method, url, body, headers, encode_chunked)
  File "/usr/local/lib/python3.7/http/client.py", line 1327, in _send_request
    self.endheaders(body, encode_chunked=encode_chunked)
  File "/usr/local/lib/python3.7/http/client.py", line 1276, in endheaders
    self._send_output(message_body, encode_chunked=encode_chunked)
  File "/usr/local/lib/python3.7/http/client.py", line 1036, in _send_output
    self.send(msg)
  File "/usr/local/lib/python3.7/http/client.py", line 976, in send
    self.connect()
  File "/root/.cache/pypoetry/virtualenvs/cpdbv2-backend-VA82Wl8V-py3.7/lib/python3.7/site-packages/urllib3/connection.py", line 187, in connect
    conn = self._new_conn()
  File "/root/.cache/pypoetry/virtualenvs/cpdbv2-backend-VA82Wl8V-py3.7/lib/python3.7/site-packages/urllib3/connection.py", line 172, in _new_conn
    self, "Failed to establish a new connection: %s" % e
urllib3.exceptions.NewConnectionError: <urllib3.connection.HTTPConnection object at 0x7ff068b83450>: Failed to establish a new connection: [Errno -2] Name or service not known
elasticsearch: DEBUG: > None
--------------------- >> end captured logging << ---------------------

======================================================================
ERROR: test_retrieve_single_search_date_officers_result (search.tests.test_views.SearchV1ViewSetTestCase)
----------------------------------------------------------------------
Traceback (most recent call last):
  File "/usr/src/app/cpdb/search/tests/utils.py", line 12, in setUp
    autocompletes_alias.read_index.delete(ignore=404)
  File "/root/.cache/pypoetry/virtualenvs/cpdbv2-backend-VA82Wl8V-py3.7/lib/python3.7/site-packages/elasticsearch_dsl/index.py", line 222, in delete
    self.connection.indices.delete(index=self._name, **kwargs)
  File "/root/.cache/pypoetry/virtualenvs/cpdbv2-backend-VA82Wl8V-py3.7/lib/python3.7/site-packages/elasticsearch/client/utils.py", line 73, in _wrapped
    return func(*args, params=params, **kwargs)
  File "/root/.cache/pypoetry/virtualenvs/cpdbv2-backend-VA82Wl8V-py3.7/lib/python3.7/site-packages/elasticsearch/client/indices.py", line 200, in delete
    params=params)
  File "/root/.cache/pypoetry/virtualenvs/cpdbv2-backend-VA82Wl8V-py3.7/lib/python3.7/site-packages/elasticsearch/transport.py", line 312, in perform_request
    status, headers, data = connection.perform_request(method, url, params, body, ignore=ignore, timeout=timeout)
  File "/root/.cache/pypoetry/virtualenvs/cpdbv2-backend-VA82Wl8V-py3.7/lib/python3.7/site-packages/elasticsearch/connection/http_urllib3.py", line 124, in perform_request
    raise ConnectionError('N/A', str(e), e)
elasticsearch.exceptions.ConnectionError: ConnectionError(<urllib3.connection.HTTPConnection object at 0x7ff068bea250>: Failed to establish a new connection: [Errno -2] Name or service not known) caused by: NewConnectionError(<urllib3.connection.HTTPConnection object at 0x7ff068bea250>: Failed to establish a new connection: [Errno -2] Name or service not known)
-------------------- >> begin captured logging << --------------------
urllib3.util.retry: DEBUG: Converted retries value: False -> Retry(total=False, connect=None, read=None, redirect=0, status=None)
urllib3.connectionpool: DEBUG: Starting new HTTP connection (393): elasticsearch:9200
elasticsearch: WARNING: DELETE http://elasticsearch:9200/test_autocompletes [status:N/A request:0.007s]
Traceback (most recent call last):
  File "/root/.cache/pypoetry/virtualenvs/cpdbv2-backend-VA82Wl8V-py3.7/lib/python3.7/site-packages/urllib3/connection.py", line 160, in _new_conn
    (self._dns_host, self.port), self.timeout, **extra_kw
  File "/root/.cache/pypoetry/virtualenvs/cpdbv2-backend-VA82Wl8V-py3.7/lib/python3.7/site-packages/urllib3/util/connection.py", line 61, in create_connection
    for res in socket.getaddrinfo(host, port, family, socket.SOCK_STREAM):
  File "/usr/local/lib/python3.7/socket.py", line 752, in getaddrinfo
    for res in _socket.getaddrinfo(host, port, family, type, proto, flags):
socket.gaierror: [Errno -2] Name or service not known

During handling of the above exception, another exception occurred:

Traceback (most recent call last):
  File "/root/.cache/pypoetry/virtualenvs/cpdbv2-backend-VA82Wl8V-py3.7/lib/python3.7/site-packages/elasticsearch/connection/http_urllib3.py", line 115, in perform_request
    response = self.pool.urlopen(method, url, body, retries=False, headers=self.headers, **kw)
  File "/root/.cache/pypoetry/virtualenvs/cpdbv2-backend-VA82Wl8V-py3.7/lib/python3.7/site-packages/urllib3/connectionpool.py", line 727, in urlopen
    method, url, error=e, _pool=self, _stacktrace=sys.exc_info()[2]
  File "/root/.cache/pypoetry/virtualenvs/cpdbv2-backend-VA82Wl8V-py3.7/lib/python3.7/site-packages/urllib3/util/retry.py", line 386, in increment
    raise six.reraise(type(error), error, _stacktrace)
  File "/root/.cache/pypoetry/virtualenvs/cpdbv2-backend-VA82Wl8V-py3.7/lib/python3.7/site-packages/urllib3/packages/six.py", line 735, in reraise
    raise value
  File "/root/.cache/pypoetry/virtualenvs/cpdbv2-backend-VA82Wl8V-py3.7/lib/python3.7/site-packages/urllib3/connectionpool.py", line 677, in urlopen
    chunked=chunked,
  File "/root/.cache/pypoetry/virtualenvs/cpdbv2-backend-VA82Wl8V-py3.7/lib/python3.7/site-packages/urllib3/connectionpool.py", line 392, in _make_request
    conn.request(method, url, **httplib_request_kw)
  File "/usr/local/lib/python3.7/http/client.py", line 1281, in request
    self._send_request(method, url, body, headers, encode_chunked)
  File "/usr/local/lib/python3.7/http/client.py", line 1327, in _send_request
    self.endheaders(body, encode_chunked=encode_chunked)
  File "/usr/local/lib/python3.7/http/client.py", line 1276, in endheaders
    self._send_output(message_body, encode_chunked=encode_chunked)
  File "/usr/local/lib/python3.7/http/client.py", line 1036, in _send_output
    self.send(msg)
  File "/usr/local/lib/python3.7/http/client.py", line 976, in send
    self.connect()
  File "/root/.cache/pypoetry/virtualenvs/cpdbv2-backend-VA82Wl8V-py3.7/lib/python3.7/site-packages/urllib3/connection.py", line 187, in connect
    conn = self._new_conn()
  File "/root/.cache/pypoetry/virtualenvs/cpdbv2-backend-VA82Wl8V-py3.7/lib/python3.7/site-packages/urllib3/connection.py", line 172, in _new_conn
    self, "Failed to establish a new connection: %s" % e
urllib3.exceptions.NewConnectionError: <urllib3.connection.HTTPConnection object at 0x7ff068b83490>: Failed to establish a new connection: [Errno -2] Name or service not known
elasticsearch: DEBUG: > None
urllib3.util.retry: DEBUG: Converted retries value: False -> Retry(total=False, connect=None, read=None, redirect=0, status=None)
urllib3.connectionpool: DEBUG: Starting new HTTP connection (394): elasticsearch:9200
elasticsearch: WARNING: DELETE http://elasticsearch:9200/test_autocompletes [status:N/A request:0.005s]
Traceback (most recent call last):
  File "/root/.cache/pypoetry/virtualenvs/cpdbv2-backend-VA82Wl8V-py3.7/lib/python3.7/site-packages/urllib3/connection.py", line 160, in _new_conn
    (self._dns_host, self.port), self.timeout, **extra_kw
  File "/root/.cache/pypoetry/virtualenvs/cpdbv2-backend-VA82Wl8V-py3.7/lib/python3.7/site-packages/urllib3/util/connection.py", line 61, in create_connection
    for res in socket.getaddrinfo(host, port, family, socket.SOCK_STREAM):
  File "/usr/local/lib/python3.7/socket.py", line 752, in getaddrinfo
    for res in _socket.getaddrinfo(host, port, family, type, proto, flags):
socket.gaierror: [Errno -2] Name or service not known

During handling of the above exception, another exception occurred:

Traceback (most recent call last):
  File "/root/.cache/pypoetry/virtualenvs/cpdbv2-backend-VA82Wl8V-py3.7/lib/python3.7/site-packages/elasticsearch/connection/http_urllib3.py", line 115, in perform_request
    response = self.pool.urlopen(method, url, body, retries=False, headers=self.headers, **kw)
  File "/root/.cache/pypoetry/virtualenvs/cpdbv2-backend-VA82Wl8V-py3.7/lib/python3.7/site-packages/urllib3/connectionpool.py", line 727, in urlopen
    method, url, error=e, _pool=self, _stacktrace=sys.exc_info()[2]
  File "/root/.cache/pypoetry/virtualenvs/cpdbv2-backend-VA82Wl8V-py3.7/lib/python3.7/site-packages/urllib3/util/retry.py", line 386, in increment
    raise six.reraise(type(error), error, _stacktrace)
  File "/root/.cache/pypoetry/virtualenvs/cpdbv2-backend-VA82Wl8V-py3.7/lib/python3.7/site-packages/urllib3/packages/six.py", line 735, in reraise
    raise value
  File "/root/.cache/pypoetry/virtualenvs/cpdbv2-backend-VA82Wl8V-py3.7/lib/python3.7/site-packages/urllib3/connectionpool.py", line 677, in urlopen
    chunked=chunked,
  File "/root/.cache/pypoetry/virtualenvs/cpdbv2-backend-VA82Wl8V-py3.7/lib/python3.7/site-packages/urllib3/connectionpool.py", line 392, in _make_request
    conn.request(method, url, **httplib_request_kw)
  File "/usr/local/lib/python3.7/http/client.py", line 1281, in request
    self._send_request(method, url, body, headers, encode_chunked)
  File "/usr/local/lib/python3.7/http/client.py", line 1327, in _send_request
    self.endheaders(body, encode_chunked=encode_chunked)
  File "/usr/local/lib/python3.7/http/client.py", line 1276, in endheaders
    self._send_output(message_body, encode_chunked=encode_chunked)
  File "/usr/local/lib/python3.7/http/client.py", line 1036, in _send_output
    self.send(msg)
  File "/usr/local/lib/python3.7/http/client.py", line 976, in send
    self.connect()
  File "/root/.cache/pypoetry/virtualenvs/cpdbv2-backend-VA82Wl8V-py3.7/lib/python3.7/site-packages/urllib3/connection.py", line 187, in connect
    conn = self._new_conn()
  File "/root/.cache/pypoetry/virtualenvs/cpdbv2-backend-VA82Wl8V-py3.7/lib/python3.7/site-packages/urllib3/connection.py", line 172, in _new_conn
    self, "Failed to establish a new connection: %s" % e
urllib3.exceptions.NewConnectionError: <urllib3.connection.HTTPConnection object at 0x7ff068bac0d0>: Failed to establish a new connection: [Errno -2] Name or service not known
elasticsearch: DEBUG: > None
urllib3.util.retry: DEBUG: Converted retries value: False -> Retry(total=False, connect=None, read=None, redirect=0, status=None)
urllib3.connectionpool: DEBUG: Starting new HTTP connection (395): elasticsearch:9200
elasticsearch: WARNING: DELETE http://elasticsearch:9200/test_autocompletes [status:N/A request:0.007s]
Traceback (most recent call last):
  File "/root/.cache/pypoetry/virtualenvs/cpdbv2-backend-VA82Wl8V-py3.7/lib/python3.7/site-packages/urllib3/connection.py", line 160, in _new_conn
    (self._dns_host, self.port), self.timeout, **extra_kw
  File "/root/.cache/pypoetry/virtualenvs/cpdbv2-backend-VA82Wl8V-py3.7/lib/python3.7/site-packages/urllib3/util/connection.py", line 61, in create_connection
    for res in socket.getaddrinfo(host, port, family, socket.SOCK_STREAM):
  File "/usr/local/lib/python3.7/socket.py", line 752, in getaddrinfo
    for res in _socket.getaddrinfo(host, port, family, type, proto, flags):
socket.gaierror: [Errno -2] Name or service not known

During handling of the above exception, another exception occurred:

Traceback (most recent call last):
  File "/root/.cache/pypoetry/virtualenvs/cpdbv2-backend-VA82Wl8V-py3.7/lib/python3.7/site-packages/elasticsearch/connection/http_urllib3.py", line 115, in perform_request
    response = self.pool.urlopen(method, url, body, retries=False, headers=self.headers, **kw)
  File "/root/.cache/pypoetry/virtualenvs/cpdbv2-backend-VA82Wl8V-py3.7/lib/python3.7/site-packages/urllib3/connectionpool.py", line 727, in urlopen
    method, url, error=e, _pool=self, _stacktrace=sys.exc_info()[2]
  File "/root/.cache/pypoetry/virtualenvs/cpdbv2-backend-VA82Wl8V-py3.7/lib/python3.7/site-packages/urllib3/util/retry.py", line 386, in increment
    raise six.reraise(type(error), error, _stacktrace)
  File "/root/.cache/pypoetry/virtualenvs/cpdbv2-backend-VA82Wl8V-py3.7/lib/python3.7/site-packages/urllib3/packages/six.py", line 735, in reraise
    raise value
  File "/root/.cache/pypoetry/virtualenvs/cpdbv2-backend-VA82Wl8V-py3.7/lib/python3.7/site-packages/urllib3/connectionpool.py", line 677, in urlopen
    chunked=chunked,
  File "/root/.cache/pypoetry/virtualenvs/cpdbv2-backend-VA82Wl8V-py3.7/lib/python3.7/site-packages/urllib3/connectionpool.py", line 392, in _make_request
    conn.request(method, url, **httplib_request_kw)
  File "/usr/local/lib/python3.7/http/client.py", line 1281, in request
    self._send_request(method, url, body, headers, encode_chunked)
  File "/usr/local/lib/python3.7/http/client.py", line 1327, in _send_request
    self.endheaders(body, encode_chunked=encode_chunked)
  File "/usr/local/lib/python3.7/http/client.py", line 1276, in endheaders
    self._send_output(message_body, encode_chunked=encode_chunked)
  File "/usr/local/lib/python3.7/http/client.py", line 1036, in _send_output
    self.send(msg)
  File "/usr/local/lib/python3.7/http/client.py", line 976, in send
    self.connect()
  File "/root/.cache/pypoetry/virtualenvs/cpdbv2-backend-VA82Wl8V-py3.7/lib/python3.7/site-packages/urllib3/connection.py", line 187, in connect
    conn = self._new_conn()
  File "/root/.cache/pypoetry/virtualenvs/cpdbv2-backend-VA82Wl8V-py3.7/lib/python3.7/site-packages/urllib3/connection.py", line 172, in _new_conn
    self, "Failed to establish a new connection: %s" % e
urllib3.exceptions.NewConnectionError: <urllib3.connection.HTTPConnection object at 0x7ff068bfdc50>: Failed to establish a new connection: [Errno -2] Name or service not known
elasticsearch: DEBUG: > None
urllib3.util.retry: DEBUG: Converted retries value: False -> Retry(total=False, connect=None, read=None, redirect=0, status=None)
urllib3.connectionpool: DEBUG: Starting new HTTP connection (396): elasticsearch:9200
elasticsearch: WARNING: DELETE http://elasticsearch:9200/test_autocompletes [status:N/A request:0.005s]
Traceback (most recent call last):
  File "/root/.cache/pypoetry/virtualenvs/cpdbv2-backend-VA82Wl8V-py3.7/lib/python3.7/site-packages/urllib3/connection.py", line 160, in _new_conn
    (self._dns_host, self.port), self.timeout, **extra_kw
  File "/root/.cache/pypoetry/virtualenvs/cpdbv2-backend-VA82Wl8V-py3.7/lib/python3.7/site-packages/urllib3/util/connection.py", line 61, in create_connection
    for res in socket.getaddrinfo(host, port, family, socket.SOCK_STREAM):
  File "/usr/local/lib/python3.7/socket.py", line 752, in getaddrinfo
    for res in _socket.getaddrinfo(host, port, family, type, proto, flags):
socket.gaierror: [Errno -2] Name or service not known

During handling of the above exception, another exception occurred:

Traceback (most recent call last):
  File "/root/.cache/pypoetry/virtualenvs/cpdbv2-backend-VA82Wl8V-py3.7/lib/python3.7/site-packages/elasticsearch/connection/http_urllib3.py", line 115, in perform_request
    response = self.pool.urlopen(method, url, body, retries=False, headers=self.headers, **kw)
  File "/root/.cache/pypoetry/virtualenvs/cpdbv2-backend-VA82Wl8V-py3.7/lib/python3.7/site-packages/urllib3/connectionpool.py", line 727, in urlopen
    method, url, error=e, _pool=self, _stacktrace=sys.exc_info()[2]
  File "/root/.cache/pypoetry/virtualenvs/cpdbv2-backend-VA82Wl8V-py3.7/lib/python3.7/site-packages/urllib3/util/retry.py", line 386, in increment
    raise six.reraise(type(error), error, _stacktrace)
  File "/root/.cache/pypoetry/virtualenvs/cpdbv2-backend-VA82Wl8V-py3.7/lib/python3.7/site-packages/urllib3/packages/six.py", line 735, in reraise
    raise value
  File "/root/.cache/pypoetry/virtualenvs/cpdbv2-backend-VA82Wl8V-py3.7/lib/python3.7/site-packages/urllib3/connectionpool.py", line 677, in urlopen
    chunked=chunked,
  File "/root/.cache/pypoetry/virtualenvs/cpdbv2-backend-VA82Wl8V-py3.7/lib/python3.7/site-packages/urllib3/connectionpool.py", line 392, in _make_request
    conn.request(method, url, **httplib_request_kw)
  File "/usr/local/lib/python3.7/http/client.py", line 1281, in request
    self._send_request(method, url, body, headers, encode_chunked)
  File "/usr/local/lib/python3.7/http/client.py", line 1327, in _send_request
    self.endheaders(body, encode_chunked=encode_chunked)
  File "/usr/local/lib/python3.7/http/client.py", line 1276, in endheaders
    self._send_output(message_body, encode_chunked=encode_chunked)
  File "/usr/local/lib/python3.7/http/client.py", line 1036, in _send_output
    self.send(msg)
  File "/usr/local/lib/python3.7/http/client.py", line 976, in send
    self.connect()
  File "/root/.cache/pypoetry/virtualenvs/cpdbv2-backend-VA82Wl8V-py3.7/lib/python3.7/site-packages/urllib3/connection.py", line 187, in connect
    conn = self._new_conn()
  File "/root/.cache/pypoetry/virtualenvs/cpdbv2-backend-VA82Wl8V-py3.7/lib/python3.7/site-packages/urllib3/connection.py", line 172, in _new_conn
    self, "Failed to establish a new connection: %s" % e
urllib3.exceptions.NewConnectionError: <urllib3.connection.HTTPConnection object at 0x7ff068bea250>: Failed to establish a new connection: [Errno -2] Name or service not known
elasticsearch: DEBUG: > None
--------------------- >> end captured logging << ---------------------

======================================================================
ERROR: test_retrieve_single_with_content_type (search.tests.test_views.SearchV1ViewSetTestCase)
----------------------------------------------------------------------
Traceback (most recent call last):
  File "/usr/src/app/cpdb/search/tests/utils.py", line 12, in setUp
    autocompletes_alias.read_index.delete(ignore=404)
  File "/root/.cache/pypoetry/virtualenvs/cpdbv2-backend-VA82Wl8V-py3.7/lib/python3.7/site-packages/elasticsearch_dsl/index.py", line 222, in delete
    self.connection.indices.delete(index=self._name, **kwargs)
  File "/root/.cache/pypoetry/virtualenvs/cpdbv2-backend-VA82Wl8V-py3.7/lib/python3.7/site-packages/elasticsearch/client/utils.py", line 73, in _wrapped
    return func(*args, params=params, **kwargs)
  File "/root/.cache/pypoetry/virtualenvs/cpdbv2-backend-VA82Wl8V-py3.7/lib/python3.7/site-packages/elasticsearch/client/indices.py", line 200, in delete
    params=params)
  File "/root/.cache/pypoetry/virtualenvs/cpdbv2-backend-VA82Wl8V-py3.7/lib/python3.7/site-packages/elasticsearch/transport.py", line 312, in perform_request
    status, headers, data = connection.perform_request(method, url, params, body, ignore=ignore, timeout=timeout)
  File "/root/.cache/pypoetry/virtualenvs/cpdbv2-backend-VA82Wl8V-py3.7/lib/python3.7/site-packages/elasticsearch/connection/http_urllib3.py", line 124, in perform_request
    raise ConnectionError('N/A', str(e), e)
elasticsearch.exceptions.ConnectionError: ConnectionError(<urllib3.connection.HTTPConnection object at 0x7ff068b35ed0>: Failed to establish a new connection: [Errno -2] Name or service not known) caused by: NewConnectionError(<urllib3.connection.HTTPConnection object at 0x7ff068b35ed0>: Failed to establish a new connection: [Errno -2] Name or service not known)
-------------------- >> begin captured logging << --------------------
urllib3.util.retry: DEBUG: Converted retries value: False -> Retry(total=False, connect=None, read=None, redirect=0, status=None)
urllib3.connectionpool: DEBUG: Starting new HTTP connection (397): elasticsearch:9200
elasticsearch: WARNING: DELETE http://elasticsearch:9200/test_autocompletes [status:N/A request:0.005s]
Traceback (most recent call last):
  File "/root/.cache/pypoetry/virtualenvs/cpdbv2-backend-VA82Wl8V-py3.7/lib/python3.7/site-packages/urllib3/connection.py", line 160, in _new_conn
    (self._dns_host, self.port), self.timeout, **extra_kw
  File "/root/.cache/pypoetry/virtualenvs/cpdbv2-backend-VA82Wl8V-py3.7/lib/python3.7/site-packages/urllib3/util/connection.py", line 61, in create_connection
    for res in socket.getaddrinfo(host, port, family, socket.SOCK_STREAM):
  File "/usr/local/lib/python3.7/socket.py", line 752, in getaddrinfo
    for res in _socket.getaddrinfo(host, port, family, type, proto, flags):
socket.gaierror: [Errno -2] Name or service not known

During handling of the above exception, another exception occurred:

Traceback (most recent call last):
  File "/root/.cache/pypoetry/virtualenvs/cpdbv2-backend-VA82Wl8V-py3.7/lib/python3.7/site-packages/elasticsearch/connection/http_urllib3.py", line 115, in perform_request
    response = self.pool.urlopen(method, url, body, retries=False, headers=self.headers, **kw)
  File "/root/.cache/pypoetry/virtualenvs/cpdbv2-backend-VA82Wl8V-py3.7/lib/python3.7/site-packages/urllib3/connectionpool.py", line 727, in urlopen
    method, url, error=e, _pool=self, _stacktrace=sys.exc_info()[2]
  File "/root/.cache/pypoetry/virtualenvs/cpdbv2-backend-VA82Wl8V-py3.7/lib/python3.7/site-packages/urllib3/util/retry.py", line 386, in increment
    raise six.reraise(type(error), error, _stacktrace)
  File "/root/.cache/pypoetry/virtualenvs/cpdbv2-backend-VA82Wl8V-py3.7/lib/python3.7/site-packages/urllib3/packages/six.py", line 735, in reraise
    raise value
  File "/root/.cache/pypoetry/virtualenvs/cpdbv2-backend-VA82Wl8V-py3.7/lib/python3.7/site-packages/urllib3/connectionpool.py", line 677, in urlopen
    chunked=chunked,
  File "/root/.cache/pypoetry/virtualenvs/cpdbv2-backend-VA82Wl8V-py3.7/lib/python3.7/site-packages/urllib3/connectionpool.py", line 392, in _make_request
    conn.request(method, url, **httplib_request_kw)
  File "/usr/local/lib/python3.7/http/client.py", line 1281, in request
    self._send_request(method, url, body, headers, encode_chunked)
  File "/usr/local/lib/python3.7/http/client.py", line 1327, in _send_request
    self.endheaders(body, encode_chunked=encode_chunked)
  File "/usr/local/lib/python3.7/http/client.py", line 1276, in endheaders
    self._send_output(message_body, encode_chunked=encode_chunked)
  File "/usr/local/lib/python3.7/http/client.py", line 1036, in _send_output
    self.send(msg)
  File "/usr/local/lib/python3.7/http/client.py", line 976, in send
    self.connect()
  File "/root/.cache/pypoetry/virtualenvs/cpdbv2-backend-VA82Wl8V-py3.7/lib/python3.7/site-packages/urllib3/connection.py", line 187, in connect
    conn = self._new_conn()
  File "/root/.cache/pypoetry/virtualenvs/cpdbv2-backend-VA82Wl8V-py3.7/lib/python3.7/site-packages/urllib3/connection.py", line 172, in _new_conn
    self, "Failed to establish a new connection: %s" % e
urllib3.exceptions.NewConnectionError: <urllib3.connection.HTTPConnection object at 0x7ff068b687d0>: Failed to establish a new connection: [Errno -2] Name or service not known
elasticsearch: DEBUG: > None
urllib3.util.retry: DEBUG: Converted retries value: False -> Retry(total=False, connect=None, read=None, redirect=0, status=None)
urllib3.connectionpool: DEBUG: Starting new HTTP connection (398): elasticsearch:9200
elasticsearch: WARNING: DELETE http://elasticsearch:9200/test_autocompletes [status:N/A request:0.005s]
Traceback (most recent call last):
  File "/root/.cache/pypoetry/virtualenvs/cpdbv2-backend-VA82Wl8V-py3.7/lib/python3.7/site-packages/urllib3/connection.py", line 160, in _new_conn
    (self._dns_host, self.port), self.timeout, **extra_kw
  File "/root/.cache/pypoetry/virtualenvs/cpdbv2-backend-VA82Wl8V-py3.7/lib/python3.7/site-packages/urllib3/util/connection.py", line 61, in create_connection
    for res in socket.getaddrinfo(host, port, family, socket.SOCK_STREAM):
  File "/usr/local/lib/python3.7/socket.py", line 752, in getaddrinfo
    for res in _socket.getaddrinfo(host, port, family, type, proto, flags):
socket.gaierror: [Errno -2] Name or service not known

During handling of the above exception, another exception occurred:

Traceback (most recent call last):
  File "/root/.cache/pypoetry/virtualenvs/cpdbv2-backend-VA82Wl8V-py3.7/lib/python3.7/site-packages/elasticsearch/connection/http_urllib3.py", line 115, in perform_request
    response = self.pool.urlopen(method, url, body, retries=False, headers=self.headers, **kw)
  File "/root/.cache/pypoetry/virtualenvs/cpdbv2-backend-VA82Wl8V-py3.7/lib/python3.7/site-packages/urllib3/connectionpool.py", line 727, in urlopen
    method, url, error=e, _pool=self, _stacktrace=sys.exc_info()[2]
  File "/root/.cache/pypoetry/virtualenvs/cpdbv2-backend-VA82Wl8V-py3.7/lib/python3.7/site-packages/urllib3/util/retry.py", line 386, in increment
    raise six.reraise(type(error), error, _stacktrace)
  File "/root/.cache/pypoetry/virtualenvs/cpdbv2-backend-VA82Wl8V-py3.7/lib/python3.7/site-packages/urllib3/packages/six.py", line 735, in reraise
    raise value
  File "/root/.cache/pypoetry/virtualenvs/cpdbv2-backend-VA82Wl8V-py3.7/lib/python3.7/site-packages/urllib3/connectionpool.py", line 677, in urlopen
    chunked=chunked,
  File "/root/.cache/pypoetry/virtualenvs/cpdbv2-backend-VA82Wl8V-py3.7/lib/python3.7/site-packages/urllib3/connectionpool.py", line 392, in _make_request
    conn.request(method, url, **httplib_request_kw)
  File "/usr/local/lib/python3.7/http/client.py", line 1281, in request
    self._send_request(method, url, body, headers, encode_chunked)
  File "/usr/local/lib/python3.7/http/client.py", line 1327, in _send_request
    self.endheaders(body, encode_chunked=encode_chunked)
  File "/usr/local/lib/python3.7/http/client.py", line 1276, in endheaders
    self._send_output(message_body, encode_chunked=encode_chunked)
  File "/usr/local/lib/python3.7/http/client.py", line 1036, in _send_output
    self.send(msg)
  File "/usr/local/lib/python3.7/http/client.py", line 976, in send
    self.connect()
  File "/root/.cache/pypoetry/virtualenvs/cpdbv2-backend-VA82Wl8V-py3.7/lib/python3.7/site-packages/urllib3/connection.py", line 187, in connect
    conn = self._new_conn()
  File "/root/.cache/pypoetry/virtualenvs/cpdbv2-backend-VA82Wl8V-py3.7/lib/python3.7/site-packages/urllib3/connection.py", line 172, in _new_conn
    self, "Failed to establish a new connection: %s" % e
urllib3.exceptions.NewConnectionError: <urllib3.connection.HTTPConnection object at 0x7ff068b80450>: Failed to establish a new connection: [Errno -2] Name or service not known
elasticsearch: DEBUG: > None
urllib3.util.retry: DEBUG: Converted retries value: False -> Retry(total=False, connect=None, read=None, redirect=0, status=None)
urllib3.connectionpool: DEBUG: Starting new HTTP connection (399): elasticsearch:9200
elasticsearch: WARNING: DELETE http://elasticsearch:9200/test_autocompletes [status:N/A request:0.004s]
Traceback (most recent call last):
  File "/root/.cache/pypoetry/virtualenvs/cpdbv2-backend-VA82Wl8V-py3.7/lib/python3.7/site-packages/urllib3/connection.py", line 160, in _new_conn
    (self._dns_host, self.port), self.timeout, **extra_kw
  File "/root/.cache/pypoetry/virtualenvs/cpdbv2-backend-VA82Wl8V-py3.7/lib/python3.7/site-packages/urllib3/util/connection.py", line 61, in create_connection
    for res in socket.getaddrinfo(host, port, family, socket.SOCK_STREAM):
  File "/usr/local/lib/python3.7/socket.py", line 752, in getaddrinfo
    for res in _socket.getaddrinfo(host, port, family, type, proto, flags):
socket.gaierror: [Errno -2] Name or service not known

During handling of the above exception, another exception occurred:

Traceback (most recent call last):
  File "/root/.cache/pypoetry/virtualenvs/cpdbv2-backend-VA82Wl8V-py3.7/lib/python3.7/site-packages/elasticsearch/connection/http_urllib3.py", line 115, in perform_request
    response = self.pool.urlopen(method, url, body, retries=False, headers=self.headers, **kw)
  File "/root/.cache/pypoetry/virtualenvs/cpdbv2-backend-VA82Wl8V-py3.7/lib/python3.7/site-packages/urllib3/connectionpool.py", line 727, in urlopen
    method, url, error=e, _pool=self, _stacktrace=sys.exc_info()[2]
  File "/root/.cache/pypoetry/virtualenvs/cpdbv2-backend-VA82Wl8V-py3.7/lib/python3.7/site-packages/urllib3/util/retry.py", line 386, in increment
    raise six.reraise(type(error), error, _stacktrace)
  File "/root/.cache/pypoetry/virtualenvs/cpdbv2-backend-VA82Wl8V-py3.7/lib/python3.7/site-packages/urllib3/packages/six.py", line 735, in reraise
    raise value
  File "/root/.cache/pypoetry/virtualenvs/cpdbv2-backend-VA82Wl8V-py3.7/lib/python3.7/site-packages/urllib3/connectionpool.py", line 677, in urlopen
    chunked=chunked,
  File "/root/.cache/pypoetry/virtualenvs/cpdbv2-backend-VA82Wl8V-py3.7/lib/python3.7/site-packages/urllib3/connectionpool.py", line 392, in _make_request
    conn.request(method, url, **httplib_request_kw)
  File "/usr/local/lib/python3.7/http/client.py", line 1281, in request
    self._send_request(method, url, body, headers, encode_chunked)
  File "/usr/local/lib/python3.7/http/client.py", line 1327, in _send_request
    self.endheaders(body, encode_chunked=encode_chunked)
  File "/usr/local/lib/python3.7/http/client.py", line 1276, in endheaders
    self._send_output(message_body, encode_chunked=encode_chunked)
  File "/usr/local/lib/python3.7/http/client.py", line 1036, in _send_output
    self.send(msg)
  File "/usr/local/lib/python3.7/http/client.py", line 976, in send
    self.connect()
  File "/root/.cache/pypoetry/virtualenvs/cpdbv2-backend-VA82Wl8V-py3.7/lib/python3.7/site-packages/urllib3/connection.py", line 187, in connect
    conn = self._new_conn()
  File "/root/.cache/pypoetry/virtualenvs/cpdbv2-backend-VA82Wl8V-py3.7/lib/python3.7/site-packages/urllib3/connection.py", line 172, in _new_conn
    self, "Failed to establish a new connection: %s" % e
urllib3.exceptions.NewConnectionError: <urllib3.connection.HTTPConnection object at 0x7ff068b35710>: Failed to establish a new connection: [Errno -2] Name or service not known
elasticsearch: DEBUG: > None
urllib3.util.retry: DEBUG: Converted retries value: False -> Retry(total=False, connect=None, read=None, redirect=0, status=None)
urllib3.connectionpool: DEBUG: Starting new HTTP connection (400): elasticsearch:9200
elasticsearch: WARNING: DELETE http://elasticsearch:9200/test_autocompletes [status:N/A request:0.004s]
Traceback (most recent call last):
  File "/root/.cache/pypoetry/virtualenvs/cpdbv2-backend-VA82Wl8V-py3.7/lib/python3.7/site-packages/urllib3/connection.py", line 160, in _new_conn
    (self._dns_host, self.port), self.timeout, **extra_kw
  File "/root/.cache/pypoetry/virtualenvs/cpdbv2-backend-VA82Wl8V-py3.7/lib/python3.7/site-packages/urllib3/util/connection.py", line 61, in create_connection
    for res in socket.getaddrinfo(host, port, family, socket.SOCK_STREAM):
  File "/usr/local/lib/python3.7/socket.py", line 752, in getaddrinfo
    for res in _socket.getaddrinfo(host, port, family, type, proto, flags):
socket.gaierror: [Errno -2] Name or service not known

During handling of the above exception, another exception occurred:

Traceback (most recent call last):
  File "/root/.cache/pypoetry/virtualenvs/cpdbv2-backend-VA82Wl8V-py3.7/lib/python3.7/site-packages/elasticsearch/connection/http_urllib3.py", line 115, in perform_request
    response = self.pool.urlopen(method, url, body, retries=False, headers=self.headers, **kw)
  File "/root/.cache/pypoetry/virtualenvs/cpdbv2-backend-VA82Wl8V-py3.7/lib/python3.7/site-packages/urllib3/connectionpool.py", line 727, in urlopen
    method, url, error=e, _pool=self, _stacktrace=sys.exc_info()[2]
  File "/root/.cache/pypoetry/virtualenvs/cpdbv2-backend-VA82Wl8V-py3.7/lib/python3.7/site-packages/urllib3/util/retry.py", line 386, in increment
    raise six.reraise(type(error), error, _stacktrace)
  File "/root/.cache/pypoetry/virtualenvs/cpdbv2-backend-VA82Wl8V-py3.7/lib/python3.7/site-packages/urllib3/packages/six.py", line 735, in reraise
    raise value
  File "/root/.cache/pypoetry/virtualenvs/cpdbv2-backend-VA82Wl8V-py3.7/lib/python3.7/site-packages/urllib3/connectionpool.py", line 677, in urlopen
    chunked=chunked,
  File "/root/.cache/pypoetry/virtualenvs/cpdbv2-backend-VA82Wl8V-py3.7/lib/python3.7/site-packages/urllib3/connectionpool.py", line 392, in _make_request
    conn.request(method, url, **httplib_request_kw)
  File "/usr/local/lib/python3.7/http/client.py", line 1281, in request
    self._send_request(method, url, body, headers, encode_chunked)
  File "/usr/local/lib/python3.7/http/client.py", line 1327, in _send_request
    self.endheaders(body, encode_chunked=encode_chunked)
  File "/usr/local/lib/python3.7/http/client.py", line 1276, in endheaders
    self._send_output(message_body, encode_chunked=encode_chunked)
  File "/usr/local/lib/python3.7/http/client.py", line 1036, in _send_output
    self.send(msg)
  File "/usr/local/lib/python3.7/http/client.py", line 976, in send
    self.connect()
  File "/root/.cache/pypoetry/virtualenvs/cpdbv2-backend-VA82Wl8V-py3.7/lib/python3.7/site-packages/urllib3/connection.py", line 187, in connect
    conn = self._new_conn()
  File "/root/.cache/pypoetry/virtualenvs/cpdbv2-backend-VA82Wl8V-py3.7/lib/python3.7/site-packages/urllib3/connection.py", line 172, in _new_conn
    self, "Failed to establish a new connection: %s" % e
urllib3.exceptions.NewConnectionError: <urllib3.connection.HTTPConnection object at 0x7ff068b35ed0>: Failed to establish a new connection: [Errno -2] Name or service not known
elasticsearch: DEBUG: > None
--------------------- >> end captured logging << ---------------------

======================================================================
ERROR: test_retrieve_single_without_content_type (search.tests.test_views.SearchV1ViewSetTestCase)
----------------------------------------------------------------------
Traceback (most recent call last):
  File "/usr/src/app/cpdb/search/tests/utils.py", line 12, in setUp
    autocompletes_alias.read_index.delete(ignore=404)
  File "/root/.cache/pypoetry/virtualenvs/cpdbv2-backend-VA82Wl8V-py3.7/lib/python3.7/site-packages/elasticsearch_dsl/index.py", line 222, in delete
    self.connection.indices.delete(index=self._name, **kwargs)
  File "/root/.cache/pypoetry/virtualenvs/cpdbv2-backend-VA82Wl8V-py3.7/lib/python3.7/site-packages/elasticsearch/client/utils.py", line 73, in _wrapped
    return func(*args, params=params, **kwargs)
  File "/root/.cache/pypoetry/virtualenvs/cpdbv2-backend-VA82Wl8V-py3.7/lib/python3.7/site-packages/elasticsearch/client/indices.py", line 200, in delete
    params=params)
  File "/root/.cache/pypoetry/virtualenvs/cpdbv2-backend-VA82Wl8V-py3.7/lib/python3.7/site-packages/elasticsearch/transport.py", line 312, in perform_request
    status, headers, data = connection.perform_request(method, url, params, body, ignore=ignore, timeout=timeout)
  File "/root/.cache/pypoetry/virtualenvs/cpdbv2-backend-VA82Wl8V-py3.7/lib/python3.7/site-packages/elasticsearch/connection/http_urllib3.py", line 124, in perform_request
    raise ConnectionError('N/A', str(e), e)
elasticsearch.exceptions.ConnectionError: ConnectionError(<urllib3.connection.HTTPConnection object at 0x7ff068b76810>: Failed to establish a new connection: [Errno -2] Name or service not known) caused by: NewConnectionError(<urllib3.connection.HTTPConnection object at 0x7ff068b76810>: Failed to establish a new connection: [Errno -2] Name or service not known)
-------------------- >> begin captured logging << --------------------
urllib3.util.retry: DEBUG: Converted retries value: False -> Retry(total=False, connect=None, read=None, redirect=0, status=None)
urllib3.connectionpool: DEBUG: Starting new HTTP connection (401): elasticsearch:9200
elasticsearch: WARNING: DELETE http://elasticsearch:9200/test_autocompletes [status:N/A request:0.005s]
Traceback (most recent call last):
  File "/root/.cache/pypoetry/virtualenvs/cpdbv2-backend-VA82Wl8V-py3.7/lib/python3.7/site-packages/urllib3/connection.py", line 160, in _new_conn
    (self._dns_host, self.port), self.timeout, **extra_kw
  File "/root/.cache/pypoetry/virtualenvs/cpdbv2-backend-VA82Wl8V-py3.7/lib/python3.7/site-packages/urllib3/util/connection.py", line 61, in create_connection
    for res in socket.getaddrinfo(host, port, family, socket.SOCK_STREAM):
  File "/usr/local/lib/python3.7/socket.py", line 752, in getaddrinfo
    for res in _socket.getaddrinfo(host, port, family, type, proto, flags):
socket.gaierror: [Errno -2] Name or service not known

During handling of the above exception, another exception occurred:

Traceback (most recent call last):
  File "/root/.cache/pypoetry/virtualenvs/cpdbv2-backend-VA82Wl8V-py3.7/lib/python3.7/site-packages/elasticsearch/connection/http_urllib3.py", line 115, in perform_request
    response = self.pool.urlopen(method, url, body, retries=False, headers=self.headers, **kw)
  File "/root/.cache/pypoetry/virtualenvs/cpdbv2-backend-VA82Wl8V-py3.7/lib/python3.7/site-packages/urllib3/connectionpool.py", line 727, in urlopen
    method, url, error=e, _pool=self, _stacktrace=sys.exc_info()[2]
  File "/root/.cache/pypoetry/virtualenvs/cpdbv2-backend-VA82Wl8V-py3.7/lib/python3.7/site-packages/urllib3/util/retry.py", line 386, in increment
    raise six.reraise(type(error), error, _stacktrace)
  File "/root/.cache/pypoetry/virtualenvs/cpdbv2-backend-VA82Wl8V-py3.7/lib/python3.7/site-packages/urllib3/packages/six.py", line 735, in reraise
    raise value
  File "/root/.cache/pypoetry/virtualenvs/cpdbv2-backend-VA82Wl8V-py3.7/lib/python3.7/site-packages/urllib3/connectionpool.py", line 677, in urlopen
    chunked=chunked,
  File "/root/.cache/pypoetry/virtualenvs/cpdbv2-backend-VA82Wl8V-py3.7/lib/python3.7/site-packages/urllib3/connectionpool.py", line 392, in _make_request
    conn.request(method, url, **httplib_request_kw)
  File "/usr/local/lib/python3.7/http/client.py", line 1281, in request
    self._send_request(method, url, body, headers, encode_chunked)
  File "/usr/local/lib/python3.7/http/client.py", line 1327, in _send_request
    self.endheaders(body, encode_chunked=encode_chunked)
  File "/usr/local/lib/python3.7/http/client.py", line 1276, in endheaders
    self._send_output(message_body, encode_chunked=encode_chunked)
  File "/usr/local/lib/python3.7/http/client.py", line 1036, in _send_output
    self.send(msg)
  File "/usr/local/lib/python3.7/http/client.py", line 976, in send
    self.connect()
  File "/root/.cache/pypoetry/virtualenvs/cpdbv2-backend-VA82Wl8V-py3.7/lib/python3.7/site-packages/urllib3/connection.py", line 187, in connect
    conn = self._new_conn()
  File "/root/.cache/pypoetry/virtualenvs/cpdbv2-backend-VA82Wl8V-py3.7/lib/python3.7/site-packages/urllib3/connection.py", line 172, in _new_conn
    self, "Failed to establish a new connection: %s" % e
urllib3.exceptions.NewConnectionError: <urllib3.connection.HTTPConnection object at 0x7ff068b44710>: Failed to establish a new connection: [Errno -2] Name or service not known
elasticsearch: DEBUG: > None
urllib3.util.retry: DEBUG: Converted retries value: False -> Retry(total=False, connect=None, read=None, redirect=0, status=None)
urllib3.connectionpool: DEBUG: Starting new HTTP connection (402): elasticsearch:9200
elasticsearch: WARNING: DELETE http://elasticsearch:9200/test_autocompletes [status:N/A request:0.004s]
Traceback (most recent call last):
  File "/root/.cache/pypoetry/virtualenvs/cpdbv2-backend-VA82Wl8V-py3.7/lib/python3.7/site-packages/urllib3/connection.py", line 160, in _new_conn
    (self._dns_host, self.port), self.timeout, **extra_kw
  File "/root/.cache/pypoetry/virtualenvs/cpdbv2-backend-VA82Wl8V-py3.7/lib/python3.7/site-packages/urllib3/util/connection.py", line 61, in create_connection
    for res in socket.getaddrinfo(host, port, family, socket.SOCK_STREAM):
  File "/usr/local/lib/python3.7/socket.py", line 752, in getaddrinfo
    for res in _socket.getaddrinfo(host, port, family, type, proto, flags):
socket.gaierror: [Errno -2] Name or service not known

During handling of the above exception, another exception occurred:

Traceback (most recent call last):
  File "/root/.cache/pypoetry/virtualenvs/cpdbv2-backend-VA82Wl8V-py3.7/lib/python3.7/site-packages/elasticsearch/connection/http_urllib3.py", line 115, in perform_request
    response = self.pool.urlopen(method, url, body, retries=False, headers=self.headers, **kw)
  File "/root/.cache/pypoetry/virtualenvs/cpdbv2-backend-VA82Wl8V-py3.7/lib/python3.7/site-packages/urllib3/connectionpool.py", line 727, in urlopen
    method, url, error=e, _pool=self, _stacktrace=sys.exc_info()[2]
  File "/root/.cache/pypoetry/virtualenvs/cpdbv2-backend-VA82Wl8V-py3.7/lib/python3.7/site-packages/urllib3/util/retry.py", line 386, in increment
    raise six.reraise(type(error), error, _stacktrace)
  File "/root/.cache/pypoetry/virtualenvs/cpdbv2-backend-VA82Wl8V-py3.7/lib/python3.7/site-packages/urllib3/packages/six.py", line 735, in reraise
    raise value
  File "/root/.cache/pypoetry/virtualenvs/cpdbv2-backend-VA82Wl8V-py3.7/lib/python3.7/site-packages/urllib3/connectionpool.py", line 677, in urlopen
    chunked=chunked,
  File "/root/.cache/pypoetry/virtualenvs/cpdbv2-backend-VA82Wl8V-py3.7/lib/python3.7/site-packages/urllib3/connectionpool.py", line 392, in _make_request
    conn.request(method, url, **httplib_request_kw)
  File "/usr/local/lib/python3.7/http/client.py", line 1281, in request
    self._send_request(method, url, body, headers, encode_chunked)
  File "/usr/local/lib/python3.7/http/client.py", line 1327, in _send_request
    self.endheaders(body, encode_chunked=encode_chunked)
  File "/usr/local/lib/python3.7/http/client.py", line 1276, in endheaders
    self._send_output(message_body, encode_chunked=encode_chunked)
  File "/usr/local/lib/python3.7/http/client.py", line 1036, in _send_output
    self.send(msg)
  File "/usr/local/lib/python3.7/http/client.py", line 976, in send
    self.connect()
  File "/root/.cache/pypoetry/virtualenvs/cpdbv2-backend-VA82Wl8V-py3.7/lib/python3.7/site-packages/urllib3/connection.py", line 187, in connect
    conn = self._new_conn()
  File "/root/.cache/pypoetry/virtualenvs/cpdbv2-backend-VA82Wl8V-py3.7/lib/python3.7/site-packages/urllib3/connection.py", line 172, in _new_conn
    self, "Failed to establish a new connection: %s" % e
urllib3.exceptions.NewConnectionError: <urllib3.connection.HTTPConnection object at 0x7ff068c0b610>: Failed to establish a new connection: [Errno -2] Name or service not known
elasticsearch: DEBUG: > None
urllib3.util.retry: DEBUG: Converted retries value: False -> Retry(total=False, connect=None, read=None, redirect=0, status=None)
urllib3.connectionpool: DEBUG: Starting new HTTP connection (403): elasticsearch:9200
elasticsearch: WARNING: DELETE http://elasticsearch:9200/test_autocompletes [status:N/A request:0.004s]
Traceback (most recent call last):
  File "/root/.cache/pypoetry/virtualenvs/cpdbv2-backend-VA82Wl8V-py3.7/lib/python3.7/site-packages/urllib3/connection.py", line 160, in _new_conn
    (self._dns_host, self.port), self.timeout, **extra_kw
  File "/root/.cache/pypoetry/virtualenvs/cpdbv2-backend-VA82Wl8V-py3.7/lib/python3.7/site-packages/urllib3/util/connection.py", line 61, in create_connection
    for res in socket.getaddrinfo(host, port, family, socket.SOCK_STREAM):
  File "/usr/local/lib/python3.7/socket.py", line 752, in getaddrinfo
    for res in _socket.getaddrinfo(host, port, family, type, proto, flags):
socket.gaierror: [Errno -2] Name or service not known

During handling of the above exception, another exception occurred:

Traceback (most recent call last):
  File "/root/.cache/pypoetry/virtualenvs/cpdbv2-backend-VA82Wl8V-py3.7/lib/python3.7/site-packages/elasticsearch/connection/http_urllib3.py", line 115, in perform_request
    response = self.pool.urlopen(method, url, body, retries=False, headers=self.headers, **kw)
  File "/root/.cache/pypoetry/virtualenvs/cpdbv2-backend-VA82Wl8V-py3.7/lib/python3.7/site-packages/urllib3/connectionpool.py", line 727, in urlopen
    method, url, error=e, _pool=self, _stacktrace=sys.exc_info()[2]
  File "/root/.cache/pypoetry/virtualenvs/cpdbv2-backend-VA82Wl8V-py3.7/lib/python3.7/site-packages/urllib3/util/retry.py", line 386, in increment
    raise six.reraise(type(error), error, _stacktrace)
  File "/root/.cache/pypoetry/virtualenvs/cpdbv2-backend-VA82Wl8V-py3.7/lib/python3.7/site-packages/urllib3/packages/six.py", line 735, in reraise
    raise value
  File "/root/.cache/pypoetry/virtualenvs/cpdbv2-backend-VA82Wl8V-py3.7/lib/python3.7/site-packages/urllib3/connectionpool.py", line 677, in urlopen
    chunked=chunked,
  File "/root/.cache/pypoetry/virtualenvs/cpdbv2-backend-VA82Wl8V-py3.7/lib/python3.7/site-packages/urllib3/connectionpool.py", line 392, in _make_request
    conn.request(method, url, **httplib_request_kw)
  File "/usr/local/lib/python3.7/http/client.py", line 1281, in request
    self._send_request(method, url, body, headers, encode_chunked)
  File "/usr/local/lib/python3.7/http/client.py", line 1327, in _send_request
    self.endheaders(body, encode_chunked=encode_chunked)
  File "/usr/local/lib/python3.7/http/client.py", line 1276, in endheaders
    self._send_output(message_body, encode_chunked=encode_chunked)
  File "/usr/local/lib/python3.7/http/client.py", line 1036, in _send_output
    self.send(msg)
  File "/usr/local/lib/python3.7/http/client.py", line 976, in send
    self.connect()
  File "/root/.cache/pypoetry/virtualenvs/cpdbv2-backend-VA82Wl8V-py3.7/lib/python3.7/site-packages/urllib3/connection.py", line 187, in connect
    conn = self._new_conn()
  File "/root/.cache/pypoetry/virtualenvs/cpdbv2-backend-VA82Wl8V-py3.7/lib/python3.7/site-packages/urllib3/connection.py", line 172, in _new_conn
    self, "Failed to establish a new connection: %s" % e
urllib3.exceptions.NewConnectionError: <urllib3.connection.HTTPConnection object at 0x7ff068c193d0>: Failed to establish a new connection: [Errno -2] Name or service not known
elasticsearch: DEBUG: > None
urllib3.util.retry: DEBUG: Converted retries value: False -> Retry(total=False, connect=None, read=None, redirect=0, status=None)
urllib3.connectionpool: DEBUG: Starting new HTTP connection (404): elasticsearch:9200
elasticsearch: WARNING: DELETE http://elasticsearch:9200/test_autocompletes [status:N/A request:0.005s]
Traceback (most recent call last):
  File "/root/.cache/pypoetry/virtualenvs/cpdbv2-backend-VA82Wl8V-py3.7/lib/python3.7/site-packages/urllib3/connection.py", line 160, in _new_conn
    (self._dns_host, self.port), self.timeout, **extra_kw
  File "/root/.cache/pypoetry/virtualenvs/cpdbv2-backend-VA82Wl8V-py3.7/lib/python3.7/site-packages/urllib3/util/connection.py", line 61, in create_connection
    for res in socket.getaddrinfo(host, port, family, socket.SOCK_STREAM):
  File "/usr/local/lib/python3.7/socket.py", line 752, in getaddrinfo
    for res in _socket.getaddrinfo(host, port, family, type, proto, flags):
socket.gaierror: [Errno -2] Name or service not known

During handling of the above exception, another exception occurred:

Traceback (most recent call last):
  File "/root/.cache/pypoetry/virtualenvs/cpdbv2-backend-VA82Wl8V-py3.7/lib/python3.7/site-packages/elasticsearch/connection/http_urllib3.py", line 115, in perform_request
    response = self.pool.urlopen(method, url, body, retries=False, headers=self.headers, **kw)
  File "/root/.cache/pypoetry/virtualenvs/cpdbv2-backend-VA82Wl8V-py3.7/lib/python3.7/site-packages/urllib3/connectionpool.py", line 727, in urlopen
    method, url, error=e, _pool=self, _stacktrace=sys.exc_info()[2]
  File "/root/.cache/pypoetry/virtualenvs/cpdbv2-backend-VA82Wl8V-py3.7/lib/python3.7/site-packages/urllib3/util/retry.py", line 386, in increment
    raise six.reraise(type(error), error, _stacktrace)
  File "/root/.cache/pypoetry/virtualenvs/cpdbv2-backend-VA82Wl8V-py3.7/lib/python3.7/site-packages/urllib3/packages/six.py", line 735, in reraise
    raise value
  File "/root/.cache/pypoetry/virtualenvs/cpdbv2-backend-VA82Wl8V-py3.7/lib/python3.7/site-packages/urllib3/connectionpool.py", line 677, in urlopen
    chunked=chunked,
  File "/root/.cache/pypoetry/virtualenvs/cpdbv2-backend-VA82Wl8V-py3.7/lib/python3.7/site-packages/urllib3/connectionpool.py", line 392, in _make_request
    conn.request(method, url, **httplib_request_kw)
  File "/usr/local/lib/python3.7/http/client.py", line 1281, in request
    self._send_request(method, url, body, headers, encode_chunked)
  File "/usr/local/lib/python3.7/http/client.py", line 1327, in _send_request
    self.endheaders(body, encode_chunked=encode_chunked)
  File "/usr/local/lib/python3.7/http/client.py", line 1276, in endheaders
    self._send_output(message_body, encode_chunked=encode_chunked)
  File "/usr/local/lib/python3.7/http/client.py", line 1036, in _send_output
    self.send(msg)
  File "/usr/local/lib/python3.7/http/client.py", line 976, in send
    self.connect()
  File "/root/.cache/pypoetry/virtualenvs/cpdbv2-backend-VA82Wl8V-py3.7/lib/python3.7/site-packages/urllib3/connection.py", line 187, in connect
    conn = self._new_conn()
  File "/root/.cache/pypoetry/virtualenvs/cpdbv2-backend-VA82Wl8V-py3.7/lib/python3.7/site-packages/urllib3/connection.py", line 172, in _new_conn
    self, "Failed to establish a new connection: %s" % e
urllib3.exceptions.NewConnectionError: <urllib3.connection.HTTPConnection object at 0x7ff068b76810>: Failed to establish a new connection: [Errno -2] Name or service not known
elasticsearch: DEBUG: > None
--------------------- >> end captured logging << ---------------------

======================================================================
ERROR: test_search_cr_by_attachment_text_content (search.tests.test_views.SearchV1ViewSetTestCase)
----------------------------------------------------------------------
Traceback (most recent call last):
  File "/usr/src/app/cpdb/search/tests/utils.py", line 12, in setUp
    autocompletes_alias.read_index.delete(ignore=404)
  File "/root/.cache/pypoetry/virtualenvs/cpdbv2-backend-VA82Wl8V-py3.7/lib/python3.7/site-packages/elasticsearch_dsl/index.py", line 222, in delete
    self.connection.indices.delete(index=self._name, **kwargs)
  File "/root/.cache/pypoetry/virtualenvs/cpdbv2-backend-VA82Wl8V-py3.7/lib/python3.7/site-packages/elasticsearch/client/utils.py", line 73, in _wrapped
    return func(*args, params=params, **kwargs)
  File "/root/.cache/pypoetry/virtualenvs/cpdbv2-backend-VA82Wl8V-py3.7/lib/python3.7/site-packages/elasticsearch/client/indices.py", line 200, in delete
    params=params)
  File "/root/.cache/pypoetry/virtualenvs/cpdbv2-backend-VA82Wl8V-py3.7/lib/python3.7/site-packages/elasticsearch/transport.py", line 312, in perform_request
    status, headers, data = connection.perform_request(method, url, params, body, ignore=ignore, timeout=timeout)
  File "/root/.cache/pypoetry/virtualenvs/cpdbv2-backend-VA82Wl8V-py3.7/lib/python3.7/site-packages/elasticsearch/connection/http_urllib3.py", line 124, in perform_request
    raise ConnectionError('N/A', str(e), e)
elasticsearch.exceptions.ConnectionError: ConnectionError(<urllib3.connection.HTTPConnection object at 0x7ff068c0b610>: Failed to establish a new connection: [Errno -2] Name or service not known) caused by: NewConnectionError(<urllib3.connection.HTTPConnection object at 0x7ff068c0b610>: Failed to establish a new connection: [Errno -2] Name or service not known)
-------------------- >> begin captured logging << --------------------
urllib3.util.retry: DEBUG: Converted retries value: False -> Retry(total=False, connect=None, read=None, redirect=0, status=None)
urllib3.connectionpool: DEBUG: Starting new HTTP connection (405): elasticsearch:9200
elasticsearch: WARNING: DELETE http://elasticsearch:9200/test_autocompletes [status:N/A request:0.004s]
Traceback (most recent call last):
  File "/root/.cache/pypoetry/virtualenvs/cpdbv2-backend-VA82Wl8V-py3.7/lib/python3.7/site-packages/urllib3/connection.py", line 160, in _new_conn
    (self._dns_host, self.port), self.timeout, **extra_kw
  File "/root/.cache/pypoetry/virtualenvs/cpdbv2-backend-VA82Wl8V-py3.7/lib/python3.7/site-packages/urllib3/util/connection.py", line 61, in create_connection
    for res in socket.getaddrinfo(host, port, family, socket.SOCK_STREAM):
  File "/usr/local/lib/python3.7/socket.py", line 752, in getaddrinfo
    for res in _socket.getaddrinfo(host, port, family, type, proto, flags):
socket.gaierror: [Errno -2] Name or service not known

During handling of the above exception, another exception occurred:

Traceback (most recent call last):
  File "/root/.cache/pypoetry/virtualenvs/cpdbv2-backend-VA82Wl8V-py3.7/lib/python3.7/site-packages/elasticsearch/connection/http_urllib3.py", line 115, in perform_request
    response = self.pool.urlopen(method, url, body, retries=False, headers=self.headers, **kw)
  File "/root/.cache/pypoetry/virtualenvs/cpdbv2-backend-VA82Wl8V-py3.7/lib/python3.7/site-packages/urllib3/connectionpool.py", line 727, in urlopen
    method, url, error=e, _pool=self, _stacktrace=sys.exc_info()[2]
  File "/root/.cache/pypoetry/virtualenvs/cpdbv2-backend-VA82Wl8V-py3.7/lib/python3.7/site-packages/urllib3/util/retry.py", line 386, in increment
    raise six.reraise(type(error), error, _stacktrace)
  File "/root/.cache/pypoetry/virtualenvs/cpdbv2-backend-VA82Wl8V-py3.7/lib/python3.7/site-packages/urllib3/packages/six.py", line 735, in reraise
    raise value
  File "/root/.cache/pypoetry/virtualenvs/cpdbv2-backend-VA82Wl8V-py3.7/lib/python3.7/site-packages/urllib3/connectionpool.py", line 677, in urlopen
    chunked=chunked,
  File "/root/.cache/pypoetry/virtualenvs/cpdbv2-backend-VA82Wl8V-py3.7/lib/python3.7/site-packages/urllib3/connectionpool.py", line 392, in _make_request
    conn.request(method, url, **httplib_request_kw)
  File "/usr/local/lib/python3.7/http/client.py", line 1281, in request
    self._send_request(method, url, body, headers, encode_chunked)
  File "/usr/local/lib/python3.7/http/client.py", line 1327, in _send_request
    self.endheaders(body, encode_chunked=encode_chunked)
  File "/usr/local/lib/python3.7/http/client.py", line 1276, in endheaders
    self._send_output(message_body, encode_chunked=encode_chunked)
  File "/usr/local/lib/python3.7/http/client.py", line 1036, in _send_output
    self.send(msg)
  File "/usr/local/lib/python3.7/http/client.py", line 976, in send
    self.connect()
  File "/root/.cache/pypoetry/virtualenvs/cpdbv2-backend-VA82Wl8V-py3.7/lib/python3.7/site-packages/urllib3/connection.py", line 187, in connect
    conn = self._new_conn()
  File "/root/.cache/pypoetry/virtualenvs/cpdbv2-backend-VA82Wl8V-py3.7/lib/python3.7/site-packages/urllib3/connection.py", line 172, in _new_conn
    self, "Failed to establish a new connection: %s" % e
urllib3.exceptions.NewConnectionError: <urllib3.connection.HTTPConnection object at 0x7ff068ba1150>: Failed to establish a new connection: [Errno -2] Name or service not known
elasticsearch: DEBUG: > None
urllib3.util.retry: DEBUG: Converted retries value: False -> Retry(total=False, connect=None, read=None, redirect=0, status=None)
urllib3.connectionpool: DEBUG: Starting new HTTP connection (406): elasticsearch:9200
elasticsearch: WARNING: DELETE http://elasticsearch:9200/test_autocompletes [status:N/A request:0.005s]
Traceback (most recent call last):
  File "/root/.cache/pypoetry/virtualenvs/cpdbv2-backend-VA82Wl8V-py3.7/lib/python3.7/site-packages/urllib3/connection.py", line 160, in _new_conn
    (self._dns_host, self.port), self.timeout, **extra_kw
  File "/root/.cache/pypoetry/virtualenvs/cpdbv2-backend-VA82Wl8V-py3.7/lib/python3.7/site-packages/urllib3/util/connection.py", line 61, in create_connection
    for res in socket.getaddrinfo(host, port, family, socket.SOCK_STREAM):
  File "/usr/local/lib/python3.7/socket.py", line 752, in getaddrinfo
    for res in _socket.getaddrinfo(host, port, family, type, proto, flags):
socket.gaierror: [Errno -2] Name or service not known

During handling of the above exception, another exception occurred:

Traceback (most recent call last):
  File "/root/.cache/pypoetry/virtualenvs/cpdbv2-backend-VA82Wl8V-py3.7/lib/python3.7/site-packages/elasticsearch/connection/http_urllib3.py", line 115, in perform_request
    response = self.pool.urlopen(method, url, body, retries=False, headers=self.headers, **kw)
  File "/root/.cache/pypoetry/virtualenvs/cpdbv2-backend-VA82Wl8V-py3.7/lib/python3.7/site-packages/urllib3/connectionpool.py", line 727, in urlopen
    method, url, error=e, _pool=self, _stacktrace=sys.exc_info()[2]
  File "/root/.cache/pypoetry/virtualenvs/cpdbv2-backend-VA82Wl8V-py3.7/lib/python3.7/site-packages/urllib3/util/retry.py", line 386, in increment
    raise six.reraise(type(error), error, _stacktrace)
  File "/root/.cache/pypoetry/virtualenvs/cpdbv2-backend-VA82Wl8V-py3.7/lib/python3.7/site-packages/urllib3/packages/six.py", line 735, in reraise
    raise value
  File "/root/.cache/pypoetry/virtualenvs/cpdbv2-backend-VA82Wl8V-py3.7/lib/python3.7/site-packages/urllib3/connectionpool.py", line 677, in urlopen
    chunked=chunked,
  File "/root/.cache/pypoetry/virtualenvs/cpdbv2-backend-VA82Wl8V-py3.7/lib/python3.7/site-packages/urllib3/connectionpool.py", line 392, in _make_request
    conn.request(method, url, **httplib_request_kw)
  File "/usr/local/lib/python3.7/http/client.py", line 1281, in request
    self._send_request(method, url, body, headers, encode_chunked)
  File "/usr/local/lib/python3.7/http/client.py", line 1327, in _send_request
    self.endheaders(body, encode_chunked=encode_chunked)
  File "/usr/local/lib/python3.7/http/client.py", line 1276, in endheaders
    self._send_output(message_body, encode_chunked=encode_chunked)
  File "/usr/local/lib/python3.7/http/client.py", line 1036, in _send_output
    self.send(msg)
  File "/usr/local/lib/python3.7/http/client.py", line 976, in send
    self.connect()
  File "/root/.cache/pypoetry/virtualenvs/cpdbv2-backend-VA82Wl8V-py3.7/lib/python3.7/site-packages/urllib3/connection.py", line 187, in connect
    conn = self._new_conn()
  File "/root/.cache/pypoetry/virtualenvs/cpdbv2-backend-VA82Wl8V-py3.7/lib/python3.7/site-packages/urllib3/connection.py", line 172, in _new_conn
    self, "Failed to establish a new connection: %s" % e
urllib3.exceptions.NewConnectionError: <urllib3.connection.HTTPConnection object at 0x7ff068ba1690>: Failed to establish a new connection: [Errno -2] Name or service not known
elasticsearch: DEBUG: > None
urllib3.util.retry: DEBUG: Converted retries value: False -> Retry(total=False, connect=None, read=None, redirect=0, status=None)
urllib3.connectionpool: DEBUG: Starting new HTTP connection (407): elasticsearch:9200
elasticsearch: WARNING: DELETE http://elasticsearch:9200/test_autocompletes [status:N/A request:0.005s]
Traceback (most recent call last):
  File "/root/.cache/pypoetry/virtualenvs/cpdbv2-backend-VA82Wl8V-py3.7/lib/python3.7/site-packages/urllib3/connection.py", line 160, in _new_conn
    (self._dns_host, self.port), self.timeout, **extra_kw
  File "/root/.cache/pypoetry/virtualenvs/cpdbv2-backend-VA82Wl8V-py3.7/lib/python3.7/site-packages/urllib3/util/connection.py", line 61, in create_connection
    for res in socket.getaddrinfo(host, port, family, socket.SOCK_STREAM):
  File "/usr/local/lib/python3.7/socket.py", line 752, in getaddrinfo
    for res in _socket.getaddrinfo(host, port, family, type, proto, flags):
socket.gaierror: [Errno -2] Name or service not known

During handling of the above exception, another exception occurred:

Traceback (most recent call last):
  File "/root/.cache/pypoetry/virtualenvs/cpdbv2-backend-VA82Wl8V-py3.7/lib/python3.7/site-packages/elasticsearch/connection/http_urllib3.py", line 115, in perform_request
    response = self.pool.urlopen(method, url, body, retries=False, headers=self.headers, **kw)
  File "/root/.cache/pypoetry/virtualenvs/cpdbv2-backend-VA82Wl8V-py3.7/lib/python3.7/site-packages/urllib3/connectionpool.py", line 727, in urlopen
    method, url, error=e, _pool=self, _stacktrace=sys.exc_info()[2]
  File "/root/.cache/pypoetry/virtualenvs/cpdbv2-backend-VA82Wl8V-py3.7/lib/python3.7/site-packages/urllib3/util/retry.py", line 386, in increment
    raise six.reraise(type(error), error, _stacktrace)
  File "/root/.cache/pypoetry/virtualenvs/cpdbv2-backend-VA82Wl8V-py3.7/lib/python3.7/site-packages/urllib3/packages/six.py", line 735, in reraise
    raise value
  File "/root/.cache/pypoetry/virtualenvs/cpdbv2-backend-VA82Wl8V-py3.7/lib/python3.7/site-packages/urllib3/connectionpool.py", line 677, in urlopen
    chunked=chunked,
  File "/root/.cache/pypoetry/virtualenvs/cpdbv2-backend-VA82Wl8V-py3.7/lib/python3.7/site-packages/urllib3/connectionpool.py", line 392, in _make_request
    conn.request(method, url, **httplib_request_kw)
  File "/usr/local/lib/python3.7/http/client.py", line 1281, in request
    self._send_request(method, url, body, headers, encode_chunked)
  File "/usr/local/lib/python3.7/http/client.py", line 1327, in _send_request
    self.endheaders(body, encode_chunked=encode_chunked)
  File "/usr/local/lib/python3.7/http/client.py", line 1276, in endheaders
    self._send_output(message_body, encode_chunked=encode_chunked)
  File "/usr/local/lib/python3.7/http/client.py", line 1036, in _send_output
    self.send(msg)
  File "/usr/local/lib/python3.7/http/client.py", line 976, in send
    self.connect()
  File "/root/.cache/pypoetry/virtualenvs/cpdbv2-backend-VA82Wl8V-py3.7/lib/python3.7/site-packages/urllib3/connection.py", line 187, in connect
    conn = self._new_conn()
  File "/root/.cache/pypoetry/virtualenvs/cpdbv2-backend-VA82Wl8V-py3.7/lib/python3.7/site-packages/urllib3/connection.py", line 172, in _new_conn
    self, "Failed to establish a new connection: %s" % e
urllib3.exceptions.NewConnectionError: <urllib3.connection.HTTPConnection object at 0x7ff068c19690>: Failed to establish a new connection: [Errno -2] Name or service not known
elasticsearch: DEBUG: > None
urllib3.util.retry: DEBUG: Converted retries value: False -> Retry(total=False, connect=None, read=None, redirect=0, status=None)
urllib3.connectionpool: DEBUG: Starting new HTTP connection (408): elasticsearch:9200
elasticsearch: WARNING: DELETE http://elasticsearch:9200/test_autocompletes [status:N/A request:0.004s]
Traceback (most recent call last):
  File "/root/.cache/pypoetry/virtualenvs/cpdbv2-backend-VA82Wl8V-py3.7/lib/python3.7/site-packages/urllib3/connection.py", line 160, in _new_conn
    (self._dns_host, self.port), self.timeout, **extra_kw
  File "/root/.cache/pypoetry/virtualenvs/cpdbv2-backend-VA82Wl8V-py3.7/lib/python3.7/site-packages/urllib3/util/connection.py", line 61, in create_connection
    for res in socket.getaddrinfo(host, port, family, socket.SOCK_STREAM):
  File "/usr/local/lib/python3.7/socket.py", line 752, in getaddrinfo
    for res in _socket.getaddrinfo(host, port, family, type, proto, flags):
socket.gaierror: [Errno -2] Name or service not known

During handling of the above exception, another exception occurred:

Traceback (most recent call last):
  File "/root/.cache/pypoetry/virtualenvs/cpdbv2-backend-VA82Wl8V-py3.7/lib/python3.7/site-packages/elasticsearch/connection/http_urllib3.py", line 115, in perform_request
    response = self.pool.urlopen(method, url, body, retries=False, headers=self.headers, **kw)
  File "/root/.cache/pypoetry/virtualenvs/cpdbv2-backend-VA82Wl8V-py3.7/lib/python3.7/site-packages/urllib3/connectionpool.py", line 727, in urlopen
    method, url, error=e, _pool=self, _stacktrace=sys.exc_info()[2]
  File "/root/.cache/pypoetry/virtualenvs/cpdbv2-backend-VA82Wl8V-py3.7/lib/python3.7/site-packages/urllib3/util/retry.py", line 386, in increment
    raise six.reraise(type(error), error, _stacktrace)
  File "/root/.cache/pypoetry/virtualenvs/cpdbv2-backend-VA82Wl8V-py3.7/lib/python3.7/site-packages/urllib3/packages/six.py", line 735, in reraise
    raise value
  File "/root/.cache/pypoetry/virtualenvs/cpdbv2-backend-VA82Wl8V-py3.7/lib/python3.7/site-packages/urllib3/connectionpool.py", line 677, in urlopen
    chunked=chunked,
  File "/root/.cache/pypoetry/virtualenvs/cpdbv2-backend-VA82Wl8V-py3.7/lib/python3.7/site-packages/urllib3/connectionpool.py", line 392, in _make_request
    conn.request(method, url, **httplib_request_kw)
  File "/usr/local/lib/python3.7/http/client.py", line 1281, in request
    self._send_request(method, url, body, headers, encode_chunked)
  File "/usr/local/lib/python3.7/http/client.py", line 1327, in _send_request
    self.endheaders(body, encode_chunked=encode_chunked)
  File "/usr/local/lib/python3.7/http/client.py", line 1276, in endheaders
    self._send_output(message_body, encode_chunked=encode_chunked)
  File "/usr/local/lib/python3.7/http/client.py", line 1036, in _send_output
    self.send(msg)
  File "/usr/local/lib/python3.7/http/client.py", line 976, in send
    self.connect()
  File "/root/.cache/pypoetry/virtualenvs/cpdbv2-backend-VA82Wl8V-py3.7/lib/python3.7/site-packages/urllib3/connection.py", line 187, in connect
    conn = self._new_conn()
  File "/root/.cache/pypoetry/virtualenvs/cpdbv2-backend-VA82Wl8V-py3.7/lib/python3.7/site-packages/urllib3/connection.py", line 172, in _new_conn
    self, "Failed to establish a new connection: %s" % e
urllib3.exceptions.NewConnectionError: <urllib3.connection.HTTPConnection object at 0x7ff068c0b610>: Failed to establish a new connection: [Errno -2] Name or service not known
elasticsearch: DEBUG: > None
--------------------- >> end captured logging << ---------------------

======================================================================
ERROR: test_search_cr_result (search.tests.test_views.SearchV1ViewSetTestCase)
----------------------------------------------------------------------
Traceback (most recent call last):
  File "/usr/src/app/cpdb/search/tests/utils.py", line 12, in setUp
    autocompletes_alias.read_index.delete(ignore=404)
  File "/root/.cache/pypoetry/virtualenvs/cpdbv2-backend-VA82Wl8V-py3.7/lib/python3.7/site-packages/elasticsearch_dsl/index.py", line 222, in delete
    self.connection.indices.delete(index=self._name, **kwargs)
  File "/root/.cache/pypoetry/virtualenvs/cpdbv2-backend-VA82Wl8V-py3.7/lib/python3.7/site-packages/elasticsearch/client/utils.py", line 73, in _wrapped
    return func(*args, params=params, **kwargs)
  File "/root/.cache/pypoetry/virtualenvs/cpdbv2-backend-VA82Wl8V-py3.7/lib/python3.7/site-packages/elasticsearch/client/indices.py", line 200, in delete
    params=params)
  File "/root/.cache/pypoetry/virtualenvs/cpdbv2-backend-VA82Wl8V-py3.7/lib/python3.7/site-packages/elasticsearch/transport.py", line 312, in perform_request
    status, headers, data = connection.perform_request(method, url, params, body, ignore=ignore, timeout=timeout)
  File "/root/.cache/pypoetry/virtualenvs/cpdbv2-backend-VA82Wl8V-py3.7/lib/python3.7/site-packages/elasticsearch/connection/http_urllib3.py", line 124, in perform_request
    raise ConnectionError('N/A', str(e), e)
elasticsearch.exceptions.ConnectionError: ConnectionError(<urllib3.connection.HTTPConnection object at 0x7ff068b76ad0>: Failed to establish a new connection: [Errno -2] Name or service not known) caused by: NewConnectionError(<urllib3.connection.HTTPConnection object at 0x7ff068b76ad0>: Failed to establish a new connection: [Errno -2] Name or service not known)
-------------------- >> begin captured logging << --------------------
urllib3.util.retry: DEBUG: Converted retries value: False -> Retry(total=False, connect=None, read=None, redirect=0, status=None)
urllib3.connectionpool: DEBUG: Starting new HTTP connection (409): elasticsearch:9200
elasticsearch: WARNING: DELETE http://elasticsearch:9200/test_autocompletes [status:N/A request:0.004s]
Traceback (most recent call last):
  File "/root/.cache/pypoetry/virtualenvs/cpdbv2-backend-VA82Wl8V-py3.7/lib/python3.7/site-packages/urllib3/connection.py", line 160, in _new_conn
    (self._dns_host, self.port), self.timeout, **extra_kw
  File "/root/.cache/pypoetry/virtualenvs/cpdbv2-backend-VA82Wl8V-py3.7/lib/python3.7/site-packages/urllib3/util/connection.py", line 61, in create_connection
    for res in socket.getaddrinfo(host, port, family, socket.SOCK_STREAM):
  File "/usr/local/lib/python3.7/socket.py", line 752, in getaddrinfo
    for res in _socket.getaddrinfo(host, port, family, type, proto, flags):
socket.gaierror: [Errno -2] Name or service not known

During handling of the above exception, another exception occurred:

Traceback (most recent call last):
  File "/root/.cache/pypoetry/virtualenvs/cpdbv2-backend-VA82Wl8V-py3.7/lib/python3.7/site-packages/elasticsearch/connection/http_urllib3.py", line 115, in perform_request
    response = self.pool.urlopen(method, url, body, retries=False, headers=self.headers, **kw)
  File "/root/.cache/pypoetry/virtualenvs/cpdbv2-backend-VA82Wl8V-py3.7/lib/python3.7/site-packages/urllib3/connectionpool.py", line 727, in urlopen
    method, url, error=e, _pool=self, _stacktrace=sys.exc_info()[2]
  File "/root/.cache/pypoetry/virtualenvs/cpdbv2-backend-VA82Wl8V-py3.7/lib/python3.7/site-packages/urllib3/util/retry.py", line 386, in increment
    raise six.reraise(type(error), error, _stacktrace)
  File "/root/.cache/pypoetry/virtualenvs/cpdbv2-backend-VA82Wl8V-py3.7/lib/python3.7/site-packages/urllib3/packages/six.py", line 735, in reraise
    raise value
  File "/root/.cache/pypoetry/virtualenvs/cpdbv2-backend-VA82Wl8V-py3.7/lib/python3.7/site-packages/urllib3/connectionpool.py", line 677, in urlopen
    chunked=chunked,
  File "/root/.cache/pypoetry/virtualenvs/cpdbv2-backend-VA82Wl8V-py3.7/lib/python3.7/site-packages/urllib3/connectionpool.py", line 392, in _make_request
    conn.request(method, url, **httplib_request_kw)
  File "/usr/local/lib/python3.7/http/client.py", line 1281, in request
    self._send_request(method, url, body, headers, encode_chunked)
  File "/usr/local/lib/python3.7/http/client.py", line 1327, in _send_request
    self.endheaders(body, encode_chunked=encode_chunked)
  File "/usr/local/lib/python3.7/http/client.py", line 1276, in endheaders
    self._send_output(message_body, encode_chunked=encode_chunked)
  File "/usr/local/lib/python3.7/http/client.py", line 1036, in _send_output
    self.send(msg)
  File "/usr/local/lib/python3.7/http/client.py", line 976, in send
    self.connect()
  File "/root/.cache/pypoetry/virtualenvs/cpdbv2-backend-VA82Wl8V-py3.7/lib/python3.7/site-packages/urllib3/connection.py", line 187, in connect
    conn = self._new_conn()
  File "/root/.cache/pypoetry/virtualenvs/cpdbv2-backend-VA82Wl8V-py3.7/lib/python3.7/site-packages/urllib3/connection.py", line 172, in _new_conn
    self, "Failed to establish a new connection: %s" % e
urllib3.exceptions.NewConnectionError: <urllib3.connection.HTTPConnection object at 0x7ff068c7b950>: Failed to establish a new connection: [Errno -2] Name or service not known
elasticsearch: DEBUG: > None
urllib3.util.retry: DEBUG: Converted retries value: False -> Retry(total=False, connect=None, read=None, redirect=0, status=None)
urllib3.connectionpool: DEBUG: Starting new HTTP connection (410): elasticsearch:9200
elasticsearch: WARNING: DELETE http://elasticsearch:9200/test_autocompletes [status:N/A request:0.005s]
Traceback (most recent call last):
  File "/root/.cache/pypoetry/virtualenvs/cpdbv2-backend-VA82Wl8V-py3.7/lib/python3.7/site-packages/urllib3/connection.py", line 160, in _new_conn
    (self._dns_host, self.port), self.timeout, **extra_kw
  File "/root/.cache/pypoetry/virtualenvs/cpdbv2-backend-VA82Wl8V-py3.7/lib/python3.7/site-packages/urllib3/util/connection.py", line 61, in create_connection
    for res in socket.getaddrinfo(host, port, family, socket.SOCK_STREAM):
  File "/usr/local/lib/python3.7/socket.py", line 752, in getaddrinfo
    for res in _socket.getaddrinfo(host, port, family, type, proto, flags):
socket.gaierror: [Errno -2] Name or service not known

During handling of the above exception, another exception occurred:

Traceback (most recent call last):
  File "/root/.cache/pypoetry/virtualenvs/cpdbv2-backend-VA82Wl8V-py3.7/lib/python3.7/site-packages/elasticsearch/connection/http_urllib3.py", line 115, in perform_request
    response = self.pool.urlopen(method, url, body, retries=False, headers=self.headers, **kw)
  File "/root/.cache/pypoetry/virtualenvs/cpdbv2-backend-VA82Wl8V-py3.7/lib/python3.7/site-packages/urllib3/connectionpool.py", line 727, in urlopen
    method, url, error=e, _pool=self, _stacktrace=sys.exc_info()[2]
  File "/root/.cache/pypoetry/virtualenvs/cpdbv2-backend-VA82Wl8V-py3.7/lib/python3.7/site-packages/urllib3/util/retry.py", line 386, in increment
    raise six.reraise(type(error), error, _stacktrace)
  File "/root/.cache/pypoetry/virtualenvs/cpdbv2-backend-VA82Wl8V-py3.7/lib/python3.7/site-packages/urllib3/packages/six.py", line 735, in reraise
    raise value
  File "/root/.cache/pypoetry/virtualenvs/cpdbv2-backend-VA82Wl8V-py3.7/lib/python3.7/site-packages/urllib3/connectionpool.py", line 677, in urlopen
    chunked=chunked,
  File "/root/.cache/pypoetry/virtualenvs/cpdbv2-backend-VA82Wl8V-py3.7/lib/python3.7/site-packages/urllib3/connectionpool.py", line 392, in _make_request
    conn.request(method, url, **httplib_request_kw)
  File "/usr/local/lib/python3.7/http/client.py", line 1281, in request
    self._send_request(method, url, body, headers, encode_chunked)
  File "/usr/local/lib/python3.7/http/client.py", line 1327, in _send_request
    self.endheaders(body, encode_chunked=encode_chunked)
  File "/usr/local/lib/python3.7/http/client.py", line 1276, in endheaders
    self._send_output(message_body, encode_chunked=encode_chunked)
  File "/usr/local/lib/python3.7/http/client.py", line 1036, in _send_output
    self.send(msg)
  File "/usr/local/lib/python3.7/http/client.py", line 976, in send
    self.connect()
  File "/root/.cache/pypoetry/virtualenvs/cpdbv2-backend-VA82Wl8V-py3.7/lib/python3.7/site-packages/urllib3/connection.py", line 187, in connect
    conn = self._new_conn()
  File "/root/.cache/pypoetry/virtualenvs/cpdbv2-backend-VA82Wl8V-py3.7/lib/python3.7/site-packages/urllib3/connection.py", line 172, in _new_conn
    self, "Failed to establish a new connection: %s" % e
urllib3.exceptions.NewConnectionError: <urllib3.connection.HTTPConnection object at 0x7ff068bea150>: Failed to establish a new connection: [Errno -2] Name or service not known
elasticsearch: DEBUG: > None
urllib3.util.retry: DEBUG: Converted retries value: False -> Retry(total=False, connect=None, read=None, redirect=0, status=None)
urllib3.connectionpool: DEBUG: Starting new HTTP connection (411): elasticsearch:9200
elasticsearch: WARNING: DELETE http://elasticsearch:9200/test_autocompletes [status:N/A request:0.004s]
Traceback (most recent call last):
  File "/root/.cache/pypoetry/virtualenvs/cpdbv2-backend-VA82Wl8V-py3.7/lib/python3.7/site-packages/urllib3/connection.py", line 160, in _new_conn
    (self._dns_host, self.port), self.timeout, **extra_kw
  File "/root/.cache/pypoetry/virtualenvs/cpdbv2-backend-VA82Wl8V-py3.7/lib/python3.7/site-packages/urllib3/util/connection.py", line 61, in create_connection
    for res in socket.getaddrinfo(host, port, family, socket.SOCK_STREAM):
  File "/usr/local/lib/python3.7/socket.py", line 752, in getaddrinfo
    for res in _socket.getaddrinfo(host, port, family, type, proto, flags):
socket.gaierror: [Errno -2] Name or service not known

During handling of the above exception, another exception occurred:

Traceback (most recent call last):
  File "/root/.cache/pypoetry/virtualenvs/cpdbv2-backend-VA82Wl8V-py3.7/lib/python3.7/site-packages/elasticsearch/connection/http_urllib3.py", line 115, in perform_request
    response = self.pool.urlopen(method, url, body, retries=False, headers=self.headers, **kw)
  File "/root/.cache/pypoetry/virtualenvs/cpdbv2-backend-VA82Wl8V-py3.7/lib/python3.7/site-packages/urllib3/connectionpool.py", line 727, in urlopen
    method, url, error=e, _pool=self, _stacktrace=sys.exc_info()[2]
  File "/root/.cache/pypoetry/virtualenvs/cpdbv2-backend-VA82Wl8V-py3.7/lib/python3.7/site-packages/urllib3/util/retry.py", line 386, in increment
    raise six.reraise(type(error), error, _stacktrace)
  File "/root/.cache/pypoetry/virtualenvs/cpdbv2-backend-VA82Wl8V-py3.7/lib/python3.7/site-packages/urllib3/packages/six.py", line 735, in reraise
    raise value
  File "/root/.cache/pypoetry/virtualenvs/cpdbv2-backend-VA82Wl8V-py3.7/lib/python3.7/site-packages/urllib3/connectionpool.py", line 677, in urlopen
    chunked=chunked,
  File "/root/.cache/pypoetry/virtualenvs/cpdbv2-backend-VA82Wl8V-py3.7/lib/python3.7/site-packages/urllib3/connectionpool.py", line 392, in _make_request
    conn.request(method, url, **httplib_request_kw)
  File "/usr/local/lib/python3.7/http/client.py", line 1281, in request
    self._send_request(method, url, body, headers, encode_chunked)
  File "/usr/local/lib/python3.7/http/client.py", line 1327, in _send_request
    self.endheaders(body, encode_chunked=encode_chunked)
  File "/usr/local/lib/python3.7/http/client.py", line 1276, in endheaders
    self._send_output(message_body, encode_chunked=encode_chunked)
  File "/usr/local/lib/python3.7/http/client.py", line 1036, in _send_output
    self.send(msg)
  File "/usr/local/lib/python3.7/http/client.py", line 976, in send
    self.connect()
  File "/root/.cache/pypoetry/virtualenvs/cpdbv2-backend-VA82Wl8V-py3.7/lib/python3.7/site-packages/urllib3/connection.py", line 187, in connect
    conn = self._new_conn()
  File "/root/.cache/pypoetry/virtualenvs/cpdbv2-backend-VA82Wl8V-py3.7/lib/python3.7/site-packages/urllib3/connection.py", line 172, in _new_conn
    self, "Failed to establish a new connection: %s" % e
urllib3.exceptions.NewConnectionError: <urllib3.connection.HTTPConnection object at 0x7ff068bc8410>: Failed to establish a new connection: [Errno -2] Name or service not known
elasticsearch: DEBUG: > None
urllib3.util.retry: DEBUG: Converted retries value: False -> Retry(total=False, connect=None, read=None, redirect=0, status=None)
urllib3.connectionpool: DEBUG: Starting new HTTP connection (412): elasticsearch:9200
elasticsearch: WARNING: DELETE http://elasticsearch:9200/test_autocompletes [status:N/A request:0.004s]
Traceback (most recent call last):
  File "/root/.cache/pypoetry/virtualenvs/cpdbv2-backend-VA82Wl8V-py3.7/lib/python3.7/site-packages/urllib3/connection.py", line 160, in _new_conn
    (self._dns_host, self.port), self.timeout, **extra_kw
  File "/root/.cache/pypoetry/virtualenvs/cpdbv2-backend-VA82Wl8V-py3.7/lib/python3.7/site-packages/urllib3/util/connection.py", line 61, in create_connection
    for res in socket.getaddrinfo(host, port, family, socket.SOCK_STREAM):
  File "/usr/local/lib/python3.7/socket.py", line 752, in getaddrinfo
    for res in _socket.getaddrinfo(host, port, family, type, proto, flags):
socket.gaierror: [Errno -2] Name or service not known

During handling of the above exception, another exception occurred:

Traceback (most recent call last):
  File "/root/.cache/pypoetry/virtualenvs/cpdbv2-backend-VA82Wl8V-py3.7/lib/python3.7/site-packages/elasticsearch/connection/http_urllib3.py", line 115, in perform_request
    response = self.pool.urlopen(method, url, body, retries=False, headers=self.headers, **kw)
  File "/root/.cache/pypoetry/virtualenvs/cpdbv2-backend-VA82Wl8V-py3.7/lib/python3.7/site-packages/urllib3/connectionpool.py", line 727, in urlopen
    method, url, error=e, _pool=self, _stacktrace=sys.exc_info()[2]
  File "/root/.cache/pypoetry/virtualenvs/cpdbv2-backend-VA82Wl8V-py3.7/lib/python3.7/site-packages/urllib3/util/retry.py", line 386, in increment
    raise six.reraise(type(error), error, _stacktrace)
  File "/root/.cache/pypoetry/virtualenvs/cpdbv2-backend-VA82Wl8V-py3.7/lib/python3.7/site-packages/urllib3/packages/six.py", line 735, in reraise
    raise value
  File "/root/.cache/pypoetry/virtualenvs/cpdbv2-backend-VA82Wl8V-py3.7/lib/python3.7/site-packages/urllib3/connectionpool.py", line 677, in urlopen
    chunked=chunked,
  File "/root/.cache/pypoetry/virtualenvs/cpdbv2-backend-VA82Wl8V-py3.7/lib/python3.7/site-packages/urllib3/connectionpool.py", line 392, in _make_request
    conn.request(method, url, **httplib_request_kw)
  File "/usr/local/lib/python3.7/http/client.py", line 1281, in request
    self._send_request(method, url, body, headers, encode_chunked)
  File "/usr/local/lib/python3.7/http/client.py", line 1327, in _send_request
    self.endheaders(body, encode_chunked=encode_chunked)
  File "/usr/local/lib/python3.7/http/client.py", line 1276, in endheaders
    self._send_output(message_body, encode_chunked=encode_chunked)
  File "/usr/local/lib/python3.7/http/client.py", line 1036, in _send_output
    self.send(msg)
  File "/usr/local/lib/python3.7/http/client.py", line 976, in send
    self.connect()
  File "/root/.cache/pypoetry/virtualenvs/cpdbv2-backend-VA82Wl8V-py3.7/lib/python3.7/site-packages/urllib3/connection.py", line 187, in connect
    conn = self._new_conn()
  File "/root/.cache/pypoetry/virtualenvs/cpdbv2-backend-VA82Wl8V-py3.7/lib/python3.7/site-packages/urllib3/connection.py", line 172, in _new_conn
    self, "Failed to establish a new connection: %s" % e
urllib3.exceptions.NewConnectionError: <urllib3.connection.HTTPConnection object at 0x7ff068b76ad0>: Failed to establish a new connection: [Errno -2] Name or service not known
elasticsearch: DEBUG: > None
--------------------- >> end captured logging << ---------------------

======================================================================
ERROR: test_search_date_cr_result (search.tests.test_views.SearchV1ViewSetTestCase)
----------------------------------------------------------------------
Traceback (most recent call last):
  File "/usr/src/app/cpdb/search/tests/utils.py", line 12, in setUp
    autocompletes_alias.read_index.delete(ignore=404)
  File "/root/.cache/pypoetry/virtualenvs/cpdbv2-backend-VA82Wl8V-py3.7/lib/python3.7/site-packages/elasticsearch_dsl/index.py", line 222, in delete
    self.connection.indices.delete(index=self._name, **kwargs)
  File "/root/.cache/pypoetry/virtualenvs/cpdbv2-backend-VA82Wl8V-py3.7/lib/python3.7/site-packages/elasticsearch/client/utils.py", line 73, in _wrapped
    return func(*args, params=params, **kwargs)
  File "/root/.cache/pypoetry/virtualenvs/cpdbv2-backend-VA82Wl8V-py3.7/lib/python3.7/site-packages/elasticsearch/client/indices.py", line 200, in delete
    params=params)
  File "/root/.cache/pypoetry/virtualenvs/cpdbv2-backend-VA82Wl8V-py3.7/lib/python3.7/site-packages/elasticsearch/transport.py", line 312, in perform_request
    status, headers, data = connection.perform_request(method, url, params, body, ignore=ignore, timeout=timeout)
  File "/root/.cache/pypoetry/virtualenvs/cpdbv2-backend-VA82Wl8V-py3.7/lib/python3.7/site-packages/elasticsearch/connection/http_urllib3.py", line 124, in perform_request
    raise ConnectionError('N/A', str(e), e)
elasticsearch.exceptions.ConnectionError: ConnectionError(<urllib3.connection.HTTPConnection object at 0x7ff068b83b50>: Failed to establish a new connection: [Errno -2] Name or service not known) caused by: NewConnectionError(<urllib3.connection.HTTPConnection object at 0x7ff068b83b50>: Failed to establish a new connection: [Errno -2] Name or service not known)
-------------------- >> begin captured logging << --------------------
urllib3.util.retry: DEBUG: Converted retries value: False -> Retry(total=False, connect=None, read=None, redirect=0, status=None)
urllib3.connectionpool: DEBUG: Starting new HTTP connection (413): elasticsearch:9200
elasticsearch: WARNING: DELETE http://elasticsearch:9200/test_autocompletes [status:N/A request:0.005s]
Traceback (most recent call last):
  File "/root/.cache/pypoetry/virtualenvs/cpdbv2-backend-VA82Wl8V-py3.7/lib/python3.7/site-packages/urllib3/connection.py", line 160, in _new_conn
    (self._dns_host, self.port), self.timeout, **extra_kw
  File "/root/.cache/pypoetry/virtualenvs/cpdbv2-backend-VA82Wl8V-py3.7/lib/python3.7/site-packages/urllib3/util/connection.py", line 61, in create_connection
    for res in socket.getaddrinfo(host, port, family, socket.SOCK_STREAM):
  File "/usr/local/lib/python3.7/socket.py", line 752, in getaddrinfo
    for res in _socket.getaddrinfo(host, port, family, type, proto, flags):
socket.gaierror: [Errno -2] Name or service not known

During handling of the above exception, another exception occurred:

Traceback (most recent call last):
  File "/root/.cache/pypoetry/virtualenvs/cpdbv2-backend-VA82Wl8V-py3.7/lib/python3.7/site-packages/elasticsearch/connection/http_urllib3.py", line 115, in perform_request
    response = self.pool.urlopen(method, url, body, retries=False, headers=self.headers, **kw)
  File "/root/.cache/pypoetry/virtualenvs/cpdbv2-backend-VA82Wl8V-py3.7/lib/python3.7/site-packages/urllib3/connectionpool.py", line 727, in urlopen
    method, url, error=e, _pool=self, _stacktrace=sys.exc_info()[2]
  File "/root/.cache/pypoetry/virtualenvs/cpdbv2-backend-VA82Wl8V-py3.7/lib/python3.7/site-packages/urllib3/util/retry.py", line 386, in increment
    raise six.reraise(type(error), error, _stacktrace)
  File "/root/.cache/pypoetry/virtualenvs/cpdbv2-backend-VA82Wl8V-py3.7/lib/python3.7/site-packages/urllib3/packages/six.py", line 735, in reraise
    raise value
  File "/root/.cache/pypoetry/virtualenvs/cpdbv2-backend-VA82Wl8V-py3.7/lib/python3.7/site-packages/urllib3/connectionpool.py", line 677, in urlopen
    chunked=chunked,
  File "/root/.cache/pypoetry/virtualenvs/cpdbv2-backend-VA82Wl8V-py3.7/lib/python3.7/site-packages/urllib3/connectionpool.py", line 392, in _make_request
    conn.request(method, url, **httplib_request_kw)
  File "/usr/local/lib/python3.7/http/client.py", line 1281, in request
    self._send_request(method, url, body, headers, encode_chunked)
  File "/usr/local/lib/python3.7/http/client.py", line 1327, in _send_request
    self.endheaders(body, encode_chunked=encode_chunked)
  File "/usr/local/lib/python3.7/http/client.py", line 1276, in endheaders
    self._send_output(message_body, encode_chunked=encode_chunked)
  File "/usr/local/lib/python3.7/http/client.py", line 1036, in _send_output
    self.send(msg)
  File "/usr/local/lib/python3.7/http/client.py", line 976, in send
    self.connect()
  File "/root/.cache/pypoetry/virtualenvs/cpdbv2-backend-VA82Wl8V-py3.7/lib/python3.7/site-packages/urllib3/connection.py", line 187, in connect
    conn = self._new_conn()
  File "/root/.cache/pypoetry/virtualenvs/cpdbv2-backend-VA82Wl8V-py3.7/lib/python3.7/site-packages/urllib3/connection.py", line 172, in _new_conn
    self, "Failed to establish a new connection: %s" % e
urllib3.exceptions.NewConnectionError: <urllib3.connection.HTTPConnection object at 0x7ff068b83490>: Failed to establish a new connection: [Errno -2] Name or service not known
elasticsearch: DEBUG: > None
urllib3.util.retry: DEBUG: Converted retries value: False -> Retry(total=False, connect=None, read=None, redirect=0, status=None)
urllib3.connectionpool: DEBUG: Starting new HTTP connection (414): elasticsearch:9200
elasticsearch: WARNING: DELETE http://elasticsearch:9200/test_autocompletes [status:N/A request:0.003s]
Traceback (most recent call last):
  File "/root/.cache/pypoetry/virtualenvs/cpdbv2-backend-VA82Wl8V-py3.7/lib/python3.7/site-packages/urllib3/connection.py", line 160, in _new_conn
    (self._dns_host, self.port), self.timeout, **extra_kw
  File "/root/.cache/pypoetry/virtualenvs/cpdbv2-backend-VA82Wl8V-py3.7/lib/python3.7/site-packages/urllib3/util/connection.py", line 61, in create_connection
    for res in socket.getaddrinfo(host, port, family, socket.SOCK_STREAM):
  File "/usr/local/lib/python3.7/socket.py", line 752, in getaddrinfo
    for res in _socket.getaddrinfo(host, port, family, type, proto, flags):
socket.gaierror: [Errno -2] Name or service not known

During handling of the above exception, another exception occurred:

Traceback (most recent call last):
  File "/root/.cache/pypoetry/virtualenvs/cpdbv2-backend-VA82Wl8V-py3.7/lib/python3.7/site-packages/elasticsearch/connection/http_urllib3.py", line 115, in perform_request
    response = self.pool.urlopen(method, url, body, retries=False, headers=self.headers, **kw)
  File "/root/.cache/pypoetry/virtualenvs/cpdbv2-backend-VA82Wl8V-py3.7/lib/python3.7/site-packages/urllib3/connectionpool.py", line 727, in urlopen
    method, url, error=e, _pool=self, _stacktrace=sys.exc_info()[2]
  File "/root/.cache/pypoetry/virtualenvs/cpdbv2-backend-VA82Wl8V-py3.7/lib/python3.7/site-packages/urllib3/util/retry.py", line 386, in increment
    raise six.reraise(type(error), error, _stacktrace)
  File "/root/.cache/pypoetry/virtualenvs/cpdbv2-backend-VA82Wl8V-py3.7/lib/python3.7/site-packages/urllib3/packages/six.py", line 735, in reraise
    raise value
  File "/root/.cache/pypoetry/virtualenvs/cpdbv2-backend-VA82Wl8V-py3.7/lib/python3.7/site-packages/urllib3/connectionpool.py", line 677, in urlopen
    chunked=chunked,
  File "/root/.cache/pypoetry/virtualenvs/cpdbv2-backend-VA82Wl8V-py3.7/lib/python3.7/site-packages/urllib3/connectionpool.py", line 392, in _make_request
    conn.request(method, url, **httplib_request_kw)
  File "/usr/local/lib/python3.7/http/client.py", line 1281, in request
    self._send_request(method, url, body, headers, encode_chunked)
  File "/usr/local/lib/python3.7/http/client.py", line 1327, in _send_request
    self.endheaders(body, encode_chunked=encode_chunked)
  File "/usr/local/lib/python3.7/http/client.py", line 1276, in endheaders
    self._send_output(message_body, encode_chunked=encode_chunked)
  File "/usr/local/lib/python3.7/http/client.py", line 1036, in _send_output
    self.send(msg)
  File "/usr/local/lib/python3.7/http/client.py", line 976, in send
    self.connect()
  File "/root/.cache/pypoetry/virtualenvs/cpdbv2-backend-VA82Wl8V-py3.7/lib/python3.7/site-packages/urllib3/connection.py", line 187, in connect
    conn = self._new_conn()
  File "/root/.cache/pypoetry/virtualenvs/cpdbv2-backend-VA82Wl8V-py3.7/lib/python3.7/site-packages/urllib3/connection.py", line 172, in _new_conn
    self, "Failed to establish a new connection: %s" % e
urllib3.exceptions.NewConnectionError: <urllib3.connection.HTTPConnection object at 0x7ff068b831d0>: Failed to establish a new connection: [Errno -2] Name or service not known
elasticsearch: DEBUG: > None
urllib3.util.retry: DEBUG: Converted retries value: False -> Retry(total=False, connect=None, read=None, redirect=0, status=None)
urllib3.connectionpool: DEBUG: Starting new HTTP connection (415): elasticsearch:9200
elasticsearch: WARNING: DELETE http://elasticsearch:9200/test_autocompletes [status:N/A request:0.004s]
Traceback (most recent call last):
  File "/root/.cache/pypoetry/virtualenvs/cpdbv2-backend-VA82Wl8V-py3.7/lib/python3.7/site-packages/urllib3/connection.py", line 160, in _new_conn
    (self._dns_host, self.port), self.timeout, **extra_kw
  File "/root/.cache/pypoetry/virtualenvs/cpdbv2-backend-VA82Wl8V-py3.7/lib/python3.7/site-packages/urllib3/util/connection.py", line 61, in create_connection
    for res in socket.getaddrinfo(host, port, family, socket.SOCK_STREAM):
  File "/usr/local/lib/python3.7/socket.py", line 752, in getaddrinfo
    for res in _socket.getaddrinfo(host, port, family, type, proto, flags):
socket.gaierror: [Errno -2] Name or service not known

During handling of the above exception, another exception occurred:

Traceback (most recent call last):
  File "/root/.cache/pypoetry/virtualenvs/cpdbv2-backend-VA82Wl8V-py3.7/lib/python3.7/site-packages/elasticsearch/connection/http_urllib3.py", line 115, in perform_request
    response = self.pool.urlopen(method, url, body, retries=False, headers=self.headers, **kw)
  File "/root/.cache/pypoetry/virtualenvs/cpdbv2-backend-VA82Wl8V-py3.7/lib/python3.7/site-packages/urllib3/connectionpool.py", line 727, in urlopen
    method, url, error=e, _pool=self, _stacktrace=sys.exc_info()[2]
  File "/root/.cache/pypoetry/virtualenvs/cpdbv2-backend-VA82Wl8V-py3.7/lib/python3.7/site-packages/urllib3/util/retry.py", line 386, in increment
    raise six.reraise(type(error), error, _stacktrace)
  File "/root/.cache/pypoetry/virtualenvs/cpdbv2-backend-VA82Wl8V-py3.7/lib/python3.7/site-packages/urllib3/packages/six.py", line 735, in reraise
    raise value
  File "/root/.cache/pypoetry/virtualenvs/cpdbv2-backend-VA82Wl8V-py3.7/lib/python3.7/site-packages/urllib3/connectionpool.py", line 677, in urlopen
    chunked=chunked,
  File "/root/.cache/pypoetry/virtualenvs/cpdbv2-backend-VA82Wl8V-py3.7/lib/python3.7/site-packages/urllib3/connectionpool.py", line 392, in _make_request
    conn.request(method, url, **httplib_request_kw)
  File "/usr/local/lib/python3.7/http/client.py", line 1281, in request
    self._send_request(method, url, body, headers, encode_chunked)
  File "/usr/local/lib/python3.7/http/client.py", line 1327, in _send_request
    self.endheaders(body, encode_chunked=encode_chunked)
  File "/usr/local/lib/python3.7/http/client.py", line 1276, in endheaders
    self._send_output(message_body, encode_chunked=encode_chunked)
  File "/usr/local/lib/python3.7/http/client.py", line 1036, in _send_output
    self.send(msg)
  File "/usr/local/lib/python3.7/http/client.py", line 976, in send
    self.connect()
  File "/root/.cache/pypoetry/virtualenvs/cpdbv2-backend-VA82Wl8V-py3.7/lib/python3.7/site-packages/urllib3/connection.py", line 187, in connect
    conn = self._new_conn()
  File "/root/.cache/pypoetry/virtualenvs/cpdbv2-backend-VA82Wl8V-py3.7/lib/python3.7/site-packages/urllib3/connection.py", line 172, in _new_conn
    self, "Failed to establish a new connection: %s" % e
urllib3.exceptions.NewConnectionError: <urllib3.connection.HTTPConnection object at 0x7ff068b83110>: Failed to establish a new connection: [Errno -2] Name or service not known
elasticsearch: DEBUG: > None
urllib3.util.retry: DEBUG: Converted retries value: False -> Retry(total=False, connect=None, read=None, redirect=0, status=None)
urllib3.connectionpool: DEBUG: Starting new HTTP connection (416): elasticsearch:9200
elasticsearch: WARNING: DELETE http://elasticsearch:9200/test_autocompletes [status:N/A request:0.004s]
Traceback (most recent call last):
  File "/root/.cache/pypoetry/virtualenvs/cpdbv2-backend-VA82Wl8V-py3.7/lib/python3.7/site-packages/urllib3/connection.py", line 160, in _new_conn
    (self._dns_host, self.port), self.timeout, **extra_kw
  File "/root/.cache/pypoetry/virtualenvs/cpdbv2-backend-VA82Wl8V-py3.7/lib/python3.7/site-packages/urllib3/util/connection.py", line 61, in create_connection
    for res in socket.getaddrinfo(host, port, family, socket.SOCK_STREAM):
  File "/usr/local/lib/python3.7/socket.py", line 752, in getaddrinfo
    for res in _socket.getaddrinfo(host, port, family, type, proto, flags):
socket.gaierror: [Errno -2] Name or service not known

During handling of the above exception, another exception occurred:

Traceback (most recent call last):
  File "/root/.cache/pypoetry/virtualenvs/cpdbv2-backend-VA82Wl8V-py3.7/lib/python3.7/site-packages/elasticsearch/connection/http_urllib3.py", line 115, in perform_request
    response = self.pool.urlopen(method, url, body, retries=False, headers=self.headers, **kw)
  File "/root/.cache/pypoetry/virtualenvs/cpdbv2-backend-VA82Wl8V-py3.7/lib/python3.7/site-packages/urllib3/connectionpool.py", line 727, in urlopen
    method, url, error=e, _pool=self, _stacktrace=sys.exc_info()[2]
  File "/root/.cache/pypoetry/virtualenvs/cpdbv2-backend-VA82Wl8V-py3.7/lib/python3.7/site-packages/urllib3/util/retry.py", line 386, in increment
    raise six.reraise(type(error), error, _stacktrace)
  File "/root/.cache/pypoetry/virtualenvs/cpdbv2-backend-VA82Wl8V-py3.7/lib/python3.7/site-packages/urllib3/packages/six.py", line 735, in reraise
    raise value
  File "/root/.cache/pypoetry/virtualenvs/cpdbv2-backend-VA82Wl8V-py3.7/lib/python3.7/site-packages/urllib3/connectionpool.py", line 677, in urlopen
    chunked=chunked,
  File "/root/.cache/pypoetry/virtualenvs/cpdbv2-backend-VA82Wl8V-py3.7/lib/python3.7/site-packages/urllib3/connectionpool.py", line 392, in _make_request
    conn.request(method, url, **httplib_request_kw)
  File "/usr/local/lib/python3.7/http/client.py", line 1281, in request
    self._send_request(method, url, body, headers, encode_chunked)
  File "/usr/local/lib/python3.7/http/client.py", line 1327, in _send_request
    self.endheaders(body, encode_chunked=encode_chunked)
  File "/usr/local/lib/python3.7/http/client.py", line 1276, in endheaders
    self._send_output(message_body, encode_chunked=encode_chunked)
  File "/usr/local/lib/python3.7/http/client.py", line 1036, in _send_output
    self.send(msg)
  File "/usr/local/lib/python3.7/http/client.py", line 976, in send
    self.connect()
  File "/root/.cache/pypoetry/virtualenvs/cpdbv2-backend-VA82Wl8V-py3.7/lib/python3.7/site-packages/urllib3/connection.py", line 187, in connect
    conn = self._new_conn()
  File "/root/.cache/pypoetry/virtualenvs/cpdbv2-backend-VA82Wl8V-py3.7/lib/python3.7/site-packages/urllib3/connection.py", line 172, in _new_conn
    self, "Failed to establish a new connection: %s" % e
urllib3.exceptions.NewConnectionError: <urllib3.connection.HTTPConnection object at 0x7ff068b83b50>: Failed to establish a new connection: [Errno -2] Name or service not known
elasticsearch: DEBUG: > None
--------------------- >> end captured logging << ---------------------

======================================================================
ERROR: test_search_date_officers_result (search.tests.test_views.SearchV1ViewSetTestCase)
----------------------------------------------------------------------
Traceback (most recent call last):
  File "/usr/src/app/cpdb/search/tests/utils.py", line 12, in setUp
    autocompletes_alias.read_index.delete(ignore=404)
  File "/root/.cache/pypoetry/virtualenvs/cpdbv2-backend-VA82Wl8V-py3.7/lib/python3.7/site-packages/elasticsearch_dsl/index.py", line 222, in delete
    self.connection.indices.delete(index=self._name, **kwargs)
  File "/root/.cache/pypoetry/virtualenvs/cpdbv2-backend-VA82Wl8V-py3.7/lib/python3.7/site-packages/elasticsearch/client/utils.py", line 73, in _wrapped
    return func(*args, params=params, **kwargs)
  File "/root/.cache/pypoetry/virtualenvs/cpdbv2-backend-VA82Wl8V-py3.7/lib/python3.7/site-packages/elasticsearch/client/indices.py", line 200, in delete
    params=params)
  File "/root/.cache/pypoetry/virtualenvs/cpdbv2-backend-VA82Wl8V-py3.7/lib/python3.7/site-packages/elasticsearch/transport.py", line 312, in perform_request
    status, headers, data = connection.perform_request(method, url, params, body, ignore=ignore, timeout=timeout)
  File "/root/.cache/pypoetry/virtualenvs/cpdbv2-backend-VA82Wl8V-py3.7/lib/python3.7/site-packages/elasticsearch/connection/http_urllib3.py", line 124, in perform_request
    raise ConnectionError('N/A', str(e), e)
elasticsearch.exceptions.ConnectionError: ConnectionError(<urllib3.connection.HTTPConnection object at 0x7ff068ba1910>: Failed to establish a new connection: [Errno -2] Name or service not known) caused by: NewConnectionError(<urllib3.connection.HTTPConnection object at 0x7ff068ba1910>: Failed to establish a new connection: [Errno -2] Name or service not known)
-------------------- >> begin captured logging << --------------------
urllib3.util.retry: DEBUG: Converted retries value: False -> Retry(total=False, connect=None, read=None, redirect=0, status=None)
urllib3.connectionpool: DEBUG: Starting new HTTP connection (417): elasticsearch:9200
elasticsearch: WARNING: DELETE http://elasticsearch:9200/test_autocompletes [status:N/A request:0.006s]
Traceback (most recent call last):
  File "/root/.cache/pypoetry/virtualenvs/cpdbv2-backend-VA82Wl8V-py3.7/lib/python3.7/site-packages/urllib3/connection.py", line 160, in _new_conn
    (self._dns_host, self.port), self.timeout, **extra_kw
  File "/root/.cache/pypoetry/virtualenvs/cpdbv2-backend-VA82Wl8V-py3.7/lib/python3.7/site-packages/urllib3/util/connection.py", line 61, in create_connection
    for res in socket.getaddrinfo(host, port, family, socket.SOCK_STREAM):
  File "/usr/local/lib/python3.7/socket.py", line 752, in getaddrinfo
    for res in _socket.getaddrinfo(host, port, family, type, proto, flags):
socket.gaierror: [Errno -2] Name or service not known

During handling of the above exception, another exception occurred:

Traceback (most recent call last):
  File "/root/.cache/pypoetry/virtualenvs/cpdbv2-backend-VA82Wl8V-py3.7/lib/python3.7/site-packages/elasticsearch/connection/http_urllib3.py", line 115, in perform_request
    response = self.pool.urlopen(method, url, body, retries=False, headers=self.headers, **kw)
  File "/root/.cache/pypoetry/virtualenvs/cpdbv2-backend-VA82Wl8V-py3.7/lib/python3.7/site-packages/urllib3/connectionpool.py", line 727, in urlopen
    method, url, error=e, _pool=self, _stacktrace=sys.exc_info()[2]
  File "/root/.cache/pypoetry/virtualenvs/cpdbv2-backend-VA82Wl8V-py3.7/lib/python3.7/site-packages/urllib3/util/retry.py", line 386, in increment
    raise six.reraise(type(error), error, _stacktrace)
  File "/root/.cache/pypoetry/virtualenvs/cpdbv2-backend-VA82Wl8V-py3.7/lib/python3.7/site-packages/urllib3/packages/six.py", line 735, in reraise
    raise value
  File "/root/.cache/pypoetry/virtualenvs/cpdbv2-backend-VA82Wl8V-py3.7/lib/python3.7/site-packages/urllib3/connectionpool.py", line 677, in urlopen
    chunked=chunked,
  File "/root/.cache/pypoetry/virtualenvs/cpdbv2-backend-VA82Wl8V-py3.7/lib/python3.7/site-packages/urllib3/connectionpool.py", line 392, in _make_request
    conn.request(method, url, **httplib_request_kw)
  File "/usr/local/lib/python3.7/http/client.py", line 1281, in request
    self._send_request(method, url, body, headers, encode_chunked)
  File "/usr/local/lib/python3.7/http/client.py", line 1327, in _send_request
    self.endheaders(body, encode_chunked=encode_chunked)
  File "/usr/local/lib/python3.7/http/client.py", line 1276, in endheaders
    self._send_output(message_body, encode_chunked=encode_chunked)
  File "/usr/local/lib/python3.7/http/client.py", line 1036, in _send_output
    self.send(msg)
  File "/usr/local/lib/python3.7/http/client.py", line 976, in send
    self.connect()
  File "/root/.cache/pypoetry/virtualenvs/cpdbv2-backend-VA82Wl8V-py3.7/lib/python3.7/site-packages/urllib3/connection.py", line 187, in connect
    conn = self._new_conn()
  File "/root/.cache/pypoetry/virtualenvs/cpdbv2-backend-VA82Wl8V-py3.7/lib/python3.7/site-packages/urllib3/connection.py", line 172, in _new_conn
    self, "Failed to establish a new connection: %s" % e
urllib3.exceptions.NewConnectionError: <urllib3.connection.HTTPConnection object at 0x7ff068b688d0>: Failed to establish a new connection: [Errno -2] Name or service not known
elasticsearch: DEBUG: > None
urllib3.util.retry: DEBUG: Converted retries value: False -> Retry(total=False, connect=None, read=None, redirect=0, status=None)
urllib3.connectionpool: DEBUG: Starting new HTTP connection (418): elasticsearch:9200
elasticsearch: WARNING: DELETE http://elasticsearch:9200/test_autocompletes [status:N/A request:0.004s]
Traceback (most recent call last):
  File "/root/.cache/pypoetry/virtualenvs/cpdbv2-backend-VA82Wl8V-py3.7/lib/python3.7/site-packages/urllib3/connection.py", line 160, in _new_conn
    (self._dns_host, self.port), self.timeout, **extra_kw
  File "/root/.cache/pypoetry/virtualenvs/cpdbv2-backend-VA82Wl8V-py3.7/lib/python3.7/site-packages/urllib3/util/connection.py", line 61, in create_connection
    for res in socket.getaddrinfo(host, port, family, socket.SOCK_STREAM):
  File "/usr/local/lib/python3.7/socket.py", line 752, in getaddrinfo
    for res in _socket.getaddrinfo(host, port, family, type, proto, flags):
socket.gaierror: [Errno -2] Name or service not known

During handling of the above exception, another exception occurred:

Traceback (most recent call last):
  File "/root/.cache/pypoetry/virtualenvs/cpdbv2-backend-VA82Wl8V-py3.7/lib/python3.7/site-packages/elasticsearch/connection/http_urllib3.py", line 115, in perform_request
    response = self.pool.urlopen(method, url, body, retries=False, headers=self.headers, **kw)
  File "/root/.cache/pypoetry/virtualenvs/cpdbv2-backend-VA82Wl8V-py3.7/lib/python3.7/site-packages/urllib3/connectionpool.py", line 727, in urlopen
    method, url, error=e, _pool=self, _stacktrace=sys.exc_info()[2]
  File "/root/.cache/pypoetry/virtualenvs/cpdbv2-backend-VA82Wl8V-py3.7/lib/python3.7/site-packages/urllib3/util/retry.py", line 386, in increment
    raise six.reraise(type(error), error, _stacktrace)
  File "/root/.cache/pypoetry/virtualenvs/cpdbv2-backend-VA82Wl8V-py3.7/lib/python3.7/site-packages/urllib3/packages/six.py", line 735, in reraise
    raise value
  File "/root/.cache/pypoetry/virtualenvs/cpdbv2-backend-VA82Wl8V-py3.7/lib/python3.7/site-packages/urllib3/connectionpool.py", line 677, in urlopen
    chunked=chunked,
  File "/root/.cache/pypoetry/virtualenvs/cpdbv2-backend-VA82Wl8V-py3.7/lib/python3.7/site-packages/urllib3/connectionpool.py", line 392, in _make_request
    conn.request(method, url, **httplib_request_kw)
  File "/usr/local/lib/python3.7/http/client.py", line 1281, in request
    self._send_request(method, url, body, headers, encode_chunked)
  File "/usr/local/lib/python3.7/http/client.py", line 1327, in _send_request
    self.endheaders(body, encode_chunked=encode_chunked)
  File "/usr/local/lib/python3.7/http/client.py", line 1276, in endheaders
    self._send_output(message_body, encode_chunked=encode_chunked)
  File "/usr/local/lib/python3.7/http/client.py", line 1036, in _send_output
    self.send(msg)
  File "/usr/local/lib/python3.7/http/client.py", line 976, in send
    self.connect()
  File "/root/.cache/pypoetry/virtualenvs/cpdbv2-backend-VA82Wl8V-py3.7/lib/python3.7/site-packages/urllib3/connection.py", line 187, in connect
    conn = self._new_conn()
  File "/root/.cache/pypoetry/virtualenvs/cpdbv2-backend-VA82Wl8V-py3.7/lib/python3.7/site-packages/urllib3/connection.py", line 172, in _new_conn
    self, "Failed to establish a new connection: %s" % e
urllib3.exceptions.NewConnectionError: <urllib3.connection.HTTPConnection object at 0x7ff068b58590>: Failed to establish a new connection: [Errno -2] Name or service not known
elasticsearch: DEBUG: > None
urllib3.util.retry: DEBUG: Converted retries value: False -> Retry(total=False, connect=None, read=None, redirect=0, status=None)
urllib3.connectionpool: DEBUG: Starting new HTTP connection (419): elasticsearch:9200
elasticsearch: WARNING: DELETE http://elasticsearch:9200/test_autocompletes [status:N/A request:0.007s]
Traceback (most recent call last):
  File "/root/.cache/pypoetry/virtualenvs/cpdbv2-backend-VA82Wl8V-py3.7/lib/python3.7/site-packages/urllib3/connection.py", line 160, in _new_conn
    (self._dns_host, self.port), self.timeout, **extra_kw
  File "/root/.cache/pypoetry/virtualenvs/cpdbv2-backend-VA82Wl8V-py3.7/lib/python3.7/site-packages/urllib3/util/connection.py", line 61, in create_connection
    for res in socket.getaddrinfo(host, port, family, socket.SOCK_STREAM):
  File "/usr/local/lib/python3.7/socket.py", line 752, in getaddrinfo
    for res in _socket.getaddrinfo(host, port, family, type, proto, flags):
socket.gaierror: [Errno -2] Name or service not known

During handling of the above exception, another exception occurred:

Traceback (most recent call last):
  File "/root/.cache/pypoetry/virtualenvs/cpdbv2-backend-VA82Wl8V-py3.7/lib/python3.7/site-packages/elasticsearch/connection/http_urllib3.py", line 115, in perform_request
    response = self.pool.urlopen(method, url, body, retries=False, headers=self.headers, **kw)
  File "/root/.cache/pypoetry/virtualenvs/cpdbv2-backend-VA82Wl8V-py3.7/lib/python3.7/site-packages/urllib3/connectionpool.py", line 727, in urlopen
    method, url, error=e, _pool=self, _stacktrace=sys.exc_info()[2]
  File "/root/.cache/pypoetry/virtualenvs/cpdbv2-backend-VA82Wl8V-py3.7/lib/python3.7/site-packages/urllib3/util/retry.py", line 386, in increment
    raise six.reraise(type(error), error, _stacktrace)
  File "/root/.cache/pypoetry/virtualenvs/cpdbv2-backend-VA82Wl8V-py3.7/lib/python3.7/site-packages/urllib3/packages/six.py", line 735, in reraise
    raise value
  File "/root/.cache/pypoetry/virtualenvs/cpdbv2-backend-VA82Wl8V-py3.7/lib/python3.7/site-packages/urllib3/connectionpool.py", line 677, in urlopen
    chunked=chunked,
  File "/root/.cache/pypoetry/virtualenvs/cpdbv2-backend-VA82Wl8V-py3.7/lib/python3.7/site-packages/urllib3/connectionpool.py", line 392, in _make_request
    conn.request(method, url, **httplib_request_kw)
  File "/usr/local/lib/python3.7/http/client.py", line 1281, in request
    self._send_request(method, url, body, headers, encode_chunked)
  File "/usr/local/lib/python3.7/http/client.py", line 1327, in _send_request
    self.endheaders(body, encode_chunked=encode_chunked)
  File "/usr/local/lib/python3.7/http/client.py", line 1276, in endheaders
    self._send_output(message_body, encode_chunked=encode_chunked)
  File "/usr/local/lib/python3.7/http/client.py", line 1036, in _send_output
    self.send(msg)
  File "/usr/local/lib/python3.7/http/client.py", line 976, in send
    self.connect()
  File "/root/.cache/pypoetry/virtualenvs/cpdbv2-backend-VA82Wl8V-py3.7/lib/python3.7/site-packages/urllib3/connection.py", line 187, in connect
    conn = self._new_conn()
  File "/root/.cache/pypoetry/virtualenvs/cpdbv2-backend-VA82Wl8V-py3.7/lib/python3.7/site-packages/urllib3/connection.py", line 172, in _new_conn
    self, "Failed to establish a new connection: %s" % e
urllib3.exceptions.NewConnectionError: <urllib3.connection.HTTPConnection object at 0x7ff068ba1450>: Failed to establish a new connection: [Errno -2] Name or service not known
elasticsearch: DEBUG: > None
urllib3.util.retry: DEBUG: Converted retries value: False -> Retry(total=False, connect=None, read=None, redirect=0, status=None)
urllib3.connectionpool: DEBUG: Starting new HTTP connection (420): elasticsearch:9200
elasticsearch: WARNING: DELETE http://elasticsearch:9200/test_autocompletes [status:N/A request:0.007s]
Traceback (most recent call last):
  File "/root/.cache/pypoetry/virtualenvs/cpdbv2-backend-VA82Wl8V-py3.7/lib/python3.7/site-packages/urllib3/connection.py", line 160, in _new_conn
    (self._dns_host, self.port), self.timeout, **extra_kw
  File "/root/.cache/pypoetry/virtualenvs/cpdbv2-backend-VA82Wl8V-py3.7/lib/python3.7/site-packages/urllib3/util/connection.py", line 61, in create_connection
    for res in socket.getaddrinfo(host, port, family, socket.SOCK_STREAM):
  File "/usr/local/lib/python3.7/socket.py", line 752, in getaddrinfo
    for res in _socket.getaddrinfo(host, port, family, type, proto, flags):
socket.gaierror: [Errno -2] Name or service not known

During handling of the above exception, another exception occurred:

Traceback (most recent call last):
  File "/root/.cache/pypoetry/virtualenvs/cpdbv2-backend-VA82Wl8V-py3.7/lib/python3.7/site-packages/elasticsearch/connection/http_urllib3.py", line 115, in perform_request
    response = self.pool.urlopen(method, url, body, retries=False, headers=self.headers, **kw)
  File "/root/.cache/pypoetry/virtualenvs/cpdbv2-backend-VA82Wl8V-py3.7/lib/python3.7/site-packages/urllib3/connectionpool.py", line 727, in urlopen
    method, url, error=e, _pool=self, _stacktrace=sys.exc_info()[2]
  File "/root/.cache/pypoetry/virtualenvs/cpdbv2-backend-VA82Wl8V-py3.7/lib/python3.7/site-packages/urllib3/util/retry.py", line 386, in increment
    raise six.reraise(type(error), error, _stacktrace)
  File "/root/.cache/pypoetry/virtualenvs/cpdbv2-backend-VA82Wl8V-py3.7/lib/python3.7/site-packages/urllib3/packages/six.py", line 735, in reraise
    raise value
  File "/root/.cache/pypoetry/virtualenvs/cpdbv2-backend-VA82Wl8V-py3.7/lib/python3.7/site-packages/urllib3/connectionpool.py", line 677, in urlopen
    chunked=chunked,
  File "/root/.cache/pypoetry/virtualenvs/cpdbv2-backend-VA82Wl8V-py3.7/lib/python3.7/site-packages/urllib3/connectionpool.py", line 392, in _make_request
    conn.request(method, url, **httplib_request_kw)
  File "/usr/local/lib/python3.7/http/client.py", line 1281, in request
    self._send_request(method, url, body, headers, encode_chunked)
  File "/usr/local/lib/python3.7/http/client.py", line 1327, in _send_request
    self.endheaders(body, encode_chunked=encode_chunked)
  File "/usr/local/lib/python3.7/http/client.py", line 1276, in endheaders
    self._send_output(message_body, encode_chunked=encode_chunked)
  File "/usr/local/lib/python3.7/http/client.py", line 1036, in _send_output
    self.send(msg)
  File "/usr/local/lib/python3.7/http/client.py", line 976, in send
    self.connect()
  File "/root/.cache/pypoetry/virtualenvs/cpdbv2-backend-VA82Wl8V-py3.7/lib/python3.7/site-packages/urllib3/connection.py", line 187, in connect
    conn = self._new_conn()
  File "/root/.cache/pypoetry/virtualenvs/cpdbv2-backend-VA82Wl8V-py3.7/lib/python3.7/site-packages/urllib3/connection.py", line 172, in _new_conn
    self, "Failed to establish a new connection: %s" % e
urllib3.exceptions.NewConnectionError: <urllib3.connection.HTTPConnection object at 0x7ff068ba1910>: Failed to establish a new connection: [Errno -2] Name or service not known
elasticsearch: DEBUG: > None
--------------------- >> end captured logging << ---------------------

======================================================================
ERROR: test_search_date_trr_result (search.tests.test_views.SearchV1ViewSetTestCase)
----------------------------------------------------------------------
Traceback (most recent call last):
  File "/usr/src/app/cpdb/search/tests/utils.py", line 12, in setUp
    autocompletes_alias.read_index.delete(ignore=404)
  File "/root/.cache/pypoetry/virtualenvs/cpdbv2-backend-VA82Wl8V-py3.7/lib/python3.7/site-packages/elasticsearch_dsl/index.py", line 222, in delete
    self.connection.indices.delete(index=self._name, **kwargs)
  File "/root/.cache/pypoetry/virtualenvs/cpdbv2-backend-VA82Wl8V-py3.7/lib/python3.7/site-packages/elasticsearch/client/utils.py", line 73, in _wrapped
    return func(*args, params=params, **kwargs)
  File "/root/.cache/pypoetry/virtualenvs/cpdbv2-backend-VA82Wl8V-py3.7/lib/python3.7/site-packages/elasticsearch/client/indices.py", line 200, in delete
    params=params)
  File "/root/.cache/pypoetry/virtualenvs/cpdbv2-backend-VA82Wl8V-py3.7/lib/python3.7/site-packages/elasticsearch/transport.py", line 312, in perform_request
    status, headers, data = connection.perform_request(method, url, params, body, ignore=ignore, timeout=timeout)
  File "/root/.cache/pypoetry/virtualenvs/cpdbv2-backend-VA82Wl8V-py3.7/lib/python3.7/site-packages/elasticsearch/connection/http_urllib3.py", line 124, in perform_request
    raise ConnectionError('N/A', str(e), e)
elasticsearch.exceptions.ConnectionError: ConnectionError(<urllib3.connection.HTTPConnection object at 0x7ff068ba1910>: Failed to establish a new connection: [Errno -2] Name or service not known) caused by: NewConnectionError(<urllib3.connection.HTTPConnection object at 0x7ff068ba1910>: Failed to establish a new connection: [Errno -2] Name or service not known)
-------------------- >> begin captured logging << --------------------
urllib3.util.retry: DEBUG: Converted retries value: False -> Retry(total=False, connect=None, read=None, redirect=0, status=None)
urllib3.connectionpool: DEBUG: Starting new HTTP connection (421): elasticsearch:9200
elasticsearch: WARNING: DELETE http://elasticsearch:9200/test_autocompletes [status:N/A request:0.005s]
Traceback (most recent call last):
  File "/root/.cache/pypoetry/virtualenvs/cpdbv2-backend-VA82Wl8V-py3.7/lib/python3.7/site-packages/urllib3/connection.py", line 160, in _new_conn
    (self._dns_host, self.port), self.timeout, **extra_kw
  File "/root/.cache/pypoetry/virtualenvs/cpdbv2-backend-VA82Wl8V-py3.7/lib/python3.7/site-packages/urllib3/util/connection.py", line 61, in create_connection
    for res in socket.getaddrinfo(host, port, family, socket.SOCK_STREAM):
  File "/usr/local/lib/python3.7/socket.py", line 752, in getaddrinfo
    for res in _socket.getaddrinfo(host, port, family, type, proto, flags):
socket.gaierror: [Errno -2] Name or service not known

During handling of the above exception, another exception occurred:

Traceback (most recent call last):
  File "/root/.cache/pypoetry/virtualenvs/cpdbv2-backend-VA82Wl8V-py3.7/lib/python3.7/site-packages/elasticsearch/connection/http_urllib3.py", line 115, in perform_request
    response = self.pool.urlopen(method, url, body, retries=False, headers=self.headers, **kw)
  File "/root/.cache/pypoetry/virtualenvs/cpdbv2-backend-VA82Wl8V-py3.7/lib/python3.7/site-packages/urllib3/connectionpool.py", line 727, in urlopen
    method, url, error=e, _pool=self, _stacktrace=sys.exc_info()[2]
  File "/root/.cache/pypoetry/virtualenvs/cpdbv2-backend-VA82Wl8V-py3.7/lib/python3.7/site-packages/urllib3/util/retry.py", line 386, in increment
    raise six.reraise(type(error), error, _stacktrace)
  File "/root/.cache/pypoetry/virtualenvs/cpdbv2-backend-VA82Wl8V-py3.7/lib/python3.7/site-packages/urllib3/packages/six.py", line 735, in reraise
    raise value
  File "/root/.cache/pypoetry/virtualenvs/cpdbv2-backend-VA82Wl8V-py3.7/lib/python3.7/site-packages/urllib3/connectionpool.py", line 677, in urlopen
    chunked=chunked,
  File "/root/.cache/pypoetry/virtualenvs/cpdbv2-backend-VA82Wl8V-py3.7/lib/python3.7/site-packages/urllib3/connectionpool.py", line 392, in _make_request
    conn.request(method, url, **httplib_request_kw)
  File "/usr/local/lib/python3.7/http/client.py", line 1281, in request
    self._send_request(method, url, body, headers, encode_chunked)
  File "/usr/local/lib/python3.7/http/client.py", line 1327, in _send_request
    self.endheaders(body, encode_chunked=encode_chunked)
  File "/usr/local/lib/python3.7/http/client.py", line 1276, in endheaders
    self._send_output(message_body, encode_chunked=encode_chunked)
  File "/usr/local/lib/python3.7/http/client.py", line 1036, in _send_output
    self.send(msg)
  File "/usr/local/lib/python3.7/http/client.py", line 976, in send
    self.connect()
  File "/root/.cache/pypoetry/virtualenvs/cpdbv2-backend-VA82Wl8V-py3.7/lib/python3.7/site-packages/urllib3/connection.py", line 187, in connect
    conn = self._new_conn()
  File "/root/.cache/pypoetry/virtualenvs/cpdbv2-backend-VA82Wl8V-py3.7/lib/python3.7/site-packages/urllib3/connection.py", line 172, in _new_conn
    self, "Failed to establish a new connection: %s" % e
urllib3.exceptions.NewConnectionError: <urllib3.connection.HTTPConnection object at 0x7ff068ba1210>: Failed to establish a new connection: [Errno -2] Name or service not known
elasticsearch: DEBUG: > None
urllib3.util.retry: DEBUG: Converted retries value: False -> Retry(total=False, connect=None, read=None, redirect=0, status=None)
urllib3.connectionpool: DEBUG: Starting new HTTP connection (422): elasticsearch:9200
elasticsearch: WARNING: DELETE http://elasticsearch:9200/test_autocompletes [status:N/A request:0.004s]
Traceback (most recent call last):
  File "/root/.cache/pypoetry/virtualenvs/cpdbv2-backend-VA82Wl8V-py3.7/lib/python3.7/site-packages/urllib3/connection.py", line 160, in _new_conn
    (self._dns_host, self.port), self.timeout, **extra_kw
  File "/root/.cache/pypoetry/virtualenvs/cpdbv2-backend-VA82Wl8V-py3.7/lib/python3.7/site-packages/urllib3/util/connection.py", line 61, in create_connection
    for res in socket.getaddrinfo(host, port, family, socket.SOCK_STREAM):
  File "/usr/local/lib/python3.7/socket.py", line 752, in getaddrinfo
    for res in _socket.getaddrinfo(host, port, family, type, proto, flags):
socket.gaierror: [Errno -2] Name or service not known

During handling of the above exception, another exception occurred:

Traceback (most recent call last):
  File "/root/.cache/pypoetry/virtualenvs/cpdbv2-backend-VA82Wl8V-py3.7/lib/python3.7/site-packages/elasticsearch/connection/http_urllib3.py", line 115, in perform_request
    response = self.pool.urlopen(method, url, body, retries=False, headers=self.headers, **kw)
  File "/root/.cache/pypoetry/virtualenvs/cpdbv2-backend-VA82Wl8V-py3.7/lib/python3.7/site-packages/urllib3/connectionpool.py", line 727, in urlopen
    method, url, error=e, _pool=self, _stacktrace=sys.exc_info()[2]
  File "/root/.cache/pypoetry/virtualenvs/cpdbv2-backend-VA82Wl8V-py3.7/lib/python3.7/site-packages/urllib3/util/retry.py", line 386, in increment
    raise six.reraise(type(error), error, _stacktrace)
  File "/root/.cache/pypoetry/virtualenvs/cpdbv2-backend-VA82Wl8V-py3.7/lib/python3.7/site-packages/urllib3/packages/six.py", line 735, in reraise
    raise value
  File "/root/.cache/pypoetry/virtualenvs/cpdbv2-backend-VA82Wl8V-py3.7/lib/python3.7/site-packages/urllib3/connectionpool.py", line 677, in urlopen
    chunked=chunked,
  File "/root/.cache/pypoetry/virtualenvs/cpdbv2-backend-VA82Wl8V-py3.7/lib/python3.7/site-packages/urllib3/connectionpool.py", line 392, in _make_request
    conn.request(method, url, **httplib_request_kw)
  File "/usr/local/lib/python3.7/http/client.py", line 1281, in request
    self._send_request(method, url, body, headers, encode_chunked)
  File "/usr/local/lib/python3.7/http/client.py", line 1327, in _send_request
    self.endheaders(body, encode_chunked=encode_chunked)
  File "/usr/local/lib/python3.7/http/client.py", line 1276, in endheaders
    self._send_output(message_body, encode_chunked=encode_chunked)
  File "/usr/local/lib/python3.7/http/client.py", line 1036, in _send_output
    self.send(msg)
  File "/usr/local/lib/python3.7/http/client.py", line 976, in send
    self.connect()
  File "/root/.cache/pypoetry/virtualenvs/cpdbv2-backend-VA82Wl8V-py3.7/lib/python3.7/site-packages/urllib3/connection.py", line 187, in connect
    conn = self._new_conn()
  File "/root/.cache/pypoetry/virtualenvs/cpdbv2-backend-VA82Wl8V-py3.7/lib/python3.7/site-packages/urllib3/connection.py", line 172, in _new_conn
    self, "Failed to establish a new connection: %s" % e
urllib3.exceptions.NewConnectionError: <urllib3.connection.HTTPConnection object at 0x7ff068b35990>: Failed to establish a new connection: [Errno -2] Name or service not known
elasticsearch: DEBUG: > None
urllib3.util.retry: DEBUG: Converted retries value: False -> Retry(total=False, connect=None, read=None, redirect=0, status=None)
urllib3.connectionpool: DEBUG: Starting new HTTP connection (423): elasticsearch:9200
elasticsearch: WARNING: DELETE http://elasticsearch:9200/test_autocompletes [status:N/A request:0.004s]
Traceback (most recent call last):
  File "/root/.cache/pypoetry/virtualenvs/cpdbv2-backend-VA82Wl8V-py3.7/lib/python3.7/site-packages/urllib3/connection.py", line 160, in _new_conn
    (self._dns_host, self.port), self.timeout, **extra_kw
  File "/root/.cache/pypoetry/virtualenvs/cpdbv2-backend-VA82Wl8V-py3.7/lib/python3.7/site-packages/urllib3/util/connection.py", line 61, in create_connection
    for res in socket.getaddrinfo(host, port, family, socket.SOCK_STREAM):
  File "/usr/local/lib/python3.7/socket.py", line 752, in getaddrinfo
    for res in _socket.getaddrinfo(host, port, family, type, proto, flags):
socket.gaierror: [Errno -2] Name or service not known

During handling of the above exception, another exception occurred:

Traceback (most recent call last):
  File "/root/.cache/pypoetry/virtualenvs/cpdbv2-backend-VA82Wl8V-py3.7/lib/python3.7/site-packages/elasticsearch/connection/http_urllib3.py", line 115, in perform_request
    response = self.pool.urlopen(method, url, body, retries=False, headers=self.headers, **kw)
  File "/root/.cache/pypoetry/virtualenvs/cpdbv2-backend-VA82Wl8V-py3.7/lib/python3.7/site-packages/urllib3/connectionpool.py", line 727, in urlopen
    method, url, error=e, _pool=self, _stacktrace=sys.exc_info()[2]
  File "/root/.cache/pypoetry/virtualenvs/cpdbv2-backend-VA82Wl8V-py3.7/lib/python3.7/site-packages/urllib3/util/retry.py", line 386, in increment
    raise six.reraise(type(error), error, _stacktrace)
  File "/root/.cache/pypoetry/virtualenvs/cpdbv2-backend-VA82Wl8V-py3.7/lib/python3.7/site-packages/urllib3/packages/six.py", line 735, in reraise
    raise value
  File "/root/.cache/pypoetry/virtualenvs/cpdbv2-backend-VA82Wl8V-py3.7/lib/python3.7/site-packages/urllib3/connectionpool.py", line 677, in urlopen
    chunked=chunked,
  File "/root/.cache/pypoetry/virtualenvs/cpdbv2-backend-VA82Wl8V-py3.7/lib/python3.7/site-packages/urllib3/connectionpool.py", line 392, in _make_request
    conn.request(method, url, **httplib_request_kw)
  File "/usr/local/lib/python3.7/http/client.py", line 1281, in request
    self._send_request(method, url, body, headers, encode_chunked)
  File "/usr/local/lib/python3.7/http/client.py", line 1327, in _send_request
    self.endheaders(body, encode_chunked=encode_chunked)
  File "/usr/local/lib/python3.7/http/client.py", line 1276, in endheaders
    self._send_output(message_body, encode_chunked=encode_chunked)
  File "/usr/local/lib/python3.7/http/client.py", line 1036, in _send_output
    self.send(msg)
  File "/usr/local/lib/python3.7/http/client.py", line 976, in send
    self.connect()
  File "/root/.cache/pypoetry/virtualenvs/cpdbv2-backend-VA82Wl8V-py3.7/lib/python3.7/site-packages/urllib3/connection.py", line 187, in connect
    conn = self._new_conn()
  File "/root/.cache/pypoetry/virtualenvs/cpdbv2-backend-VA82Wl8V-py3.7/lib/python3.7/site-packages/urllib3/connection.py", line 172, in _new_conn
    self, "Failed to establish a new connection: %s" % e
urllib3.exceptions.NewConnectionError: <urllib3.connection.HTTPConnection object at 0x7ff068ba1a90>: Failed to establish a new connection: [Errno -2] Name or service not known
elasticsearch: DEBUG: > None
urllib3.util.retry: DEBUG: Converted retries value: False -> Retry(total=False, connect=None, read=None, redirect=0, status=None)
urllib3.connectionpool: DEBUG: Starting new HTTP connection (424): elasticsearch:9200
elasticsearch: WARNING: DELETE http://elasticsearch:9200/test_autocompletes [status:N/A request:0.004s]
Traceback (most recent call last):
  File "/root/.cache/pypoetry/virtualenvs/cpdbv2-backend-VA82Wl8V-py3.7/lib/python3.7/site-packages/urllib3/connection.py", line 160, in _new_conn
    (self._dns_host, self.port), self.timeout, **extra_kw
  File "/root/.cache/pypoetry/virtualenvs/cpdbv2-backend-VA82Wl8V-py3.7/lib/python3.7/site-packages/urllib3/util/connection.py", line 61, in create_connection
    for res in socket.getaddrinfo(host, port, family, socket.SOCK_STREAM):
  File "/usr/local/lib/python3.7/socket.py", line 752, in getaddrinfo
    for res in _socket.getaddrinfo(host, port, family, type, proto, flags):
socket.gaierror: [Errno -2] Name or service not known

During handling of the above exception, another exception occurred:

Traceback (most recent call last):
  File "/root/.cache/pypoetry/virtualenvs/cpdbv2-backend-VA82Wl8V-py3.7/lib/python3.7/site-packages/elasticsearch/connection/http_urllib3.py", line 115, in perform_request
    response = self.pool.urlopen(method, url, body, retries=False, headers=self.headers, **kw)
  File "/root/.cache/pypoetry/virtualenvs/cpdbv2-backend-VA82Wl8V-py3.7/lib/python3.7/site-packages/urllib3/connectionpool.py", line 727, in urlopen
    method, url, error=e, _pool=self, _stacktrace=sys.exc_info()[2]
  File "/root/.cache/pypoetry/virtualenvs/cpdbv2-backend-VA82Wl8V-py3.7/lib/python3.7/site-packages/urllib3/util/retry.py", line 386, in increment
    raise six.reraise(type(error), error, _stacktrace)
  File "/root/.cache/pypoetry/virtualenvs/cpdbv2-backend-VA82Wl8V-py3.7/lib/python3.7/site-packages/urllib3/packages/six.py", line 735, in reraise
    raise value
  File "/root/.cache/pypoetry/virtualenvs/cpdbv2-backend-VA82Wl8V-py3.7/lib/python3.7/site-packages/urllib3/connectionpool.py", line 677, in urlopen
    chunked=chunked,
  File "/root/.cache/pypoetry/virtualenvs/cpdbv2-backend-VA82Wl8V-py3.7/lib/python3.7/site-packages/urllib3/connectionpool.py", line 392, in _make_request
    conn.request(method, url, **httplib_request_kw)
  File "/usr/local/lib/python3.7/http/client.py", line 1281, in request
    self._send_request(method, url, body, headers, encode_chunked)
  File "/usr/local/lib/python3.7/http/client.py", line 1327, in _send_request
    self.endheaders(body, encode_chunked=encode_chunked)
  File "/usr/local/lib/python3.7/http/client.py", line 1276, in endheaders
    self._send_output(message_body, encode_chunked=encode_chunked)
  File "/usr/local/lib/python3.7/http/client.py", line 1036, in _send_output
    self.send(msg)
  File "/usr/local/lib/python3.7/http/client.py", line 976, in send
    self.connect()
  File "/root/.cache/pypoetry/virtualenvs/cpdbv2-backend-VA82Wl8V-py3.7/lib/python3.7/site-packages/urllib3/connection.py", line 187, in connect
    conn = self._new_conn()
  File "/root/.cache/pypoetry/virtualenvs/cpdbv2-backend-VA82Wl8V-py3.7/lib/python3.7/site-packages/urllib3/connection.py", line 172, in _new_conn
    self, "Failed to establish a new connection: %s" % e
urllib3.exceptions.NewConnectionError: <urllib3.connection.HTTPConnection object at 0x7ff068ba1910>: Failed to establish a new connection: [Errno -2] Name or service not known
elasticsearch: DEBUG: > None
--------------------- >> end captured logging << ---------------------

======================================================================
ERROR: test_search_date_trr_result_empty_block (search.tests.test_views.SearchV1ViewSetTestCase)
----------------------------------------------------------------------
Traceback (most recent call last):
  File "/usr/src/app/cpdb/search/tests/utils.py", line 12, in setUp
    autocompletes_alias.read_index.delete(ignore=404)
  File "/root/.cache/pypoetry/virtualenvs/cpdbv2-backend-VA82Wl8V-py3.7/lib/python3.7/site-packages/elasticsearch_dsl/index.py", line 222, in delete
    self.connection.indices.delete(index=self._name, **kwargs)
  File "/root/.cache/pypoetry/virtualenvs/cpdbv2-backend-VA82Wl8V-py3.7/lib/python3.7/site-packages/elasticsearch/client/utils.py", line 73, in _wrapped
    return func(*args, params=params, **kwargs)
  File "/root/.cache/pypoetry/virtualenvs/cpdbv2-backend-VA82Wl8V-py3.7/lib/python3.7/site-packages/elasticsearch/client/indices.py", line 200, in delete
    params=params)
  File "/root/.cache/pypoetry/virtualenvs/cpdbv2-backend-VA82Wl8V-py3.7/lib/python3.7/site-packages/elasticsearch/transport.py", line 312, in perform_request
    status, headers, data = connection.perform_request(method, url, params, body, ignore=ignore, timeout=timeout)
  File "/root/.cache/pypoetry/virtualenvs/cpdbv2-backend-VA82Wl8V-py3.7/lib/python3.7/site-packages/elasticsearch/connection/http_urllib3.py", line 124, in perform_request
    raise ConnectionError('N/A', str(e), e)
elasticsearch.exceptions.ConnectionError: ConnectionError(<urllib3.connection.HTTPConnection object at 0x7ff068b83f50>: Failed to establish a new connection: [Errno -2] Name or service not known) caused by: NewConnectionError(<urllib3.connection.HTTPConnection object at 0x7ff068b83f50>: Failed to establish a new connection: [Errno -2] Name or service not known)
-------------------- >> begin captured logging << --------------------
urllib3.util.retry: DEBUG: Converted retries value: False -> Retry(total=False, connect=None, read=None, redirect=0, status=None)
urllib3.connectionpool: DEBUG: Starting new HTTP connection (425): elasticsearch:9200
elasticsearch: WARNING: DELETE http://elasticsearch:9200/test_autocompletes [status:N/A request:0.004s]
Traceback (most recent call last):
  File "/root/.cache/pypoetry/virtualenvs/cpdbv2-backend-VA82Wl8V-py3.7/lib/python3.7/site-packages/urllib3/connection.py", line 160, in _new_conn
    (self._dns_host, self.port), self.timeout, **extra_kw
  File "/root/.cache/pypoetry/virtualenvs/cpdbv2-backend-VA82Wl8V-py3.7/lib/python3.7/site-packages/urllib3/util/connection.py", line 61, in create_connection
    for res in socket.getaddrinfo(host, port, family, socket.SOCK_STREAM):
  File "/usr/local/lib/python3.7/socket.py", line 752, in getaddrinfo
    for res in _socket.getaddrinfo(host, port, family, type, proto, flags):
socket.gaierror: [Errno -2] Name or service not known

During handling of the above exception, another exception occurred:

Traceback (most recent call last):
  File "/root/.cache/pypoetry/virtualenvs/cpdbv2-backend-VA82Wl8V-py3.7/lib/python3.7/site-packages/elasticsearch/connection/http_urllib3.py", line 115, in perform_request
    response = self.pool.urlopen(method, url, body, retries=False, headers=self.headers, **kw)
  File "/root/.cache/pypoetry/virtualenvs/cpdbv2-backend-VA82Wl8V-py3.7/lib/python3.7/site-packages/urllib3/connectionpool.py", line 727, in urlopen
    method, url, error=e, _pool=self, _stacktrace=sys.exc_info()[2]
  File "/root/.cache/pypoetry/virtualenvs/cpdbv2-backend-VA82Wl8V-py3.7/lib/python3.7/site-packages/urllib3/util/retry.py", line 386, in increment
    raise six.reraise(type(error), error, _stacktrace)
  File "/root/.cache/pypoetry/virtualenvs/cpdbv2-backend-VA82Wl8V-py3.7/lib/python3.7/site-packages/urllib3/packages/six.py", line 735, in reraise
    raise value
  File "/root/.cache/pypoetry/virtualenvs/cpdbv2-backend-VA82Wl8V-py3.7/lib/python3.7/site-packages/urllib3/connectionpool.py", line 677, in urlopen
    chunked=chunked,
  File "/root/.cache/pypoetry/virtualenvs/cpdbv2-backend-VA82Wl8V-py3.7/lib/python3.7/site-packages/urllib3/connectionpool.py", line 392, in _make_request
    conn.request(method, url, **httplib_request_kw)
  File "/usr/local/lib/python3.7/http/client.py", line 1281, in request
    self._send_request(method, url, body, headers, encode_chunked)
  File "/usr/local/lib/python3.7/http/client.py", line 1327, in _send_request
    self.endheaders(body, encode_chunked=encode_chunked)
  File "/usr/local/lib/python3.7/http/client.py", line 1276, in endheaders
    self._send_output(message_body, encode_chunked=encode_chunked)
  File "/usr/local/lib/python3.7/http/client.py", line 1036, in _send_output
    self.send(msg)
  File "/usr/local/lib/python3.7/http/client.py", line 976, in send
    self.connect()
  File "/root/.cache/pypoetry/virtualenvs/cpdbv2-backend-VA82Wl8V-py3.7/lib/python3.7/site-packages/urllib3/connection.py", line 187, in connect
    conn = self._new_conn()
  File "/root/.cache/pypoetry/virtualenvs/cpdbv2-backend-VA82Wl8V-py3.7/lib/python3.7/site-packages/urllib3/connection.py", line 172, in _new_conn
    self, "Failed to establish a new connection: %s" % e
urllib3.exceptions.NewConnectionError: <urllib3.connection.HTTPConnection object at 0x7ff068ba1f90>: Failed to establish a new connection: [Errno -2] Name or service not known
elasticsearch: DEBUG: > None
urllib3.util.retry: DEBUG: Converted retries value: False -> Retry(total=False, connect=None, read=None, redirect=0, status=None)
urllib3.connectionpool: DEBUG: Starting new HTTP connection (426): elasticsearch:9200
elasticsearch: WARNING: DELETE http://elasticsearch:9200/test_autocompletes [status:N/A request:0.004s]
Traceback (most recent call last):
  File "/root/.cache/pypoetry/virtualenvs/cpdbv2-backend-VA82Wl8V-py3.7/lib/python3.7/site-packages/urllib3/connection.py", line 160, in _new_conn
    (self._dns_host, self.port), self.timeout, **extra_kw
  File "/root/.cache/pypoetry/virtualenvs/cpdbv2-backend-VA82Wl8V-py3.7/lib/python3.7/site-packages/urllib3/util/connection.py", line 61, in create_connection
    for res in socket.getaddrinfo(host, port, family, socket.SOCK_STREAM):
  File "/usr/local/lib/python3.7/socket.py", line 752, in getaddrinfo
    for res in _socket.getaddrinfo(host, port, family, type, proto, flags):
socket.gaierror: [Errno -2] Name or service not known

During handling of the above exception, another exception occurred:

Traceback (most recent call last):
  File "/root/.cache/pypoetry/virtualenvs/cpdbv2-backend-VA82Wl8V-py3.7/lib/python3.7/site-packages/elasticsearch/connection/http_urllib3.py", line 115, in perform_request
    response = self.pool.urlopen(method, url, body, retries=False, headers=self.headers, **kw)
  File "/root/.cache/pypoetry/virtualenvs/cpdbv2-backend-VA82Wl8V-py3.7/lib/python3.7/site-packages/urllib3/connectionpool.py", line 727, in urlopen
    method, url, error=e, _pool=self, _stacktrace=sys.exc_info()[2]
  File "/root/.cache/pypoetry/virtualenvs/cpdbv2-backend-VA82Wl8V-py3.7/lib/python3.7/site-packages/urllib3/util/retry.py", line 386, in increment
    raise six.reraise(type(error), error, _stacktrace)
  File "/root/.cache/pypoetry/virtualenvs/cpdbv2-backend-VA82Wl8V-py3.7/lib/python3.7/site-packages/urllib3/packages/six.py", line 735, in reraise
    raise value
  File "/root/.cache/pypoetry/virtualenvs/cpdbv2-backend-VA82Wl8V-py3.7/lib/python3.7/site-packages/urllib3/connectionpool.py", line 677, in urlopen
    chunked=chunked,
  File "/root/.cache/pypoetry/virtualenvs/cpdbv2-backend-VA82Wl8V-py3.7/lib/python3.7/site-packages/urllib3/connectionpool.py", line 392, in _make_request
    conn.request(method, url, **httplib_request_kw)
  File "/usr/local/lib/python3.7/http/client.py", line 1281, in request
    self._send_request(method, url, body, headers, encode_chunked)
  File "/usr/local/lib/python3.7/http/client.py", line 1327, in _send_request
    self.endheaders(body, encode_chunked=encode_chunked)
  File "/usr/local/lib/python3.7/http/client.py", line 1276, in endheaders
    self._send_output(message_body, encode_chunked=encode_chunked)
  File "/usr/local/lib/python3.7/http/client.py", line 1036, in _send_output
    self.send(msg)
  File "/usr/local/lib/python3.7/http/client.py", line 976, in send
    self.connect()
  File "/root/.cache/pypoetry/virtualenvs/cpdbv2-backend-VA82Wl8V-py3.7/lib/python3.7/site-packages/urllib3/connection.py", line 187, in connect
    conn = self._new_conn()
  File "/root/.cache/pypoetry/virtualenvs/cpdbv2-backend-VA82Wl8V-py3.7/lib/python3.7/site-packages/urllib3/connection.py", line 172, in _new_conn
    self, "Failed to establish a new connection: %s" % e
urllib3.exceptions.NewConnectionError: <urllib3.connection.HTTPConnection object at 0x7ff068b587d0>: Failed to establish a new connection: [Errno -2] Name or service not known
elasticsearch: DEBUG: > None
urllib3.util.retry: DEBUG: Converted retries value: False -> Retry(total=False, connect=None, read=None, redirect=0, status=None)
urllib3.connectionpool: DEBUG: Starting new HTTP connection (427): elasticsearch:9200
elasticsearch: WARNING: DELETE http://elasticsearch:9200/test_autocompletes [status:N/A request:0.005s]
Traceback (most recent call last):
  File "/root/.cache/pypoetry/virtualenvs/cpdbv2-backend-VA82Wl8V-py3.7/lib/python3.7/site-packages/urllib3/connection.py", line 160, in _new_conn
    (self._dns_host, self.port), self.timeout, **extra_kw
  File "/root/.cache/pypoetry/virtualenvs/cpdbv2-backend-VA82Wl8V-py3.7/lib/python3.7/site-packages/urllib3/util/connection.py", line 61, in create_connection
    for res in socket.getaddrinfo(host, port, family, socket.SOCK_STREAM):
  File "/usr/local/lib/python3.7/socket.py", line 752, in getaddrinfo
    for res in _socket.getaddrinfo(host, port, family, type, proto, flags):
socket.gaierror: [Errno -2] Name or service not known

During handling of the above exception, another exception occurred:

Traceback (most recent call last):
  File "/root/.cache/pypoetry/virtualenvs/cpdbv2-backend-VA82Wl8V-py3.7/lib/python3.7/site-packages/elasticsearch/connection/http_urllib3.py", line 115, in perform_request
    response = self.pool.urlopen(method, url, body, retries=False, headers=self.headers, **kw)
  File "/root/.cache/pypoetry/virtualenvs/cpdbv2-backend-VA82Wl8V-py3.7/lib/python3.7/site-packages/urllib3/connectionpool.py", line 727, in urlopen
    method, url, error=e, _pool=self, _stacktrace=sys.exc_info()[2]
  File "/root/.cache/pypoetry/virtualenvs/cpdbv2-backend-VA82Wl8V-py3.7/lib/python3.7/site-packages/urllib3/util/retry.py", line 386, in increment
    raise six.reraise(type(error), error, _stacktrace)
  File "/root/.cache/pypoetry/virtualenvs/cpdbv2-backend-VA82Wl8V-py3.7/lib/python3.7/site-packages/urllib3/packages/six.py", line 735, in reraise
    raise value
  File "/root/.cache/pypoetry/virtualenvs/cpdbv2-backend-VA82Wl8V-py3.7/lib/python3.7/site-packages/urllib3/connectionpool.py", line 677, in urlopen
    chunked=chunked,
  File "/root/.cache/pypoetry/virtualenvs/cpdbv2-backend-VA82Wl8V-py3.7/lib/python3.7/site-packages/urllib3/connectionpool.py", line 392, in _make_request
    conn.request(method, url, **httplib_request_kw)
  File "/usr/local/lib/python3.7/http/client.py", line 1281, in request
    self._send_request(method, url, body, headers, encode_chunked)
  File "/usr/local/lib/python3.7/http/client.py", line 1327, in _send_request
    self.endheaders(body, encode_chunked=encode_chunked)
  File "/usr/local/lib/python3.7/http/client.py", line 1276, in endheaders
    self._send_output(message_body, encode_chunked=encode_chunked)
  File "/usr/local/lib/python3.7/http/client.py", line 1036, in _send_output
    self.send(msg)
  File "/usr/local/lib/python3.7/http/client.py", line 976, in send
    self.connect()
  File "/root/.cache/pypoetry/virtualenvs/cpdbv2-backend-VA82Wl8V-py3.7/lib/python3.7/site-packages/urllib3/connection.py", line 187, in connect
    conn = self._new_conn()
  File "/root/.cache/pypoetry/virtualenvs/cpdbv2-backend-VA82Wl8V-py3.7/lib/python3.7/site-packages/urllib3/connection.py", line 172, in _new_conn
    self, "Failed to establish a new connection: %s" % e
urllib3.exceptions.NewConnectionError: <urllib3.connection.HTTPConnection object at 0x7ff068b68b50>: Failed to establish a new connection: [Errno -2] Name or service not known
elasticsearch: DEBUG: > None
urllib3.util.retry: DEBUG: Converted retries value: False -> Retry(total=False, connect=None, read=None, redirect=0, status=None)
urllib3.connectionpool: DEBUG: Starting new HTTP connection (428): elasticsearch:9200
elasticsearch: WARNING: DELETE http://elasticsearch:9200/test_autocompletes [status:N/A request:0.006s]
Traceback (most recent call last):
  File "/root/.cache/pypoetry/virtualenvs/cpdbv2-backend-VA82Wl8V-py3.7/lib/python3.7/site-packages/urllib3/connection.py", line 160, in _new_conn
    (self._dns_host, self.port), self.timeout, **extra_kw
  File "/root/.cache/pypoetry/virtualenvs/cpdbv2-backend-VA82Wl8V-py3.7/lib/python3.7/site-packages/urllib3/util/connection.py", line 61, in create_connection
    for res in socket.getaddrinfo(host, port, family, socket.SOCK_STREAM):
  File "/usr/local/lib/python3.7/socket.py", line 752, in getaddrinfo
    for res in _socket.getaddrinfo(host, port, family, type, proto, flags):
socket.gaierror: [Errno -2] Name or service not known

During handling of the above exception, another exception occurred:

Traceback (most recent call last):
  File "/root/.cache/pypoetry/virtualenvs/cpdbv2-backend-VA82Wl8V-py3.7/lib/python3.7/site-packages/elasticsearch/connection/http_urllib3.py", line 115, in perform_request
    response = self.pool.urlopen(method, url, body, retries=False, headers=self.headers, **kw)
  File "/root/.cache/pypoetry/virtualenvs/cpdbv2-backend-VA82Wl8V-py3.7/lib/python3.7/site-packages/urllib3/connectionpool.py", line 727, in urlopen
    method, url, error=e, _pool=self, _stacktrace=sys.exc_info()[2]
  File "/root/.cache/pypoetry/virtualenvs/cpdbv2-backend-VA82Wl8V-py3.7/lib/python3.7/site-packages/urllib3/util/retry.py", line 386, in increment
    raise six.reraise(type(error), error, _stacktrace)
  File "/root/.cache/pypoetry/virtualenvs/cpdbv2-backend-VA82Wl8V-py3.7/lib/python3.7/site-packages/urllib3/packages/six.py", line 735, in reraise
    raise value
  File "/root/.cache/pypoetry/virtualenvs/cpdbv2-backend-VA82Wl8V-py3.7/lib/python3.7/site-packages/urllib3/connectionpool.py", line 677, in urlopen
    chunked=chunked,
  File "/root/.cache/pypoetry/virtualenvs/cpdbv2-backend-VA82Wl8V-py3.7/lib/python3.7/site-packages/urllib3/connectionpool.py", line 392, in _make_request
    conn.request(method, url, **httplib_request_kw)
  File "/usr/local/lib/python3.7/http/client.py", line 1281, in request
    self._send_request(method, url, body, headers, encode_chunked)
  File "/usr/local/lib/python3.7/http/client.py", line 1327, in _send_request
    self.endheaders(body, encode_chunked=encode_chunked)
  File "/usr/local/lib/python3.7/http/client.py", line 1276, in endheaders
    self._send_output(message_body, encode_chunked=encode_chunked)
  File "/usr/local/lib/python3.7/http/client.py", line 1036, in _send_output
    self.send(msg)
  File "/usr/local/lib/python3.7/http/client.py", line 976, in send
    self.connect()
  File "/root/.cache/pypoetry/virtualenvs/cpdbv2-backend-VA82Wl8V-py3.7/lib/python3.7/site-packages/urllib3/connection.py", line 187, in connect
    conn = self._new_conn()
  File "/root/.cache/pypoetry/virtualenvs/cpdbv2-backend-VA82Wl8V-py3.7/lib/python3.7/site-packages/urllib3/connection.py", line 172, in _new_conn
    self, "Failed to establish a new connection: %s" % e
urllib3.exceptions.NewConnectionError: <urllib3.connection.HTTPConnection object at 0x7ff068b83f50>: Failed to establish a new connection: [Errno -2] Name or service not known
elasticsearch: DEBUG: > None
--------------------- >> end captured logging << ---------------------

======================================================================
ERROR: test_search_date_trr_result_empty_officer (search.tests.test_views.SearchV1ViewSetTestCase)
----------------------------------------------------------------------
Traceback (most recent call last):
  File "/usr/src/app/cpdb/search/tests/utils.py", line 12, in setUp
    autocompletes_alias.read_index.delete(ignore=404)
  File "/root/.cache/pypoetry/virtualenvs/cpdbv2-backend-VA82Wl8V-py3.7/lib/python3.7/site-packages/elasticsearch_dsl/index.py", line 222, in delete
    self.connection.indices.delete(index=self._name, **kwargs)
  File "/root/.cache/pypoetry/virtualenvs/cpdbv2-backend-VA82Wl8V-py3.7/lib/python3.7/site-packages/elasticsearch/client/utils.py", line 73, in _wrapped
    return func(*args, params=params, **kwargs)
  File "/root/.cache/pypoetry/virtualenvs/cpdbv2-backend-VA82Wl8V-py3.7/lib/python3.7/site-packages/elasticsearch/client/indices.py", line 200, in delete
    params=params)
  File "/root/.cache/pypoetry/virtualenvs/cpdbv2-backend-VA82Wl8V-py3.7/lib/python3.7/site-packages/elasticsearch/transport.py", line 312, in perform_request
    status, headers, data = connection.perform_request(method, url, params, body, ignore=ignore, timeout=timeout)
  File "/root/.cache/pypoetry/virtualenvs/cpdbv2-backend-VA82Wl8V-py3.7/lib/python3.7/site-packages/elasticsearch/connection/http_urllib3.py", line 124, in perform_request
    raise ConnectionError('N/A', str(e), e)
elasticsearch.exceptions.ConnectionError: ConnectionError(<urllib3.connection.HTTPConnection object at 0x7ff068b76ad0>: Failed to establish a new connection: [Errno -2] Name or service not known) caused by: NewConnectionError(<urllib3.connection.HTTPConnection object at 0x7ff068b76ad0>: Failed to establish a new connection: [Errno -2] Name or service not known)
-------------------- >> begin captured logging << --------------------
urllib3.util.retry: DEBUG: Converted retries value: False -> Retry(total=False, connect=None, read=None, redirect=0, status=None)
urllib3.connectionpool: DEBUG: Starting new HTTP connection (429): elasticsearch:9200
elasticsearch: WARNING: DELETE http://elasticsearch:9200/test_autocompletes [status:N/A request:0.004s]
Traceback (most recent call last):
  File "/root/.cache/pypoetry/virtualenvs/cpdbv2-backend-VA82Wl8V-py3.7/lib/python3.7/site-packages/urllib3/connection.py", line 160, in _new_conn
    (self._dns_host, self.port), self.timeout, **extra_kw
  File "/root/.cache/pypoetry/virtualenvs/cpdbv2-backend-VA82Wl8V-py3.7/lib/python3.7/site-packages/urllib3/util/connection.py", line 61, in create_connection
    for res in socket.getaddrinfo(host, port, family, socket.SOCK_STREAM):
  File "/usr/local/lib/python3.7/socket.py", line 752, in getaddrinfo
    for res in _socket.getaddrinfo(host, port, family, type, proto, flags):
socket.gaierror: [Errno -2] Name or service not known

During handling of the above exception, another exception occurred:

Traceback (most recent call last):
  File "/root/.cache/pypoetry/virtualenvs/cpdbv2-backend-VA82Wl8V-py3.7/lib/python3.7/site-packages/elasticsearch/connection/http_urllib3.py", line 115, in perform_request
    response = self.pool.urlopen(method, url, body, retries=False, headers=self.headers, **kw)
  File "/root/.cache/pypoetry/virtualenvs/cpdbv2-backend-VA82Wl8V-py3.7/lib/python3.7/site-packages/urllib3/connectionpool.py", line 727, in urlopen
    method, url, error=e, _pool=self, _stacktrace=sys.exc_info()[2]
  File "/root/.cache/pypoetry/virtualenvs/cpdbv2-backend-VA82Wl8V-py3.7/lib/python3.7/site-packages/urllib3/util/retry.py", line 386, in increment
    raise six.reraise(type(error), error, _stacktrace)
  File "/root/.cache/pypoetry/virtualenvs/cpdbv2-backend-VA82Wl8V-py3.7/lib/python3.7/site-packages/urllib3/packages/six.py", line 735, in reraise
    raise value
  File "/root/.cache/pypoetry/virtualenvs/cpdbv2-backend-VA82Wl8V-py3.7/lib/python3.7/site-packages/urllib3/connectionpool.py", line 677, in urlopen
    chunked=chunked,
  File "/root/.cache/pypoetry/virtualenvs/cpdbv2-backend-VA82Wl8V-py3.7/lib/python3.7/site-packages/urllib3/connectionpool.py", line 392, in _make_request
    conn.request(method, url, **httplib_request_kw)
  File "/usr/local/lib/python3.7/http/client.py", line 1281, in request
    self._send_request(method, url, body, headers, encode_chunked)
  File "/usr/local/lib/python3.7/http/client.py", line 1327, in _send_request
    self.endheaders(body, encode_chunked=encode_chunked)
  File "/usr/local/lib/python3.7/http/client.py", line 1276, in endheaders
    self._send_output(message_body, encode_chunked=encode_chunked)
  File "/usr/local/lib/python3.7/http/client.py", line 1036, in _send_output
    self.send(msg)
  File "/usr/local/lib/python3.7/http/client.py", line 976, in send
    self.connect()
  File "/root/.cache/pypoetry/virtualenvs/cpdbv2-backend-VA82Wl8V-py3.7/lib/python3.7/site-packages/urllib3/connection.py", line 187, in connect
    conn = self._new_conn()
  File "/root/.cache/pypoetry/virtualenvs/cpdbv2-backend-VA82Wl8V-py3.7/lib/python3.7/site-packages/urllib3/connection.py", line 172, in _new_conn
    self, "Failed to establish a new connection: %s" % e
urllib3.exceptions.NewConnectionError: <urllib3.connection.HTTPConnection object at 0x7ff068cae9d0>: Failed to establish a new connection: [Errno -2] Name or service not known
elasticsearch: DEBUG: > None
urllib3.util.retry: DEBUG: Converted retries value: False -> Retry(total=False, connect=None, read=None, redirect=0, status=None)
urllib3.connectionpool: DEBUG: Starting new HTTP connection (430): elasticsearch:9200
elasticsearch: WARNING: DELETE http://elasticsearch:9200/test_autocompletes [status:N/A request:0.004s]
Traceback (most recent call last):
  File "/root/.cache/pypoetry/virtualenvs/cpdbv2-backend-VA82Wl8V-py3.7/lib/python3.7/site-packages/urllib3/connection.py", line 160, in _new_conn
    (self._dns_host, self.port), self.timeout, **extra_kw
  File "/root/.cache/pypoetry/virtualenvs/cpdbv2-backend-VA82Wl8V-py3.7/lib/python3.7/site-packages/urllib3/util/connection.py", line 61, in create_connection
    for res in socket.getaddrinfo(host, port, family, socket.SOCK_STREAM):
  File "/usr/local/lib/python3.7/socket.py", line 752, in getaddrinfo
    for res in _socket.getaddrinfo(host, port, family, type, proto, flags):
socket.gaierror: [Errno -2] Name or service not known

During handling of the above exception, another exception occurred:

Traceback (most recent call last):
  File "/root/.cache/pypoetry/virtualenvs/cpdbv2-backend-VA82Wl8V-py3.7/lib/python3.7/site-packages/elasticsearch/connection/http_urllib3.py", line 115, in perform_request
    response = self.pool.urlopen(method, url, body, retries=False, headers=self.headers, **kw)
  File "/root/.cache/pypoetry/virtualenvs/cpdbv2-backend-VA82Wl8V-py3.7/lib/python3.7/site-packages/urllib3/connectionpool.py", line 727, in urlopen
    method, url, error=e, _pool=self, _stacktrace=sys.exc_info()[2]
  File "/root/.cache/pypoetry/virtualenvs/cpdbv2-backend-VA82Wl8V-py3.7/lib/python3.7/site-packages/urllib3/util/retry.py", line 386, in increment
    raise six.reraise(type(error), error, _stacktrace)
  File "/root/.cache/pypoetry/virtualenvs/cpdbv2-backend-VA82Wl8V-py3.7/lib/python3.7/site-packages/urllib3/packages/six.py", line 735, in reraise
    raise value
  File "/root/.cache/pypoetry/virtualenvs/cpdbv2-backend-VA82Wl8V-py3.7/lib/python3.7/site-packages/urllib3/connectionpool.py", line 677, in urlopen
    chunked=chunked,
  File "/root/.cache/pypoetry/virtualenvs/cpdbv2-backend-VA82Wl8V-py3.7/lib/python3.7/site-packages/urllib3/connectionpool.py", line 392, in _make_request
    conn.request(method, url, **httplib_request_kw)
  File "/usr/local/lib/python3.7/http/client.py", line 1281, in request
    self._send_request(method, url, body, headers, encode_chunked)
  File "/usr/local/lib/python3.7/http/client.py", line 1327, in _send_request
    self.endheaders(body, encode_chunked=encode_chunked)
  File "/usr/local/lib/python3.7/http/client.py", line 1276, in endheaders
    self._send_output(message_body, encode_chunked=encode_chunked)
  File "/usr/local/lib/python3.7/http/client.py", line 1036, in _send_output
    self.send(msg)
  File "/usr/local/lib/python3.7/http/client.py", line 976, in send
    self.connect()
  File "/root/.cache/pypoetry/virtualenvs/cpdbv2-backend-VA82Wl8V-py3.7/lib/python3.7/site-packages/urllib3/connection.py", line 187, in connect
    conn = self._new_conn()
  File "/root/.cache/pypoetry/virtualenvs/cpdbv2-backend-VA82Wl8V-py3.7/lib/python3.7/site-packages/urllib3/connection.py", line 172, in _new_conn
    self, "Failed to establish a new connection: %s" % e
urllib3.exceptions.NewConnectionError: <urllib3.connection.HTTPConnection object at 0x7ff068b83050>: Failed to establish a new connection: [Errno -2] Name or service not known
elasticsearch: DEBUG: > None
urllib3.util.retry: DEBUG: Converted retries value: False -> Retry(total=False, connect=None, read=None, redirect=0, status=None)
urllib3.connectionpool: DEBUG: Starting new HTTP connection (431): elasticsearch:9200
elasticsearch: WARNING: DELETE http://elasticsearch:9200/test_autocompletes [status:N/A request:0.006s]
Traceback (most recent call last):
  File "/root/.cache/pypoetry/virtualenvs/cpdbv2-backend-VA82Wl8V-py3.7/lib/python3.7/site-packages/urllib3/connection.py", line 160, in _new_conn
    (self._dns_host, self.port), self.timeout, **extra_kw
  File "/root/.cache/pypoetry/virtualenvs/cpdbv2-backend-VA82Wl8V-py3.7/lib/python3.7/site-packages/urllib3/util/connection.py", line 61, in create_connection
    for res in socket.getaddrinfo(host, port, family, socket.SOCK_STREAM):
  File "/usr/local/lib/python3.7/socket.py", line 752, in getaddrinfo
    for res in _socket.getaddrinfo(host, port, family, type, proto, flags):
socket.gaierror: [Errno -2] Name or service not known

During handling of the above exception, another exception occurred:

Traceback (most recent call last):
  File "/root/.cache/pypoetry/virtualenvs/cpdbv2-backend-VA82Wl8V-py3.7/lib/python3.7/site-packages/elasticsearch/connection/http_urllib3.py", line 115, in perform_request
    response = self.pool.urlopen(method, url, body, retries=False, headers=self.headers, **kw)
  File "/root/.cache/pypoetry/virtualenvs/cpdbv2-backend-VA82Wl8V-py3.7/lib/python3.7/site-packages/urllib3/connectionpool.py", line 727, in urlopen
    method, url, error=e, _pool=self, _stacktrace=sys.exc_info()[2]
  File "/root/.cache/pypoetry/virtualenvs/cpdbv2-backend-VA82Wl8V-py3.7/lib/python3.7/site-packages/urllib3/util/retry.py", line 386, in increment
    raise six.reraise(type(error), error, _stacktrace)
  File "/root/.cache/pypoetry/virtualenvs/cpdbv2-backend-VA82Wl8V-py3.7/lib/python3.7/site-packages/urllib3/packages/six.py", line 735, in reraise
    raise value
  File "/root/.cache/pypoetry/virtualenvs/cpdbv2-backend-VA82Wl8V-py3.7/lib/python3.7/site-packages/urllib3/connectionpool.py", line 677, in urlopen
    chunked=chunked,
  File "/root/.cache/pypoetry/virtualenvs/cpdbv2-backend-VA82Wl8V-py3.7/lib/python3.7/site-packages/urllib3/connectionpool.py", line 392, in _make_request
    conn.request(method, url, **httplib_request_kw)
  File "/usr/local/lib/python3.7/http/client.py", line 1281, in request
    self._send_request(method, url, body, headers, encode_chunked)
  File "/usr/local/lib/python3.7/http/client.py", line 1327, in _send_request
    self.endheaders(body, encode_chunked=encode_chunked)
  File "/usr/local/lib/python3.7/http/client.py", line 1276, in endheaders
    self._send_output(message_body, encode_chunked=encode_chunked)
  File "/usr/local/lib/python3.7/http/client.py", line 1036, in _send_output
    self.send(msg)
  File "/usr/local/lib/python3.7/http/client.py", line 976, in send
    self.connect()
  File "/root/.cache/pypoetry/virtualenvs/cpdbv2-backend-VA82Wl8V-py3.7/lib/python3.7/site-packages/urllib3/connection.py", line 187, in connect
    conn = self._new_conn()
  File "/root/.cache/pypoetry/virtualenvs/cpdbv2-backend-VA82Wl8V-py3.7/lib/python3.7/site-packages/urllib3/connection.py", line 172, in _new_conn
    self, "Failed to establish a new connection: %s" % e
urllib3.exceptions.NewConnectionError: <urllib3.connection.HTTPConnection object at 0x7ff068bc8410>: Failed to establish a new connection: [Errno -2] Name or service not known
elasticsearch: DEBUG: > None
urllib3.util.retry: DEBUG: Converted retries value: False -> Retry(total=False, connect=None, read=None, redirect=0, status=None)
urllib3.connectionpool: DEBUG: Starting new HTTP connection (432): elasticsearch:9200
elasticsearch: WARNING: DELETE http://elasticsearch:9200/test_autocompletes [status:N/A request:0.005s]
Traceback (most recent call last):
  File "/root/.cache/pypoetry/virtualenvs/cpdbv2-backend-VA82Wl8V-py3.7/lib/python3.7/site-packages/urllib3/connection.py", line 160, in _new_conn
    (self._dns_host, self.port), self.timeout, **extra_kw
  File "/root/.cache/pypoetry/virtualenvs/cpdbv2-backend-VA82Wl8V-py3.7/lib/python3.7/site-packages/urllib3/util/connection.py", line 61, in create_connection
    for res in socket.getaddrinfo(host, port, family, socket.SOCK_STREAM):
  File "/usr/local/lib/python3.7/socket.py", line 752, in getaddrinfo
    for res in _socket.getaddrinfo(host, port, family, type, proto, flags):
socket.gaierror: [Errno -2] Name or service not known

During handling of the above exception, another exception occurred:

Traceback (most recent call last):
  File "/root/.cache/pypoetry/virtualenvs/cpdbv2-backend-VA82Wl8V-py3.7/lib/python3.7/site-packages/elasticsearch/connection/http_urllib3.py", line 115, in perform_request
    response = self.pool.urlopen(method, url, body, retries=False, headers=self.headers, **kw)
  File "/root/.cache/pypoetry/virtualenvs/cpdbv2-backend-VA82Wl8V-py3.7/lib/python3.7/site-packages/urllib3/connectionpool.py", line 727, in urlopen
    method, url, error=e, _pool=self, _stacktrace=sys.exc_info()[2]
  File "/root/.cache/pypoetry/virtualenvs/cpdbv2-backend-VA82Wl8V-py3.7/lib/python3.7/site-packages/urllib3/util/retry.py", line 386, in increment
    raise six.reraise(type(error), error, _stacktrace)
  File "/root/.cache/pypoetry/virtualenvs/cpdbv2-backend-VA82Wl8V-py3.7/lib/python3.7/site-packages/urllib3/packages/six.py", line 735, in reraise
    raise value
  File "/root/.cache/pypoetry/virtualenvs/cpdbv2-backend-VA82Wl8V-py3.7/lib/python3.7/site-packages/urllib3/connectionpool.py", line 677, in urlopen
    chunked=chunked,
  File "/root/.cache/pypoetry/virtualenvs/cpdbv2-backend-VA82Wl8V-py3.7/lib/python3.7/site-packages/urllib3/connectionpool.py", line 392, in _make_request
    conn.request(method, url, **httplib_request_kw)
  File "/usr/local/lib/python3.7/http/client.py", line 1281, in request
    self._send_request(method, url, body, headers, encode_chunked)
  File "/usr/local/lib/python3.7/http/client.py", line 1327, in _send_request
    self.endheaders(body, encode_chunked=encode_chunked)
  File "/usr/local/lib/python3.7/http/client.py", line 1276, in endheaders
    self._send_output(message_body, encode_chunked=encode_chunked)
  File "/usr/local/lib/python3.7/http/client.py", line 1036, in _send_output
    self.send(msg)
  File "/usr/local/lib/python3.7/http/client.py", line 976, in send
    self.connect()
  File "/root/.cache/pypoetry/virtualenvs/cpdbv2-backend-VA82Wl8V-py3.7/lib/python3.7/site-packages/urllib3/connection.py", line 187, in connect
    conn = self._new_conn()
  File "/root/.cache/pypoetry/virtualenvs/cpdbv2-backend-VA82Wl8V-py3.7/lib/python3.7/site-packages/urllib3/connection.py", line 172, in _new_conn
    self, "Failed to establish a new connection: %s" % e
urllib3.exceptions.NewConnectionError: <urllib3.connection.HTTPConnection object at 0x7ff068b76ad0>: Failed to establish a new connection: [Errno -2] Name or service not known
elasticsearch: DEBUG: > None
--------------------- >> end captured logging << ---------------------

======================================================================
ERROR: test_search_date_trr_result_empty_street (search.tests.test_views.SearchV1ViewSetTestCase)
----------------------------------------------------------------------
Traceback (most recent call last):
  File "/usr/src/app/cpdb/search/tests/utils.py", line 12, in setUp
    autocompletes_alias.read_index.delete(ignore=404)
  File "/root/.cache/pypoetry/virtualenvs/cpdbv2-backend-VA82Wl8V-py3.7/lib/python3.7/site-packages/elasticsearch_dsl/index.py", line 222, in delete
    self.connection.indices.delete(index=self._name, **kwargs)
  File "/root/.cache/pypoetry/virtualenvs/cpdbv2-backend-VA82Wl8V-py3.7/lib/python3.7/site-packages/elasticsearch/client/utils.py", line 73, in _wrapped
    return func(*args, params=params, **kwargs)
  File "/root/.cache/pypoetry/virtualenvs/cpdbv2-backend-VA82Wl8V-py3.7/lib/python3.7/site-packages/elasticsearch/client/indices.py", line 200, in delete
    params=params)
  File "/root/.cache/pypoetry/virtualenvs/cpdbv2-backend-VA82Wl8V-py3.7/lib/python3.7/site-packages/elasticsearch/transport.py", line 312, in perform_request
    status, headers, data = connection.perform_request(method, url, params, body, ignore=ignore, timeout=timeout)
  File "/root/.cache/pypoetry/virtualenvs/cpdbv2-backend-VA82Wl8V-py3.7/lib/python3.7/site-packages/elasticsearch/connection/http_urllib3.py", line 124, in perform_request
    raise ConnectionError('N/A', str(e), e)
elasticsearch.exceptions.ConnectionError: ConnectionError(<urllib3.connection.HTTPConnection object at 0x7ff068c19bd0>: Failed to establish a new connection: [Errno -2] Name or service not known) caused by: NewConnectionError(<urllib3.connection.HTTPConnection object at 0x7ff068c19bd0>: Failed to establish a new connection: [Errno -2] Name or service not known)
-------------------- >> begin captured logging << --------------------
urllib3.util.retry: DEBUG: Converted retries value: False -> Retry(total=False, connect=None, read=None, redirect=0, status=None)
urllib3.connectionpool: DEBUG: Starting new HTTP connection (433): elasticsearch:9200
elasticsearch: WARNING: DELETE http://elasticsearch:9200/test_autocompletes [status:N/A request:0.004s]
Traceback (most recent call last):
  File "/root/.cache/pypoetry/virtualenvs/cpdbv2-backend-VA82Wl8V-py3.7/lib/python3.7/site-packages/urllib3/connection.py", line 160, in _new_conn
    (self._dns_host, self.port), self.timeout, **extra_kw
  File "/root/.cache/pypoetry/virtualenvs/cpdbv2-backend-VA82Wl8V-py3.7/lib/python3.7/site-packages/urllib3/util/connection.py", line 61, in create_connection
    for res in socket.getaddrinfo(host, port, family, socket.SOCK_STREAM):
  File "/usr/local/lib/python3.7/socket.py", line 752, in getaddrinfo
    for res in _socket.getaddrinfo(host, port, family, type, proto, flags):
socket.gaierror: [Errno -2] Name or service not known

During handling of the above exception, another exception occurred:

Traceback (most recent call last):
  File "/root/.cache/pypoetry/virtualenvs/cpdbv2-backend-VA82Wl8V-py3.7/lib/python3.7/site-packages/elasticsearch/connection/http_urllib3.py", line 115, in perform_request
    response = self.pool.urlopen(method, url, body, retries=False, headers=self.headers, **kw)
  File "/root/.cache/pypoetry/virtualenvs/cpdbv2-backend-VA82Wl8V-py3.7/lib/python3.7/site-packages/urllib3/connectionpool.py", line 727, in urlopen
    method, url, error=e, _pool=self, _stacktrace=sys.exc_info()[2]
  File "/root/.cache/pypoetry/virtualenvs/cpdbv2-backend-VA82Wl8V-py3.7/lib/python3.7/site-packages/urllib3/util/retry.py", line 386, in increment
    raise six.reraise(type(error), error, _stacktrace)
  File "/root/.cache/pypoetry/virtualenvs/cpdbv2-backend-VA82Wl8V-py3.7/lib/python3.7/site-packages/urllib3/packages/six.py", line 735, in reraise
    raise value
  File "/root/.cache/pypoetry/virtualenvs/cpdbv2-backend-VA82Wl8V-py3.7/lib/python3.7/site-packages/urllib3/connectionpool.py", line 677, in urlopen
    chunked=chunked,
  File "/root/.cache/pypoetry/virtualenvs/cpdbv2-backend-VA82Wl8V-py3.7/lib/python3.7/site-packages/urllib3/connectionpool.py", line 392, in _make_request
    conn.request(method, url, **httplib_request_kw)
  File "/usr/local/lib/python3.7/http/client.py", line 1281, in request
    self._send_request(method, url, body, headers, encode_chunked)
  File "/usr/local/lib/python3.7/http/client.py", line 1327, in _send_request
    self.endheaders(body, encode_chunked=encode_chunked)
  File "/usr/local/lib/python3.7/http/client.py", line 1276, in endheaders
    self._send_output(message_body, encode_chunked=encode_chunked)
  File "/usr/local/lib/python3.7/http/client.py", line 1036, in _send_output
    self.send(msg)
  File "/usr/local/lib/python3.7/http/client.py", line 976, in send
    self.connect()
  File "/root/.cache/pypoetry/virtualenvs/cpdbv2-backend-VA82Wl8V-py3.7/lib/python3.7/site-packages/urllib3/connection.py", line 187, in connect
    conn = self._new_conn()
  File "/root/.cache/pypoetry/virtualenvs/cpdbv2-backend-VA82Wl8V-py3.7/lib/python3.7/site-packages/urllib3/connection.py", line 172, in _new_conn
    self, "Failed to establish a new connection: %s" % e
urllib3.exceptions.NewConnectionError: <urllib3.connection.HTTPConnection object at 0x7ff068bea350>: Failed to establish a new connection: [Errno -2] Name or service not known
elasticsearch: DEBUG: > None
urllib3.util.retry: DEBUG: Converted retries value: False -> Retry(total=False, connect=None, read=None, redirect=0, status=None)
urllib3.connectionpool: DEBUG: Starting new HTTP connection (434): elasticsearch:9200
elasticsearch: WARNING: DELETE http://elasticsearch:9200/test_autocompletes [status:N/A request:0.006s]
Traceback (most recent call last):
  File "/root/.cache/pypoetry/virtualenvs/cpdbv2-backend-VA82Wl8V-py3.7/lib/python3.7/site-packages/urllib3/connection.py", line 160, in _new_conn
    (self._dns_host, self.port), self.timeout, **extra_kw
  File "/root/.cache/pypoetry/virtualenvs/cpdbv2-backend-VA82Wl8V-py3.7/lib/python3.7/site-packages/urllib3/util/connection.py", line 61, in create_connection
    for res in socket.getaddrinfo(host, port, family, socket.SOCK_STREAM):
  File "/usr/local/lib/python3.7/socket.py", line 752, in getaddrinfo
    for res in _socket.getaddrinfo(host, port, family, type, proto, flags):
socket.gaierror: [Errno -2] Name or service not known

During handling of the above exception, another exception occurred:

Traceback (most recent call last):
  File "/root/.cache/pypoetry/virtualenvs/cpdbv2-backend-VA82Wl8V-py3.7/lib/python3.7/site-packages/elasticsearch/connection/http_urllib3.py", line 115, in perform_request
    response = self.pool.urlopen(method, url, body, retries=False, headers=self.headers, **kw)
  File "/root/.cache/pypoetry/virtualenvs/cpdbv2-backend-VA82Wl8V-py3.7/lib/python3.7/site-packages/urllib3/connectionpool.py", line 727, in urlopen
    method, url, error=e, _pool=self, _stacktrace=sys.exc_info()[2]
  File "/root/.cache/pypoetry/virtualenvs/cpdbv2-backend-VA82Wl8V-py3.7/lib/python3.7/site-packages/urllib3/util/retry.py", line 386, in increment
    raise six.reraise(type(error), error, _stacktrace)
  File "/root/.cache/pypoetry/virtualenvs/cpdbv2-backend-VA82Wl8V-py3.7/lib/python3.7/site-packages/urllib3/packages/six.py", line 735, in reraise
    raise value
  File "/root/.cache/pypoetry/virtualenvs/cpdbv2-backend-VA82Wl8V-py3.7/lib/python3.7/site-packages/urllib3/connectionpool.py", line 677, in urlopen
    chunked=chunked,
  File "/root/.cache/pypoetry/virtualenvs/cpdbv2-backend-VA82Wl8V-py3.7/lib/python3.7/site-packages/urllib3/connectionpool.py", line 392, in _make_request
    conn.request(method, url, **httplib_request_kw)
  File "/usr/local/lib/python3.7/http/client.py", line 1281, in request
    self._send_request(method, url, body, headers, encode_chunked)
  File "/usr/local/lib/python3.7/http/client.py", line 1327, in _send_request
    self.endheaders(body, encode_chunked=encode_chunked)
  File "/usr/local/lib/python3.7/http/client.py", line 1276, in endheaders
    self._send_output(message_body, encode_chunked=encode_chunked)
  File "/usr/local/lib/python3.7/http/client.py", line 1036, in _send_output
    self.send(msg)
  File "/usr/local/lib/python3.7/http/client.py", line 976, in send
    self.connect()
  File "/root/.cache/pypoetry/virtualenvs/cpdbv2-backend-VA82Wl8V-py3.7/lib/python3.7/site-packages/urllib3/connection.py", line 187, in connect
    conn = self._new_conn()
  File "/root/.cache/pypoetry/virtualenvs/cpdbv2-backend-VA82Wl8V-py3.7/lib/python3.7/site-packages/urllib3/connection.py", line 172, in _new_conn
    self, "Failed to establish a new connection: %s" % e
urllib3.exceptions.NewConnectionError: <urllib3.connection.HTTPConnection object at 0x7ff068bfdf50>: Failed to establish a new connection: [Errno -2] Name or service not known
elasticsearch: DEBUG: > None
urllib3.util.retry: DEBUG: Converted retries value: False -> Retry(total=False, connect=None, read=None, redirect=0, status=None)
urllib3.connectionpool: DEBUG: Starting new HTTP connection (435): elasticsearch:9200
elasticsearch: WARNING: DELETE http://elasticsearch:9200/test_autocompletes [status:N/A request:0.004s]
Traceback (most recent call last):
  File "/root/.cache/pypoetry/virtualenvs/cpdbv2-backend-VA82Wl8V-py3.7/lib/python3.7/site-packages/urllib3/connection.py", line 160, in _new_conn
    (self._dns_host, self.port), self.timeout, **extra_kw
  File "/root/.cache/pypoetry/virtualenvs/cpdbv2-backend-VA82Wl8V-py3.7/lib/python3.7/site-packages/urllib3/util/connection.py", line 61, in create_connection
    for res in socket.getaddrinfo(host, port, family, socket.SOCK_STREAM):
  File "/usr/local/lib/python3.7/socket.py", line 752, in getaddrinfo
    for res in _socket.getaddrinfo(host, port, family, type, proto, flags):
socket.gaierror: [Errno -2] Name or service not known

During handling of the above exception, another exception occurred:

Traceback (most recent call last):
  File "/root/.cache/pypoetry/virtualenvs/cpdbv2-backend-VA82Wl8V-py3.7/lib/python3.7/site-packages/elasticsearch/connection/http_urllib3.py", line 115, in perform_request
    response = self.pool.urlopen(method, url, body, retries=False, headers=self.headers, **kw)
  File "/root/.cache/pypoetry/virtualenvs/cpdbv2-backend-VA82Wl8V-py3.7/lib/python3.7/site-packages/urllib3/connectionpool.py", line 727, in urlopen
    method, url, error=e, _pool=self, _stacktrace=sys.exc_info()[2]
  File "/root/.cache/pypoetry/virtualenvs/cpdbv2-backend-VA82Wl8V-py3.7/lib/python3.7/site-packages/urllib3/util/retry.py", line 386, in increment
    raise six.reraise(type(error), error, _stacktrace)
  File "/root/.cache/pypoetry/virtualenvs/cpdbv2-backend-VA82Wl8V-py3.7/lib/python3.7/site-packages/urllib3/packages/six.py", line 735, in reraise
    raise value
  File "/root/.cache/pypoetry/virtualenvs/cpdbv2-backend-VA82Wl8V-py3.7/lib/python3.7/site-packages/urllib3/connectionpool.py", line 677, in urlopen
    chunked=chunked,
  File "/root/.cache/pypoetry/virtualenvs/cpdbv2-backend-VA82Wl8V-py3.7/lib/python3.7/site-packages/urllib3/connectionpool.py", line 392, in _make_request
    conn.request(method, url, **httplib_request_kw)
  File "/usr/local/lib/python3.7/http/client.py", line 1281, in request
    self._send_request(method, url, body, headers, encode_chunked)
  File "/usr/local/lib/python3.7/http/client.py", line 1327, in _send_request
    self.endheaders(body, encode_chunked=encode_chunked)
  File "/usr/local/lib/python3.7/http/client.py", line 1276, in endheaders
    self._send_output(message_body, encode_chunked=encode_chunked)
  File "/usr/local/lib/python3.7/http/client.py", line 1036, in _send_output
    self.send(msg)
  File "/usr/local/lib/python3.7/http/client.py", line 976, in send
    self.connect()
  File "/root/.cache/pypoetry/virtualenvs/cpdbv2-backend-VA82Wl8V-py3.7/lib/python3.7/site-packages/urllib3/connection.py", line 187, in connect
    conn = self._new_conn()
  File "/root/.cache/pypoetry/virtualenvs/cpdbv2-backend-VA82Wl8V-py3.7/lib/python3.7/site-packages/urllib3/connection.py", line 172, in _new_conn
    self, "Failed to establish a new connection: %s" % e
urllib3.exceptions.NewConnectionError: <urllib3.connection.HTTPConnection object at 0x7ff068c0b510>: Failed to establish a new connection: [Errno -2] Name or service not known
elasticsearch: DEBUG: > None
urllib3.util.retry: DEBUG: Converted retries value: False -> Retry(total=False, connect=None, read=None, redirect=0, status=None)
urllib3.connectionpool: DEBUG: Starting new HTTP connection (436): elasticsearch:9200
elasticsearch: WARNING: DELETE http://elasticsearch:9200/test_autocompletes [status:N/A request:0.004s]
Traceback (most recent call last):
  File "/root/.cache/pypoetry/virtualenvs/cpdbv2-backend-VA82Wl8V-py3.7/lib/python3.7/site-packages/urllib3/connection.py", line 160, in _new_conn
    (self._dns_host, self.port), self.timeout, **extra_kw
  File "/root/.cache/pypoetry/virtualenvs/cpdbv2-backend-VA82Wl8V-py3.7/lib/python3.7/site-packages/urllib3/util/connection.py", line 61, in create_connection
    for res in socket.getaddrinfo(host, port, family, socket.SOCK_STREAM):
  File "/usr/local/lib/python3.7/socket.py", line 752, in getaddrinfo
    for res in _socket.getaddrinfo(host, port, family, type, proto, flags):
socket.gaierror: [Errno -2] Name or service not known

During handling of the above exception, another exception occurred:

Traceback (most recent call last):
  File "/root/.cache/pypoetry/virtualenvs/cpdbv2-backend-VA82Wl8V-py3.7/lib/python3.7/site-packages/elasticsearch/connection/http_urllib3.py", line 115, in perform_request
    response = self.pool.urlopen(method, url, body, retries=False, headers=self.headers, **kw)
  File "/root/.cache/pypoetry/virtualenvs/cpdbv2-backend-VA82Wl8V-py3.7/lib/python3.7/site-packages/urllib3/connectionpool.py", line 727, in urlopen
    method, url, error=e, _pool=self, _stacktrace=sys.exc_info()[2]
  File "/root/.cache/pypoetry/virtualenvs/cpdbv2-backend-VA82Wl8V-py3.7/lib/python3.7/site-packages/urllib3/util/retry.py", line 386, in increment
    raise six.reraise(type(error), error, _stacktrace)
  File "/root/.cache/pypoetry/virtualenvs/cpdbv2-backend-VA82Wl8V-py3.7/lib/python3.7/site-packages/urllib3/packages/six.py", line 735, in reraise
    raise value
  File "/root/.cache/pypoetry/virtualenvs/cpdbv2-backend-VA82Wl8V-py3.7/lib/python3.7/site-packages/urllib3/connectionpool.py", line 677, in urlopen
    chunked=chunked,
  File "/root/.cache/pypoetry/virtualenvs/cpdbv2-backend-VA82Wl8V-py3.7/lib/python3.7/site-packages/urllib3/connectionpool.py", line 392, in _make_request
    conn.request(method, url, **httplib_request_kw)
  File "/usr/local/lib/python3.7/http/client.py", line 1281, in request
    self._send_request(method, url, body, headers, encode_chunked)
  File "/usr/local/lib/python3.7/http/client.py", line 1327, in _send_request
    self.endheaders(body, encode_chunked=encode_chunked)
  File "/usr/local/lib/python3.7/http/client.py", line 1276, in endheaders
    self._send_output(message_body, encode_chunked=encode_chunked)
  File "/usr/local/lib/python3.7/http/client.py", line 1036, in _send_output
    self.send(msg)
  File "/usr/local/lib/python3.7/http/client.py", line 976, in send
    self.connect()
  File "/root/.cache/pypoetry/virtualenvs/cpdbv2-backend-VA82Wl8V-py3.7/lib/python3.7/site-packages/urllib3/connection.py", line 187, in connect
    conn = self._new_conn()
  File "/root/.cache/pypoetry/virtualenvs/cpdbv2-backend-VA82Wl8V-py3.7/lib/python3.7/site-packages/urllib3/connection.py", line 172, in _new_conn
    self, "Failed to establish a new connection: %s" % e
urllib3.exceptions.NewConnectionError: <urllib3.connection.HTTPConnection object at 0x7ff068c19bd0>: Failed to establish a new connection: [Errno -2] Name or service not known
elasticsearch: DEBUG: > None
--------------------- >> end captured logging << ---------------------

======================================================================
ERROR: test_search_investigator_cr_results (search.tests.test_views.SearchV1ViewSetTestCase)
----------------------------------------------------------------------
Traceback (most recent call last):
  File "/usr/src/app/cpdb/search/tests/utils.py", line 12, in setUp
    autocompletes_alias.read_index.delete(ignore=404)
  File "/root/.cache/pypoetry/virtualenvs/cpdbv2-backend-VA82Wl8V-py3.7/lib/python3.7/site-packages/elasticsearch_dsl/index.py", line 222, in delete
    self.connection.indices.delete(index=self._name, **kwargs)
  File "/root/.cache/pypoetry/virtualenvs/cpdbv2-backend-VA82Wl8V-py3.7/lib/python3.7/site-packages/elasticsearch/client/utils.py", line 73, in _wrapped
    return func(*args, params=params, **kwargs)
  File "/root/.cache/pypoetry/virtualenvs/cpdbv2-backend-VA82Wl8V-py3.7/lib/python3.7/site-packages/elasticsearch/client/indices.py", line 200, in delete
    params=params)
  File "/root/.cache/pypoetry/virtualenvs/cpdbv2-backend-VA82Wl8V-py3.7/lib/python3.7/site-packages/elasticsearch/transport.py", line 312, in perform_request
    status, headers, data = connection.perform_request(method, url, params, body, ignore=ignore, timeout=timeout)
  File "/root/.cache/pypoetry/virtualenvs/cpdbv2-backend-VA82Wl8V-py3.7/lib/python3.7/site-packages/elasticsearch/connection/http_urllib3.py", line 124, in perform_request
    raise ConnectionError('N/A', str(e), e)
elasticsearch.exceptions.ConnectionError: ConnectionError(<urllib3.connection.HTTPConnection object at 0x7ff068b35650>: Failed to establish a new connection: [Errno -2] Name or service not known) caused by: NewConnectionError(<urllib3.connection.HTTPConnection object at 0x7ff068b35650>: Failed to establish a new connection: [Errno -2] Name or service not known)
-------------------- >> begin captured logging << --------------------
urllib3.util.retry: DEBUG: Converted retries value: False -> Retry(total=False, connect=None, read=None, redirect=0, status=None)
urllib3.connectionpool: DEBUG: Starting new HTTP connection (437): elasticsearch:9200
elasticsearch: WARNING: DELETE http://elasticsearch:9200/test_autocompletes [status:N/A request:0.005s]
Traceback (most recent call last):
  File "/root/.cache/pypoetry/virtualenvs/cpdbv2-backend-VA82Wl8V-py3.7/lib/python3.7/site-packages/urllib3/connection.py", line 160, in _new_conn
    (self._dns_host, self.port), self.timeout, **extra_kw
  File "/root/.cache/pypoetry/virtualenvs/cpdbv2-backend-VA82Wl8V-py3.7/lib/python3.7/site-packages/urllib3/util/connection.py", line 61, in create_connection
    for res in socket.getaddrinfo(host, port, family, socket.SOCK_STREAM):
  File "/usr/local/lib/python3.7/socket.py", line 752, in getaddrinfo
    for res in _socket.getaddrinfo(host, port, family, type, proto, flags):
socket.gaierror: [Errno -2] Name or service not known

During handling of the above exception, another exception occurred:

Traceback (most recent call last):
  File "/root/.cache/pypoetry/virtualenvs/cpdbv2-backend-VA82Wl8V-py3.7/lib/python3.7/site-packages/elasticsearch/connection/http_urllib3.py", line 115, in perform_request
    response = self.pool.urlopen(method, url, body, retries=False, headers=self.headers, **kw)
  File "/root/.cache/pypoetry/virtualenvs/cpdbv2-backend-VA82Wl8V-py3.7/lib/python3.7/site-packages/urllib3/connectionpool.py", line 727, in urlopen
    method, url, error=e, _pool=self, _stacktrace=sys.exc_info()[2]
  File "/root/.cache/pypoetry/virtualenvs/cpdbv2-backend-VA82Wl8V-py3.7/lib/python3.7/site-packages/urllib3/util/retry.py", line 386, in increment
    raise six.reraise(type(error), error, _stacktrace)
  File "/root/.cache/pypoetry/virtualenvs/cpdbv2-backend-VA82Wl8V-py3.7/lib/python3.7/site-packages/urllib3/packages/six.py", line 735, in reraise
    raise value
  File "/root/.cache/pypoetry/virtualenvs/cpdbv2-backend-VA82Wl8V-py3.7/lib/python3.7/site-packages/urllib3/connectionpool.py", line 677, in urlopen
    chunked=chunked,
  File "/root/.cache/pypoetry/virtualenvs/cpdbv2-backend-VA82Wl8V-py3.7/lib/python3.7/site-packages/urllib3/connectionpool.py", line 392, in _make_request
    conn.request(method, url, **httplib_request_kw)
  File "/usr/local/lib/python3.7/http/client.py", line 1281, in request
    self._send_request(method, url, body, headers, encode_chunked)
  File "/usr/local/lib/python3.7/http/client.py", line 1327, in _send_request
    self.endheaders(body, encode_chunked=encode_chunked)
  File "/usr/local/lib/python3.7/http/client.py", line 1276, in endheaders
    self._send_output(message_body, encode_chunked=encode_chunked)
  File "/usr/local/lib/python3.7/http/client.py", line 1036, in _send_output
    self.send(msg)
  File "/usr/local/lib/python3.7/http/client.py", line 976, in send
    self.connect()
  File "/root/.cache/pypoetry/virtualenvs/cpdbv2-backend-VA82Wl8V-py3.7/lib/python3.7/site-packages/urllib3/connection.py", line 187, in connect
    conn = self._new_conn()
  File "/root/.cache/pypoetry/virtualenvs/cpdbv2-backend-VA82Wl8V-py3.7/lib/python3.7/site-packages/urllib3/connection.py", line 172, in _new_conn
    self, "Failed to establish a new connection: %s" % e
urllib3.exceptions.NewConnectionError: <urllib3.connection.HTTPConnection object at 0x7ff068b35fd0>: Failed to establish a new connection: [Errno -2] Name or service not known
elasticsearch: DEBUG: > None
urllib3.util.retry: DEBUG: Converted retries value: False -> Retry(total=False, connect=None, read=None, redirect=0, status=None)
urllib3.connectionpool: DEBUG: Starting new HTTP connection (438): elasticsearch:9200
elasticsearch: WARNING: DELETE http://elasticsearch:9200/test_autocompletes [status:N/A request:0.005s]
Traceback (most recent call last):
  File "/root/.cache/pypoetry/virtualenvs/cpdbv2-backend-VA82Wl8V-py3.7/lib/python3.7/site-packages/urllib3/connection.py", line 160, in _new_conn
    (self._dns_host, self.port), self.timeout, **extra_kw
  File "/root/.cache/pypoetry/virtualenvs/cpdbv2-backend-VA82Wl8V-py3.7/lib/python3.7/site-packages/urllib3/util/connection.py", line 61, in create_connection
    for res in socket.getaddrinfo(host, port, family, socket.SOCK_STREAM):
  File "/usr/local/lib/python3.7/socket.py", line 752, in getaddrinfo
    for res in _socket.getaddrinfo(host, port, family, type, proto, flags):
socket.gaierror: [Errno -2] Name or service not known

During handling of the above exception, another exception occurred:

Traceback (most recent call last):
  File "/root/.cache/pypoetry/virtualenvs/cpdbv2-backend-VA82Wl8V-py3.7/lib/python3.7/site-packages/elasticsearch/connection/http_urllib3.py", line 115, in perform_request
    response = self.pool.urlopen(method, url, body, retries=False, headers=self.headers, **kw)
  File "/root/.cache/pypoetry/virtualenvs/cpdbv2-backend-VA82Wl8V-py3.7/lib/python3.7/site-packages/urllib3/connectionpool.py", line 727, in urlopen
    method, url, error=e, _pool=self, _stacktrace=sys.exc_info()[2]
  File "/root/.cache/pypoetry/virtualenvs/cpdbv2-backend-VA82Wl8V-py3.7/lib/python3.7/site-packages/urllib3/util/retry.py", line 386, in increment
    raise six.reraise(type(error), error, _stacktrace)
  File "/root/.cache/pypoetry/virtualenvs/cpdbv2-backend-VA82Wl8V-py3.7/lib/python3.7/site-packages/urllib3/packages/six.py", line 735, in reraise
    raise value
  File "/root/.cache/pypoetry/virtualenvs/cpdbv2-backend-VA82Wl8V-py3.7/lib/python3.7/site-packages/urllib3/connectionpool.py", line 677, in urlopen
    chunked=chunked,
  File "/root/.cache/pypoetry/virtualenvs/cpdbv2-backend-VA82Wl8V-py3.7/lib/python3.7/site-packages/urllib3/connectionpool.py", line 392, in _make_request
    conn.request(method, url, **httplib_request_kw)
  File "/usr/local/lib/python3.7/http/client.py", line 1281, in request
    self._send_request(method, url, body, headers, encode_chunked)
  File "/usr/local/lib/python3.7/http/client.py", line 1327, in _send_request
    self.endheaders(body, encode_chunked=encode_chunked)
  File "/usr/local/lib/python3.7/http/client.py", line 1276, in endheaders
    self._send_output(message_body, encode_chunked=encode_chunked)
  File "/usr/local/lib/python3.7/http/client.py", line 1036, in _send_output
    self.send(msg)
  File "/usr/local/lib/python3.7/http/client.py", line 976, in send
    self.connect()
  File "/root/.cache/pypoetry/virtualenvs/cpdbv2-backend-VA82Wl8V-py3.7/lib/python3.7/site-packages/urllib3/connection.py", line 187, in connect
    conn = self._new_conn()
  File "/root/.cache/pypoetry/virtualenvs/cpdbv2-backend-VA82Wl8V-py3.7/lib/python3.7/site-packages/urllib3/connection.py", line 172, in _new_conn
    self, "Failed to establish a new connection: %s" % e
urllib3.exceptions.NewConnectionError: <urllib3.connection.HTTPConnection object at 0x7ff068b3e450>: Failed to establish a new connection: [Errno -2] Name or service not known
elasticsearch: DEBUG: > None
urllib3.util.retry: DEBUG: Converted retries value: False -> Retry(total=False, connect=None, read=None, redirect=0, status=None)
urllib3.connectionpool: DEBUG: Starting new HTTP connection (439): elasticsearch:9200
elasticsearch: WARNING: DELETE http://elasticsearch:9200/test_autocompletes [status:N/A request:0.004s]
Traceback (most recent call last):
  File "/root/.cache/pypoetry/virtualenvs/cpdbv2-backend-VA82Wl8V-py3.7/lib/python3.7/site-packages/urllib3/connection.py", line 160, in _new_conn
    (self._dns_host, self.port), self.timeout, **extra_kw
  File "/root/.cache/pypoetry/virtualenvs/cpdbv2-backend-VA82Wl8V-py3.7/lib/python3.7/site-packages/urllib3/util/connection.py", line 61, in create_connection
    for res in socket.getaddrinfo(host, port, family, socket.SOCK_STREAM):
  File "/usr/local/lib/python3.7/socket.py", line 752, in getaddrinfo
    for res in _socket.getaddrinfo(host, port, family, type, proto, flags):
socket.gaierror: [Errno -2] Name or service not known

During handling of the above exception, another exception occurred:

Traceback (most recent call last):
  File "/root/.cache/pypoetry/virtualenvs/cpdbv2-backend-VA82Wl8V-py3.7/lib/python3.7/site-packages/elasticsearch/connection/http_urllib3.py", line 115, in perform_request
    response = self.pool.urlopen(method, url, body, retries=False, headers=self.headers, **kw)
  File "/root/.cache/pypoetry/virtualenvs/cpdbv2-backend-VA82Wl8V-py3.7/lib/python3.7/site-packages/urllib3/connectionpool.py", line 727, in urlopen
    method, url, error=e, _pool=self, _stacktrace=sys.exc_info()[2]
  File "/root/.cache/pypoetry/virtualenvs/cpdbv2-backend-VA82Wl8V-py3.7/lib/python3.7/site-packages/urllib3/util/retry.py", line 386, in increment
    raise six.reraise(type(error), error, _stacktrace)
  File "/root/.cache/pypoetry/virtualenvs/cpdbv2-backend-VA82Wl8V-py3.7/lib/python3.7/site-packages/urllib3/packages/six.py", line 735, in reraise
    raise value
  File "/root/.cache/pypoetry/virtualenvs/cpdbv2-backend-VA82Wl8V-py3.7/lib/python3.7/site-packages/urllib3/connectionpool.py", line 677, in urlopen
    chunked=chunked,
  File "/root/.cache/pypoetry/virtualenvs/cpdbv2-backend-VA82Wl8V-py3.7/lib/python3.7/site-packages/urllib3/connectionpool.py", line 392, in _make_request
    conn.request(method, url, **httplib_request_kw)
  File "/usr/local/lib/python3.7/http/client.py", line 1281, in request
    self._send_request(method, url, body, headers, encode_chunked)
  File "/usr/local/lib/python3.7/http/client.py", line 1327, in _send_request
    self.endheaders(body, encode_chunked=encode_chunked)
  File "/usr/local/lib/python3.7/http/client.py", line 1276, in endheaders
    self._send_output(message_body, encode_chunked=encode_chunked)
  File "/usr/local/lib/python3.7/http/client.py", line 1036, in _send_output
    self.send(msg)
  File "/usr/local/lib/python3.7/http/client.py", line 976, in send
    self.connect()
  File "/root/.cache/pypoetry/virtualenvs/cpdbv2-backend-VA82Wl8V-py3.7/lib/python3.7/site-packages/urllib3/connection.py", line 187, in connect
    conn = self._new_conn()
  File "/root/.cache/pypoetry/virtualenvs/cpdbv2-backend-VA82Wl8V-py3.7/lib/python3.7/site-packages/urllib3/connection.py", line 172, in _new_conn
    self, "Failed to establish a new connection: %s" % e
urllib3.exceptions.NewConnectionError: <urllib3.connection.HTTPConnection object at 0x7ff068b3ef50>: Failed to establish a new connection: [Errno -2] Name or service not known
elasticsearch: DEBUG: > None
urllib3.util.retry: DEBUG: Converted retries value: False -> Retry(total=False, connect=None, read=None, redirect=0, status=None)
urllib3.connectionpool: DEBUG: Starting new HTTP connection (440): elasticsearch:9200
elasticsearch: WARNING: DELETE http://elasticsearch:9200/test_autocompletes [status:N/A request:0.004s]
Traceback (most recent call last):
  File "/root/.cache/pypoetry/virtualenvs/cpdbv2-backend-VA82Wl8V-py3.7/lib/python3.7/site-packages/urllib3/connection.py", line 160, in _new_conn
    (self._dns_host, self.port), self.timeout, **extra_kw
  File "/root/.cache/pypoetry/virtualenvs/cpdbv2-backend-VA82Wl8V-py3.7/lib/python3.7/site-packages/urllib3/util/connection.py", line 61, in create_connection
    for res in socket.getaddrinfo(host, port, family, socket.SOCK_STREAM):
  File "/usr/local/lib/python3.7/socket.py", line 752, in getaddrinfo
    for res in _socket.getaddrinfo(host, port, family, type, proto, flags):
socket.gaierror: [Errno -2] Name or service not known

During handling of the above exception, another exception occurred:

Traceback (most recent call last):
  File "/root/.cache/pypoetry/virtualenvs/cpdbv2-backend-VA82Wl8V-py3.7/lib/python3.7/site-packages/elasticsearch/connection/http_urllib3.py", line 115, in perform_request
    response = self.pool.urlopen(method, url, body, retries=False, headers=self.headers, **kw)
  File "/root/.cache/pypoetry/virtualenvs/cpdbv2-backend-VA82Wl8V-py3.7/lib/python3.7/site-packages/urllib3/connectionpool.py", line 727, in urlopen
    method, url, error=e, _pool=self, _stacktrace=sys.exc_info()[2]
  File "/root/.cache/pypoetry/virtualenvs/cpdbv2-backend-VA82Wl8V-py3.7/lib/python3.7/site-packages/urllib3/util/retry.py", line 386, in increment
    raise six.reraise(type(error), error, _stacktrace)
  File "/root/.cache/pypoetry/virtualenvs/cpdbv2-backend-VA82Wl8V-py3.7/lib/python3.7/site-packages/urllib3/packages/six.py", line 735, in reraise
    raise value
  File "/root/.cache/pypoetry/virtualenvs/cpdbv2-backend-VA82Wl8V-py3.7/lib/python3.7/site-packages/urllib3/connectionpool.py", line 677, in urlopen
    chunked=chunked,
  File "/root/.cache/pypoetry/virtualenvs/cpdbv2-backend-VA82Wl8V-py3.7/lib/python3.7/site-packages/urllib3/connectionpool.py", line 392, in _make_request
    conn.request(method, url, **httplib_request_kw)
  File "/usr/local/lib/python3.7/http/client.py", line 1281, in request
    self._send_request(method, url, body, headers, encode_chunked)
  File "/usr/local/lib/python3.7/http/client.py", line 1327, in _send_request
    self.endheaders(body, encode_chunked=encode_chunked)
  File "/usr/local/lib/python3.7/http/client.py", line 1276, in endheaders
    self._send_output(message_body, encode_chunked=encode_chunked)
  File "/usr/local/lib/python3.7/http/client.py", line 1036, in _send_output
    self.send(msg)
  File "/usr/local/lib/python3.7/http/client.py", line 976, in send
    self.connect()
  File "/root/.cache/pypoetry/virtualenvs/cpdbv2-backend-VA82Wl8V-py3.7/lib/python3.7/site-packages/urllib3/connection.py", line 187, in connect
    conn = self._new_conn()
  File "/root/.cache/pypoetry/virtualenvs/cpdbv2-backend-VA82Wl8V-py3.7/lib/python3.7/site-packages/urllib3/connection.py", line 172, in _new_conn
    self, "Failed to establish a new connection: %s" % e
urllib3.exceptions.NewConnectionError: <urllib3.connection.HTTPConnection object at 0x7ff068b35650>: Failed to establish a new connection: [Errno -2] Name or service not known
elasticsearch: DEBUG: > None
--------------------- >> end captured logging << ---------------------

======================================================================
ERROR: test_search_terms_results (search.tests.test_views.SearchV1ViewSetTestCase)
----------------------------------------------------------------------
Traceback (most recent call last):
  File "/usr/src/app/cpdb/search/tests/utils.py", line 12, in setUp
    autocompletes_alias.read_index.delete(ignore=404)
  File "/root/.cache/pypoetry/virtualenvs/cpdbv2-backend-VA82Wl8V-py3.7/lib/python3.7/site-packages/elasticsearch_dsl/index.py", line 222, in delete
    self.connection.indices.delete(index=self._name, **kwargs)
  File "/root/.cache/pypoetry/virtualenvs/cpdbv2-backend-VA82Wl8V-py3.7/lib/python3.7/site-packages/elasticsearch/client/utils.py", line 73, in _wrapped
    return func(*args, params=params, **kwargs)
  File "/root/.cache/pypoetry/virtualenvs/cpdbv2-backend-VA82Wl8V-py3.7/lib/python3.7/site-packages/elasticsearch/client/indices.py", line 200, in delete
    params=params)
  File "/root/.cache/pypoetry/virtualenvs/cpdbv2-backend-VA82Wl8V-py3.7/lib/python3.7/site-packages/elasticsearch/transport.py", line 312, in perform_request
    status, headers, data = connection.perform_request(method, url, params, body, ignore=ignore, timeout=timeout)
  File "/root/.cache/pypoetry/virtualenvs/cpdbv2-backend-VA82Wl8V-py3.7/lib/python3.7/site-packages/elasticsearch/connection/http_urllib3.py", line 124, in perform_request
    raise ConnectionError('N/A', str(e), e)
elasticsearch.exceptions.ConnectionError: ConnectionError(<urllib3.connection.HTTPConnection object at 0x7ff068bea8d0>: Failed to establish a new connection: [Errno -2] Name or service not known) caused by: NewConnectionError(<urllib3.connection.HTTPConnection object at 0x7ff068bea8d0>: Failed to establish a new connection: [Errno -2] Name or service not known)
-------------------- >> begin captured logging << --------------------
urllib3.util.retry: DEBUG: Converted retries value: False -> Retry(total=False, connect=None, read=None, redirect=0, status=None)
urllib3.connectionpool: DEBUG: Starting new HTTP connection (441): elasticsearch:9200
elasticsearch: WARNING: DELETE http://elasticsearch:9200/test_autocompletes [status:N/A request:0.004s]
Traceback (most recent call last):
  File "/root/.cache/pypoetry/virtualenvs/cpdbv2-backend-VA82Wl8V-py3.7/lib/python3.7/site-packages/urllib3/connection.py", line 160, in _new_conn
    (self._dns_host, self.port), self.timeout, **extra_kw
  File "/root/.cache/pypoetry/virtualenvs/cpdbv2-backend-VA82Wl8V-py3.7/lib/python3.7/site-packages/urllib3/util/connection.py", line 61, in create_connection
    for res in socket.getaddrinfo(host, port, family, socket.SOCK_STREAM):
  File "/usr/local/lib/python3.7/socket.py", line 752, in getaddrinfo
    for res in _socket.getaddrinfo(host, port, family, type, proto, flags):
socket.gaierror: [Errno -2] Name or service not known

During handling of the above exception, another exception occurred:

Traceback (most recent call last):
  File "/root/.cache/pypoetry/virtualenvs/cpdbv2-backend-VA82Wl8V-py3.7/lib/python3.7/site-packages/elasticsearch/connection/http_urllib3.py", line 115, in perform_request
    response = self.pool.urlopen(method, url, body, retries=False, headers=self.headers, **kw)
  File "/root/.cache/pypoetry/virtualenvs/cpdbv2-backend-VA82Wl8V-py3.7/lib/python3.7/site-packages/urllib3/connectionpool.py", line 727, in urlopen
    method, url, error=e, _pool=self, _stacktrace=sys.exc_info()[2]
  File "/root/.cache/pypoetry/virtualenvs/cpdbv2-backend-VA82Wl8V-py3.7/lib/python3.7/site-packages/urllib3/util/retry.py", line 386, in increment
    raise six.reraise(type(error), error, _stacktrace)
  File "/root/.cache/pypoetry/virtualenvs/cpdbv2-backend-VA82Wl8V-py3.7/lib/python3.7/site-packages/urllib3/packages/six.py", line 735, in reraise
    raise value
  File "/root/.cache/pypoetry/virtualenvs/cpdbv2-backend-VA82Wl8V-py3.7/lib/python3.7/site-packages/urllib3/connectionpool.py", line 677, in urlopen
    chunked=chunked,
  File "/root/.cache/pypoetry/virtualenvs/cpdbv2-backend-VA82Wl8V-py3.7/lib/python3.7/site-packages/urllib3/connectionpool.py", line 392, in _make_request
    conn.request(method, url, **httplib_request_kw)
  File "/usr/local/lib/python3.7/http/client.py", line 1281, in request
    self._send_request(method, url, body, headers, encode_chunked)
  File "/usr/local/lib/python3.7/http/client.py", line 1327, in _send_request
    self.endheaders(body, encode_chunked=encode_chunked)
  File "/usr/local/lib/python3.7/http/client.py", line 1276, in endheaders
    self._send_output(message_body, encode_chunked=encode_chunked)
  File "/usr/local/lib/python3.7/http/client.py", line 1036, in _send_output
    self.send(msg)
  File "/usr/local/lib/python3.7/http/client.py", line 976, in send
    self.connect()
  File "/root/.cache/pypoetry/virtualenvs/cpdbv2-backend-VA82Wl8V-py3.7/lib/python3.7/site-packages/urllib3/connection.py", line 187, in connect
    conn = self._new_conn()
  File "/root/.cache/pypoetry/virtualenvs/cpdbv2-backend-VA82Wl8V-py3.7/lib/python3.7/site-packages/urllib3/connection.py", line 172, in _new_conn
    self, "Failed to establish a new connection: %s" % e
urllib3.exceptions.NewConnectionError: <urllib3.connection.HTTPConnection object at 0x7ff068b35490>: Failed to establish a new connection: [Errno -2] Name or service not known
elasticsearch: DEBUG: > None
urllib3.util.retry: DEBUG: Converted retries value: False -> Retry(total=False, connect=None, read=None, redirect=0, status=None)
urllib3.connectionpool: DEBUG: Starting new HTTP connection (442): elasticsearch:9200
elasticsearch: WARNING: DELETE http://elasticsearch:9200/test_autocompletes [status:N/A request:0.004s]
Traceback (most recent call last):
  File "/root/.cache/pypoetry/virtualenvs/cpdbv2-backend-VA82Wl8V-py3.7/lib/python3.7/site-packages/urllib3/connection.py", line 160, in _new_conn
    (self._dns_host, self.port), self.timeout, **extra_kw
  File "/root/.cache/pypoetry/virtualenvs/cpdbv2-backend-VA82Wl8V-py3.7/lib/python3.7/site-packages/urllib3/util/connection.py", line 61, in create_connection
    for res in socket.getaddrinfo(host, port, family, socket.SOCK_STREAM):
  File "/usr/local/lib/python3.7/socket.py", line 752, in getaddrinfo
    for res in _socket.getaddrinfo(host, port, family, type, proto, flags):
socket.gaierror: [Errno -2] Name or service not known

During handling of the above exception, another exception occurred:

Traceback (most recent call last):
  File "/root/.cache/pypoetry/virtualenvs/cpdbv2-backend-VA82Wl8V-py3.7/lib/python3.7/site-packages/elasticsearch/connection/http_urllib3.py", line 115, in perform_request
    response = self.pool.urlopen(method, url, body, retries=False, headers=self.headers, **kw)
  File "/root/.cache/pypoetry/virtualenvs/cpdbv2-backend-VA82Wl8V-py3.7/lib/python3.7/site-packages/urllib3/connectionpool.py", line 727, in urlopen
    method, url, error=e, _pool=self, _stacktrace=sys.exc_info()[2]
  File "/root/.cache/pypoetry/virtualenvs/cpdbv2-backend-VA82Wl8V-py3.7/lib/python3.7/site-packages/urllib3/util/retry.py", line 386, in increment
    raise six.reraise(type(error), error, _stacktrace)
  File "/root/.cache/pypoetry/virtualenvs/cpdbv2-backend-VA82Wl8V-py3.7/lib/python3.7/site-packages/urllib3/packages/six.py", line 735, in reraise
    raise value
  File "/root/.cache/pypoetry/virtualenvs/cpdbv2-backend-VA82Wl8V-py3.7/lib/python3.7/site-packages/urllib3/connectionpool.py", line 677, in urlopen
    chunked=chunked,
  File "/root/.cache/pypoetry/virtualenvs/cpdbv2-backend-VA82Wl8V-py3.7/lib/python3.7/site-packages/urllib3/connectionpool.py", line 392, in _make_request
    conn.request(method, url, **httplib_request_kw)
  File "/usr/local/lib/python3.7/http/client.py", line 1281, in request
    self._send_request(method, url, body, headers, encode_chunked)
  File "/usr/local/lib/python3.7/http/client.py", line 1327, in _send_request
    self.endheaders(body, encode_chunked=encode_chunked)
  File "/usr/local/lib/python3.7/http/client.py", line 1276, in endheaders
    self._send_output(message_body, encode_chunked=encode_chunked)
  File "/usr/local/lib/python3.7/http/client.py", line 1036, in _send_output
    self.send(msg)
  File "/usr/local/lib/python3.7/http/client.py", line 976, in send
    self.connect()
  File "/root/.cache/pypoetry/virtualenvs/cpdbv2-backend-VA82Wl8V-py3.7/lib/python3.7/site-packages/urllib3/connection.py", line 187, in connect
    conn = self._new_conn()
  File "/root/.cache/pypoetry/virtualenvs/cpdbv2-backend-VA82Wl8V-py3.7/lib/python3.7/site-packages/urllib3/connection.py", line 172, in _new_conn
    self, "Failed to establish a new connection: %s" % e
urllib3.exceptions.NewConnectionError: <urllib3.connection.HTTPConnection object at 0x7ff068bfd490>: Failed to establish a new connection: [Errno -2] Name or service not known
elasticsearch: DEBUG: > None
urllib3.util.retry: DEBUG: Converted retries value: False -> Retry(total=False, connect=None, read=None, redirect=0, status=None)
urllib3.connectionpool: DEBUG: Starting new HTTP connection (443): elasticsearch:9200
elasticsearch: WARNING: DELETE http://elasticsearch:9200/test_autocompletes [status:N/A request:0.005s]
Traceback (most recent call last):
  File "/root/.cache/pypoetry/virtualenvs/cpdbv2-backend-VA82Wl8V-py3.7/lib/python3.7/site-packages/urllib3/connection.py", line 160, in _new_conn
    (self._dns_host, self.port), self.timeout, **extra_kw
  File "/root/.cache/pypoetry/virtualenvs/cpdbv2-backend-VA82Wl8V-py3.7/lib/python3.7/site-packages/urllib3/util/connection.py", line 61, in create_connection
    for res in socket.getaddrinfo(host, port, family, socket.SOCK_STREAM):
  File "/usr/local/lib/python3.7/socket.py", line 752, in getaddrinfo
    for res in _socket.getaddrinfo(host, port, family, type, proto, flags):
socket.gaierror: [Errno -2] Name or service not known

During handling of the above exception, another exception occurred:

Traceback (most recent call last):
  File "/root/.cache/pypoetry/virtualenvs/cpdbv2-backend-VA82Wl8V-py3.7/lib/python3.7/site-packages/elasticsearch/connection/http_urllib3.py", line 115, in perform_request
    response = self.pool.urlopen(method, url, body, retries=False, headers=self.headers, **kw)
  File "/root/.cache/pypoetry/virtualenvs/cpdbv2-backend-VA82Wl8V-py3.7/lib/python3.7/site-packages/urllib3/connectionpool.py", line 727, in urlopen
    method, url, error=e, _pool=self, _stacktrace=sys.exc_info()[2]
  File "/root/.cache/pypoetry/virtualenvs/cpdbv2-backend-VA82Wl8V-py3.7/lib/python3.7/site-packages/urllib3/util/retry.py", line 386, in increment
    raise six.reraise(type(error), error, _stacktrace)
  File "/root/.cache/pypoetry/virtualenvs/cpdbv2-backend-VA82Wl8V-py3.7/lib/python3.7/site-packages/urllib3/packages/six.py", line 735, in reraise
    raise value
  File "/root/.cache/pypoetry/virtualenvs/cpdbv2-backend-VA82Wl8V-py3.7/lib/python3.7/site-packages/urllib3/connectionpool.py", line 677, in urlopen
    chunked=chunked,
  File "/root/.cache/pypoetry/virtualenvs/cpdbv2-backend-VA82Wl8V-py3.7/lib/python3.7/site-packages/urllib3/connectionpool.py", line 392, in _make_request
    conn.request(method, url, **httplib_request_kw)
  File "/usr/local/lib/python3.7/http/client.py", line 1281, in request
    self._send_request(method, url, body, headers, encode_chunked)
  File "/usr/local/lib/python3.7/http/client.py", line 1327, in _send_request
    self.endheaders(body, encode_chunked=encode_chunked)
  File "/usr/local/lib/python3.7/http/client.py", line 1276, in endheaders
    self._send_output(message_body, encode_chunked=encode_chunked)
  File "/usr/local/lib/python3.7/http/client.py", line 1036, in _send_output
    self.send(msg)
  File "/usr/local/lib/python3.7/http/client.py", line 976, in send
    self.connect()
  File "/root/.cache/pypoetry/virtualenvs/cpdbv2-backend-VA82Wl8V-py3.7/lib/python3.7/site-packages/urllib3/connection.py", line 187, in connect
    conn = self._new_conn()
  File "/root/.cache/pypoetry/virtualenvs/cpdbv2-backend-VA82Wl8V-py3.7/lib/python3.7/site-packages/urllib3/connection.py", line 172, in _new_conn
    self, "Failed to establish a new connection: %s" % e
urllib3.exceptions.NewConnectionError: <urllib3.connection.HTTPConnection object at 0x7ff068c04450>: Failed to establish a new connection: [Errno -2] Name or service not known
elasticsearch: DEBUG: > None
urllib3.util.retry: DEBUG: Converted retries value: False -> Retry(total=False, connect=None, read=None, redirect=0, status=None)
urllib3.connectionpool: DEBUG: Starting new HTTP connection (444): elasticsearch:9200
elasticsearch: WARNING: DELETE http://elasticsearch:9200/test_autocompletes [status:N/A request:0.005s]
Traceback (most recent call last):
  File "/root/.cache/pypoetry/virtualenvs/cpdbv2-backend-VA82Wl8V-py3.7/lib/python3.7/site-packages/urllib3/connection.py", line 160, in _new_conn
    (self._dns_host, self.port), self.timeout, **extra_kw
  File "/root/.cache/pypoetry/virtualenvs/cpdbv2-backend-VA82Wl8V-py3.7/lib/python3.7/site-packages/urllib3/util/connection.py", line 61, in create_connection
    for res in socket.getaddrinfo(host, port, family, socket.SOCK_STREAM):
  File "/usr/local/lib/python3.7/socket.py", line 752, in getaddrinfo
    for res in _socket.getaddrinfo(host, port, family, type, proto, flags):
socket.gaierror: [Errno -2] Name or service not known

During handling of the above exception, another exception occurred:

Traceback (most recent call last):
  File "/root/.cache/pypoetry/virtualenvs/cpdbv2-backend-VA82Wl8V-py3.7/lib/python3.7/site-packages/elasticsearch/connection/http_urllib3.py", line 115, in perform_request
    response = self.pool.urlopen(method, url, body, retries=False, headers=self.headers, **kw)
  File "/root/.cache/pypoetry/virtualenvs/cpdbv2-backend-VA82Wl8V-py3.7/lib/python3.7/site-packages/urllib3/connectionpool.py", line 727, in urlopen
    method, url, error=e, _pool=self, _stacktrace=sys.exc_info()[2]
  File "/root/.cache/pypoetry/virtualenvs/cpdbv2-backend-VA82Wl8V-py3.7/lib/python3.7/site-packages/urllib3/util/retry.py", line 386, in increment
    raise six.reraise(type(error), error, _stacktrace)
  File "/root/.cache/pypoetry/virtualenvs/cpdbv2-backend-VA82Wl8V-py3.7/lib/python3.7/site-packages/urllib3/packages/six.py", line 735, in reraise
    raise value
  File "/root/.cache/pypoetry/virtualenvs/cpdbv2-backend-VA82Wl8V-py3.7/lib/python3.7/site-packages/urllib3/connectionpool.py", line 677, in urlopen
    chunked=chunked,
  File "/root/.cache/pypoetry/virtualenvs/cpdbv2-backend-VA82Wl8V-py3.7/lib/python3.7/site-packages/urllib3/connectionpool.py", line 392, in _make_request
    conn.request(method, url, **httplib_request_kw)
  File "/usr/local/lib/python3.7/http/client.py", line 1281, in request
    self._send_request(method, url, body, headers, encode_chunked)
  File "/usr/local/lib/python3.7/http/client.py", line 1327, in _send_request
    self.endheaders(body, encode_chunked=encode_chunked)
  File "/usr/local/lib/python3.7/http/client.py", line 1276, in endheaders
    self._send_output(message_body, encode_chunked=encode_chunked)
  File "/usr/local/lib/python3.7/http/client.py", line 1036, in _send_output
    self.send(msg)
  File "/usr/local/lib/python3.7/http/client.py", line 976, in send
    self.connect()
  File "/root/.cache/pypoetry/virtualenvs/cpdbv2-backend-VA82Wl8V-py3.7/lib/python3.7/site-packages/urllib3/connection.py", line 187, in connect
    conn = self._new_conn()
  File "/root/.cache/pypoetry/virtualenvs/cpdbv2-backend-VA82Wl8V-py3.7/lib/python3.7/site-packages/urllib3/connection.py", line 172, in _new_conn
    self, "Failed to establish a new connection: %s" % e
urllib3.exceptions.NewConnectionError: <urllib3.connection.HTTPConnection object at 0x7ff068bea8d0>: Failed to establish a new connection: [Errno -2] Name or service not known
elasticsearch: DEBUG: > None
--------------------- >> end captured logging << ---------------------

======================================================================
ERROR: test_search_trr_result (search.tests.test_views.SearchV1ViewSetTestCase)
----------------------------------------------------------------------
Traceback (most recent call last):
  File "/usr/src/app/cpdb/search/tests/utils.py", line 12, in setUp
    autocompletes_alias.read_index.delete(ignore=404)
  File "/root/.cache/pypoetry/virtualenvs/cpdbv2-backend-VA82Wl8V-py3.7/lib/python3.7/site-packages/elasticsearch_dsl/index.py", line 222, in delete
    self.connection.indices.delete(index=self._name, **kwargs)
  File "/root/.cache/pypoetry/virtualenvs/cpdbv2-backend-VA82Wl8V-py3.7/lib/python3.7/site-packages/elasticsearch/client/utils.py", line 73, in _wrapped
    return func(*args, params=params, **kwargs)
  File "/root/.cache/pypoetry/virtualenvs/cpdbv2-backend-VA82Wl8V-py3.7/lib/python3.7/site-packages/elasticsearch/client/indices.py", line 200, in delete
    params=params)
  File "/root/.cache/pypoetry/virtualenvs/cpdbv2-backend-VA82Wl8V-py3.7/lib/python3.7/site-packages/elasticsearch/transport.py", line 312, in perform_request
    status, headers, data = connection.perform_request(method, url, params, body, ignore=ignore, timeout=timeout)
  File "/root/.cache/pypoetry/virtualenvs/cpdbv2-backend-VA82Wl8V-py3.7/lib/python3.7/site-packages/elasticsearch/connection/http_urllib3.py", line 124, in perform_request
    raise ConnectionError('N/A', str(e), e)
elasticsearch.exceptions.ConnectionError: ConnectionError(<urllib3.connection.HTTPConnection object at 0x7ff068b834d0>: Failed to establish a new connection: [Errno -2] Name or service not known) caused by: NewConnectionError(<urllib3.connection.HTTPConnection object at 0x7ff068b834d0>: Failed to establish a new connection: [Errno -2] Name or service not known)
-------------------- >> begin captured logging << --------------------
urllib3.util.retry: DEBUG: Converted retries value: False -> Retry(total=False, connect=None, read=None, redirect=0, status=None)
urllib3.connectionpool: DEBUG: Starting new HTTP connection (445): elasticsearch:9200
elasticsearch: WARNING: DELETE http://elasticsearch:9200/test_autocompletes [status:N/A request:0.004s]
Traceback (most recent call last):
  File "/root/.cache/pypoetry/virtualenvs/cpdbv2-backend-VA82Wl8V-py3.7/lib/python3.7/site-packages/urllib3/connection.py", line 160, in _new_conn
    (self._dns_host, self.port), self.timeout, **extra_kw
  File "/root/.cache/pypoetry/virtualenvs/cpdbv2-backend-VA82Wl8V-py3.7/lib/python3.7/site-packages/urllib3/util/connection.py", line 61, in create_connection
    for res in socket.getaddrinfo(host, port, family, socket.SOCK_STREAM):
  File "/usr/local/lib/python3.7/socket.py", line 752, in getaddrinfo
    for res in _socket.getaddrinfo(host, port, family, type, proto, flags):
socket.gaierror: [Errno -2] Name or service not known

During handling of the above exception, another exception occurred:

Traceback (most recent call last):
  File "/root/.cache/pypoetry/virtualenvs/cpdbv2-backend-VA82Wl8V-py3.7/lib/python3.7/site-packages/elasticsearch/connection/http_urllib3.py", line 115, in perform_request
    response = self.pool.urlopen(method, url, body, retries=False, headers=self.headers, **kw)
  File "/root/.cache/pypoetry/virtualenvs/cpdbv2-backend-VA82Wl8V-py3.7/lib/python3.7/site-packages/urllib3/connectionpool.py", line 727, in urlopen
    method, url, error=e, _pool=self, _stacktrace=sys.exc_info()[2]
  File "/root/.cache/pypoetry/virtualenvs/cpdbv2-backend-VA82Wl8V-py3.7/lib/python3.7/site-packages/urllib3/util/retry.py", line 386, in increment
    raise six.reraise(type(error), error, _stacktrace)
  File "/root/.cache/pypoetry/virtualenvs/cpdbv2-backend-VA82Wl8V-py3.7/lib/python3.7/site-packages/urllib3/packages/six.py", line 735, in reraise
    raise value
  File "/root/.cache/pypoetry/virtualenvs/cpdbv2-backend-VA82Wl8V-py3.7/lib/python3.7/site-packages/urllib3/connectionpool.py", line 677, in urlopen
    chunked=chunked,
  File "/root/.cache/pypoetry/virtualenvs/cpdbv2-backend-VA82Wl8V-py3.7/lib/python3.7/site-packages/urllib3/connectionpool.py", line 392, in _make_request
    conn.request(method, url, **httplib_request_kw)
  File "/usr/local/lib/python3.7/http/client.py", line 1281, in request
    self._send_request(method, url, body, headers, encode_chunked)
  File "/usr/local/lib/python3.7/http/client.py", line 1327, in _send_request
    self.endheaders(body, encode_chunked=encode_chunked)
  File "/usr/local/lib/python3.7/http/client.py", line 1276, in endheaders
    self._send_output(message_body, encode_chunked=encode_chunked)
  File "/usr/local/lib/python3.7/http/client.py", line 1036, in _send_output
    self.send(msg)
  File "/usr/local/lib/python3.7/http/client.py", line 976, in send
    self.connect()
  File "/root/.cache/pypoetry/virtualenvs/cpdbv2-backend-VA82Wl8V-py3.7/lib/python3.7/site-packages/urllib3/connection.py", line 187, in connect
    conn = self._new_conn()
  File "/root/.cache/pypoetry/virtualenvs/cpdbv2-backend-VA82Wl8V-py3.7/lib/python3.7/site-packages/urllib3/connection.py", line 172, in _new_conn
    self, "Failed to establish a new connection: %s" % e
urllib3.exceptions.NewConnectionError: <urllib3.connection.HTTPConnection object at 0x7ff068b76ad0>: Failed to establish a new connection: [Errno -2] Name or service not known
elasticsearch: DEBUG: > None
urllib3.util.retry: DEBUG: Converted retries value: False -> Retry(total=False, connect=None, read=None, redirect=0, status=None)
urllib3.connectionpool: DEBUG: Starting new HTTP connection (446): elasticsearch:9200
elasticsearch: WARNING: DELETE http://elasticsearch:9200/test_autocompletes [status:N/A request:0.004s]
Traceback (most recent call last):
  File "/root/.cache/pypoetry/virtualenvs/cpdbv2-backend-VA82Wl8V-py3.7/lib/python3.7/site-packages/urllib3/connection.py", line 160, in _new_conn
    (self._dns_host, self.port), self.timeout, **extra_kw
  File "/root/.cache/pypoetry/virtualenvs/cpdbv2-backend-VA82Wl8V-py3.7/lib/python3.7/site-packages/urllib3/util/connection.py", line 61, in create_connection
    for res in socket.getaddrinfo(host, port, family, socket.SOCK_STREAM):
  File "/usr/local/lib/python3.7/socket.py", line 752, in getaddrinfo
    for res in _socket.getaddrinfo(host, port, family, type, proto, flags):
socket.gaierror: [Errno -2] Name or service not known

During handling of the above exception, another exception occurred:

Traceback (most recent call last):
  File "/root/.cache/pypoetry/virtualenvs/cpdbv2-backend-VA82Wl8V-py3.7/lib/python3.7/site-packages/elasticsearch/connection/http_urllib3.py", line 115, in perform_request
    response = self.pool.urlopen(method, url, body, retries=False, headers=self.headers, **kw)
  File "/root/.cache/pypoetry/virtualenvs/cpdbv2-backend-VA82Wl8V-py3.7/lib/python3.7/site-packages/urllib3/connectionpool.py", line 727, in urlopen
    method, url, error=e, _pool=self, _stacktrace=sys.exc_info()[2]
  File "/root/.cache/pypoetry/virtualenvs/cpdbv2-backend-VA82Wl8V-py3.7/lib/python3.7/site-packages/urllib3/util/retry.py", line 386, in increment
    raise six.reraise(type(error), error, _stacktrace)
  File "/root/.cache/pypoetry/virtualenvs/cpdbv2-backend-VA82Wl8V-py3.7/lib/python3.7/site-packages/urllib3/packages/six.py", line 735, in reraise
    raise value
  File "/root/.cache/pypoetry/virtualenvs/cpdbv2-backend-VA82Wl8V-py3.7/lib/python3.7/site-packages/urllib3/connectionpool.py", line 677, in urlopen
    chunked=chunked,
  File "/root/.cache/pypoetry/virtualenvs/cpdbv2-backend-VA82Wl8V-py3.7/lib/python3.7/site-packages/urllib3/connectionpool.py", line 392, in _make_request
    conn.request(method, url, **httplib_request_kw)
  File "/usr/local/lib/python3.7/http/client.py", line 1281, in request
    self._send_request(method, url, body, headers, encode_chunked)
  File "/usr/local/lib/python3.7/http/client.py", line 1327, in _send_request
    self.endheaders(body, encode_chunked=encode_chunked)
  File "/usr/local/lib/python3.7/http/client.py", line 1276, in endheaders
    self._send_output(message_body, encode_chunked=encode_chunked)
  File "/usr/local/lib/python3.7/http/client.py", line 1036, in _send_output
    self.send(msg)
  File "/usr/local/lib/python3.7/http/client.py", line 976, in send
    self.connect()
  File "/root/.cache/pypoetry/virtualenvs/cpdbv2-backend-VA82Wl8V-py3.7/lib/python3.7/site-packages/urllib3/connection.py", line 187, in connect
    conn = self._new_conn()
  File "/root/.cache/pypoetry/virtualenvs/cpdbv2-backend-VA82Wl8V-py3.7/lib/python3.7/site-packages/urllib3/connection.py", line 172, in _new_conn
    self, "Failed to establish a new connection: %s" % e
urllib3.exceptions.NewConnectionError: <urllib3.connection.HTTPConnection object at 0x7ff068b839d0>: Failed to establish a new connection: [Errno -2] Name or service not known
elasticsearch: DEBUG: > None
urllib3.util.retry: DEBUG: Converted retries value: False -> Retry(total=False, connect=None, read=None, redirect=0, status=None)
urllib3.connectionpool: DEBUG: Starting new HTTP connection (447): elasticsearch:9200
elasticsearch: WARNING: DELETE http://elasticsearch:9200/test_autocompletes [status:N/A request:0.004s]
Traceback (most recent call last):
  File "/root/.cache/pypoetry/virtualenvs/cpdbv2-backend-VA82Wl8V-py3.7/lib/python3.7/site-packages/urllib3/connection.py", line 160, in _new_conn
    (self._dns_host, self.port), self.timeout, **extra_kw
  File "/root/.cache/pypoetry/virtualenvs/cpdbv2-backend-VA82Wl8V-py3.7/lib/python3.7/site-packages/urllib3/util/connection.py", line 61, in create_connection
    for res in socket.getaddrinfo(host, port, family, socket.SOCK_STREAM):
  File "/usr/local/lib/python3.7/socket.py", line 752, in getaddrinfo
    for res in _socket.getaddrinfo(host, port, family, type, proto, flags):
socket.gaierror: [Errno -2] Name or service not known

During handling of the above exception, another exception occurred:

Traceback (most recent call last):
  File "/root/.cache/pypoetry/virtualenvs/cpdbv2-backend-VA82Wl8V-py3.7/lib/python3.7/site-packages/elasticsearch/connection/http_urllib3.py", line 115, in perform_request
    response = self.pool.urlopen(method, url, body, retries=False, headers=self.headers, **kw)
  File "/root/.cache/pypoetry/virtualenvs/cpdbv2-backend-VA82Wl8V-py3.7/lib/python3.7/site-packages/urllib3/connectionpool.py", line 727, in urlopen
    method, url, error=e, _pool=self, _stacktrace=sys.exc_info()[2]
  File "/root/.cache/pypoetry/virtualenvs/cpdbv2-backend-VA82Wl8V-py3.7/lib/python3.7/site-packages/urllib3/util/retry.py", line 386, in increment
    raise six.reraise(type(error), error, _stacktrace)
  File "/root/.cache/pypoetry/virtualenvs/cpdbv2-backend-VA82Wl8V-py3.7/lib/python3.7/site-packages/urllib3/packages/six.py", line 735, in reraise
    raise value
  File "/root/.cache/pypoetry/virtualenvs/cpdbv2-backend-VA82Wl8V-py3.7/lib/python3.7/site-packages/urllib3/connectionpool.py", line 677, in urlopen
    chunked=chunked,
  File "/root/.cache/pypoetry/virtualenvs/cpdbv2-backend-VA82Wl8V-py3.7/lib/python3.7/site-packages/urllib3/connectionpool.py", line 392, in _make_request
    conn.request(method, url, **httplib_request_kw)
  File "/usr/local/lib/python3.7/http/client.py", line 1281, in request
    self._send_request(method, url, body, headers, encode_chunked)
  File "/usr/local/lib/python3.7/http/client.py", line 1327, in _send_request
    self.endheaders(body, encode_chunked=encode_chunked)
  File "/usr/local/lib/python3.7/http/client.py", line 1276, in endheaders
    self._send_output(message_body, encode_chunked=encode_chunked)
  File "/usr/local/lib/python3.7/http/client.py", line 1036, in _send_output
    self.send(msg)
  File "/usr/local/lib/python3.7/http/client.py", line 976, in send
    self.connect()
  File "/root/.cache/pypoetry/virtualenvs/cpdbv2-backend-VA82Wl8V-py3.7/lib/python3.7/site-packages/urllib3/connection.py", line 187, in connect
    conn = self._new_conn()
  File "/root/.cache/pypoetry/virtualenvs/cpdbv2-backend-VA82Wl8V-py3.7/lib/python3.7/site-packages/urllib3/connection.py", line 172, in _new_conn
    self, "Failed to establish a new connection: %s" % e
urllib3.exceptions.NewConnectionError: <urllib3.connection.HTTPConnection object at 0x7ff068b83490>: Failed to establish a new connection: [Errno -2] Name or service not known
elasticsearch: DEBUG: > None
urllib3.util.retry: DEBUG: Converted retries value: False -> Retry(total=False, connect=None, read=None, redirect=0, status=None)
urllib3.connectionpool: DEBUG: Starting new HTTP connection (448): elasticsearch:9200
elasticsearch: WARNING: DELETE http://elasticsearch:9200/test_autocompletes [status:N/A request:0.004s]
Traceback (most recent call last):
  File "/root/.cache/pypoetry/virtualenvs/cpdbv2-backend-VA82Wl8V-py3.7/lib/python3.7/site-packages/urllib3/connection.py", line 160, in _new_conn
    (self._dns_host, self.port), self.timeout, **extra_kw
  File "/root/.cache/pypoetry/virtualenvs/cpdbv2-backend-VA82Wl8V-py3.7/lib/python3.7/site-packages/urllib3/util/connection.py", line 61, in create_connection
    for res in socket.getaddrinfo(host, port, family, socket.SOCK_STREAM):
  File "/usr/local/lib/python3.7/socket.py", line 752, in getaddrinfo
    for res in _socket.getaddrinfo(host, port, family, type, proto, flags):
socket.gaierror: [Errno -2] Name or service not known

During handling of the above exception, another exception occurred:

Traceback (most recent call last):
  File "/root/.cache/pypoetry/virtualenvs/cpdbv2-backend-VA82Wl8V-py3.7/lib/python3.7/site-packages/elasticsearch/connection/http_urllib3.py", line 115, in perform_request
    response = self.pool.urlopen(method, url, body, retries=False, headers=self.headers, **kw)
  File "/root/.cache/pypoetry/virtualenvs/cpdbv2-backend-VA82Wl8V-py3.7/lib/python3.7/site-packages/urllib3/connectionpool.py", line 727, in urlopen
    method, url, error=e, _pool=self, _stacktrace=sys.exc_info()[2]
  File "/root/.cache/pypoetry/virtualenvs/cpdbv2-backend-VA82Wl8V-py3.7/lib/python3.7/site-packages/urllib3/util/retry.py", line 386, in increment
    raise six.reraise(type(error), error, _stacktrace)
  File "/root/.cache/pypoetry/virtualenvs/cpdbv2-backend-VA82Wl8V-py3.7/lib/python3.7/site-packages/urllib3/packages/six.py", line 735, in reraise
    raise value
  File "/root/.cache/pypoetry/virtualenvs/cpdbv2-backend-VA82Wl8V-py3.7/lib/python3.7/site-packages/urllib3/connectionpool.py", line 677, in urlopen
    chunked=chunked,
  File "/root/.cache/pypoetry/virtualenvs/cpdbv2-backend-VA82Wl8V-py3.7/lib/python3.7/site-packages/urllib3/connectionpool.py", line 392, in _make_request
    conn.request(method, url, **httplib_request_kw)
  File "/usr/local/lib/python3.7/http/client.py", line 1281, in request
    self._send_request(method, url, body, headers, encode_chunked)
  File "/usr/local/lib/python3.7/http/client.py", line 1327, in _send_request
    self.endheaders(body, encode_chunked=encode_chunked)
  File "/usr/local/lib/python3.7/http/client.py", line 1276, in endheaders
    self._send_output(message_body, encode_chunked=encode_chunked)
  File "/usr/local/lib/python3.7/http/client.py", line 1036, in _send_output
    self.send(msg)
  File "/usr/local/lib/python3.7/http/client.py", line 976, in send
    self.connect()
  File "/root/.cache/pypoetry/virtualenvs/cpdbv2-backend-VA82Wl8V-py3.7/lib/python3.7/site-packages/urllib3/connection.py", line 187, in connect
    conn = self._new_conn()
  File "/root/.cache/pypoetry/virtualenvs/cpdbv2-backend-VA82Wl8V-py3.7/lib/python3.7/site-packages/urllib3/connection.py", line 172, in _new_conn
    self, "Failed to establish a new connection: %s" % e
urllib3.exceptions.NewConnectionError: <urllib3.connection.HTTPConnection object at 0x7ff068b834d0>: Failed to establish a new connection: [Errno -2] Name or service not known
elasticsearch: DEBUG: > None
--------------------- >> end captured logging << ---------------------

======================================================================
ERROR: test_search_unit_officer (search.tests.test_views.SearchV1ViewSetTestCase)
----------------------------------------------------------------------
Traceback (most recent call last):
  File "/usr/src/app/cpdb/search/tests/utils.py", line 12, in setUp
    autocompletes_alias.read_index.delete(ignore=404)
  File "/root/.cache/pypoetry/virtualenvs/cpdbv2-backend-VA82Wl8V-py3.7/lib/python3.7/site-packages/elasticsearch_dsl/index.py", line 222, in delete
    self.connection.indices.delete(index=self._name, **kwargs)
  File "/root/.cache/pypoetry/virtualenvs/cpdbv2-backend-VA82Wl8V-py3.7/lib/python3.7/site-packages/elasticsearch/client/utils.py", line 73, in _wrapped
    return func(*args, params=params, **kwargs)
  File "/root/.cache/pypoetry/virtualenvs/cpdbv2-backend-VA82Wl8V-py3.7/lib/python3.7/site-packages/elasticsearch/client/indices.py", line 200, in delete
    params=params)
  File "/root/.cache/pypoetry/virtualenvs/cpdbv2-backend-VA82Wl8V-py3.7/lib/python3.7/site-packages/elasticsearch/transport.py", line 312, in perform_request
    status, headers, data = connection.perform_request(method, url, params, body, ignore=ignore, timeout=timeout)
  File "/root/.cache/pypoetry/virtualenvs/cpdbv2-backend-VA82Wl8V-py3.7/lib/python3.7/site-packages/elasticsearch/connection/http_urllib3.py", line 124, in perform_request
    raise ConnectionError('N/A', str(e), e)
elasticsearch.exceptions.ConnectionError: ConnectionError(<urllib3.connection.HTTPConnection object at 0x7ff068ba1650>: Failed to establish a new connection: [Errno -2] Name or service not known) caused by: NewConnectionError(<urllib3.connection.HTTPConnection object at 0x7ff068ba1650>: Failed to establish a new connection: [Errno -2] Name or service not known)
-------------------- >> begin captured logging << --------------------
urllib3.util.retry: DEBUG: Converted retries value: False -> Retry(total=False, connect=None, read=None, redirect=0, status=None)
urllib3.connectionpool: DEBUG: Starting new HTTP connection (449): elasticsearch:9200
elasticsearch: WARNING: DELETE http://elasticsearch:9200/test_autocompletes [status:N/A request:0.004s]
Traceback (most recent call last):
  File "/root/.cache/pypoetry/virtualenvs/cpdbv2-backend-VA82Wl8V-py3.7/lib/python3.7/site-packages/urllib3/connection.py", line 160, in _new_conn
    (self._dns_host, self.port), self.timeout, **extra_kw
  File "/root/.cache/pypoetry/virtualenvs/cpdbv2-backend-VA82Wl8V-py3.7/lib/python3.7/site-packages/urllib3/util/connection.py", line 61, in create_connection
    for res in socket.getaddrinfo(host, port, family, socket.SOCK_STREAM):
  File "/usr/local/lib/python3.7/socket.py", line 752, in getaddrinfo
    for res in _socket.getaddrinfo(host, port, family, type, proto, flags):
socket.gaierror: [Errno -2] Name or service not known

During handling of the above exception, another exception occurred:

Traceback (most recent call last):
  File "/root/.cache/pypoetry/virtualenvs/cpdbv2-backend-VA82Wl8V-py3.7/lib/python3.7/site-packages/elasticsearch/connection/http_urllib3.py", line 115, in perform_request
    response = self.pool.urlopen(method, url, body, retries=False, headers=self.headers, **kw)
  File "/root/.cache/pypoetry/virtualenvs/cpdbv2-backend-VA82Wl8V-py3.7/lib/python3.7/site-packages/urllib3/connectionpool.py", line 727, in urlopen
    method, url, error=e, _pool=self, _stacktrace=sys.exc_info()[2]
  File "/root/.cache/pypoetry/virtualenvs/cpdbv2-backend-VA82Wl8V-py3.7/lib/python3.7/site-packages/urllib3/util/retry.py", line 386, in increment
    raise six.reraise(type(error), error, _stacktrace)
  File "/root/.cache/pypoetry/virtualenvs/cpdbv2-backend-VA82Wl8V-py3.7/lib/python3.7/site-packages/urllib3/packages/six.py", line 735, in reraise
    raise value
  File "/root/.cache/pypoetry/virtualenvs/cpdbv2-backend-VA82Wl8V-py3.7/lib/python3.7/site-packages/urllib3/connectionpool.py", line 677, in urlopen
    chunked=chunked,
  File "/root/.cache/pypoetry/virtualenvs/cpdbv2-backend-VA82Wl8V-py3.7/lib/python3.7/site-packages/urllib3/connectionpool.py", line 392, in _make_request
    conn.request(method, url, **httplib_request_kw)
  File "/usr/local/lib/python3.7/http/client.py", line 1281, in request
    self._send_request(method, url, body, headers, encode_chunked)
  File "/usr/local/lib/python3.7/http/client.py", line 1327, in _send_request
    self.endheaders(body, encode_chunked=encode_chunked)
  File "/usr/local/lib/python3.7/http/client.py", line 1276, in endheaders
    self._send_output(message_body, encode_chunked=encode_chunked)
  File "/usr/local/lib/python3.7/http/client.py", line 1036, in _send_output
    self.send(msg)
  File "/usr/local/lib/python3.7/http/client.py", line 976, in send
    self.connect()
  File "/root/.cache/pypoetry/virtualenvs/cpdbv2-backend-VA82Wl8V-py3.7/lib/python3.7/site-packages/urllib3/connection.py", line 187, in connect
    conn = self._new_conn()
  File "/root/.cache/pypoetry/virtualenvs/cpdbv2-backend-VA82Wl8V-py3.7/lib/python3.7/site-packages/urllib3/connection.py", line 172, in _new_conn
    self, "Failed to establish a new connection: %s" % e
urllib3.exceptions.NewConnectionError: <urllib3.connection.HTTPConnection object at 0x7ff068b83bd0>: Failed to establish a new connection: [Errno -2] Name or service not known
elasticsearch: DEBUG: > None
urllib3.util.retry: DEBUG: Converted retries value: False -> Retry(total=False, connect=None, read=None, redirect=0, status=None)
urllib3.connectionpool: DEBUG: Starting new HTTP connection (450): elasticsearch:9200
elasticsearch: WARNING: DELETE http://elasticsearch:9200/test_autocompletes [status:N/A request:0.004s]
Traceback (most recent call last):
  File "/root/.cache/pypoetry/virtualenvs/cpdbv2-backend-VA82Wl8V-py3.7/lib/python3.7/site-packages/urllib3/connection.py", line 160, in _new_conn
    (self._dns_host, self.port), self.timeout, **extra_kw
  File "/root/.cache/pypoetry/virtualenvs/cpdbv2-backend-VA82Wl8V-py3.7/lib/python3.7/site-packages/urllib3/util/connection.py", line 61, in create_connection
    for res in socket.getaddrinfo(host, port, family, socket.SOCK_STREAM):
  File "/usr/local/lib/python3.7/socket.py", line 752, in getaddrinfo
    for res in _socket.getaddrinfo(host, port, family, type, proto, flags):
socket.gaierror: [Errno -2] Name or service not known

During handling of the above exception, another exception occurred:

Traceback (most recent call last):
  File "/root/.cache/pypoetry/virtualenvs/cpdbv2-backend-VA82Wl8V-py3.7/lib/python3.7/site-packages/elasticsearch/connection/http_urllib3.py", line 115, in perform_request
    response = self.pool.urlopen(method, url, body, retries=False, headers=self.headers, **kw)
  File "/root/.cache/pypoetry/virtualenvs/cpdbv2-backend-VA82Wl8V-py3.7/lib/python3.7/site-packages/urllib3/connectionpool.py", line 727, in urlopen
    method, url, error=e, _pool=self, _stacktrace=sys.exc_info()[2]
  File "/root/.cache/pypoetry/virtualenvs/cpdbv2-backend-VA82Wl8V-py3.7/lib/python3.7/site-packages/urllib3/util/retry.py", line 386, in increment
    raise six.reraise(type(error), error, _stacktrace)
  File "/root/.cache/pypoetry/virtualenvs/cpdbv2-backend-VA82Wl8V-py3.7/lib/python3.7/site-packages/urllib3/packages/six.py", line 735, in reraise
    raise value
  File "/root/.cache/pypoetry/virtualenvs/cpdbv2-backend-VA82Wl8V-py3.7/lib/python3.7/site-packages/urllib3/connectionpool.py", line 677, in urlopen
    chunked=chunked,
  File "/root/.cache/pypoetry/virtualenvs/cpdbv2-backend-VA82Wl8V-py3.7/lib/python3.7/site-packages/urllib3/connectionpool.py", line 392, in _make_request
    conn.request(method, url, **httplib_request_kw)
  File "/usr/local/lib/python3.7/http/client.py", line 1281, in request
    self._send_request(method, url, body, headers, encode_chunked)
  File "/usr/local/lib/python3.7/http/client.py", line 1327, in _send_request
    self.endheaders(body, encode_chunked=encode_chunked)
  File "/usr/local/lib/python3.7/http/client.py", line 1276, in endheaders
    self._send_output(message_body, encode_chunked=encode_chunked)
  File "/usr/local/lib/python3.7/http/client.py", line 1036, in _send_output
    self.send(msg)
  File "/usr/local/lib/python3.7/http/client.py", line 976, in send
    self.connect()
  File "/root/.cache/pypoetry/virtualenvs/cpdbv2-backend-VA82Wl8V-py3.7/lib/python3.7/site-packages/urllib3/connection.py", line 187, in connect
    conn = self._new_conn()
  File "/root/.cache/pypoetry/virtualenvs/cpdbv2-backend-VA82Wl8V-py3.7/lib/python3.7/site-packages/urllib3/connection.py", line 172, in _new_conn
    self, "Failed to establish a new connection: %s" % e
urllib3.exceptions.NewConnectionError: <urllib3.connection.HTTPConnection object at 0x7ff068b585d0>: Failed to establish a new connection: [Errno -2] Name or service not known
elasticsearch: DEBUG: > None
urllib3.util.retry: DEBUG: Converted retries value: False -> Retry(total=False, connect=None, read=None, redirect=0, status=None)
urllib3.connectionpool: DEBUG: Starting new HTTP connection (451): elasticsearch:9200
elasticsearch: WARNING: DELETE http://elasticsearch:9200/test_autocompletes [status:N/A request:0.004s]
Traceback (most recent call last):
  File "/root/.cache/pypoetry/virtualenvs/cpdbv2-backend-VA82Wl8V-py3.7/lib/python3.7/site-packages/urllib3/connection.py", line 160, in _new_conn
    (self._dns_host, self.port), self.timeout, **extra_kw
  File "/root/.cache/pypoetry/virtualenvs/cpdbv2-backend-VA82Wl8V-py3.7/lib/python3.7/site-packages/urllib3/util/connection.py", line 61, in create_connection
    for res in socket.getaddrinfo(host, port, family, socket.SOCK_STREAM):
  File "/usr/local/lib/python3.7/socket.py", line 752, in getaddrinfo
    for res in _socket.getaddrinfo(host, port, family, type, proto, flags):
socket.gaierror: [Errno -2] Name or service not known

During handling of the above exception, another exception occurred:

Traceback (most recent call last):
  File "/root/.cache/pypoetry/virtualenvs/cpdbv2-backend-VA82Wl8V-py3.7/lib/python3.7/site-packages/elasticsearch/connection/http_urllib3.py", line 115, in perform_request
    response = self.pool.urlopen(method, url, body, retries=False, headers=self.headers, **kw)
  File "/root/.cache/pypoetry/virtualenvs/cpdbv2-backend-VA82Wl8V-py3.7/lib/python3.7/site-packages/urllib3/connectionpool.py", line 727, in urlopen
    method, url, error=e, _pool=self, _stacktrace=sys.exc_info()[2]
  File "/root/.cache/pypoetry/virtualenvs/cpdbv2-backend-VA82Wl8V-py3.7/lib/python3.7/site-packages/urllib3/util/retry.py", line 386, in increment
    raise six.reraise(type(error), error, _stacktrace)
  File "/root/.cache/pypoetry/virtualenvs/cpdbv2-backend-VA82Wl8V-py3.7/lib/python3.7/site-packages/urllib3/packages/six.py", line 735, in reraise
    raise value
  File "/root/.cache/pypoetry/virtualenvs/cpdbv2-backend-VA82Wl8V-py3.7/lib/python3.7/site-packages/urllib3/connectionpool.py", line 677, in urlopen
    chunked=chunked,
  File "/root/.cache/pypoetry/virtualenvs/cpdbv2-backend-VA82Wl8V-py3.7/lib/python3.7/site-packages/urllib3/connectionpool.py", line 392, in _make_request
    conn.request(method, url, **httplib_request_kw)
  File "/usr/local/lib/python3.7/http/client.py", line 1281, in request
    self._send_request(method, url, body, headers, encode_chunked)
  File "/usr/local/lib/python3.7/http/client.py", line 1327, in _send_request
    self.endheaders(body, encode_chunked=encode_chunked)
  File "/usr/local/lib/python3.7/http/client.py", line 1276, in endheaders
    self._send_output(message_body, encode_chunked=encode_chunked)
  File "/usr/local/lib/python3.7/http/client.py", line 1036, in _send_output
    self.send(msg)
  File "/usr/local/lib/python3.7/http/client.py", line 976, in send
    self.connect()
  File "/root/.cache/pypoetry/virtualenvs/cpdbv2-backend-VA82Wl8V-py3.7/lib/python3.7/site-packages/urllib3/connection.py", line 187, in connect
    conn = self._new_conn()
  File "/root/.cache/pypoetry/virtualenvs/cpdbv2-backend-VA82Wl8V-py3.7/lib/python3.7/site-packages/urllib3/connection.py", line 172, in _new_conn
    self, "Failed to establish a new connection: %s" % e
urllib3.exceptions.NewConnectionError: <urllib3.connection.HTTPConnection object at 0x7ff068ba1b50>: Failed to establish a new connection: [Errno -2] Name or service not known
elasticsearch: DEBUG: > None
urllib3.util.retry: DEBUG: Converted retries value: False -> Retry(total=False, connect=None, read=None, redirect=0, status=None)
urllib3.connectionpool: DEBUG: Starting new HTTP connection (452): elasticsearch:9200
elasticsearch: WARNING: DELETE http://elasticsearch:9200/test_autocompletes [status:N/A request:0.004s]
Traceback (most recent call last):
  File "/root/.cache/pypoetry/virtualenvs/cpdbv2-backend-VA82Wl8V-py3.7/lib/python3.7/site-packages/urllib3/connection.py", line 160, in _new_conn
    (self._dns_host, self.port), self.timeout, **extra_kw
  File "/root/.cache/pypoetry/virtualenvs/cpdbv2-backend-VA82Wl8V-py3.7/lib/python3.7/site-packages/urllib3/util/connection.py", line 61, in create_connection
    for res in socket.getaddrinfo(host, port, family, socket.SOCK_STREAM):
  File "/usr/local/lib/python3.7/socket.py", line 752, in getaddrinfo
    for res in _socket.getaddrinfo(host, port, family, type, proto, flags):
socket.gaierror: [Errno -2] Name or service not known

During handling of the above exception, another exception occurred:

Traceback (most recent call last):
  File "/root/.cache/pypoetry/virtualenvs/cpdbv2-backend-VA82Wl8V-py3.7/lib/python3.7/site-packages/elasticsearch/connection/http_urllib3.py", line 115, in perform_request
    response = self.pool.urlopen(method, url, body, retries=False, headers=self.headers, **kw)
  File "/root/.cache/pypoetry/virtualenvs/cpdbv2-backend-VA82Wl8V-py3.7/lib/python3.7/site-packages/urllib3/connectionpool.py", line 727, in urlopen
    method, url, error=e, _pool=self, _stacktrace=sys.exc_info()[2]
  File "/root/.cache/pypoetry/virtualenvs/cpdbv2-backend-VA82Wl8V-py3.7/lib/python3.7/site-packages/urllib3/util/retry.py", line 386, in increment
    raise six.reraise(type(error), error, _stacktrace)
  File "/root/.cache/pypoetry/virtualenvs/cpdbv2-backend-VA82Wl8V-py3.7/lib/python3.7/site-packages/urllib3/packages/six.py", line 735, in reraise
    raise value
  File "/root/.cache/pypoetry/virtualenvs/cpdbv2-backend-VA82Wl8V-py3.7/lib/python3.7/site-packages/urllib3/connectionpool.py", line 677, in urlopen
    chunked=chunked,
  File "/root/.cache/pypoetry/virtualenvs/cpdbv2-backend-VA82Wl8V-py3.7/lib/python3.7/site-packages/urllib3/connectionpool.py", line 392, in _make_request
    conn.request(method, url, **httplib_request_kw)
  File "/usr/local/lib/python3.7/http/client.py", line 1281, in request
    self._send_request(method, url, body, headers, encode_chunked)
  File "/usr/local/lib/python3.7/http/client.py", line 1327, in _send_request
    self.endheaders(body, encode_chunked=encode_chunked)
  File "/usr/local/lib/python3.7/http/client.py", line 1276, in endheaders
    self._send_output(message_body, encode_chunked=encode_chunked)
  File "/usr/local/lib/python3.7/http/client.py", line 1036, in _send_output
    self.send(msg)
  File "/usr/local/lib/python3.7/http/client.py", line 976, in send
    self.connect()
  File "/root/.cache/pypoetry/virtualenvs/cpdbv2-backend-VA82Wl8V-py3.7/lib/python3.7/site-packages/urllib3/connection.py", line 187, in connect
    conn = self._new_conn()
  File "/root/.cache/pypoetry/virtualenvs/cpdbv2-backend-VA82Wl8V-py3.7/lib/python3.7/site-packages/urllib3/connection.py", line 172, in _new_conn
    self, "Failed to establish a new connection: %s" % e
urllib3.exceptions.NewConnectionError: <urllib3.connection.HTTPConnection object at 0x7ff068ba1650>: Failed to establish a new connection: [Errno -2] Name or service not known
elasticsearch: DEBUG: > None
--------------------- >> end captured logging << ---------------------

======================================================================
ERROR: test_search_with_apostrophe (search.tests.test_views.SearchV1ViewSetTestCase)
----------------------------------------------------------------------
Traceback (most recent call last):
  File "/usr/src/app/cpdb/search/tests/utils.py", line 12, in setUp
    autocompletes_alias.read_index.delete(ignore=404)
  File "/root/.cache/pypoetry/virtualenvs/cpdbv2-backend-VA82Wl8V-py3.7/lib/python3.7/site-packages/elasticsearch_dsl/index.py", line 222, in delete
    self.connection.indices.delete(index=self._name, **kwargs)
  File "/root/.cache/pypoetry/virtualenvs/cpdbv2-backend-VA82Wl8V-py3.7/lib/python3.7/site-packages/elasticsearch/client/utils.py", line 73, in _wrapped
    return func(*args, params=params, **kwargs)
  File "/root/.cache/pypoetry/virtualenvs/cpdbv2-backend-VA82Wl8V-py3.7/lib/python3.7/site-packages/elasticsearch/client/indices.py", line 200, in delete
    params=params)
  File "/root/.cache/pypoetry/virtualenvs/cpdbv2-backend-VA82Wl8V-py3.7/lib/python3.7/site-packages/elasticsearch/transport.py", line 312, in perform_request
    status, headers, data = connection.perform_request(method, url, params, body, ignore=ignore, timeout=timeout)
  File "/root/.cache/pypoetry/virtualenvs/cpdbv2-backend-VA82Wl8V-py3.7/lib/python3.7/site-packages/elasticsearch/connection/http_urllib3.py", line 124, in perform_request
    raise ConnectionError('N/A', str(e), e)
elasticsearch.exceptions.ConnectionError: ConnectionError(<urllib3.connection.HTTPConnection object at 0x7ff068ba1d10>: Failed to establish a new connection: [Errno -2] Name or service not known) caused by: NewConnectionError(<urllib3.connection.HTTPConnection object at 0x7ff068ba1d10>: Failed to establish a new connection: [Errno -2] Name or service not known)
-------------------- >> begin captured logging << --------------------
urllib3.util.retry: DEBUG: Converted retries value: False -> Retry(total=False, connect=None, read=None, redirect=0, status=None)
urllib3.connectionpool: DEBUG: Starting new HTTP connection (453): elasticsearch:9200
elasticsearch: WARNING: DELETE http://elasticsearch:9200/test_autocompletes [status:N/A request:0.004s]
Traceback (most recent call last):
  File "/root/.cache/pypoetry/virtualenvs/cpdbv2-backend-VA82Wl8V-py3.7/lib/python3.7/site-packages/urllib3/connection.py", line 160, in _new_conn
    (self._dns_host, self.port), self.timeout, **extra_kw
  File "/root/.cache/pypoetry/virtualenvs/cpdbv2-backend-VA82Wl8V-py3.7/lib/python3.7/site-packages/urllib3/util/connection.py", line 61, in create_connection
    for res in socket.getaddrinfo(host, port, family, socket.SOCK_STREAM):
  File "/usr/local/lib/python3.7/socket.py", line 752, in getaddrinfo
    for res in _socket.getaddrinfo(host, port, family, type, proto, flags):
socket.gaierror: [Errno -2] Name or service not known

During handling of the above exception, another exception occurred:

Traceback (most recent call last):
  File "/root/.cache/pypoetry/virtualenvs/cpdbv2-backend-VA82Wl8V-py3.7/lib/python3.7/site-packages/elasticsearch/connection/http_urllib3.py", line 115, in perform_request
    response = self.pool.urlopen(method, url, body, retries=False, headers=self.headers, **kw)
  File "/root/.cache/pypoetry/virtualenvs/cpdbv2-backend-VA82Wl8V-py3.7/lib/python3.7/site-packages/urllib3/connectionpool.py", line 727, in urlopen
    method, url, error=e, _pool=self, _stacktrace=sys.exc_info()[2]
  File "/root/.cache/pypoetry/virtualenvs/cpdbv2-backend-VA82Wl8V-py3.7/lib/python3.7/site-packages/urllib3/util/retry.py", line 386, in increment
    raise six.reraise(type(error), error, _stacktrace)
  File "/root/.cache/pypoetry/virtualenvs/cpdbv2-backend-VA82Wl8V-py3.7/lib/python3.7/site-packages/urllib3/packages/six.py", line 735, in reraise
    raise value
  File "/root/.cache/pypoetry/virtualenvs/cpdbv2-backend-VA82Wl8V-py3.7/lib/python3.7/site-packages/urllib3/connectionpool.py", line 677, in urlopen
    chunked=chunked,
  File "/root/.cache/pypoetry/virtualenvs/cpdbv2-backend-VA82Wl8V-py3.7/lib/python3.7/site-packages/urllib3/connectionpool.py", line 392, in _make_request
    conn.request(method, url, **httplib_request_kw)
  File "/usr/local/lib/python3.7/http/client.py", line 1281, in request
    self._send_request(method, url, body, headers, encode_chunked)
  File "/usr/local/lib/python3.7/http/client.py", line 1327, in _send_request
    self.endheaders(body, encode_chunked=encode_chunked)
  File "/usr/local/lib/python3.7/http/client.py", line 1276, in endheaders
    self._send_output(message_body, encode_chunked=encode_chunked)
  File "/usr/local/lib/python3.7/http/client.py", line 1036, in _send_output
    self.send(msg)
  File "/usr/local/lib/python3.7/http/client.py", line 976, in send
    self.connect()
  File "/root/.cache/pypoetry/virtualenvs/cpdbv2-backend-VA82Wl8V-py3.7/lib/python3.7/site-packages/urllib3/connection.py", line 187, in connect
    conn = self._new_conn()
  File "/root/.cache/pypoetry/virtualenvs/cpdbv2-backend-VA82Wl8V-py3.7/lib/python3.7/site-packages/urllib3/connection.py", line 172, in _new_conn
    self, "Failed to establish a new connection: %s" % e
urllib3.exceptions.NewConnectionError: <urllib3.connection.HTTPConnection object at 0x7ff068ba1710>: Failed to establish a new connection: [Errno -2] Name or service not known
elasticsearch: DEBUG: > None
urllib3.util.retry: DEBUG: Converted retries value: False -> Retry(total=False, connect=None, read=None, redirect=0, status=None)
urllib3.connectionpool: DEBUG: Starting new HTTP connection (454): elasticsearch:9200
elasticsearch: WARNING: DELETE http://elasticsearch:9200/test_autocompletes [status:N/A request:0.004s]
Traceback (most recent call last):
  File "/root/.cache/pypoetry/virtualenvs/cpdbv2-backend-VA82Wl8V-py3.7/lib/python3.7/site-packages/urllib3/connection.py", line 160, in _new_conn
    (self._dns_host, self.port), self.timeout, **extra_kw
  File "/root/.cache/pypoetry/virtualenvs/cpdbv2-backend-VA82Wl8V-py3.7/lib/python3.7/site-packages/urllib3/util/connection.py", line 61, in create_connection
    for res in socket.getaddrinfo(host, port, family, socket.SOCK_STREAM):
  File "/usr/local/lib/python3.7/socket.py", line 752, in getaddrinfo
    for res in _socket.getaddrinfo(host, port, family, type, proto, flags):
socket.gaierror: [Errno -2] Name or service not known

During handling of the above exception, another exception occurred:

Traceback (most recent call last):
  File "/root/.cache/pypoetry/virtualenvs/cpdbv2-backend-VA82Wl8V-py3.7/lib/python3.7/site-packages/elasticsearch/connection/http_urllib3.py", line 115, in perform_request
    response = self.pool.urlopen(method, url, body, retries=False, headers=self.headers, **kw)
  File "/root/.cache/pypoetry/virtualenvs/cpdbv2-backend-VA82Wl8V-py3.7/lib/python3.7/site-packages/urllib3/connectionpool.py", line 727, in urlopen
    method, url, error=e, _pool=self, _stacktrace=sys.exc_info()[2]
  File "/root/.cache/pypoetry/virtualenvs/cpdbv2-backend-VA82Wl8V-py3.7/lib/python3.7/site-packages/urllib3/util/retry.py", line 386, in increment
    raise six.reraise(type(error), error, _stacktrace)
  File "/root/.cache/pypoetry/virtualenvs/cpdbv2-backend-VA82Wl8V-py3.7/lib/python3.7/site-packages/urllib3/packages/six.py", line 735, in reraise
    raise value
  File "/root/.cache/pypoetry/virtualenvs/cpdbv2-backend-VA82Wl8V-py3.7/lib/python3.7/site-packages/urllib3/connectionpool.py", line 677, in urlopen
    chunked=chunked,
  File "/root/.cache/pypoetry/virtualenvs/cpdbv2-backend-VA82Wl8V-py3.7/lib/python3.7/site-packages/urllib3/connectionpool.py", line 392, in _make_request
    conn.request(method, url, **httplib_request_kw)
  File "/usr/local/lib/python3.7/http/client.py", line 1281, in request
    self._send_request(method, url, body, headers, encode_chunked)
  File "/usr/local/lib/python3.7/http/client.py", line 1327, in _send_request
    self.endheaders(body, encode_chunked=encode_chunked)
  File "/usr/local/lib/python3.7/http/client.py", line 1276, in endheaders
    self._send_output(message_body, encode_chunked=encode_chunked)
  File "/usr/local/lib/python3.7/http/client.py", line 1036, in _send_output
    self.send(msg)
  File "/usr/local/lib/python3.7/http/client.py", line 976, in send
    self.connect()
  File "/root/.cache/pypoetry/virtualenvs/cpdbv2-backend-VA82Wl8V-py3.7/lib/python3.7/site-packages/urllib3/connection.py", line 187, in connect
    conn = self._new_conn()
  File "/root/.cache/pypoetry/virtualenvs/cpdbv2-backend-VA82Wl8V-py3.7/lib/python3.7/site-packages/urllib3/connection.py", line 172, in _new_conn
    self, "Failed to establish a new connection: %s" % e
urllib3.exceptions.NewConnectionError: <urllib3.connection.HTTPConnection object at 0x7ff068c746d0>: Failed to establish a new connection: [Errno -2] Name or service not known
elasticsearch: DEBUG: > None
urllib3.util.retry: DEBUG: Converted retries value: False -> Retry(total=False, connect=None, read=None, redirect=0, status=None)
urllib3.connectionpool: DEBUG: Starting new HTTP connection (455): elasticsearch:9200
elasticsearch: WARNING: DELETE http://elasticsearch:9200/test_autocompletes [status:N/A request:0.004s]
Traceback (most recent call last):
  File "/root/.cache/pypoetry/virtualenvs/cpdbv2-backend-VA82Wl8V-py3.7/lib/python3.7/site-packages/urllib3/connection.py", line 160, in _new_conn
    (self._dns_host, self.port), self.timeout, **extra_kw
  File "/root/.cache/pypoetry/virtualenvs/cpdbv2-backend-VA82Wl8V-py3.7/lib/python3.7/site-packages/urllib3/util/connection.py", line 61, in create_connection
    for res in socket.getaddrinfo(host, port, family, socket.SOCK_STREAM):
  File "/usr/local/lib/python3.7/socket.py", line 752, in getaddrinfo
    for res in _socket.getaddrinfo(host, port, family, type, proto, flags):
socket.gaierror: [Errno -2] Name or service not known

During handling of the above exception, another exception occurred:

Traceback (most recent call last):
  File "/root/.cache/pypoetry/virtualenvs/cpdbv2-backend-VA82Wl8V-py3.7/lib/python3.7/site-packages/elasticsearch/connection/http_urllib3.py", line 115, in perform_request
    response = self.pool.urlopen(method, url, body, retries=False, headers=self.headers, **kw)
  File "/root/.cache/pypoetry/virtualenvs/cpdbv2-backend-VA82Wl8V-py3.7/lib/python3.7/site-packages/urllib3/connectionpool.py", line 727, in urlopen
    method, url, error=e, _pool=self, _stacktrace=sys.exc_info()[2]
  File "/root/.cache/pypoetry/virtualenvs/cpdbv2-backend-VA82Wl8V-py3.7/lib/python3.7/site-packages/urllib3/util/retry.py", line 386, in increment
    raise six.reraise(type(error), error, _stacktrace)
  File "/root/.cache/pypoetry/virtualenvs/cpdbv2-backend-VA82Wl8V-py3.7/lib/python3.7/site-packages/urllib3/packages/six.py", line 735, in reraise
    raise value
  File "/root/.cache/pypoetry/virtualenvs/cpdbv2-backend-VA82Wl8V-py3.7/lib/python3.7/site-packages/urllib3/connectionpool.py", line 677, in urlopen
    chunked=chunked,
  File "/root/.cache/pypoetry/virtualenvs/cpdbv2-backend-VA82Wl8V-py3.7/lib/python3.7/site-packages/urllib3/connectionpool.py", line 392, in _make_request
    conn.request(method, url, **httplib_request_kw)
  File "/usr/local/lib/python3.7/http/client.py", line 1281, in request
    self._send_request(method, url, body, headers, encode_chunked)
  File "/usr/local/lib/python3.7/http/client.py", line 1327, in _send_request
    self.endheaders(body, encode_chunked=encode_chunked)
  File "/usr/local/lib/python3.7/http/client.py", line 1276, in endheaders
    self._send_output(message_body, encode_chunked=encode_chunked)
  File "/usr/local/lib/python3.7/http/client.py", line 1036, in _send_output
    self.send(msg)
  File "/usr/local/lib/python3.7/http/client.py", line 976, in send
    self.connect()
  File "/root/.cache/pypoetry/virtualenvs/cpdbv2-backend-VA82Wl8V-py3.7/lib/python3.7/site-packages/urllib3/connection.py", line 187, in connect
    conn = self._new_conn()
  File "/root/.cache/pypoetry/virtualenvs/cpdbv2-backend-VA82Wl8V-py3.7/lib/python3.7/site-packages/urllib3/connection.py", line 172, in _new_conn
    self, "Failed to establish a new connection: %s" % e
urllib3.exceptions.NewConnectionError: <urllib3.connection.HTTPConnection object at 0x7ff068be0350>: Failed to establish a new connection: [Errno -2] Name or service not known
elasticsearch: DEBUG: > None
urllib3.util.retry: DEBUG: Converted retries value: False -> Retry(total=False, connect=None, read=None, redirect=0, status=None)
urllib3.connectionpool: DEBUG: Starting new HTTP connection (456): elasticsearch:9200
elasticsearch: WARNING: DELETE http://elasticsearch:9200/test_autocompletes [status:N/A request:0.004s]
Traceback (most recent call last):
  File "/root/.cache/pypoetry/virtualenvs/cpdbv2-backend-VA82Wl8V-py3.7/lib/python3.7/site-packages/urllib3/connection.py", line 160, in _new_conn
    (self._dns_host, self.port), self.timeout, **extra_kw
  File "/root/.cache/pypoetry/virtualenvs/cpdbv2-backend-VA82Wl8V-py3.7/lib/python3.7/site-packages/urllib3/util/connection.py", line 61, in create_connection
    for res in socket.getaddrinfo(host, port, family, socket.SOCK_STREAM):
  File "/usr/local/lib/python3.7/socket.py", line 752, in getaddrinfo
    for res in _socket.getaddrinfo(host, port, family, type, proto, flags):
socket.gaierror: [Errno -2] Name or service not known

During handling of the above exception, another exception occurred:

Traceback (most recent call last):
  File "/root/.cache/pypoetry/virtualenvs/cpdbv2-backend-VA82Wl8V-py3.7/lib/python3.7/site-packages/elasticsearch/connection/http_urllib3.py", line 115, in perform_request
    response = self.pool.urlopen(method, url, body, retries=False, headers=self.headers, **kw)
  File "/root/.cache/pypoetry/virtualenvs/cpdbv2-backend-VA82Wl8V-py3.7/lib/python3.7/site-packages/urllib3/connectionpool.py", line 727, in urlopen
    method, url, error=e, _pool=self, _stacktrace=sys.exc_info()[2]
  File "/root/.cache/pypoetry/virtualenvs/cpdbv2-backend-VA82Wl8V-py3.7/lib/python3.7/site-packages/urllib3/util/retry.py", line 386, in increment
    raise six.reraise(type(error), error, _stacktrace)
  File "/root/.cache/pypoetry/virtualenvs/cpdbv2-backend-VA82Wl8V-py3.7/lib/python3.7/site-packages/urllib3/packages/six.py", line 735, in reraise
    raise value
  File "/root/.cache/pypoetry/virtualenvs/cpdbv2-backend-VA82Wl8V-py3.7/lib/python3.7/site-packages/urllib3/connectionpool.py", line 677, in urlopen
    chunked=chunked,
  File "/root/.cache/pypoetry/virtualenvs/cpdbv2-backend-VA82Wl8V-py3.7/lib/python3.7/site-packages/urllib3/connectionpool.py", line 392, in _make_request
    conn.request(method, url, **httplib_request_kw)
  File "/usr/local/lib/python3.7/http/client.py", line 1281, in request
    self._send_request(method, url, body, headers, encode_chunked)
  File "/usr/local/lib/python3.7/http/client.py", line 1327, in _send_request
    self.endheaders(body, encode_chunked=encode_chunked)
  File "/usr/local/lib/python3.7/http/client.py", line 1276, in endheaders
    self._send_output(message_body, encode_chunked=encode_chunked)
  File "/usr/local/lib/python3.7/http/client.py", line 1036, in _send_output
    self.send(msg)
  File "/usr/local/lib/python3.7/http/client.py", line 976, in send
    self.connect()
  File "/root/.cache/pypoetry/virtualenvs/cpdbv2-backend-VA82Wl8V-py3.7/lib/python3.7/site-packages/urllib3/connection.py", line 187, in connect
    conn = self._new_conn()
  File "/root/.cache/pypoetry/virtualenvs/cpdbv2-backend-VA82Wl8V-py3.7/lib/python3.7/site-packages/urllib3/connection.py", line 172, in _new_conn
    self, "Failed to establish a new connection: %s" % e
urllib3.exceptions.NewConnectionError: <urllib3.connection.HTTPConnection object at 0x7ff068ba1d10>: Failed to establish a new connection: [Errno -2] Name or service not known
elasticsearch: DEBUG: > None
--------------------- >> end captured logging << ---------------------

======================================================================
ERROR: test_search (search.tests.test_workers.DateOfficerWorkerTestCase)
----------------------------------------------------------------------
Traceback (most recent call last):
  File "/usr/src/app/cpdb/search/tests/utils.py", line 12, in setUp
    autocompletes_alias.read_index.delete(ignore=404)
  File "/root/.cache/pypoetry/virtualenvs/cpdbv2-backend-VA82Wl8V-py3.7/lib/python3.7/site-packages/elasticsearch_dsl/index.py", line 222, in delete
    self.connection.indices.delete(index=self._name, **kwargs)
  File "/root/.cache/pypoetry/virtualenvs/cpdbv2-backend-VA82Wl8V-py3.7/lib/python3.7/site-packages/elasticsearch/client/utils.py", line 73, in _wrapped
    return func(*args, params=params, **kwargs)
  File "/root/.cache/pypoetry/virtualenvs/cpdbv2-backend-VA82Wl8V-py3.7/lib/python3.7/site-packages/elasticsearch/client/indices.py", line 200, in delete
    params=params)
  File "/root/.cache/pypoetry/virtualenvs/cpdbv2-backend-VA82Wl8V-py3.7/lib/python3.7/site-packages/elasticsearch/transport.py", line 312, in perform_request
    status, headers, data = connection.perform_request(method, url, params, body, ignore=ignore, timeout=timeout)
  File "/root/.cache/pypoetry/virtualenvs/cpdbv2-backend-VA82Wl8V-py3.7/lib/python3.7/site-packages/elasticsearch/connection/http_urllib3.py", line 124, in perform_request
    raise ConnectionError('N/A', str(e), e)
elasticsearch.exceptions.ConnectionError: ConnectionError(<urllib3.connection.HTTPConnection object at 0x7ff068b73d10>: Failed to establish a new connection: [Errno -2] Name or service not known) caused by: NewConnectionError(<urllib3.connection.HTTPConnection object at 0x7ff068b73d10>: Failed to establish a new connection: [Errno -2] Name or service not known)
-------------------- >> begin captured logging << --------------------
urllib3.util.retry: DEBUG: Converted retries value: False -> Retry(total=False, connect=None, read=None, redirect=0, status=None)
urllib3.connectionpool: DEBUG: Starting new HTTP connection (457): elasticsearch:9200
elasticsearch: WARNING: DELETE http://elasticsearch:9200/test_autocompletes [status:N/A request:0.004s]
Traceback (most recent call last):
  File "/root/.cache/pypoetry/virtualenvs/cpdbv2-backend-VA82Wl8V-py3.7/lib/python3.7/site-packages/urllib3/connection.py", line 160, in _new_conn
    (self._dns_host, self.port), self.timeout, **extra_kw
  File "/root/.cache/pypoetry/virtualenvs/cpdbv2-backend-VA82Wl8V-py3.7/lib/python3.7/site-packages/urllib3/util/connection.py", line 61, in create_connection
    for res in socket.getaddrinfo(host, port, family, socket.SOCK_STREAM):
  File "/usr/local/lib/python3.7/socket.py", line 752, in getaddrinfo
    for res in _socket.getaddrinfo(host, port, family, type, proto, flags):
socket.gaierror: [Errno -2] Name or service not known

During handling of the above exception, another exception occurred:

Traceback (most recent call last):
  File "/root/.cache/pypoetry/virtualenvs/cpdbv2-backend-VA82Wl8V-py3.7/lib/python3.7/site-packages/elasticsearch/connection/http_urllib3.py", line 115, in perform_request
    response = self.pool.urlopen(method, url, body, retries=False, headers=self.headers, **kw)
  File "/root/.cache/pypoetry/virtualenvs/cpdbv2-backend-VA82Wl8V-py3.7/lib/python3.7/site-packages/urllib3/connectionpool.py", line 727, in urlopen
    method, url, error=e, _pool=self, _stacktrace=sys.exc_info()[2]
  File "/root/.cache/pypoetry/virtualenvs/cpdbv2-backend-VA82Wl8V-py3.7/lib/python3.7/site-packages/urllib3/util/retry.py", line 386, in increment
    raise six.reraise(type(error), error, _stacktrace)
  File "/root/.cache/pypoetry/virtualenvs/cpdbv2-backend-VA82Wl8V-py3.7/lib/python3.7/site-packages/urllib3/packages/six.py", line 735, in reraise
    raise value
  File "/root/.cache/pypoetry/virtualenvs/cpdbv2-backend-VA82Wl8V-py3.7/lib/python3.7/site-packages/urllib3/connectionpool.py", line 677, in urlopen
    chunked=chunked,
  File "/root/.cache/pypoetry/virtualenvs/cpdbv2-backend-VA82Wl8V-py3.7/lib/python3.7/site-packages/urllib3/connectionpool.py", line 392, in _make_request
    conn.request(method, url, **httplib_request_kw)
  File "/usr/local/lib/python3.7/http/client.py", line 1281, in request
    self._send_request(method, url, body, headers, encode_chunked)
  File "/usr/local/lib/python3.7/http/client.py", line 1327, in _send_request
    self.endheaders(body, encode_chunked=encode_chunked)
  File "/usr/local/lib/python3.7/http/client.py", line 1276, in endheaders
    self._send_output(message_body, encode_chunked=encode_chunked)
  File "/usr/local/lib/python3.7/http/client.py", line 1036, in _send_output
    self.send(msg)
  File "/usr/local/lib/python3.7/http/client.py", line 976, in send
    self.connect()
  File "/root/.cache/pypoetry/virtualenvs/cpdbv2-backend-VA82Wl8V-py3.7/lib/python3.7/site-packages/urllib3/connection.py", line 187, in connect
    conn = self._new_conn()
  File "/root/.cache/pypoetry/virtualenvs/cpdbv2-backend-VA82Wl8V-py3.7/lib/python3.7/site-packages/urllib3/connection.py", line 172, in _new_conn
    self, "Failed to establish a new connection: %s" % e
urllib3.exceptions.NewConnectionError: <urllib3.connection.HTTPConnection object at 0x7ff068ba1b50>: Failed to establish a new connection: [Errno -2] Name or service not known
elasticsearch: DEBUG: > None
urllib3.util.retry: DEBUG: Converted retries value: False -> Retry(total=False, connect=None, read=None, redirect=0, status=None)
urllib3.connectionpool: DEBUG: Starting new HTTP connection (458): elasticsearch:9200
elasticsearch: WARNING: DELETE http://elasticsearch:9200/test_autocompletes [status:N/A request:0.004s]
Traceback (most recent call last):
  File "/root/.cache/pypoetry/virtualenvs/cpdbv2-backend-VA82Wl8V-py3.7/lib/python3.7/site-packages/urllib3/connection.py", line 160, in _new_conn
    (self._dns_host, self.port), self.timeout, **extra_kw
  File "/root/.cache/pypoetry/virtualenvs/cpdbv2-backend-VA82Wl8V-py3.7/lib/python3.7/site-packages/urllib3/util/connection.py", line 61, in create_connection
    for res in socket.getaddrinfo(host, port, family, socket.SOCK_STREAM):
  File "/usr/local/lib/python3.7/socket.py", line 752, in getaddrinfo
    for res in _socket.getaddrinfo(host, port, family, type, proto, flags):
socket.gaierror: [Errno -2] Name or service not known

During handling of the above exception, another exception occurred:

Traceback (most recent call last):
  File "/root/.cache/pypoetry/virtualenvs/cpdbv2-backend-VA82Wl8V-py3.7/lib/python3.7/site-packages/elasticsearch/connection/http_urllib3.py", line 115, in perform_request
    response = self.pool.urlopen(method, url, body, retries=False, headers=self.headers, **kw)
  File "/root/.cache/pypoetry/virtualenvs/cpdbv2-backend-VA82Wl8V-py3.7/lib/python3.7/site-packages/urllib3/connectionpool.py", line 727, in urlopen
    method, url, error=e, _pool=self, _stacktrace=sys.exc_info()[2]
  File "/root/.cache/pypoetry/virtualenvs/cpdbv2-backend-VA82Wl8V-py3.7/lib/python3.7/site-packages/urllib3/util/retry.py", line 386, in increment
    raise six.reraise(type(error), error, _stacktrace)
  File "/root/.cache/pypoetry/virtualenvs/cpdbv2-backend-VA82Wl8V-py3.7/lib/python3.7/site-packages/urllib3/packages/six.py", line 735, in reraise
    raise value
  File "/root/.cache/pypoetry/virtualenvs/cpdbv2-backend-VA82Wl8V-py3.7/lib/python3.7/site-packages/urllib3/connectionpool.py", line 677, in urlopen
    chunked=chunked,
  File "/root/.cache/pypoetry/virtualenvs/cpdbv2-backend-VA82Wl8V-py3.7/lib/python3.7/site-packages/urllib3/connectionpool.py", line 392, in _make_request
    conn.request(method, url, **httplib_request_kw)
  File "/usr/local/lib/python3.7/http/client.py", line 1281, in request
    self._send_request(method, url, body, headers, encode_chunked)
  File "/usr/local/lib/python3.7/http/client.py", line 1327, in _send_request
    self.endheaders(body, encode_chunked=encode_chunked)
  File "/usr/local/lib/python3.7/http/client.py", line 1276, in endheaders
    self._send_output(message_body, encode_chunked=encode_chunked)
  File "/usr/local/lib/python3.7/http/client.py", line 1036, in _send_output
    self.send(msg)
  File "/usr/local/lib/python3.7/http/client.py", line 976, in send
    self.connect()
  File "/root/.cache/pypoetry/virtualenvs/cpdbv2-backend-VA82Wl8V-py3.7/lib/python3.7/site-packages/urllib3/connection.py", line 187, in connect
    conn = self._new_conn()
  File "/root/.cache/pypoetry/virtualenvs/cpdbv2-backend-VA82Wl8V-py3.7/lib/python3.7/site-packages/urllib3/connection.py", line 172, in _new_conn
    self, "Failed to establish a new connection: %s" % e
urllib3.exceptions.NewConnectionError: <urllib3.connection.HTTPConnection object at 0x7ff068b53dd0>: Failed to establish a new connection: [Errno -2] Name or service not known
elasticsearch: DEBUG: > None
urllib3.util.retry: DEBUG: Converted retries value: False -> Retry(total=False, connect=None, read=None, redirect=0, status=None)
urllib3.connectionpool: DEBUG: Starting new HTTP connection (459): elasticsearch:9200
elasticsearch: WARNING: DELETE http://elasticsearch:9200/test_autocompletes [status:N/A request:0.004s]
Traceback (most recent call last):
  File "/root/.cache/pypoetry/virtualenvs/cpdbv2-backend-VA82Wl8V-py3.7/lib/python3.7/site-packages/urllib3/connection.py", line 160, in _new_conn
    (self._dns_host, self.port), self.timeout, **extra_kw
  File "/root/.cache/pypoetry/virtualenvs/cpdbv2-backend-VA82Wl8V-py3.7/lib/python3.7/site-packages/urllib3/util/connection.py", line 61, in create_connection
    for res in socket.getaddrinfo(host, port, family, socket.SOCK_STREAM):
  File "/usr/local/lib/python3.7/socket.py", line 752, in getaddrinfo
    for res in _socket.getaddrinfo(host, port, family, type, proto, flags):
socket.gaierror: [Errno -2] Name or service not known

During handling of the above exception, another exception occurred:

Traceback (most recent call last):
  File "/root/.cache/pypoetry/virtualenvs/cpdbv2-backend-VA82Wl8V-py3.7/lib/python3.7/site-packages/elasticsearch/connection/http_urllib3.py", line 115, in perform_request
    response = self.pool.urlopen(method, url, body, retries=False, headers=self.headers, **kw)
  File "/root/.cache/pypoetry/virtualenvs/cpdbv2-backend-VA82Wl8V-py3.7/lib/python3.7/site-packages/urllib3/connectionpool.py", line 727, in urlopen
    method, url, error=e, _pool=self, _stacktrace=sys.exc_info()[2]
  File "/root/.cache/pypoetry/virtualenvs/cpdbv2-backend-VA82Wl8V-py3.7/lib/python3.7/site-packages/urllib3/util/retry.py", line 386, in increment
    raise six.reraise(type(error), error, _stacktrace)
  File "/root/.cache/pypoetry/virtualenvs/cpdbv2-backend-VA82Wl8V-py3.7/lib/python3.7/site-packages/urllib3/packages/six.py", line 735, in reraise
    raise value
  File "/root/.cache/pypoetry/virtualenvs/cpdbv2-backend-VA82Wl8V-py3.7/lib/python3.7/site-packages/urllib3/connectionpool.py", line 677, in urlopen
    chunked=chunked,
  File "/root/.cache/pypoetry/virtualenvs/cpdbv2-backend-VA82Wl8V-py3.7/lib/python3.7/site-packages/urllib3/connectionpool.py", line 392, in _make_request
    conn.request(method, url, **httplib_request_kw)
  File "/usr/local/lib/python3.7/http/client.py", line 1281, in request
    self._send_request(method, url, body, headers, encode_chunked)
  File "/usr/local/lib/python3.7/http/client.py", line 1327, in _send_request
    self.endheaders(body, encode_chunked=encode_chunked)
  File "/usr/local/lib/python3.7/http/client.py", line 1276, in endheaders
    self._send_output(message_body, encode_chunked=encode_chunked)
  File "/usr/local/lib/python3.7/http/client.py", line 1036, in _send_output
    self.send(msg)
  File "/usr/local/lib/python3.7/http/client.py", line 976, in send
    self.connect()
  File "/root/.cache/pypoetry/virtualenvs/cpdbv2-backend-VA82Wl8V-py3.7/lib/python3.7/site-packages/urllib3/connection.py", line 187, in connect
    conn = self._new_conn()
  File "/root/.cache/pypoetry/virtualenvs/cpdbv2-backend-VA82Wl8V-py3.7/lib/python3.7/site-packages/urllib3/connection.py", line 172, in _new_conn
    self, "Failed to establish a new connection: %s" % e
urllib3.exceptions.NewConnectionError: <urllib3.connection.HTTPConnection object at 0x7ff068b53850>: Failed to establish a new connection: [Errno -2] Name or service not known
elasticsearch: DEBUG: > None
urllib3.util.retry: DEBUG: Converted retries value: False -> Retry(total=False, connect=None, read=None, redirect=0, status=None)
urllib3.connectionpool: DEBUG: Starting new HTTP connection (460): elasticsearch:9200
elasticsearch: WARNING: DELETE http://elasticsearch:9200/test_autocompletes [status:N/A request:0.007s]
Traceback (most recent call last):
  File "/root/.cache/pypoetry/virtualenvs/cpdbv2-backend-VA82Wl8V-py3.7/lib/python3.7/site-packages/urllib3/connection.py", line 160, in _new_conn
    (self._dns_host, self.port), self.timeout, **extra_kw
  File "/root/.cache/pypoetry/virtualenvs/cpdbv2-backend-VA82Wl8V-py3.7/lib/python3.7/site-packages/urllib3/util/connection.py", line 61, in create_connection
    for res in socket.getaddrinfo(host, port, family, socket.SOCK_STREAM):
  File "/usr/local/lib/python3.7/socket.py", line 752, in getaddrinfo
    for res in _socket.getaddrinfo(host, port, family, type, proto, flags):
socket.gaierror: [Errno -2] Name or service not known

During handling of the above exception, another exception occurred:

Traceback (most recent call last):
  File "/root/.cache/pypoetry/virtualenvs/cpdbv2-backend-VA82Wl8V-py3.7/lib/python3.7/site-packages/elasticsearch/connection/http_urllib3.py", line 115, in perform_request
    response = self.pool.urlopen(method, url, body, retries=False, headers=self.headers, **kw)
  File "/root/.cache/pypoetry/virtualenvs/cpdbv2-backend-VA82Wl8V-py3.7/lib/python3.7/site-packages/urllib3/connectionpool.py", line 727, in urlopen
    method, url, error=e, _pool=self, _stacktrace=sys.exc_info()[2]
  File "/root/.cache/pypoetry/virtualenvs/cpdbv2-backend-VA82Wl8V-py3.7/lib/python3.7/site-packages/urllib3/util/retry.py", line 386, in increment
    raise six.reraise(type(error), error, _stacktrace)
  File "/root/.cache/pypoetry/virtualenvs/cpdbv2-backend-VA82Wl8V-py3.7/lib/python3.7/site-packages/urllib3/packages/six.py", line 735, in reraise
    raise value
  File "/root/.cache/pypoetry/virtualenvs/cpdbv2-backend-VA82Wl8V-py3.7/lib/python3.7/site-packages/urllib3/connectionpool.py", line 677, in urlopen
    chunked=chunked,
  File "/root/.cache/pypoetry/virtualenvs/cpdbv2-backend-VA82Wl8V-py3.7/lib/python3.7/site-packages/urllib3/connectionpool.py", line 392, in _make_request
    conn.request(method, url, **httplib_request_kw)
  File "/usr/local/lib/python3.7/http/client.py", line 1281, in request
    self._send_request(method, url, body, headers, encode_chunked)
  File "/usr/local/lib/python3.7/http/client.py", line 1327, in _send_request
    self.endheaders(body, encode_chunked=encode_chunked)
  File "/usr/local/lib/python3.7/http/client.py", line 1276, in endheaders
    self._send_output(message_body, encode_chunked=encode_chunked)
  File "/usr/local/lib/python3.7/http/client.py", line 1036, in _send_output
    self.send(msg)
  File "/usr/local/lib/python3.7/http/client.py", line 976, in send
    self.connect()
  File "/root/.cache/pypoetry/virtualenvs/cpdbv2-backend-VA82Wl8V-py3.7/lib/python3.7/site-packages/urllib3/connection.py", line 187, in connect
    conn = self._new_conn()
  File "/root/.cache/pypoetry/virtualenvs/cpdbv2-backend-VA82Wl8V-py3.7/lib/python3.7/site-packages/urllib3/connection.py", line 172, in _new_conn
    self, "Failed to establish a new connection: %s" % e
urllib3.exceptions.NewConnectionError: <urllib3.connection.HTTPConnection object at 0x7ff068b73d10>: Failed to establish a new connection: [Errno -2] Name or service not known
elasticsearch: DEBUG: > None
--------------------- >> end captured logging << ---------------------

======================================================================
ERROR: test_search (search.tests.test_workers.InvestigatorCRWorkerTestCase)
----------------------------------------------------------------------
Traceback (most recent call last):
  File "/usr/src/app/cpdb/search/tests/utils.py", line 12, in setUp
    autocompletes_alias.read_index.delete(ignore=404)
  File "/root/.cache/pypoetry/virtualenvs/cpdbv2-backend-VA82Wl8V-py3.7/lib/python3.7/site-packages/elasticsearch_dsl/index.py", line 222, in delete
    self.connection.indices.delete(index=self._name, **kwargs)
  File "/root/.cache/pypoetry/virtualenvs/cpdbv2-backend-VA82Wl8V-py3.7/lib/python3.7/site-packages/elasticsearch/client/utils.py", line 73, in _wrapped
    return func(*args, params=params, **kwargs)
  File "/root/.cache/pypoetry/virtualenvs/cpdbv2-backend-VA82Wl8V-py3.7/lib/python3.7/site-packages/elasticsearch/client/indices.py", line 200, in delete
    params=params)
  File "/root/.cache/pypoetry/virtualenvs/cpdbv2-backend-VA82Wl8V-py3.7/lib/python3.7/site-packages/elasticsearch/transport.py", line 312, in perform_request
    status, headers, data = connection.perform_request(method, url, params, body, ignore=ignore, timeout=timeout)
  File "/root/.cache/pypoetry/virtualenvs/cpdbv2-backend-VA82Wl8V-py3.7/lib/python3.7/site-packages/elasticsearch/connection/http_urllib3.py", line 124, in perform_request
    raise ConnectionError('N/A', str(e), e)
elasticsearch.exceptions.ConnectionError: ConnectionError(<urllib3.connection.HTTPConnection object at 0x7ff068b73e50>: Failed to establish a new connection: [Errno -2] Name or service not known) caused by: NewConnectionError(<urllib3.connection.HTTPConnection object at 0x7ff068b73e50>: Failed to establish a new connection: [Errno -2] Name or service not known)
-------------------- >> begin captured logging << --------------------
urllib3.util.retry: DEBUG: Converted retries value: False -> Retry(total=False, connect=None, read=None, redirect=0, status=None)
urllib3.connectionpool: DEBUG: Starting new HTTP connection (461): elasticsearch:9200
elasticsearch: WARNING: DELETE http://elasticsearch:9200/test_autocompletes [status:N/A request:0.004s]
Traceback (most recent call last):
  File "/root/.cache/pypoetry/virtualenvs/cpdbv2-backend-VA82Wl8V-py3.7/lib/python3.7/site-packages/urllib3/connection.py", line 160, in _new_conn
    (self._dns_host, self.port), self.timeout, **extra_kw
  File "/root/.cache/pypoetry/virtualenvs/cpdbv2-backend-VA82Wl8V-py3.7/lib/python3.7/site-packages/urllib3/util/connection.py", line 61, in create_connection
    for res in socket.getaddrinfo(host, port, family, socket.SOCK_STREAM):
  File "/usr/local/lib/python3.7/socket.py", line 752, in getaddrinfo
    for res in _socket.getaddrinfo(host, port, family, type, proto, flags):
socket.gaierror: [Errno -2] Name or service not known

During handling of the above exception, another exception occurred:

Traceback (most recent call last):
  File "/root/.cache/pypoetry/virtualenvs/cpdbv2-backend-VA82Wl8V-py3.7/lib/python3.7/site-packages/elasticsearch/connection/http_urllib3.py", line 115, in perform_request
    response = self.pool.urlopen(method, url, body, retries=False, headers=self.headers, **kw)
  File "/root/.cache/pypoetry/virtualenvs/cpdbv2-backend-VA82Wl8V-py3.7/lib/python3.7/site-packages/urllib3/connectionpool.py", line 727, in urlopen
    method, url, error=e, _pool=self, _stacktrace=sys.exc_info()[2]
  File "/root/.cache/pypoetry/virtualenvs/cpdbv2-backend-VA82Wl8V-py3.7/lib/python3.7/site-packages/urllib3/util/retry.py", line 386, in increment
    raise six.reraise(type(error), error, _stacktrace)
  File "/root/.cache/pypoetry/virtualenvs/cpdbv2-backend-VA82Wl8V-py3.7/lib/python3.7/site-packages/urllib3/packages/six.py", line 735, in reraise
    raise value
  File "/root/.cache/pypoetry/virtualenvs/cpdbv2-backend-VA82Wl8V-py3.7/lib/python3.7/site-packages/urllib3/connectionpool.py", line 677, in urlopen
    chunked=chunked,
  File "/root/.cache/pypoetry/virtualenvs/cpdbv2-backend-VA82Wl8V-py3.7/lib/python3.7/site-packages/urllib3/connectionpool.py", line 392, in _make_request
    conn.request(method, url, **httplib_request_kw)
  File "/usr/local/lib/python3.7/http/client.py", line 1281, in request
    self._send_request(method, url, body, headers, encode_chunked)
  File "/usr/local/lib/python3.7/http/client.py", line 1327, in _send_request
    self.endheaders(body, encode_chunked=encode_chunked)
  File "/usr/local/lib/python3.7/http/client.py", line 1276, in endheaders
    self._send_output(message_body, encode_chunked=encode_chunked)
  File "/usr/local/lib/python3.7/http/client.py", line 1036, in _send_output
    self.send(msg)
  File "/usr/local/lib/python3.7/http/client.py", line 976, in send
    self.connect()
  File "/root/.cache/pypoetry/virtualenvs/cpdbv2-backend-VA82Wl8V-py3.7/lib/python3.7/site-packages/urllib3/connection.py", line 187, in connect
    conn = self._new_conn()
  File "/root/.cache/pypoetry/virtualenvs/cpdbv2-backend-VA82Wl8V-py3.7/lib/python3.7/site-packages/urllib3/connection.py", line 172, in _new_conn
    self, "Failed to establish a new connection: %s" % e
urllib3.exceptions.NewConnectionError: <urllib3.connection.HTTPConnection object at 0x7ff068b73810>: Failed to establish a new connection: [Errno -2] Name or service not known
elasticsearch: DEBUG: > None
urllib3.util.retry: DEBUG: Converted retries value: False -> Retry(total=False, connect=None, read=None, redirect=0, status=None)
urllib3.connectionpool: DEBUG: Starting new HTTP connection (462): elasticsearch:9200
elasticsearch: WARNING: DELETE http://elasticsearch:9200/test_autocompletes [status:N/A request:0.005s]
Traceback (most recent call last):
  File "/root/.cache/pypoetry/virtualenvs/cpdbv2-backend-VA82Wl8V-py3.7/lib/python3.7/site-packages/urllib3/connection.py", line 160, in _new_conn
    (self._dns_host, self.port), self.timeout, **extra_kw
  File "/root/.cache/pypoetry/virtualenvs/cpdbv2-backend-VA82Wl8V-py3.7/lib/python3.7/site-packages/urllib3/util/connection.py", line 61, in create_connection
    for res in socket.getaddrinfo(host, port, family, socket.SOCK_STREAM):
  File "/usr/local/lib/python3.7/socket.py", line 752, in getaddrinfo
    for res in _socket.getaddrinfo(host, port, family, type, proto, flags):
socket.gaierror: [Errno -2] Name or service not known

During handling of the above exception, another exception occurred:

Traceback (most recent call last):
  File "/root/.cache/pypoetry/virtualenvs/cpdbv2-backend-VA82Wl8V-py3.7/lib/python3.7/site-packages/elasticsearch/connection/http_urllib3.py", line 115, in perform_request
    response = self.pool.urlopen(method, url, body, retries=False, headers=self.headers, **kw)
  File "/root/.cache/pypoetry/virtualenvs/cpdbv2-backend-VA82Wl8V-py3.7/lib/python3.7/site-packages/urllib3/connectionpool.py", line 727, in urlopen
    method, url, error=e, _pool=self, _stacktrace=sys.exc_info()[2]
  File "/root/.cache/pypoetry/virtualenvs/cpdbv2-backend-VA82Wl8V-py3.7/lib/python3.7/site-packages/urllib3/util/retry.py", line 386, in increment
    raise six.reraise(type(error), error, _stacktrace)
  File "/root/.cache/pypoetry/virtualenvs/cpdbv2-backend-VA82Wl8V-py3.7/lib/python3.7/site-packages/urllib3/packages/six.py", line 735, in reraise
    raise value
  File "/root/.cache/pypoetry/virtualenvs/cpdbv2-backend-VA82Wl8V-py3.7/lib/python3.7/site-packages/urllib3/connectionpool.py", line 677, in urlopen
    chunked=chunked,
  File "/root/.cache/pypoetry/virtualenvs/cpdbv2-backend-VA82Wl8V-py3.7/lib/python3.7/site-packages/urllib3/connectionpool.py", line 392, in _make_request
    conn.request(method, url, **httplib_request_kw)
  File "/usr/local/lib/python3.7/http/client.py", line 1281, in request
    self._send_request(method, url, body, headers, encode_chunked)
  File "/usr/local/lib/python3.7/http/client.py", line 1327, in _send_request
    self.endheaders(body, encode_chunked=encode_chunked)
  File "/usr/local/lib/python3.7/http/client.py", line 1276, in endheaders
    self._send_output(message_body, encode_chunked=encode_chunked)
  File "/usr/local/lib/python3.7/http/client.py", line 1036, in _send_output
    self.send(msg)
  File "/usr/local/lib/python3.7/http/client.py", line 976, in send
    self.connect()
  File "/root/.cache/pypoetry/virtualenvs/cpdbv2-backend-VA82Wl8V-py3.7/lib/python3.7/site-packages/urllib3/connection.py", line 187, in connect
    conn = self._new_conn()
  File "/root/.cache/pypoetry/virtualenvs/cpdbv2-backend-VA82Wl8V-py3.7/lib/python3.7/site-packages/urllib3/connection.py", line 172, in _new_conn
    self, "Failed to establish a new connection: %s" % e
urllib3.exceptions.NewConnectionError: <urllib3.connection.HTTPConnection object at 0x7ff068b73d50>: Failed to establish a new connection: [Errno -2] Name or service not known
elasticsearch: DEBUG: > None
urllib3.util.retry: DEBUG: Converted retries value: False -> Retry(total=False, connect=None, read=None, redirect=0, status=None)
urllib3.connectionpool: DEBUG: Starting new HTTP connection (463): elasticsearch:9200
elasticsearch: WARNING: DELETE http://elasticsearch:9200/test_autocompletes [status:N/A request:0.004s]
Traceback (most recent call last):
  File "/root/.cache/pypoetry/virtualenvs/cpdbv2-backend-VA82Wl8V-py3.7/lib/python3.7/site-packages/urllib3/connection.py", line 160, in _new_conn
    (self._dns_host, self.port), self.timeout, **extra_kw
  File "/root/.cache/pypoetry/virtualenvs/cpdbv2-backend-VA82Wl8V-py3.7/lib/python3.7/site-packages/urllib3/util/connection.py", line 61, in create_connection
    for res in socket.getaddrinfo(host, port, family, socket.SOCK_STREAM):
  File "/usr/local/lib/python3.7/socket.py", line 752, in getaddrinfo
    for res in _socket.getaddrinfo(host, port, family, type, proto, flags):
socket.gaierror: [Errno -2] Name or service not known

During handling of the above exception, another exception occurred:

Traceback (most recent call last):
  File "/root/.cache/pypoetry/virtualenvs/cpdbv2-backend-VA82Wl8V-py3.7/lib/python3.7/site-packages/elasticsearch/connection/http_urllib3.py", line 115, in perform_request
    response = self.pool.urlopen(method, url, body, retries=False, headers=self.headers, **kw)
  File "/root/.cache/pypoetry/virtualenvs/cpdbv2-backend-VA82Wl8V-py3.7/lib/python3.7/site-packages/urllib3/connectionpool.py", line 727, in urlopen
    method, url, error=e, _pool=self, _stacktrace=sys.exc_info()[2]
  File "/root/.cache/pypoetry/virtualenvs/cpdbv2-backend-VA82Wl8V-py3.7/lib/python3.7/site-packages/urllib3/util/retry.py", line 386, in increment
    raise six.reraise(type(error), error, _stacktrace)
  File "/root/.cache/pypoetry/virtualenvs/cpdbv2-backend-VA82Wl8V-py3.7/lib/python3.7/site-packages/urllib3/packages/six.py", line 735, in reraise
    raise value
  File "/root/.cache/pypoetry/virtualenvs/cpdbv2-backend-VA82Wl8V-py3.7/lib/python3.7/site-packages/urllib3/connectionpool.py", line 677, in urlopen
    chunked=chunked,
  File "/root/.cache/pypoetry/virtualenvs/cpdbv2-backend-VA82Wl8V-py3.7/lib/python3.7/site-packages/urllib3/connectionpool.py", line 392, in _make_request
    conn.request(method, url, **httplib_request_kw)
  File "/usr/local/lib/python3.7/http/client.py", line 1281, in request
    self._send_request(method, url, body, headers, encode_chunked)
  File "/usr/local/lib/python3.7/http/client.py", line 1327, in _send_request
    self.endheaders(body, encode_chunked=encode_chunked)
  File "/usr/local/lib/python3.7/http/client.py", line 1276, in endheaders
    self._send_output(message_body, encode_chunked=encode_chunked)
  File "/usr/local/lib/python3.7/http/client.py", line 1036, in _send_output
    self.send(msg)
  File "/usr/local/lib/python3.7/http/client.py", line 976, in send
    self.connect()
  File "/root/.cache/pypoetry/virtualenvs/cpdbv2-backend-VA82Wl8V-py3.7/lib/python3.7/site-packages/urllib3/connection.py", line 187, in connect
    conn = self._new_conn()
  File "/root/.cache/pypoetry/virtualenvs/cpdbv2-backend-VA82Wl8V-py3.7/lib/python3.7/site-packages/urllib3/connection.py", line 172, in _new_conn
    self, "Failed to establish a new connection: %s" % e
urllib3.exceptions.NewConnectionError: <urllib3.connection.HTTPConnection object at 0x7ff068b73bd0>: Failed to establish a new connection: [Errno -2] Name or service not known
elasticsearch: DEBUG: > None
urllib3.util.retry: DEBUG: Converted retries value: False -> Retry(total=False, connect=None, read=None, redirect=0, status=None)
urllib3.connectionpool: DEBUG: Starting new HTTP connection (464): elasticsearch:9200
elasticsearch: WARNING: DELETE http://elasticsearch:9200/test_autocompletes [status:N/A request:0.004s]
Traceback (most recent call last):
  File "/root/.cache/pypoetry/virtualenvs/cpdbv2-backend-VA82Wl8V-py3.7/lib/python3.7/site-packages/urllib3/connection.py", line 160, in _new_conn
    (self._dns_host, self.port), self.timeout, **extra_kw
  File "/root/.cache/pypoetry/virtualenvs/cpdbv2-backend-VA82Wl8V-py3.7/lib/python3.7/site-packages/urllib3/util/connection.py", line 61, in create_connection
    for res in socket.getaddrinfo(host, port, family, socket.SOCK_STREAM):
  File "/usr/local/lib/python3.7/socket.py", line 752, in getaddrinfo
    for res in _socket.getaddrinfo(host, port, family, type, proto, flags):
socket.gaierror: [Errno -2] Name or service not known

During handling of the above exception, another exception occurred:

Traceback (most recent call last):
  File "/root/.cache/pypoetry/virtualenvs/cpdbv2-backend-VA82Wl8V-py3.7/lib/python3.7/site-packages/elasticsearch/connection/http_urllib3.py", line 115, in perform_request
    response = self.pool.urlopen(method, url, body, retries=False, headers=self.headers, **kw)
  File "/root/.cache/pypoetry/virtualenvs/cpdbv2-backend-VA82Wl8V-py3.7/lib/python3.7/site-packages/urllib3/connectionpool.py", line 727, in urlopen
    method, url, error=e, _pool=self, _stacktrace=sys.exc_info()[2]
  File "/root/.cache/pypoetry/virtualenvs/cpdbv2-backend-VA82Wl8V-py3.7/lib/python3.7/site-packages/urllib3/util/retry.py", line 386, in increment
    raise six.reraise(type(error), error, _stacktrace)
  File "/root/.cache/pypoetry/virtualenvs/cpdbv2-backend-VA82Wl8V-py3.7/lib/python3.7/site-packages/urllib3/packages/six.py", line 735, in reraise
    raise value
  File "/root/.cache/pypoetry/virtualenvs/cpdbv2-backend-VA82Wl8V-py3.7/lib/python3.7/site-packages/urllib3/connectionpool.py", line 677, in urlopen
    chunked=chunked,
  File "/root/.cache/pypoetry/virtualenvs/cpdbv2-backend-VA82Wl8V-py3.7/lib/python3.7/site-packages/urllib3/connectionpool.py", line 392, in _make_request
    conn.request(method, url, **httplib_request_kw)
  File "/usr/local/lib/python3.7/http/client.py", line 1281, in request
    self._send_request(method, url, body, headers, encode_chunked)
  File "/usr/local/lib/python3.7/http/client.py", line 1327, in _send_request
    self.endheaders(body, encode_chunked=encode_chunked)
  File "/usr/local/lib/python3.7/http/client.py", line 1276, in endheaders
    self._send_output(message_body, encode_chunked=encode_chunked)
  File "/usr/local/lib/python3.7/http/client.py", line 1036, in _send_output
    self.send(msg)
  File "/usr/local/lib/python3.7/http/client.py", line 976, in send
    self.connect()
  File "/root/.cache/pypoetry/virtualenvs/cpdbv2-backend-VA82Wl8V-py3.7/lib/python3.7/site-packages/urllib3/connection.py", line 187, in connect
    conn = self._new_conn()
  File "/root/.cache/pypoetry/virtualenvs/cpdbv2-backend-VA82Wl8V-py3.7/lib/python3.7/site-packages/urllib3/connection.py", line 172, in _new_conn
    self, "Failed to establish a new connection: %s" % e
urllib3.exceptions.NewConnectionError: <urllib3.connection.HTTPConnection object at 0x7ff068b73e50>: Failed to establish a new connection: [Errno -2] Name or service not known
elasticsearch: DEBUG: > None
--------------------- >> end captured logging << ---------------------

======================================================================
ERROR: test_search (search.tests.test_workers.SearchTermItemWorkerTestCase)
----------------------------------------------------------------------
Traceback (most recent call last):
  File "/usr/src/app/cpdb/search/tests/utils.py", line 12, in setUp
    autocompletes_alias.read_index.delete(ignore=404)
  File "/root/.cache/pypoetry/virtualenvs/cpdbv2-backend-VA82Wl8V-py3.7/lib/python3.7/site-packages/elasticsearch_dsl/index.py", line 222, in delete
    self.connection.indices.delete(index=self._name, **kwargs)
  File "/root/.cache/pypoetry/virtualenvs/cpdbv2-backend-VA82Wl8V-py3.7/lib/python3.7/site-packages/elasticsearch/client/utils.py", line 73, in _wrapped
    return func(*args, params=params, **kwargs)
  File "/root/.cache/pypoetry/virtualenvs/cpdbv2-backend-VA82Wl8V-py3.7/lib/python3.7/site-packages/elasticsearch/client/indices.py", line 200, in delete
    params=params)
  File "/root/.cache/pypoetry/virtualenvs/cpdbv2-backend-VA82Wl8V-py3.7/lib/python3.7/site-packages/elasticsearch/transport.py", line 312, in perform_request
    status, headers, data = connection.perform_request(method, url, params, body, ignore=ignore, timeout=timeout)
  File "/root/.cache/pypoetry/virtualenvs/cpdbv2-backend-VA82Wl8V-py3.7/lib/python3.7/site-packages/elasticsearch/connection/http_urllib3.py", line 124, in perform_request
    raise ConnectionError('N/A', str(e), e)
elasticsearch.exceptions.ConnectionError: ConnectionError(<urllib3.connection.HTTPConnection object at 0x7ff068b534d0>: Failed to establish a new connection: [Errno -2] Name or service not known) caused by: NewConnectionError(<urllib3.connection.HTTPConnection object at 0x7ff068b534d0>: Failed to establish a new connection: [Errno -2] Name or service not known)
-------------------- >> begin captured logging << --------------------
urllib3.util.retry: DEBUG: Converted retries value: False -> Retry(total=False, connect=None, read=None, redirect=0, status=None)
urllib3.connectionpool: DEBUG: Starting new HTTP connection (465): elasticsearch:9200
elasticsearch: WARNING: DELETE http://elasticsearch:9200/test_autocompletes [status:N/A request:0.004s]
Traceback (most recent call last):
  File "/root/.cache/pypoetry/virtualenvs/cpdbv2-backend-VA82Wl8V-py3.7/lib/python3.7/site-packages/urllib3/connection.py", line 160, in _new_conn
    (self._dns_host, self.port), self.timeout, **extra_kw
  File "/root/.cache/pypoetry/virtualenvs/cpdbv2-backend-VA82Wl8V-py3.7/lib/python3.7/site-packages/urllib3/util/connection.py", line 61, in create_connection
    for res in socket.getaddrinfo(host, port, family, socket.SOCK_STREAM):
  File "/usr/local/lib/python3.7/socket.py", line 752, in getaddrinfo
    for res in _socket.getaddrinfo(host, port, family, type, proto, flags):
socket.gaierror: [Errno -2] Name or service not known

During handling of the above exception, another exception occurred:

Traceback (most recent call last):
  File "/root/.cache/pypoetry/virtualenvs/cpdbv2-backend-VA82Wl8V-py3.7/lib/python3.7/site-packages/elasticsearch/connection/http_urllib3.py", line 115, in perform_request
    response = self.pool.urlopen(method, url, body, retries=False, headers=self.headers, **kw)
  File "/root/.cache/pypoetry/virtualenvs/cpdbv2-backend-VA82Wl8V-py3.7/lib/python3.7/site-packages/urllib3/connectionpool.py", line 727, in urlopen
    method, url, error=e, _pool=self, _stacktrace=sys.exc_info()[2]
  File "/root/.cache/pypoetry/virtualenvs/cpdbv2-backend-VA82Wl8V-py3.7/lib/python3.7/site-packages/urllib3/util/retry.py", line 386, in increment
    raise six.reraise(type(error), error, _stacktrace)
  File "/root/.cache/pypoetry/virtualenvs/cpdbv2-backend-VA82Wl8V-py3.7/lib/python3.7/site-packages/urllib3/packages/six.py", line 735, in reraise
    raise value
  File "/root/.cache/pypoetry/virtualenvs/cpdbv2-backend-VA82Wl8V-py3.7/lib/python3.7/site-packages/urllib3/connectionpool.py", line 677, in urlopen
    chunked=chunked,
  File "/root/.cache/pypoetry/virtualenvs/cpdbv2-backend-VA82Wl8V-py3.7/lib/python3.7/site-packages/urllib3/connectionpool.py", line 392, in _make_request
    conn.request(method, url, **httplib_request_kw)
  File "/usr/local/lib/python3.7/http/client.py", line 1281, in request
    self._send_request(method, url, body, headers, encode_chunked)
  File "/usr/local/lib/python3.7/http/client.py", line 1327, in _send_request
    self.endheaders(body, encode_chunked=encode_chunked)
  File "/usr/local/lib/python3.7/http/client.py", line 1276, in endheaders
    self._send_output(message_body, encode_chunked=encode_chunked)
  File "/usr/local/lib/python3.7/http/client.py", line 1036, in _send_output
    self.send(msg)
  File "/usr/local/lib/python3.7/http/client.py", line 976, in send
    self.connect()
  File "/root/.cache/pypoetry/virtualenvs/cpdbv2-backend-VA82Wl8V-py3.7/lib/python3.7/site-packages/urllib3/connection.py", line 187, in connect
    conn = self._new_conn()
  File "/root/.cache/pypoetry/virtualenvs/cpdbv2-backend-VA82Wl8V-py3.7/lib/python3.7/site-packages/urllib3/connection.py", line 172, in _new_conn
    self, "Failed to establish a new connection: %s" % e
urllib3.exceptions.NewConnectionError: <urllib3.connection.HTTPConnection object at 0x7ff068b73450>: Failed to establish a new connection: [Errno -2] Name or service not known
elasticsearch: DEBUG: > None
urllib3.util.retry: DEBUG: Converted retries value: False -> Retry(total=False, connect=None, read=None, redirect=0, status=None)
urllib3.connectionpool: DEBUG: Starting new HTTP connection (466): elasticsearch:9200
elasticsearch: WARNING: DELETE http://elasticsearch:9200/test_autocompletes [status:N/A request:0.004s]
Traceback (most recent call last):
  File "/root/.cache/pypoetry/virtualenvs/cpdbv2-backend-VA82Wl8V-py3.7/lib/python3.7/site-packages/urllib3/connection.py", line 160, in _new_conn
    (self._dns_host, self.port), self.timeout, **extra_kw
  File "/root/.cache/pypoetry/virtualenvs/cpdbv2-backend-VA82Wl8V-py3.7/lib/python3.7/site-packages/urllib3/util/connection.py", line 61, in create_connection
    for res in socket.getaddrinfo(host, port, family, socket.SOCK_STREAM):
  File "/usr/local/lib/python3.7/socket.py", line 752, in getaddrinfo
    for res in _socket.getaddrinfo(host, port, family, type, proto, flags):
socket.gaierror: [Errno -2] Name or service not known

During handling of the above exception, another exception occurred:

Traceback (most recent call last):
  File "/root/.cache/pypoetry/virtualenvs/cpdbv2-backend-VA82Wl8V-py3.7/lib/python3.7/site-packages/elasticsearch/connection/http_urllib3.py", line 115, in perform_request
    response = self.pool.urlopen(method, url, body, retries=False, headers=self.headers, **kw)
  File "/root/.cache/pypoetry/virtualenvs/cpdbv2-backend-VA82Wl8V-py3.7/lib/python3.7/site-packages/urllib3/connectionpool.py", line 727, in urlopen
    method, url, error=e, _pool=self, _stacktrace=sys.exc_info()[2]
  File "/root/.cache/pypoetry/virtualenvs/cpdbv2-backend-VA82Wl8V-py3.7/lib/python3.7/site-packages/urllib3/util/retry.py", line 386, in increment
    raise six.reraise(type(error), error, _stacktrace)
  File "/root/.cache/pypoetry/virtualenvs/cpdbv2-backend-VA82Wl8V-py3.7/lib/python3.7/site-packages/urllib3/packages/six.py", line 735, in reraise
    raise value
  File "/root/.cache/pypoetry/virtualenvs/cpdbv2-backend-VA82Wl8V-py3.7/lib/python3.7/site-packages/urllib3/connectionpool.py", line 677, in urlopen
    chunked=chunked,
  File "/root/.cache/pypoetry/virtualenvs/cpdbv2-backend-VA82Wl8V-py3.7/lib/python3.7/site-packages/urllib3/connectionpool.py", line 392, in _make_request
    conn.request(method, url, **httplib_request_kw)
  File "/usr/local/lib/python3.7/http/client.py", line 1281, in request
    self._send_request(method, url, body, headers, encode_chunked)
  File "/usr/local/lib/python3.7/http/client.py", line 1327, in _send_request
    self.endheaders(body, encode_chunked=encode_chunked)
  File "/usr/local/lib/python3.7/http/client.py", line 1276, in endheaders
    self._send_output(message_body, encode_chunked=encode_chunked)
  File "/usr/local/lib/python3.7/http/client.py", line 1036, in _send_output
    self.send(msg)
  File "/usr/local/lib/python3.7/http/client.py", line 976, in send
    self.connect()
  File "/root/.cache/pypoetry/virtualenvs/cpdbv2-backend-VA82Wl8V-py3.7/lib/python3.7/site-packages/urllib3/connection.py", line 187, in connect
    conn = self._new_conn()
  File "/root/.cache/pypoetry/virtualenvs/cpdbv2-backend-VA82Wl8V-py3.7/lib/python3.7/site-packages/urllib3/connection.py", line 172, in _new_conn
    self, "Failed to establish a new connection: %s" % e
urllib3.exceptions.NewConnectionError: <urllib3.connection.HTTPConnection object at 0x7ff068b53090>: Failed to establish a new connection: [Errno -2] Name or service not known
elasticsearch: DEBUG: > None
urllib3.util.retry: DEBUG: Converted retries value: False -> Retry(total=False, connect=None, read=None, redirect=0, status=None)
urllib3.connectionpool: DEBUG: Starting new HTTP connection (467): elasticsearch:9200
elasticsearch: WARNING: DELETE http://elasticsearch:9200/test_autocompletes [status:N/A request:0.004s]
Traceback (most recent call last):
  File "/root/.cache/pypoetry/virtualenvs/cpdbv2-backend-VA82Wl8V-py3.7/lib/python3.7/site-packages/urllib3/connection.py", line 160, in _new_conn
    (self._dns_host, self.port), self.timeout, **extra_kw
  File "/root/.cache/pypoetry/virtualenvs/cpdbv2-backend-VA82Wl8V-py3.7/lib/python3.7/site-packages/urllib3/util/connection.py", line 61, in create_connection
    for res in socket.getaddrinfo(host, port, family, socket.SOCK_STREAM):
  File "/usr/local/lib/python3.7/socket.py", line 752, in getaddrinfo
    for res in _socket.getaddrinfo(host, port, family, type, proto, flags):
socket.gaierror: [Errno -2] Name or service not known

During handling of the above exception, another exception occurred:

Traceback (most recent call last):
  File "/root/.cache/pypoetry/virtualenvs/cpdbv2-backend-VA82Wl8V-py3.7/lib/python3.7/site-packages/elasticsearch/connection/http_urllib3.py", line 115, in perform_request
    response = self.pool.urlopen(method, url, body, retries=False, headers=self.headers, **kw)
  File "/root/.cache/pypoetry/virtualenvs/cpdbv2-backend-VA82Wl8V-py3.7/lib/python3.7/site-packages/urllib3/connectionpool.py", line 727, in urlopen
    method, url, error=e, _pool=self, _stacktrace=sys.exc_info()[2]
  File "/root/.cache/pypoetry/virtualenvs/cpdbv2-backend-VA82Wl8V-py3.7/lib/python3.7/site-packages/urllib3/util/retry.py", line 386, in increment
    raise six.reraise(type(error), error, _stacktrace)
  File "/root/.cache/pypoetry/virtualenvs/cpdbv2-backend-VA82Wl8V-py3.7/lib/python3.7/site-packages/urllib3/packages/six.py", line 735, in reraise
    raise value
  File "/root/.cache/pypoetry/virtualenvs/cpdbv2-backend-VA82Wl8V-py3.7/lib/python3.7/site-packages/urllib3/connectionpool.py", line 677, in urlopen
    chunked=chunked,
  File "/root/.cache/pypoetry/virtualenvs/cpdbv2-backend-VA82Wl8V-py3.7/lib/python3.7/site-packages/urllib3/connectionpool.py", line 392, in _make_request
    conn.request(method, url, **httplib_request_kw)
  File "/usr/local/lib/python3.7/http/client.py", line 1281, in request
    self._send_request(method, url, body, headers, encode_chunked)
  File "/usr/local/lib/python3.7/http/client.py", line 1327, in _send_request
    self.endheaders(body, encode_chunked=encode_chunked)
  File "/usr/local/lib/python3.7/http/client.py", line 1276, in endheaders
    self._send_output(message_body, encode_chunked=encode_chunked)
  File "/usr/local/lib/python3.7/http/client.py", line 1036, in _send_output
    self.send(msg)
  File "/usr/local/lib/python3.7/http/client.py", line 976, in send
    self.connect()
  File "/root/.cache/pypoetry/virtualenvs/cpdbv2-backend-VA82Wl8V-py3.7/lib/python3.7/site-packages/urllib3/connection.py", line 187, in connect
    conn = self._new_conn()
  File "/root/.cache/pypoetry/virtualenvs/cpdbv2-backend-VA82Wl8V-py3.7/lib/python3.7/site-packages/urllib3/connection.py", line 172, in _new_conn
    self, "Failed to establish a new connection: %s" % e
urllib3.exceptions.NewConnectionError: <urllib3.connection.HTTPConnection object at 0x7ff068b53490>: Failed to establish a new connection: [Errno -2] Name or service not known
elasticsearch: DEBUG: > None
urllib3.util.retry: DEBUG: Converted retries value: False -> Retry(total=False, connect=None, read=None, redirect=0, status=None)
urllib3.connectionpool: DEBUG: Starting new HTTP connection (468): elasticsearch:9200
elasticsearch: WARNING: DELETE http://elasticsearch:9200/test_autocompletes [status:N/A request:0.005s]
Traceback (most recent call last):
  File "/root/.cache/pypoetry/virtualenvs/cpdbv2-backend-VA82Wl8V-py3.7/lib/python3.7/site-packages/urllib3/connection.py", line 160, in _new_conn
    (self._dns_host, self.port), self.timeout, **extra_kw
  File "/root/.cache/pypoetry/virtualenvs/cpdbv2-backend-VA82Wl8V-py3.7/lib/python3.7/site-packages/urllib3/util/connection.py", line 61, in create_connection
    for res in socket.getaddrinfo(host, port, family, socket.SOCK_STREAM):
  File "/usr/local/lib/python3.7/socket.py", line 752, in getaddrinfo
    for res in _socket.getaddrinfo(host, port, family, type, proto, flags):
socket.gaierror: [Errno -2] Name or service not known

During handling of the above exception, another exception occurred:

Traceback (most recent call last):
  File "/root/.cache/pypoetry/virtualenvs/cpdbv2-backend-VA82Wl8V-py3.7/lib/python3.7/site-packages/elasticsearch/connection/http_urllib3.py", line 115, in perform_request
    response = self.pool.urlopen(method, url, body, retries=False, headers=self.headers, **kw)
  File "/root/.cache/pypoetry/virtualenvs/cpdbv2-backend-VA82Wl8V-py3.7/lib/python3.7/site-packages/urllib3/connectionpool.py", line 727, in urlopen
    method, url, error=e, _pool=self, _stacktrace=sys.exc_info()[2]
  File "/root/.cache/pypoetry/virtualenvs/cpdbv2-backend-VA82Wl8V-py3.7/lib/python3.7/site-packages/urllib3/util/retry.py", line 386, in increment
    raise six.reraise(type(error), error, _stacktrace)
  File "/root/.cache/pypoetry/virtualenvs/cpdbv2-backend-VA82Wl8V-py3.7/lib/python3.7/site-packages/urllib3/packages/six.py", line 735, in reraise
    raise value
  File "/root/.cache/pypoetry/virtualenvs/cpdbv2-backend-VA82Wl8V-py3.7/lib/python3.7/site-packages/urllib3/connectionpool.py", line 677, in urlopen
    chunked=chunked,
  File "/root/.cache/pypoetry/virtualenvs/cpdbv2-backend-VA82Wl8V-py3.7/lib/python3.7/site-packages/urllib3/connectionpool.py", line 392, in _make_request
    conn.request(method, url, **httplib_request_kw)
  File "/usr/local/lib/python3.7/http/client.py", line 1281, in request
    self._send_request(method, url, body, headers, encode_chunked)
  File "/usr/local/lib/python3.7/http/client.py", line 1327, in _send_request
    self.endheaders(body, encode_chunked=encode_chunked)
  File "/usr/local/lib/python3.7/http/client.py", line 1276, in endheaders
    self._send_output(message_body, encode_chunked=encode_chunked)
  File "/usr/local/lib/python3.7/http/client.py", line 1036, in _send_output
    self.send(msg)
  File "/usr/local/lib/python3.7/http/client.py", line 976, in send
    self.connect()
  File "/root/.cache/pypoetry/virtualenvs/cpdbv2-backend-VA82Wl8V-py3.7/lib/python3.7/site-packages/urllib3/connection.py", line 187, in connect
    conn = self._new_conn()
  File "/root/.cache/pypoetry/virtualenvs/cpdbv2-backend-VA82Wl8V-py3.7/lib/python3.7/site-packages/urllib3/connection.py", line 172, in _new_conn
    self, "Failed to establish a new connection: %s" % e
urllib3.exceptions.NewConnectionError: <urllib3.connection.HTTPConnection object at 0x7ff068b534d0>: Failed to establish a new connection: [Errno -2] Name or service not known
elasticsearch: DEBUG: > None
--------------------- >> end captured logging << ---------------------

======================================================================
ERROR: test_search_by_unit_description (search.tests.test_workers.UnitOfficerWorkerTestCase)
----------------------------------------------------------------------
Traceback (most recent call last):
  File "/usr/src/app/cpdb/search/tests/test_workers.py", line 222, in setUp
    super(UnitOfficerWorkerTestCase, self).setUp()
  File "/usr/src/app/cpdb/search/tests/utils.py", line 12, in setUp
    autocompletes_alias.read_index.delete(ignore=404)
  File "/root/.cache/pypoetry/virtualenvs/cpdbv2-backend-VA82Wl8V-py3.7/lib/python3.7/site-packages/elasticsearch_dsl/index.py", line 222, in delete
    self.connection.indices.delete(index=self._name, **kwargs)
  File "/root/.cache/pypoetry/virtualenvs/cpdbv2-backend-VA82Wl8V-py3.7/lib/python3.7/site-packages/elasticsearch/client/utils.py", line 73, in _wrapped
    return func(*args, params=params, **kwargs)
  File "/root/.cache/pypoetry/virtualenvs/cpdbv2-backend-VA82Wl8V-py3.7/lib/python3.7/site-packages/elasticsearch/client/indices.py", line 200, in delete
    params=params)
  File "/root/.cache/pypoetry/virtualenvs/cpdbv2-backend-VA82Wl8V-py3.7/lib/python3.7/site-packages/elasticsearch/transport.py", line 312, in perform_request
    status, headers, data = connection.perform_request(method, url, params, body, ignore=ignore, timeout=timeout)
  File "/root/.cache/pypoetry/virtualenvs/cpdbv2-backend-VA82Wl8V-py3.7/lib/python3.7/site-packages/elasticsearch/connection/http_urllib3.py", line 124, in perform_request
    raise ConnectionError('N/A', str(e), e)
elasticsearch.exceptions.ConnectionError: ConnectionError(<urllib3.connection.HTTPConnection object at 0x7ff068b92d90>: Failed to establish a new connection: [Errno -2] Name or service not known) caused by: NewConnectionError(<urllib3.connection.HTTPConnection object at 0x7ff068b92d90>: Failed to establish a new connection: [Errno -2] Name or service not known)
-------------------- >> begin captured logging << --------------------
urllib3.util.retry: DEBUG: Converted retries value: False -> Retry(total=False, connect=None, read=None, redirect=0, status=None)
urllib3.connectionpool: DEBUG: Starting new HTTP connection (469): elasticsearch:9200
elasticsearch: WARNING: DELETE http://elasticsearch:9200/test_autocompletes [status:N/A request:0.005s]
Traceback (most recent call last):
  File "/root/.cache/pypoetry/virtualenvs/cpdbv2-backend-VA82Wl8V-py3.7/lib/python3.7/site-packages/urllib3/connection.py", line 160, in _new_conn
    (self._dns_host, self.port), self.timeout, **extra_kw
  File "/root/.cache/pypoetry/virtualenvs/cpdbv2-backend-VA82Wl8V-py3.7/lib/python3.7/site-packages/urllib3/util/connection.py", line 61, in create_connection
    for res in socket.getaddrinfo(host, port, family, socket.SOCK_STREAM):
  File "/usr/local/lib/python3.7/socket.py", line 752, in getaddrinfo
    for res in _socket.getaddrinfo(host, port, family, type, proto, flags):
socket.gaierror: [Errno -2] Name or service not known

During handling of the above exception, another exception occurred:

Traceback (most recent call last):
  File "/root/.cache/pypoetry/virtualenvs/cpdbv2-backend-VA82Wl8V-py3.7/lib/python3.7/site-packages/elasticsearch/connection/http_urllib3.py", line 115, in perform_request
    response = self.pool.urlopen(method, url, body, retries=False, headers=self.headers, **kw)
  File "/root/.cache/pypoetry/virtualenvs/cpdbv2-backend-VA82Wl8V-py3.7/lib/python3.7/site-packages/urllib3/connectionpool.py", line 727, in urlopen
    method, url, error=e, _pool=self, _stacktrace=sys.exc_info()[2]
  File "/root/.cache/pypoetry/virtualenvs/cpdbv2-backend-VA82Wl8V-py3.7/lib/python3.7/site-packages/urllib3/util/retry.py", line 386, in increment
    raise six.reraise(type(error), error, _stacktrace)
  File "/root/.cache/pypoetry/virtualenvs/cpdbv2-backend-VA82Wl8V-py3.7/lib/python3.7/site-packages/urllib3/packages/six.py", line 735, in reraise
    raise value
  File "/root/.cache/pypoetry/virtualenvs/cpdbv2-backend-VA82Wl8V-py3.7/lib/python3.7/site-packages/urllib3/connectionpool.py", line 677, in urlopen
    chunked=chunked,
  File "/root/.cache/pypoetry/virtualenvs/cpdbv2-backend-VA82Wl8V-py3.7/lib/python3.7/site-packages/urllib3/connectionpool.py", line 392, in _make_request
    conn.request(method, url, **httplib_request_kw)
  File "/usr/local/lib/python3.7/http/client.py", line 1281, in request
    self._send_request(method, url, body, headers, encode_chunked)
  File "/usr/local/lib/python3.7/http/client.py", line 1327, in _send_request
    self.endheaders(body, encode_chunked=encode_chunked)
  File "/usr/local/lib/python3.7/http/client.py", line 1276, in endheaders
    self._send_output(message_body, encode_chunked=encode_chunked)
  File "/usr/local/lib/python3.7/http/client.py", line 1036, in _send_output
    self.send(msg)
  File "/usr/local/lib/python3.7/http/client.py", line 976, in send
    self.connect()
  File "/root/.cache/pypoetry/virtualenvs/cpdbv2-backend-VA82Wl8V-py3.7/lib/python3.7/site-packages/urllib3/connection.py", line 187, in connect
    conn = self._new_conn()
  File "/root/.cache/pypoetry/virtualenvs/cpdbv2-backend-VA82Wl8V-py3.7/lib/python3.7/site-packages/urllib3/connection.py", line 172, in _new_conn
    self, "Failed to establish a new connection: %s" % e
urllib3.exceptions.NewConnectionError: <urllib3.connection.HTTPConnection object at 0x7ff068b53b50>: Failed to establish a new connection: [Errno -2] Name or service not known
elasticsearch: DEBUG: > None
urllib3.util.retry: DEBUG: Converted retries value: False -> Retry(total=False, connect=None, read=None, redirect=0, status=None)
urllib3.connectionpool: DEBUG: Starting new HTTP connection (470): elasticsearch:9200
elasticsearch: WARNING: DELETE http://elasticsearch:9200/test_autocompletes [status:N/A request:0.005s]
Traceback (most recent call last):
  File "/root/.cache/pypoetry/virtualenvs/cpdbv2-backend-VA82Wl8V-py3.7/lib/python3.7/site-packages/urllib3/connection.py", line 160, in _new_conn
    (self._dns_host, self.port), self.timeout, **extra_kw
  File "/root/.cache/pypoetry/virtualenvs/cpdbv2-backend-VA82Wl8V-py3.7/lib/python3.7/site-packages/urllib3/util/connection.py", line 61, in create_connection
    for res in socket.getaddrinfo(host, port, family, socket.SOCK_STREAM):
  File "/usr/local/lib/python3.7/socket.py", line 752, in getaddrinfo
    for res in _socket.getaddrinfo(host, port, family, type, proto, flags):
socket.gaierror: [Errno -2] Name or service not known

During handling of the above exception, another exception occurred:

Traceback (most recent call last):
  File "/root/.cache/pypoetry/virtualenvs/cpdbv2-backend-VA82Wl8V-py3.7/lib/python3.7/site-packages/elasticsearch/connection/http_urllib3.py", line 115, in perform_request
    response = self.pool.urlopen(method, url, body, retries=False, headers=self.headers, **kw)
  File "/root/.cache/pypoetry/virtualenvs/cpdbv2-backend-VA82Wl8V-py3.7/lib/python3.7/site-packages/urllib3/connectionpool.py", line 727, in urlopen
    method, url, error=e, _pool=self, _stacktrace=sys.exc_info()[2]
  File "/root/.cache/pypoetry/virtualenvs/cpdbv2-backend-VA82Wl8V-py3.7/lib/python3.7/site-packages/urllib3/util/retry.py", line 386, in increment
    raise six.reraise(type(error), error, _stacktrace)
  File "/root/.cache/pypoetry/virtualenvs/cpdbv2-backend-VA82Wl8V-py3.7/lib/python3.7/site-packages/urllib3/packages/six.py", line 735, in reraise
    raise value
  File "/root/.cache/pypoetry/virtualenvs/cpdbv2-backend-VA82Wl8V-py3.7/lib/python3.7/site-packages/urllib3/connectionpool.py", line 677, in urlopen
    chunked=chunked,
  File "/root/.cache/pypoetry/virtualenvs/cpdbv2-backend-VA82Wl8V-py3.7/lib/python3.7/site-packages/urllib3/connectionpool.py", line 392, in _make_request
    conn.request(method, url, **httplib_request_kw)
  File "/usr/local/lib/python3.7/http/client.py", line 1281, in request
    self._send_request(method, url, body, headers, encode_chunked)
  File "/usr/local/lib/python3.7/http/client.py", line 1327, in _send_request
    self.endheaders(body, encode_chunked=encode_chunked)
  File "/usr/local/lib/python3.7/http/client.py", line 1276, in endheaders
    self._send_output(message_body, encode_chunked=encode_chunked)
  File "/usr/local/lib/python3.7/http/client.py", line 1036, in _send_output
    self.send(msg)
  File "/usr/local/lib/python3.7/http/client.py", line 976, in send
    self.connect()
  File "/root/.cache/pypoetry/virtualenvs/cpdbv2-backend-VA82Wl8V-py3.7/lib/python3.7/site-packages/urllib3/connection.py", line 187, in connect
    conn = self._new_conn()
  File "/root/.cache/pypoetry/virtualenvs/cpdbv2-backend-VA82Wl8V-py3.7/lib/python3.7/site-packages/urllib3/connection.py", line 172, in _new_conn
    self, "Failed to establish a new connection: %s" % e
urllib3.exceptions.NewConnectionError: <urllib3.connection.HTTPConnection object at 0x7ff068b92550>: Failed to establish a new connection: [Errno -2] Name or service not known
elasticsearch: DEBUG: > None
urllib3.util.retry: DEBUG: Converted retries value: False -> Retry(total=False, connect=None, read=None, redirect=0, status=None)
urllib3.connectionpool: DEBUG: Starting new HTTP connection (471): elasticsearch:9200
elasticsearch: WARNING: DELETE http://elasticsearch:9200/test_autocompletes [status:N/A request:0.004s]
Traceback (most recent call last):
  File "/root/.cache/pypoetry/virtualenvs/cpdbv2-backend-VA82Wl8V-py3.7/lib/python3.7/site-packages/urllib3/connection.py", line 160, in _new_conn
    (self._dns_host, self.port), self.timeout, **extra_kw
  File "/root/.cache/pypoetry/virtualenvs/cpdbv2-backend-VA82Wl8V-py3.7/lib/python3.7/site-packages/urllib3/util/connection.py", line 61, in create_connection
    for res in socket.getaddrinfo(host, port, family, socket.SOCK_STREAM):
  File "/usr/local/lib/python3.7/socket.py", line 752, in getaddrinfo
    for res in _socket.getaddrinfo(host, port, family, type, proto, flags):
socket.gaierror: [Errno -2] Name or service not known

During handling of the above exception, another exception occurred:

Traceback (most recent call last):
  File "/root/.cache/pypoetry/virtualenvs/cpdbv2-backend-VA82Wl8V-py3.7/lib/python3.7/site-packages/elasticsearch/connection/http_urllib3.py", line 115, in perform_request
    response = self.pool.urlopen(method, url, body, retries=False, headers=self.headers, **kw)
  File "/root/.cache/pypoetry/virtualenvs/cpdbv2-backend-VA82Wl8V-py3.7/lib/python3.7/site-packages/urllib3/connectionpool.py", line 727, in urlopen
    method, url, error=e, _pool=self, _stacktrace=sys.exc_info()[2]
  File "/root/.cache/pypoetry/virtualenvs/cpdbv2-backend-VA82Wl8V-py3.7/lib/python3.7/site-packages/urllib3/util/retry.py", line 386, in increment
    raise six.reraise(type(error), error, _stacktrace)
  File "/root/.cache/pypoetry/virtualenvs/cpdbv2-backend-VA82Wl8V-py3.7/lib/python3.7/site-packages/urllib3/packages/six.py", line 735, in reraise
    raise value
  File "/root/.cache/pypoetry/virtualenvs/cpdbv2-backend-VA82Wl8V-py3.7/lib/python3.7/site-packages/urllib3/connectionpool.py", line 677, in urlopen
    chunked=chunked,
  File "/root/.cache/pypoetry/virtualenvs/cpdbv2-backend-VA82Wl8V-py3.7/lib/python3.7/site-packages/urllib3/connectionpool.py", line 392, in _make_request
    conn.request(method, url, **httplib_request_kw)
  File "/usr/local/lib/python3.7/http/client.py", line 1281, in request
    self._send_request(method, url, body, headers, encode_chunked)
  File "/usr/local/lib/python3.7/http/client.py", line 1327, in _send_request
    self.endheaders(body, encode_chunked=encode_chunked)
  File "/usr/local/lib/python3.7/http/client.py", line 1276, in endheaders
    self._send_output(message_body, encode_chunked=encode_chunked)
  File "/usr/local/lib/python3.7/http/client.py", line 1036, in _send_output
    self.send(msg)
  File "/usr/local/lib/python3.7/http/client.py", line 976, in send
    self.connect()
  File "/root/.cache/pypoetry/virtualenvs/cpdbv2-backend-VA82Wl8V-py3.7/lib/python3.7/site-packages/urllib3/connection.py", line 187, in connect
    conn = self._new_conn()
  File "/root/.cache/pypoetry/virtualenvs/cpdbv2-backend-VA82Wl8V-py3.7/lib/python3.7/site-packages/urllib3/connection.py", line 172, in _new_conn
    self, "Failed to establish a new connection: %s" % e
urllib3.exceptions.NewConnectionError: <urllib3.connection.HTTPConnection object at 0x7ff068b92a10>: Failed to establish a new connection: [Errno -2] Name or service not known
elasticsearch: DEBUG: > None
urllib3.util.retry: DEBUG: Converted retries value: False -> Retry(total=False, connect=None, read=None, redirect=0, status=None)
urllib3.connectionpool: DEBUG: Starting new HTTP connection (472): elasticsearch:9200
elasticsearch: WARNING: DELETE http://elasticsearch:9200/test_autocompletes [status:N/A request:0.004s]
Traceback (most recent call last):
  File "/root/.cache/pypoetry/virtualenvs/cpdbv2-backend-VA82Wl8V-py3.7/lib/python3.7/site-packages/urllib3/connection.py", line 160, in _new_conn
    (self._dns_host, self.port), self.timeout, **extra_kw
  File "/root/.cache/pypoetry/virtualenvs/cpdbv2-backend-VA82Wl8V-py3.7/lib/python3.7/site-packages/urllib3/util/connection.py", line 61, in create_connection
    for res in socket.getaddrinfo(host, port, family, socket.SOCK_STREAM):
  File "/usr/local/lib/python3.7/socket.py", line 752, in getaddrinfo
    for res in _socket.getaddrinfo(host, port, family, type, proto, flags):
socket.gaierror: [Errno -2] Name or service not known

During handling of the above exception, another exception occurred:

Traceback (most recent call last):
  File "/root/.cache/pypoetry/virtualenvs/cpdbv2-backend-VA82Wl8V-py3.7/lib/python3.7/site-packages/elasticsearch/connection/http_urllib3.py", line 115, in perform_request
    response = self.pool.urlopen(method, url, body, retries=False, headers=self.headers, **kw)
  File "/root/.cache/pypoetry/virtualenvs/cpdbv2-backend-VA82Wl8V-py3.7/lib/python3.7/site-packages/urllib3/connectionpool.py", line 727, in urlopen
    method, url, error=e, _pool=self, _stacktrace=sys.exc_info()[2]
  File "/root/.cache/pypoetry/virtualenvs/cpdbv2-backend-VA82Wl8V-py3.7/lib/python3.7/site-packages/urllib3/util/retry.py", line 386, in increment
    raise six.reraise(type(error), error, _stacktrace)
  File "/root/.cache/pypoetry/virtualenvs/cpdbv2-backend-VA82Wl8V-py3.7/lib/python3.7/site-packages/urllib3/packages/six.py", line 735, in reraise
    raise value
  File "/root/.cache/pypoetry/virtualenvs/cpdbv2-backend-VA82Wl8V-py3.7/lib/python3.7/site-packages/urllib3/connectionpool.py", line 677, in urlopen
    chunked=chunked,
  File "/root/.cache/pypoetry/virtualenvs/cpdbv2-backend-VA82Wl8V-py3.7/lib/python3.7/site-packages/urllib3/connectionpool.py", line 392, in _make_request
    conn.request(method, url, **httplib_request_kw)
  File "/usr/local/lib/python3.7/http/client.py", line 1281, in request
    self._send_request(method, url, body, headers, encode_chunked)
  File "/usr/local/lib/python3.7/http/client.py", line 1327, in _send_request
    self.endheaders(body, encode_chunked=encode_chunked)
  File "/usr/local/lib/python3.7/http/client.py", line 1276, in endheaders
    self._send_output(message_body, encode_chunked=encode_chunked)
  File "/usr/local/lib/python3.7/http/client.py", line 1036, in _send_output
    self.send(msg)
  File "/usr/local/lib/python3.7/http/client.py", line 976, in send
    self.connect()
  File "/root/.cache/pypoetry/virtualenvs/cpdbv2-backend-VA82Wl8V-py3.7/lib/python3.7/site-packages/urllib3/connection.py", line 187, in connect
    conn = self._new_conn()
  File "/root/.cache/pypoetry/virtualenvs/cpdbv2-backend-VA82Wl8V-py3.7/lib/python3.7/site-packages/urllib3/connection.py", line 172, in _new_conn
    self, "Failed to establish a new connection: %s" % e
urllib3.exceptions.NewConnectionError: <urllib3.connection.HTTPConnection object at 0x7ff068b92d90>: Failed to establish a new connection: [Errno -2] Name or service not known
elasticsearch: DEBUG: > None
--------------------- >> end captured logging << ---------------------

======================================================================
ERROR: test_search_by_unit_name (search.tests.test_workers.UnitOfficerWorkerTestCase)
----------------------------------------------------------------------
Traceback (most recent call last):
  File "/usr/src/app/cpdb/search/tests/test_workers.py", line 222, in setUp
    super(UnitOfficerWorkerTestCase, self).setUp()
  File "/usr/src/app/cpdb/search/tests/utils.py", line 12, in setUp
    autocompletes_alias.read_index.delete(ignore=404)
  File "/root/.cache/pypoetry/virtualenvs/cpdbv2-backend-VA82Wl8V-py3.7/lib/python3.7/site-packages/elasticsearch_dsl/index.py", line 222, in delete
    self.connection.indices.delete(index=self._name, **kwargs)
  File "/root/.cache/pypoetry/virtualenvs/cpdbv2-backend-VA82Wl8V-py3.7/lib/python3.7/site-packages/elasticsearch/client/utils.py", line 73, in _wrapped
    return func(*args, params=params, **kwargs)
  File "/root/.cache/pypoetry/virtualenvs/cpdbv2-backend-VA82Wl8V-py3.7/lib/python3.7/site-packages/elasticsearch/client/indices.py", line 200, in delete
    params=params)
  File "/root/.cache/pypoetry/virtualenvs/cpdbv2-backend-VA82Wl8V-py3.7/lib/python3.7/site-packages/elasticsearch/transport.py", line 312, in perform_request
    status, headers, data = connection.perform_request(method, url, params, body, ignore=ignore, timeout=timeout)
  File "/root/.cache/pypoetry/virtualenvs/cpdbv2-backend-VA82Wl8V-py3.7/lib/python3.7/site-packages/elasticsearch/connection/http_urllib3.py", line 124, in perform_request
    raise ConnectionError('N/A', str(e), e)
elasticsearch.exceptions.ConnectionError: ConnectionError(<urllib3.connection.HTTPConnection object at 0x7ff068bea8d0>: Failed to establish a new connection: [Errno -2] Name or service not known) caused by: NewConnectionError(<urllib3.connection.HTTPConnection object at 0x7ff068bea8d0>: Failed to establish a new connection: [Errno -2] Name or service not known)
-------------------- >> begin captured logging << --------------------
urllib3.util.retry: DEBUG: Converted retries value: False -> Retry(total=False, connect=None, read=None, redirect=0, status=None)
urllib3.connectionpool: DEBUG: Starting new HTTP connection (473): elasticsearch:9200
elasticsearch: WARNING: DELETE http://elasticsearch:9200/test_autocompletes [status:N/A request:0.004s]
Traceback (most recent call last):
  File "/root/.cache/pypoetry/virtualenvs/cpdbv2-backend-VA82Wl8V-py3.7/lib/python3.7/site-packages/urllib3/connection.py", line 160, in _new_conn
    (self._dns_host, self.port), self.timeout, **extra_kw
  File "/root/.cache/pypoetry/virtualenvs/cpdbv2-backend-VA82Wl8V-py3.7/lib/python3.7/site-packages/urllib3/util/connection.py", line 61, in create_connection
    for res in socket.getaddrinfo(host, port, family, socket.SOCK_STREAM):
  File "/usr/local/lib/python3.7/socket.py", line 752, in getaddrinfo
    for res in _socket.getaddrinfo(host, port, family, type, proto, flags):
socket.gaierror: [Errno -2] Name or service not known

During handling of the above exception, another exception occurred:

Traceback (most recent call last):
  File "/root/.cache/pypoetry/virtualenvs/cpdbv2-backend-VA82Wl8V-py3.7/lib/python3.7/site-packages/elasticsearch/connection/http_urllib3.py", line 115, in perform_request
    response = self.pool.urlopen(method, url, body, retries=False, headers=self.headers, **kw)
  File "/root/.cache/pypoetry/virtualenvs/cpdbv2-backend-VA82Wl8V-py3.7/lib/python3.7/site-packages/urllib3/connectionpool.py", line 727, in urlopen
    method, url, error=e, _pool=self, _stacktrace=sys.exc_info()[2]
  File "/root/.cache/pypoetry/virtualenvs/cpdbv2-backend-VA82Wl8V-py3.7/lib/python3.7/site-packages/urllib3/util/retry.py", line 386, in increment
    raise six.reraise(type(error), error, _stacktrace)
  File "/root/.cache/pypoetry/virtualenvs/cpdbv2-backend-VA82Wl8V-py3.7/lib/python3.7/site-packages/urllib3/packages/six.py", line 735, in reraise
    raise value
  File "/root/.cache/pypoetry/virtualenvs/cpdbv2-backend-VA82Wl8V-py3.7/lib/python3.7/site-packages/urllib3/connectionpool.py", line 677, in urlopen
    chunked=chunked,
  File "/root/.cache/pypoetry/virtualenvs/cpdbv2-backend-VA82Wl8V-py3.7/lib/python3.7/site-packages/urllib3/connectionpool.py", line 392, in _make_request
    conn.request(method, url, **httplib_request_kw)
  File "/usr/local/lib/python3.7/http/client.py", line 1281, in request
    self._send_request(method, url, body, headers, encode_chunked)
  File "/usr/local/lib/python3.7/http/client.py", line 1327, in _send_request
    self.endheaders(body, encode_chunked=encode_chunked)
  File "/usr/local/lib/python3.7/http/client.py", line 1276, in endheaders
    self._send_output(message_body, encode_chunked=encode_chunked)
  File "/usr/local/lib/python3.7/http/client.py", line 1036, in _send_output
    self.send(msg)
  File "/usr/local/lib/python3.7/http/client.py", line 976, in send
    self.connect()
  File "/root/.cache/pypoetry/virtualenvs/cpdbv2-backend-VA82Wl8V-py3.7/lib/python3.7/site-packages/urllib3/connection.py", line 187, in connect
    conn = self._new_conn()
  File "/root/.cache/pypoetry/virtualenvs/cpdbv2-backend-VA82Wl8V-py3.7/lib/python3.7/site-packages/urllib3/connection.py", line 172, in _new_conn
    self, "Failed to establish a new connection: %s" % e
urllib3.exceptions.NewConnectionError: <urllib3.connection.HTTPConnection object at 0x7ff068bacf90>: Failed to establish a new connection: [Errno -2] Name or service not known
elasticsearch: DEBUG: > None
urllib3.util.retry: DEBUG: Converted retries value: False -> Retry(total=False, connect=None, read=None, redirect=0, status=None)
urllib3.connectionpool: DEBUG: Starting new HTTP connection (474): elasticsearch:9200
elasticsearch: WARNING: DELETE http://elasticsearch:9200/test_autocompletes [status:N/A request:0.005s]
Traceback (most recent call last):
  File "/root/.cache/pypoetry/virtualenvs/cpdbv2-backend-VA82Wl8V-py3.7/lib/python3.7/site-packages/urllib3/connection.py", line 160, in _new_conn
    (self._dns_host, self.port), self.timeout, **extra_kw
  File "/root/.cache/pypoetry/virtualenvs/cpdbv2-backend-VA82Wl8V-py3.7/lib/python3.7/site-packages/urllib3/util/connection.py", line 61, in create_connection
    for res in socket.getaddrinfo(host, port, family, socket.SOCK_STREAM):
  File "/usr/local/lib/python3.7/socket.py", line 752, in getaddrinfo
    for res in _socket.getaddrinfo(host, port, family, type, proto, flags):
socket.gaierror: [Errno -2] Name or service not known

During handling of the above exception, another exception occurred:

Traceback (most recent call last):
  File "/root/.cache/pypoetry/virtualenvs/cpdbv2-backend-VA82Wl8V-py3.7/lib/python3.7/site-packages/elasticsearch/connection/http_urllib3.py", line 115, in perform_request
    response = self.pool.urlopen(method, url, body, retries=False, headers=self.headers, **kw)
  File "/root/.cache/pypoetry/virtualenvs/cpdbv2-backend-VA82Wl8V-py3.7/lib/python3.7/site-packages/urllib3/connectionpool.py", line 727, in urlopen
    method, url, error=e, _pool=self, _stacktrace=sys.exc_info()[2]
  File "/root/.cache/pypoetry/virtualenvs/cpdbv2-backend-VA82Wl8V-py3.7/lib/python3.7/site-packages/urllib3/util/retry.py", line 386, in increment
    raise six.reraise(type(error), error, _stacktrace)
  File "/root/.cache/pypoetry/virtualenvs/cpdbv2-backend-VA82Wl8V-py3.7/lib/python3.7/site-packages/urllib3/packages/six.py", line 735, in reraise
    raise value
  File "/root/.cache/pypoetry/virtualenvs/cpdbv2-backend-VA82Wl8V-py3.7/lib/python3.7/site-packages/urllib3/connectionpool.py", line 677, in urlopen
    chunked=chunked,
  File "/root/.cache/pypoetry/virtualenvs/cpdbv2-backend-VA82Wl8V-py3.7/lib/python3.7/site-packages/urllib3/connectionpool.py", line 392, in _make_request
    conn.request(method, url, **httplib_request_kw)
  File "/usr/local/lib/python3.7/http/client.py", line 1281, in request
    self._send_request(method, url, body, headers, encode_chunked)
  File "/usr/local/lib/python3.7/http/client.py", line 1327, in _send_request
    self.endheaders(body, encode_chunked=encode_chunked)
  File "/usr/local/lib/python3.7/http/client.py", line 1276, in endheaders
    self._send_output(message_body, encode_chunked=encode_chunked)
  File "/usr/local/lib/python3.7/http/client.py", line 1036, in _send_output
    self.send(msg)
  File "/usr/local/lib/python3.7/http/client.py", line 976, in send
    self.connect()
  File "/root/.cache/pypoetry/virtualenvs/cpdbv2-backend-VA82Wl8V-py3.7/lib/python3.7/site-packages/urllib3/connection.py", line 187, in connect
    conn = self._new_conn()
  File "/root/.cache/pypoetry/virtualenvs/cpdbv2-backend-VA82Wl8V-py3.7/lib/python3.7/site-packages/urllib3/connection.py", line 172, in _new_conn
    self, "Failed to establish a new connection: %s" % e
urllib3.exceptions.NewConnectionError: <urllib3.connection.HTTPConnection object at 0x7ff068c19890>: Failed to establish a new connection: [Errno -2] Name or service not known
elasticsearch: DEBUG: > None
urllib3.util.retry: DEBUG: Converted retries value: False -> Retry(total=False, connect=None, read=None, redirect=0, status=None)
urllib3.connectionpool: DEBUG: Starting new HTTP connection (475): elasticsearch:9200
elasticsearch: WARNING: DELETE http://elasticsearch:9200/test_autocompletes [status:N/A request:0.006s]
Traceback (most recent call last):
  File "/root/.cache/pypoetry/virtualenvs/cpdbv2-backend-VA82Wl8V-py3.7/lib/python3.7/site-packages/urllib3/connection.py", line 160, in _new_conn
    (self._dns_host, self.port), self.timeout, **extra_kw
  File "/root/.cache/pypoetry/virtualenvs/cpdbv2-backend-VA82Wl8V-py3.7/lib/python3.7/site-packages/urllib3/util/connection.py", line 61, in create_connection
    for res in socket.getaddrinfo(host, port, family, socket.SOCK_STREAM):
  File "/usr/local/lib/python3.7/socket.py", line 752, in getaddrinfo
    for res in _socket.getaddrinfo(host, port, family, type, proto, flags):
socket.gaierror: [Errno -2] Name or service not known

During handling of the above exception, another exception occurred:

Traceback (most recent call last):
  File "/root/.cache/pypoetry/virtualenvs/cpdbv2-backend-VA82Wl8V-py3.7/lib/python3.7/site-packages/elasticsearch/connection/http_urllib3.py", line 115, in perform_request
    response = self.pool.urlopen(method, url, body, retries=False, headers=self.headers, **kw)
  File "/root/.cache/pypoetry/virtualenvs/cpdbv2-backend-VA82Wl8V-py3.7/lib/python3.7/site-packages/urllib3/connectionpool.py", line 727, in urlopen
    method, url, error=e, _pool=self, _stacktrace=sys.exc_info()[2]
  File "/root/.cache/pypoetry/virtualenvs/cpdbv2-backend-VA82Wl8V-py3.7/lib/python3.7/site-packages/urllib3/util/retry.py", line 386, in increment
    raise six.reraise(type(error), error, _stacktrace)
  File "/root/.cache/pypoetry/virtualenvs/cpdbv2-backend-VA82Wl8V-py3.7/lib/python3.7/site-packages/urllib3/packages/six.py", line 735, in reraise
    raise value
  File "/root/.cache/pypoetry/virtualenvs/cpdbv2-backend-VA82Wl8V-py3.7/lib/python3.7/site-packages/urllib3/connectionpool.py", line 677, in urlopen
    chunked=chunked,
  File "/root/.cache/pypoetry/virtualenvs/cpdbv2-backend-VA82Wl8V-py3.7/lib/python3.7/site-packages/urllib3/connectionpool.py", line 392, in _make_request
    conn.request(method, url, **httplib_request_kw)
  File "/usr/local/lib/python3.7/http/client.py", line 1281, in request
    self._send_request(method, url, body, headers, encode_chunked)
  File "/usr/local/lib/python3.7/http/client.py", line 1327, in _send_request
    self.endheaders(body, encode_chunked=encode_chunked)
  File "/usr/local/lib/python3.7/http/client.py", line 1276, in endheaders
    self._send_output(message_body, encode_chunked=encode_chunked)
  File "/usr/local/lib/python3.7/http/client.py", line 1036, in _send_output
    self.send(msg)
  File "/usr/local/lib/python3.7/http/client.py", line 976, in send
    self.connect()
  File "/root/.cache/pypoetry/virtualenvs/cpdbv2-backend-VA82Wl8V-py3.7/lib/python3.7/site-packages/urllib3/connection.py", line 187, in connect
    conn = self._new_conn()
  File "/root/.cache/pypoetry/virtualenvs/cpdbv2-backend-VA82Wl8V-py3.7/lib/python3.7/site-packages/urllib3/connection.py", line 172, in _new_conn
    self, "Failed to establish a new connection: %s" % e
urllib3.exceptions.NewConnectionError: <urllib3.connection.HTTPConnection object at 0x7ff068c0b610>: Failed to establish a new connection: [Errno -2] Name or service not known
elasticsearch: DEBUG: > None
urllib3.util.retry: DEBUG: Converted retries value: False -> Retry(total=False, connect=None, read=None, redirect=0, status=None)
urllib3.connectionpool: DEBUG: Starting new HTTP connection (476): elasticsearch:9200
elasticsearch: WARNING: DELETE http://elasticsearch:9200/test_autocompletes [status:N/A request:0.005s]
Traceback (most recent call last):
  File "/root/.cache/pypoetry/virtualenvs/cpdbv2-backend-VA82Wl8V-py3.7/lib/python3.7/site-packages/urllib3/connection.py", line 160, in _new_conn
    (self._dns_host, self.port), self.timeout, **extra_kw
  File "/root/.cache/pypoetry/virtualenvs/cpdbv2-backend-VA82Wl8V-py3.7/lib/python3.7/site-packages/urllib3/util/connection.py", line 61, in create_connection
    for res in socket.getaddrinfo(host, port, family, socket.SOCK_STREAM):
  File "/usr/local/lib/python3.7/socket.py", line 752, in getaddrinfo
    for res in _socket.getaddrinfo(host, port, family, type, proto, flags):
socket.gaierror: [Errno -2] Name or service not known

During handling of the above exception, another exception occurred:

Traceback (most recent call last):
  File "/root/.cache/pypoetry/virtualenvs/cpdbv2-backend-VA82Wl8V-py3.7/lib/python3.7/site-packages/elasticsearch/connection/http_urllib3.py", line 115, in perform_request
    response = self.pool.urlopen(method, url, body, retries=False, headers=self.headers, **kw)
  File "/root/.cache/pypoetry/virtualenvs/cpdbv2-backend-VA82Wl8V-py3.7/lib/python3.7/site-packages/urllib3/connectionpool.py", line 727, in urlopen
    method, url, error=e, _pool=self, _stacktrace=sys.exc_info()[2]
  File "/root/.cache/pypoetry/virtualenvs/cpdbv2-backend-VA82Wl8V-py3.7/lib/python3.7/site-packages/urllib3/util/retry.py", line 386, in increment
    raise six.reraise(type(error), error, _stacktrace)
  File "/root/.cache/pypoetry/virtualenvs/cpdbv2-backend-VA82Wl8V-py3.7/lib/python3.7/site-packages/urllib3/packages/six.py", line 735, in reraise
    raise value
  File "/root/.cache/pypoetry/virtualenvs/cpdbv2-backend-VA82Wl8V-py3.7/lib/python3.7/site-packages/urllib3/connectionpool.py", line 677, in urlopen
    chunked=chunked,
  File "/root/.cache/pypoetry/virtualenvs/cpdbv2-backend-VA82Wl8V-py3.7/lib/python3.7/site-packages/urllib3/connectionpool.py", line 392, in _make_request
    conn.request(method, url, **httplib_request_kw)
  File "/usr/local/lib/python3.7/http/client.py", line 1281, in request
    self._send_request(method, url, body, headers, encode_chunked)
  File "/usr/local/lib/python3.7/http/client.py", line 1327, in _send_request
    self.endheaders(body, encode_chunked=encode_chunked)
  File "/usr/local/lib/python3.7/http/client.py", line 1276, in endheaders
    self._send_output(message_body, encode_chunked=encode_chunked)
  File "/usr/local/lib/python3.7/http/client.py", line 1036, in _send_output
    self.send(msg)
  File "/usr/local/lib/python3.7/http/client.py", line 976, in send
    self.connect()
  File "/root/.cache/pypoetry/virtualenvs/cpdbv2-backend-VA82Wl8V-py3.7/lib/python3.7/site-packages/urllib3/connection.py", line 187, in connect
    conn = self._new_conn()
  File "/root/.cache/pypoetry/virtualenvs/cpdbv2-backend-VA82Wl8V-py3.7/lib/python3.7/site-packages/urllib3/connection.py", line 172, in _new_conn
    self, "Failed to establish a new connection: %s" % e
urllib3.exceptions.NewConnectionError: <urllib3.connection.HTTPConnection object at 0x7ff068bea8d0>: Failed to establish a new connection: [Errno -2] Name or service not known
elasticsearch: DEBUG: > None
--------------------- >> end captured logging << ---------------------

======================================================================
ERROR: test_list_ok (search_mobile.tests.test_views.SearchV2ViewSetTestCase)
----------------------------------------------------------------------
Traceback (most recent call last):
  File "/usr/src/app/cpdb/search/tests/utils.py", line 12, in setUp
    autocompletes_alias.read_index.delete(ignore=404)
  File "/root/.cache/pypoetry/virtualenvs/cpdbv2-backend-VA82Wl8V-py3.7/lib/python3.7/site-packages/elasticsearch_dsl/index.py", line 222, in delete
    self.connection.indices.delete(index=self._name, **kwargs)
  File "/root/.cache/pypoetry/virtualenvs/cpdbv2-backend-VA82Wl8V-py3.7/lib/python3.7/site-packages/elasticsearch/client/utils.py", line 73, in _wrapped
    return func(*args, params=params, **kwargs)
  File "/root/.cache/pypoetry/virtualenvs/cpdbv2-backend-VA82Wl8V-py3.7/lib/python3.7/site-packages/elasticsearch/client/indices.py", line 200, in delete
    params=params)
  File "/root/.cache/pypoetry/virtualenvs/cpdbv2-backend-VA82Wl8V-py3.7/lib/python3.7/site-packages/elasticsearch/transport.py", line 312, in perform_request
    status, headers, data = connection.perform_request(method, url, params, body, ignore=ignore, timeout=timeout)
  File "/root/.cache/pypoetry/virtualenvs/cpdbv2-backend-VA82Wl8V-py3.7/lib/python3.7/site-packages/elasticsearch/connection/http_urllib3.py", line 124, in perform_request
    raise ConnectionError('N/A', str(e), e)
elasticsearch.exceptions.ConnectionError: ConnectionError(<urllib3.connection.HTTPConnection object at 0x7ff068afa290>: Failed to establish a new connection: [Errno -2] Name or service not known) caused by: NewConnectionError(<urllib3.connection.HTTPConnection object at 0x7ff068afa290>: Failed to establish a new connection: [Errno -2] Name or service not known)
-------------------- >> begin captured logging << --------------------
urllib3.util.retry: DEBUG: Converted retries value: False -> Retry(total=False, connect=None, read=None, redirect=0, status=None)
urllib3.connectionpool: DEBUG: Starting new HTTP connection (477): elasticsearch:9200
elasticsearch: WARNING: DELETE http://elasticsearch:9200/test_autocompletes [status:N/A request:0.005s]
Traceback (most recent call last):
  File "/root/.cache/pypoetry/virtualenvs/cpdbv2-backend-VA82Wl8V-py3.7/lib/python3.7/site-packages/urllib3/connection.py", line 160, in _new_conn
    (self._dns_host, self.port), self.timeout, **extra_kw
  File "/root/.cache/pypoetry/virtualenvs/cpdbv2-backend-VA82Wl8V-py3.7/lib/python3.7/site-packages/urllib3/util/connection.py", line 61, in create_connection
    for res in socket.getaddrinfo(host, port, family, socket.SOCK_STREAM):
  File "/usr/local/lib/python3.7/socket.py", line 752, in getaddrinfo
    for res in _socket.getaddrinfo(host, port, family, type, proto, flags):
socket.gaierror: [Errno -2] Name or service not known

During handling of the above exception, another exception occurred:

Traceback (most recent call last):
  File "/root/.cache/pypoetry/virtualenvs/cpdbv2-backend-VA82Wl8V-py3.7/lib/python3.7/site-packages/elasticsearch/connection/http_urllib3.py", line 115, in perform_request
    response = self.pool.urlopen(method, url, body, retries=False, headers=self.headers, **kw)
  File "/root/.cache/pypoetry/virtualenvs/cpdbv2-backend-VA82Wl8V-py3.7/lib/python3.7/site-packages/urllib3/connectionpool.py", line 727, in urlopen
    method, url, error=e, _pool=self, _stacktrace=sys.exc_info()[2]
  File "/root/.cache/pypoetry/virtualenvs/cpdbv2-backend-VA82Wl8V-py3.7/lib/python3.7/site-packages/urllib3/util/retry.py", line 386, in increment
    raise six.reraise(type(error), error, _stacktrace)
  File "/root/.cache/pypoetry/virtualenvs/cpdbv2-backend-VA82Wl8V-py3.7/lib/python3.7/site-packages/urllib3/packages/six.py", line 735, in reraise
    raise value
  File "/root/.cache/pypoetry/virtualenvs/cpdbv2-backend-VA82Wl8V-py3.7/lib/python3.7/site-packages/urllib3/connectionpool.py", line 677, in urlopen
    chunked=chunked,
  File "/root/.cache/pypoetry/virtualenvs/cpdbv2-backend-VA82Wl8V-py3.7/lib/python3.7/site-packages/urllib3/connectionpool.py", line 392, in _make_request
    conn.request(method, url, **httplib_request_kw)
  File "/usr/local/lib/python3.7/http/client.py", line 1281, in request
    self._send_request(method, url, body, headers, encode_chunked)
  File "/usr/local/lib/python3.7/http/client.py", line 1327, in _send_request
    self.endheaders(body, encode_chunked=encode_chunked)
  File "/usr/local/lib/python3.7/http/client.py", line 1276, in endheaders
    self._send_output(message_body, encode_chunked=encode_chunked)
  File "/usr/local/lib/python3.7/http/client.py", line 1036, in _send_output
    self.send(msg)
  File "/usr/local/lib/python3.7/http/client.py", line 976, in send
    self.connect()
  File "/root/.cache/pypoetry/virtualenvs/cpdbv2-backend-VA82Wl8V-py3.7/lib/python3.7/site-packages/urllib3/connection.py", line 187, in connect
    conn = self._new_conn()
  File "/root/.cache/pypoetry/virtualenvs/cpdbv2-backend-VA82Wl8V-py3.7/lib/python3.7/site-packages/urllib3/connection.py", line 172, in _new_conn
    self, "Failed to establish a new connection: %s" % e
urllib3.exceptions.NewConnectionError: <urllib3.connection.HTTPConnection object at 0x7ff068ab7b90>: Failed to establish a new connection: [Errno -2] Name or service not known
elasticsearch: DEBUG: > None
urllib3.util.retry: DEBUG: Converted retries value: False -> Retry(total=False, connect=None, read=None, redirect=0, status=None)
urllib3.connectionpool: DEBUG: Starting new HTTP connection (478): elasticsearch:9200
elasticsearch: WARNING: DELETE http://elasticsearch:9200/test_autocompletes [status:N/A request:0.005s]
Traceback (most recent call last):
  File "/root/.cache/pypoetry/virtualenvs/cpdbv2-backend-VA82Wl8V-py3.7/lib/python3.7/site-packages/urllib3/connection.py", line 160, in _new_conn
    (self._dns_host, self.port), self.timeout, **extra_kw
  File "/root/.cache/pypoetry/virtualenvs/cpdbv2-backend-VA82Wl8V-py3.7/lib/python3.7/site-packages/urllib3/util/connection.py", line 61, in create_connection
    for res in socket.getaddrinfo(host, port, family, socket.SOCK_STREAM):
  File "/usr/local/lib/python3.7/socket.py", line 752, in getaddrinfo
    for res in _socket.getaddrinfo(host, port, family, type, proto, flags):
socket.gaierror: [Errno -2] Name or service not known

During handling of the above exception, another exception occurred:

Traceback (most recent call last):
  File "/root/.cache/pypoetry/virtualenvs/cpdbv2-backend-VA82Wl8V-py3.7/lib/python3.7/site-packages/elasticsearch/connection/http_urllib3.py", line 115, in perform_request
    response = self.pool.urlopen(method, url, body, retries=False, headers=self.headers, **kw)
  File "/root/.cache/pypoetry/virtualenvs/cpdbv2-backend-VA82Wl8V-py3.7/lib/python3.7/site-packages/urllib3/connectionpool.py", line 727, in urlopen
    method, url, error=e, _pool=self, _stacktrace=sys.exc_info()[2]
  File "/root/.cache/pypoetry/virtualenvs/cpdbv2-backend-VA82Wl8V-py3.7/lib/python3.7/site-packages/urllib3/util/retry.py", line 386, in increment
    raise six.reraise(type(error), error, _stacktrace)
  File "/root/.cache/pypoetry/virtualenvs/cpdbv2-backend-VA82Wl8V-py3.7/lib/python3.7/site-packages/urllib3/packages/six.py", line 735, in reraise
    raise value
  File "/root/.cache/pypoetry/virtualenvs/cpdbv2-backend-VA82Wl8V-py3.7/lib/python3.7/site-packages/urllib3/connectionpool.py", line 677, in urlopen
    chunked=chunked,
  File "/root/.cache/pypoetry/virtualenvs/cpdbv2-backend-VA82Wl8V-py3.7/lib/python3.7/site-packages/urllib3/connectionpool.py", line 392, in _make_request
    conn.request(method, url, **httplib_request_kw)
  File "/usr/local/lib/python3.7/http/client.py", line 1281, in request
    self._send_request(method, url, body, headers, encode_chunked)
  File "/usr/local/lib/python3.7/http/client.py", line 1327, in _send_request
    self.endheaders(body, encode_chunked=encode_chunked)
  File "/usr/local/lib/python3.7/http/client.py", line 1276, in endheaders
    self._send_output(message_body, encode_chunked=encode_chunked)
  File "/usr/local/lib/python3.7/http/client.py", line 1036, in _send_output
    self.send(msg)
  File "/usr/local/lib/python3.7/http/client.py", line 976, in send
    self.connect()
  File "/root/.cache/pypoetry/virtualenvs/cpdbv2-backend-VA82Wl8V-py3.7/lib/python3.7/site-packages/urllib3/connection.py", line 187, in connect
    conn = self._new_conn()
  File "/root/.cache/pypoetry/virtualenvs/cpdbv2-backend-VA82Wl8V-py3.7/lib/python3.7/site-packages/urllib3/connection.py", line 172, in _new_conn
    self, "Failed to establish a new connection: %s" % e
urllib3.exceptions.NewConnectionError: <urllib3.connection.HTTPConnection object at 0x7ff068ab7450>: Failed to establish a new connection: [Errno -2] Name or service not known
elasticsearch: DEBUG: > None
urllib3.util.retry: DEBUG: Converted retries value: False -> Retry(total=False, connect=None, read=None, redirect=0, status=None)
urllib3.connectionpool: DEBUG: Starting new HTTP connection (479): elasticsearch:9200
elasticsearch: WARNING: DELETE http://elasticsearch:9200/test_autocompletes [status:N/A request:0.004s]
Traceback (most recent call last):
  File "/root/.cache/pypoetry/virtualenvs/cpdbv2-backend-VA82Wl8V-py3.7/lib/python3.7/site-packages/urllib3/connection.py", line 160, in _new_conn
    (self._dns_host, self.port), self.timeout, **extra_kw
  File "/root/.cache/pypoetry/virtualenvs/cpdbv2-backend-VA82Wl8V-py3.7/lib/python3.7/site-packages/urllib3/util/connection.py", line 61, in create_connection
    for res in socket.getaddrinfo(host, port, family, socket.SOCK_STREAM):
  File "/usr/local/lib/python3.7/socket.py", line 752, in getaddrinfo
    for res in _socket.getaddrinfo(host, port, family, type, proto, flags):
socket.gaierror: [Errno -2] Name or service not known

During handling of the above exception, another exception occurred:

Traceback (most recent call last):
  File "/root/.cache/pypoetry/virtualenvs/cpdbv2-backend-VA82Wl8V-py3.7/lib/python3.7/site-packages/elasticsearch/connection/http_urllib3.py", line 115, in perform_request
    response = self.pool.urlopen(method, url, body, retries=False, headers=self.headers, **kw)
  File "/root/.cache/pypoetry/virtualenvs/cpdbv2-backend-VA82Wl8V-py3.7/lib/python3.7/site-packages/urllib3/connectionpool.py", line 727, in urlopen
    method, url, error=e, _pool=self, _stacktrace=sys.exc_info()[2]
  File "/root/.cache/pypoetry/virtualenvs/cpdbv2-backend-VA82Wl8V-py3.7/lib/python3.7/site-packages/urllib3/util/retry.py", line 386, in increment
    raise six.reraise(type(error), error, _stacktrace)
  File "/root/.cache/pypoetry/virtualenvs/cpdbv2-backend-VA82Wl8V-py3.7/lib/python3.7/site-packages/urllib3/packages/six.py", line 735, in reraise
    raise value
  File "/root/.cache/pypoetry/virtualenvs/cpdbv2-backend-VA82Wl8V-py3.7/lib/python3.7/site-packages/urllib3/connectionpool.py", line 677, in urlopen
    chunked=chunked,
  File "/root/.cache/pypoetry/virtualenvs/cpdbv2-backend-VA82Wl8V-py3.7/lib/python3.7/site-packages/urllib3/connectionpool.py", line 392, in _make_request
    conn.request(method, url, **httplib_request_kw)
  File "/usr/local/lib/python3.7/http/client.py", line 1281, in request
    self._send_request(method, url, body, headers, encode_chunked)
  File "/usr/local/lib/python3.7/http/client.py", line 1327, in _send_request
    self.endheaders(body, encode_chunked=encode_chunked)
  File "/usr/local/lib/python3.7/http/client.py", line 1276, in endheaders
    self._send_output(message_body, encode_chunked=encode_chunked)
  File "/usr/local/lib/python3.7/http/client.py", line 1036, in _send_output
    self.send(msg)
  File "/usr/local/lib/python3.7/http/client.py", line 976, in send
    self.connect()
  File "/root/.cache/pypoetry/virtualenvs/cpdbv2-backend-VA82Wl8V-py3.7/lib/python3.7/site-packages/urllib3/connection.py", line 187, in connect
    conn = self._new_conn()
  File "/root/.cache/pypoetry/virtualenvs/cpdbv2-backend-VA82Wl8V-py3.7/lib/python3.7/site-packages/urllib3/connection.py", line 172, in _new_conn
    self, "Failed to establish a new connection: %s" % e
urllib3.exceptions.NewConnectionError: <urllib3.connection.HTTPConnection object at 0x7ff068afa350>: Failed to establish a new connection: [Errno -2] Name or service not known
elasticsearch: DEBUG: > None
urllib3.util.retry: DEBUG: Converted retries value: False -> Retry(total=False, connect=None, read=None, redirect=0, status=None)
urllib3.connectionpool: DEBUG: Starting new HTTP connection (480): elasticsearch:9200
elasticsearch: WARNING: DELETE http://elasticsearch:9200/test_autocompletes [status:N/A request:0.007s]
Traceback (most recent call last):
  File "/root/.cache/pypoetry/virtualenvs/cpdbv2-backend-VA82Wl8V-py3.7/lib/python3.7/site-packages/urllib3/connection.py", line 160, in _new_conn
    (self._dns_host, self.port), self.timeout, **extra_kw
  File "/root/.cache/pypoetry/virtualenvs/cpdbv2-backend-VA82Wl8V-py3.7/lib/python3.7/site-packages/urllib3/util/connection.py", line 61, in create_connection
    for res in socket.getaddrinfo(host, port, family, socket.SOCK_STREAM):
  File "/usr/local/lib/python3.7/socket.py", line 752, in getaddrinfo
    for res in _socket.getaddrinfo(host, port, family, type, proto, flags):
socket.gaierror: [Errno -2] Name or service not known

During handling of the above exception, another exception occurred:

Traceback (most recent call last):
  File "/root/.cache/pypoetry/virtualenvs/cpdbv2-backend-VA82Wl8V-py3.7/lib/python3.7/site-packages/elasticsearch/connection/http_urllib3.py", line 115, in perform_request
    response = self.pool.urlopen(method, url, body, retries=False, headers=self.headers, **kw)
  File "/root/.cache/pypoetry/virtualenvs/cpdbv2-backend-VA82Wl8V-py3.7/lib/python3.7/site-packages/urllib3/connectionpool.py", line 727, in urlopen
    method, url, error=e, _pool=self, _stacktrace=sys.exc_info()[2]
  File "/root/.cache/pypoetry/virtualenvs/cpdbv2-backend-VA82Wl8V-py3.7/lib/python3.7/site-packages/urllib3/util/retry.py", line 386, in increment
    raise six.reraise(type(error), error, _stacktrace)
  File "/root/.cache/pypoetry/virtualenvs/cpdbv2-backend-VA82Wl8V-py3.7/lib/python3.7/site-packages/urllib3/packages/six.py", line 735, in reraise
    raise value
  File "/root/.cache/pypoetry/virtualenvs/cpdbv2-backend-VA82Wl8V-py3.7/lib/python3.7/site-packages/urllib3/connectionpool.py", line 677, in urlopen
    chunked=chunked,
  File "/root/.cache/pypoetry/virtualenvs/cpdbv2-backend-VA82Wl8V-py3.7/lib/python3.7/site-packages/urllib3/connectionpool.py", line 392, in _make_request
    conn.request(method, url, **httplib_request_kw)
  File "/usr/local/lib/python3.7/http/client.py", line 1281, in request
    self._send_request(method, url, body, headers, encode_chunked)
  File "/usr/local/lib/python3.7/http/client.py", line 1327, in _send_request
    self.endheaders(body, encode_chunked=encode_chunked)
  File "/usr/local/lib/python3.7/http/client.py", line 1276, in endheaders
    self._send_output(message_body, encode_chunked=encode_chunked)
  File "/usr/local/lib/python3.7/http/client.py", line 1036, in _send_output
    self.send(msg)
  File "/usr/local/lib/python3.7/http/client.py", line 976, in send
    self.connect()
  File "/root/.cache/pypoetry/virtualenvs/cpdbv2-backend-VA82Wl8V-py3.7/lib/python3.7/site-packages/urllib3/connection.py", line 187, in connect
    conn = self._new_conn()
  File "/root/.cache/pypoetry/virtualenvs/cpdbv2-backend-VA82Wl8V-py3.7/lib/python3.7/site-packages/urllib3/connection.py", line 172, in _new_conn
    self, "Failed to establish a new connection: %s" % e
urllib3.exceptions.NewConnectionError: <urllib3.connection.HTTPConnection object at 0x7ff068afa290>: Failed to establish a new connection: [Errno -2] Name or service not known
elasticsearch: DEBUG: > None
--------------------- >> end captured logging << ---------------------

======================================================================
ERROR: test_retrieve_recent_search_items (search_mobile.tests.test_views.SearchV2ViewSetTestCase)
----------------------------------------------------------------------
Traceback (most recent call last):
  File "/usr/src/app/cpdb/search/tests/utils.py", line 12, in setUp
    autocompletes_alias.read_index.delete(ignore=404)
  File "/root/.cache/pypoetry/virtualenvs/cpdbv2-backend-VA82Wl8V-py3.7/lib/python3.7/site-packages/elasticsearch_dsl/index.py", line 222, in delete
    self.connection.indices.delete(index=self._name, **kwargs)
  File "/root/.cache/pypoetry/virtualenvs/cpdbv2-backend-VA82Wl8V-py3.7/lib/python3.7/site-packages/elasticsearch/client/utils.py", line 73, in _wrapped
    return func(*args, params=params, **kwargs)
  File "/root/.cache/pypoetry/virtualenvs/cpdbv2-backend-VA82Wl8V-py3.7/lib/python3.7/site-packages/elasticsearch/client/indices.py", line 200, in delete
    params=params)
  File "/root/.cache/pypoetry/virtualenvs/cpdbv2-backend-VA82Wl8V-py3.7/lib/python3.7/site-packages/elasticsearch/transport.py", line 312, in perform_request
    status, headers, data = connection.perform_request(method, url, params, body, ignore=ignore, timeout=timeout)
  File "/root/.cache/pypoetry/virtualenvs/cpdbv2-backend-VA82Wl8V-py3.7/lib/python3.7/site-packages/elasticsearch/connection/http_urllib3.py", line 124, in perform_request
    raise ConnectionError('N/A', str(e), e)
elasticsearch.exceptions.ConnectionError: ConnectionError(<urllib3.connection.HTTPConnection object at 0x7ff068b73790>: Failed to establish a new connection: [Errno -2] Name or service not known) caused by: NewConnectionError(<urllib3.connection.HTTPConnection object at 0x7ff068b73790>: Failed to establish a new connection: [Errno -2] Name or service not known)
-------------------- >> begin captured logging << --------------------
urllib3.util.retry: DEBUG: Converted retries value: False -> Retry(total=False, connect=None, read=None, redirect=0, status=None)
urllib3.connectionpool: DEBUG: Starting new HTTP connection (481): elasticsearch:9200
elasticsearch: WARNING: DELETE http://elasticsearch:9200/test_autocompletes [status:N/A request:0.004s]
Traceback (most recent call last):
  File "/root/.cache/pypoetry/virtualenvs/cpdbv2-backend-VA82Wl8V-py3.7/lib/python3.7/site-packages/urllib3/connection.py", line 160, in _new_conn
    (self._dns_host, self.port), self.timeout, **extra_kw
  File "/root/.cache/pypoetry/virtualenvs/cpdbv2-backend-VA82Wl8V-py3.7/lib/python3.7/site-packages/urllib3/util/connection.py", line 61, in create_connection
    for res in socket.getaddrinfo(host, port, family, socket.SOCK_STREAM):
  File "/usr/local/lib/python3.7/socket.py", line 752, in getaddrinfo
    for res in _socket.getaddrinfo(host, port, family, type, proto, flags):
socket.gaierror: [Errno -2] Name or service not known

During handling of the above exception, another exception occurred:

Traceback (most recent call last):
  File "/root/.cache/pypoetry/virtualenvs/cpdbv2-backend-VA82Wl8V-py3.7/lib/python3.7/site-packages/elasticsearch/connection/http_urllib3.py", line 115, in perform_request
    response = self.pool.urlopen(method, url, body, retries=False, headers=self.headers, **kw)
  File "/root/.cache/pypoetry/virtualenvs/cpdbv2-backend-VA82Wl8V-py3.7/lib/python3.7/site-packages/urllib3/connectionpool.py", line 727, in urlopen
    method, url, error=e, _pool=self, _stacktrace=sys.exc_info()[2]
  File "/root/.cache/pypoetry/virtualenvs/cpdbv2-backend-VA82Wl8V-py3.7/lib/python3.7/site-packages/urllib3/util/retry.py", line 386, in increment
    raise six.reraise(type(error), error, _stacktrace)
  File "/root/.cache/pypoetry/virtualenvs/cpdbv2-backend-VA82Wl8V-py3.7/lib/python3.7/site-packages/urllib3/packages/six.py", line 735, in reraise
    raise value
  File "/root/.cache/pypoetry/virtualenvs/cpdbv2-backend-VA82Wl8V-py3.7/lib/python3.7/site-packages/urllib3/connectionpool.py", line 677, in urlopen
    chunked=chunked,
  File "/root/.cache/pypoetry/virtualenvs/cpdbv2-backend-VA82Wl8V-py3.7/lib/python3.7/site-packages/urllib3/connectionpool.py", line 392, in _make_request
    conn.request(method, url, **httplib_request_kw)
  File "/usr/local/lib/python3.7/http/client.py", line 1281, in request
    self._send_request(method, url, body, headers, encode_chunked)
  File "/usr/local/lib/python3.7/http/client.py", line 1327, in _send_request
    self.endheaders(body, encode_chunked=encode_chunked)
  File "/usr/local/lib/python3.7/http/client.py", line 1276, in endheaders
    self._send_output(message_body, encode_chunked=encode_chunked)
  File "/usr/local/lib/python3.7/http/client.py", line 1036, in _send_output
    self.send(msg)
  File "/usr/local/lib/python3.7/http/client.py", line 976, in send
    self.connect()
  File "/root/.cache/pypoetry/virtualenvs/cpdbv2-backend-VA82Wl8V-py3.7/lib/python3.7/site-packages/urllib3/connection.py", line 187, in connect
    conn = self._new_conn()
  File "/root/.cache/pypoetry/virtualenvs/cpdbv2-backend-VA82Wl8V-py3.7/lib/python3.7/site-packages/urllib3/connection.py", line 172, in _new_conn
    self, "Failed to establish a new connection: %s" % e
urllib3.exceptions.NewConnectionError: <urllib3.connection.HTTPConnection object at 0x7ff068afaf90>: Failed to establish a new connection: [Errno -2] Name or service not known
elasticsearch: DEBUG: > None
urllib3.util.retry: DEBUG: Converted retries value: False -> Retry(total=False, connect=None, read=None, redirect=0, status=None)
urllib3.connectionpool: DEBUG: Starting new HTTP connection (482): elasticsearch:9200
elasticsearch: WARNING: DELETE http://elasticsearch:9200/test_autocompletes [status:N/A request:0.004s]
Traceback (most recent call last):
  File "/root/.cache/pypoetry/virtualenvs/cpdbv2-backend-VA82Wl8V-py3.7/lib/python3.7/site-packages/urllib3/connection.py", line 160, in _new_conn
    (self._dns_host, self.port), self.timeout, **extra_kw
  File "/root/.cache/pypoetry/virtualenvs/cpdbv2-backend-VA82Wl8V-py3.7/lib/python3.7/site-packages/urllib3/util/connection.py", line 61, in create_connection
    for res in socket.getaddrinfo(host, port, family, socket.SOCK_STREAM):
  File "/usr/local/lib/python3.7/socket.py", line 752, in getaddrinfo
    for res in _socket.getaddrinfo(host, port, family, type, proto, flags):
socket.gaierror: [Errno -2] Name or service not known

During handling of the above exception, another exception occurred:

Traceback (most recent call last):
  File "/root/.cache/pypoetry/virtualenvs/cpdbv2-backend-VA82Wl8V-py3.7/lib/python3.7/site-packages/elasticsearch/connection/http_urllib3.py", line 115, in perform_request
    response = self.pool.urlopen(method, url, body, retries=False, headers=self.headers, **kw)
  File "/root/.cache/pypoetry/virtualenvs/cpdbv2-backend-VA82Wl8V-py3.7/lib/python3.7/site-packages/urllib3/connectionpool.py", line 727, in urlopen
    method, url, error=e, _pool=self, _stacktrace=sys.exc_info()[2]
  File "/root/.cache/pypoetry/virtualenvs/cpdbv2-backend-VA82Wl8V-py3.7/lib/python3.7/site-packages/urllib3/util/retry.py", line 386, in increment
    raise six.reraise(type(error), error, _stacktrace)
  File "/root/.cache/pypoetry/virtualenvs/cpdbv2-backend-VA82Wl8V-py3.7/lib/python3.7/site-packages/urllib3/packages/six.py", line 735, in reraise
    raise value
  File "/root/.cache/pypoetry/virtualenvs/cpdbv2-backend-VA82Wl8V-py3.7/lib/python3.7/site-packages/urllib3/connectionpool.py", line 677, in urlopen
    chunked=chunked,
  File "/root/.cache/pypoetry/virtualenvs/cpdbv2-backend-VA82Wl8V-py3.7/lib/python3.7/site-packages/urllib3/connectionpool.py", line 392, in _make_request
    conn.request(method, url, **httplib_request_kw)
  File "/usr/local/lib/python3.7/http/client.py", line 1281, in request
    self._send_request(method, url, body, headers, encode_chunked)
  File "/usr/local/lib/python3.7/http/client.py", line 1327, in _send_request
    self.endheaders(body, encode_chunked=encode_chunked)
  File "/usr/local/lib/python3.7/http/client.py", line 1276, in endheaders
    self._send_output(message_body, encode_chunked=encode_chunked)
  File "/usr/local/lib/python3.7/http/client.py", line 1036, in _send_output
    self.send(msg)
  File "/usr/local/lib/python3.7/http/client.py", line 976, in send
    self.connect()
  File "/root/.cache/pypoetry/virtualenvs/cpdbv2-backend-VA82Wl8V-py3.7/lib/python3.7/site-packages/urllib3/connection.py", line 187, in connect
    conn = self._new_conn()
  File "/root/.cache/pypoetry/virtualenvs/cpdbv2-backend-VA82Wl8V-py3.7/lib/python3.7/site-packages/urllib3/connection.py", line 172, in _new_conn
    self, "Failed to establish a new connection: %s" % e
urllib3.exceptions.NewConnectionError: <urllib3.connection.HTTPConnection object at 0x7ff068afa090>: Failed to establish a new connection: [Errno -2] Name or service not known
elasticsearch: DEBUG: > None
urllib3.util.retry: DEBUG: Converted retries value: False -> Retry(total=False, connect=None, read=None, redirect=0, status=None)
urllib3.connectionpool: DEBUG: Starting new HTTP connection (483): elasticsearch:9200
elasticsearch: WARNING: DELETE http://elasticsearch:9200/test_autocompletes [status:N/A request:0.005s]
Traceback (most recent call last):
  File "/root/.cache/pypoetry/virtualenvs/cpdbv2-backend-VA82Wl8V-py3.7/lib/python3.7/site-packages/urllib3/connection.py", line 160, in _new_conn
    (self._dns_host, self.port), self.timeout, **extra_kw
  File "/root/.cache/pypoetry/virtualenvs/cpdbv2-backend-VA82Wl8V-py3.7/lib/python3.7/site-packages/urllib3/util/connection.py", line 61, in create_connection
    for res in socket.getaddrinfo(host, port, family, socket.SOCK_STREAM):
  File "/usr/local/lib/python3.7/socket.py", line 752, in getaddrinfo
    for res in _socket.getaddrinfo(host, port, family, type, proto, flags):
socket.gaierror: [Errno -2] Name or service not known

During handling of the above exception, another exception occurred:

Traceback (most recent call last):
  File "/root/.cache/pypoetry/virtualenvs/cpdbv2-backend-VA82Wl8V-py3.7/lib/python3.7/site-packages/elasticsearch/connection/http_urllib3.py", line 115, in perform_request
    response = self.pool.urlopen(method, url, body, retries=False, headers=self.headers, **kw)
  File "/root/.cache/pypoetry/virtualenvs/cpdbv2-backend-VA82Wl8V-py3.7/lib/python3.7/site-packages/urllib3/connectionpool.py", line 727, in urlopen
    method, url, error=e, _pool=self, _stacktrace=sys.exc_info()[2]
  File "/root/.cache/pypoetry/virtualenvs/cpdbv2-backend-VA82Wl8V-py3.7/lib/python3.7/site-packages/urllib3/util/retry.py", line 386, in increment
    raise six.reraise(type(error), error, _stacktrace)
  File "/root/.cache/pypoetry/virtualenvs/cpdbv2-backend-VA82Wl8V-py3.7/lib/python3.7/site-packages/urllib3/packages/six.py", line 735, in reraise
    raise value
  File "/root/.cache/pypoetry/virtualenvs/cpdbv2-backend-VA82Wl8V-py3.7/lib/python3.7/site-packages/urllib3/connectionpool.py", line 677, in urlopen
    chunked=chunked,
  File "/root/.cache/pypoetry/virtualenvs/cpdbv2-backend-VA82Wl8V-py3.7/lib/python3.7/site-packages/urllib3/connectionpool.py", line 392, in _make_request
    conn.request(method, url, **httplib_request_kw)
  File "/usr/local/lib/python3.7/http/client.py", line 1281, in request
    self._send_request(method, url, body, headers, encode_chunked)
  File "/usr/local/lib/python3.7/http/client.py", line 1327, in _send_request
    self.endheaders(body, encode_chunked=encode_chunked)
  File "/usr/local/lib/python3.7/http/client.py", line 1276, in endheaders
    self._send_output(message_body, encode_chunked=encode_chunked)
  File "/usr/local/lib/python3.7/http/client.py", line 1036, in _send_output
    self.send(msg)
  File "/usr/local/lib/python3.7/http/client.py", line 976, in send
    self.connect()
  File "/root/.cache/pypoetry/virtualenvs/cpdbv2-backend-VA82Wl8V-py3.7/lib/python3.7/site-packages/urllib3/connection.py", line 187, in connect
    conn = self._new_conn()
  File "/root/.cache/pypoetry/virtualenvs/cpdbv2-backend-VA82Wl8V-py3.7/lib/python3.7/site-packages/urllib3/connection.py", line 172, in _new_conn
    self, "Failed to establish a new connection: %s" % e
urllib3.exceptions.NewConnectionError: <urllib3.connection.HTTPConnection object at 0x7ff068b73c90>: Failed to establish a new connection: [Errno -2] Name or service not known
elasticsearch: DEBUG: > None
urllib3.util.retry: DEBUG: Converted retries value: False -> Retry(total=False, connect=None, read=None, redirect=0, status=None)
urllib3.connectionpool: DEBUG: Starting new HTTP connection (484): elasticsearch:9200
elasticsearch: WARNING: DELETE http://elasticsearch:9200/test_autocompletes [status:N/A request:0.004s]
Traceback (most recent call last):
  File "/root/.cache/pypoetry/virtualenvs/cpdbv2-backend-VA82Wl8V-py3.7/lib/python3.7/site-packages/urllib3/connection.py", line 160, in _new_conn
    (self._dns_host, self.port), self.timeout, **extra_kw
  File "/root/.cache/pypoetry/virtualenvs/cpdbv2-backend-VA82Wl8V-py3.7/lib/python3.7/site-packages/urllib3/util/connection.py", line 61, in create_connection
    for res in socket.getaddrinfo(host, port, family, socket.SOCK_STREAM):
  File "/usr/local/lib/python3.7/socket.py", line 752, in getaddrinfo
    for res in _socket.getaddrinfo(host, port, family, type, proto, flags):
socket.gaierror: [Errno -2] Name or service not known

During handling of the above exception, another exception occurred:

Traceback (most recent call last):
  File "/root/.cache/pypoetry/virtualenvs/cpdbv2-backend-VA82Wl8V-py3.7/lib/python3.7/site-packages/elasticsearch/connection/http_urllib3.py", line 115, in perform_request
    response = self.pool.urlopen(method, url, body, retries=False, headers=self.headers, **kw)
  File "/root/.cache/pypoetry/virtualenvs/cpdbv2-backend-VA82Wl8V-py3.7/lib/python3.7/site-packages/urllib3/connectionpool.py", line 727, in urlopen
    method, url, error=e, _pool=self, _stacktrace=sys.exc_info()[2]
  File "/root/.cache/pypoetry/virtualenvs/cpdbv2-backend-VA82Wl8V-py3.7/lib/python3.7/site-packages/urllib3/util/retry.py", line 386, in increment
    raise six.reraise(type(error), error, _stacktrace)
  File "/root/.cache/pypoetry/virtualenvs/cpdbv2-backend-VA82Wl8V-py3.7/lib/python3.7/site-packages/urllib3/packages/six.py", line 735, in reraise
    raise value
  File "/root/.cache/pypoetry/virtualenvs/cpdbv2-backend-VA82Wl8V-py3.7/lib/python3.7/site-packages/urllib3/connectionpool.py", line 677, in urlopen
    chunked=chunked,
  File "/root/.cache/pypoetry/virtualenvs/cpdbv2-backend-VA82Wl8V-py3.7/lib/python3.7/site-packages/urllib3/connectionpool.py", line 392, in _make_request
    conn.request(method, url, **httplib_request_kw)
  File "/usr/local/lib/python3.7/http/client.py", line 1281, in request
    self._send_request(method, url, body, headers, encode_chunked)
  File "/usr/local/lib/python3.7/http/client.py", line 1327, in _send_request
    self.endheaders(body, encode_chunked=encode_chunked)
  File "/usr/local/lib/python3.7/http/client.py", line 1276, in endheaders
    self._send_output(message_body, encode_chunked=encode_chunked)
  File "/usr/local/lib/python3.7/http/client.py", line 1036, in _send_output
    self.send(msg)
  File "/usr/local/lib/python3.7/http/client.py", line 976, in send
    self.connect()
  File "/root/.cache/pypoetry/virtualenvs/cpdbv2-backend-VA82Wl8V-py3.7/lib/python3.7/site-packages/urllib3/connection.py", line 187, in connect
    conn = self._new_conn()
  File "/root/.cache/pypoetry/virtualenvs/cpdbv2-backend-VA82Wl8V-py3.7/lib/python3.7/site-packages/urllib3/connection.py", line 172, in _new_conn
    self, "Failed to establish a new connection: %s" % e
urllib3.exceptions.NewConnectionError: <urllib3.connection.HTTPConnection object at 0x7ff068b73790>: Failed to establish a new connection: [Errno -2] Name or service not known
elasticsearch: DEBUG: > None
--------------------- >> end captured logging << ---------------------

======================================================================
ERROR: test_retrieve_single_search_date_officers_result (search_mobile.tests.test_views.SearchV2ViewSetTestCase)
----------------------------------------------------------------------
Traceback (most recent call last):
  File "/usr/src/app/cpdb/search/tests/utils.py", line 12, in setUp
    autocompletes_alias.read_index.delete(ignore=404)
  File "/root/.cache/pypoetry/virtualenvs/cpdbv2-backend-VA82Wl8V-py3.7/lib/python3.7/site-packages/elasticsearch_dsl/index.py", line 222, in delete
    self.connection.indices.delete(index=self._name, **kwargs)
  File "/root/.cache/pypoetry/virtualenvs/cpdbv2-backend-VA82Wl8V-py3.7/lib/python3.7/site-packages/elasticsearch/client/utils.py", line 73, in _wrapped
    return func(*args, params=params, **kwargs)
  File "/root/.cache/pypoetry/virtualenvs/cpdbv2-backend-VA82Wl8V-py3.7/lib/python3.7/site-packages/elasticsearch/client/indices.py", line 200, in delete
    params=params)
  File "/root/.cache/pypoetry/virtualenvs/cpdbv2-backend-VA82Wl8V-py3.7/lib/python3.7/site-packages/elasticsearch/transport.py", line 312, in perform_request
    status, headers, data = connection.perform_request(method, url, params, body, ignore=ignore, timeout=timeout)
  File "/root/.cache/pypoetry/virtualenvs/cpdbv2-backend-VA82Wl8V-py3.7/lib/python3.7/site-packages/elasticsearch/connection/http_urllib3.py", line 124, in perform_request
    raise ConnectionError('N/A', str(e), e)
elasticsearch.exceptions.ConnectionError: ConnectionError(<urllib3.connection.HTTPConnection object at 0x7ff068b58110>: Failed to establish a new connection: [Errno -2] Name or service not known) caused by: NewConnectionError(<urllib3.connection.HTTPConnection object at 0x7ff068b58110>: Failed to establish a new connection: [Errno -2] Name or service not known)
-------------------- >> begin captured logging << --------------------
urllib3.util.retry: DEBUG: Converted retries value: False -> Retry(total=False, connect=None, read=None, redirect=0, status=None)
urllib3.connectionpool: DEBUG: Starting new HTTP connection (485): elasticsearch:9200
elasticsearch: WARNING: DELETE http://elasticsearch:9200/test_autocompletes [status:N/A request:0.004s]
Traceback (most recent call last):
  File "/root/.cache/pypoetry/virtualenvs/cpdbv2-backend-VA82Wl8V-py3.7/lib/python3.7/site-packages/urllib3/connection.py", line 160, in _new_conn
    (self._dns_host, self.port), self.timeout, **extra_kw
  File "/root/.cache/pypoetry/virtualenvs/cpdbv2-backend-VA82Wl8V-py3.7/lib/python3.7/site-packages/urllib3/util/connection.py", line 61, in create_connection
    for res in socket.getaddrinfo(host, port, family, socket.SOCK_STREAM):
  File "/usr/local/lib/python3.7/socket.py", line 752, in getaddrinfo
    for res in _socket.getaddrinfo(host, port, family, type, proto, flags):
socket.gaierror: [Errno -2] Name or service not known

During handling of the above exception, another exception occurred:

Traceback (most recent call last):
  File "/root/.cache/pypoetry/virtualenvs/cpdbv2-backend-VA82Wl8V-py3.7/lib/python3.7/site-packages/elasticsearch/connection/http_urllib3.py", line 115, in perform_request
    response = self.pool.urlopen(method, url, body, retries=False, headers=self.headers, **kw)
  File "/root/.cache/pypoetry/virtualenvs/cpdbv2-backend-VA82Wl8V-py3.7/lib/python3.7/site-packages/urllib3/connectionpool.py", line 727, in urlopen
    method, url, error=e, _pool=self, _stacktrace=sys.exc_info()[2]
  File "/root/.cache/pypoetry/virtualenvs/cpdbv2-backend-VA82Wl8V-py3.7/lib/python3.7/site-packages/urllib3/util/retry.py", line 386, in increment
    raise six.reraise(type(error), error, _stacktrace)
  File "/root/.cache/pypoetry/virtualenvs/cpdbv2-backend-VA82Wl8V-py3.7/lib/python3.7/site-packages/urllib3/packages/six.py", line 735, in reraise
    raise value
  File "/root/.cache/pypoetry/virtualenvs/cpdbv2-backend-VA82Wl8V-py3.7/lib/python3.7/site-packages/urllib3/connectionpool.py", line 677, in urlopen
    chunked=chunked,
  File "/root/.cache/pypoetry/virtualenvs/cpdbv2-backend-VA82Wl8V-py3.7/lib/python3.7/site-packages/urllib3/connectionpool.py", line 392, in _make_request
    conn.request(method, url, **httplib_request_kw)
  File "/usr/local/lib/python3.7/http/client.py", line 1281, in request
    self._send_request(method, url, body, headers, encode_chunked)
  File "/usr/local/lib/python3.7/http/client.py", line 1327, in _send_request
    self.endheaders(body, encode_chunked=encode_chunked)
  File "/usr/local/lib/python3.7/http/client.py", line 1276, in endheaders
    self._send_output(message_body, encode_chunked=encode_chunked)
  File "/usr/local/lib/python3.7/http/client.py", line 1036, in _send_output
    self.send(msg)
  File "/usr/local/lib/python3.7/http/client.py", line 976, in send
    self.connect()
  File "/root/.cache/pypoetry/virtualenvs/cpdbv2-backend-VA82Wl8V-py3.7/lib/python3.7/site-packages/urllib3/connection.py", line 187, in connect
    conn = self._new_conn()
  File "/root/.cache/pypoetry/virtualenvs/cpdbv2-backend-VA82Wl8V-py3.7/lib/python3.7/site-packages/urllib3/connection.py", line 172, in _new_conn
    self, "Failed to establish a new connection: %s" % e
urllib3.exceptions.NewConnectionError: <urllib3.connection.HTTPConnection object at 0x7ff068ba1cd0>: Failed to establish a new connection: [Errno -2] Name or service not known
elasticsearch: DEBUG: > None
urllib3.util.retry: DEBUG: Converted retries value: False -> Retry(total=False, connect=None, read=None, redirect=0, status=None)
urllib3.connectionpool: DEBUG: Starting new HTTP connection (486): elasticsearch:9200
elasticsearch: WARNING: DELETE http://elasticsearch:9200/test_autocompletes [status:N/A request:0.004s]
Traceback (most recent call last):
  File "/root/.cache/pypoetry/virtualenvs/cpdbv2-backend-VA82Wl8V-py3.7/lib/python3.7/site-packages/urllib3/connection.py", line 160, in _new_conn
    (self._dns_host, self.port), self.timeout, **extra_kw
  File "/root/.cache/pypoetry/virtualenvs/cpdbv2-backend-VA82Wl8V-py3.7/lib/python3.7/site-packages/urllib3/util/connection.py", line 61, in create_connection
    for res in socket.getaddrinfo(host, port, family, socket.SOCK_STREAM):
  File "/usr/local/lib/python3.7/socket.py", line 752, in getaddrinfo
    for res in _socket.getaddrinfo(host, port, family, type, proto, flags):
socket.gaierror: [Errno -2] Name or service not known

During handling of the above exception, another exception occurred:

Traceback (most recent call last):
  File "/root/.cache/pypoetry/virtualenvs/cpdbv2-backend-VA82Wl8V-py3.7/lib/python3.7/site-packages/elasticsearch/connection/http_urllib3.py", line 115, in perform_request
    response = self.pool.urlopen(method, url, body, retries=False, headers=self.headers, **kw)
  File "/root/.cache/pypoetry/virtualenvs/cpdbv2-backend-VA82Wl8V-py3.7/lib/python3.7/site-packages/urllib3/connectionpool.py", line 727, in urlopen
    method, url, error=e, _pool=self, _stacktrace=sys.exc_info()[2]
  File "/root/.cache/pypoetry/virtualenvs/cpdbv2-backend-VA82Wl8V-py3.7/lib/python3.7/site-packages/urllib3/util/retry.py", line 386, in increment
    raise six.reraise(type(error), error, _stacktrace)
  File "/root/.cache/pypoetry/virtualenvs/cpdbv2-backend-VA82Wl8V-py3.7/lib/python3.7/site-packages/urllib3/packages/six.py", line 735, in reraise
    raise value
  File "/root/.cache/pypoetry/virtualenvs/cpdbv2-backend-VA82Wl8V-py3.7/lib/python3.7/site-packages/urllib3/connectionpool.py", line 677, in urlopen
    chunked=chunked,
  File "/root/.cache/pypoetry/virtualenvs/cpdbv2-backend-VA82Wl8V-py3.7/lib/python3.7/site-packages/urllib3/connectionpool.py", line 392, in _make_request
    conn.request(method, url, **httplib_request_kw)
  File "/usr/local/lib/python3.7/http/client.py", line 1281, in request
    self._send_request(method, url, body, headers, encode_chunked)
  File "/usr/local/lib/python3.7/http/client.py", line 1327, in _send_request
    self.endheaders(body, encode_chunked=encode_chunked)
  File "/usr/local/lib/python3.7/http/client.py", line 1276, in endheaders
    self._send_output(message_body, encode_chunked=encode_chunked)
  File "/usr/local/lib/python3.7/http/client.py", line 1036, in _send_output
    self.send(msg)
  File "/usr/local/lib/python3.7/http/client.py", line 976, in send
    self.connect()
  File "/root/.cache/pypoetry/virtualenvs/cpdbv2-backend-VA82Wl8V-py3.7/lib/python3.7/site-packages/urllib3/connection.py", line 187, in connect
    conn = self._new_conn()
  File "/root/.cache/pypoetry/virtualenvs/cpdbv2-backend-VA82Wl8V-py3.7/lib/python3.7/site-packages/urllib3/connection.py", line 172, in _new_conn
    self, "Failed to establish a new connection: %s" % e
urllib3.exceptions.NewConnectionError: <urllib3.connection.HTTPConnection object at 0x7ff068b536d0>: Failed to establish a new connection: [Errno -2] Name or service not known
elasticsearch: DEBUG: > None
urllib3.util.retry: DEBUG: Converted retries value: False -> Retry(total=False, connect=None, read=None, redirect=0, status=None)
urllib3.connectionpool: DEBUG: Starting new HTTP connection (487): elasticsearch:9200
elasticsearch: WARNING: DELETE http://elasticsearch:9200/test_autocompletes [status:N/A request:0.004s]
Traceback (most recent call last):
  File "/root/.cache/pypoetry/virtualenvs/cpdbv2-backend-VA82Wl8V-py3.7/lib/python3.7/site-packages/urllib3/connection.py", line 160, in _new_conn
    (self._dns_host, self.port), self.timeout, **extra_kw
  File "/root/.cache/pypoetry/virtualenvs/cpdbv2-backend-VA82Wl8V-py3.7/lib/python3.7/site-packages/urllib3/util/connection.py", line 61, in create_connection
    for res in socket.getaddrinfo(host, port, family, socket.SOCK_STREAM):
  File "/usr/local/lib/python3.7/socket.py", line 752, in getaddrinfo
    for res in _socket.getaddrinfo(host, port, family, type, proto, flags):
socket.gaierror: [Errno -2] Name or service not known

During handling of the above exception, another exception occurred:

Traceback (most recent call last):
  File "/root/.cache/pypoetry/virtualenvs/cpdbv2-backend-VA82Wl8V-py3.7/lib/python3.7/site-packages/elasticsearch/connection/http_urllib3.py", line 115, in perform_request
    response = self.pool.urlopen(method, url, body, retries=False, headers=self.headers, **kw)
  File "/root/.cache/pypoetry/virtualenvs/cpdbv2-backend-VA82Wl8V-py3.7/lib/python3.7/site-packages/urllib3/connectionpool.py", line 727, in urlopen
    method, url, error=e, _pool=self, _stacktrace=sys.exc_info()[2]
  File "/root/.cache/pypoetry/virtualenvs/cpdbv2-backend-VA82Wl8V-py3.7/lib/python3.7/site-packages/urllib3/util/retry.py", line 386, in increment
    raise six.reraise(type(error), error, _stacktrace)
  File "/root/.cache/pypoetry/virtualenvs/cpdbv2-backend-VA82Wl8V-py3.7/lib/python3.7/site-packages/urllib3/packages/six.py", line 735, in reraise
    raise value
  File "/root/.cache/pypoetry/virtualenvs/cpdbv2-backend-VA82Wl8V-py3.7/lib/python3.7/site-packages/urllib3/connectionpool.py", line 677, in urlopen
    chunked=chunked,
  File "/root/.cache/pypoetry/virtualenvs/cpdbv2-backend-VA82Wl8V-py3.7/lib/python3.7/site-packages/urllib3/connectionpool.py", line 392, in _make_request
    conn.request(method, url, **httplib_request_kw)
  File "/usr/local/lib/python3.7/http/client.py", line 1281, in request
    self._send_request(method, url, body, headers, encode_chunked)
  File "/usr/local/lib/python3.7/http/client.py", line 1327, in _send_request
    self.endheaders(body, encode_chunked=encode_chunked)
  File "/usr/local/lib/python3.7/http/client.py", line 1276, in endheaders
    self._send_output(message_body, encode_chunked=encode_chunked)
  File "/usr/local/lib/python3.7/http/client.py", line 1036, in _send_output
    self.send(msg)
  File "/usr/local/lib/python3.7/http/client.py", line 976, in send
    self.connect()
  File "/root/.cache/pypoetry/virtualenvs/cpdbv2-backend-VA82Wl8V-py3.7/lib/python3.7/site-packages/urllib3/connection.py", line 187, in connect
    conn = self._new_conn()
  File "/root/.cache/pypoetry/virtualenvs/cpdbv2-backend-VA82Wl8V-py3.7/lib/python3.7/site-packages/urllib3/connection.py", line 172, in _new_conn
    self, "Failed to establish a new connection: %s" % e
urllib3.exceptions.NewConnectionError: <urllib3.connection.HTTPConnection object at 0x7ff068b53b50>: Failed to establish a new connection: [Errno -2] Name or service not known
elasticsearch: DEBUG: > None
urllib3.util.retry: DEBUG: Converted retries value: False -> Retry(total=False, connect=None, read=None, redirect=0, status=None)
urllib3.connectionpool: DEBUG: Starting new HTTP connection (488): elasticsearch:9200
elasticsearch: WARNING: DELETE http://elasticsearch:9200/test_autocompletes [status:N/A request:0.004s]
Traceback (most recent call last):
  File "/root/.cache/pypoetry/virtualenvs/cpdbv2-backend-VA82Wl8V-py3.7/lib/python3.7/site-packages/urllib3/connection.py", line 160, in _new_conn
    (self._dns_host, self.port), self.timeout, **extra_kw
  File "/root/.cache/pypoetry/virtualenvs/cpdbv2-backend-VA82Wl8V-py3.7/lib/python3.7/site-packages/urllib3/util/connection.py", line 61, in create_connection
    for res in socket.getaddrinfo(host, port, family, socket.SOCK_STREAM):
  File "/usr/local/lib/python3.7/socket.py", line 752, in getaddrinfo
    for res in _socket.getaddrinfo(host, port, family, type, proto, flags):
socket.gaierror: [Errno -2] Name or service not known

During handling of the above exception, another exception occurred:

Traceback (most recent call last):
  File "/root/.cache/pypoetry/virtualenvs/cpdbv2-backend-VA82Wl8V-py3.7/lib/python3.7/site-packages/elasticsearch/connection/http_urllib3.py", line 115, in perform_request
    response = self.pool.urlopen(method, url, body, retries=False, headers=self.headers, **kw)
  File "/root/.cache/pypoetry/virtualenvs/cpdbv2-backend-VA82Wl8V-py3.7/lib/python3.7/site-packages/urllib3/connectionpool.py", line 727, in urlopen
    method, url, error=e, _pool=self, _stacktrace=sys.exc_info()[2]
  File "/root/.cache/pypoetry/virtualenvs/cpdbv2-backend-VA82Wl8V-py3.7/lib/python3.7/site-packages/urllib3/util/retry.py", line 386, in increment
    raise six.reraise(type(error), error, _stacktrace)
  File "/root/.cache/pypoetry/virtualenvs/cpdbv2-backend-VA82Wl8V-py3.7/lib/python3.7/site-packages/urllib3/packages/six.py", line 735, in reraise
    raise value
  File "/root/.cache/pypoetry/virtualenvs/cpdbv2-backend-VA82Wl8V-py3.7/lib/python3.7/site-packages/urllib3/connectionpool.py", line 677, in urlopen
    chunked=chunked,
  File "/root/.cache/pypoetry/virtualenvs/cpdbv2-backend-VA82Wl8V-py3.7/lib/python3.7/site-packages/urllib3/connectionpool.py", line 392, in _make_request
    conn.request(method, url, **httplib_request_kw)
  File "/usr/local/lib/python3.7/http/client.py", line 1281, in request
    self._send_request(method, url, body, headers, encode_chunked)
  File "/usr/local/lib/python3.7/http/client.py", line 1327, in _send_request
    self.endheaders(body, encode_chunked=encode_chunked)
  File "/usr/local/lib/python3.7/http/client.py", line 1276, in endheaders
    self._send_output(message_body, encode_chunked=encode_chunked)
  File "/usr/local/lib/python3.7/http/client.py", line 1036, in _send_output
    self.send(msg)
  File "/usr/local/lib/python3.7/http/client.py", line 976, in send
    self.connect()
  File "/root/.cache/pypoetry/virtualenvs/cpdbv2-backend-VA82Wl8V-py3.7/lib/python3.7/site-packages/urllib3/connection.py", line 187, in connect
    conn = self._new_conn()
  File "/root/.cache/pypoetry/virtualenvs/cpdbv2-backend-VA82Wl8V-py3.7/lib/python3.7/site-packages/urllib3/connection.py", line 172, in _new_conn
    self, "Failed to establish a new connection: %s" % e
urllib3.exceptions.NewConnectionError: <urllib3.connection.HTTPConnection object at 0x7ff068b58110>: Failed to establish a new connection: [Errno -2] Name or service not known
elasticsearch: DEBUG: > None
--------------------- >> end captured logging << ---------------------

======================================================================
ERROR: test_search_date_officers_result (search_mobile.tests.test_views.SearchV2ViewSetTestCase)
----------------------------------------------------------------------
Traceback (most recent call last):
  File "/usr/src/app/cpdb/search/tests/utils.py", line 12, in setUp
    autocompletes_alias.read_index.delete(ignore=404)
  File "/root/.cache/pypoetry/virtualenvs/cpdbv2-backend-VA82Wl8V-py3.7/lib/python3.7/site-packages/elasticsearch_dsl/index.py", line 222, in delete
    self.connection.indices.delete(index=self._name, **kwargs)
  File "/root/.cache/pypoetry/virtualenvs/cpdbv2-backend-VA82Wl8V-py3.7/lib/python3.7/site-packages/elasticsearch/client/utils.py", line 73, in _wrapped
    return func(*args, params=params, **kwargs)
  File "/root/.cache/pypoetry/virtualenvs/cpdbv2-backend-VA82Wl8V-py3.7/lib/python3.7/site-packages/elasticsearch/client/indices.py", line 200, in delete
    params=params)
  File "/root/.cache/pypoetry/virtualenvs/cpdbv2-backend-VA82Wl8V-py3.7/lib/python3.7/site-packages/elasticsearch/transport.py", line 312, in perform_request
    status, headers, data = connection.perform_request(method, url, params, body, ignore=ignore, timeout=timeout)
  File "/root/.cache/pypoetry/virtualenvs/cpdbv2-backend-VA82Wl8V-py3.7/lib/python3.7/site-packages/elasticsearch/connection/http_urllib3.py", line 124, in perform_request
    raise ConnectionError('N/A', str(e), e)
elasticsearch.exceptions.ConnectionError: ConnectionError(<urllib3.connection.HTTPConnection object at 0x7ff068c04310>: Failed to establish a new connection: [Errno -2] Name or service not known) caused by: NewConnectionError(<urllib3.connection.HTTPConnection object at 0x7ff068c04310>: Failed to establish a new connection: [Errno -2] Name or service not known)
-------------------- >> begin captured logging << --------------------
urllib3.util.retry: DEBUG: Converted retries value: False -> Retry(total=False, connect=None, read=None, redirect=0, status=None)
urllib3.connectionpool: DEBUG: Starting new HTTP connection (489): elasticsearch:9200
elasticsearch: WARNING: DELETE http://elasticsearch:9200/test_autocompletes [status:N/A request:0.004s]
Traceback (most recent call last):
  File "/root/.cache/pypoetry/virtualenvs/cpdbv2-backend-VA82Wl8V-py3.7/lib/python3.7/site-packages/urllib3/connection.py", line 160, in _new_conn
    (self._dns_host, self.port), self.timeout, **extra_kw
  File "/root/.cache/pypoetry/virtualenvs/cpdbv2-backend-VA82Wl8V-py3.7/lib/python3.7/site-packages/urllib3/util/connection.py", line 61, in create_connection
    for res in socket.getaddrinfo(host, port, family, socket.SOCK_STREAM):
  File "/usr/local/lib/python3.7/socket.py", line 752, in getaddrinfo
    for res in _socket.getaddrinfo(host, port, family, type, proto, flags):
socket.gaierror: [Errno -2] Name or service not known

During handling of the above exception, another exception occurred:

Traceback (most recent call last):
  File "/root/.cache/pypoetry/virtualenvs/cpdbv2-backend-VA82Wl8V-py3.7/lib/python3.7/site-packages/elasticsearch/connection/http_urllib3.py", line 115, in perform_request
    response = self.pool.urlopen(method, url, body, retries=False, headers=self.headers, **kw)
  File "/root/.cache/pypoetry/virtualenvs/cpdbv2-backend-VA82Wl8V-py3.7/lib/python3.7/site-packages/urllib3/connectionpool.py", line 727, in urlopen
    method, url, error=e, _pool=self, _stacktrace=sys.exc_info()[2]
  File "/root/.cache/pypoetry/virtualenvs/cpdbv2-backend-VA82Wl8V-py3.7/lib/python3.7/site-packages/urllib3/util/retry.py", line 386, in increment
    raise six.reraise(type(error), error, _stacktrace)
  File "/root/.cache/pypoetry/virtualenvs/cpdbv2-backend-VA82Wl8V-py3.7/lib/python3.7/site-packages/urllib3/packages/six.py", line 735, in reraise
    raise value
  File "/root/.cache/pypoetry/virtualenvs/cpdbv2-backend-VA82Wl8V-py3.7/lib/python3.7/site-packages/urllib3/connectionpool.py", line 677, in urlopen
    chunked=chunked,
  File "/root/.cache/pypoetry/virtualenvs/cpdbv2-backend-VA82Wl8V-py3.7/lib/python3.7/site-packages/urllib3/connectionpool.py", line 392, in _make_request
    conn.request(method, url, **httplib_request_kw)
  File "/usr/local/lib/python3.7/http/client.py", line 1281, in request
    self._send_request(method, url, body, headers, encode_chunked)
  File "/usr/local/lib/python3.7/http/client.py", line 1327, in _send_request
    self.endheaders(body, encode_chunked=encode_chunked)
  File "/usr/local/lib/python3.7/http/client.py", line 1276, in endheaders
    self._send_output(message_body, encode_chunked=encode_chunked)
  File "/usr/local/lib/python3.7/http/client.py", line 1036, in _send_output
    self.send(msg)
  File "/usr/local/lib/python3.7/http/client.py", line 976, in send
    self.connect()
  File "/root/.cache/pypoetry/virtualenvs/cpdbv2-backend-VA82Wl8V-py3.7/lib/python3.7/site-packages/urllib3/connection.py", line 187, in connect
    conn = self._new_conn()
  File "/root/.cache/pypoetry/virtualenvs/cpdbv2-backend-VA82Wl8V-py3.7/lib/python3.7/site-packages/urllib3/connection.py", line 172, in _new_conn
    self, "Failed to establish a new connection: %s" % e
urllib3.exceptions.NewConnectionError: <urllib3.connection.HTTPConnection object at 0x7ff068b92190>: Failed to establish a new connection: [Errno -2] Name or service not known
elasticsearch: DEBUG: > None
urllib3.util.retry: DEBUG: Converted retries value: False -> Retry(total=False, connect=None, read=None, redirect=0, status=None)
urllib3.connectionpool: DEBUG: Starting new HTTP connection (490): elasticsearch:9200
elasticsearch: WARNING: DELETE http://elasticsearch:9200/test_autocompletes [status:N/A request:0.004s]
Traceback (most recent call last):
  File "/root/.cache/pypoetry/virtualenvs/cpdbv2-backend-VA82Wl8V-py3.7/lib/python3.7/site-packages/urllib3/connection.py", line 160, in _new_conn
    (self._dns_host, self.port), self.timeout, **extra_kw
  File "/root/.cache/pypoetry/virtualenvs/cpdbv2-backend-VA82Wl8V-py3.7/lib/python3.7/site-packages/urllib3/util/connection.py", line 61, in create_connection
    for res in socket.getaddrinfo(host, port, family, socket.SOCK_STREAM):
  File "/usr/local/lib/python3.7/socket.py", line 752, in getaddrinfo
    for res in _socket.getaddrinfo(host, port, family, type, proto, flags):
socket.gaierror: [Errno -2] Name or service not known

During handling of the above exception, another exception occurred:

Traceback (most recent call last):
  File "/root/.cache/pypoetry/virtualenvs/cpdbv2-backend-VA82Wl8V-py3.7/lib/python3.7/site-packages/elasticsearch/connection/http_urllib3.py", line 115, in perform_request
    response = self.pool.urlopen(method, url, body, retries=False, headers=self.headers, **kw)
  File "/root/.cache/pypoetry/virtualenvs/cpdbv2-backend-VA82Wl8V-py3.7/lib/python3.7/site-packages/urllib3/connectionpool.py", line 727, in urlopen
    method, url, error=e, _pool=self, _stacktrace=sys.exc_info()[2]
  File "/root/.cache/pypoetry/virtualenvs/cpdbv2-backend-VA82Wl8V-py3.7/lib/python3.7/site-packages/urllib3/util/retry.py", line 386, in increment
    raise six.reraise(type(error), error, _stacktrace)
  File "/root/.cache/pypoetry/virtualenvs/cpdbv2-backend-VA82Wl8V-py3.7/lib/python3.7/site-packages/urllib3/packages/six.py", line 735, in reraise
    raise value
  File "/root/.cache/pypoetry/virtualenvs/cpdbv2-backend-VA82Wl8V-py3.7/lib/python3.7/site-packages/urllib3/connectionpool.py", line 677, in urlopen
    chunked=chunked,
  File "/root/.cache/pypoetry/virtualenvs/cpdbv2-backend-VA82Wl8V-py3.7/lib/python3.7/site-packages/urllib3/connectionpool.py", line 392, in _make_request
    conn.request(method, url, **httplib_request_kw)
  File "/usr/local/lib/python3.7/http/client.py", line 1281, in request
    self._send_request(method, url, body, headers, encode_chunked)
  File "/usr/local/lib/python3.7/http/client.py", line 1327, in _send_request
    self.endheaders(body, encode_chunked=encode_chunked)
  File "/usr/local/lib/python3.7/http/client.py", line 1276, in endheaders
    self._send_output(message_body, encode_chunked=encode_chunked)
  File "/usr/local/lib/python3.7/http/client.py", line 1036, in _send_output
    self.send(msg)
  File "/usr/local/lib/python3.7/http/client.py", line 976, in send
    self.connect()
  File "/root/.cache/pypoetry/virtualenvs/cpdbv2-backend-VA82Wl8V-py3.7/lib/python3.7/site-packages/urllib3/connection.py", line 187, in connect
    conn = self._new_conn()
  File "/root/.cache/pypoetry/virtualenvs/cpdbv2-backend-VA82Wl8V-py3.7/lib/python3.7/site-packages/urllib3/connection.py", line 172, in _new_conn
    self, "Failed to establish a new connection: %s" % e
urllib3.exceptions.NewConnectionError: <urllib3.connection.HTTPConnection object at 0x7ff068b92790>: Failed to establish a new connection: [Errno -2] Name or service not known
elasticsearch: DEBUG: > None
urllib3.util.retry: DEBUG: Converted retries value: False -> Retry(total=False, connect=None, read=None, redirect=0, status=None)
urllib3.connectionpool: DEBUG: Starting new HTTP connection (491): elasticsearch:9200
elasticsearch: WARNING: DELETE http://elasticsearch:9200/test_autocompletes [status:N/A request:0.004s]
Traceback (most recent call last):
  File "/root/.cache/pypoetry/virtualenvs/cpdbv2-backend-VA82Wl8V-py3.7/lib/python3.7/site-packages/urllib3/connection.py", line 160, in _new_conn
    (self._dns_host, self.port), self.timeout, **extra_kw
  File "/root/.cache/pypoetry/virtualenvs/cpdbv2-backend-VA82Wl8V-py3.7/lib/python3.7/site-packages/urllib3/util/connection.py", line 61, in create_connection
    for res in socket.getaddrinfo(host, port, family, socket.SOCK_STREAM):
  File "/usr/local/lib/python3.7/socket.py", line 752, in getaddrinfo
    for res in _socket.getaddrinfo(host, port, family, type, proto, flags):
socket.gaierror: [Errno -2] Name or service not known

During handling of the above exception, another exception occurred:

Traceback (most recent call last):
  File "/root/.cache/pypoetry/virtualenvs/cpdbv2-backend-VA82Wl8V-py3.7/lib/python3.7/site-packages/elasticsearch/connection/http_urllib3.py", line 115, in perform_request
    response = self.pool.urlopen(method, url, body, retries=False, headers=self.headers, **kw)
  File "/root/.cache/pypoetry/virtualenvs/cpdbv2-backend-VA82Wl8V-py3.7/lib/python3.7/site-packages/urllib3/connectionpool.py", line 727, in urlopen
    method, url, error=e, _pool=self, _stacktrace=sys.exc_info()[2]
  File "/root/.cache/pypoetry/virtualenvs/cpdbv2-backend-VA82Wl8V-py3.7/lib/python3.7/site-packages/urllib3/util/retry.py", line 386, in increment
    raise six.reraise(type(error), error, _stacktrace)
  File "/root/.cache/pypoetry/virtualenvs/cpdbv2-backend-VA82Wl8V-py3.7/lib/python3.7/site-packages/urllib3/packages/six.py", line 735, in reraise
    raise value
  File "/root/.cache/pypoetry/virtualenvs/cpdbv2-backend-VA82Wl8V-py3.7/lib/python3.7/site-packages/urllib3/connectionpool.py", line 677, in urlopen
    chunked=chunked,
  File "/root/.cache/pypoetry/virtualenvs/cpdbv2-backend-VA82Wl8V-py3.7/lib/python3.7/site-packages/urllib3/connectionpool.py", line 392, in _make_request
    conn.request(method, url, **httplib_request_kw)
  File "/usr/local/lib/python3.7/http/client.py", line 1281, in request
    self._send_request(method, url, body, headers, encode_chunked)
  File "/usr/local/lib/python3.7/http/client.py", line 1327, in _send_request
    self.endheaders(body, encode_chunked=encode_chunked)
  File "/usr/local/lib/python3.7/http/client.py", line 1276, in endheaders
    self._send_output(message_body, encode_chunked=encode_chunked)
  File "/usr/local/lib/python3.7/http/client.py", line 1036, in _send_output
    self.send(msg)
  File "/usr/local/lib/python3.7/http/client.py", line 976, in send
    self.connect()
  File "/root/.cache/pypoetry/virtualenvs/cpdbv2-backend-VA82Wl8V-py3.7/lib/python3.7/site-packages/urllib3/connection.py", line 187, in connect
    conn = self._new_conn()
  File "/root/.cache/pypoetry/virtualenvs/cpdbv2-backend-VA82Wl8V-py3.7/lib/python3.7/site-packages/urllib3/connection.py", line 172, in _new_conn
    self, "Failed to establish a new connection: %s" % e
urllib3.exceptions.NewConnectionError: <urllib3.connection.HTTPConnection object at 0x7ff068b35910>: Failed to establish a new connection: [Errno -2] Name or service not known
elasticsearch: DEBUG: > None
urllib3.util.retry: DEBUG: Converted retries value: False -> Retry(total=False, connect=None, read=None, redirect=0, status=None)
urllib3.connectionpool: DEBUG: Starting new HTTP connection (492): elasticsearch:9200
elasticsearch: WARNING: DELETE http://elasticsearch:9200/test_autocompletes [status:N/A request:0.004s]
Traceback (most recent call last):
  File "/root/.cache/pypoetry/virtualenvs/cpdbv2-backend-VA82Wl8V-py3.7/lib/python3.7/site-packages/urllib3/connection.py", line 160, in _new_conn
    (self._dns_host, self.port), self.timeout, **extra_kw
  File "/root/.cache/pypoetry/virtualenvs/cpdbv2-backend-VA82Wl8V-py3.7/lib/python3.7/site-packages/urllib3/util/connection.py", line 61, in create_connection
    for res in socket.getaddrinfo(host, port, family, socket.SOCK_STREAM):
  File "/usr/local/lib/python3.7/socket.py", line 752, in getaddrinfo
    for res in _socket.getaddrinfo(host, port, family, type, proto, flags):
socket.gaierror: [Errno -2] Name or service not known

During handling of the above exception, another exception occurred:

Traceback (most recent call last):
  File "/root/.cache/pypoetry/virtualenvs/cpdbv2-backend-VA82Wl8V-py3.7/lib/python3.7/site-packages/elasticsearch/connection/http_urllib3.py", line 115, in perform_request
    response = self.pool.urlopen(method, url, body, retries=False, headers=self.headers, **kw)
  File "/root/.cache/pypoetry/virtualenvs/cpdbv2-backend-VA82Wl8V-py3.7/lib/python3.7/site-packages/urllib3/connectionpool.py", line 727, in urlopen
    method, url, error=e, _pool=self, _stacktrace=sys.exc_info()[2]
  File "/root/.cache/pypoetry/virtualenvs/cpdbv2-backend-VA82Wl8V-py3.7/lib/python3.7/site-packages/urllib3/util/retry.py", line 386, in increment
    raise six.reraise(type(error), error, _stacktrace)
  File "/root/.cache/pypoetry/virtualenvs/cpdbv2-backend-VA82Wl8V-py3.7/lib/python3.7/site-packages/urllib3/packages/six.py", line 735, in reraise
    raise value
  File "/root/.cache/pypoetry/virtualenvs/cpdbv2-backend-VA82Wl8V-py3.7/lib/python3.7/site-packages/urllib3/connectionpool.py", line 677, in urlopen
    chunked=chunked,
  File "/root/.cache/pypoetry/virtualenvs/cpdbv2-backend-VA82Wl8V-py3.7/lib/python3.7/site-packages/urllib3/connectionpool.py", line 392, in _make_request
    conn.request(method, url, **httplib_request_kw)
  File "/usr/local/lib/python3.7/http/client.py", line 1281, in request
    self._send_request(method, url, body, headers, encode_chunked)
  File "/usr/local/lib/python3.7/http/client.py", line 1327, in _send_request
    self.endheaders(body, encode_chunked=encode_chunked)
  File "/usr/local/lib/python3.7/http/client.py", line 1276, in endheaders
    self._send_output(message_body, encode_chunked=encode_chunked)
  File "/usr/local/lib/python3.7/http/client.py", line 1036, in _send_output
    self.send(msg)
  File "/usr/local/lib/python3.7/http/client.py", line 976, in send
    self.connect()
  File "/root/.cache/pypoetry/virtualenvs/cpdbv2-backend-VA82Wl8V-py3.7/lib/python3.7/site-packages/urllib3/connection.py", line 187, in connect
    conn = self._new_conn()
  File "/root/.cache/pypoetry/virtualenvs/cpdbv2-backend-VA82Wl8V-py3.7/lib/python3.7/site-packages/urllib3/connection.py", line 172, in _new_conn
    self, "Failed to establish a new connection: %s" % e
urllib3.exceptions.NewConnectionError: <urllib3.connection.HTTPConnection object at 0x7ff068c04310>: Failed to establish a new connection: [Errno -2] Name or service not known
elasticsearch: DEBUG: > None
--------------------- >> end captured logging << ---------------------

======================================================================
ERROR: test_search_investigator_cr_results (search_mobile.tests.test_views.SearchV2ViewSetTestCase)
----------------------------------------------------------------------
Traceback (most recent call last):
  File "/usr/src/app/cpdb/search/tests/utils.py", line 12, in setUp
    autocompletes_alias.read_index.delete(ignore=404)
  File "/root/.cache/pypoetry/virtualenvs/cpdbv2-backend-VA82Wl8V-py3.7/lib/python3.7/site-packages/elasticsearch_dsl/index.py", line 222, in delete
    self.connection.indices.delete(index=self._name, **kwargs)
  File "/root/.cache/pypoetry/virtualenvs/cpdbv2-backend-VA82Wl8V-py3.7/lib/python3.7/site-packages/elasticsearch/client/utils.py", line 73, in _wrapped
    return func(*args, params=params, **kwargs)
  File "/root/.cache/pypoetry/virtualenvs/cpdbv2-backend-VA82Wl8V-py3.7/lib/python3.7/site-packages/elasticsearch/client/indices.py", line 200, in delete
    params=params)
  File "/root/.cache/pypoetry/virtualenvs/cpdbv2-backend-VA82Wl8V-py3.7/lib/python3.7/site-packages/elasticsearch/transport.py", line 312, in perform_request
    status, headers, data = connection.perform_request(method, url, params, body, ignore=ignore, timeout=timeout)
  File "/root/.cache/pypoetry/virtualenvs/cpdbv2-backend-VA82Wl8V-py3.7/lib/python3.7/site-packages/elasticsearch/connection/http_urllib3.py", line 124, in perform_request
    raise ConnectionError('N/A', str(e), e)
elasticsearch.exceptions.ConnectionError: ConnectionError(<urllib3.connection.HTTPConnection object at 0x7ff068b73c90>: Failed to establish a new connection: [Errno -2] Name or service not known) caused by: NewConnectionError(<urllib3.connection.HTTPConnection object at 0x7ff068b73c90>: Failed to establish a new connection: [Errno -2] Name or service not known)
-------------------- >> begin captured logging << --------------------
urllib3.util.retry: DEBUG: Converted retries value: False -> Retry(total=False, connect=None, read=None, redirect=0, status=None)
urllib3.connectionpool: DEBUG: Starting new HTTP connection (493): elasticsearch:9200
elasticsearch: WARNING: DELETE http://elasticsearch:9200/test_autocompletes [status:N/A request:0.005s]
Traceback (most recent call last):
  File "/root/.cache/pypoetry/virtualenvs/cpdbv2-backend-VA82Wl8V-py3.7/lib/python3.7/site-packages/urllib3/connection.py", line 160, in _new_conn
    (self._dns_host, self.port), self.timeout, **extra_kw
  File "/root/.cache/pypoetry/virtualenvs/cpdbv2-backend-VA82Wl8V-py3.7/lib/python3.7/site-packages/urllib3/util/connection.py", line 61, in create_connection
    for res in socket.getaddrinfo(host, port, family, socket.SOCK_STREAM):
  File "/usr/local/lib/python3.7/socket.py", line 752, in getaddrinfo
    for res in _socket.getaddrinfo(host, port, family, type, proto, flags):
socket.gaierror: [Errno -2] Name or service not known

During handling of the above exception, another exception occurred:

Traceback (most recent call last):
  File "/root/.cache/pypoetry/virtualenvs/cpdbv2-backend-VA82Wl8V-py3.7/lib/python3.7/site-packages/elasticsearch/connection/http_urllib3.py", line 115, in perform_request
    response = self.pool.urlopen(method, url, body, retries=False, headers=self.headers, **kw)
  File "/root/.cache/pypoetry/virtualenvs/cpdbv2-backend-VA82Wl8V-py3.7/lib/python3.7/site-packages/urllib3/connectionpool.py", line 727, in urlopen
    method, url, error=e, _pool=self, _stacktrace=sys.exc_info()[2]
  File "/root/.cache/pypoetry/virtualenvs/cpdbv2-backend-VA82Wl8V-py3.7/lib/python3.7/site-packages/urllib3/util/retry.py", line 386, in increment
    raise six.reraise(type(error), error, _stacktrace)
  File "/root/.cache/pypoetry/virtualenvs/cpdbv2-backend-VA82Wl8V-py3.7/lib/python3.7/site-packages/urllib3/packages/six.py", line 735, in reraise
    raise value
  File "/root/.cache/pypoetry/virtualenvs/cpdbv2-backend-VA82Wl8V-py3.7/lib/python3.7/site-packages/urllib3/connectionpool.py", line 677, in urlopen
    chunked=chunked,
  File "/root/.cache/pypoetry/virtualenvs/cpdbv2-backend-VA82Wl8V-py3.7/lib/python3.7/site-packages/urllib3/connectionpool.py", line 392, in _make_request
    conn.request(method, url, **httplib_request_kw)
  File "/usr/local/lib/python3.7/http/client.py", line 1281, in request
    self._send_request(method, url, body, headers, encode_chunked)
  File "/usr/local/lib/python3.7/http/client.py", line 1327, in _send_request
    self.endheaders(body, encode_chunked=encode_chunked)
  File "/usr/local/lib/python3.7/http/client.py", line 1276, in endheaders
    self._send_output(message_body, encode_chunked=encode_chunked)
  File "/usr/local/lib/python3.7/http/client.py", line 1036, in _send_output
    self.send(msg)
  File "/usr/local/lib/python3.7/http/client.py", line 976, in send
    self.connect()
  File "/root/.cache/pypoetry/virtualenvs/cpdbv2-backend-VA82Wl8V-py3.7/lib/python3.7/site-packages/urllib3/connection.py", line 187, in connect
    conn = self._new_conn()
  File "/root/.cache/pypoetry/virtualenvs/cpdbv2-backend-VA82Wl8V-py3.7/lib/python3.7/site-packages/urllib3/connection.py", line 172, in _new_conn
    self, "Failed to establish a new connection: %s" % e
urllib3.exceptions.NewConnectionError: <urllib3.connection.HTTPConnection object at 0x7ff068b92a90>: Failed to establish a new connection: [Errno -2] Name or service not known
elasticsearch: DEBUG: > None
urllib3.util.retry: DEBUG: Converted retries value: False -> Retry(total=False, connect=None, read=None, redirect=0, status=None)
urllib3.connectionpool: DEBUG: Starting new HTTP connection (494): elasticsearch:9200
elasticsearch: WARNING: DELETE http://elasticsearch:9200/test_autocompletes [status:N/A request:0.004s]
Traceback (most recent call last):
  File "/root/.cache/pypoetry/virtualenvs/cpdbv2-backend-VA82Wl8V-py3.7/lib/python3.7/site-packages/urllib3/connection.py", line 160, in _new_conn
    (self._dns_host, self.port), self.timeout, **extra_kw
  File "/root/.cache/pypoetry/virtualenvs/cpdbv2-backend-VA82Wl8V-py3.7/lib/python3.7/site-packages/urllib3/util/connection.py", line 61, in create_connection
    for res in socket.getaddrinfo(host, port, family, socket.SOCK_STREAM):
  File "/usr/local/lib/python3.7/socket.py", line 752, in getaddrinfo
    for res in _socket.getaddrinfo(host, port, family, type, proto, flags):
socket.gaierror: [Errno -2] Name or service not known

During handling of the above exception, another exception occurred:

Traceback (most recent call last):
  File "/root/.cache/pypoetry/virtualenvs/cpdbv2-backend-VA82Wl8V-py3.7/lib/python3.7/site-packages/elasticsearch/connection/http_urllib3.py", line 115, in perform_request
    response = self.pool.urlopen(method, url, body, retries=False, headers=self.headers, **kw)
  File "/root/.cache/pypoetry/virtualenvs/cpdbv2-backend-VA82Wl8V-py3.7/lib/python3.7/site-packages/urllib3/connectionpool.py", line 727, in urlopen
    method, url, error=e, _pool=self, _stacktrace=sys.exc_info()[2]
  File "/root/.cache/pypoetry/virtualenvs/cpdbv2-backend-VA82Wl8V-py3.7/lib/python3.7/site-packages/urllib3/util/retry.py", line 386, in increment
    raise six.reraise(type(error), error, _stacktrace)
  File "/root/.cache/pypoetry/virtualenvs/cpdbv2-backend-VA82Wl8V-py3.7/lib/python3.7/site-packages/urllib3/packages/six.py", line 735, in reraise
    raise value
  File "/root/.cache/pypoetry/virtualenvs/cpdbv2-backend-VA82Wl8V-py3.7/lib/python3.7/site-packages/urllib3/connectionpool.py", line 677, in urlopen
    chunked=chunked,
  File "/root/.cache/pypoetry/virtualenvs/cpdbv2-backend-VA82Wl8V-py3.7/lib/python3.7/site-packages/urllib3/connectionpool.py", line 392, in _make_request
    conn.request(method, url, **httplib_request_kw)
  File "/usr/local/lib/python3.7/http/client.py", line 1281, in request
    self._send_request(method, url, body, headers, encode_chunked)
  File "/usr/local/lib/python3.7/http/client.py", line 1327, in _send_request
    self.endheaders(body, encode_chunked=encode_chunked)
  File "/usr/local/lib/python3.7/http/client.py", line 1276, in endheaders
    self._send_output(message_body, encode_chunked=encode_chunked)
  File "/usr/local/lib/python3.7/http/client.py", line 1036, in _send_output
    self.send(msg)
  File "/usr/local/lib/python3.7/http/client.py", line 976, in send
    self.connect()
  File "/root/.cache/pypoetry/virtualenvs/cpdbv2-backend-VA82Wl8V-py3.7/lib/python3.7/site-packages/urllib3/connection.py", line 187, in connect
    conn = self._new_conn()
  File "/root/.cache/pypoetry/virtualenvs/cpdbv2-backend-VA82Wl8V-py3.7/lib/python3.7/site-packages/urllib3/connection.py", line 172, in _new_conn
    self, "Failed to establish a new connection: %s" % e
urllib3.exceptions.NewConnectionError: <urllib3.connection.HTTPConnection object at 0x7ff068b58550>: Failed to establish a new connection: [Errno -2] Name or service not known
elasticsearch: DEBUG: > None
urllib3.util.retry: DEBUG: Converted retries value: False -> Retry(total=False, connect=None, read=None, redirect=0, status=None)
urllib3.connectionpool: DEBUG: Starting new HTTP connection (495): elasticsearch:9200
elasticsearch: WARNING: DELETE http://elasticsearch:9200/test_autocompletes [status:N/A request:0.004s]
Traceback (most recent call last):
  File "/root/.cache/pypoetry/virtualenvs/cpdbv2-backend-VA82Wl8V-py3.7/lib/python3.7/site-packages/urllib3/connection.py", line 160, in _new_conn
    (self._dns_host, self.port), self.timeout, **extra_kw
  File "/root/.cache/pypoetry/virtualenvs/cpdbv2-backend-VA82Wl8V-py3.7/lib/python3.7/site-packages/urllib3/util/connection.py", line 61, in create_connection
    for res in socket.getaddrinfo(host, port, family, socket.SOCK_STREAM):
  File "/usr/local/lib/python3.7/socket.py", line 752, in getaddrinfo
    for res in _socket.getaddrinfo(host, port, family, type, proto, flags):
socket.gaierror: [Errno -2] Name or service not known

During handling of the above exception, another exception occurred:

Traceback (most recent call last):
  File "/root/.cache/pypoetry/virtualenvs/cpdbv2-backend-VA82Wl8V-py3.7/lib/python3.7/site-packages/elasticsearch/connection/http_urllib3.py", line 115, in perform_request
    response = self.pool.urlopen(method, url, body, retries=False, headers=self.headers, **kw)
  File "/root/.cache/pypoetry/virtualenvs/cpdbv2-backend-VA82Wl8V-py3.7/lib/python3.7/site-packages/urllib3/connectionpool.py", line 727, in urlopen
    method, url, error=e, _pool=self, _stacktrace=sys.exc_info()[2]
  File "/root/.cache/pypoetry/virtualenvs/cpdbv2-backend-VA82Wl8V-py3.7/lib/python3.7/site-packages/urllib3/util/retry.py", line 386, in increment
    raise six.reraise(type(error), error, _stacktrace)
  File "/root/.cache/pypoetry/virtualenvs/cpdbv2-backend-VA82Wl8V-py3.7/lib/python3.7/site-packages/urllib3/packages/six.py", line 735, in reraise
    raise value
  File "/root/.cache/pypoetry/virtualenvs/cpdbv2-backend-VA82Wl8V-py3.7/lib/python3.7/site-packages/urllib3/connectionpool.py", line 677, in urlopen
    chunked=chunked,
  File "/root/.cache/pypoetry/virtualenvs/cpdbv2-backend-VA82Wl8V-py3.7/lib/python3.7/site-packages/urllib3/connectionpool.py", line 392, in _make_request
    conn.request(method, url, **httplib_request_kw)
  File "/usr/local/lib/python3.7/http/client.py", line 1281, in request
    self._send_request(method, url, body, headers, encode_chunked)
  File "/usr/local/lib/python3.7/http/client.py", line 1327, in _send_request
    self.endheaders(body, encode_chunked=encode_chunked)
  File "/usr/local/lib/python3.7/http/client.py", line 1276, in endheaders
    self._send_output(message_body, encode_chunked=encode_chunked)
  File "/usr/local/lib/python3.7/http/client.py", line 1036, in _send_output
    self.send(msg)
  File "/usr/local/lib/python3.7/http/client.py", line 976, in send
    self.connect()
  File "/root/.cache/pypoetry/virtualenvs/cpdbv2-backend-VA82Wl8V-py3.7/lib/python3.7/site-packages/urllib3/connection.py", line 187, in connect
    conn = self._new_conn()
  File "/root/.cache/pypoetry/virtualenvs/cpdbv2-backend-VA82Wl8V-py3.7/lib/python3.7/site-packages/urllib3/connection.py", line 172, in _new_conn
    self, "Failed to establish a new connection: %s" % e
urllib3.exceptions.NewConnectionError: <urllib3.connection.HTTPConnection object at 0x7ff068ba1a90>: Failed to establish a new connection: [Errno -2] Name or service not known
elasticsearch: DEBUG: > None
urllib3.util.retry: DEBUG: Converted retries value: False -> Retry(total=False, connect=None, read=None, redirect=0, status=None)
urllib3.connectionpool: DEBUG: Starting new HTTP connection (496): elasticsearch:9200
elasticsearch: WARNING: DELETE http://elasticsearch:9200/test_autocompletes [status:N/A request:0.004s]
Traceback (most recent call last):
  File "/root/.cache/pypoetry/virtualenvs/cpdbv2-backend-VA82Wl8V-py3.7/lib/python3.7/site-packages/urllib3/connection.py", line 160, in _new_conn
    (self._dns_host, self.port), self.timeout, **extra_kw
  File "/root/.cache/pypoetry/virtualenvs/cpdbv2-backend-VA82Wl8V-py3.7/lib/python3.7/site-packages/urllib3/util/connection.py", line 61, in create_connection
    for res in socket.getaddrinfo(host, port, family, socket.SOCK_STREAM):
  File "/usr/local/lib/python3.7/socket.py", line 752, in getaddrinfo
    for res in _socket.getaddrinfo(host, port, family, type, proto, flags):
socket.gaierror: [Errno -2] Name or service not known

During handling of the above exception, another exception occurred:

Traceback (most recent call last):
  File "/root/.cache/pypoetry/virtualenvs/cpdbv2-backend-VA82Wl8V-py3.7/lib/python3.7/site-packages/elasticsearch/connection/http_urllib3.py", line 115, in perform_request
    response = self.pool.urlopen(method, url, body, retries=False, headers=self.headers, **kw)
  File "/root/.cache/pypoetry/virtualenvs/cpdbv2-backend-VA82Wl8V-py3.7/lib/python3.7/site-packages/urllib3/connectionpool.py", line 727, in urlopen
    method, url, error=e, _pool=self, _stacktrace=sys.exc_info()[2]
  File "/root/.cache/pypoetry/virtualenvs/cpdbv2-backend-VA82Wl8V-py3.7/lib/python3.7/site-packages/urllib3/util/retry.py", line 386, in increment
    raise six.reraise(type(error), error, _stacktrace)
  File "/root/.cache/pypoetry/virtualenvs/cpdbv2-backend-VA82Wl8V-py3.7/lib/python3.7/site-packages/urllib3/packages/six.py", line 735, in reraise
    raise value
  File "/root/.cache/pypoetry/virtualenvs/cpdbv2-backend-VA82Wl8V-py3.7/lib/python3.7/site-packages/urllib3/connectionpool.py", line 677, in urlopen
    chunked=chunked,
  File "/root/.cache/pypoetry/virtualenvs/cpdbv2-backend-VA82Wl8V-py3.7/lib/python3.7/site-packages/urllib3/connectionpool.py", line 392, in _make_request
    conn.request(method, url, **httplib_request_kw)
  File "/usr/local/lib/python3.7/http/client.py", line 1281, in request
    self._send_request(method, url, body, headers, encode_chunked)
  File "/usr/local/lib/python3.7/http/client.py", line 1327, in _send_request
    self.endheaders(body, encode_chunked=encode_chunked)
  File "/usr/local/lib/python3.7/http/client.py", line 1276, in endheaders
    self._send_output(message_body, encode_chunked=encode_chunked)
  File "/usr/local/lib/python3.7/http/client.py", line 1036, in _send_output
    self.send(msg)
  File "/usr/local/lib/python3.7/http/client.py", line 976, in send
    self.connect()
  File "/root/.cache/pypoetry/virtualenvs/cpdbv2-backend-VA82Wl8V-py3.7/lib/python3.7/site-packages/urllib3/connection.py", line 187, in connect
    conn = self._new_conn()
  File "/root/.cache/pypoetry/virtualenvs/cpdbv2-backend-VA82Wl8V-py3.7/lib/python3.7/site-packages/urllib3/connection.py", line 172, in _new_conn
    self, "Failed to establish a new connection: %s" % e
urllib3.exceptions.NewConnectionError: <urllib3.connection.HTTPConnection object at 0x7ff068b73c90>: Failed to establish a new connection: [Errno -2] Name or service not known
elasticsearch: DEBUG: > None
--------------------- >> end captured logging << ---------------------

======================================================================
ERROR: test_formatted_errors (shared.tests.test_utils.SharedUtilsTestCase)
----------------------------------------------------------------------
Traceback (most recent call last):
  File "/usr/src/app/cpdb/search/tests/utils.py", line 12, in setUp
    autocompletes_alias.read_index.delete(ignore=404)
  File "/root/.cache/pypoetry/virtualenvs/cpdbv2-backend-VA82Wl8V-py3.7/lib/python3.7/site-packages/elasticsearch_dsl/index.py", line 222, in delete
    self.connection.indices.delete(index=self._name, **kwargs)
  File "/root/.cache/pypoetry/virtualenvs/cpdbv2-backend-VA82Wl8V-py3.7/lib/python3.7/site-packages/elasticsearch/client/utils.py", line 73, in _wrapped
    return func(*args, params=params, **kwargs)
  File "/root/.cache/pypoetry/virtualenvs/cpdbv2-backend-VA82Wl8V-py3.7/lib/python3.7/site-packages/elasticsearch/client/indices.py", line 200, in delete
    params=params)
  File "/root/.cache/pypoetry/virtualenvs/cpdbv2-backend-VA82Wl8V-py3.7/lib/python3.7/site-packages/elasticsearch/transport.py", line 312, in perform_request
    status, headers, data = connection.perform_request(method, url, params, body, ignore=ignore, timeout=timeout)
  File "/root/.cache/pypoetry/virtualenvs/cpdbv2-backend-VA82Wl8V-py3.7/lib/python3.7/site-packages/elasticsearch/connection/http_urllib3.py", line 124, in perform_request
    raise ConnectionError('N/A', str(e), e)
elasticsearch.exceptions.ConnectionError: ConnectionError(<urllib3.connection.HTTPConnection object at 0x7ff068ad0590>: Failed to establish a new connection: [Errno -2] Name or service not known) caused by: NewConnectionError(<urllib3.connection.HTTPConnection object at 0x7ff068ad0590>: Failed to establish a new connection: [Errno -2] Name or service not known)
-------------------- >> begin captured logging << --------------------
urllib3.util.retry: DEBUG: Converted retries value: False -> Retry(total=False, connect=None, read=None, redirect=0, status=None)
urllib3.connectionpool: DEBUG: Starting new HTTP connection (497): elasticsearch:9200
elasticsearch: WARNING: DELETE http://elasticsearch:9200/test_autocompletes [status:N/A request:0.005s]
Traceback (most recent call last):
  File "/root/.cache/pypoetry/virtualenvs/cpdbv2-backend-VA82Wl8V-py3.7/lib/python3.7/site-packages/urllib3/connection.py", line 160, in _new_conn
    (self._dns_host, self.port), self.timeout, **extra_kw
  File "/root/.cache/pypoetry/virtualenvs/cpdbv2-backend-VA82Wl8V-py3.7/lib/python3.7/site-packages/urllib3/util/connection.py", line 61, in create_connection
    for res in socket.getaddrinfo(host, port, family, socket.SOCK_STREAM):
  File "/usr/local/lib/python3.7/socket.py", line 752, in getaddrinfo
    for res in _socket.getaddrinfo(host, port, family, type, proto, flags):
socket.gaierror: [Errno -2] Name or service not known

During handling of the above exception, another exception occurred:

Traceback (most recent call last):
  File "/root/.cache/pypoetry/virtualenvs/cpdbv2-backend-VA82Wl8V-py3.7/lib/python3.7/site-packages/elasticsearch/connection/http_urllib3.py", line 115, in perform_request
    response = self.pool.urlopen(method, url, body, retries=False, headers=self.headers, **kw)
  File "/root/.cache/pypoetry/virtualenvs/cpdbv2-backend-VA82Wl8V-py3.7/lib/python3.7/site-packages/urllib3/connectionpool.py", line 727, in urlopen
    method, url, error=e, _pool=self, _stacktrace=sys.exc_info()[2]
  File "/root/.cache/pypoetry/virtualenvs/cpdbv2-backend-VA82Wl8V-py3.7/lib/python3.7/site-packages/urllib3/util/retry.py", line 386, in increment
    raise six.reraise(type(error), error, _stacktrace)
  File "/root/.cache/pypoetry/virtualenvs/cpdbv2-backend-VA82Wl8V-py3.7/lib/python3.7/site-packages/urllib3/packages/six.py", line 735, in reraise
    raise value
  File "/root/.cache/pypoetry/virtualenvs/cpdbv2-backend-VA82Wl8V-py3.7/lib/python3.7/site-packages/urllib3/connectionpool.py", line 677, in urlopen
    chunked=chunked,
  File "/root/.cache/pypoetry/virtualenvs/cpdbv2-backend-VA82Wl8V-py3.7/lib/python3.7/site-packages/urllib3/connectionpool.py", line 392, in _make_request
    conn.request(method, url, **httplib_request_kw)
  File "/usr/local/lib/python3.7/http/client.py", line 1281, in request
    self._send_request(method, url, body, headers, encode_chunked)
  File "/usr/local/lib/python3.7/http/client.py", line 1327, in _send_request
    self.endheaders(body, encode_chunked=encode_chunked)
  File "/usr/local/lib/python3.7/http/client.py", line 1276, in endheaders
    self._send_output(message_body, encode_chunked=encode_chunked)
  File "/usr/local/lib/python3.7/http/client.py", line 1036, in _send_output
    self.send(msg)
  File "/usr/local/lib/python3.7/http/client.py", line 976, in send
    self.connect()
  File "/root/.cache/pypoetry/virtualenvs/cpdbv2-backend-VA82Wl8V-py3.7/lib/python3.7/site-packages/urllib3/connection.py", line 187, in connect
    conn = self._new_conn()
  File "/root/.cache/pypoetry/virtualenvs/cpdbv2-backend-VA82Wl8V-py3.7/lib/python3.7/site-packages/urllib3/connection.py", line 172, in _new_conn
    self, "Failed to establish a new connection: %s" % e
urllib3.exceptions.NewConnectionError: <urllib3.connection.HTTPConnection object at 0x7ff068ac5110>: Failed to establish a new connection: [Errno -2] Name or service not known
elasticsearch: DEBUG: > None
urllib3.util.retry: DEBUG: Converted retries value: False -> Retry(total=False, connect=None, read=None, redirect=0, status=None)
urllib3.connectionpool: DEBUG: Starting new HTTP connection (498): elasticsearch:9200
elasticsearch: WARNING: DELETE http://elasticsearch:9200/test_autocompletes [status:N/A request:0.004s]
Traceback (most recent call last):
  File "/root/.cache/pypoetry/virtualenvs/cpdbv2-backend-VA82Wl8V-py3.7/lib/python3.7/site-packages/urllib3/connection.py", line 160, in _new_conn
    (self._dns_host, self.port), self.timeout, **extra_kw
  File "/root/.cache/pypoetry/virtualenvs/cpdbv2-backend-VA82Wl8V-py3.7/lib/python3.7/site-packages/urllib3/util/connection.py", line 61, in create_connection
    for res in socket.getaddrinfo(host, port, family, socket.SOCK_STREAM):
  File "/usr/local/lib/python3.7/socket.py", line 752, in getaddrinfo
    for res in _socket.getaddrinfo(host, port, family, type, proto, flags):
socket.gaierror: [Errno -2] Name or service not known

During handling of the above exception, another exception occurred:

Traceback (most recent call last):
  File "/root/.cache/pypoetry/virtualenvs/cpdbv2-backend-VA82Wl8V-py3.7/lib/python3.7/site-packages/elasticsearch/connection/http_urllib3.py", line 115, in perform_request
    response = self.pool.urlopen(method, url, body, retries=False, headers=self.headers, **kw)
  File "/root/.cache/pypoetry/virtualenvs/cpdbv2-backend-VA82Wl8V-py3.7/lib/python3.7/site-packages/urllib3/connectionpool.py", line 727, in urlopen
    method, url, error=e, _pool=self, _stacktrace=sys.exc_info()[2]
  File "/root/.cache/pypoetry/virtualenvs/cpdbv2-backend-VA82Wl8V-py3.7/lib/python3.7/site-packages/urllib3/util/retry.py", line 386, in increment
    raise six.reraise(type(error), error, _stacktrace)
  File "/root/.cache/pypoetry/virtualenvs/cpdbv2-backend-VA82Wl8V-py3.7/lib/python3.7/site-packages/urllib3/packages/six.py", line 735, in reraise
    raise value
  File "/root/.cache/pypoetry/virtualenvs/cpdbv2-backend-VA82Wl8V-py3.7/lib/python3.7/site-packages/urllib3/connectionpool.py", line 677, in urlopen
    chunked=chunked,
  File "/root/.cache/pypoetry/virtualenvs/cpdbv2-backend-VA82Wl8V-py3.7/lib/python3.7/site-packages/urllib3/connectionpool.py", line 392, in _make_request
    conn.request(method, url, **httplib_request_kw)
  File "/usr/local/lib/python3.7/http/client.py", line 1281, in request
    self._send_request(method, url, body, headers, encode_chunked)
  File "/usr/local/lib/python3.7/http/client.py", line 1327, in _send_request
    self.endheaders(body, encode_chunked=encode_chunked)
  File "/usr/local/lib/python3.7/http/client.py", line 1276, in endheaders
    self._send_output(message_body, encode_chunked=encode_chunked)
  File "/usr/local/lib/python3.7/http/client.py", line 1036, in _send_output
    self.send(msg)
  File "/usr/local/lib/python3.7/http/client.py", line 976, in send
    self.connect()
  File "/root/.cache/pypoetry/virtualenvs/cpdbv2-backend-VA82Wl8V-py3.7/lib/python3.7/site-packages/urllib3/connection.py", line 187, in connect
    conn = self._new_conn()
  File "/root/.cache/pypoetry/virtualenvs/cpdbv2-backend-VA82Wl8V-py3.7/lib/python3.7/site-packages/urllib3/connection.py", line 172, in _new_conn
    self, "Failed to establish a new connection: %s" % e
urllib3.exceptions.NewConnectionError: <urllib3.connection.HTTPConnection object at 0x7ff068ad0210>: Failed to establish a new connection: [Errno -2] Name or service not known
elasticsearch: DEBUG: > None
urllib3.util.retry: DEBUG: Converted retries value: False -> Retry(total=False, connect=None, read=None, redirect=0, status=None)
urllib3.connectionpool: DEBUG: Starting new HTTP connection (499): elasticsearch:9200
elasticsearch: WARNING: DELETE http://elasticsearch:9200/test_autocompletes [status:N/A request:0.004s]
Traceback (most recent call last):
  File "/root/.cache/pypoetry/virtualenvs/cpdbv2-backend-VA82Wl8V-py3.7/lib/python3.7/site-packages/urllib3/connection.py", line 160, in _new_conn
    (self._dns_host, self.port), self.timeout, **extra_kw
  File "/root/.cache/pypoetry/virtualenvs/cpdbv2-backend-VA82Wl8V-py3.7/lib/python3.7/site-packages/urllib3/util/connection.py", line 61, in create_connection
    for res in socket.getaddrinfo(host, port, family, socket.SOCK_STREAM):
  File "/usr/local/lib/python3.7/socket.py", line 752, in getaddrinfo
    for res in _socket.getaddrinfo(host, port, family, type, proto, flags):
socket.gaierror: [Errno -2] Name or service not known

During handling of the above exception, another exception occurred:

Traceback (most recent call last):
  File "/root/.cache/pypoetry/virtualenvs/cpdbv2-backend-VA82Wl8V-py3.7/lib/python3.7/site-packages/elasticsearch/connection/http_urllib3.py", line 115, in perform_request
    response = self.pool.urlopen(method, url, body, retries=False, headers=self.headers, **kw)
  File "/root/.cache/pypoetry/virtualenvs/cpdbv2-backend-VA82Wl8V-py3.7/lib/python3.7/site-packages/urllib3/connectionpool.py", line 727, in urlopen
    method, url, error=e, _pool=self, _stacktrace=sys.exc_info()[2]
  File "/root/.cache/pypoetry/virtualenvs/cpdbv2-backend-VA82Wl8V-py3.7/lib/python3.7/site-packages/urllib3/util/retry.py", line 386, in increment
    raise six.reraise(type(error), error, _stacktrace)
  File "/root/.cache/pypoetry/virtualenvs/cpdbv2-backend-VA82Wl8V-py3.7/lib/python3.7/site-packages/urllib3/packages/six.py", line 735, in reraise
    raise value
  File "/root/.cache/pypoetry/virtualenvs/cpdbv2-backend-VA82Wl8V-py3.7/lib/python3.7/site-packages/urllib3/connectionpool.py", line 677, in urlopen
    chunked=chunked,
  File "/root/.cache/pypoetry/virtualenvs/cpdbv2-backend-VA82Wl8V-py3.7/lib/python3.7/site-packages/urllib3/connectionpool.py", line 392, in _make_request
    conn.request(method, url, **httplib_request_kw)
  File "/usr/local/lib/python3.7/http/client.py", line 1281, in request
    self._send_request(method, url, body, headers, encode_chunked)
  File "/usr/local/lib/python3.7/http/client.py", line 1327, in _send_request
    self.endheaders(body, encode_chunked=encode_chunked)
  File "/usr/local/lib/python3.7/http/client.py", line 1276, in endheaders
    self._send_output(message_body, encode_chunked=encode_chunked)
  File "/usr/local/lib/python3.7/http/client.py", line 1036, in _send_output
    self.send(msg)
  File "/usr/local/lib/python3.7/http/client.py", line 976, in send
    self.connect()
  File "/root/.cache/pypoetry/virtualenvs/cpdbv2-backend-VA82Wl8V-py3.7/lib/python3.7/site-packages/urllib3/connection.py", line 187, in connect
    conn = self._new_conn()
  File "/root/.cache/pypoetry/virtualenvs/cpdbv2-backend-VA82Wl8V-py3.7/lib/python3.7/site-packages/urllib3/connection.py", line 172, in _new_conn
    self, "Failed to establish a new connection: %s" % e
urllib3.exceptions.NewConnectionError: <urllib3.connection.HTTPConnection object at 0x7ff068ad0090>: Failed to establish a new connection: [Errno -2] Name or service not known
elasticsearch: DEBUG: > None
urllib3.util.retry: DEBUG: Converted retries value: False -> Retry(total=False, connect=None, read=None, redirect=0, status=None)
urllib3.connectionpool: DEBUG: Starting new HTTP connection (500): elasticsearch:9200
elasticsearch: WARNING: DELETE http://elasticsearch:9200/test_autocompletes [status:N/A request:0.005s]
Traceback (most recent call last):
  File "/root/.cache/pypoetry/virtualenvs/cpdbv2-backend-VA82Wl8V-py3.7/lib/python3.7/site-packages/urllib3/connection.py", line 160, in _new_conn
    (self._dns_host, self.port), self.timeout, **extra_kw
  File "/root/.cache/pypoetry/virtualenvs/cpdbv2-backend-VA82Wl8V-py3.7/lib/python3.7/site-packages/urllib3/util/connection.py", line 61, in create_connection
    for res in socket.getaddrinfo(host, port, family, socket.SOCK_STREAM):
  File "/usr/local/lib/python3.7/socket.py", line 752, in getaddrinfo
    for res in _socket.getaddrinfo(host, port, family, type, proto, flags):
socket.gaierror: [Errno -2] Name or service not known

During handling of the above exception, another exception occurred:

Traceback (most recent call last):
  File "/root/.cache/pypoetry/virtualenvs/cpdbv2-backend-VA82Wl8V-py3.7/lib/python3.7/site-packages/elasticsearch/connection/http_urllib3.py", line 115, in perform_request
    response = self.pool.urlopen(method, url, body, retries=False, headers=self.headers, **kw)
  File "/root/.cache/pypoetry/virtualenvs/cpdbv2-backend-VA82Wl8V-py3.7/lib/python3.7/site-packages/urllib3/connectionpool.py", line 727, in urlopen
    method, url, error=e, _pool=self, _stacktrace=sys.exc_info()[2]
  File "/root/.cache/pypoetry/virtualenvs/cpdbv2-backend-VA82Wl8V-py3.7/lib/python3.7/site-packages/urllib3/util/retry.py", line 386, in increment
    raise six.reraise(type(error), error, _stacktrace)
  File "/root/.cache/pypoetry/virtualenvs/cpdbv2-backend-VA82Wl8V-py3.7/lib/python3.7/site-packages/urllib3/packages/six.py", line 735, in reraise
    raise value
  File "/root/.cache/pypoetry/virtualenvs/cpdbv2-backend-VA82Wl8V-py3.7/lib/python3.7/site-packages/urllib3/connectionpool.py", line 677, in urlopen
    chunked=chunked,
  File "/root/.cache/pypoetry/virtualenvs/cpdbv2-backend-VA82Wl8V-py3.7/lib/python3.7/site-packages/urllib3/connectionpool.py", line 392, in _make_request
    conn.request(method, url, **httplib_request_kw)
  File "/usr/local/lib/python3.7/http/client.py", line 1281, in request
    self._send_request(method, url, body, headers, encode_chunked)
  File "/usr/local/lib/python3.7/http/client.py", line 1327, in _send_request
    self.endheaders(body, encode_chunked=encode_chunked)
  File "/usr/local/lib/python3.7/http/client.py", line 1276, in endheaders
    self._send_output(message_body, encode_chunked=encode_chunked)
  File "/usr/local/lib/python3.7/http/client.py", line 1036, in _send_output
    self.send(msg)
  File "/usr/local/lib/python3.7/http/client.py", line 976, in send
    self.connect()
  File "/root/.cache/pypoetry/virtualenvs/cpdbv2-backend-VA82Wl8V-py3.7/lib/python3.7/site-packages/urllib3/connection.py", line 187, in connect
    conn = self._new_conn()
  File "/root/.cache/pypoetry/virtualenvs/cpdbv2-backend-VA82Wl8V-py3.7/lib/python3.7/site-packages/urllib3/connection.py", line 172, in _new_conn
    self, "Failed to establish a new connection: %s" % e
urllib3.exceptions.NewConnectionError: <urllib3.connection.HTTPConnection object at 0x7ff068ad0590>: Failed to establish a new connection: [Errno -2] Name or service not known
elasticsearch: DEBUG: > None
--------------------- >> end captured logging << ---------------------

======================================================================
ERROR: test_attachments_filtered_by_cr_authenticated_user (tracker.tests.test_views.AttachmentAPITestCase)
----------------------------------------------------------------------
Traceback (most recent call last):
  File "/usr/src/app/cpdb/tracker/tests/mixins.py", line 7, in setUp
    tracker_index_alias.write_index.delete(ignore=404)
  File "/root/.cache/pypoetry/virtualenvs/cpdbv2-backend-VA82Wl8V-py3.7/lib/python3.7/site-packages/elasticsearch_dsl/index.py", line 222, in delete
    self.connection.indices.delete(index=self._name, **kwargs)
  File "/root/.cache/pypoetry/virtualenvs/cpdbv2-backend-VA82Wl8V-py3.7/lib/python3.7/site-packages/elasticsearch/client/utils.py", line 73, in _wrapped
    return func(*args, params=params, **kwargs)
  File "/root/.cache/pypoetry/virtualenvs/cpdbv2-backend-VA82Wl8V-py3.7/lib/python3.7/site-packages/elasticsearch/client/indices.py", line 200, in delete
    params=params)
  File "/root/.cache/pypoetry/virtualenvs/cpdbv2-backend-VA82Wl8V-py3.7/lib/python3.7/site-packages/elasticsearch/transport.py", line 312, in perform_request
    status, headers, data = connection.perform_request(method, url, params, body, ignore=ignore, timeout=timeout)
  File "/root/.cache/pypoetry/virtualenvs/cpdbv2-backend-VA82Wl8V-py3.7/lib/python3.7/site-packages/elasticsearch/connection/http_urllib3.py", line 124, in perform_request
    raise ConnectionError('N/A', str(e), e)
elasticsearch.exceptions.ConnectionError: ConnectionError(<urllib3.connection.HTTPConnection object at 0x7ff06900dcd0>: Failed to establish a new connection: [Errno -2] Name or service not known) caused by: NewConnectionError(<urllib3.connection.HTTPConnection object at 0x7ff06900dcd0>: Failed to establish a new connection: [Errno -2] Name or service not known)
-------------------- >> begin captured logging << --------------------
urllib3.util.retry: DEBUG: Converted retries value: False -> Retry(total=False, connect=None, read=None, redirect=0, status=None)
urllib3.connectionpool: DEBUG: Starting new HTTP connection (501): elasticsearch:9200
elasticsearch: WARNING: DELETE http://elasticsearch:9200/test_tracker_c97d3965-996f-4fbb-b4a7-1038423423bd [status:N/A request:0.005s]
Traceback (most recent call last):
  File "/root/.cache/pypoetry/virtualenvs/cpdbv2-backend-VA82Wl8V-py3.7/lib/python3.7/site-packages/urllib3/connection.py", line 160, in _new_conn
    (self._dns_host, self.port), self.timeout, **extra_kw
  File "/root/.cache/pypoetry/virtualenvs/cpdbv2-backend-VA82Wl8V-py3.7/lib/python3.7/site-packages/urllib3/util/connection.py", line 61, in create_connection
    for res in socket.getaddrinfo(host, port, family, socket.SOCK_STREAM):
  File "/usr/local/lib/python3.7/socket.py", line 752, in getaddrinfo
    for res in _socket.getaddrinfo(host, port, family, type, proto, flags):
socket.gaierror: [Errno -2] Name or service not known

During handling of the above exception, another exception occurred:

Traceback (most recent call last):
  File "/root/.cache/pypoetry/virtualenvs/cpdbv2-backend-VA82Wl8V-py3.7/lib/python3.7/site-packages/elasticsearch/connection/http_urllib3.py", line 115, in perform_request
    response = self.pool.urlopen(method, url, body, retries=False, headers=self.headers, **kw)
  File "/root/.cache/pypoetry/virtualenvs/cpdbv2-backend-VA82Wl8V-py3.7/lib/python3.7/site-packages/urllib3/connectionpool.py", line 727, in urlopen
    method, url, error=e, _pool=self, _stacktrace=sys.exc_info()[2]
  File "/root/.cache/pypoetry/virtualenvs/cpdbv2-backend-VA82Wl8V-py3.7/lib/python3.7/site-packages/urllib3/util/retry.py", line 386, in increment
    raise six.reraise(type(error), error, _stacktrace)
  File "/root/.cache/pypoetry/virtualenvs/cpdbv2-backend-VA82Wl8V-py3.7/lib/python3.7/site-packages/urllib3/packages/six.py", line 735, in reraise
    raise value
  File "/root/.cache/pypoetry/virtualenvs/cpdbv2-backend-VA82Wl8V-py3.7/lib/python3.7/site-packages/urllib3/connectionpool.py", line 677, in urlopen
    chunked=chunked,
  File "/root/.cache/pypoetry/virtualenvs/cpdbv2-backend-VA82Wl8V-py3.7/lib/python3.7/site-packages/urllib3/connectionpool.py", line 392, in _make_request
    conn.request(method, url, **httplib_request_kw)
  File "/usr/local/lib/python3.7/http/client.py", line 1281, in request
    self._send_request(method, url, body, headers, encode_chunked)
  File "/usr/local/lib/python3.7/http/client.py", line 1327, in _send_request
    self.endheaders(body, encode_chunked=encode_chunked)
  File "/usr/local/lib/python3.7/http/client.py", line 1276, in endheaders
    self._send_output(message_body, encode_chunked=encode_chunked)
  File "/usr/local/lib/python3.7/http/client.py", line 1036, in _send_output
    self.send(msg)
  File "/usr/local/lib/python3.7/http/client.py", line 976, in send
    self.connect()
  File "/root/.cache/pypoetry/virtualenvs/cpdbv2-backend-VA82Wl8V-py3.7/lib/python3.7/site-packages/urllib3/connection.py", line 187, in connect
    conn = self._new_conn()
  File "/root/.cache/pypoetry/virtualenvs/cpdbv2-backend-VA82Wl8V-py3.7/lib/python3.7/site-packages/urllib3/connection.py", line 172, in _new_conn
    self, "Failed to establish a new connection: %s" % e
urllib3.exceptions.NewConnectionError: <urllib3.connection.HTTPConnection object at 0x7ff068dc4310>: Failed to establish a new connection: [Errno -2] Name or service not known
elasticsearch: DEBUG: > None
urllib3.util.retry: DEBUG: Converted retries value: False -> Retry(total=False, connect=None, read=None, redirect=0, status=None)
urllib3.connectionpool: DEBUG: Starting new HTTP connection (502): elasticsearch:9200
elasticsearch: WARNING: DELETE http://elasticsearch:9200/test_tracker_c97d3965-996f-4fbb-b4a7-1038423423bd [status:N/A request:0.005s]
Traceback (most recent call last):
  File "/root/.cache/pypoetry/virtualenvs/cpdbv2-backend-VA82Wl8V-py3.7/lib/python3.7/site-packages/urllib3/connection.py", line 160, in _new_conn
    (self._dns_host, self.port), self.timeout, **extra_kw
  File "/root/.cache/pypoetry/virtualenvs/cpdbv2-backend-VA82Wl8V-py3.7/lib/python3.7/site-packages/urllib3/util/connection.py", line 61, in create_connection
    for res in socket.getaddrinfo(host, port, family, socket.SOCK_STREAM):
  File "/usr/local/lib/python3.7/socket.py", line 752, in getaddrinfo
    for res in _socket.getaddrinfo(host, port, family, type, proto, flags):
socket.gaierror: [Errno -2] Name or service not known

During handling of the above exception, another exception occurred:

Traceback (most recent call last):
  File "/root/.cache/pypoetry/virtualenvs/cpdbv2-backend-VA82Wl8V-py3.7/lib/python3.7/site-packages/elasticsearch/connection/http_urllib3.py", line 115, in perform_request
    response = self.pool.urlopen(method, url, body, retries=False, headers=self.headers, **kw)
  File "/root/.cache/pypoetry/virtualenvs/cpdbv2-backend-VA82Wl8V-py3.7/lib/python3.7/site-packages/urllib3/connectionpool.py", line 727, in urlopen
    method, url, error=e, _pool=self, _stacktrace=sys.exc_info()[2]
  File "/root/.cache/pypoetry/virtualenvs/cpdbv2-backend-VA82Wl8V-py3.7/lib/python3.7/site-packages/urllib3/util/retry.py", line 386, in increment
    raise six.reraise(type(error), error, _stacktrace)
  File "/root/.cache/pypoetry/virtualenvs/cpdbv2-backend-VA82Wl8V-py3.7/lib/python3.7/site-packages/urllib3/packages/six.py", line 735, in reraise
    raise value
  File "/root/.cache/pypoetry/virtualenvs/cpdbv2-backend-VA82Wl8V-py3.7/lib/python3.7/site-packages/urllib3/connectionpool.py", line 677, in urlopen
    chunked=chunked,
  File "/root/.cache/pypoetry/virtualenvs/cpdbv2-backend-VA82Wl8V-py3.7/lib/python3.7/site-packages/urllib3/connectionpool.py", line 392, in _make_request
    conn.request(method, url, **httplib_request_kw)
  File "/usr/local/lib/python3.7/http/client.py", line 1281, in request
    self._send_request(method, url, body, headers, encode_chunked)
  File "/usr/local/lib/python3.7/http/client.py", line 1327, in _send_request
    self.endheaders(body, encode_chunked=encode_chunked)
  File "/usr/local/lib/python3.7/http/client.py", line 1276, in endheaders
    self._send_output(message_body, encode_chunked=encode_chunked)
  File "/usr/local/lib/python3.7/http/client.py", line 1036, in _send_output
    self.send(msg)
  File "/usr/local/lib/python3.7/http/client.py", line 976, in send
    self.connect()
  File "/root/.cache/pypoetry/virtualenvs/cpdbv2-backend-VA82Wl8V-py3.7/lib/python3.7/site-packages/urllib3/connection.py", line 187, in connect
    conn = self._new_conn()
  File "/root/.cache/pypoetry/virtualenvs/cpdbv2-backend-VA82Wl8V-py3.7/lib/python3.7/site-packages/urllib3/connection.py", line 172, in _new_conn
    self, "Failed to establish a new connection: %s" % e
urllib3.exceptions.NewConnectionError: <urllib3.connection.HTTPConnection object at 0x7ff068ffa2d0>: Failed to establish a new connection: [Errno -2] Name or service not known
elasticsearch: DEBUG: > None
urllib3.util.retry: DEBUG: Converted retries value: False -> Retry(total=False, connect=None, read=None, redirect=0, status=None)
urllib3.connectionpool: DEBUG: Starting new HTTP connection (503): elasticsearch:9200
elasticsearch: WARNING: DELETE http://elasticsearch:9200/test_tracker_c97d3965-996f-4fbb-b4a7-1038423423bd [status:N/A request:0.004s]
Traceback (most recent call last):
  File "/root/.cache/pypoetry/virtualenvs/cpdbv2-backend-VA82Wl8V-py3.7/lib/python3.7/site-packages/urllib3/connection.py", line 160, in _new_conn
    (self._dns_host, self.port), self.timeout, **extra_kw
  File "/root/.cache/pypoetry/virtualenvs/cpdbv2-backend-VA82Wl8V-py3.7/lib/python3.7/site-packages/urllib3/util/connection.py", line 61, in create_connection
    for res in socket.getaddrinfo(host, port, family, socket.SOCK_STREAM):
  File "/usr/local/lib/python3.7/socket.py", line 752, in getaddrinfo
    for res in _socket.getaddrinfo(host, port, family, type, proto, flags):
socket.gaierror: [Errno -2] Name or service not known

During handling of the above exception, another exception occurred:

Traceback (most recent call last):
  File "/root/.cache/pypoetry/virtualenvs/cpdbv2-backend-VA82Wl8V-py3.7/lib/python3.7/site-packages/elasticsearch/connection/http_urllib3.py", line 115, in perform_request
    response = self.pool.urlopen(method, url, body, retries=False, headers=self.headers, **kw)
  File "/root/.cache/pypoetry/virtualenvs/cpdbv2-backend-VA82Wl8V-py3.7/lib/python3.7/site-packages/urllib3/connectionpool.py", line 727, in urlopen
    method, url, error=e, _pool=self, _stacktrace=sys.exc_info()[2]
  File "/root/.cache/pypoetry/virtualenvs/cpdbv2-backend-VA82Wl8V-py3.7/lib/python3.7/site-packages/urllib3/util/retry.py", line 386, in increment
    raise six.reraise(type(error), error, _stacktrace)
  File "/root/.cache/pypoetry/virtualenvs/cpdbv2-backend-VA82Wl8V-py3.7/lib/python3.7/site-packages/urllib3/packages/six.py", line 735, in reraise
    raise value
  File "/root/.cache/pypoetry/virtualenvs/cpdbv2-backend-VA82Wl8V-py3.7/lib/python3.7/site-packages/urllib3/connectionpool.py", line 677, in urlopen
    chunked=chunked,
  File "/root/.cache/pypoetry/virtualenvs/cpdbv2-backend-VA82Wl8V-py3.7/lib/python3.7/site-packages/urllib3/connectionpool.py", line 392, in _make_request
    conn.request(method, url, **httplib_request_kw)
  File "/usr/local/lib/python3.7/http/client.py", line 1281, in request
    self._send_request(method, url, body, headers, encode_chunked)
  File "/usr/local/lib/python3.7/http/client.py", line 1327, in _send_request
    self.endheaders(body, encode_chunked=encode_chunked)
  File "/usr/local/lib/python3.7/http/client.py", line 1276, in endheaders
    self._send_output(message_body, encode_chunked=encode_chunked)
  File "/usr/local/lib/python3.7/http/client.py", line 1036, in _send_output
    self.send(msg)
  File "/usr/local/lib/python3.7/http/client.py", line 976, in send
    self.connect()
  File "/root/.cache/pypoetry/virtualenvs/cpdbv2-backend-VA82Wl8V-py3.7/lib/python3.7/site-packages/urllib3/connection.py", line 187, in connect
    conn = self._new_conn()
  File "/root/.cache/pypoetry/virtualenvs/cpdbv2-backend-VA82Wl8V-py3.7/lib/python3.7/site-packages/urllib3/connection.py", line 172, in _new_conn
    self, "Failed to establish a new connection: %s" % e
urllib3.exceptions.NewConnectionError: <urllib3.connection.HTTPConnection object at 0x7ff06900df10>: Failed to establish a new connection: [Errno -2] Name or service not known
elasticsearch: DEBUG: > None
urllib3.util.retry: DEBUG: Converted retries value: False -> Retry(total=False, connect=None, read=None, redirect=0, status=None)
urllib3.connectionpool: DEBUG: Starting new HTTP connection (504): elasticsearch:9200
elasticsearch: WARNING: DELETE http://elasticsearch:9200/test_tracker_c97d3965-996f-4fbb-b4a7-1038423423bd [status:N/A request:0.005s]
Traceback (most recent call last):
  File "/root/.cache/pypoetry/virtualenvs/cpdbv2-backend-VA82Wl8V-py3.7/lib/python3.7/site-packages/urllib3/connection.py", line 160, in _new_conn
    (self._dns_host, self.port), self.timeout, **extra_kw
  File "/root/.cache/pypoetry/virtualenvs/cpdbv2-backend-VA82Wl8V-py3.7/lib/python3.7/site-packages/urllib3/util/connection.py", line 61, in create_connection
    for res in socket.getaddrinfo(host, port, family, socket.SOCK_STREAM):
  File "/usr/local/lib/python3.7/socket.py", line 752, in getaddrinfo
    for res in _socket.getaddrinfo(host, port, family, type, proto, flags):
socket.gaierror: [Errno -2] Name or service not known

During handling of the above exception, another exception occurred:

Traceback (most recent call last):
  File "/root/.cache/pypoetry/virtualenvs/cpdbv2-backend-VA82Wl8V-py3.7/lib/python3.7/site-packages/elasticsearch/connection/http_urllib3.py", line 115, in perform_request
    response = self.pool.urlopen(method, url, body, retries=False, headers=self.headers, **kw)
  File "/root/.cache/pypoetry/virtualenvs/cpdbv2-backend-VA82Wl8V-py3.7/lib/python3.7/site-packages/urllib3/connectionpool.py", line 727, in urlopen
    method, url, error=e, _pool=self, _stacktrace=sys.exc_info()[2]
  File "/root/.cache/pypoetry/virtualenvs/cpdbv2-backend-VA82Wl8V-py3.7/lib/python3.7/site-packages/urllib3/util/retry.py", line 386, in increment
    raise six.reraise(type(error), error, _stacktrace)
  File "/root/.cache/pypoetry/virtualenvs/cpdbv2-backend-VA82Wl8V-py3.7/lib/python3.7/site-packages/urllib3/packages/six.py", line 735, in reraise
    raise value
  File "/root/.cache/pypoetry/virtualenvs/cpdbv2-backend-VA82Wl8V-py3.7/lib/python3.7/site-packages/urllib3/connectionpool.py", line 677, in urlopen
    chunked=chunked,
  File "/root/.cache/pypoetry/virtualenvs/cpdbv2-backend-VA82Wl8V-py3.7/lib/python3.7/site-packages/urllib3/connectionpool.py", line 392, in _make_request
    conn.request(method, url, **httplib_request_kw)
  File "/usr/local/lib/python3.7/http/client.py", line 1281, in request
    self._send_request(method, url, body, headers, encode_chunked)
  File "/usr/local/lib/python3.7/http/client.py", line 1327, in _send_request
    self.endheaders(body, encode_chunked=encode_chunked)
  File "/usr/local/lib/python3.7/http/client.py", line 1276, in endheaders
    self._send_output(message_body, encode_chunked=encode_chunked)
  File "/usr/local/lib/python3.7/http/client.py", line 1036, in _send_output
    self.send(msg)
  File "/usr/local/lib/python3.7/http/client.py", line 976, in send
    self.connect()
  File "/root/.cache/pypoetry/virtualenvs/cpdbv2-backend-VA82Wl8V-py3.7/lib/python3.7/site-packages/urllib3/connection.py", line 187, in connect
    conn = self._new_conn()
  File "/root/.cache/pypoetry/virtualenvs/cpdbv2-backend-VA82Wl8V-py3.7/lib/python3.7/site-packages/urllib3/connection.py", line 172, in _new_conn
    self, "Failed to establish a new connection: %s" % e
urllib3.exceptions.NewConnectionError: <urllib3.connection.HTTPConnection object at 0x7ff06900dcd0>: Failed to establish a new connection: [Errno -2] Name or service not known
elasticsearch: DEBUG: > None
--------------------- >> end captured logging << ---------------------

======================================================================
ERROR: test_attachments_filtered_by_cr_unauthenticated_user (tracker.tests.test_views.AttachmentAPITestCase)
----------------------------------------------------------------------
Traceback (most recent call last):
  File "/usr/src/app/cpdb/tracker/tests/mixins.py", line 7, in setUp
    tracker_index_alias.write_index.delete(ignore=404)
  File "/root/.cache/pypoetry/virtualenvs/cpdbv2-backend-VA82Wl8V-py3.7/lib/python3.7/site-packages/elasticsearch_dsl/index.py", line 222, in delete
    self.connection.indices.delete(index=self._name, **kwargs)
  File "/root/.cache/pypoetry/virtualenvs/cpdbv2-backend-VA82Wl8V-py3.7/lib/python3.7/site-packages/elasticsearch/client/utils.py", line 73, in _wrapped
    return func(*args, params=params, **kwargs)
  File "/root/.cache/pypoetry/virtualenvs/cpdbv2-backend-VA82Wl8V-py3.7/lib/python3.7/site-packages/elasticsearch/client/indices.py", line 200, in delete
    params=params)
  File "/root/.cache/pypoetry/virtualenvs/cpdbv2-backend-VA82Wl8V-py3.7/lib/python3.7/site-packages/elasticsearch/transport.py", line 312, in perform_request
    status, headers, data = connection.perform_request(method, url, params, body, ignore=ignore, timeout=timeout)
  File "/root/.cache/pypoetry/virtualenvs/cpdbv2-backend-VA82Wl8V-py3.7/lib/python3.7/site-packages/elasticsearch/connection/http_urllib3.py", line 124, in perform_request
    raise ConnectionError('N/A', str(e), e)
elasticsearch.exceptions.ConnectionError: ConnectionError(<urllib3.connection.HTTPConnection object at 0x7ff06901b310>: Failed to establish a new connection: [Errno -2] Name or service not known) caused by: NewConnectionError(<urllib3.connection.HTTPConnection object at 0x7ff06901b310>: Failed to establish a new connection: [Errno -2] Name or service not known)
-------------------- >> begin captured logging << --------------------
urllib3.util.retry: DEBUG: Converted retries value: False -> Retry(total=False, connect=None, read=None, redirect=0, status=None)
urllib3.connectionpool: DEBUG: Starting new HTTP connection (505): elasticsearch:9200
elasticsearch: WARNING: DELETE http://elasticsearch:9200/test_tracker_c97d3965-996f-4fbb-b4a7-1038423423bd [status:N/A request:0.004s]
Traceback (most recent call last):
  File "/root/.cache/pypoetry/virtualenvs/cpdbv2-backend-VA82Wl8V-py3.7/lib/python3.7/site-packages/urllib3/connection.py", line 160, in _new_conn
    (self._dns_host, self.port), self.timeout, **extra_kw
  File "/root/.cache/pypoetry/virtualenvs/cpdbv2-backend-VA82Wl8V-py3.7/lib/python3.7/site-packages/urllib3/util/connection.py", line 61, in create_connection
    for res in socket.getaddrinfo(host, port, family, socket.SOCK_STREAM):
  File "/usr/local/lib/python3.7/socket.py", line 752, in getaddrinfo
    for res in _socket.getaddrinfo(host, port, family, type, proto, flags):
socket.gaierror: [Errno -2] Name or service not known

During handling of the above exception, another exception occurred:

Traceback (most recent call last):
  File "/root/.cache/pypoetry/virtualenvs/cpdbv2-backend-VA82Wl8V-py3.7/lib/python3.7/site-packages/elasticsearch/connection/http_urllib3.py", line 115, in perform_request
    response = self.pool.urlopen(method, url, body, retries=False, headers=self.headers, **kw)
  File "/root/.cache/pypoetry/virtualenvs/cpdbv2-backend-VA82Wl8V-py3.7/lib/python3.7/site-packages/urllib3/connectionpool.py", line 727, in urlopen
    method, url, error=e, _pool=self, _stacktrace=sys.exc_info()[2]
  File "/root/.cache/pypoetry/virtualenvs/cpdbv2-backend-VA82Wl8V-py3.7/lib/python3.7/site-packages/urllib3/util/retry.py", line 386, in increment
    raise six.reraise(type(error), error, _stacktrace)
  File "/root/.cache/pypoetry/virtualenvs/cpdbv2-backend-VA82Wl8V-py3.7/lib/python3.7/site-packages/urllib3/packages/six.py", line 735, in reraise
    raise value
  File "/root/.cache/pypoetry/virtualenvs/cpdbv2-backend-VA82Wl8V-py3.7/lib/python3.7/site-packages/urllib3/connectionpool.py", line 677, in urlopen
    chunked=chunked,
  File "/root/.cache/pypoetry/virtualenvs/cpdbv2-backend-VA82Wl8V-py3.7/lib/python3.7/site-packages/urllib3/connectionpool.py", line 392, in _make_request
    conn.request(method, url, **httplib_request_kw)
  File "/usr/local/lib/python3.7/http/client.py", line 1281, in request
    self._send_request(method, url, body, headers, encode_chunked)
  File "/usr/local/lib/python3.7/http/client.py", line 1327, in _send_request
    self.endheaders(body, encode_chunked=encode_chunked)
  File "/usr/local/lib/python3.7/http/client.py", line 1276, in endheaders
    self._send_output(message_body, encode_chunked=encode_chunked)
  File "/usr/local/lib/python3.7/http/client.py", line 1036, in _send_output
    self.send(msg)
  File "/usr/local/lib/python3.7/http/client.py", line 976, in send
    self.connect()
  File "/root/.cache/pypoetry/virtualenvs/cpdbv2-backend-VA82Wl8V-py3.7/lib/python3.7/site-packages/urllib3/connection.py", line 187, in connect
    conn = self._new_conn()
  File "/root/.cache/pypoetry/virtualenvs/cpdbv2-backend-VA82Wl8V-py3.7/lib/python3.7/site-packages/urllib3/connection.py", line 172, in _new_conn
    self, "Failed to establish a new connection: %s" % e
urllib3.exceptions.NewConnectionError: <urllib3.connection.HTTPConnection object at 0x7ff06901b850>: Failed to establish a new connection: [Errno -2] Name or service not known
elasticsearch: DEBUG: > None
urllib3.util.retry: DEBUG: Converted retries value: False -> Retry(total=False, connect=None, read=None, redirect=0, status=None)
urllib3.connectionpool: DEBUG: Starting new HTTP connection (506): elasticsearch:9200
elasticsearch: WARNING: DELETE http://elasticsearch:9200/test_tracker_c97d3965-996f-4fbb-b4a7-1038423423bd [status:N/A request:0.004s]
Traceback (most recent call last):
  File "/root/.cache/pypoetry/virtualenvs/cpdbv2-backend-VA82Wl8V-py3.7/lib/python3.7/site-packages/urllib3/connection.py", line 160, in _new_conn
    (self._dns_host, self.port), self.timeout, **extra_kw
  File "/root/.cache/pypoetry/virtualenvs/cpdbv2-backend-VA82Wl8V-py3.7/lib/python3.7/site-packages/urllib3/util/connection.py", line 61, in create_connection
    for res in socket.getaddrinfo(host, port, family, socket.SOCK_STREAM):
  File "/usr/local/lib/python3.7/socket.py", line 752, in getaddrinfo
    for res in _socket.getaddrinfo(host, port, family, type, proto, flags):
socket.gaierror: [Errno -2] Name or service not known

During handling of the above exception, another exception occurred:

Traceback (most recent call last):
  File "/root/.cache/pypoetry/virtualenvs/cpdbv2-backend-VA82Wl8V-py3.7/lib/python3.7/site-packages/elasticsearch/connection/http_urllib3.py", line 115, in perform_request
    response = self.pool.urlopen(method, url, body, retries=False, headers=self.headers, **kw)
  File "/root/.cache/pypoetry/virtualenvs/cpdbv2-backend-VA82Wl8V-py3.7/lib/python3.7/site-packages/urllib3/connectionpool.py", line 727, in urlopen
    method, url, error=e, _pool=self, _stacktrace=sys.exc_info()[2]
  File "/root/.cache/pypoetry/virtualenvs/cpdbv2-backend-VA82Wl8V-py3.7/lib/python3.7/site-packages/urllib3/util/retry.py", line 386, in increment
    raise six.reraise(type(error), error, _stacktrace)
  File "/root/.cache/pypoetry/virtualenvs/cpdbv2-backend-VA82Wl8V-py3.7/lib/python3.7/site-packages/urllib3/packages/six.py", line 735, in reraise
    raise value
  File "/root/.cache/pypoetry/virtualenvs/cpdbv2-backend-VA82Wl8V-py3.7/lib/python3.7/site-packages/urllib3/connectionpool.py", line 677, in urlopen
    chunked=chunked,
  File "/root/.cache/pypoetry/virtualenvs/cpdbv2-backend-VA82Wl8V-py3.7/lib/python3.7/site-packages/urllib3/connectionpool.py", line 392, in _make_request
    conn.request(method, url, **httplib_request_kw)
  File "/usr/local/lib/python3.7/http/client.py", line 1281, in request
    self._send_request(method, url, body, headers, encode_chunked)
  File "/usr/local/lib/python3.7/http/client.py", line 1327, in _send_request
    self.endheaders(body, encode_chunked=encode_chunked)
  File "/usr/local/lib/python3.7/http/client.py", line 1276, in endheaders
    self._send_output(message_body, encode_chunked=encode_chunked)
  File "/usr/local/lib/python3.7/http/client.py", line 1036, in _send_output
    self.send(msg)
  File "/usr/local/lib/python3.7/http/client.py", line 976, in send
    self.connect()
  File "/root/.cache/pypoetry/virtualenvs/cpdbv2-backend-VA82Wl8V-py3.7/lib/python3.7/site-packages/urllib3/connection.py", line 187, in connect
    conn = self._new_conn()
  File "/root/.cache/pypoetry/virtualenvs/cpdbv2-backend-VA82Wl8V-py3.7/lib/python3.7/site-packages/urllib3/connection.py", line 172, in _new_conn
    self, "Failed to establish a new connection: %s" % e
urllib3.exceptions.NewConnectionError: <urllib3.connection.HTTPConnection object at 0x7ff06901b690>: Failed to establish a new connection: [Errno -2] Name or service not known
elasticsearch: DEBUG: > None
urllib3.util.retry: DEBUG: Converted retries value: False -> Retry(total=False, connect=None, read=None, redirect=0, status=None)
urllib3.connectionpool: DEBUG: Starting new HTTP connection (507): elasticsearch:9200
elasticsearch: WARNING: DELETE http://elasticsearch:9200/test_tracker_c97d3965-996f-4fbb-b4a7-1038423423bd [status:N/A request:0.005s]
Traceback (most recent call last):
  File "/root/.cache/pypoetry/virtualenvs/cpdbv2-backend-VA82Wl8V-py3.7/lib/python3.7/site-packages/urllib3/connection.py", line 160, in _new_conn
    (self._dns_host, self.port), self.timeout, **extra_kw
  File "/root/.cache/pypoetry/virtualenvs/cpdbv2-backend-VA82Wl8V-py3.7/lib/python3.7/site-packages/urllib3/util/connection.py", line 61, in create_connection
    for res in socket.getaddrinfo(host, port, family, socket.SOCK_STREAM):
  File "/usr/local/lib/python3.7/socket.py", line 752, in getaddrinfo
    for res in _socket.getaddrinfo(host, port, family, type, proto, flags):
socket.gaierror: [Errno -2] Name or service not known

During handling of the above exception, another exception occurred:

Traceback (most recent call last):
  File "/root/.cache/pypoetry/virtualenvs/cpdbv2-backend-VA82Wl8V-py3.7/lib/python3.7/site-packages/elasticsearch/connection/http_urllib3.py", line 115, in perform_request
    response = self.pool.urlopen(method, url, body, retries=False, headers=self.headers, **kw)
  File "/root/.cache/pypoetry/virtualenvs/cpdbv2-backend-VA82Wl8V-py3.7/lib/python3.7/site-packages/urllib3/connectionpool.py", line 727, in urlopen
    method, url, error=e, _pool=self, _stacktrace=sys.exc_info()[2]
  File "/root/.cache/pypoetry/virtualenvs/cpdbv2-backend-VA82Wl8V-py3.7/lib/python3.7/site-packages/urllib3/util/retry.py", line 386, in increment
    raise six.reraise(type(error), error, _stacktrace)
  File "/root/.cache/pypoetry/virtualenvs/cpdbv2-backend-VA82Wl8V-py3.7/lib/python3.7/site-packages/urllib3/packages/six.py", line 735, in reraise
    raise value
  File "/root/.cache/pypoetry/virtualenvs/cpdbv2-backend-VA82Wl8V-py3.7/lib/python3.7/site-packages/urllib3/connectionpool.py", line 677, in urlopen
    chunked=chunked,
  File "/root/.cache/pypoetry/virtualenvs/cpdbv2-backend-VA82Wl8V-py3.7/lib/python3.7/site-packages/urllib3/connectionpool.py", line 392, in _make_request
    conn.request(method, url, **httplib_request_kw)
  File "/usr/local/lib/python3.7/http/client.py", line 1281, in request
    self._send_request(method, url, body, headers, encode_chunked)
  File "/usr/local/lib/python3.7/http/client.py", line 1327, in _send_request
    self.endheaders(body, encode_chunked=encode_chunked)
  File "/usr/local/lib/python3.7/http/client.py", line 1276, in endheaders
    self._send_output(message_body, encode_chunked=encode_chunked)
  File "/usr/local/lib/python3.7/http/client.py", line 1036, in _send_output
    self.send(msg)
  File "/usr/local/lib/python3.7/http/client.py", line 976, in send
    self.connect()
  File "/root/.cache/pypoetry/virtualenvs/cpdbv2-backend-VA82Wl8V-py3.7/lib/python3.7/site-packages/urllib3/connection.py", line 187, in connect
    conn = self._new_conn()
  File "/root/.cache/pypoetry/virtualenvs/cpdbv2-backend-VA82Wl8V-py3.7/lib/python3.7/site-packages/urllib3/connection.py", line 172, in _new_conn
    self, "Failed to establish a new connection: %s" % e
urllib3.exceptions.NewConnectionError: <urllib3.connection.HTTPConnection object at 0x7ff069042750>: Failed to establish a new connection: [Errno -2] Name or service not known
elasticsearch: DEBUG: > None
urllib3.util.retry: DEBUG: Converted retries value: False -> Retry(total=False, connect=None, read=None, redirect=0, status=None)
urllib3.connectionpool: DEBUG: Starting new HTTP connection (508): elasticsearch:9200
elasticsearch: WARNING: DELETE http://elasticsearch:9200/test_tracker_c97d3965-996f-4fbb-b4a7-1038423423bd [status:N/A request:0.004s]
Traceback (most recent call last):
  File "/root/.cache/pypoetry/virtualenvs/cpdbv2-backend-VA82Wl8V-py3.7/lib/python3.7/site-packages/urllib3/connection.py", line 160, in _new_conn
    (self._dns_host, self.port), self.timeout, **extra_kw
  File "/root/.cache/pypoetry/virtualenvs/cpdbv2-backend-VA82Wl8V-py3.7/lib/python3.7/site-packages/urllib3/util/connection.py", line 61, in create_connection
    for res in socket.getaddrinfo(host, port, family, socket.SOCK_STREAM):
  File "/usr/local/lib/python3.7/socket.py", line 752, in getaddrinfo
    for res in _socket.getaddrinfo(host, port, family, type, proto, flags):
socket.gaierror: [Errno -2] Name or service not known

During handling of the above exception, another exception occurred:

Traceback (most recent call last):
  File "/root/.cache/pypoetry/virtualenvs/cpdbv2-backend-VA82Wl8V-py3.7/lib/python3.7/site-packages/elasticsearch/connection/http_urllib3.py", line 115, in perform_request
    response = self.pool.urlopen(method, url, body, retries=False, headers=self.headers, **kw)
  File "/root/.cache/pypoetry/virtualenvs/cpdbv2-backend-VA82Wl8V-py3.7/lib/python3.7/site-packages/urllib3/connectionpool.py", line 727, in urlopen
    method, url, error=e, _pool=self, _stacktrace=sys.exc_info()[2]
  File "/root/.cache/pypoetry/virtualenvs/cpdbv2-backend-VA82Wl8V-py3.7/lib/python3.7/site-packages/urllib3/util/retry.py", line 386, in increment
    raise six.reraise(type(error), error, _stacktrace)
  File "/root/.cache/pypoetry/virtualenvs/cpdbv2-backend-VA82Wl8V-py3.7/lib/python3.7/site-packages/urllib3/packages/six.py", line 735, in reraise
    raise value
  File "/root/.cache/pypoetry/virtualenvs/cpdbv2-backend-VA82Wl8V-py3.7/lib/python3.7/site-packages/urllib3/connectionpool.py", line 677, in urlopen
    chunked=chunked,
  File "/root/.cache/pypoetry/virtualenvs/cpdbv2-backend-VA82Wl8V-py3.7/lib/python3.7/site-packages/urllib3/connectionpool.py", line 392, in _make_request
    conn.request(method, url, **httplib_request_kw)
  File "/usr/local/lib/python3.7/http/client.py", line 1281, in request
    self._send_request(method, url, body, headers, encode_chunked)
  File "/usr/local/lib/python3.7/http/client.py", line 1327, in _send_request
    self.endheaders(body, encode_chunked=encode_chunked)
  File "/usr/local/lib/python3.7/http/client.py", line 1276, in endheaders
    self._send_output(message_body, encode_chunked=encode_chunked)
  File "/usr/local/lib/python3.7/http/client.py", line 1036, in _send_output
    self.send(msg)
  File "/usr/local/lib/python3.7/http/client.py", line 976, in send
    self.connect()
  File "/root/.cache/pypoetry/virtualenvs/cpdbv2-backend-VA82Wl8V-py3.7/lib/python3.7/site-packages/urllib3/connection.py", line 187, in connect
    conn = self._new_conn()
  File "/root/.cache/pypoetry/virtualenvs/cpdbv2-backend-VA82Wl8V-py3.7/lib/python3.7/site-packages/urllib3/connection.py", line 172, in _new_conn
    self, "Failed to establish a new connection: %s" % e
urllib3.exceptions.NewConnectionError: <urllib3.connection.HTTPConnection object at 0x7ff06901b310>: Failed to establish a new connection: [Errno -2] Name or service not known
elasticsearch: DEBUG: > None
--------------------- >> end captured logging << ---------------------

======================================================================
ERROR: test_attachments_full_text_search (tracker.tests.test_views.AttachmentAPITestCase)
----------------------------------------------------------------------
Traceback (most recent call last):
  File "/usr/src/app/cpdb/tracker/tests/mixins.py", line 7, in setUp
    tracker_index_alias.write_index.delete(ignore=404)
  File "/root/.cache/pypoetry/virtualenvs/cpdbv2-backend-VA82Wl8V-py3.7/lib/python3.7/site-packages/elasticsearch_dsl/index.py", line 222, in delete
    self.connection.indices.delete(index=self._name, **kwargs)
  File "/root/.cache/pypoetry/virtualenvs/cpdbv2-backend-VA82Wl8V-py3.7/lib/python3.7/site-packages/elasticsearch/client/utils.py", line 73, in _wrapped
    return func(*args, params=params, **kwargs)
  File "/root/.cache/pypoetry/virtualenvs/cpdbv2-backend-VA82Wl8V-py3.7/lib/python3.7/site-packages/elasticsearch/client/indices.py", line 200, in delete
    params=params)
  File "/root/.cache/pypoetry/virtualenvs/cpdbv2-backend-VA82Wl8V-py3.7/lib/python3.7/site-packages/elasticsearch/transport.py", line 312, in perform_request
    status, headers, data = connection.perform_request(method, url, params, body, ignore=ignore, timeout=timeout)
  File "/root/.cache/pypoetry/virtualenvs/cpdbv2-backend-VA82Wl8V-py3.7/lib/python3.7/site-packages/elasticsearch/connection/http_urllib3.py", line 124, in perform_request
    raise ConnectionError('N/A', str(e), e)
elasticsearch.exceptions.ConnectionError: ConnectionError(<urllib3.connection.HTTPConnection object at 0x7ff068ffa690>: Failed to establish a new connection: [Errno -2] Name or service not known) caused by: NewConnectionError(<urllib3.connection.HTTPConnection object at 0x7ff068ffa690>: Failed to establish a new connection: [Errno -2] Name or service not known)
-------------------- >> begin captured logging << --------------------
urllib3.util.retry: DEBUG: Converted retries value: False -> Retry(total=False, connect=None, read=None, redirect=0, status=None)
urllib3.connectionpool: DEBUG: Starting new HTTP connection (509): elasticsearch:9200
elasticsearch: WARNING: DELETE http://elasticsearch:9200/test_tracker_c97d3965-996f-4fbb-b4a7-1038423423bd [status:N/A request:0.005s]
Traceback (most recent call last):
  File "/root/.cache/pypoetry/virtualenvs/cpdbv2-backend-VA82Wl8V-py3.7/lib/python3.7/site-packages/urllib3/connection.py", line 160, in _new_conn
    (self._dns_host, self.port), self.timeout, **extra_kw
  File "/root/.cache/pypoetry/virtualenvs/cpdbv2-backend-VA82Wl8V-py3.7/lib/python3.7/site-packages/urllib3/util/connection.py", line 61, in create_connection
    for res in socket.getaddrinfo(host, port, family, socket.SOCK_STREAM):
  File "/usr/local/lib/python3.7/socket.py", line 752, in getaddrinfo
    for res in _socket.getaddrinfo(host, port, family, type, proto, flags):
socket.gaierror: [Errno -2] Name or service not known

During handling of the above exception, another exception occurred:

Traceback (most recent call last):
  File "/root/.cache/pypoetry/virtualenvs/cpdbv2-backend-VA82Wl8V-py3.7/lib/python3.7/site-packages/elasticsearch/connection/http_urllib3.py", line 115, in perform_request
    response = self.pool.urlopen(method, url, body, retries=False, headers=self.headers, **kw)
  File "/root/.cache/pypoetry/virtualenvs/cpdbv2-backend-VA82Wl8V-py3.7/lib/python3.7/site-packages/urllib3/connectionpool.py", line 727, in urlopen
    method, url, error=e, _pool=self, _stacktrace=sys.exc_info()[2]
  File "/root/.cache/pypoetry/virtualenvs/cpdbv2-backend-VA82Wl8V-py3.7/lib/python3.7/site-packages/urllib3/util/retry.py", line 386, in increment
    raise six.reraise(type(error), error, _stacktrace)
  File "/root/.cache/pypoetry/virtualenvs/cpdbv2-backend-VA82Wl8V-py3.7/lib/python3.7/site-packages/urllib3/packages/six.py", line 735, in reraise
    raise value
  File "/root/.cache/pypoetry/virtualenvs/cpdbv2-backend-VA82Wl8V-py3.7/lib/python3.7/site-packages/urllib3/connectionpool.py", line 677, in urlopen
    chunked=chunked,
  File "/root/.cache/pypoetry/virtualenvs/cpdbv2-backend-VA82Wl8V-py3.7/lib/python3.7/site-packages/urllib3/connectionpool.py", line 392, in _make_request
    conn.request(method, url, **httplib_request_kw)
  File "/usr/local/lib/python3.7/http/client.py", line 1281, in request
    self._send_request(method, url, body, headers, encode_chunked)
  File "/usr/local/lib/python3.7/http/client.py", line 1327, in _send_request
    self.endheaders(body, encode_chunked=encode_chunked)
  File "/usr/local/lib/python3.7/http/client.py", line 1276, in endheaders
    self._send_output(message_body, encode_chunked=encode_chunked)
  File "/usr/local/lib/python3.7/http/client.py", line 1036, in _send_output
    self.send(msg)
  File "/usr/local/lib/python3.7/http/client.py", line 976, in send
    self.connect()
  File "/root/.cache/pypoetry/virtualenvs/cpdbv2-backend-VA82Wl8V-py3.7/lib/python3.7/site-packages/urllib3/connection.py", line 187, in connect
    conn = self._new_conn()
  File "/root/.cache/pypoetry/virtualenvs/cpdbv2-backend-VA82Wl8V-py3.7/lib/python3.7/site-packages/urllib3/connection.py", line 172, in _new_conn
    self, "Failed to establish a new connection: %s" % e
urllib3.exceptions.NewConnectionError: <urllib3.connection.HTTPConnection object at 0x7ff06901bf90>: Failed to establish a new connection: [Errno -2] Name or service not known
elasticsearch: DEBUG: > None
urllib3.util.retry: DEBUG: Converted retries value: False -> Retry(total=False, connect=None, read=None, redirect=0, status=None)
urllib3.connectionpool: DEBUG: Starting new HTTP connection (510): elasticsearch:9200
elasticsearch: WARNING: DELETE http://elasticsearch:9200/test_tracker_c97d3965-996f-4fbb-b4a7-1038423423bd [status:N/A request:0.004s]
Traceback (most recent call last):
  File "/root/.cache/pypoetry/virtualenvs/cpdbv2-backend-VA82Wl8V-py3.7/lib/python3.7/site-packages/urllib3/connection.py", line 160, in _new_conn
    (self._dns_host, self.port), self.timeout, **extra_kw
  File "/root/.cache/pypoetry/virtualenvs/cpdbv2-backend-VA82Wl8V-py3.7/lib/python3.7/site-packages/urllib3/util/connection.py", line 61, in create_connection
    for res in socket.getaddrinfo(host, port, family, socket.SOCK_STREAM):
  File "/usr/local/lib/python3.7/socket.py", line 752, in getaddrinfo
    for res in _socket.getaddrinfo(host, port, family, type, proto, flags):
socket.gaierror: [Errno -2] Name or service not known

During handling of the above exception, another exception occurred:

Traceback (most recent call last):
  File "/root/.cache/pypoetry/virtualenvs/cpdbv2-backend-VA82Wl8V-py3.7/lib/python3.7/site-packages/elasticsearch/connection/http_urllib3.py", line 115, in perform_request
    response = self.pool.urlopen(method, url, body, retries=False, headers=self.headers, **kw)
  File "/root/.cache/pypoetry/virtualenvs/cpdbv2-backend-VA82Wl8V-py3.7/lib/python3.7/site-packages/urllib3/connectionpool.py", line 727, in urlopen
    method, url, error=e, _pool=self, _stacktrace=sys.exc_info()[2]
  File "/root/.cache/pypoetry/virtualenvs/cpdbv2-backend-VA82Wl8V-py3.7/lib/python3.7/site-packages/urllib3/util/retry.py", line 386, in increment
    raise six.reraise(type(error), error, _stacktrace)
  File "/root/.cache/pypoetry/virtualenvs/cpdbv2-backend-VA82Wl8V-py3.7/lib/python3.7/site-packages/urllib3/packages/six.py", line 735, in reraise
    raise value
  File "/root/.cache/pypoetry/virtualenvs/cpdbv2-backend-VA82Wl8V-py3.7/lib/python3.7/site-packages/urllib3/connectionpool.py", line 677, in urlopen
    chunked=chunked,
  File "/root/.cache/pypoetry/virtualenvs/cpdbv2-backend-VA82Wl8V-py3.7/lib/python3.7/site-packages/urllib3/connectionpool.py", line 392, in _make_request
    conn.request(method, url, **httplib_request_kw)
  File "/usr/local/lib/python3.7/http/client.py", line 1281, in request
    self._send_request(method, url, body, headers, encode_chunked)
  File "/usr/local/lib/python3.7/http/client.py", line 1327, in _send_request
    self.endheaders(body, encode_chunked=encode_chunked)
  File "/usr/local/lib/python3.7/http/client.py", line 1276, in endheaders
    self._send_output(message_body, encode_chunked=encode_chunked)
  File "/usr/local/lib/python3.7/http/client.py", line 1036, in _send_output
    self.send(msg)
  File "/usr/local/lib/python3.7/http/client.py", line 976, in send
    self.connect()
  File "/root/.cache/pypoetry/virtualenvs/cpdbv2-backend-VA82Wl8V-py3.7/lib/python3.7/site-packages/urllib3/connection.py", line 187, in connect
    conn = self._new_conn()
  File "/root/.cache/pypoetry/virtualenvs/cpdbv2-backend-VA82Wl8V-py3.7/lib/python3.7/site-packages/urllib3/connection.py", line 172, in _new_conn
    self, "Failed to establish a new connection: %s" % e
urllib3.exceptions.NewConnectionError: <urllib3.connection.HTTPConnection object at 0x7ff06900d150>: Failed to establish a new connection: [Errno -2] Name or service not known
elasticsearch: DEBUG: > None
urllib3.util.retry: DEBUG: Converted retries value: False -> Retry(total=False, connect=None, read=None, redirect=0, status=None)
urllib3.connectionpool: DEBUG: Starting new HTTP connection (511): elasticsearch:9200
elasticsearch: WARNING: DELETE http://elasticsearch:9200/test_tracker_c97d3965-996f-4fbb-b4a7-1038423423bd [status:N/A request:0.004s]
Traceback (most recent call last):
  File "/root/.cache/pypoetry/virtualenvs/cpdbv2-backend-VA82Wl8V-py3.7/lib/python3.7/site-packages/urllib3/connection.py", line 160, in _new_conn
    (self._dns_host, self.port), self.timeout, **extra_kw
  File "/root/.cache/pypoetry/virtualenvs/cpdbv2-backend-VA82Wl8V-py3.7/lib/python3.7/site-packages/urllib3/util/connection.py", line 61, in create_connection
    for res in socket.getaddrinfo(host, port, family, socket.SOCK_STREAM):
  File "/usr/local/lib/python3.7/socket.py", line 752, in getaddrinfo
    for res in _socket.getaddrinfo(host, port, family, type, proto, flags):
socket.gaierror: [Errno -2] Name or service not known

During handling of the above exception, another exception occurred:

Traceback (most recent call last):
  File "/root/.cache/pypoetry/virtualenvs/cpdbv2-backend-VA82Wl8V-py3.7/lib/python3.7/site-packages/elasticsearch/connection/http_urllib3.py", line 115, in perform_request
    response = self.pool.urlopen(method, url, body, retries=False, headers=self.headers, **kw)
  File "/root/.cache/pypoetry/virtualenvs/cpdbv2-backend-VA82Wl8V-py3.7/lib/python3.7/site-packages/urllib3/connectionpool.py", line 727, in urlopen
    method, url, error=e, _pool=self, _stacktrace=sys.exc_info()[2]
  File "/root/.cache/pypoetry/virtualenvs/cpdbv2-backend-VA82Wl8V-py3.7/lib/python3.7/site-packages/urllib3/util/retry.py", line 386, in increment
    raise six.reraise(type(error), error, _stacktrace)
  File "/root/.cache/pypoetry/virtualenvs/cpdbv2-backend-VA82Wl8V-py3.7/lib/python3.7/site-packages/urllib3/packages/six.py", line 735, in reraise
    raise value
  File "/root/.cache/pypoetry/virtualenvs/cpdbv2-backend-VA82Wl8V-py3.7/lib/python3.7/site-packages/urllib3/connectionpool.py", line 677, in urlopen
    chunked=chunked,
  File "/root/.cache/pypoetry/virtualenvs/cpdbv2-backend-VA82Wl8V-py3.7/lib/python3.7/site-packages/urllib3/connectionpool.py", line 392, in _make_request
    conn.request(method, url, **httplib_request_kw)
  File "/usr/local/lib/python3.7/http/client.py", line 1281, in request
    self._send_request(method, url, body, headers, encode_chunked)
  File "/usr/local/lib/python3.7/http/client.py", line 1327, in _send_request
    self.endheaders(body, encode_chunked=encode_chunked)
  File "/usr/local/lib/python3.7/http/client.py", line 1276, in endheaders
    self._send_output(message_body, encode_chunked=encode_chunked)
  File "/usr/local/lib/python3.7/http/client.py", line 1036, in _send_output
    self.send(msg)
  File "/usr/local/lib/python3.7/http/client.py", line 976, in send
    self.connect()
  File "/root/.cache/pypoetry/virtualenvs/cpdbv2-backend-VA82Wl8V-py3.7/lib/python3.7/site-packages/urllib3/connection.py", line 187, in connect
    conn = self._new_conn()
  File "/root/.cache/pypoetry/virtualenvs/cpdbv2-backend-VA82Wl8V-py3.7/lib/python3.7/site-packages/urllib3/connection.py", line 172, in _new_conn
    self, "Failed to establish a new connection: %s" % e
urllib3.exceptions.NewConnectionError: <urllib3.connection.HTTPConnection object at 0x7ff06900d9d0>: Failed to establish a new connection: [Errno -2] Name or service not known
elasticsearch: DEBUG: > None
urllib3.util.retry: DEBUG: Converted retries value: False -> Retry(total=False, connect=None, read=None, redirect=0, status=None)
urllib3.connectionpool: DEBUG: Starting new HTTP connection (512): elasticsearch:9200
elasticsearch: WARNING: DELETE http://elasticsearch:9200/test_tracker_c97d3965-996f-4fbb-b4a7-1038423423bd [status:N/A request:0.003s]
Traceback (most recent call last):
  File "/root/.cache/pypoetry/virtualenvs/cpdbv2-backend-VA82Wl8V-py3.7/lib/python3.7/site-packages/urllib3/connection.py", line 160, in _new_conn
    (self._dns_host, self.port), self.timeout, **extra_kw
  File "/root/.cache/pypoetry/virtualenvs/cpdbv2-backend-VA82Wl8V-py3.7/lib/python3.7/site-packages/urllib3/util/connection.py", line 61, in create_connection
    for res in socket.getaddrinfo(host, port, family, socket.SOCK_STREAM):
  File "/usr/local/lib/python3.7/socket.py", line 752, in getaddrinfo
    for res in _socket.getaddrinfo(host, port, family, type, proto, flags):
socket.gaierror: [Errno -2] Name or service not known

During handling of the above exception, another exception occurred:

Traceback (most recent call last):
  File "/root/.cache/pypoetry/virtualenvs/cpdbv2-backend-VA82Wl8V-py3.7/lib/python3.7/site-packages/elasticsearch/connection/http_urllib3.py", line 115, in perform_request
    response = self.pool.urlopen(method, url, body, retries=False, headers=self.headers, **kw)
  File "/root/.cache/pypoetry/virtualenvs/cpdbv2-backend-VA82Wl8V-py3.7/lib/python3.7/site-packages/urllib3/connectionpool.py", line 727, in urlopen
    method, url, error=e, _pool=self, _stacktrace=sys.exc_info()[2]
  File "/root/.cache/pypoetry/virtualenvs/cpdbv2-backend-VA82Wl8V-py3.7/lib/python3.7/site-packages/urllib3/util/retry.py", line 386, in increment
    raise six.reraise(type(error), error, _stacktrace)
  File "/root/.cache/pypoetry/virtualenvs/cpdbv2-backend-VA82Wl8V-py3.7/lib/python3.7/site-packages/urllib3/packages/six.py", line 735, in reraise
    raise value
  File "/root/.cache/pypoetry/virtualenvs/cpdbv2-backend-VA82Wl8V-py3.7/lib/python3.7/site-packages/urllib3/connectionpool.py", line 677, in urlopen
    chunked=chunked,
  File "/root/.cache/pypoetry/virtualenvs/cpdbv2-backend-VA82Wl8V-py3.7/lib/python3.7/site-packages/urllib3/connectionpool.py", line 392, in _make_request
    conn.request(method, url, **httplib_request_kw)
  File "/usr/local/lib/python3.7/http/client.py", line 1281, in request
    self._send_request(method, url, body, headers, encode_chunked)
  File "/usr/local/lib/python3.7/http/client.py", line 1327, in _send_request
    self.endheaders(body, encode_chunked=encode_chunked)
  File "/usr/local/lib/python3.7/http/client.py", line 1276, in endheaders
    self._send_output(message_body, encode_chunked=encode_chunked)
  File "/usr/local/lib/python3.7/http/client.py", line 1036, in _send_output
    self.send(msg)
  File "/usr/local/lib/python3.7/http/client.py", line 976, in send
    self.connect()
  File "/root/.cache/pypoetry/virtualenvs/cpdbv2-backend-VA82Wl8V-py3.7/lib/python3.7/site-packages/urllib3/connection.py", line 187, in connect
    conn = self._new_conn()
  File "/root/.cache/pypoetry/virtualenvs/cpdbv2-backend-VA82Wl8V-py3.7/lib/python3.7/site-packages/urllib3/connection.py", line 172, in _new_conn
    self, "Failed to establish a new connection: %s" % e
urllib3.exceptions.NewConnectionError: <urllib3.connection.HTTPConnection object at 0x7ff068ffa690>: Failed to establish a new connection: [Errno -2] Name or service not known
elasticsearch: DEBUG: > None
--------------------- >> end captured logging << ---------------------

======================================================================
ERROR: test_attachments_full_text_search_as_admin (tracker.tests.test_views.AttachmentAPITestCase)
----------------------------------------------------------------------
Traceback (most recent call last):
  File "/usr/src/app/cpdb/tracker/tests/mixins.py", line 7, in setUp
    tracker_index_alias.write_index.delete(ignore=404)
  File "/root/.cache/pypoetry/virtualenvs/cpdbv2-backend-VA82Wl8V-py3.7/lib/python3.7/site-packages/elasticsearch_dsl/index.py", line 222, in delete
    self.connection.indices.delete(index=self._name, **kwargs)
  File "/root/.cache/pypoetry/virtualenvs/cpdbv2-backend-VA82Wl8V-py3.7/lib/python3.7/site-packages/elasticsearch/client/utils.py", line 73, in _wrapped
    return func(*args, params=params, **kwargs)
  File "/root/.cache/pypoetry/virtualenvs/cpdbv2-backend-VA82Wl8V-py3.7/lib/python3.7/site-packages/elasticsearch/client/indices.py", line 200, in delete
    params=params)
  File "/root/.cache/pypoetry/virtualenvs/cpdbv2-backend-VA82Wl8V-py3.7/lib/python3.7/site-packages/elasticsearch/transport.py", line 312, in perform_request
    status, headers, data = connection.perform_request(method, url, params, body, ignore=ignore, timeout=timeout)
  File "/root/.cache/pypoetry/virtualenvs/cpdbv2-backend-VA82Wl8V-py3.7/lib/python3.7/site-packages/elasticsearch/connection/http_urllib3.py", line 124, in perform_request
    raise ConnectionError('N/A', str(e), e)
elasticsearch.exceptions.ConnectionError: ConnectionError(<urllib3.connection.HTTPConnection object at 0x7ff068941810>: Failed to establish a new connection: [Errno -2] Name or service not known) caused by: NewConnectionError(<urllib3.connection.HTTPConnection object at 0x7ff068941810>: Failed to establish a new connection: [Errno -2] Name or service not known)
-------------------- >> begin captured logging << --------------------
urllib3.util.retry: DEBUG: Converted retries value: False -> Retry(total=False, connect=None, read=None, redirect=0, status=None)
urllib3.connectionpool: DEBUG: Starting new HTTP connection (513): elasticsearch:9200
elasticsearch: WARNING: DELETE http://elasticsearch:9200/test_tracker_c97d3965-996f-4fbb-b4a7-1038423423bd [status:N/A request:0.004s]
Traceback (most recent call last):
  File "/root/.cache/pypoetry/virtualenvs/cpdbv2-backend-VA82Wl8V-py3.7/lib/python3.7/site-packages/urllib3/connection.py", line 160, in _new_conn
    (self._dns_host, self.port), self.timeout, **extra_kw
  File "/root/.cache/pypoetry/virtualenvs/cpdbv2-backend-VA82Wl8V-py3.7/lib/python3.7/site-packages/urllib3/util/connection.py", line 61, in create_connection
    for res in socket.getaddrinfo(host, port, family, socket.SOCK_STREAM):
  File "/usr/local/lib/python3.7/socket.py", line 752, in getaddrinfo
    for res in _socket.getaddrinfo(host, port, family, type, proto, flags):
socket.gaierror: [Errno -2] Name or service not known

During handling of the above exception, another exception occurred:

Traceback (most recent call last):
  File "/root/.cache/pypoetry/virtualenvs/cpdbv2-backend-VA82Wl8V-py3.7/lib/python3.7/site-packages/elasticsearch/connection/http_urllib3.py", line 115, in perform_request
    response = self.pool.urlopen(method, url, body, retries=False, headers=self.headers, **kw)
  File "/root/.cache/pypoetry/virtualenvs/cpdbv2-backend-VA82Wl8V-py3.7/lib/python3.7/site-packages/urllib3/connectionpool.py", line 727, in urlopen
    method, url, error=e, _pool=self, _stacktrace=sys.exc_info()[2]
  File "/root/.cache/pypoetry/virtualenvs/cpdbv2-backend-VA82Wl8V-py3.7/lib/python3.7/site-packages/urllib3/util/retry.py", line 386, in increment
    raise six.reraise(type(error), error, _stacktrace)
  File "/root/.cache/pypoetry/virtualenvs/cpdbv2-backend-VA82Wl8V-py3.7/lib/python3.7/site-packages/urllib3/packages/six.py", line 735, in reraise
    raise value
  File "/root/.cache/pypoetry/virtualenvs/cpdbv2-backend-VA82Wl8V-py3.7/lib/python3.7/site-packages/urllib3/connectionpool.py", line 677, in urlopen
    chunked=chunked,
  File "/root/.cache/pypoetry/virtualenvs/cpdbv2-backend-VA82Wl8V-py3.7/lib/python3.7/site-packages/urllib3/connectionpool.py", line 392, in _make_request
    conn.request(method, url, **httplib_request_kw)
  File "/usr/local/lib/python3.7/http/client.py", line 1281, in request
    self._send_request(method, url, body, headers, encode_chunked)
  File "/usr/local/lib/python3.7/http/client.py", line 1327, in _send_request
    self.endheaders(body, encode_chunked=encode_chunked)
  File "/usr/local/lib/python3.7/http/client.py", line 1276, in endheaders
    self._send_output(message_body, encode_chunked=encode_chunked)
  File "/usr/local/lib/python3.7/http/client.py", line 1036, in _send_output
    self.send(msg)
  File "/usr/local/lib/python3.7/http/client.py", line 976, in send
    self.connect()
  File "/root/.cache/pypoetry/virtualenvs/cpdbv2-backend-VA82Wl8V-py3.7/lib/python3.7/site-packages/urllib3/connection.py", line 187, in connect
    conn = self._new_conn()
  File "/root/.cache/pypoetry/virtualenvs/cpdbv2-backend-VA82Wl8V-py3.7/lib/python3.7/site-packages/urllib3/connection.py", line 172, in _new_conn
    self, "Failed to establish a new connection: %s" % e
urllib3.exceptions.NewConnectionError: <urllib3.connection.HTTPConnection object at 0x7ff068ffa990>: Failed to establish a new connection: [Errno -2] Name or service not known
elasticsearch: DEBUG: > None
urllib3.util.retry: DEBUG: Converted retries value: False -> Retry(total=False, connect=None, read=None, redirect=0, status=None)
urllib3.connectionpool: DEBUG: Starting new HTTP connection (514): elasticsearch:9200
elasticsearch: WARNING: DELETE http://elasticsearch:9200/test_tracker_c97d3965-996f-4fbb-b4a7-1038423423bd [status:N/A request:0.004s]
Traceback (most recent call last):
  File "/root/.cache/pypoetry/virtualenvs/cpdbv2-backend-VA82Wl8V-py3.7/lib/python3.7/site-packages/urllib3/connection.py", line 160, in _new_conn
    (self._dns_host, self.port), self.timeout, **extra_kw
  File "/root/.cache/pypoetry/virtualenvs/cpdbv2-backend-VA82Wl8V-py3.7/lib/python3.7/site-packages/urllib3/util/connection.py", line 61, in create_connection
    for res in socket.getaddrinfo(host, port, family, socket.SOCK_STREAM):
  File "/usr/local/lib/python3.7/socket.py", line 752, in getaddrinfo
    for res in _socket.getaddrinfo(host, port, family, type, proto, flags):
socket.gaierror: [Errno -2] Name or service not known

During handling of the above exception, another exception occurred:

Traceback (most recent call last):
  File "/root/.cache/pypoetry/virtualenvs/cpdbv2-backend-VA82Wl8V-py3.7/lib/python3.7/site-packages/elasticsearch/connection/http_urllib3.py", line 115, in perform_request
    response = self.pool.urlopen(method, url, body, retries=False, headers=self.headers, **kw)
  File "/root/.cache/pypoetry/virtualenvs/cpdbv2-backend-VA82Wl8V-py3.7/lib/python3.7/site-packages/urllib3/connectionpool.py", line 727, in urlopen
    method, url, error=e, _pool=self, _stacktrace=sys.exc_info()[2]
  File "/root/.cache/pypoetry/virtualenvs/cpdbv2-backend-VA82Wl8V-py3.7/lib/python3.7/site-packages/urllib3/util/retry.py", line 386, in increment
    raise six.reraise(type(error), error, _stacktrace)
  File "/root/.cache/pypoetry/virtualenvs/cpdbv2-backend-VA82Wl8V-py3.7/lib/python3.7/site-packages/urllib3/packages/six.py", line 735, in reraise
    raise value
  File "/root/.cache/pypoetry/virtualenvs/cpdbv2-backend-VA82Wl8V-py3.7/lib/python3.7/site-packages/urllib3/connectionpool.py", line 677, in urlopen
    chunked=chunked,
  File "/root/.cache/pypoetry/virtualenvs/cpdbv2-backend-VA82Wl8V-py3.7/lib/python3.7/site-packages/urllib3/connectionpool.py", line 392, in _make_request
    conn.request(method, url, **httplib_request_kw)
  File "/usr/local/lib/python3.7/http/client.py", line 1281, in request
    self._send_request(method, url, body, headers, encode_chunked)
  File "/usr/local/lib/python3.7/http/client.py", line 1327, in _send_request
    self.endheaders(body, encode_chunked=encode_chunked)
  File "/usr/local/lib/python3.7/http/client.py", line 1276, in endheaders
    self._send_output(message_body, encode_chunked=encode_chunked)
  File "/usr/local/lib/python3.7/http/client.py", line 1036, in _send_output
    self.send(msg)
  File "/usr/local/lib/python3.7/http/client.py", line 976, in send
    self.connect()
  File "/root/.cache/pypoetry/virtualenvs/cpdbv2-backend-VA82Wl8V-py3.7/lib/python3.7/site-packages/urllib3/connection.py", line 187, in connect
    conn = self._new_conn()
  File "/root/.cache/pypoetry/virtualenvs/cpdbv2-backend-VA82Wl8V-py3.7/lib/python3.7/site-packages/urllib3/connection.py", line 172, in _new_conn
    self, "Failed to establish a new connection: %s" % e
urllib3.exceptions.NewConnectionError: <urllib3.connection.HTTPConnection object at 0x7ff069045c50>: Failed to establish a new connection: [Errno -2] Name or service not known
elasticsearch: DEBUG: > None
urllib3.util.retry: DEBUG: Converted retries value: False -> Retry(total=False, connect=None, read=None, redirect=0, status=None)
urllib3.connectionpool: DEBUG: Starting new HTTP connection (515): elasticsearch:9200
elasticsearch: WARNING: DELETE http://elasticsearch:9200/test_tracker_c97d3965-996f-4fbb-b4a7-1038423423bd [status:N/A request:0.004s]
Traceback (most recent call last):
  File "/root/.cache/pypoetry/virtualenvs/cpdbv2-backend-VA82Wl8V-py3.7/lib/python3.7/site-packages/urllib3/connection.py", line 160, in _new_conn
    (self._dns_host, self.port), self.timeout, **extra_kw
  File "/root/.cache/pypoetry/virtualenvs/cpdbv2-backend-VA82Wl8V-py3.7/lib/python3.7/site-packages/urllib3/util/connection.py", line 61, in create_connection
    for res in socket.getaddrinfo(host, port, family, socket.SOCK_STREAM):
  File "/usr/local/lib/python3.7/socket.py", line 752, in getaddrinfo
    for res in _socket.getaddrinfo(host, port, family, type, proto, flags):
socket.gaierror: [Errno -2] Name or service not known

During handling of the above exception, another exception occurred:

Traceback (most recent call last):
  File "/root/.cache/pypoetry/virtualenvs/cpdbv2-backend-VA82Wl8V-py3.7/lib/python3.7/site-packages/elasticsearch/connection/http_urllib3.py", line 115, in perform_request
    response = self.pool.urlopen(method, url, body, retries=False, headers=self.headers, **kw)
  File "/root/.cache/pypoetry/virtualenvs/cpdbv2-backend-VA82Wl8V-py3.7/lib/python3.7/site-packages/urllib3/connectionpool.py", line 727, in urlopen
    method, url, error=e, _pool=self, _stacktrace=sys.exc_info()[2]
  File "/root/.cache/pypoetry/virtualenvs/cpdbv2-backend-VA82Wl8V-py3.7/lib/python3.7/site-packages/urllib3/util/retry.py", line 386, in increment
    raise six.reraise(type(error), error, _stacktrace)
  File "/root/.cache/pypoetry/virtualenvs/cpdbv2-backend-VA82Wl8V-py3.7/lib/python3.7/site-packages/urllib3/packages/six.py", line 735, in reraise
    raise value
  File "/root/.cache/pypoetry/virtualenvs/cpdbv2-backend-VA82Wl8V-py3.7/lib/python3.7/site-packages/urllib3/connectionpool.py", line 677, in urlopen
    chunked=chunked,
  File "/root/.cache/pypoetry/virtualenvs/cpdbv2-backend-VA82Wl8V-py3.7/lib/python3.7/site-packages/urllib3/connectionpool.py", line 392, in _make_request
    conn.request(method, url, **httplib_request_kw)
  File "/usr/local/lib/python3.7/http/client.py", line 1281, in request
    self._send_request(method, url, body, headers, encode_chunked)
  File "/usr/local/lib/python3.7/http/client.py", line 1327, in _send_request
    self.endheaders(body, encode_chunked=encode_chunked)
  File "/usr/local/lib/python3.7/http/client.py", line 1276, in endheaders
    self._send_output(message_body, encode_chunked=encode_chunked)
  File "/usr/local/lib/python3.7/http/client.py", line 1036, in _send_output
    self.send(msg)
  File "/usr/local/lib/python3.7/http/client.py", line 976, in send
    self.connect()
  File "/root/.cache/pypoetry/virtualenvs/cpdbv2-backend-VA82Wl8V-py3.7/lib/python3.7/site-packages/urllib3/connection.py", line 187, in connect
    conn = self._new_conn()
  File "/root/.cache/pypoetry/virtualenvs/cpdbv2-backend-VA82Wl8V-py3.7/lib/python3.7/site-packages/urllib3/connection.py", line 172, in _new_conn
    self, "Failed to establish a new connection: %s" % e
urllib3.exceptions.NewConnectionError: <urllib3.connection.HTTPConnection object at 0x7ff069045050>: Failed to establish a new connection: [Errno -2] Name or service not known
elasticsearch: DEBUG: > None
urllib3.util.retry: DEBUG: Converted retries value: False -> Retry(total=False, connect=None, read=None, redirect=0, status=None)
urllib3.connectionpool: DEBUG: Starting new HTTP connection (516): elasticsearch:9200
elasticsearch: WARNING: DELETE http://elasticsearch:9200/test_tracker_c97d3965-996f-4fbb-b4a7-1038423423bd [status:N/A request:0.005s]
Traceback (most recent call last):
  File "/root/.cache/pypoetry/virtualenvs/cpdbv2-backend-VA82Wl8V-py3.7/lib/python3.7/site-packages/urllib3/connection.py", line 160, in _new_conn
    (self._dns_host, self.port), self.timeout, **extra_kw
  File "/root/.cache/pypoetry/virtualenvs/cpdbv2-backend-VA82Wl8V-py3.7/lib/python3.7/site-packages/urllib3/util/connection.py", line 61, in create_connection
    for res in socket.getaddrinfo(host, port, family, socket.SOCK_STREAM):
  File "/usr/local/lib/python3.7/socket.py", line 752, in getaddrinfo
    for res in _socket.getaddrinfo(host, port, family, type, proto, flags):
socket.gaierror: [Errno -2] Name or service not known

During handling of the above exception, another exception occurred:

Traceback (most recent call last):
  File "/root/.cache/pypoetry/virtualenvs/cpdbv2-backend-VA82Wl8V-py3.7/lib/python3.7/site-packages/elasticsearch/connection/http_urllib3.py", line 115, in perform_request
    response = self.pool.urlopen(method, url, body, retries=False, headers=self.headers, **kw)
  File "/root/.cache/pypoetry/virtualenvs/cpdbv2-backend-VA82Wl8V-py3.7/lib/python3.7/site-packages/urllib3/connectionpool.py", line 727, in urlopen
    method, url, error=e, _pool=self, _stacktrace=sys.exc_info()[2]
  File "/root/.cache/pypoetry/virtualenvs/cpdbv2-backend-VA82Wl8V-py3.7/lib/python3.7/site-packages/urllib3/util/retry.py", line 386, in increment
    raise six.reraise(type(error), error, _stacktrace)
  File "/root/.cache/pypoetry/virtualenvs/cpdbv2-backend-VA82Wl8V-py3.7/lib/python3.7/site-packages/urllib3/packages/six.py", line 735, in reraise
    raise value
  File "/root/.cache/pypoetry/virtualenvs/cpdbv2-backend-VA82Wl8V-py3.7/lib/python3.7/site-packages/urllib3/connectionpool.py", line 677, in urlopen
    chunked=chunked,
  File "/root/.cache/pypoetry/virtualenvs/cpdbv2-backend-VA82Wl8V-py3.7/lib/python3.7/site-packages/urllib3/connectionpool.py", line 392, in _make_request
    conn.request(method, url, **httplib_request_kw)
  File "/usr/local/lib/python3.7/http/client.py", line 1281, in request
    self._send_request(method, url, body, headers, encode_chunked)
  File "/usr/local/lib/python3.7/http/client.py", line 1327, in _send_request
    self.endheaders(body, encode_chunked=encode_chunked)
  File "/usr/local/lib/python3.7/http/client.py", line 1276, in endheaders
    self._send_output(message_body, encode_chunked=encode_chunked)
  File "/usr/local/lib/python3.7/http/client.py", line 1036, in _send_output
    self.send(msg)
  File "/usr/local/lib/python3.7/http/client.py", line 976, in send
    self.connect()
  File "/root/.cache/pypoetry/virtualenvs/cpdbv2-backend-VA82Wl8V-py3.7/lib/python3.7/site-packages/urllib3/connection.py", line 187, in connect
    conn = self._new_conn()
  File "/root/.cache/pypoetry/virtualenvs/cpdbv2-backend-VA82Wl8V-py3.7/lib/python3.7/site-packages/urllib3/connection.py", line 172, in _new_conn
    self, "Failed to establish a new connection: %s" % e
urllib3.exceptions.NewConnectionError: <urllib3.connection.HTTPConnection object at 0x7ff068941810>: Failed to establish a new connection: [Errno -2] Name or service not known
elasticsearch: DEBUG: > None
--------------------- >> end captured logging << ---------------------

======================================================================
ERROR: test_attachments_full_text_search_match_multiple_fields (tracker.tests.test_views.AttachmentAPITestCase)
----------------------------------------------------------------------
Traceback (most recent call last):
  File "/usr/src/app/cpdb/tracker/tests/mixins.py", line 7, in setUp
    tracker_index_alias.write_index.delete(ignore=404)
  File "/root/.cache/pypoetry/virtualenvs/cpdbv2-backend-VA82Wl8V-py3.7/lib/python3.7/site-packages/elasticsearch_dsl/index.py", line 222, in delete
    self.connection.indices.delete(index=self._name, **kwargs)
  File "/root/.cache/pypoetry/virtualenvs/cpdbv2-backend-VA82Wl8V-py3.7/lib/python3.7/site-packages/elasticsearch/client/utils.py", line 73, in _wrapped
    return func(*args, params=params, **kwargs)
  File "/root/.cache/pypoetry/virtualenvs/cpdbv2-backend-VA82Wl8V-py3.7/lib/python3.7/site-packages/elasticsearch/client/indices.py", line 200, in delete
    params=params)
  File "/root/.cache/pypoetry/virtualenvs/cpdbv2-backend-VA82Wl8V-py3.7/lib/python3.7/site-packages/elasticsearch/transport.py", line 312, in perform_request
    status, headers, data = connection.perform_request(method, url, params, body, ignore=ignore, timeout=timeout)
  File "/root/.cache/pypoetry/virtualenvs/cpdbv2-backend-VA82Wl8V-py3.7/lib/python3.7/site-packages/elasticsearch/connection/http_urllib3.py", line 124, in perform_request
    raise ConnectionError('N/A', str(e), e)
elasticsearch.exceptions.ConnectionError: ConnectionError(<urllib3.connection.HTTPConnection object at 0x7ff068c22910>: Failed to establish a new connection: [Errno -2] Name or service not known) caused by: NewConnectionError(<urllib3.connection.HTTPConnection object at 0x7ff068c22910>: Failed to establish a new connection: [Errno -2] Name or service not known)
-------------------- >> begin captured logging << --------------------
urllib3.util.retry: DEBUG: Converted retries value: False -> Retry(total=False, connect=None, read=None, redirect=0, status=None)
urllib3.connectionpool: DEBUG: Starting new HTTP connection (517): elasticsearch:9200
elasticsearch: WARNING: DELETE http://elasticsearch:9200/test_tracker_c97d3965-996f-4fbb-b4a7-1038423423bd [status:N/A request:0.005s]
Traceback (most recent call last):
  File "/root/.cache/pypoetry/virtualenvs/cpdbv2-backend-VA82Wl8V-py3.7/lib/python3.7/site-packages/urllib3/connection.py", line 160, in _new_conn
    (self._dns_host, self.port), self.timeout, **extra_kw
  File "/root/.cache/pypoetry/virtualenvs/cpdbv2-backend-VA82Wl8V-py3.7/lib/python3.7/site-packages/urllib3/util/connection.py", line 61, in create_connection
    for res in socket.getaddrinfo(host, port, family, socket.SOCK_STREAM):
  File "/usr/local/lib/python3.7/socket.py", line 752, in getaddrinfo
    for res in _socket.getaddrinfo(host, port, family, type, proto, flags):
socket.gaierror: [Errno -2] Name or service not known

During handling of the above exception, another exception occurred:

Traceback (most recent call last):
  File "/root/.cache/pypoetry/virtualenvs/cpdbv2-backend-VA82Wl8V-py3.7/lib/python3.7/site-packages/elasticsearch/connection/http_urllib3.py", line 115, in perform_request
    response = self.pool.urlopen(method, url, body, retries=False, headers=self.headers, **kw)
  File "/root/.cache/pypoetry/virtualenvs/cpdbv2-backend-VA82Wl8V-py3.7/lib/python3.7/site-packages/urllib3/connectionpool.py", line 727, in urlopen
    method, url, error=e, _pool=self, _stacktrace=sys.exc_info()[2]
  File "/root/.cache/pypoetry/virtualenvs/cpdbv2-backend-VA82Wl8V-py3.7/lib/python3.7/site-packages/urllib3/util/retry.py", line 386, in increment
    raise six.reraise(type(error), error, _stacktrace)
  File "/root/.cache/pypoetry/virtualenvs/cpdbv2-backend-VA82Wl8V-py3.7/lib/python3.7/site-packages/urllib3/packages/six.py", line 735, in reraise
    raise value
  File "/root/.cache/pypoetry/virtualenvs/cpdbv2-backend-VA82Wl8V-py3.7/lib/python3.7/site-packages/urllib3/connectionpool.py", line 677, in urlopen
    chunked=chunked,
  File "/root/.cache/pypoetry/virtualenvs/cpdbv2-backend-VA82Wl8V-py3.7/lib/python3.7/site-packages/urllib3/connectionpool.py", line 392, in _make_request
    conn.request(method, url, **httplib_request_kw)
  File "/usr/local/lib/python3.7/http/client.py", line 1281, in request
    self._send_request(method, url, body, headers, encode_chunked)
  File "/usr/local/lib/python3.7/http/client.py", line 1327, in _send_request
    self.endheaders(body, encode_chunked=encode_chunked)
  File "/usr/local/lib/python3.7/http/client.py", line 1276, in endheaders
    self._send_output(message_body, encode_chunked=encode_chunked)
  File "/usr/local/lib/python3.7/http/client.py", line 1036, in _send_output
    self.send(msg)
  File "/usr/local/lib/python3.7/http/client.py", line 976, in send
    self.connect()
  File "/root/.cache/pypoetry/virtualenvs/cpdbv2-backend-VA82Wl8V-py3.7/lib/python3.7/site-packages/urllib3/connection.py", line 187, in connect
    conn = self._new_conn()
  File "/root/.cache/pypoetry/virtualenvs/cpdbv2-backend-VA82Wl8V-py3.7/lib/python3.7/site-packages/urllib3/connection.py", line 172, in _new_conn
    self, "Failed to establish a new connection: %s" % e
urllib3.exceptions.NewConnectionError: <urllib3.connection.HTTPConnection object at 0x7ff06900f810>: Failed to establish a new connection: [Errno -2] Name or service not known
elasticsearch: DEBUG: > None
urllib3.util.retry: DEBUG: Converted retries value: False -> Retry(total=False, connect=None, read=None, redirect=0, status=None)
urllib3.connectionpool: DEBUG: Starting new HTTP connection (518): elasticsearch:9200
elasticsearch: WARNING: DELETE http://elasticsearch:9200/test_tracker_c97d3965-996f-4fbb-b4a7-1038423423bd [status:N/A request:0.004s]
Traceback (most recent call last):
  File "/root/.cache/pypoetry/virtualenvs/cpdbv2-backend-VA82Wl8V-py3.7/lib/python3.7/site-packages/urllib3/connection.py", line 160, in _new_conn
    (self._dns_host, self.port), self.timeout, **extra_kw
  File "/root/.cache/pypoetry/virtualenvs/cpdbv2-backend-VA82Wl8V-py3.7/lib/python3.7/site-packages/urllib3/util/connection.py", line 61, in create_connection
    for res in socket.getaddrinfo(host, port, family, socket.SOCK_STREAM):
  File "/usr/local/lib/python3.7/socket.py", line 752, in getaddrinfo
    for res in _socket.getaddrinfo(host, port, family, type, proto, flags):
socket.gaierror: [Errno -2] Name or service not known

During handling of the above exception, another exception occurred:

Traceback (most recent call last):
  File "/root/.cache/pypoetry/virtualenvs/cpdbv2-backend-VA82Wl8V-py3.7/lib/python3.7/site-packages/elasticsearch/connection/http_urllib3.py", line 115, in perform_request
    response = self.pool.urlopen(method, url, body, retries=False, headers=self.headers, **kw)
  File "/root/.cache/pypoetry/virtualenvs/cpdbv2-backend-VA82Wl8V-py3.7/lib/python3.7/site-packages/urllib3/connectionpool.py", line 727, in urlopen
    method, url, error=e, _pool=self, _stacktrace=sys.exc_info()[2]
  File "/root/.cache/pypoetry/virtualenvs/cpdbv2-backend-VA82Wl8V-py3.7/lib/python3.7/site-packages/urllib3/util/retry.py", line 386, in increment
    raise six.reraise(type(error), error, _stacktrace)
  File "/root/.cache/pypoetry/virtualenvs/cpdbv2-backend-VA82Wl8V-py3.7/lib/python3.7/site-packages/urllib3/packages/six.py", line 735, in reraise
    raise value
  File "/root/.cache/pypoetry/virtualenvs/cpdbv2-backend-VA82Wl8V-py3.7/lib/python3.7/site-packages/urllib3/connectionpool.py", line 677, in urlopen
    chunked=chunked,
  File "/root/.cache/pypoetry/virtualenvs/cpdbv2-backend-VA82Wl8V-py3.7/lib/python3.7/site-packages/urllib3/connectionpool.py", line 392, in _make_request
    conn.request(method, url, **httplib_request_kw)
  File "/usr/local/lib/python3.7/http/client.py", line 1281, in request
    self._send_request(method, url, body, headers, encode_chunked)
  File "/usr/local/lib/python3.7/http/client.py", line 1327, in _send_request
    self.endheaders(body, encode_chunked=encode_chunked)
  File "/usr/local/lib/python3.7/http/client.py", line 1276, in endheaders
    self._send_output(message_body, encode_chunked=encode_chunked)
  File "/usr/local/lib/python3.7/http/client.py", line 1036, in _send_output
    self.send(msg)
  File "/usr/local/lib/python3.7/http/client.py", line 976, in send
    self.connect()
  File "/root/.cache/pypoetry/virtualenvs/cpdbv2-backend-VA82Wl8V-py3.7/lib/python3.7/site-packages/urllib3/connection.py", line 187, in connect
    conn = self._new_conn()
  File "/root/.cache/pypoetry/virtualenvs/cpdbv2-backend-VA82Wl8V-py3.7/lib/python3.7/site-packages/urllib3/connection.py", line 172, in _new_conn
    self, "Failed to establish a new connection: %s" % e
urllib3.exceptions.NewConnectionError: <urllib3.connection.HTTPConnection object at 0x7ff068fe6ed0>: Failed to establish a new connection: [Errno -2] Name or service not known
elasticsearch: DEBUG: > None
urllib3.util.retry: DEBUG: Converted retries value: False -> Retry(total=False, connect=None, read=None, redirect=0, status=None)
urllib3.connectionpool: DEBUG: Starting new HTTP connection (519): elasticsearch:9200
elasticsearch: WARNING: DELETE http://elasticsearch:9200/test_tracker_c97d3965-996f-4fbb-b4a7-1038423423bd [status:N/A request:0.004s]
Traceback (most recent call last):
  File "/root/.cache/pypoetry/virtualenvs/cpdbv2-backend-VA82Wl8V-py3.7/lib/python3.7/site-packages/urllib3/connection.py", line 160, in _new_conn
    (self._dns_host, self.port), self.timeout, **extra_kw
  File "/root/.cache/pypoetry/virtualenvs/cpdbv2-backend-VA82Wl8V-py3.7/lib/python3.7/site-packages/urllib3/util/connection.py", line 61, in create_connection
    for res in socket.getaddrinfo(host, port, family, socket.SOCK_STREAM):
  File "/usr/local/lib/python3.7/socket.py", line 752, in getaddrinfo
    for res in _socket.getaddrinfo(host, port, family, type, proto, flags):
socket.gaierror: [Errno -2] Name or service not known

During handling of the above exception, another exception occurred:

Traceback (most recent call last):
  File "/root/.cache/pypoetry/virtualenvs/cpdbv2-backend-VA82Wl8V-py3.7/lib/python3.7/site-packages/elasticsearch/connection/http_urllib3.py", line 115, in perform_request
    response = self.pool.urlopen(method, url, body, retries=False, headers=self.headers, **kw)
  File "/root/.cache/pypoetry/virtualenvs/cpdbv2-backend-VA82Wl8V-py3.7/lib/python3.7/site-packages/urllib3/connectionpool.py", line 727, in urlopen
    method, url, error=e, _pool=self, _stacktrace=sys.exc_info()[2]
  File "/root/.cache/pypoetry/virtualenvs/cpdbv2-backend-VA82Wl8V-py3.7/lib/python3.7/site-packages/urllib3/util/retry.py", line 386, in increment
    raise six.reraise(type(error), error, _stacktrace)
  File "/root/.cache/pypoetry/virtualenvs/cpdbv2-backend-VA82Wl8V-py3.7/lib/python3.7/site-packages/urllib3/packages/six.py", line 735, in reraise
    raise value
  File "/root/.cache/pypoetry/virtualenvs/cpdbv2-backend-VA82Wl8V-py3.7/lib/python3.7/site-packages/urllib3/connectionpool.py", line 677, in urlopen
    chunked=chunked,
  File "/root/.cache/pypoetry/virtualenvs/cpdbv2-backend-VA82Wl8V-py3.7/lib/python3.7/site-packages/urllib3/connectionpool.py", line 392, in _make_request
    conn.request(method, url, **httplib_request_kw)
  File "/usr/local/lib/python3.7/http/client.py", line 1281, in request
    self._send_request(method, url, body, headers, encode_chunked)
  File "/usr/local/lib/python3.7/http/client.py", line 1327, in _send_request
    self.endheaders(body, encode_chunked=encode_chunked)
  File "/usr/local/lib/python3.7/http/client.py", line 1276, in endheaders
    self._send_output(message_body, encode_chunked=encode_chunked)
  File "/usr/local/lib/python3.7/http/client.py", line 1036, in _send_output
    self.send(msg)
  File "/usr/local/lib/python3.7/http/client.py", line 976, in send
    self.connect()
  File "/root/.cache/pypoetry/virtualenvs/cpdbv2-backend-VA82Wl8V-py3.7/lib/python3.7/site-packages/urllib3/connection.py", line 187, in connect
    conn = self._new_conn()
  File "/root/.cache/pypoetry/virtualenvs/cpdbv2-backend-VA82Wl8V-py3.7/lib/python3.7/site-packages/urllib3/connection.py", line 172, in _new_conn
    self, "Failed to establish a new connection: %s" % e
urllib3.exceptions.NewConnectionError: <urllib3.connection.HTTPConnection object at 0x7ff06901c5d0>: Failed to establish a new connection: [Errno -2] Name or service not known
elasticsearch: DEBUG: > None
urllib3.util.retry: DEBUG: Converted retries value: False -> Retry(total=False, connect=None, read=None, redirect=0, status=None)
urllib3.connectionpool: DEBUG: Starting new HTTP connection (520): elasticsearch:9200
elasticsearch: WARNING: DELETE http://elasticsearch:9200/test_tracker_c97d3965-996f-4fbb-b4a7-1038423423bd [status:N/A request:0.004s]
Traceback (most recent call last):
  File "/root/.cache/pypoetry/virtualenvs/cpdbv2-backend-VA82Wl8V-py3.7/lib/python3.7/site-packages/urllib3/connection.py", line 160, in _new_conn
    (self._dns_host, self.port), self.timeout, **extra_kw
  File "/root/.cache/pypoetry/virtualenvs/cpdbv2-backend-VA82Wl8V-py3.7/lib/python3.7/site-packages/urllib3/util/connection.py", line 61, in create_connection
    for res in socket.getaddrinfo(host, port, family, socket.SOCK_STREAM):
  File "/usr/local/lib/python3.7/socket.py", line 752, in getaddrinfo
    for res in _socket.getaddrinfo(host, port, family, type, proto, flags):
socket.gaierror: [Errno -2] Name or service not known

During handling of the above exception, another exception occurred:

Traceback (most recent call last):
  File "/root/.cache/pypoetry/virtualenvs/cpdbv2-backend-VA82Wl8V-py3.7/lib/python3.7/site-packages/elasticsearch/connection/http_urllib3.py", line 115, in perform_request
    response = self.pool.urlopen(method, url, body, retries=False, headers=self.headers, **kw)
  File "/root/.cache/pypoetry/virtualenvs/cpdbv2-backend-VA82Wl8V-py3.7/lib/python3.7/site-packages/urllib3/connectionpool.py", line 727, in urlopen
    method, url, error=e, _pool=self, _stacktrace=sys.exc_info()[2]
  File "/root/.cache/pypoetry/virtualenvs/cpdbv2-backend-VA82Wl8V-py3.7/lib/python3.7/site-packages/urllib3/util/retry.py", line 386, in increment
    raise six.reraise(type(error), error, _stacktrace)
  File "/root/.cache/pypoetry/virtualenvs/cpdbv2-backend-VA82Wl8V-py3.7/lib/python3.7/site-packages/urllib3/packages/six.py", line 735, in reraise
    raise value
  File "/root/.cache/pypoetry/virtualenvs/cpdbv2-backend-VA82Wl8V-py3.7/lib/python3.7/site-packages/urllib3/connectionpool.py", line 677, in urlopen
    chunked=chunked,
  File "/root/.cache/pypoetry/virtualenvs/cpdbv2-backend-VA82Wl8V-py3.7/lib/python3.7/site-packages/urllib3/connectionpool.py", line 392, in _make_request
    conn.request(method, url, **httplib_request_kw)
  File "/usr/local/lib/python3.7/http/client.py", line 1281, in request
    self._send_request(method, url, body, headers, encode_chunked)
  File "/usr/local/lib/python3.7/http/client.py", line 1327, in _send_request
    self.endheaders(body, encode_chunked=encode_chunked)
  File "/usr/local/lib/python3.7/http/client.py", line 1276, in endheaders
    self._send_output(message_body, encode_chunked=encode_chunked)
  File "/usr/local/lib/python3.7/http/client.py", line 1036, in _send_output
    self.send(msg)
  File "/usr/local/lib/python3.7/http/client.py", line 976, in send
    self.connect()
  File "/root/.cache/pypoetry/virtualenvs/cpdbv2-backend-VA82Wl8V-py3.7/lib/python3.7/site-packages/urllib3/connection.py", line 187, in connect
    conn = self._new_conn()
  File "/root/.cache/pypoetry/virtualenvs/cpdbv2-backend-VA82Wl8V-py3.7/lib/python3.7/site-packages/urllib3/connection.py", line 172, in _new_conn
    self, "Failed to establish a new connection: %s" % e
urllib3.exceptions.NewConnectionError: <urllib3.connection.HTTPConnection object at 0x7ff068c22910>: Failed to establish a new connection: [Errno -2] Name or service not known
elasticsearch: DEBUG: > None
--------------------- >> end captured logging << ---------------------

======================================================================
ERROR: test_attachments_full_text_search_with_pagination (tracker.tests.test_views.AttachmentAPITestCase)
----------------------------------------------------------------------
Traceback (most recent call last):
  File "/usr/src/app/cpdb/tracker/tests/mixins.py", line 7, in setUp
    tracker_index_alias.write_index.delete(ignore=404)
  File "/root/.cache/pypoetry/virtualenvs/cpdbv2-backend-VA82Wl8V-py3.7/lib/python3.7/site-packages/elasticsearch_dsl/index.py", line 222, in delete
    self.connection.indices.delete(index=self._name, **kwargs)
  File "/root/.cache/pypoetry/virtualenvs/cpdbv2-backend-VA82Wl8V-py3.7/lib/python3.7/site-packages/elasticsearch/client/utils.py", line 73, in _wrapped
    return func(*args, params=params, **kwargs)
  File "/root/.cache/pypoetry/virtualenvs/cpdbv2-backend-VA82Wl8V-py3.7/lib/python3.7/site-packages/elasticsearch/client/indices.py", line 200, in delete
    params=params)
  File "/root/.cache/pypoetry/virtualenvs/cpdbv2-backend-VA82Wl8V-py3.7/lib/python3.7/site-packages/elasticsearch/transport.py", line 312, in perform_request
    status, headers, data = connection.perform_request(method, url, params, body, ignore=ignore, timeout=timeout)
  File "/root/.cache/pypoetry/virtualenvs/cpdbv2-backend-VA82Wl8V-py3.7/lib/python3.7/site-packages/elasticsearch/connection/http_urllib3.py", line 124, in perform_request
    raise ConnectionError('N/A', str(e), e)
elasticsearch.exceptions.ConnectionError: ConnectionError(<urllib3.connection.HTTPConnection object at 0x7ff06901cbd0>: Failed to establish a new connection: [Errno -2] Name or service not known) caused by: NewConnectionError(<urllib3.connection.HTTPConnection object at 0x7ff06901cbd0>: Failed to establish a new connection: [Errno -2] Name or service not known)
-------------------- >> begin captured logging << --------------------
urllib3.util.retry: DEBUG: Converted retries value: False -> Retry(total=False, connect=None, read=None, redirect=0, status=None)
urllib3.connectionpool: DEBUG: Starting new HTTP connection (521): elasticsearch:9200
elasticsearch: WARNING: DELETE http://elasticsearch:9200/test_tracker_c97d3965-996f-4fbb-b4a7-1038423423bd [status:N/A request:0.004s]
Traceback (most recent call last):
  File "/root/.cache/pypoetry/virtualenvs/cpdbv2-backend-VA82Wl8V-py3.7/lib/python3.7/site-packages/urllib3/connection.py", line 160, in _new_conn
    (self._dns_host, self.port), self.timeout, **extra_kw
  File "/root/.cache/pypoetry/virtualenvs/cpdbv2-backend-VA82Wl8V-py3.7/lib/python3.7/site-packages/urllib3/util/connection.py", line 61, in create_connection
    for res in socket.getaddrinfo(host, port, family, socket.SOCK_STREAM):
  File "/usr/local/lib/python3.7/socket.py", line 752, in getaddrinfo
    for res in _socket.getaddrinfo(host, port, family, type, proto, flags):
socket.gaierror: [Errno -2] Name or service not known

During handling of the above exception, another exception occurred:

Traceback (most recent call last):
  File "/root/.cache/pypoetry/virtualenvs/cpdbv2-backend-VA82Wl8V-py3.7/lib/python3.7/site-packages/elasticsearch/connection/http_urllib3.py", line 115, in perform_request
    response = self.pool.urlopen(method, url, body, retries=False, headers=self.headers, **kw)
  File "/root/.cache/pypoetry/virtualenvs/cpdbv2-backend-VA82Wl8V-py3.7/lib/python3.7/site-packages/urllib3/connectionpool.py", line 727, in urlopen
    method, url, error=e, _pool=self, _stacktrace=sys.exc_info()[2]
  File "/root/.cache/pypoetry/virtualenvs/cpdbv2-backend-VA82Wl8V-py3.7/lib/python3.7/site-packages/urllib3/util/retry.py", line 386, in increment
    raise six.reraise(type(error), error, _stacktrace)
  File "/root/.cache/pypoetry/virtualenvs/cpdbv2-backend-VA82Wl8V-py3.7/lib/python3.7/site-packages/urllib3/packages/six.py", line 735, in reraise
    raise value
  File "/root/.cache/pypoetry/virtualenvs/cpdbv2-backend-VA82Wl8V-py3.7/lib/python3.7/site-packages/urllib3/connectionpool.py", line 677, in urlopen
    chunked=chunked,
  File "/root/.cache/pypoetry/virtualenvs/cpdbv2-backend-VA82Wl8V-py3.7/lib/python3.7/site-packages/urllib3/connectionpool.py", line 392, in _make_request
    conn.request(method, url, **httplib_request_kw)
  File "/usr/local/lib/python3.7/http/client.py", line 1281, in request
    self._send_request(method, url, body, headers, encode_chunked)
  File "/usr/local/lib/python3.7/http/client.py", line 1327, in _send_request
    self.endheaders(body, encode_chunked=encode_chunked)
  File "/usr/local/lib/python3.7/http/client.py", line 1276, in endheaders
    self._send_output(message_body, encode_chunked=encode_chunked)
  File "/usr/local/lib/python3.7/http/client.py", line 1036, in _send_output
    self.send(msg)
  File "/usr/local/lib/python3.7/http/client.py", line 976, in send
    self.connect()
  File "/root/.cache/pypoetry/virtualenvs/cpdbv2-backend-VA82Wl8V-py3.7/lib/python3.7/site-packages/urllib3/connection.py", line 187, in connect
    conn = self._new_conn()
  File "/root/.cache/pypoetry/virtualenvs/cpdbv2-backend-VA82Wl8V-py3.7/lib/python3.7/site-packages/urllib3/connection.py", line 172, in _new_conn
    self, "Failed to establish a new connection: %s" % e
urllib3.exceptions.NewConnectionError: <urllib3.connection.HTTPConnection object at 0x7ff069020c90>: Failed to establish a new connection: [Errno -2] Name or service not known
elasticsearch: DEBUG: > None
urllib3.util.retry: DEBUG: Converted retries value: False -> Retry(total=False, connect=None, read=None, redirect=0, status=None)
urllib3.connectionpool: DEBUG: Starting new HTTP connection (522): elasticsearch:9200
elasticsearch: WARNING: DELETE http://elasticsearch:9200/test_tracker_c97d3965-996f-4fbb-b4a7-1038423423bd [status:N/A request:0.005s]
Traceback (most recent call last):
  File "/root/.cache/pypoetry/virtualenvs/cpdbv2-backend-VA82Wl8V-py3.7/lib/python3.7/site-packages/urllib3/connection.py", line 160, in _new_conn
    (self._dns_host, self.port), self.timeout, **extra_kw
  File "/root/.cache/pypoetry/virtualenvs/cpdbv2-backend-VA82Wl8V-py3.7/lib/python3.7/site-packages/urllib3/util/connection.py", line 61, in create_connection
    for res in socket.getaddrinfo(host, port, family, socket.SOCK_STREAM):
  File "/usr/local/lib/python3.7/socket.py", line 752, in getaddrinfo
    for res in _socket.getaddrinfo(host, port, family, type, proto, flags):
socket.gaierror: [Errno -2] Name or service not known

During handling of the above exception, another exception occurred:

Traceback (most recent call last):
  File "/root/.cache/pypoetry/virtualenvs/cpdbv2-backend-VA82Wl8V-py3.7/lib/python3.7/site-packages/elasticsearch/connection/http_urllib3.py", line 115, in perform_request
    response = self.pool.urlopen(method, url, body, retries=False, headers=self.headers, **kw)
  File "/root/.cache/pypoetry/virtualenvs/cpdbv2-backend-VA82Wl8V-py3.7/lib/python3.7/site-packages/urllib3/connectionpool.py", line 727, in urlopen
    method, url, error=e, _pool=self, _stacktrace=sys.exc_info()[2]
  File "/root/.cache/pypoetry/virtualenvs/cpdbv2-backend-VA82Wl8V-py3.7/lib/python3.7/site-packages/urllib3/util/retry.py", line 386, in increment
    raise six.reraise(type(error), error, _stacktrace)
  File "/root/.cache/pypoetry/virtualenvs/cpdbv2-backend-VA82Wl8V-py3.7/lib/python3.7/site-packages/urllib3/packages/six.py", line 735, in reraise
    raise value
  File "/root/.cache/pypoetry/virtualenvs/cpdbv2-backend-VA82Wl8V-py3.7/lib/python3.7/site-packages/urllib3/connectionpool.py", line 677, in urlopen
    chunked=chunked,
  File "/root/.cache/pypoetry/virtualenvs/cpdbv2-backend-VA82Wl8V-py3.7/lib/python3.7/site-packages/urllib3/connectionpool.py", line 392, in _make_request
    conn.request(method, url, **httplib_request_kw)
  File "/usr/local/lib/python3.7/http/client.py", line 1281, in request
    self._send_request(method, url, body, headers, encode_chunked)
  File "/usr/local/lib/python3.7/http/client.py", line 1327, in _send_request
    self.endheaders(body, encode_chunked=encode_chunked)
  File "/usr/local/lib/python3.7/http/client.py", line 1276, in endheaders
    self._send_output(message_body, encode_chunked=encode_chunked)
  File "/usr/local/lib/python3.7/http/client.py", line 1036, in _send_output
    self.send(msg)
  File "/usr/local/lib/python3.7/http/client.py", line 976, in send
    self.connect()
  File "/root/.cache/pypoetry/virtualenvs/cpdbv2-backend-VA82Wl8V-py3.7/lib/python3.7/site-packages/urllib3/connection.py", line 187, in connect
    conn = self._new_conn()
  File "/root/.cache/pypoetry/virtualenvs/cpdbv2-backend-VA82Wl8V-py3.7/lib/python3.7/site-packages/urllib3/connection.py", line 172, in _new_conn
    self, "Failed to establish a new connection: %s" % e
urllib3.exceptions.NewConnectionError: <urllib3.connection.HTTPConnection object at 0x7ff068c22910>: Failed to establish a new connection: [Errno -2] Name or service not known
elasticsearch: DEBUG: > None
urllib3.util.retry: DEBUG: Converted retries value: False -> Retry(total=False, connect=None, read=None, redirect=0, status=None)
urllib3.connectionpool: DEBUG: Starting new HTTP connection (523): elasticsearch:9200
elasticsearch: WARNING: DELETE http://elasticsearch:9200/test_tracker_c97d3965-996f-4fbb-b4a7-1038423423bd [status:N/A request:0.004s]
Traceback (most recent call last):
  File "/root/.cache/pypoetry/virtualenvs/cpdbv2-backend-VA82Wl8V-py3.7/lib/python3.7/site-packages/urllib3/connection.py", line 160, in _new_conn
    (self._dns_host, self.port), self.timeout, **extra_kw
  File "/root/.cache/pypoetry/virtualenvs/cpdbv2-backend-VA82Wl8V-py3.7/lib/python3.7/site-packages/urllib3/util/connection.py", line 61, in create_connection
    for res in socket.getaddrinfo(host, port, family, socket.SOCK_STREAM):
  File "/usr/local/lib/python3.7/socket.py", line 752, in getaddrinfo
    for res in _socket.getaddrinfo(host, port, family, type, proto, flags):
socket.gaierror: [Errno -2] Name or service not known

During handling of the above exception, another exception occurred:

Traceback (most recent call last):
  File "/root/.cache/pypoetry/virtualenvs/cpdbv2-backend-VA82Wl8V-py3.7/lib/python3.7/site-packages/elasticsearch/connection/http_urllib3.py", line 115, in perform_request
    response = self.pool.urlopen(method, url, body, retries=False, headers=self.headers, **kw)
  File "/root/.cache/pypoetry/virtualenvs/cpdbv2-backend-VA82Wl8V-py3.7/lib/python3.7/site-packages/urllib3/connectionpool.py", line 727, in urlopen
    method, url, error=e, _pool=self, _stacktrace=sys.exc_info()[2]
  File "/root/.cache/pypoetry/virtualenvs/cpdbv2-backend-VA82Wl8V-py3.7/lib/python3.7/site-packages/urllib3/util/retry.py", line 386, in increment
    raise six.reraise(type(error), error, _stacktrace)
  File "/root/.cache/pypoetry/virtualenvs/cpdbv2-backend-VA82Wl8V-py3.7/lib/python3.7/site-packages/urllib3/packages/six.py", line 735, in reraise
    raise value
  File "/root/.cache/pypoetry/virtualenvs/cpdbv2-backend-VA82Wl8V-py3.7/lib/python3.7/site-packages/urllib3/connectionpool.py", line 677, in urlopen
    chunked=chunked,
  File "/root/.cache/pypoetry/virtualenvs/cpdbv2-backend-VA82Wl8V-py3.7/lib/python3.7/site-packages/urllib3/connectionpool.py", line 392, in _make_request
    conn.request(method, url, **httplib_request_kw)
  File "/usr/local/lib/python3.7/http/client.py", line 1281, in request
    self._send_request(method, url, body, headers, encode_chunked)
  File "/usr/local/lib/python3.7/http/client.py", line 1327, in _send_request
    self.endheaders(body, encode_chunked=encode_chunked)
  File "/usr/local/lib/python3.7/http/client.py", line 1276, in endheaders
    self._send_output(message_body, encode_chunked=encode_chunked)
  File "/usr/local/lib/python3.7/http/client.py", line 1036, in _send_output
    self.send(msg)
  File "/usr/local/lib/python3.7/http/client.py", line 976, in send
    self.connect()
  File "/root/.cache/pypoetry/virtualenvs/cpdbv2-backend-VA82Wl8V-py3.7/lib/python3.7/site-packages/urllib3/connection.py", line 187, in connect
    conn = self._new_conn()
  File "/root/.cache/pypoetry/virtualenvs/cpdbv2-backend-VA82Wl8V-py3.7/lib/python3.7/site-packages/urllib3/connection.py", line 172, in _new_conn
    self, "Failed to establish a new connection: %s" % e
urllib3.exceptions.NewConnectionError: <urllib3.connection.HTTPConnection object at 0x7ff06901cf10>: Failed to establish a new connection: [Errno -2] Name or service not known
elasticsearch: DEBUG: > None
urllib3.util.retry: DEBUG: Converted retries value: False -> Retry(total=False, connect=None, read=None, redirect=0, status=None)
urllib3.connectionpool: DEBUG: Starting new HTTP connection (524): elasticsearch:9200
elasticsearch: WARNING: DELETE http://elasticsearch:9200/test_tracker_c97d3965-996f-4fbb-b4a7-1038423423bd [status:N/A request:0.004s]
Traceback (most recent call last):
  File "/root/.cache/pypoetry/virtualenvs/cpdbv2-backend-VA82Wl8V-py3.7/lib/python3.7/site-packages/urllib3/connection.py", line 160, in _new_conn
    (self._dns_host, self.port), self.timeout, **extra_kw
  File "/root/.cache/pypoetry/virtualenvs/cpdbv2-backend-VA82Wl8V-py3.7/lib/python3.7/site-packages/urllib3/util/connection.py", line 61, in create_connection
    for res in socket.getaddrinfo(host, port, family, socket.SOCK_STREAM):
  File "/usr/local/lib/python3.7/socket.py", line 752, in getaddrinfo
    for res in _socket.getaddrinfo(host, port, family, type, proto, flags):
socket.gaierror: [Errno -2] Name or service not known

During handling of the above exception, another exception occurred:

Traceback (most recent call last):
  File "/root/.cache/pypoetry/virtualenvs/cpdbv2-backend-VA82Wl8V-py3.7/lib/python3.7/site-packages/elasticsearch/connection/http_urllib3.py", line 115, in perform_request
    response = self.pool.urlopen(method, url, body, retries=False, headers=self.headers, **kw)
  File "/root/.cache/pypoetry/virtualenvs/cpdbv2-backend-VA82Wl8V-py3.7/lib/python3.7/site-packages/urllib3/connectionpool.py", line 727, in urlopen
    method, url, error=e, _pool=self, _stacktrace=sys.exc_info()[2]
  File "/root/.cache/pypoetry/virtualenvs/cpdbv2-backend-VA82Wl8V-py3.7/lib/python3.7/site-packages/urllib3/util/retry.py", line 386, in increment
    raise six.reraise(type(error), error, _stacktrace)
  File "/root/.cache/pypoetry/virtualenvs/cpdbv2-backend-VA82Wl8V-py3.7/lib/python3.7/site-packages/urllib3/packages/six.py", line 735, in reraise
    raise value
  File "/root/.cache/pypoetry/virtualenvs/cpdbv2-backend-VA82Wl8V-py3.7/lib/python3.7/site-packages/urllib3/connectionpool.py", line 677, in urlopen
    chunked=chunked,
  File "/root/.cache/pypoetry/virtualenvs/cpdbv2-backend-VA82Wl8V-py3.7/lib/python3.7/site-packages/urllib3/connectionpool.py", line 392, in _make_request
    conn.request(method, url, **httplib_request_kw)
  File "/usr/local/lib/python3.7/http/client.py", line 1281, in request
    self._send_request(method, url, body, headers, encode_chunked)
  File "/usr/local/lib/python3.7/http/client.py", line 1327, in _send_request
    self.endheaders(body, encode_chunked=encode_chunked)
  File "/usr/local/lib/python3.7/http/client.py", line 1276, in endheaders
    self._send_output(message_body, encode_chunked=encode_chunked)
  File "/usr/local/lib/python3.7/http/client.py", line 1036, in _send_output
    self.send(msg)
  File "/usr/local/lib/python3.7/http/client.py", line 976, in send
    self.connect()
  File "/root/.cache/pypoetry/virtualenvs/cpdbv2-backend-VA82Wl8V-py3.7/lib/python3.7/site-packages/urllib3/connection.py", line 187, in connect
    conn = self._new_conn()
  File "/root/.cache/pypoetry/virtualenvs/cpdbv2-backend-VA82Wl8V-py3.7/lib/python3.7/site-packages/urllib3/connection.py", line 172, in _new_conn
    self, "Failed to establish a new connection: %s" % e
urllib3.exceptions.NewConnectionError: <urllib3.connection.HTTPConnection object at 0x7ff06901cbd0>: Failed to establish a new connection: [Errno -2] Name or service not known
elasticsearch: DEBUG: > None
--------------------- >> end captured logging << ---------------------

======================================================================
ERROR: test_get_attachments_as_admin (tracker.tests.test_views.AttachmentAPITestCase)
----------------------------------------------------------------------
Traceback (most recent call last):
  File "/usr/src/app/cpdb/tracker/tests/mixins.py", line 7, in setUp
    tracker_index_alias.write_index.delete(ignore=404)
  File "/root/.cache/pypoetry/virtualenvs/cpdbv2-backend-VA82Wl8V-py3.7/lib/python3.7/site-packages/elasticsearch_dsl/index.py", line 222, in delete
    self.connection.indices.delete(index=self._name, **kwargs)
  File "/root/.cache/pypoetry/virtualenvs/cpdbv2-backend-VA82Wl8V-py3.7/lib/python3.7/site-packages/elasticsearch/client/utils.py", line 73, in _wrapped
    return func(*args, params=params, **kwargs)
  File "/root/.cache/pypoetry/virtualenvs/cpdbv2-backend-VA82Wl8V-py3.7/lib/python3.7/site-packages/elasticsearch/client/indices.py", line 200, in delete
    params=params)
  File "/root/.cache/pypoetry/virtualenvs/cpdbv2-backend-VA82Wl8V-py3.7/lib/python3.7/site-packages/elasticsearch/transport.py", line 312, in perform_request
    status, headers, data = connection.perform_request(method, url, params, body, ignore=ignore, timeout=timeout)
  File "/root/.cache/pypoetry/virtualenvs/cpdbv2-backend-VA82Wl8V-py3.7/lib/python3.7/site-packages/elasticsearch/connection/http_urllib3.py", line 124, in perform_request
    raise ConnectionError('N/A', str(e), e)
elasticsearch.exceptions.ConnectionError: ConnectionError(<urllib3.connection.HTTPConnection object at 0x7ff069045c90>: Failed to establish a new connection: [Errno -2] Name or service not known) caused by: NewConnectionError(<urllib3.connection.HTTPConnection object at 0x7ff069045c90>: Failed to establish a new connection: [Errno -2] Name or service not known)
-------------------- >> begin captured logging << --------------------
urllib3.util.retry: DEBUG: Converted retries value: False -> Retry(total=False, connect=None, read=None, redirect=0, status=None)
urllib3.connectionpool: DEBUG: Starting new HTTP connection (525): elasticsearch:9200
elasticsearch: WARNING: DELETE http://elasticsearch:9200/test_tracker_c97d3965-996f-4fbb-b4a7-1038423423bd [status:N/A request:0.004s]
Traceback (most recent call last):
  File "/root/.cache/pypoetry/virtualenvs/cpdbv2-backend-VA82Wl8V-py3.7/lib/python3.7/site-packages/urllib3/connection.py", line 160, in _new_conn
    (self._dns_host, self.port), self.timeout, **extra_kw
  File "/root/.cache/pypoetry/virtualenvs/cpdbv2-backend-VA82Wl8V-py3.7/lib/python3.7/site-packages/urllib3/util/connection.py", line 61, in create_connection
    for res in socket.getaddrinfo(host, port, family, socket.SOCK_STREAM):
  File "/usr/local/lib/python3.7/socket.py", line 752, in getaddrinfo
    for res in _socket.getaddrinfo(host, port, family, type, proto, flags):
socket.gaierror: [Errno -2] Name or service not known

During handling of the above exception, another exception occurred:

Traceback (most recent call last):
  File "/root/.cache/pypoetry/virtualenvs/cpdbv2-backend-VA82Wl8V-py3.7/lib/python3.7/site-packages/elasticsearch/connection/http_urllib3.py", line 115, in perform_request
    response = self.pool.urlopen(method, url, body, retries=False, headers=self.headers, **kw)
  File "/root/.cache/pypoetry/virtualenvs/cpdbv2-backend-VA82Wl8V-py3.7/lib/python3.7/site-packages/urllib3/connectionpool.py", line 727, in urlopen
    method, url, error=e, _pool=self, _stacktrace=sys.exc_info()[2]
  File "/root/.cache/pypoetry/virtualenvs/cpdbv2-backend-VA82Wl8V-py3.7/lib/python3.7/site-packages/urllib3/util/retry.py", line 386, in increment
    raise six.reraise(type(error), error, _stacktrace)
  File "/root/.cache/pypoetry/virtualenvs/cpdbv2-backend-VA82Wl8V-py3.7/lib/python3.7/site-packages/urllib3/packages/six.py", line 735, in reraise
    raise value
  File "/root/.cache/pypoetry/virtualenvs/cpdbv2-backend-VA82Wl8V-py3.7/lib/python3.7/site-packages/urllib3/connectionpool.py", line 677, in urlopen
    chunked=chunked,
  File "/root/.cache/pypoetry/virtualenvs/cpdbv2-backend-VA82Wl8V-py3.7/lib/python3.7/site-packages/urllib3/connectionpool.py", line 392, in _make_request
    conn.request(method, url, **httplib_request_kw)
  File "/usr/local/lib/python3.7/http/client.py", line 1281, in request
    self._send_request(method, url, body, headers, encode_chunked)
  File "/usr/local/lib/python3.7/http/client.py", line 1327, in _send_request
    self.endheaders(body, encode_chunked=encode_chunked)
  File "/usr/local/lib/python3.7/http/client.py", line 1276, in endheaders
    self._send_output(message_body, encode_chunked=encode_chunked)
  File "/usr/local/lib/python3.7/http/client.py", line 1036, in _send_output
    self.send(msg)
  File "/usr/local/lib/python3.7/http/client.py", line 976, in send
    self.connect()
  File "/root/.cache/pypoetry/virtualenvs/cpdbv2-backend-VA82Wl8V-py3.7/lib/python3.7/site-packages/urllib3/connection.py", line 187, in connect
    conn = self._new_conn()
  File "/root/.cache/pypoetry/virtualenvs/cpdbv2-backend-VA82Wl8V-py3.7/lib/python3.7/site-packages/urllib3/connection.py", line 172, in _new_conn
    self, "Failed to establish a new connection: %s" % e
urllib3.exceptions.NewConnectionError: <urllib3.connection.HTTPConnection object at 0x7ff068fe6990>: Failed to establish a new connection: [Errno -2] Name or service not known
elasticsearch: DEBUG: > None
urllib3.util.retry: DEBUG: Converted retries value: False -> Retry(total=False, connect=None, read=None, redirect=0, status=None)
urllib3.connectionpool: DEBUG: Starting new HTTP connection (526): elasticsearch:9200
elasticsearch: WARNING: DELETE http://elasticsearch:9200/test_tracker_c97d3965-996f-4fbb-b4a7-1038423423bd [status:N/A request:0.004s]
Traceback (most recent call last):
  File "/root/.cache/pypoetry/virtualenvs/cpdbv2-backend-VA82Wl8V-py3.7/lib/python3.7/site-packages/urllib3/connection.py", line 160, in _new_conn
    (self._dns_host, self.port), self.timeout, **extra_kw
  File "/root/.cache/pypoetry/virtualenvs/cpdbv2-backend-VA82Wl8V-py3.7/lib/python3.7/site-packages/urllib3/util/connection.py", line 61, in create_connection
    for res in socket.getaddrinfo(host, port, family, socket.SOCK_STREAM):
  File "/usr/local/lib/python3.7/socket.py", line 752, in getaddrinfo
    for res in _socket.getaddrinfo(host, port, family, type, proto, flags):
socket.gaierror: [Errno -2] Name or service not known

During handling of the above exception, another exception occurred:

Traceback (most recent call last):
  File "/root/.cache/pypoetry/virtualenvs/cpdbv2-backend-VA82Wl8V-py3.7/lib/python3.7/site-packages/elasticsearch/connection/http_urllib3.py", line 115, in perform_request
    response = self.pool.urlopen(method, url, body, retries=False, headers=self.headers, **kw)
  File "/root/.cache/pypoetry/virtualenvs/cpdbv2-backend-VA82Wl8V-py3.7/lib/python3.7/site-packages/urllib3/connectionpool.py", line 727, in urlopen
    method, url, error=e, _pool=self, _stacktrace=sys.exc_info()[2]
  File "/root/.cache/pypoetry/virtualenvs/cpdbv2-backend-VA82Wl8V-py3.7/lib/python3.7/site-packages/urllib3/util/retry.py", line 386, in increment
    raise six.reraise(type(error), error, _stacktrace)
  File "/root/.cache/pypoetry/virtualenvs/cpdbv2-backend-VA82Wl8V-py3.7/lib/python3.7/site-packages/urllib3/packages/six.py", line 735, in reraise
    raise value
  File "/root/.cache/pypoetry/virtualenvs/cpdbv2-backend-VA82Wl8V-py3.7/lib/python3.7/site-packages/urllib3/connectionpool.py", line 677, in urlopen
    chunked=chunked,
  File "/root/.cache/pypoetry/virtualenvs/cpdbv2-backend-VA82Wl8V-py3.7/lib/python3.7/site-packages/urllib3/connectionpool.py", line 392, in _make_request
    conn.request(method, url, **httplib_request_kw)
  File "/usr/local/lib/python3.7/http/client.py", line 1281, in request
    self._send_request(method, url, body, headers, encode_chunked)
  File "/usr/local/lib/python3.7/http/client.py", line 1327, in _send_request
    self.endheaders(body, encode_chunked=encode_chunked)
  File "/usr/local/lib/python3.7/http/client.py", line 1276, in endheaders
    self._send_output(message_body, encode_chunked=encode_chunked)
  File "/usr/local/lib/python3.7/http/client.py", line 1036, in _send_output
    self.send(msg)
  File "/usr/local/lib/python3.7/http/client.py", line 976, in send
    self.connect()
  File "/root/.cache/pypoetry/virtualenvs/cpdbv2-backend-VA82Wl8V-py3.7/lib/python3.7/site-packages/urllib3/connection.py", line 187, in connect
    conn = self._new_conn()
  File "/root/.cache/pypoetry/virtualenvs/cpdbv2-backend-VA82Wl8V-py3.7/lib/python3.7/site-packages/urllib3/connection.py", line 172, in _new_conn
    self, "Failed to establish a new connection: %s" % e
urllib3.exceptions.NewConnectionError: <urllib3.connection.HTTPConnection object at 0x7ff068941ad0>: Failed to establish a new connection: [Errno -2] Name or service not known
elasticsearch: DEBUG: > None
urllib3.util.retry: DEBUG: Converted retries value: False -> Retry(total=False, connect=None, read=None, redirect=0, status=None)
urllib3.connectionpool: DEBUG: Starting new HTTP connection (527): elasticsearch:9200
elasticsearch: WARNING: DELETE http://elasticsearch:9200/test_tracker_c97d3965-996f-4fbb-b4a7-1038423423bd [status:N/A request:0.004s]
Traceback (most recent call last):
  File "/root/.cache/pypoetry/virtualenvs/cpdbv2-backend-VA82Wl8V-py3.7/lib/python3.7/site-packages/urllib3/connection.py", line 160, in _new_conn
    (self._dns_host, self.port), self.timeout, **extra_kw
  File "/root/.cache/pypoetry/virtualenvs/cpdbv2-backend-VA82Wl8V-py3.7/lib/python3.7/site-packages/urllib3/util/connection.py", line 61, in create_connection
    for res in socket.getaddrinfo(host, port, family, socket.SOCK_STREAM):
  File "/usr/local/lib/python3.7/socket.py", line 752, in getaddrinfo
    for res in _socket.getaddrinfo(host, port, family, type, proto, flags):
socket.gaierror: [Errno -2] Name or service not known

During handling of the above exception, another exception occurred:

Traceback (most recent call last):
  File "/root/.cache/pypoetry/virtualenvs/cpdbv2-backend-VA82Wl8V-py3.7/lib/python3.7/site-packages/elasticsearch/connection/http_urllib3.py", line 115, in perform_request
    response = self.pool.urlopen(method, url, body, retries=False, headers=self.headers, **kw)
  File "/root/.cache/pypoetry/virtualenvs/cpdbv2-backend-VA82Wl8V-py3.7/lib/python3.7/site-packages/urllib3/connectionpool.py", line 727, in urlopen
    method, url, error=e, _pool=self, _stacktrace=sys.exc_info()[2]
  File "/root/.cache/pypoetry/virtualenvs/cpdbv2-backend-VA82Wl8V-py3.7/lib/python3.7/site-packages/urllib3/util/retry.py", line 386, in increment
    raise six.reraise(type(error), error, _stacktrace)
  File "/root/.cache/pypoetry/virtualenvs/cpdbv2-backend-VA82Wl8V-py3.7/lib/python3.7/site-packages/urllib3/packages/six.py", line 735, in reraise
    raise value
  File "/root/.cache/pypoetry/virtualenvs/cpdbv2-backend-VA82Wl8V-py3.7/lib/python3.7/site-packages/urllib3/connectionpool.py", line 677, in urlopen
    chunked=chunked,
  File "/root/.cache/pypoetry/virtualenvs/cpdbv2-backend-VA82Wl8V-py3.7/lib/python3.7/site-packages/urllib3/connectionpool.py", line 392, in _make_request
    conn.request(method, url, **httplib_request_kw)
  File "/usr/local/lib/python3.7/http/client.py", line 1281, in request
    self._send_request(method, url, body, headers, encode_chunked)
  File "/usr/local/lib/python3.7/http/client.py", line 1327, in _send_request
    self.endheaders(body, encode_chunked=encode_chunked)
  File "/usr/local/lib/python3.7/http/client.py", line 1276, in endheaders
    self._send_output(message_body, encode_chunked=encode_chunked)
  File "/usr/local/lib/python3.7/http/client.py", line 1036, in _send_output
    self.send(msg)
  File "/usr/local/lib/python3.7/http/client.py", line 976, in send
    self.connect()
  File "/root/.cache/pypoetry/virtualenvs/cpdbv2-backend-VA82Wl8V-py3.7/lib/python3.7/site-packages/urllib3/connection.py", line 187, in connect
    conn = self._new_conn()
  File "/root/.cache/pypoetry/virtualenvs/cpdbv2-backend-VA82Wl8V-py3.7/lib/python3.7/site-packages/urllib3/connection.py", line 172, in _new_conn
    self, "Failed to establish a new connection: %s" % e
urllib3.exceptions.NewConnectionError: <urllib3.connection.HTTPConnection object at 0x7ff069045050>: Failed to establish a new connection: [Errno -2] Name or service not known
elasticsearch: DEBUG: > None
urllib3.util.retry: DEBUG: Converted retries value: False -> Retry(total=False, connect=None, read=None, redirect=0, status=None)
urllib3.connectionpool: DEBUG: Starting new HTTP connection (528): elasticsearch:9200
elasticsearch: WARNING: DELETE http://elasticsearch:9200/test_tracker_c97d3965-996f-4fbb-b4a7-1038423423bd [status:N/A request:0.004s]
Traceback (most recent call last):
  File "/root/.cache/pypoetry/virtualenvs/cpdbv2-backend-VA82Wl8V-py3.7/lib/python3.7/site-packages/urllib3/connection.py", line 160, in _new_conn
    (self._dns_host, self.port), self.timeout, **extra_kw
  File "/root/.cache/pypoetry/virtualenvs/cpdbv2-backend-VA82Wl8V-py3.7/lib/python3.7/site-packages/urllib3/util/connection.py", line 61, in create_connection
    for res in socket.getaddrinfo(host, port, family, socket.SOCK_STREAM):
  File "/usr/local/lib/python3.7/socket.py", line 752, in getaddrinfo
    for res in _socket.getaddrinfo(host, port, family, type, proto, flags):
socket.gaierror: [Errno -2] Name or service not known

During handling of the above exception, another exception occurred:

Traceback (most recent call last):
  File "/root/.cache/pypoetry/virtualenvs/cpdbv2-backend-VA82Wl8V-py3.7/lib/python3.7/site-packages/elasticsearch/connection/http_urllib3.py", line 115, in perform_request
    response = self.pool.urlopen(method, url, body, retries=False, headers=self.headers, **kw)
  File "/root/.cache/pypoetry/virtualenvs/cpdbv2-backend-VA82Wl8V-py3.7/lib/python3.7/site-packages/urllib3/connectionpool.py", line 727, in urlopen
    method, url, error=e, _pool=self, _stacktrace=sys.exc_info()[2]
  File "/root/.cache/pypoetry/virtualenvs/cpdbv2-backend-VA82Wl8V-py3.7/lib/python3.7/site-packages/urllib3/util/retry.py", line 386, in increment
    raise six.reraise(type(error), error, _stacktrace)
  File "/root/.cache/pypoetry/virtualenvs/cpdbv2-backend-VA82Wl8V-py3.7/lib/python3.7/site-packages/urllib3/packages/six.py", line 735, in reraise
    raise value
  File "/root/.cache/pypoetry/virtualenvs/cpdbv2-backend-VA82Wl8V-py3.7/lib/python3.7/site-packages/urllib3/connectionpool.py", line 677, in urlopen
    chunked=chunked,
  File "/root/.cache/pypoetry/virtualenvs/cpdbv2-backend-VA82Wl8V-py3.7/lib/python3.7/site-packages/urllib3/connectionpool.py", line 392, in _make_request
    conn.request(method, url, **httplib_request_kw)
  File "/usr/local/lib/python3.7/http/client.py", line 1281, in request
    self._send_request(method, url, body, headers, encode_chunked)
  File "/usr/local/lib/python3.7/http/client.py", line 1327, in _send_request
    self.endheaders(body, encode_chunked=encode_chunked)
  File "/usr/local/lib/python3.7/http/client.py", line 1276, in endheaders
    self._send_output(message_body, encode_chunked=encode_chunked)
  File "/usr/local/lib/python3.7/http/client.py", line 1036, in _send_output
    self.send(msg)
  File "/usr/local/lib/python3.7/http/client.py", line 976, in send
    self.connect()
  File "/root/.cache/pypoetry/virtualenvs/cpdbv2-backend-VA82Wl8V-py3.7/lib/python3.7/site-packages/urllib3/connection.py", line 187, in connect
    conn = self._new_conn()
  File "/root/.cache/pypoetry/virtualenvs/cpdbv2-backend-VA82Wl8V-py3.7/lib/python3.7/site-packages/urllib3/connection.py", line 172, in _new_conn
    self, "Failed to establish a new connection: %s" % e
urllib3.exceptions.NewConnectionError: <urllib3.connection.HTTPConnection object at 0x7ff069045c90>: Failed to establish a new connection: [Errno -2] Name or service not known
elasticsearch: DEBUG: > None
--------------------- >> end captured logging << ---------------------

======================================================================
ERROR: test_list_attachments (tracker.tests.test_views.AttachmentAPITestCase)
----------------------------------------------------------------------
Traceback (most recent call last):
  File "/usr/src/app/cpdb/tracker/tests/mixins.py", line 7, in setUp
    tracker_index_alias.write_index.delete(ignore=404)
  File "/root/.cache/pypoetry/virtualenvs/cpdbv2-backend-VA82Wl8V-py3.7/lib/python3.7/site-packages/elasticsearch_dsl/index.py", line 222, in delete
    self.connection.indices.delete(index=self._name, **kwargs)
  File "/root/.cache/pypoetry/virtualenvs/cpdbv2-backend-VA82Wl8V-py3.7/lib/python3.7/site-packages/elasticsearch/client/utils.py", line 73, in _wrapped
    return func(*args, params=params, **kwargs)
  File "/root/.cache/pypoetry/virtualenvs/cpdbv2-backend-VA82Wl8V-py3.7/lib/python3.7/site-packages/elasticsearch/client/indices.py", line 200, in delete
    params=params)
  File "/root/.cache/pypoetry/virtualenvs/cpdbv2-backend-VA82Wl8V-py3.7/lib/python3.7/site-packages/elasticsearch/transport.py", line 312, in perform_request
    status, headers, data = connection.perform_request(method, url, params, body, ignore=ignore, timeout=timeout)
  File "/root/.cache/pypoetry/virtualenvs/cpdbv2-backend-VA82Wl8V-py3.7/lib/python3.7/site-packages/elasticsearch/connection/http_urllib3.py", line 124, in perform_request
    raise ConnectionError('N/A', str(e), e)
elasticsearch.exceptions.ConnectionError: ConnectionError(<urllib3.connection.HTTPConnection object at 0x7ff06900d050>: Failed to establish a new connection: [Errno -2] Name or service not known) caused by: NewConnectionError(<urllib3.connection.HTTPConnection object at 0x7ff06900d050>: Failed to establish a new connection: [Errno -2] Name or service not known)
-------------------- >> begin captured logging << --------------------
urllib3.util.retry: DEBUG: Converted retries value: False -> Retry(total=False, connect=None, read=None, redirect=0, status=None)
urllib3.connectionpool: DEBUG: Starting new HTTP connection (529): elasticsearch:9200
elasticsearch: WARNING: DELETE http://elasticsearch:9200/test_tracker_c97d3965-996f-4fbb-b4a7-1038423423bd [status:N/A request:0.004s]
Traceback (most recent call last):
  File "/root/.cache/pypoetry/virtualenvs/cpdbv2-backend-VA82Wl8V-py3.7/lib/python3.7/site-packages/urllib3/connection.py", line 160, in _new_conn
    (self._dns_host, self.port), self.timeout, **extra_kw
  File "/root/.cache/pypoetry/virtualenvs/cpdbv2-backend-VA82Wl8V-py3.7/lib/python3.7/site-packages/urllib3/util/connection.py", line 61, in create_connection
    for res in socket.getaddrinfo(host, port, family, socket.SOCK_STREAM):
  File "/usr/local/lib/python3.7/socket.py", line 752, in getaddrinfo
    for res in _socket.getaddrinfo(host, port, family, type, proto, flags):
socket.gaierror: [Errno -2] Name or service not known

During handling of the above exception, another exception occurred:

Traceback (most recent call last):
  File "/root/.cache/pypoetry/virtualenvs/cpdbv2-backend-VA82Wl8V-py3.7/lib/python3.7/site-packages/elasticsearch/connection/http_urllib3.py", line 115, in perform_request
    response = self.pool.urlopen(method, url, body, retries=False, headers=self.headers, **kw)
  File "/root/.cache/pypoetry/virtualenvs/cpdbv2-backend-VA82Wl8V-py3.7/lib/python3.7/site-packages/urllib3/connectionpool.py", line 727, in urlopen
    method, url, error=e, _pool=self, _stacktrace=sys.exc_info()[2]
  File "/root/.cache/pypoetry/virtualenvs/cpdbv2-backend-VA82Wl8V-py3.7/lib/python3.7/site-packages/urllib3/util/retry.py", line 386, in increment
    raise six.reraise(type(error), error, _stacktrace)
  File "/root/.cache/pypoetry/virtualenvs/cpdbv2-backend-VA82Wl8V-py3.7/lib/python3.7/site-packages/urllib3/packages/six.py", line 735, in reraise
    raise value
  File "/root/.cache/pypoetry/virtualenvs/cpdbv2-backend-VA82Wl8V-py3.7/lib/python3.7/site-packages/urllib3/connectionpool.py", line 677, in urlopen
    chunked=chunked,
  File "/root/.cache/pypoetry/virtualenvs/cpdbv2-backend-VA82Wl8V-py3.7/lib/python3.7/site-packages/urllib3/connectionpool.py", line 392, in _make_request
    conn.request(method, url, **httplib_request_kw)
  File "/usr/local/lib/python3.7/http/client.py", line 1281, in request
    self._send_request(method, url, body, headers, encode_chunked)
  File "/usr/local/lib/python3.7/http/client.py", line 1327, in _send_request
    self.endheaders(body, encode_chunked=encode_chunked)
  File "/usr/local/lib/python3.7/http/client.py", line 1276, in endheaders
    self._send_output(message_body, encode_chunked=encode_chunked)
  File "/usr/local/lib/python3.7/http/client.py", line 1036, in _send_output
    self.send(msg)
  File "/usr/local/lib/python3.7/http/client.py", line 976, in send
    self.connect()
  File "/root/.cache/pypoetry/virtualenvs/cpdbv2-backend-VA82Wl8V-py3.7/lib/python3.7/site-packages/urllib3/connection.py", line 187, in connect
    conn = self._new_conn()
  File "/root/.cache/pypoetry/virtualenvs/cpdbv2-backend-VA82Wl8V-py3.7/lib/python3.7/site-packages/urllib3/connection.py", line 172, in _new_conn
    self, "Failed to establish a new connection: %s" % e
urllib3.exceptions.NewConnectionError: <urllib3.connection.HTTPConnection object at 0x7ff068ffa850>: Failed to establish a new connection: [Errno -2] Name or service not known
elasticsearch: DEBUG: > None
urllib3.util.retry: DEBUG: Converted retries value: False -> Retry(total=False, connect=None, read=None, redirect=0, status=None)
urllib3.connectionpool: DEBUG: Starting new HTTP connection (530): elasticsearch:9200
elasticsearch: WARNING: DELETE http://elasticsearch:9200/test_tracker_c97d3965-996f-4fbb-b4a7-1038423423bd [status:N/A request:0.004s]
Traceback (most recent call last):
  File "/root/.cache/pypoetry/virtualenvs/cpdbv2-backend-VA82Wl8V-py3.7/lib/python3.7/site-packages/urllib3/connection.py", line 160, in _new_conn
    (self._dns_host, self.port), self.timeout, **extra_kw
  File "/root/.cache/pypoetry/virtualenvs/cpdbv2-backend-VA82Wl8V-py3.7/lib/python3.7/site-packages/urllib3/util/connection.py", line 61, in create_connection
    for res in socket.getaddrinfo(host, port, family, socket.SOCK_STREAM):
  File "/usr/local/lib/python3.7/socket.py", line 752, in getaddrinfo
    for res in _socket.getaddrinfo(host, port, family, type, proto, flags):
socket.gaierror: [Errno -2] Name or service not known

During handling of the above exception, another exception occurred:

Traceback (most recent call last):
  File "/root/.cache/pypoetry/virtualenvs/cpdbv2-backend-VA82Wl8V-py3.7/lib/python3.7/site-packages/elasticsearch/connection/http_urllib3.py", line 115, in perform_request
    response = self.pool.urlopen(method, url, body, retries=False, headers=self.headers, **kw)
  File "/root/.cache/pypoetry/virtualenvs/cpdbv2-backend-VA82Wl8V-py3.7/lib/python3.7/site-packages/urllib3/connectionpool.py", line 727, in urlopen
    method, url, error=e, _pool=self, _stacktrace=sys.exc_info()[2]
  File "/root/.cache/pypoetry/virtualenvs/cpdbv2-backend-VA82Wl8V-py3.7/lib/python3.7/site-packages/urllib3/util/retry.py", line 386, in increment
    raise six.reraise(type(error), error, _stacktrace)
  File "/root/.cache/pypoetry/virtualenvs/cpdbv2-backend-VA82Wl8V-py3.7/lib/python3.7/site-packages/urllib3/packages/six.py", line 735, in reraise
    raise value
  File "/root/.cache/pypoetry/virtualenvs/cpdbv2-backend-VA82Wl8V-py3.7/lib/python3.7/site-packages/urllib3/connectionpool.py", line 677, in urlopen
    chunked=chunked,
  File "/root/.cache/pypoetry/virtualenvs/cpdbv2-backend-VA82Wl8V-py3.7/lib/python3.7/site-packages/urllib3/connectionpool.py", line 392, in _make_request
    conn.request(method, url, **httplib_request_kw)
  File "/usr/local/lib/python3.7/http/client.py", line 1281, in request
    self._send_request(method, url, body, headers, encode_chunked)
  File "/usr/local/lib/python3.7/http/client.py", line 1327, in _send_request
    self.endheaders(body, encode_chunked=encode_chunked)
  File "/usr/local/lib/python3.7/http/client.py", line 1276, in endheaders
    self._send_output(message_body, encode_chunked=encode_chunked)
  File "/usr/local/lib/python3.7/http/client.py", line 1036, in _send_output
    self.send(msg)
  File "/usr/local/lib/python3.7/http/client.py", line 976, in send
    self.connect()
  File "/root/.cache/pypoetry/virtualenvs/cpdbv2-backend-VA82Wl8V-py3.7/lib/python3.7/site-packages/urllib3/connection.py", line 187, in connect
    conn = self._new_conn()
  File "/root/.cache/pypoetry/virtualenvs/cpdbv2-backend-VA82Wl8V-py3.7/lib/python3.7/site-packages/urllib3/connection.py", line 172, in _new_conn
    self, "Failed to establish a new connection: %s" % e
urllib3.exceptions.NewConnectionError: <urllib3.connection.HTTPConnection object at 0x7ff068ffa190>: Failed to establish a new connection: [Errno -2] Name or service not known
elasticsearch: DEBUG: > None
urllib3.util.retry: DEBUG: Converted retries value: False -> Retry(total=False, connect=None, read=None, redirect=0, status=None)
urllib3.connectionpool: DEBUG: Starting new HTTP connection (531): elasticsearch:9200
elasticsearch: WARNING: DELETE http://elasticsearch:9200/test_tracker_c97d3965-996f-4fbb-b4a7-1038423423bd [status:N/A request:0.004s]
Traceback (most recent call last):
  File "/root/.cache/pypoetry/virtualenvs/cpdbv2-backend-VA82Wl8V-py3.7/lib/python3.7/site-packages/urllib3/connection.py", line 160, in _new_conn
    (self._dns_host, self.port), self.timeout, **extra_kw
  File "/root/.cache/pypoetry/virtualenvs/cpdbv2-backend-VA82Wl8V-py3.7/lib/python3.7/site-packages/urllib3/util/connection.py", line 61, in create_connection
    for res in socket.getaddrinfo(host, port, family, socket.SOCK_STREAM):
  File "/usr/local/lib/python3.7/socket.py", line 752, in getaddrinfo
    for res in _socket.getaddrinfo(host, port, family, type, proto, flags):
socket.gaierror: [Errno -2] Name or service not known

During handling of the above exception, another exception occurred:

Traceback (most recent call last):
  File "/root/.cache/pypoetry/virtualenvs/cpdbv2-backend-VA82Wl8V-py3.7/lib/python3.7/site-packages/elasticsearch/connection/http_urllib3.py", line 115, in perform_request
    response = self.pool.urlopen(method, url, body, retries=False, headers=self.headers, **kw)
  File "/root/.cache/pypoetry/virtualenvs/cpdbv2-backend-VA82Wl8V-py3.7/lib/python3.7/site-packages/urllib3/connectionpool.py", line 727, in urlopen
    method, url, error=e, _pool=self, _stacktrace=sys.exc_info()[2]
  File "/root/.cache/pypoetry/virtualenvs/cpdbv2-backend-VA82Wl8V-py3.7/lib/python3.7/site-packages/urllib3/util/retry.py", line 386, in increment
    raise six.reraise(type(error), error, _stacktrace)
  File "/root/.cache/pypoetry/virtualenvs/cpdbv2-backend-VA82Wl8V-py3.7/lib/python3.7/site-packages/urllib3/packages/six.py", line 735, in reraise
    raise value
  File "/root/.cache/pypoetry/virtualenvs/cpdbv2-backend-VA82Wl8V-py3.7/lib/python3.7/site-packages/urllib3/connectionpool.py", line 677, in urlopen
    chunked=chunked,
  File "/root/.cache/pypoetry/virtualenvs/cpdbv2-backend-VA82Wl8V-py3.7/lib/python3.7/site-packages/urllib3/connectionpool.py", line 392, in _make_request
    conn.request(method, url, **httplib_request_kw)
  File "/usr/local/lib/python3.7/http/client.py", line 1281, in request
    self._send_request(method, url, body, headers, encode_chunked)
  File "/usr/local/lib/python3.7/http/client.py", line 1327, in _send_request
    self.endheaders(body, encode_chunked=encode_chunked)
  File "/usr/local/lib/python3.7/http/client.py", line 1276, in endheaders
    self._send_output(message_body, encode_chunked=encode_chunked)
  File "/usr/local/lib/python3.7/http/client.py", line 1036, in _send_output
    self.send(msg)
  File "/usr/local/lib/python3.7/http/client.py", line 976, in send
    self.connect()
  File "/root/.cache/pypoetry/virtualenvs/cpdbv2-backend-VA82Wl8V-py3.7/lib/python3.7/site-packages/urllib3/connection.py", line 187, in connect
    conn = self._new_conn()
  File "/root/.cache/pypoetry/virtualenvs/cpdbv2-backend-VA82Wl8V-py3.7/lib/python3.7/site-packages/urllib3/connection.py", line 172, in _new_conn
    self, "Failed to establish a new connection: %s" % e
urllib3.exceptions.NewConnectionError: <urllib3.connection.HTTPConnection object at 0x7ff06900d790>: Failed to establish a new connection: [Errno -2] Name or service not known
elasticsearch: DEBUG: > None
urllib3.util.retry: DEBUG: Converted retries value: False -> Retry(total=False, connect=None, read=None, redirect=0, status=None)
urllib3.connectionpool: DEBUG: Starting new HTTP connection (532): elasticsearch:9200
elasticsearch: WARNING: DELETE http://elasticsearch:9200/test_tracker_c97d3965-996f-4fbb-b4a7-1038423423bd [status:N/A request:0.004s]
Traceback (most recent call last):
  File "/root/.cache/pypoetry/virtualenvs/cpdbv2-backend-VA82Wl8V-py3.7/lib/python3.7/site-packages/urllib3/connection.py", line 160, in _new_conn
    (self._dns_host, self.port), self.timeout, **extra_kw
  File "/root/.cache/pypoetry/virtualenvs/cpdbv2-backend-VA82Wl8V-py3.7/lib/python3.7/site-packages/urllib3/util/connection.py", line 61, in create_connection
    for res in socket.getaddrinfo(host, port, family, socket.SOCK_STREAM):
  File "/usr/local/lib/python3.7/socket.py", line 752, in getaddrinfo
    for res in _socket.getaddrinfo(host, port, family, type, proto, flags):
socket.gaierror: [Errno -2] Name or service not known

During handling of the above exception, another exception occurred:

Traceback (most recent call last):
  File "/root/.cache/pypoetry/virtualenvs/cpdbv2-backend-VA82Wl8V-py3.7/lib/python3.7/site-packages/elasticsearch/connection/http_urllib3.py", line 115, in perform_request
    response = self.pool.urlopen(method, url, body, retries=False, headers=self.headers, **kw)
  File "/root/.cache/pypoetry/virtualenvs/cpdbv2-backend-VA82Wl8V-py3.7/lib/python3.7/site-packages/urllib3/connectionpool.py", line 727, in urlopen
    method, url, error=e, _pool=self, _stacktrace=sys.exc_info()[2]
  File "/root/.cache/pypoetry/virtualenvs/cpdbv2-backend-VA82Wl8V-py3.7/lib/python3.7/site-packages/urllib3/util/retry.py", line 386, in increment
    raise six.reraise(type(error), error, _stacktrace)
  File "/root/.cache/pypoetry/virtualenvs/cpdbv2-backend-VA82Wl8V-py3.7/lib/python3.7/site-packages/urllib3/packages/six.py", line 735, in reraise
    raise value
  File "/root/.cache/pypoetry/virtualenvs/cpdbv2-backend-VA82Wl8V-py3.7/lib/python3.7/site-packages/urllib3/connectionpool.py", line 677, in urlopen
    chunked=chunked,
  File "/root/.cache/pypoetry/virtualenvs/cpdbv2-backend-VA82Wl8V-py3.7/lib/python3.7/site-packages/urllib3/connectionpool.py", line 392, in _make_request
    conn.request(method, url, **httplib_request_kw)
  File "/usr/local/lib/python3.7/http/client.py", line 1281, in request
    self._send_request(method, url, body, headers, encode_chunked)
  File "/usr/local/lib/python3.7/http/client.py", line 1327, in _send_request
    self.endheaders(body, encode_chunked=encode_chunked)
  File "/usr/local/lib/python3.7/http/client.py", line 1276, in endheaders
    self._send_output(message_body, encode_chunked=encode_chunked)
  File "/usr/local/lib/python3.7/http/client.py", line 1036, in _send_output
    self.send(msg)
  File "/usr/local/lib/python3.7/http/client.py", line 976, in send
    self.connect()
  File "/root/.cache/pypoetry/virtualenvs/cpdbv2-backend-VA82Wl8V-py3.7/lib/python3.7/site-packages/urllib3/connection.py", line 187, in connect
    conn = self._new_conn()
  File "/root/.cache/pypoetry/virtualenvs/cpdbv2-backend-VA82Wl8V-py3.7/lib/python3.7/site-packages/urllib3/connection.py", line 172, in _new_conn
    self, "Failed to establish a new connection: %s" % e
urllib3.exceptions.NewConnectionError: <urllib3.connection.HTTPConnection object at 0x7ff06900d050>: Failed to establish a new connection: [Errno -2] Name or service not known
elasticsearch: DEBUG: > None
--------------------- >> end captured logging << ---------------------

======================================================================
ERROR: test_list_attachments_authenticated_user (tracker.tests.test_views.AttachmentAPITestCase)
----------------------------------------------------------------------
Traceback (most recent call last):
  File "/usr/src/app/cpdb/tracker/tests/mixins.py", line 7, in setUp
    tracker_index_alias.write_index.delete(ignore=404)
  File "/root/.cache/pypoetry/virtualenvs/cpdbv2-backend-VA82Wl8V-py3.7/lib/python3.7/site-packages/elasticsearch_dsl/index.py", line 222, in delete
    self.connection.indices.delete(index=self._name, **kwargs)
  File "/root/.cache/pypoetry/virtualenvs/cpdbv2-backend-VA82Wl8V-py3.7/lib/python3.7/site-packages/elasticsearch/client/utils.py", line 73, in _wrapped
    return func(*args, params=params, **kwargs)
  File "/root/.cache/pypoetry/virtualenvs/cpdbv2-backend-VA82Wl8V-py3.7/lib/python3.7/site-packages/elasticsearch/client/indices.py", line 200, in delete
    params=params)
  File "/root/.cache/pypoetry/virtualenvs/cpdbv2-backend-VA82Wl8V-py3.7/lib/python3.7/site-packages/elasticsearch/transport.py", line 312, in perform_request
    status, headers, data = connection.perform_request(method, url, params, body, ignore=ignore, timeout=timeout)
  File "/root/.cache/pypoetry/virtualenvs/cpdbv2-backend-VA82Wl8V-py3.7/lib/python3.7/site-packages/elasticsearch/connection/http_urllib3.py", line 124, in perform_request
    raise ConnectionError('N/A', str(e), e)
elasticsearch.exceptions.ConnectionError: ConnectionError(<urllib3.connection.HTTPConnection object at 0x7ff06901d1d0>: Failed to establish a new connection: [Errno -2] Name or service not known) caused by: NewConnectionError(<urllib3.connection.HTTPConnection object at 0x7ff06901d1d0>: Failed to establish a new connection: [Errno -2] Name or service not known)
-------------------- >> begin captured logging << --------------------
urllib3.util.retry: DEBUG: Converted retries value: False -> Retry(total=False, connect=None, read=None, redirect=0, status=None)
urllib3.connectionpool: DEBUG: Starting new HTTP connection (533): elasticsearch:9200
elasticsearch: WARNING: DELETE http://elasticsearch:9200/test_tracker_c97d3965-996f-4fbb-b4a7-1038423423bd [status:N/A request:0.004s]
Traceback (most recent call last):
  File "/root/.cache/pypoetry/virtualenvs/cpdbv2-backend-VA82Wl8V-py3.7/lib/python3.7/site-packages/urllib3/connection.py", line 160, in _new_conn
    (self._dns_host, self.port), self.timeout, **extra_kw
  File "/root/.cache/pypoetry/virtualenvs/cpdbv2-backend-VA82Wl8V-py3.7/lib/python3.7/site-packages/urllib3/util/connection.py", line 61, in create_connection
    for res in socket.getaddrinfo(host, port, family, socket.SOCK_STREAM):
  File "/usr/local/lib/python3.7/socket.py", line 752, in getaddrinfo
    for res in _socket.getaddrinfo(host, port, family, type, proto, flags):
socket.gaierror: [Errno -2] Name or service not known

During handling of the above exception, another exception occurred:

Traceback (most recent call last):
  File "/root/.cache/pypoetry/virtualenvs/cpdbv2-backend-VA82Wl8V-py3.7/lib/python3.7/site-packages/elasticsearch/connection/http_urllib3.py", line 115, in perform_request
    response = self.pool.urlopen(method, url, body, retries=False, headers=self.headers, **kw)
  File "/root/.cache/pypoetry/virtualenvs/cpdbv2-backend-VA82Wl8V-py3.7/lib/python3.7/site-packages/urllib3/connectionpool.py", line 727, in urlopen
    method, url, error=e, _pool=self, _stacktrace=sys.exc_info()[2]
  File "/root/.cache/pypoetry/virtualenvs/cpdbv2-backend-VA82Wl8V-py3.7/lib/python3.7/site-packages/urllib3/util/retry.py", line 386, in increment
    raise six.reraise(type(error), error, _stacktrace)
  File "/root/.cache/pypoetry/virtualenvs/cpdbv2-backend-VA82Wl8V-py3.7/lib/python3.7/site-packages/urllib3/packages/six.py", line 735, in reraise
    raise value
  File "/root/.cache/pypoetry/virtualenvs/cpdbv2-backend-VA82Wl8V-py3.7/lib/python3.7/site-packages/urllib3/connectionpool.py", line 677, in urlopen
    chunked=chunked,
  File "/root/.cache/pypoetry/virtualenvs/cpdbv2-backend-VA82Wl8V-py3.7/lib/python3.7/site-packages/urllib3/connectionpool.py", line 392, in _make_request
    conn.request(method, url, **httplib_request_kw)
  File "/usr/local/lib/python3.7/http/client.py", line 1281, in request
    self._send_request(method, url, body, headers, encode_chunked)
  File "/usr/local/lib/python3.7/http/client.py", line 1327, in _send_request
    self.endheaders(body, encode_chunked=encode_chunked)
  File "/usr/local/lib/python3.7/http/client.py", line 1276, in endheaders
    self._send_output(message_body, encode_chunked=encode_chunked)
  File "/usr/local/lib/python3.7/http/client.py", line 1036, in _send_output
    self.send(msg)
  File "/usr/local/lib/python3.7/http/client.py", line 976, in send
    self.connect()
  File "/root/.cache/pypoetry/virtualenvs/cpdbv2-backend-VA82Wl8V-py3.7/lib/python3.7/site-packages/urllib3/connection.py", line 187, in connect
    conn = self._new_conn()
  File "/root/.cache/pypoetry/virtualenvs/cpdbv2-backend-VA82Wl8V-py3.7/lib/python3.7/site-packages/urllib3/connection.py", line 172, in _new_conn
    self, "Failed to establish a new connection: %s" % e
urllib3.exceptions.NewConnectionError: <urllib3.connection.HTTPConnection object at 0x7ff06901bf90>: Failed to establish a new connection: [Errno -2] Name or service not known
elasticsearch: DEBUG: > None
urllib3.util.retry: DEBUG: Converted retries value: False -> Retry(total=False, connect=None, read=None, redirect=0, status=None)
urllib3.connectionpool: DEBUG: Starting new HTTP connection (534): elasticsearch:9200
elasticsearch: WARNING: DELETE http://elasticsearch:9200/test_tracker_c97d3965-996f-4fbb-b4a7-1038423423bd [status:N/A request:0.004s]
Traceback (most recent call last):
  File "/root/.cache/pypoetry/virtualenvs/cpdbv2-backend-VA82Wl8V-py3.7/lib/python3.7/site-packages/urllib3/connection.py", line 160, in _new_conn
    (self._dns_host, self.port), self.timeout, **extra_kw
  File "/root/.cache/pypoetry/virtualenvs/cpdbv2-backend-VA82Wl8V-py3.7/lib/python3.7/site-packages/urllib3/util/connection.py", line 61, in create_connection
    for res in socket.getaddrinfo(host, port, family, socket.SOCK_STREAM):
  File "/usr/local/lib/python3.7/socket.py", line 752, in getaddrinfo
    for res in _socket.getaddrinfo(host, port, family, type, proto, flags):
socket.gaierror: [Errno -2] Name or service not known

During handling of the above exception, another exception occurred:

Traceback (most recent call last):
  File "/root/.cache/pypoetry/virtualenvs/cpdbv2-backend-VA82Wl8V-py3.7/lib/python3.7/site-packages/elasticsearch/connection/http_urllib3.py", line 115, in perform_request
    response = self.pool.urlopen(method, url, body, retries=False, headers=self.headers, **kw)
  File "/root/.cache/pypoetry/virtualenvs/cpdbv2-backend-VA82Wl8V-py3.7/lib/python3.7/site-packages/urllib3/connectionpool.py", line 727, in urlopen
    method, url, error=e, _pool=self, _stacktrace=sys.exc_info()[2]
  File "/root/.cache/pypoetry/virtualenvs/cpdbv2-backend-VA82Wl8V-py3.7/lib/python3.7/site-packages/urllib3/util/retry.py", line 386, in increment
    raise six.reraise(type(error), error, _stacktrace)
  File "/root/.cache/pypoetry/virtualenvs/cpdbv2-backend-VA82Wl8V-py3.7/lib/python3.7/site-packages/urllib3/packages/six.py", line 735, in reraise
    raise value
  File "/root/.cache/pypoetry/virtualenvs/cpdbv2-backend-VA82Wl8V-py3.7/lib/python3.7/site-packages/urllib3/connectionpool.py", line 677, in urlopen
    chunked=chunked,
  File "/root/.cache/pypoetry/virtualenvs/cpdbv2-backend-VA82Wl8V-py3.7/lib/python3.7/site-packages/urllib3/connectionpool.py", line 392, in _make_request
    conn.request(method, url, **httplib_request_kw)
  File "/usr/local/lib/python3.7/http/client.py", line 1281, in request
    self._send_request(method, url, body, headers, encode_chunked)
  File "/usr/local/lib/python3.7/http/client.py", line 1327, in _send_request
    self.endheaders(body, encode_chunked=encode_chunked)
  File "/usr/local/lib/python3.7/http/client.py", line 1276, in endheaders
    self._send_output(message_body, encode_chunked=encode_chunked)
  File "/usr/local/lib/python3.7/http/client.py", line 1036, in _send_output
    self.send(msg)
  File "/usr/local/lib/python3.7/http/client.py", line 976, in send
    self.connect()
  File "/root/.cache/pypoetry/virtualenvs/cpdbv2-backend-VA82Wl8V-py3.7/lib/python3.7/site-packages/urllib3/connection.py", line 187, in connect
    conn = self._new_conn()
  File "/root/.cache/pypoetry/virtualenvs/cpdbv2-backend-VA82Wl8V-py3.7/lib/python3.7/site-packages/urllib3/connection.py", line 172, in _new_conn
    self, "Failed to establish a new connection: %s" % e
urllib3.exceptions.NewConnectionError: <urllib3.connection.HTTPConnection object at 0x7ff06901da50>: Failed to establish a new connection: [Errno -2] Name or service not known
elasticsearch: DEBUG: > None
urllib3.util.retry: DEBUG: Converted retries value: False -> Retry(total=False, connect=None, read=None, redirect=0, status=None)
urllib3.connectionpool: DEBUG: Starting new HTTP connection (535): elasticsearch:9200
elasticsearch: WARNING: DELETE http://elasticsearch:9200/test_tracker_c97d3965-996f-4fbb-b4a7-1038423423bd [status:N/A request:0.004s]
Traceback (most recent call last):
  File "/root/.cache/pypoetry/virtualenvs/cpdbv2-backend-VA82Wl8V-py3.7/lib/python3.7/site-packages/urllib3/connection.py", line 160, in _new_conn
    (self._dns_host, self.port), self.timeout, **extra_kw
  File "/root/.cache/pypoetry/virtualenvs/cpdbv2-backend-VA82Wl8V-py3.7/lib/python3.7/site-packages/urllib3/util/connection.py", line 61, in create_connection
    for res in socket.getaddrinfo(host, port, family, socket.SOCK_STREAM):
  File "/usr/local/lib/python3.7/socket.py", line 752, in getaddrinfo
    for res in _socket.getaddrinfo(host, port, family, type, proto, flags):
socket.gaierror: [Errno -2] Name or service not known

During handling of the above exception, another exception occurred:

Traceback (most recent call last):
  File "/root/.cache/pypoetry/virtualenvs/cpdbv2-backend-VA82Wl8V-py3.7/lib/python3.7/site-packages/elasticsearch/connection/http_urllib3.py", line 115, in perform_request
    response = self.pool.urlopen(method, url, body, retries=False, headers=self.headers, **kw)
  File "/root/.cache/pypoetry/virtualenvs/cpdbv2-backend-VA82Wl8V-py3.7/lib/python3.7/site-packages/urllib3/connectionpool.py", line 727, in urlopen
    method, url, error=e, _pool=self, _stacktrace=sys.exc_info()[2]
  File "/root/.cache/pypoetry/virtualenvs/cpdbv2-backend-VA82Wl8V-py3.7/lib/python3.7/site-packages/urllib3/util/retry.py", line 386, in increment
    raise six.reraise(type(error), error, _stacktrace)
  File "/root/.cache/pypoetry/virtualenvs/cpdbv2-backend-VA82Wl8V-py3.7/lib/python3.7/site-packages/urllib3/packages/six.py", line 735, in reraise
    raise value
  File "/root/.cache/pypoetry/virtualenvs/cpdbv2-backend-VA82Wl8V-py3.7/lib/python3.7/site-packages/urllib3/connectionpool.py", line 677, in urlopen
    chunked=chunked,
  File "/root/.cache/pypoetry/virtualenvs/cpdbv2-backend-VA82Wl8V-py3.7/lib/python3.7/site-packages/urllib3/connectionpool.py", line 392, in _make_request
    conn.request(method, url, **httplib_request_kw)
  File "/usr/local/lib/python3.7/http/client.py", line 1281, in request
    self._send_request(method, url, body, headers, encode_chunked)
  File "/usr/local/lib/python3.7/http/client.py", line 1327, in _send_request
    self.endheaders(body, encode_chunked=encode_chunked)
  File "/usr/local/lib/python3.7/http/client.py", line 1276, in endheaders
    self._send_output(message_body, encode_chunked=encode_chunked)
  File "/usr/local/lib/python3.7/http/client.py", line 1036, in _send_output
    self.send(msg)
  File "/usr/local/lib/python3.7/http/client.py", line 976, in send
    self.connect()
  File "/root/.cache/pypoetry/virtualenvs/cpdbv2-backend-VA82Wl8V-py3.7/lib/python3.7/site-packages/urllib3/connection.py", line 187, in connect
    conn = self._new_conn()
  File "/root/.cache/pypoetry/virtualenvs/cpdbv2-backend-VA82Wl8V-py3.7/lib/python3.7/site-packages/urllib3/connection.py", line 172, in _new_conn
    self, "Failed to establish a new connection: %s" % e
urllib3.exceptions.NewConnectionError: <urllib3.connection.HTTPConnection object at 0x7ff06901dd10>: Failed to establish a new connection: [Errno -2] Name or service not known
elasticsearch: DEBUG: > None
urllib3.util.retry: DEBUG: Converted retries value: False -> Retry(total=False, connect=None, read=None, redirect=0, status=None)
urllib3.connectionpool: DEBUG: Starting new HTTP connection (536): elasticsearch:9200
elasticsearch: WARNING: DELETE http://elasticsearch:9200/test_tracker_c97d3965-996f-4fbb-b4a7-1038423423bd [status:N/A request:0.005s]
Traceback (most recent call last):
  File "/root/.cache/pypoetry/virtualenvs/cpdbv2-backend-VA82Wl8V-py3.7/lib/python3.7/site-packages/urllib3/connection.py", line 160, in _new_conn
    (self._dns_host, self.port), self.timeout, **extra_kw
  File "/root/.cache/pypoetry/virtualenvs/cpdbv2-backend-VA82Wl8V-py3.7/lib/python3.7/site-packages/urllib3/util/connection.py", line 61, in create_connection
    for res in socket.getaddrinfo(host, port, family, socket.SOCK_STREAM):
  File "/usr/local/lib/python3.7/socket.py", line 752, in getaddrinfo
    for res in _socket.getaddrinfo(host, port, family, type, proto, flags):
socket.gaierror: [Errno -2] Name or service not known

During handling of the above exception, another exception occurred:

Traceback (most recent call last):
  File "/root/.cache/pypoetry/virtualenvs/cpdbv2-backend-VA82Wl8V-py3.7/lib/python3.7/site-packages/elasticsearch/connection/http_urllib3.py", line 115, in perform_request
    response = self.pool.urlopen(method, url, body, retries=False, headers=self.headers, **kw)
  File "/root/.cache/pypoetry/virtualenvs/cpdbv2-backend-VA82Wl8V-py3.7/lib/python3.7/site-packages/urllib3/connectionpool.py", line 727, in urlopen
    method, url, error=e, _pool=self, _stacktrace=sys.exc_info()[2]
  File "/root/.cache/pypoetry/virtualenvs/cpdbv2-backend-VA82Wl8V-py3.7/lib/python3.7/site-packages/urllib3/util/retry.py", line 386, in increment
    raise six.reraise(type(error), error, _stacktrace)
  File "/root/.cache/pypoetry/virtualenvs/cpdbv2-backend-VA82Wl8V-py3.7/lib/python3.7/site-packages/urllib3/packages/six.py", line 735, in reraise
    raise value
  File "/root/.cache/pypoetry/virtualenvs/cpdbv2-backend-VA82Wl8V-py3.7/lib/python3.7/site-packages/urllib3/connectionpool.py", line 677, in urlopen
    chunked=chunked,
  File "/root/.cache/pypoetry/virtualenvs/cpdbv2-backend-VA82Wl8V-py3.7/lib/python3.7/site-packages/urllib3/connectionpool.py", line 392, in _make_request
    conn.request(method, url, **httplib_request_kw)
  File "/usr/local/lib/python3.7/http/client.py", line 1281, in request
    self._send_request(method, url, body, headers, encode_chunked)
  File "/usr/local/lib/python3.7/http/client.py", line 1327, in _send_request
    self.endheaders(body, encode_chunked=encode_chunked)
  File "/usr/local/lib/python3.7/http/client.py", line 1276, in endheaders
    self._send_output(message_body, encode_chunked=encode_chunked)
  File "/usr/local/lib/python3.7/http/client.py", line 1036, in _send_output
    self.send(msg)
  File "/usr/local/lib/python3.7/http/client.py", line 976, in send
    self.connect()
  File "/root/.cache/pypoetry/virtualenvs/cpdbv2-backend-VA82Wl8V-py3.7/lib/python3.7/site-packages/urllib3/connection.py", line 187, in connect
    conn = self._new_conn()
  File "/root/.cache/pypoetry/virtualenvs/cpdbv2-backend-VA82Wl8V-py3.7/lib/python3.7/site-packages/urllib3/connection.py", line 172, in _new_conn
    self, "Failed to establish a new connection: %s" % e
urllib3.exceptions.NewConnectionError: <urllib3.connection.HTTPConnection object at 0x7ff06901d1d0>: Failed to establish a new connection: [Errno -2] Name or service not known
elasticsearch: DEBUG: > None
--------------------- >> end captured logging << ---------------------

======================================================================
ERROR: test_remove_attachment_tags (tracker.tests.test_views.AttachmentAPITestCase)
----------------------------------------------------------------------
Traceback (most recent call last):
  File "/usr/src/app/cpdb/tracker/tests/mixins.py", line 7, in setUp
    tracker_index_alias.write_index.delete(ignore=404)
  File "/root/.cache/pypoetry/virtualenvs/cpdbv2-backend-VA82Wl8V-py3.7/lib/python3.7/site-packages/elasticsearch_dsl/index.py", line 222, in delete
    self.connection.indices.delete(index=self._name, **kwargs)
  File "/root/.cache/pypoetry/virtualenvs/cpdbv2-backend-VA82Wl8V-py3.7/lib/python3.7/site-packages/elasticsearch/client/utils.py", line 73, in _wrapped
    return func(*args, params=params, **kwargs)
  File "/root/.cache/pypoetry/virtualenvs/cpdbv2-backend-VA82Wl8V-py3.7/lib/python3.7/site-packages/elasticsearch/client/indices.py", line 200, in delete
    params=params)
  File "/root/.cache/pypoetry/virtualenvs/cpdbv2-backend-VA82Wl8V-py3.7/lib/python3.7/site-packages/elasticsearch/transport.py", line 312, in perform_request
    status, headers, data = connection.perform_request(method, url, params, body, ignore=ignore, timeout=timeout)
  File "/root/.cache/pypoetry/virtualenvs/cpdbv2-backend-VA82Wl8V-py3.7/lib/python3.7/site-packages/elasticsearch/connection/http_urllib3.py", line 124, in perform_request
    raise ConnectionError('N/A', str(e), e)
elasticsearch.exceptions.ConnectionError: ConnectionError(<urllib3.connection.HTTPConnection object at 0x7ff06900d490>: Failed to establish a new connection: [Errno -2] Name or service not known) caused by: NewConnectionError(<urllib3.connection.HTTPConnection object at 0x7ff06900d490>: Failed to establish a new connection: [Errno -2] Name or service not known)
-------------------- >> begin captured logging << --------------------
urllib3.util.retry: DEBUG: Converted retries value: False -> Retry(total=False, connect=None, read=None, redirect=0, status=None)
urllib3.connectionpool: DEBUG: Starting new HTTP connection (537): elasticsearch:9200
elasticsearch: WARNING: DELETE http://elasticsearch:9200/test_tracker_c97d3965-996f-4fbb-b4a7-1038423423bd [status:N/A request:0.005s]
Traceback (most recent call last):
  File "/root/.cache/pypoetry/virtualenvs/cpdbv2-backend-VA82Wl8V-py3.7/lib/python3.7/site-packages/urllib3/connection.py", line 160, in _new_conn
    (self._dns_host, self.port), self.timeout, **extra_kw
  File "/root/.cache/pypoetry/virtualenvs/cpdbv2-backend-VA82Wl8V-py3.7/lib/python3.7/site-packages/urllib3/util/connection.py", line 61, in create_connection
    for res in socket.getaddrinfo(host, port, family, socket.SOCK_STREAM):
  File "/usr/local/lib/python3.7/socket.py", line 752, in getaddrinfo
    for res in _socket.getaddrinfo(host, port, family, type, proto, flags):
socket.gaierror: [Errno -2] Name or service not known

During handling of the above exception, another exception occurred:

Traceback (most recent call last):
  File "/root/.cache/pypoetry/virtualenvs/cpdbv2-backend-VA82Wl8V-py3.7/lib/python3.7/site-packages/elasticsearch/connection/http_urllib3.py", line 115, in perform_request
    response = self.pool.urlopen(method, url, body, retries=False, headers=self.headers, **kw)
  File "/root/.cache/pypoetry/virtualenvs/cpdbv2-backend-VA82Wl8V-py3.7/lib/python3.7/site-packages/urllib3/connectionpool.py", line 727, in urlopen
    method, url, error=e, _pool=self, _stacktrace=sys.exc_info()[2]
  File "/root/.cache/pypoetry/virtualenvs/cpdbv2-backend-VA82Wl8V-py3.7/lib/python3.7/site-packages/urllib3/util/retry.py", line 386, in increment
    raise six.reraise(type(error), error, _stacktrace)
  File "/root/.cache/pypoetry/virtualenvs/cpdbv2-backend-VA82Wl8V-py3.7/lib/python3.7/site-packages/urllib3/packages/six.py", line 735, in reraise
    raise value
  File "/root/.cache/pypoetry/virtualenvs/cpdbv2-backend-VA82Wl8V-py3.7/lib/python3.7/site-packages/urllib3/connectionpool.py", line 677, in urlopen
    chunked=chunked,
  File "/root/.cache/pypoetry/virtualenvs/cpdbv2-backend-VA82Wl8V-py3.7/lib/python3.7/site-packages/urllib3/connectionpool.py", line 392, in _make_request
    conn.request(method, url, **httplib_request_kw)
  File "/usr/local/lib/python3.7/http/client.py", line 1281, in request
    self._send_request(method, url, body, headers, encode_chunked)
  File "/usr/local/lib/python3.7/http/client.py", line 1327, in _send_request
    self.endheaders(body, encode_chunked=encode_chunked)
  File "/usr/local/lib/python3.7/http/client.py", line 1276, in endheaders
    self._send_output(message_body, encode_chunked=encode_chunked)
  File "/usr/local/lib/python3.7/http/client.py", line 1036, in _send_output
    self.send(msg)
  File "/usr/local/lib/python3.7/http/client.py", line 976, in send
    self.connect()
  File "/root/.cache/pypoetry/virtualenvs/cpdbv2-backend-VA82Wl8V-py3.7/lib/python3.7/site-packages/urllib3/connection.py", line 187, in connect
    conn = self._new_conn()
  File "/root/.cache/pypoetry/virtualenvs/cpdbv2-backend-VA82Wl8V-py3.7/lib/python3.7/site-packages/urllib3/connection.py", line 172, in _new_conn
    self, "Failed to establish a new connection: %s" % e
urllib3.exceptions.NewConnectionError: <urllib3.connection.HTTPConnection object at 0x7ff06905b110>: Failed to establish a new connection: [Errno -2] Name or service not known
elasticsearch: DEBUG: > None
urllib3.util.retry: DEBUG: Converted retries value: False -> Retry(total=False, connect=None, read=None, redirect=0, status=None)
urllib3.connectionpool: DEBUG: Starting new HTTP connection (538): elasticsearch:9200
elasticsearch: WARNING: DELETE http://elasticsearch:9200/test_tracker_c97d3965-996f-4fbb-b4a7-1038423423bd [status:N/A request:0.005s]
Traceback (most recent call last):
  File "/root/.cache/pypoetry/virtualenvs/cpdbv2-backend-VA82Wl8V-py3.7/lib/python3.7/site-packages/urllib3/connection.py", line 160, in _new_conn
    (self._dns_host, self.port), self.timeout, **extra_kw
  File "/root/.cache/pypoetry/virtualenvs/cpdbv2-backend-VA82Wl8V-py3.7/lib/python3.7/site-packages/urllib3/util/connection.py", line 61, in create_connection
    for res in socket.getaddrinfo(host, port, family, socket.SOCK_STREAM):
  File "/usr/local/lib/python3.7/socket.py", line 752, in getaddrinfo
    for res in _socket.getaddrinfo(host, port, family, type, proto, flags):
socket.gaierror: [Errno -2] Name or service not known

During handling of the above exception, another exception occurred:

Traceback (most recent call last):
  File "/root/.cache/pypoetry/virtualenvs/cpdbv2-backend-VA82Wl8V-py3.7/lib/python3.7/site-packages/elasticsearch/connection/http_urllib3.py", line 115, in perform_request
    response = self.pool.urlopen(method, url, body, retries=False, headers=self.headers, **kw)
  File "/root/.cache/pypoetry/virtualenvs/cpdbv2-backend-VA82Wl8V-py3.7/lib/python3.7/site-packages/urllib3/connectionpool.py", line 727, in urlopen
    method, url, error=e, _pool=self, _stacktrace=sys.exc_info()[2]
  File "/root/.cache/pypoetry/virtualenvs/cpdbv2-backend-VA82Wl8V-py3.7/lib/python3.7/site-packages/urllib3/util/retry.py", line 386, in increment
    raise six.reraise(type(error), error, _stacktrace)
  File "/root/.cache/pypoetry/virtualenvs/cpdbv2-backend-VA82Wl8V-py3.7/lib/python3.7/site-packages/urllib3/packages/six.py", line 735, in reraise
    raise value
  File "/root/.cache/pypoetry/virtualenvs/cpdbv2-backend-VA82Wl8V-py3.7/lib/python3.7/site-packages/urllib3/connectionpool.py", line 677, in urlopen
    chunked=chunked,
  File "/root/.cache/pypoetry/virtualenvs/cpdbv2-backend-VA82Wl8V-py3.7/lib/python3.7/site-packages/urllib3/connectionpool.py", line 392, in _make_request
    conn.request(method, url, **httplib_request_kw)
  File "/usr/local/lib/python3.7/http/client.py", line 1281, in request
    self._send_request(method, url, body, headers, encode_chunked)
  File "/usr/local/lib/python3.7/http/client.py", line 1327, in _send_request
    self.endheaders(body, encode_chunked=encode_chunked)
  File "/usr/local/lib/python3.7/http/client.py", line 1276, in endheaders
    self._send_output(message_body, encode_chunked=encode_chunked)
  File "/usr/local/lib/python3.7/http/client.py", line 1036, in _send_output
    self.send(msg)
  File "/usr/local/lib/python3.7/http/client.py", line 976, in send
    self.connect()
  File "/root/.cache/pypoetry/virtualenvs/cpdbv2-backend-VA82Wl8V-py3.7/lib/python3.7/site-packages/urllib3/connection.py", line 187, in connect
    conn = self._new_conn()
  File "/root/.cache/pypoetry/virtualenvs/cpdbv2-backend-VA82Wl8V-py3.7/lib/python3.7/site-packages/urllib3/connection.py", line 172, in _new_conn
    self, "Failed to establish a new connection: %s" % e
urllib3.exceptions.NewConnectionError: <urllib3.connection.HTTPConnection object at 0x7ff06901b410>: Failed to establish a new connection: [Errno -2] Name or service not known
elasticsearch: DEBUG: > None
urllib3.util.retry: DEBUG: Converted retries value: False -> Retry(total=False, connect=None, read=None, redirect=0, status=None)
urllib3.connectionpool: DEBUG: Starting new HTTP connection (539): elasticsearch:9200
elasticsearch: WARNING: DELETE http://elasticsearch:9200/test_tracker_c97d3965-996f-4fbb-b4a7-1038423423bd [status:N/A request:0.004s]
Traceback (most recent call last):
  File "/root/.cache/pypoetry/virtualenvs/cpdbv2-backend-VA82Wl8V-py3.7/lib/python3.7/site-packages/urllib3/connection.py", line 160, in _new_conn
    (self._dns_host, self.port), self.timeout, **extra_kw
  File "/root/.cache/pypoetry/virtualenvs/cpdbv2-backend-VA82Wl8V-py3.7/lib/python3.7/site-packages/urllib3/util/connection.py", line 61, in create_connection
    for res in socket.getaddrinfo(host, port, family, socket.SOCK_STREAM):
  File "/usr/local/lib/python3.7/socket.py", line 752, in getaddrinfo
    for res in _socket.getaddrinfo(host, port, family, type, proto, flags):
socket.gaierror: [Errno -2] Name or service not known

During handling of the above exception, another exception occurred:

Traceback (most recent call last):
  File "/root/.cache/pypoetry/virtualenvs/cpdbv2-backend-VA82Wl8V-py3.7/lib/python3.7/site-packages/elasticsearch/connection/http_urllib3.py", line 115, in perform_request
    response = self.pool.urlopen(method, url, body, retries=False, headers=self.headers, **kw)
  File "/root/.cache/pypoetry/virtualenvs/cpdbv2-backend-VA82Wl8V-py3.7/lib/python3.7/site-packages/urllib3/connectionpool.py", line 727, in urlopen
    method, url, error=e, _pool=self, _stacktrace=sys.exc_info()[2]
  File "/root/.cache/pypoetry/virtualenvs/cpdbv2-backend-VA82Wl8V-py3.7/lib/python3.7/site-packages/urllib3/util/retry.py", line 386, in increment
    raise six.reraise(type(error), error, _stacktrace)
  File "/root/.cache/pypoetry/virtualenvs/cpdbv2-backend-VA82Wl8V-py3.7/lib/python3.7/site-packages/urllib3/packages/six.py", line 735, in reraise
    raise value
  File "/root/.cache/pypoetry/virtualenvs/cpdbv2-backend-VA82Wl8V-py3.7/lib/python3.7/site-packages/urllib3/connectionpool.py", line 677, in urlopen
    chunked=chunked,
  File "/root/.cache/pypoetry/virtualenvs/cpdbv2-backend-VA82Wl8V-py3.7/lib/python3.7/site-packages/urllib3/connectionpool.py", line 392, in _make_request
    conn.request(method, url, **httplib_request_kw)
  File "/usr/local/lib/python3.7/http/client.py", line 1281, in request
    self._send_request(method, url, body, headers, encode_chunked)
  File "/usr/local/lib/python3.7/http/client.py", line 1327, in _send_request
    self.endheaders(body, encode_chunked=encode_chunked)
  File "/usr/local/lib/python3.7/http/client.py", line 1276, in endheaders
    self._send_output(message_body, encode_chunked=encode_chunked)
  File "/usr/local/lib/python3.7/http/client.py", line 1036, in _send_output
    self.send(msg)
  File "/usr/local/lib/python3.7/http/client.py", line 976, in send
    self.connect()
  File "/root/.cache/pypoetry/virtualenvs/cpdbv2-backend-VA82Wl8V-py3.7/lib/python3.7/site-packages/urllib3/connection.py", line 187, in connect
    conn = self._new_conn()
  File "/root/.cache/pypoetry/virtualenvs/cpdbv2-backend-VA82Wl8V-py3.7/lib/python3.7/site-packages/urllib3/connection.py", line 172, in _new_conn
    self, "Failed to establish a new connection: %s" % e
urllib3.exceptions.NewConnectionError: <urllib3.connection.HTTPConnection object at 0x7ff068bc26d0>: Failed to establish a new connection: [Errno -2] Name or service not known
elasticsearch: DEBUG: > None
urllib3.util.retry: DEBUG: Converted retries value: False -> Retry(total=False, connect=None, read=None, redirect=0, status=None)
urllib3.connectionpool: DEBUG: Starting new HTTP connection (540): elasticsearch:9200
elasticsearch: WARNING: DELETE http://elasticsearch:9200/test_tracker_c97d3965-996f-4fbb-b4a7-1038423423bd [status:N/A request:0.004s]
Traceback (most recent call last):
  File "/root/.cache/pypoetry/virtualenvs/cpdbv2-backend-VA82Wl8V-py3.7/lib/python3.7/site-packages/urllib3/connection.py", line 160, in _new_conn
    (self._dns_host, self.port), self.timeout, **extra_kw
  File "/root/.cache/pypoetry/virtualenvs/cpdbv2-backend-VA82Wl8V-py3.7/lib/python3.7/site-packages/urllib3/util/connection.py", line 61, in create_connection
    for res in socket.getaddrinfo(host, port, family, socket.SOCK_STREAM):
  File "/usr/local/lib/python3.7/socket.py", line 752, in getaddrinfo
    for res in _socket.getaddrinfo(host, port, family, type, proto, flags):
socket.gaierror: [Errno -2] Name or service not known

During handling of the above exception, another exception occurred:

Traceback (most recent call last):
  File "/root/.cache/pypoetry/virtualenvs/cpdbv2-backend-VA82Wl8V-py3.7/lib/python3.7/site-packages/elasticsearch/connection/http_urllib3.py", line 115, in perform_request
    response = self.pool.urlopen(method, url, body, retries=False, headers=self.headers, **kw)
  File "/root/.cache/pypoetry/virtualenvs/cpdbv2-backend-VA82Wl8V-py3.7/lib/python3.7/site-packages/urllib3/connectionpool.py", line 727, in urlopen
    method, url, error=e, _pool=self, _stacktrace=sys.exc_info()[2]
  File "/root/.cache/pypoetry/virtualenvs/cpdbv2-backend-VA82Wl8V-py3.7/lib/python3.7/site-packages/urllib3/util/retry.py", line 386, in increment
    raise six.reraise(type(error), error, _stacktrace)
  File "/root/.cache/pypoetry/virtualenvs/cpdbv2-backend-VA82Wl8V-py3.7/lib/python3.7/site-packages/urllib3/packages/six.py", line 735, in reraise
    raise value
  File "/root/.cache/pypoetry/virtualenvs/cpdbv2-backend-VA82Wl8V-py3.7/lib/python3.7/site-packages/urllib3/connectionpool.py", line 677, in urlopen
    chunked=chunked,
  File "/root/.cache/pypoetry/virtualenvs/cpdbv2-backend-VA82Wl8V-py3.7/lib/python3.7/site-packages/urllib3/connectionpool.py", line 392, in _make_request
    conn.request(method, url, **httplib_request_kw)
  File "/usr/local/lib/python3.7/http/client.py", line 1281, in request
    self._send_request(method, url, body, headers, encode_chunked)
  File "/usr/local/lib/python3.7/http/client.py", line 1327, in _send_request
    self.endheaders(body, encode_chunked=encode_chunked)
  File "/usr/local/lib/python3.7/http/client.py", line 1276, in endheaders
    self._send_output(message_body, encode_chunked=encode_chunked)
  File "/usr/local/lib/python3.7/http/client.py", line 1036, in _send_output
    self.send(msg)
  File "/usr/local/lib/python3.7/http/client.py", line 976, in send
    self.connect()
  File "/root/.cache/pypoetry/virtualenvs/cpdbv2-backend-VA82Wl8V-py3.7/lib/python3.7/site-packages/urllib3/connection.py", line 187, in connect
    conn = self._new_conn()
  File "/root/.cache/pypoetry/virtualenvs/cpdbv2-backend-VA82Wl8V-py3.7/lib/python3.7/site-packages/urllib3/connection.py", line 172, in _new_conn
    self, "Failed to establish a new connection: %s" % e
urllib3.exceptions.NewConnectionError: <urllib3.connection.HTTPConnection object at 0x7ff06900d490>: Failed to establish a new connection: [Errno -2] Name or service not known
elasticsearch: DEBUG: > None
--------------------- >> end captured logging << ---------------------

======================================================================
ERROR: test_retrieve_authenticated_user (tracker.tests.test_views.AttachmentAPITestCase)
----------------------------------------------------------------------
Traceback (most recent call last):
  File "/usr/src/app/cpdb/tracker/tests/mixins.py", line 7, in setUp
    tracker_index_alias.write_index.delete(ignore=404)
  File "/root/.cache/pypoetry/virtualenvs/cpdbv2-backend-VA82Wl8V-py3.7/lib/python3.7/site-packages/elasticsearch_dsl/index.py", line 222, in delete
    self.connection.indices.delete(index=self._name, **kwargs)
  File "/root/.cache/pypoetry/virtualenvs/cpdbv2-backend-VA82Wl8V-py3.7/lib/python3.7/site-packages/elasticsearch/client/utils.py", line 73, in _wrapped
    return func(*args, params=params, **kwargs)
  File "/root/.cache/pypoetry/virtualenvs/cpdbv2-backend-VA82Wl8V-py3.7/lib/python3.7/site-packages/elasticsearch/client/indices.py", line 200, in delete
    params=params)
  File "/root/.cache/pypoetry/virtualenvs/cpdbv2-backend-VA82Wl8V-py3.7/lib/python3.7/site-packages/elasticsearch/transport.py", line 312, in perform_request
    status, headers, data = connection.perform_request(method, url, params, body, ignore=ignore, timeout=timeout)
  File "/root/.cache/pypoetry/virtualenvs/cpdbv2-backend-VA82Wl8V-py3.7/lib/python3.7/site-packages/elasticsearch/connection/http_urllib3.py", line 124, in perform_request
    raise ConnectionError('N/A', str(e), e)
elasticsearch.exceptions.ConnectionError: ConnectionError(<urllib3.connection.HTTPConnection object at 0x7ff068941290>: Failed to establish a new connection: [Errno -2] Name or service not known) caused by: NewConnectionError(<urllib3.connection.HTTPConnection object at 0x7ff068941290>: Failed to establish a new connection: [Errno -2] Name or service not known)
-------------------- >> begin captured logging << --------------------
urllib3.util.retry: DEBUG: Converted retries value: False -> Retry(total=False, connect=None, read=None, redirect=0, status=None)
urllib3.connectionpool: DEBUG: Starting new HTTP connection (541): elasticsearch:9200
elasticsearch: WARNING: DELETE http://elasticsearch:9200/test_tracker_c97d3965-996f-4fbb-b4a7-1038423423bd [status:N/A request:0.005s]
Traceback (most recent call last):
  File "/root/.cache/pypoetry/virtualenvs/cpdbv2-backend-VA82Wl8V-py3.7/lib/python3.7/site-packages/urllib3/connection.py", line 160, in _new_conn
    (self._dns_host, self.port), self.timeout, **extra_kw
  File "/root/.cache/pypoetry/virtualenvs/cpdbv2-backend-VA82Wl8V-py3.7/lib/python3.7/site-packages/urllib3/util/connection.py", line 61, in create_connection
    for res in socket.getaddrinfo(host, port, family, socket.SOCK_STREAM):
  File "/usr/local/lib/python3.7/socket.py", line 752, in getaddrinfo
    for res in _socket.getaddrinfo(host, port, family, type, proto, flags):
socket.gaierror: [Errno -2] Name or service not known

During handling of the above exception, another exception occurred:

Traceback (most recent call last):
  File "/root/.cache/pypoetry/virtualenvs/cpdbv2-backend-VA82Wl8V-py3.7/lib/python3.7/site-packages/elasticsearch/connection/http_urllib3.py", line 115, in perform_request
    response = self.pool.urlopen(method, url, body, retries=False, headers=self.headers, **kw)
  File "/root/.cache/pypoetry/virtualenvs/cpdbv2-backend-VA82Wl8V-py3.7/lib/python3.7/site-packages/urllib3/connectionpool.py", line 727, in urlopen
    method, url, error=e, _pool=self, _stacktrace=sys.exc_info()[2]
  File "/root/.cache/pypoetry/virtualenvs/cpdbv2-backend-VA82Wl8V-py3.7/lib/python3.7/site-packages/urllib3/util/retry.py", line 386, in increment
    raise six.reraise(type(error), error, _stacktrace)
  File "/root/.cache/pypoetry/virtualenvs/cpdbv2-backend-VA82Wl8V-py3.7/lib/python3.7/site-packages/urllib3/packages/six.py", line 735, in reraise
    raise value
  File "/root/.cache/pypoetry/virtualenvs/cpdbv2-backend-VA82Wl8V-py3.7/lib/python3.7/site-packages/urllib3/connectionpool.py", line 677, in urlopen
    chunked=chunked,
  File "/root/.cache/pypoetry/virtualenvs/cpdbv2-backend-VA82Wl8V-py3.7/lib/python3.7/site-packages/urllib3/connectionpool.py", line 392, in _make_request
    conn.request(method, url, **httplib_request_kw)
  File "/usr/local/lib/python3.7/http/client.py", line 1281, in request
    self._send_request(method, url, body, headers, encode_chunked)
  File "/usr/local/lib/python3.7/http/client.py", line 1327, in _send_request
    self.endheaders(body, encode_chunked=encode_chunked)
  File "/usr/local/lib/python3.7/http/client.py", line 1276, in endheaders
    self._send_output(message_body, encode_chunked=encode_chunked)
  File "/usr/local/lib/python3.7/http/client.py", line 1036, in _send_output
    self.send(msg)
  File "/usr/local/lib/python3.7/http/client.py", line 976, in send
    self.connect()
  File "/root/.cache/pypoetry/virtualenvs/cpdbv2-backend-VA82Wl8V-py3.7/lib/python3.7/site-packages/urllib3/connection.py", line 187, in connect
    conn = self._new_conn()
  File "/root/.cache/pypoetry/virtualenvs/cpdbv2-backend-VA82Wl8V-py3.7/lib/python3.7/site-packages/urllib3/connection.py", line 172, in _new_conn
    self, "Failed to establish a new connection: %s" % e
urllib3.exceptions.NewConnectionError: <urllib3.connection.HTTPConnection object at 0x7ff06900dcd0>: Failed to establish a new connection: [Errno -2] Name or service not known
elasticsearch: DEBUG: > None
urllib3.util.retry: DEBUG: Converted retries value: False -> Retry(total=False, connect=None, read=None, redirect=0, status=None)
urllib3.connectionpool: DEBUG: Starting new HTTP connection (542): elasticsearch:9200
elasticsearch: WARNING: DELETE http://elasticsearch:9200/test_tracker_c97d3965-996f-4fbb-b4a7-1038423423bd [status:N/A request:0.007s]
Traceback (most recent call last):
  File "/root/.cache/pypoetry/virtualenvs/cpdbv2-backend-VA82Wl8V-py3.7/lib/python3.7/site-packages/urllib3/connection.py", line 160, in _new_conn
    (self._dns_host, self.port), self.timeout, **extra_kw
  File "/root/.cache/pypoetry/virtualenvs/cpdbv2-backend-VA82Wl8V-py3.7/lib/python3.7/site-packages/urllib3/util/connection.py", line 61, in create_connection
    for res in socket.getaddrinfo(host, port, family, socket.SOCK_STREAM):
  File "/usr/local/lib/python3.7/socket.py", line 752, in getaddrinfo
    for res in _socket.getaddrinfo(host, port, family, type, proto, flags):
socket.gaierror: [Errno -2] Name or service not known

During handling of the above exception, another exception occurred:

Traceback (most recent call last):
  File "/root/.cache/pypoetry/virtualenvs/cpdbv2-backend-VA82Wl8V-py3.7/lib/python3.7/site-packages/elasticsearch/connection/http_urllib3.py", line 115, in perform_request
    response = self.pool.urlopen(method, url, body, retries=False, headers=self.headers, **kw)
  File "/root/.cache/pypoetry/virtualenvs/cpdbv2-backend-VA82Wl8V-py3.7/lib/python3.7/site-packages/urllib3/connectionpool.py", line 727, in urlopen
    method, url, error=e, _pool=self, _stacktrace=sys.exc_info()[2]
  File "/root/.cache/pypoetry/virtualenvs/cpdbv2-backend-VA82Wl8V-py3.7/lib/python3.7/site-packages/urllib3/util/retry.py", line 386, in increment
    raise six.reraise(type(error), error, _stacktrace)
  File "/root/.cache/pypoetry/virtualenvs/cpdbv2-backend-VA82Wl8V-py3.7/lib/python3.7/site-packages/urllib3/packages/six.py", line 735, in reraise
    raise value
  File "/root/.cache/pypoetry/virtualenvs/cpdbv2-backend-VA82Wl8V-py3.7/lib/python3.7/site-packages/urllib3/connectionpool.py", line 677, in urlopen
    chunked=chunked,
  File "/root/.cache/pypoetry/virtualenvs/cpdbv2-backend-VA82Wl8V-py3.7/lib/python3.7/site-packages/urllib3/connectionpool.py", line 392, in _make_request
    conn.request(method, url, **httplib_request_kw)
  File "/usr/local/lib/python3.7/http/client.py", line 1281, in request
    self._send_request(method, url, body, headers, encode_chunked)
  File "/usr/local/lib/python3.7/http/client.py", line 1327, in _send_request
    self.endheaders(body, encode_chunked=encode_chunked)
  File "/usr/local/lib/python3.7/http/client.py", line 1276, in endheaders
    self._send_output(message_body, encode_chunked=encode_chunked)
  File "/usr/local/lib/python3.7/http/client.py", line 1036, in _send_output
    self.send(msg)
  File "/usr/local/lib/python3.7/http/client.py", line 976, in send
    self.connect()
  File "/root/.cache/pypoetry/virtualenvs/cpdbv2-backend-VA82Wl8V-py3.7/lib/python3.7/site-packages/urllib3/connection.py", line 187, in connect
    conn = self._new_conn()
  File "/root/.cache/pypoetry/virtualenvs/cpdbv2-backend-VA82Wl8V-py3.7/lib/python3.7/site-packages/urllib3/connection.py", line 172, in _new_conn
    self, "Failed to establish a new connection: %s" % e
urllib3.exceptions.NewConnectionError: <urllib3.connection.HTTPConnection object at 0x7ff069045590>: Failed to establish a new connection: [Errno -2] Name or service not known
elasticsearch: DEBUG: > None
urllib3.util.retry: DEBUG: Converted retries value: False -> Retry(total=False, connect=None, read=None, redirect=0, status=None)
urllib3.connectionpool: DEBUG: Starting new HTTP connection (543): elasticsearch:9200
elasticsearch: WARNING: DELETE http://elasticsearch:9200/test_tracker_c97d3965-996f-4fbb-b4a7-1038423423bd [status:N/A request:0.004s]
Traceback (most recent call last):
  File "/root/.cache/pypoetry/virtualenvs/cpdbv2-backend-VA82Wl8V-py3.7/lib/python3.7/site-packages/urllib3/connection.py", line 160, in _new_conn
    (self._dns_host, self.port), self.timeout, **extra_kw
  File "/root/.cache/pypoetry/virtualenvs/cpdbv2-backend-VA82Wl8V-py3.7/lib/python3.7/site-packages/urllib3/util/connection.py", line 61, in create_connection
    for res in socket.getaddrinfo(host, port, family, socket.SOCK_STREAM):
  File "/usr/local/lib/python3.7/socket.py", line 752, in getaddrinfo
    for res in _socket.getaddrinfo(host, port, family, type, proto, flags):
socket.gaierror: [Errno -2] Name or service not known

During handling of the above exception, another exception occurred:

Traceback (most recent call last):
  File "/root/.cache/pypoetry/virtualenvs/cpdbv2-backend-VA82Wl8V-py3.7/lib/python3.7/site-packages/elasticsearch/connection/http_urllib3.py", line 115, in perform_request
    response = self.pool.urlopen(method, url, body, retries=False, headers=self.headers, **kw)
  File "/root/.cache/pypoetry/virtualenvs/cpdbv2-backend-VA82Wl8V-py3.7/lib/python3.7/site-packages/urllib3/connectionpool.py", line 727, in urlopen
    method, url, error=e, _pool=self, _stacktrace=sys.exc_info()[2]
  File "/root/.cache/pypoetry/virtualenvs/cpdbv2-backend-VA82Wl8V-py3.7/lib/python3.7/site-packages/urllib3/util/retry.py", line 386, in increment
    raise six.reraise(type(error), error, _stacktrace)
  File "/root/.cache/pypoetry/virtualenvs/cpdbv2-backend-VA82Wl8V-py3.7/lib/python3.7/site-packages/urllib3/packages/six.py", line 735, in reraise
    raise value
  File "/root/.cache/pypoetry/virtualenvs/cpdbv2-backend-VA82Wl8V-py3.7/lib/python3.7/site-packages/urllib3/connectionpool.py", line 677, in urlopen
    chunked=chunked,
  File "/root/.cache/pypoetry/virtualenvs/cpdbv2-backend-VA82Wl8V-py3.7/lib/python3.7/site-packages/urllib3/connectionpool.py", line 392, in _make_request
    conn.request(method, url, **httplib_request_kw)
  File "/usr/local/lib/python3.7/http/client.py", line 1281, in request
    self._send_request(method, url, body, headers, encode_chunked)
  File "/usr/local/lib/python3.7/http/client.py", line 1327, in _send_request
    self.endheaders(body, encode_chunked=encode_chunked)
  File "/usr/local/lib/python3.7/http/client.py", line 1276, in endheaders
    self._send_output(message_body, encode_chunked=encode_chunked)
  File "/usr/local/lib/python3.7/http/client.py", line 1036, in _send_output
    self.send(msg)
  File "/usr/local/lib/python3.7/http/client.py", line 976, in send
    self.connect()
  File "/root/.cache/pypoetry/virtualenvs/cpdbv2-backend-VA82Wl8V-py3.7/lib/python3.7/site-packages/urllib3/connection.py", line 187, in connect
    conn = self._new_conn()
  File "/root/.cache/pypoetry/virtualenvs/cpdbv2-backend-VA82Wl8V-py3.7/lib/python3.7/site-packages/urllib3/connection.py", line 172, in _new_conn
    self, "Failed to establish a new connection: %s" % e
urllib3.exceptions.NewConnectionError: <urllib3.connection.HTTPConnection object at 0x7ff0690451d0>: Failed to establish a new connection: [Errno -2] Name or service not known
elasticsearch: DEBUG: > None
urllib3.util.retry: DEBUG: Converted retries value: False -> Retry(total=False, connect=None, read=None, redirect=0, status=None)
urllib3.connectionpool: DEBUG: Starting new HTTP connection (544): elasticsearch:9200
elasticsearch: WARNING: DELETE http://elasticsearch:9200/test_tracker_c97d3965-996f-4fbb-b4a7-1038423423bd [status:N/A request:0.004s]
Traceback (most recent call last):
  File "/root/.cache/pypoetry/virtualenvs/cpdbv2-backend-VA82Wl8V-py3.7/lib/python3.7/site-packages/urllib3/connection.py", line 160, in _new_conn
    (self._dns_host, self.port), self.timeout, **extra_kw
  File "/root/.cache/pypoetry/virtualenvs/cpdbv2-backend-VA82Wl8V-py3.7/lib/python3.7/site-packages/urllib3/util/connection.py", line 61, in create_connection
    for res in socket.getaddrinfo(host, port, family, socket.SOCK_STREAM):
  File "/usr/local/lib/python3.7/socket.py", line 752, in getaddrinfo
    for res in _socket.getaddrinfo(host, port, family, type, proto, flags):
socket.gaierror: [Errno -2] Name or service not known

During handling of the above exception, another exception occurred:

Traceback (most recent call last):
  File "/root/.cache/pypoetry/virtualenvs/cpdbv2-backend-VA82Wl8V-py3.7/lib/python3.7/site-packages/elasticsearch/connection/http_urllib3.py", line 115, in perform_request
    response = self.pool.urlopen(method, url, body, retries=False, headers=self.headers, **kw)
  File "/root/.cache/pypoetry/virtualenvs/cpdbv2-backend-VA82Wl8V-py3.7/lib/python3.7/site-packages/urllib3/connectionpool.py", line 727, in urlopen
    method, url, error=e, _pool=self, _stacktrace=sys.exc_info()[2]
  File "/root/.cache/pypoetry/virtualenvs/cpdbv2-backend-VA82Wl8V-py3.7/lib/python3.7/site-packages/urllib3/util/retry.py", line 386, in increment
    raise six.reraise(type(error), error, _stacktrace)
  File "/root/.cache/pypoetry/virtualenvs/cpdbv2-backend-VA82Wl8V-py3.7/lib/python3.7/site-packages/urllib3/packages/six.py", line 735, in reraise
    raise value
  File "/root/.cache/pypoetry/virtualenvs/cpdbv2-backend-VA82Wl8V-py3.7/lib/python3.7/site-packages/urllib3/connectionpool.py", line 677, in urlopen
    chunked=chunked,
  File "/root/.cache/pypoetry/virtualenvs/cpdbv2-backend-VA82Wl8V-py3.7/lib/python3.7/site-packages/urllib3/connectionpool.py", line 392, in _make_request
    conn.request(method, url, **httplib_request_kw)
  File "/usr/local/lib/python3.7/http/client.py", line 1281, in request
    self._send_request(method, url, body, headers, encode_chunked)
  File "/usr/local/lib/python3.7/http/client.py", line 1327, in _send_request
    self.endheaders(body, encode_chunked=encode_chunked)
  File "/usr/local/lib/python3.7/http/client.py", line 1276, in endheaders
    self._send_output(message_body, encode_chunked=encode_chunked)
  File "/usr/local/lib/python3.7/http/client.py", line 1036, in _send_output
    self.send(msg)
  File "/usr/local/lib/python3.7/http/client.py", line 976, in send
    self.connect()
  File "/root/.cache/pypoetry/virtualenvs/cpdbv2-backend-VA82Wl8V-py3.7/lib/python3.7/site-packages/urllib3/connection.py", line 187, in connect
    conn = self._new_conn()
  File "/root/.cache/pypoetry/virtualenvs/cpdbv2-backend-VA82Wl8V-py3.7/lib/python3.7/site-packages/urllib3/connection.py", line 172, in _new_conn
    self, "Failed to establish a new connection: %s" % e
urllib3.exceptions.NewConnectionError: <urllib3.connection.HTTPConnection object at 0x7ff068941290>: Failed to establish a new connection: [Errno -2] Name or service not known
elasticsearch: DEBUG: > None
--------------------- >> end captured logging << ---------------------

======================================================================
ERROR: test_retrieve_unauthenticated_user (tracker.tests.test_views.AttachmentAPITestCase)
----------------------------------------------------------------------
Traceback (most recent call last):
  File "/usr/src/app/cpdb/tracker/tests/mixins.py", line 7, in setUp
    tracker_index_alias.write_index.delete(ignore=404)
  File "/root/.cache/pypoetry/virtualenvs/cpdbv2-backend-VA82Wl8V-py3.7/lib/python3.7/site-packages/elasticsearch_dsl/index.py", line 222, in delete
    self.connection.indices.delete(index=self._name, **kwargs)
  File "/root/.cache/pypoetry/virtualenvs/cpdbv2-backend-VA82Wl8V-py3.7/lib/python3.7/site-packages/elasticsearch/client/utils.py", line 73, in _wrapped
    return func(*args, params=params, **kwargs)
  File "/root/.cache/pypoetry/virtualenvs/cpdbv2-backend-VA82Wl8V-py3.7/lib/python3.7/site-packages/elasticsearch/client/indices.py", line 200, in delete
    params=params)
  File "/root/.cache/pypoetry/virtualenvs/cpdbv2-backend-VA82Wl8V-py3.7/lib/python3.7/site-packages/elasticsearch/transport.py", line 312, in perform_request
    status, headers, data = connection.perform_request(method, url, params, body, ignore=ignore, timeout=timeout)
  File "/root/.cache/pypoetry/virtualenvs/cpdbv2-backend-VA82Wl8V-py3.7/lib/python3.7/site-packages/elasticsearch/connection/http_urllib3.py", line 124, in perform_request
    raise ConnectionError('N/A', str(e), e)
elasticsearch.exceptions.ConnectionError: ConnectionError(<urllib3.connection.HTTPConnection object at 0x7ff069020b50>: Failed to establish a new connection: [Errno -2] Name or service not known) caused by: NewConnectionError(<urllib3.connection.HTTPConnection object at 0x7ff069020b50>: Failed to establish a new connection: [Errno -2] Name or service not known)
-------------------- >> begin captured logging << --------------------
urllib3.util.retry: DEBUG: Converted retries value: False -> Retry(total=False, connect=None, read=None, redirect=0, status=None)
urllib3.connectionpool: DEBUG: Starting new HTTP connection (545): elasticsearch:9200
elasticsearch: WARNING: DELETE http://elasticsearch:9200/test_tracker_c97d3965-996f-4fbb-b4a7-1038423423bd [status:N/A request:0.005s]
Traceback (most recent call last):
  File "/root/.cache/pypoetry/virtualenvs/cpdbv2-backend-VA82Wl8V-py3.7/lib/python3.7/site-packages/urllib3/connection.py", line 160, in _new_conn
    (self._dns_host, self.port), self.timeout, **extra_kw
  File "/root/.cache/pypoetry/virtualenvs/cpdbv2-backend-VA82Wl8V-py3.7/lib/python3.7/site-packages/urllib3/util/connection.py", line 61, in create_connection
    for res in socket.getaddrinfo(host, port, family, socket.SOCK_STREAM):
  File "/usr/local/lib/python3.7/socket.py", line 752, in getaddrinfo
    for res in _socket.getaddrinfo(host, port, family, type, proto, flags):
socket.gaierror: [Errno -2] Name or service not known

During handling of the above exception, another exception occurred:

Traceback (most recent call last):
  File "/root/.cache/pypoetry/virtualenvs/cpdbv2-backend-VA82Wl8V-py3.7/lib/python3.7/site-packages/elasticsearch/connection/http_urllib3.py", line 115, in perform_request
    response = self.pool.urlopen(method, url, body, retries=False, headers=self.headers, **kw)
  File "/root/.cache/pypoetry/virtualenvs/cpdbv2-backend-VA82Wl8V-py3.7/lib/python3.7/site-packages/urllib3/connectionpool.py", line 727, in urlopen
    method, url, error=e, _pool=self, _stacktrace=sys.exc_info()[2]
  File "/root/.cache/pypoetry/virtualenvs/cpdbv2-backend-VA82Wl8V-py3.7/lib/python3.7/site-packages/urllib3/util/retry.py", line 386, in increment
    raise six.reraise(type(error), error, _stacktrace)
  File "/root/.cache/pypoetry/virtualenvs/cpdbv2-backend-VA82Wl8V-py3.7/lib/python3.7/site-packages/urllib3/packages/six.py", line 735, in reraise
    raise value
  File "/root/.cache/pypoetry/virtualenvs/cpdbv2-backend-VA82Wl8V-py3.7/lib/python3.7/site-packages/urllib3/connectionpool.py", line 677, in urlopen
    chunked=chunked,
  File "/root/.cache/pypoetry/virtualenvs/cpdbv2-backend-VA82Wl8V-py3.7/lib/python3.7/site-packages/urllib3/connectionpool.py", line 392, in _make_request
    conn.request(method, url, **httplib_request_kw)
  File "/usr/local/lib/python3.7/http/client.py", line 1281, in request
    self._send_request(method, url, body, headers, encode_chunked)
  File "/usr/local/lib/python3.7/http/client.py", line 1327, in _send_request
    self.endheaders(body, encode_chunked=encode_chunked)
  File "/usr/local/lib/python3.7/http/client.py", line 1276, in endheaders
    self._send_output(message_body, encode_chunked=encode_chunked)
  File "/usr/local/lib/python3.7/http/client.py", line 1036, in _send_output
    self.send(msg)
  File "/usr/local/lib/python3.7/http/client.py", line 976, in send
    self.connect()
  File "/root/.cache/pypoetry/virtualenvs/cpdbv2-backend-VA82Wl8V-py3.7/lib/python3.7/site-packages/urllib3/connection.py", line 187, in connect
    conn = self._new_conn()
  File "/root/.cache/pypoetry/virtualenvs/cpdbv2-backend-VA82Wl8V-py3.7/lib/python3.7/site-packages/urllib3/connection.py", line 172, in _new_conn
    self, "Failed to establish a new connection: %s" % e
urllib3.exceptions.NewConnectionError: <urllib3.connection.HTTPConnection object at 0x7ff068ed1150>: Failed to establish a new connection: [Errno -2] Name or service not known
elasticsearch: DEBUG: > None
urllib3.util.retry: DEBUG: Converted retries value: False -> Retry(total=False, connect=None, read=None, redirect=0, status=None)
urllib3.connectionpool: DEBUG: Starting new HTTP connection (546): elasticsearch:9200
elasticsearch: WARNING: DELETE http://elasticsearch:9200/test_tracker_c97d3965-996f-4fbb-b4a7-1038423423bd [status:N/A request:0.004s]
Traceback (most recent call last):
  File "/root/.cache/pypoetry/virtualenvs/cpdbv2-backend-VA82Wl8V-py3.7/lib/python3.7/site-packages/urllib3/connection.py", line 160, in _new_conn
    (self._dns_host, self.port), self.timeout, **extra_kw
  File "/root/.cache/pypoetry/virtualenvs/cpdbv2-backend-VA82Wl8V-py3.7/lib/python3.7/site-packages/urllib3/util/connection.py", line 61, in create_connection
    for res in socket.getaddrinfo(host, port, family, socket.SOCK_STREAM):
  File "/usr/local/lib/python3.7/socket.py", line 752, in getaddrinfo
    for res in _socket.getaddrinfo(host, port, family, type, proto, flags):
socket.gaierror: [Errno -2] Name or service not known

During handling of the above exception, another exception occurred:

Traceback (most recent call last):
  File "/root/.cache/pypoetry/virtualenvs/cpdbv2-backend-VA82Wl8V-py3.7/lib/python3.7/site-packages/elasticsearch/connection/http_urllib3.py", line 115, in perform_request
    response = self.pool.urlopen(method, url, body, retries=False, headers=self.headers, **kw)
  File "/root/.cache/pypoetry/virtualenvs/cpdbv2-backend-VA82Wl8V-py3.7/lib/python3.7/site-packages/urllib3/connectionpool.py", line 727, in urlopen
    method, url, error=e, _pool=self, _stacktrace=sys.exc_info()[2]
  File "/root/.cache/pypoetry/virtualenvs/cpdbv2-backend-VA82Wl8V-py3.7/lib/python3.7/site-packages/urllib3/util/retry.py", line 386, in increment
    raise six.reraise(type(error), error, _stacktrace)
  File "/root/.cache/pypoetry/virtualenvs/cpdbv2-backend-VA82Wl8V-py3.7/lib/python3.7/site-packages/urllib3/packages/six.py", line 735, in reraise
    raise value
  File "/root/.cache/pypoetry/virtualenvs/cpdbv2-backend-VA82Wl8V-py3.7/lib/python3.7/site-packages/urllib3/connectionpool.py", line 677, in urlopen
    chunked=chunked,
  File "/root/.cache/pypoetry/virtualenvs/cpdbv2-backend-VA82Wl8V-py3.7/lib/python3.7/site-packages/urllib3/connectionpool.py", line 392, in _make_request
    conn.request(method, url, **httplib_request_kw)
  File "/usr/local/lib/python3.7/http/client.py", line 1281, in request
    self._send_request(method, url, body, headers, encode_chunked)
  File "/usr/local/lib/python3.7/http/client.py", line 1327, in _send_request
    self.endheaders(body, encode_chunked=encode_chunked)
  File "/usr/local/lib/python3.7/http/client.py", line 1276, in endheaders
    self._send_output(message_body, encode_chunked=encode_chunked)
  File "/usr/local/lib/python3.7/http/client.py", line 1036, in _send_output
    self.send(msg)
  File "/usr/local/lib/python3.7/http/client.py", line 976, in send
    self.connect()
  File "/root/.cache/pypoetry/virtualenvs/cpdbv2-backend-VA82Wl8V-py3.7/lib/python3.7/site-packages/urllib3/connection.py", line 187, in connect
    conn = self._new_conn()
  File "/root/.cache/pypoetry/virtualenvs/cpdbv2-backend-VA82Wl8V-py3.7/lib/python3.7/site-packages/urllib3/connection.py", line 172, in _new_conn
    self, "Failed to establish a new connection: %s" % e
urllib3.exceptions.NewConnectionError: <urllib3.connection.HTTPConnection object at 0x7ff06905ce10>: Failed to establish a new connection: [Errno -2] Name or service not known
elasticsearch: DEBUG: > None
urllib3.util.retry: DEBUG: Converted retries value: False -> Retry(total=False, connect=None, read=None, redirect=0, status=None)
urllib3.connectionpool: DEBUG: Starting new HTTP connection (547): elasticsearch:9200
elasticsearch: WARNING: DELETE http://elasticsearch:9200/test_tracker_c97d3965-996f-4fbb-b4a7-1038423423bd [status:N/A request:0.005s]
Traceback (most recent call last):
  File "/root/.cache/pypoetry/virtualenvs/cpdbv2-backend-VA82Wl8V-py3.7/lib/python3.7/site-packages/urllib3/connection.py", line 160, in _new_conn
    (self._dns_host, self.port), self.timeout, **extra_kw
  File "/root/.cache/pypoetry/virtualenvs/cpdbv2-backend-VA82Wl8V-py3.7/lib/python3.7/site-packages/urllib3/util/connection.py", line 61, in create_connection
    for res in socket.getaddrinfo(host, port, family, socket.SOCK_STREAM):
  File "/usr/local/lib/python3.7/socket.py", line 752, in getaddrinfo
    for res in _socket.getaddrinfo(host, port, family, type, proto, flags):
socket.gaierror: [Errno -2] Name or service not known

During handling of the above exception, another exception occurred:

Traceback (most recent call last):
  File "/root/.cache/pypoetry/virtualenvs/cpdbv2-backend-VA82Wl8V-py3.7/lib/python3.7/site-packages/elasticsearch/connection/http_urllib3.py", line 115, in perform_request
    response = self.pool.urlopen(method, url, body, retries=False, headers=self.headers, **kw)
  File "/root/.cache/pypoetry/virtualenvs/cpdbv2-backend-VA82Wl8V-py3.7/lib/python3.7/site-packages/urllib3/connectionpool.py", line 727, in urlopen
    method, url, error=e, _pool=self, _stacktrace=sys.exc_info()[2]
  File "/root/.cache/pypoetry/virtualenvs/cpdbv2-backend-VA82Wl8V-py3.7/lib/python3.7/site-packages/urllib3/util/retry.py", line 386, in increment
    raise six.reraise(type(error), error, _stacktrace)
  File "/root/.cache/pypoetry/virtualenvs/cpdbv2-backend-VA82Wl8V-py3.7/lib/python3.7/site-packages/urllib3/packages/six.py", line 735, in reraise
    raise value
  File "/root/.cache/pypoetry/virtualenvs/cpdbv2-backend-VA82Wl8V-py3.7/lib/python3.7/site-packages/urllib3/connectionpool.py", line 677, in urlopen
    chunked=chunked,
  File "/root/.cache/pypoetry/virtualenvs/cpdbv2-backend-VA82Wl8V-py3.7/lib/python3.7/site-packages/urllib3/connectionpool.py", line 392, in _make_request
    conn.request(method, url, **httplib_request_kw)
  File "/usr/local/lib/python3.7/http/client.py", line 1281, in request
    self._send_request(method, url, body, headers, encode_chunked)
  File "/usr/local/lib/python3.7/http/client.py", line 1327, in _send_request
    self.endheaders(body, encode_chunked=encode_chunked)
  File "/usr/local/lib/python3.7/http/client.py", line 1276, in endheaders
    self._send_output(message_body, encode_chunked=encode_chunked)
  File "/usr/local/lib/python3.7/http/client.py", line 1036, in _send_output
    self.send(msg)
  File "/usr/local/lib/python3.7/http/client.py", line 976, in send
    self.connect()
  File "/root/.cache/pypoetry/virtualenvs/cpdbv2-backend-VA82Wl8V-py3.7/lib/python3.7/site-packages/urllib3/connection.py", line 187, in connect
    conn = self._new_conn()
  File "/root/.cache/pypoetry/virtualenvs/cpdbv2-backend-VA82Wl8V-py3.7/lib/python3.7/site-packages/urllib3/connection.py", line 172, in _new_conn
    self, "Failed to establish a new connection: %s" % e
urllib3.exceptions.NewConnectionError: <urllib3.connection.HTTPConnection object at 0x7ff06901cf10>: Failed to establish a new connection: [Errno -2] Name or service not known
elasticsearch: DEBUG: > None
urllib3.util.retry: DEBUG: Converted retries value: False -> Retry(total=False, connect=None, read=None, redirect=0, status=None)
urllib3.connectionpool: DEBUG: Starting new HTTP connection (548): elasticsearch:9200
elasticsearch: WARNING: DELETE http://elasticsearch:9200/test_tracker_c97d3965-996f-4fbb-b4a7-1038423423bd [status:N/A request:0.004s]
Traceback (most recent call last):
  File "/root/.cache/pypoetry/virtualenvs/cpdbv2-backend-VA82Wl8V-py3.7/lib/python3.7/site-packages/urllib3/connection.py", line 160, in _new_conn
    (self._dns_host, self.port), self.timeout, **extra_kw
  File "/root/.cache/pypoetry/virtualenvs/cpdbv2-backend-VA82Wl8V-py3.7/lib/python3.7/site-packages/urllib3/util/connection.py", line 61, in create_connection
    for res in socket.getaddrinfo(host, port, family, socket.SOCK_STREAM):
  File "/usr/local/lib/python3.7/socket.py", line 752, in getaddrinfo
    for res in _socket.getaddrinfo(host, port, family, type, proto, flags):
socket.gaierror: [Errno -2] Name or service not known

During handling of the above exception, another exception occurred:

Traceback (most recent call last):
  File "/root/.cache/pypoetry/virtualenvs/cpdbv2-backend-VA82Wl8V-py3.7/lib/python3.7/site-packages/elasticsearch/connection/http_urllib3.py", line 115, in perform_request
    response = self.pool.urlopen(method, url, body, retries=False, headers=self.headers, **kw)
  File "/root/.cache/pypoetry/virtualenvs/cpdbv2-backend-VA82Wl8V-py3.7/lib/python3.7/site-packages/urllib3/connectionpool.py", line 727, in urlopen
    method, url, error=e, _pool=self, _stacktrace=sys.exc_info()[2]
  File "/root/.cache/pypoetry/virtualenvs/cpdbv2-backend-VA82Wl8V-py3.7/lib/python3.7/site-packages/urllib3/util/retry.py", line 386, in increment
    raise six.reraise(type(error), error, _stacktrace)
  File "/root/.cache/pypoetry/virtualenvs/cpdbv2-backend-VA82Wl8V-py3.7/lib/python3.7/site-packages/urllib3/packages/six.py", line 735, in reraise
    raise value
  File "/root/.cache/pypoetry/virtualenvs/cpdbv2-backend-VA82Wl8V-py3.7/lib/python3.7/site-packages/urllib3/connectionpool.py", line 677, in urlopen
    chunked=chunked,
  File "/root/.cache/pypoetry/virtualenvs/cpdbv2-backend-VA82Wl8V-py3.7/lib/python3.7/site-packages/urllib3/connectionpool.py", line 392, in _make_request
    conn.request(method, url, **httplib_request_kw)
  File "/usr/local/lib/python3.7/http/client.py", line 1281, in request
    self._send_request(method, url, body, headers, encode_chunked)
  File "/usr/local/lib/python3.7/http/client.py", line 1327, in _send_request
    self.endheaders(body, encode_chunked=encode_chunked)
  File "/usr/local/lib/python3.7/http/client.py", line 1276, in endheaders
    self._send_output(message_body, encode_chunked=encode_chunked)
  File "/usr/local/lib/python3.7/http/client.py", line 1036, in _send_output
    self.send(msg)
  File "/usr/local/lib/python3.7/http/client.py", line 976, in send
    self.connect()
  File "/root/.cache/pypoetry/virtualenvs/cpdbv2-backend-VA82Wl8V-py3.7/lib/python3.7/site-packages/urllib3/connection.py", line 187, in connect
    conn = self._new_conn()
  File "/root/.cache/pypoetry/virtualenvs/cpdbv2-backend-VA82Wl8V-py3.7/lib/python3.7/site-packages/urllib3/connection.py", line 172, in _new_conn
    self, "Failed to establish a new connection: %s" % e
urllib3.exceptions.NewConnectionError: <urllib3.connection.HTTPConnection object at 0x7ff069020b50>: Failed to establish a new connection: [Errno -2] Name or service not known
elasticsearch: DEBUG: > None
--------------------- >> end captured logging << ---------------------

======================================================================
ERROR: test_tags (tracker.tests.test_views.AttachmentAPITestCase)
----------------------------------------------------------------------
Traceback (most recent call last):
  File "/usr/src/app/cpdb/tracker/tests/mixins.py", line 7, in setUp
    tracker_index_alias.write_index.delete(ignore=404)
  File "/root/.cache/pypoetry/virtualenvs/cpdbv2-backend-VA82Wl8V-py3.7/lib/python3.7/site-packages/elasticsearch_dsl/index.py", line 222, in delete
    self.connection.indices.delete(index=self._name, **kwargs)
  File "/root/.cache/pypoetry/virtualenvs/cpdbv2-backend-VA82Wl8V-py3.7/lib/python3.7/site-packages/elasticsearch/client/utils.py", line 73, in _wrapped
    return func(*args, params=params, **kwargs)
  File "/root/.cache/pypoetry/virtualenvs/cpdbv2-backend-VA82Wl8V-py3.7/lib/python3.7/site-packages/elasticsearch/client/indices.py", line 200, in delete
    params=params)
  File "/root/.cache/pypoetry/virtualenvs/cpdbv2-backend-VA82Wl8V-py3.7/lib/python3.7/site-packages/elasticsearch/transport.py", line 312, in perform_request
    status, headers, data = connection.perform_request(method, url, params, body, ignore=ignore, timeout=timeout)
  File "/root/.cache/pypoetry/virtualenvs/cpdbv2-backend-VA82Wl8V-py3.7/lib/python3.7/site-packages/elasticsearch/connection/http_urllib3.py", line 124, in perform_request
    raise ConnectionError('N/A', str(e), e)
elasticsearch.exceptions.ConnectionError: ConnectionError(<urllib3.connection.HTTPConnection object at 0x7ff06905b610>: Failed to establish a new connection: [Errno -2] Name or service not known) caused by: NewConnectionError(<urllib3.connection.HTTPConnection object at 0x7ff06905b610>: Failed to establish a new connection: [Errno -2] Name or service not known)
-------------------- >> begin captured logging << --------------------
urllib3.util.retry: DEBUG: Converted retries value: False -> Retry(total=False, connect=None, read=None, redirect=0, status=None)
urllib3.connectionpool: DEBUG: Starting new HTTP connection (549): elasticsearch:9200
elasticsearch: WARNING: DELETE http://elasticsearch:9200/test_tracker_c97d3965-996f-4fbb-b4a7-1038423423bd [status:N/A request:0.004s]
Traceback (most recent call last):
  File "/root/.cache/pypoetry/virtualenvs/cpdbv2-backend-VA82Wl8V-py3.7/lib/python3.7/site-packages/urllib3/connection.py", line 160, in _new_conn
    (self._dns_host, self.port), self.timeout, **extra_kw
  File "/root/.cache/pypoetry/virtualenvs/cpdbv2-backend-VA82Wl8V-py3.7/lib/python3.7/site-packages/urllib3/util/connection.py", line 61, in create_connection
    for res in socket.getaddrinfo(host, port, family, socket.SOCK_STREAM):
  File "/usr/local/lib/python3.7/socket.py", line 752, in getaddrinfo
    for res in _socket.getaddrinfo(host, port, family, type, proto, flags):
socket.gaierror: [Errno -2] Name or service not known

During handling of the above exception, another exception occurred:

Traceback (most recent call last):
  File "/root/.cache/pypoetry/virtualenvs/cpdbv2-backend-VA82Wl8V-py3.7/lib/python3.7/site-packages/elasticsearch/connection/http_urllib3.py", line 115, in perform_request
    response = self.pool.urlopen(method, url, body, retries=False, headers=self.headers, **kw)
  File "/root/.cache/pypoetry/virtualenvs/cpdbv2-backend-VA82Wl8V-py3.7/lib/python3.7/site-packages/urllib3/connectionpool.py", line 727, in urlopen
    method, url, error=e, _pool=self, _stacktrace=sys.exc_info()[2]
  File "/root/.cache/pypoetry/virtualenvs/cpdbv2-backend-VA82Wl8V-py3.7/lib/python3.7/site-packages/urllib3/util/retry.py", line 386, in increment
    raise six.reraise(type(error), error, _stacktrace)
  File "/root/.cache/pypoetry/virtualenvs/cpdbv2-backend-VA82Wl8V-py3.7/lib/python3.7/site-packages/urllib3/packages/six.py", line 735, in reraise
    raise value
  File "/root/.cache/pypoetry/virtualenvs/cpdbv2-backend-VA82Wl8V-py3.7/lib/python3.7/site-packages/urllib3/connectionpool.py", line 677, in urlopen
    chunked=chunked,
  File "/root/.cache/pypoetry/virtualenvs/cpdbv2-backend-VA82Wl8V-py3.7/lib/python3.7/site-packages/urllib3/connectionpool.py", line 392, in _make_request
    conn.request(method, url, **httplib_request_kw)
  File "/usr/local/lib/python3.7/http/client.py", line 1281, in request
    self._send_request(method, url, body, headers, encode_chunked)
  File "/usr/local/lib/python3.7/http/client.py", line 1327, in _send_request
    self.endheaders(body, encode_chunked=encode_chunked)
  File "/usr/local/lib/python3.7/http/client.py", line 1276, in endheaders
    self._send_output(message_body, encode_chunked=encode_chunked)
  File "/usr/local/lib/python3.7/http/client.py", line 1036, in _send_output
    self.send(msg)
  File "/usr/local/lib/python3.7/http/client.py", line 976, in send
    self.connect()
  File "/root/.cache/pypoetry/virtualenvs/cpdbv2-backend-VA82Wl8V-py3.7/lib/python3.7/site-packages/urllib3/connection.py", line 187, in connect
    conn = self._new_conn()
  File "/root/.cache/pypoetry/virtualenvs/cpdbv2-backend-VA82Wl8V-py3.7/lib/python3.7/site-packages/urllib3/connection.py", line 172, in _new_conn
    self, "Failed to establish a new connection: %s" % e
urllib3.exceptions.NewConnectionError: <urllib3.connection.HTTPConnection object at 0x7ff06901d650>: Failed to establish a new connection: [Errno -2] Name or service not known
elasticsearch: DEBUG: > None
urllib3.util.retry: DEBUG: Converted retries value: False -> Retry(total=False, connect=None, read=None, redirect=0, status=None)
urllib3.connectionpool: DEBUG: Starting new HTTP connection (550): elasticsearch:9200
elasticsearch: WARNING: DELETE http://elasticsearch:9200/test_tracker_c97d3965-996f-4fbb-b4a7-1038423423bd [status:N/A request:0.005s]
Traceback (most recent call last):
  File "/root/.cache/pypoetry/virtualenvs/cpdbv2-backend-VA82Wl8V-py3.7/lib/python3.7/site-packages/urllib3/connection.py", line 160, in _new_conn
    (self._dns_host, self.port), self.timeout, **extra_kw
  File "/root/.cache/pypoetry/virtualenvs/cpdbv2-backend-VA82Wl8V-py3.7/lib/python3.7/site-packages/urllib3/util/connection.py", line 61, in create_connection
    for res in socket.getaddrinfo(host, port, family, socket.SOCK_STREAM):
  File "/usr/local/lib/python3.7/socket.py", line 752, in getaddrinfo
    for res in _socket.getaddrinfo(host, port, family, type, proto, flags):
socket.gaierror: [Errno -2] Name or service not known

During handling of the above exception, another exception occurred:

Traceback (most recent call last):
  File "/root/.cache/pypoetry/virtualenvs/cpdbv2-backend-VA82Wl8V-py3.7/lib/python3.7/site-packages/elasticsearch/connection/http_urllib3.py", line 115, in perform_request
    response = self.pool.urlopen(method, url, body, retries=False, headers=self.headers, **kw)
  File "/root/.cache/pypoetry/virtualenvs/cpdbv2-backend-VA82Wl8V-py3.7/lib/python3.7/site-packages/urllib3/connectionpool.py", line 727, in urlopen
    method, url, error=e, _pool=self, _stacktrace=sys.exc_info()[2]
  File "/root/.cache/pypoetry/virtualenvs/cpdbv2-backend-VA82Wl8V-py3.7/lib/python3.7/site-packages/urllib3/util/retry.py", line 386, in increment
    raise six.reraise(type(error), error, _stacktrace)
  File "/root/.cache/pypoetry/virtualenvs/cpdbv2-backend-VA82Wl8V-py3.7/lib/python3.7/site-packages/urllib3/packages/six.py", line 735, in reraise
    raise value
  File "/root/.cache/pypoetry/virtualenvs/cpdbv2-backend-VA82Wl8V-py3.7/lib/python3.7/site-packages/urllib3/connectionpool.py", line 677, in urlopen
    chunked=chunked,
  File "/root/.cache/pypoetry/virtualenvs/cpdbv2-backend-VA82Wl8V-py3.7/lib/python3.7/site-packages/urllib3/connectionpool.py", line 392, in _make_request
    conn.request(method, url, **httplib_request_kw)
  File "/usr/local/lib/python3.7/http/client.py", line 1281, in request
    self._send_request(method, url, body, headers, encode_chunked)
  File "/usr/local/lib/python3.7/http/client.py", line 1327, in _send_request
    self.endheaders(body, encode_chunked=encode_chunked)
  File "/usr/local/lib/python3.7/http/client.py", line 1276, in endheaders
    self._send_output(message_body, encode_chunked=encode_chunked)
  File "/usr/local/lib/python3.7/http/client.py", line 1036, in _send_output
    self.send(msg)
  File "/usr/local/lib/python3.7/http/client.py", line 976, in send
    self.connect()
  File "/root/.cache/pypoetry/virtualenvs/cpdbv2-backend-VA82Wl8V-py3.7/lib/python3.7/site-packages/urllib3/connection.py", line 187, in connect
    conn = self._new_conn()
  File "/root/.cache/pypoetry/virtualenvs/cpdbv2-backend-VA82Wl8V-py3.7/lib/python3.7/site-packages/urllib3/connection.py", line 172, in _new_conn
    self, "Failed to establish a new connection: %s" % e
urllib3.exceptions.NewConnectionError: <urllib3.connection.HTTPConnection object at 0x7ff06901d710>: Failed to establish a new connection: [Errno -2] Name or service not known
elasticsearch: DEBUG: > None
urllib3.util.retry: DEBUG: Converted retries value: False -> Retry(total=False, connect=None, read=None, redirect=0, status=None)
urllib3.connectionpool: DEBUG: Starting new HTTP connection (551): elasticsearch:9200
elasticsearch: WARNING: DELETE http://elasticsearch:9200/test_tracker_c97d3965-996f-4fbb-b4a7-1038423423bd [status:N/A request:0.004s]
Traceback (most recent call last):
  File "/root/.cache/pypoetry/virtualenvs/cpdbv2-backend-VA82Wl8V-py3.7/lib/python3.7/site-packages/urllib3/connection.py", line 160, in _new_conn
    (self._dns_host, self.port), self.timeout, **extra_kw
  File "/root/.cache/pypoetry/virtualenvs/cpdbv2-backend-VA82Wl8V-py3.7/lib/python3.7/site-packages/urllib3/util/connection.py", line 61, in create_connection
    for res in socket.getaddrinfo(host, port, family, socket.SOCK_STREAM):
  File "/usr/local/lib/python3.7/socket.py", line 752, in getaddrinfo
    for res in _socket.getaddrinfo(host, port, family, type, proto, flags):
socket.gaierror: [Errno -2] Name or service not known

During handling of the above exception, another exception occurred:

Traceback (most recent call last):
  File "/root/.cache/pypoetry/virtualenvs/cpdbv2-backend-VA82Wl8V-py3.7/lib/python3.7/site-packages/elasticsearch/connection/http_urllib3.py", line 115, in perform_request
    response = self.pool.urlopen(method, url, body, retries=False, headers=self.headers, **kw)
  File "/root/.cache/pypoetry/virtualenvs/cpdbv2-backend-VA82Wl8V-py3.7/lib/python3.7/site-packages/urllib3/connectionpool.py", line 727, in urlopen
    method, url, error=e, _pool=self, _stacktrace=sys.exc_info()[2]
  File "/root/.cache/pypoetry/virtualenvs/cpdbv2-backend-VA82Wl8V-py3.7/lib/python3.7/site-packages/urllib3/util/retry.py", line 386, in increment
    raise six.reraise(type(error), error, _stacktrace)
  File "/root/.cache/pypoetry/virtualenvs/cpdbv2-backend-VA82Wl8V-py3.7/lib/python3.7/site-packages/urllib3/packages/six.py", line 735, in reraise
    raise value
  File "/root/.cache/pypoetry/virtualenvs/cpdbv2-backend-VA82Wl8V-py3.7/lib/python3.7/site-packages/urllib3/connectionpool.py", line 677, in urlopen
    chunked=chunked,
  File "/root/.cache/pypoetry/virtualenvs/cpdbv2-backend-VA82Wl8V-py3.7/lib/python3.7/site-packages/urllib3/connectionpool.py", line 392, in _make_request
    conn.request(method, url, **httplib_request_kw)
  File "/usr/local/lib/python3.7/http/client.py", line 1281, in request
    self._send_request(method, url, body, headers, encode_chunked)
  File "/usr/local/lib/python3.7/http/client.py", line 1327, in _send_request
    self.endheaders(body, encode_chunked=encode_chunked)
  File "/usr/local/lib/python3.7/http/client.py", line 1276, in endheaders
    self._send_output(message_body, encode_chunked=encode_chunked)
  File "/usr/local/lib/python3.7/http/client.py", line 1036, in _send_output
    self.send(msg)
  File "/usr/local/lib/python3.7/http/client.py", line 976, in send
    self.connect()
  File "/root/.cache/pypoetry/virtualenvs/cpdbv2-backend-VA82Wl8V-py3.7/lib/python3.7/site-packages/urllib3/connection.py", line 187, in connect
    conn = self._new_conn()
  File "/root/.cache/pypoetry/virtualenvs/cpdbv2-backend-VA82Wl8V-py3.7/lib/python3.7/site-packages/urllib3/connection.py", line 172, in _new_conn
    self, "Failed to establish a new connection: %s" % e
urllib3.exceptions.NewConnectionError: <urllib3.connection.HTTPConnection object at 0x7ff06901df50>: Failed to establish a new connection: [Errno -2] Name or service not known
elasticsearch: DEBUG: > None
urllib3.util.retry: DEBUG: Converted retries value: False -> Retry(total=False, connect=None, read=None, redirect=0, status=None)
urllib3.connectionpool: DEBUG: Starting new HTTP connection (552): elasticsearch:9200
elasticsearch: WARNING: DELETE http://elasticsearch:9200/test_tracker_c97d3965-996f-4fbb-b4a7-1038423423bd [status:N/A request:0.004s]
Traceback (most recent call last):
  File "/root/.cache/pypoetry/virtualenvs/cpdbv2-backend-VA82Wl8V-py3.7/lib/python3.7/site-packages/urllib3/connection.py", line 160, in _new_conn
    (self._dns_host, self.port), self.timeout, **extra_kw
  File "/root/.cache/pypoetry/virtualenvs/cpdbv2-backend-VA82Wl8V-py3.7/lib/python3.7/site-packages/urllib3/util/connection.py", line 61, in create_connection
    for res in socket.getaddrinfo(host, port, family, socket.SOCK_STREAM):
  File "/usr/local/lib/python3.7/socket.py", line 752, in getaddrinfo
    for res in _socket.getaddrinfo(host, port, family, type, proto, flags):
socket.gaierror: [Errno -2] Name or service not known

During handling of the above exception, another exception occurred:

Traceback (most recent call last):
  File "/root/.cache/pypoetry/virtualenvs/cpdbv2-backend-VA82Wl8V-py3.7/lib/python3.7/site-packages/elasticsearch/connection/http_urllib3.py", line 115, in perform_request
    response = self.pool.urlopen(method, url, body, retries=False, headers=self.headers, **kw)
  File "/root/.cache/pypoetry/virtualenvs/cpdbv2-backend-VA82Wl8V-py3.7/lib/python3.7/site-packages/urllib3/connectionpool.py", line 727, in urlopen
    method, url, error=e, _pool=self, _stacktrace=sys.exc_info()[2]
  File "/root/.cache/pypoetry/virtualenvs/cpdbv2-backend-VA82Wl8V-py3.7/lib/python3.7/site-packages/urllib3/util/retry.py", line 386, in increment
    raise six.reraise(type(error), error, _stacktrace)
  File "/root/.cache/pypoetry/virtualenvs/cpdbv2-backend-VA82Wl8V-py3.7/lib/python3.7/site-packages/urllib3/packages/six.py", line 735, in reraise
    raise value
  File "/root/.cache/pypoetry/virtualenvs/cpdbv2-backend-VA82Wl8V-py3.7/lib/python3.7/site-packages/urllib3/connectionpool.py", line 677, in urlopen
    chunked=chunked,
  File "/root/.cache/pypoetry/virtualenvs/cpdbv2-backend-VA82Wl8V-py3.7/lib/python3.7/site-packages/urllib3/connectionpool.py", line 392, in _make_request
    conn.request(method, url, **httplib_request_kw)
  File "/usr/local/lib/python3.7/http/client.py", line 1281, in request
    self._send_request(method, url, body, headers, encode_chunked)
  File "/usr/local/lib/python3.7/http/client.py", line 1327, in _send_request
    self.endheaders(body, encode_chunked=encode_chunked)
  File "/usr/local/lib/python3.7/http/client.py", line 1276, in endheaders
    self._send_output(message_body, encode_chunked=encode_chunked)
  File "/usr/local/lib/python3.7/http/client.py", line 1036, in _send_output
    self.send(msg)
  File "/usr/local/lib/python3.7/http/client.py", line 976, in send
    self.connect()
  File "/root/.cache/pypoetry/virtualenvs/cpdbv2-backend-VA82Wl8V-py3.7/lib/python3.7/site-packages/urllib3/connection.py", line 187, in connect
    conn = self._new_conn()
  File "/root/.cache/pypoetry/virtualenvs/cpdbv2-backend-VA82Wl8V-py3.7/lib/python3.7/site-packages/urllib3/connection.py", line 172, in _new_conn
    self, "Failed to establish a new connection: %s" % e
urllib3.exceptions.NewConnectionError: <urllib3.connection.HTTPConnection object at 0x7ff06905b610>: Failed to establish a new connection: [Errno -2] Name or service not known
elasticsearch: DEBUG: > None
--------------------- >> end captured logging << ---------------------

======================================================================
ERROR: test_update_attachment_bad_request (tracker.tests.test_views.AttachmentAPITestCase)
----------------------------------------------------------------------
Traceback (most recent call last):
  File "/usr/src/app/cpdb/tracker/tests/mixins.py", line 7, in setUp
    tracker_index_alias.write_index.delete(ignore=404)
  File "/root/.cache/pypoetry/virtualenvs/cpdbv2-backend-VA82Wl8V-py3.7/lib/python3.7/site-packages/elasticsearch_dsl/index.py", line 222, in delete
    self.connection.indices.delete(index=self._name, **kwargs)
  File "/root/.cache/pypoetry/virtualenvs/cpdbv2-backend-VA82Wl8V-py3.7/lib/python3.7/site-packages/elasticsearch/client/utils.py", line 73, in _wrapped
    return func(*args, params=params, **kwargs)
  File "/root/.cache/pypoetry/virtualenvs/cpdbv2-backend-VA82Wl8V-py3.7/lib/python3.7/site-packages/elasticsearch/client/indices.py", line 200, in delete
    params=params)
  File "/root/.cache/pypoetry/virtualenvs/cpdbv2-backend-VA82Wl8V-py3.7/lib/python3.7/site-packages/elasticsearch/transport.py", line 312, in perform_request
    status, headers, data = connection.perform_request(method, url, params, body, ignore=ignore, timeout=timeout)
  File "/root/.cache/pypoetry/virtualenvs/cpdbv2-backend-VA82Wl8V-py3.7/lib/python3.7/site-packages/elasticsearch/connection/http_urllib3.py", line 124, in perform_request
    raise ConnectionError('N/A', str(e), e)
elasticsearch.exceptions.ConnectionError: ConnectionError(<urllib3.connection.HTTPConnection object at 0x7ff06901c6d0>: Failed to establish a new connection: [Errno -2] Name or service not known) caused by: NewConnectionError(<urllib3.connection.HTTPConnection object at 0x7ff06901c6d0>: Failed to establish a new connection: [Errno -2] Name or service not known)
-------------------- >> begin captured logging << --------------------
urllib3.util.retry: DEBUG: Converted retries value: False -> Retry(total=False, connect=None, read=None, redirect=0, status=None)
urllib3.connectionpool: DEBUG: Starting new HTTP connection (553): elasticsearch:9200
elasticsearch: WARNING: DELETE http://elasticsearch:9200/test_tracker_c97d3965-996f-4fbb-b4a7-1038423423bd [status:N/A request:0.005s]
Traceback (most recent call last):
  File "/root/.cache/pypoetry/virtualenvs/cpdbv2-backend-VA82Wl8V-py3.7/lib/python3.7/site-packages/urllib3/connection.py", line 160, in _new_conn
    (self._dns_host, self.port), self.timeout, **extra_kw
  File "/root/.cache/pypoetry/virtualenvs/cpdbv2-backend-VA82Wl8V-py3.7/lib/python3.7/site-packages/urllib3/util/connection.py", line 61, in create_connection
    for res in socket.getaddrinfo(host, port, family, socket.SOCK_STREAM):
  File "/usr/local/lib/python3.7/socket.py", line 752, in getaddrinfo
    for res in _socket.getaddrinfo(host, port, family, type, proto, flags):
socket.gaierror: [Errno -2] Name or service not known

During handling of the above exception, another exception occurred:

Traceback (most recent call last):
  File "/root/.cache/pypoetry/virtualenvs/cpdbv2-backend-VA82Wl8V-py3.7/lib/python3.7/site-packages/elasticsearch/connection/http_urllib3.py", line 115, in perform_request
    response = self.pool.urlopen(method, url, body, retries=False, headers=self.headers, **kw)
  File "/root/.cache/pypoetry/virtualenvs/cpdbv2-backend-VA82Wl8V-py3.7/lib/python3.7/site-packages/urllib3/connectionpool.py", line 727, in urlopen
    method, url, error=e, _pool=self, _stacktrace=sys.exc_info()[2]
  File "/root/.cache/pypoetry/virtualenvs/cpdbv2-backend-VA82Wl8V-py3.7/lib/python3.7/site-packages/urllib3/util/retry.py", line 386, in increment
    raise six.reraise(type(error), error, _stacktrace)
  File "/root/.cache/pypoetry/virtualenvs/cpdbv2-backend-VA82Wl8V-py3.7/lib/python3.7/site-packages/urllib3/packages/six.py", line 735, in reraise
    raise value
  File "/root/.cache/pypoetry/virtualenvs/cpdbv2-backend-VA82Wl8V-py3.7/lib/python3.7/site-packages/urllib3/connectionpool.py", line 677, in urlopen
    chunked=chunked,
  File "/root/.cache/pypoetry/virtualenvs/cpdbv2-backend-VA82Wl8V-py3.7/lib/python3.7/site-packages/urllib3/connectionpool.py", line 392, in _make_request
    conn.request(method, url, **httplib_request_kw)
  File "/usr/local/lib/python3.7/http/client.py", line 1281, in request
    self._send_request(method, url, body, headers, encode_chunked)
  File "/usr/local/lib/python3.7/http/client.py", line 1327, in _send_request
    self.endheaders(body, encode_chunked=encode_chunked)
  File "/usr/local/lib/python3.7/http/client.py", line 1276, in endheaders
    self._send_output(message_body, encode_chunked=encode_chunked)
  File "/usr/local/lib/python3.7/http/client.py", line 1036, in _send_output
    self.send(msg)
  File "/usr/local/lib/python3.7/http/client.py", line 976, in send
    self.connect()
  File "/root/.cache/pypoetry/virtualenvs/cpdbv2-backend-VA82Wl8V-py3.7/lib/python3.7/site-packages/urllib3/connection.py", line 187, in connect
    conn = self._new_conn()
  File "/root/.cache/pypoetry/virtualenvs/cpdbv2-backend-VA82Wl8V-py3.7/lib/python3.7/site-packages/urllib3/connection.py", line 172, in _new_conn
    self, "Failed to establish a new connection: %s" % e
urllib3.exceptions.NewConnectionError: <urllib3.connection.HTTPConnection object at 0x7ff06905bcd0>: Failed to establish a new connection: [Errno -2] Name or service not known
elasticsearch: DEBUG: > None
urllib3.util.retry: DEBUG: Converted retries value: False -> Retry(total=False, connect=None, read=None, redirect=0, status=None)
urllib3.connectionpool: DEBUG: Starting new HTTP connection (554): elasticsearch:9200
elasticsearch: WARNING: DELETE http://elasticsearch:9200/test_tracker_c97d3965-996f-4fbb-b4a7-1038423423bd [status:N/A request:0.004s]
Traceback (most recent call last):
  File "/root/.cache/pypoetry/virtualenvs/cpdbv2-backend-VA82Wl8V-py3.7/lib/python3.7/site-packages/urllib3/connection.py", line 160, in _new_conn
    (self._dns_host, self.port), self.timeout, **extra_kw
  File "/root/.cache/pypoetry/virtualenvs/cpdbv2-backend-VA82Wl8V-py3.7/lib/python3.7/site-packages/urllib3/util/connection.py", line 61, in create_connection
    for res in socket.getaddrinfo(host, port, family, socket.SOCK_STREAM):
  File "/usr/local/lib/python3.7/socket.py", line 752, in getaddrinfo
    for res in _socket.getaddrinfo(host, port, family, type, proto, flags):
socket.gaierror: [Errno -2] Name or service not known

During handling of the above exception, another exception occurred:

Traceback (most recent call last):
  File "/root/.cache/pypoetry/virtualenvs/cpdbv2-backend-VA82Wl8V-py3.7/lib/python3.7/site-packages/elasticsearch/connection/http_urllib3.py", line 115, in perform_request
    response = self.pool.urlopen(method, url, body, retries=False, headers=self.headers, **kw)
  File "/root/.cache/pypoetry/virtualenvs/cpdbv2-backend-VA82Wl8V-py3.7/lib/python3.7/site-packages/urllib3/connectionpool.py", line 727, in urlopen
    method, url, error=e, _pool=self, _stacktrace=sys.exc_info()[2]
  File "/root/.cache/pypoetry/virtualenvs/cpdbv2-backend-VA82Wl8V-py3.7/lib/python3.7/site-packages/urllib3/util/retry.py", line 386, in increment
    raise six.reraise(type(error), error, _stacktrace)
  File "/root/.cache/pypoetry/virtualenvs/cpdbv2-backend-VA82Wl8V-py3.7/lib/python3.7/site-packages/urllib3/packages/six.py", line 735, in reraise
    raise value
  File "/root/.cache/pypoetry/virtualenvs/cpdbv2-backend-VA82Wl8V-py3.7/lib/python3.7/site-packages/urllib3/connectionpool.py", line 677, in urlopen
    chunked=chunked,
  File "/root/.cache/pypoetry/virtualenvs/cpdbv2-backend-VA82Wl8V-py3.7/lib/python3.7/site-packages/urllib3/connectionpool.py", line 392, in _make_request
    conn.request(method, url, **httplib_request_kw)
  File "/usr/local/lib/python3.7/http/client.py", line 1281, in request
    self._send_request(method, url, body, headers, encode_chunked)
  File "/usr/local/lib/python3.7/http/client.py", line 1327, in _send_request
    self.endheaders(body, encode_chunked=encode_chunked)
  File "/usr/local/lib/python3.7/http/client.py", line 1276, in endheaders
    self._send_output(message_body, encode_chunked=encode_chunked)
  File "/usr/local/lib/python3.7/http/client.py", line 1036, in _send_output
    self.send(msg)
  File "/usr/local/lib/python3.7/http/client.py", line 976, in send
    self.connect()
  File "/root/.cache/pypoetry/virtualenvs/cpdbv2-backend-VA82Wl8V-py3.7/lib/python3.7/site-packages/urllib3/connection.py", line 187, in connect
    conn = self._new_conn()
  File "/root/.cache/pypoetry/virtualenvs/cpdbv2-backend-VA82Wl8V-py3.7/lib/python3.7/site-packages/urllib3/connection.py", line 172, in _new_conn
    self, "Failed to establish a new connection: %s" % e
urllib3.exceptions.NewConnectionError: <urllib3.connection.HTTPConnection object at 0x7ff069030250>: Failed to establish a new connection: [Errno -2] Name or service not known
elasticsearch: DEBUG: > None
urllib3.util.retry: DEBUG: Converted retries value: False -> Retry(total=False, connect=None, read=None, redirect=0, status=None)
urllib3.connectionpool: DEBUG: Starting new HTTP connection (555): elasticsearch:9200
elasticsearch: WARNING: DELETE http://elasticsearch:9200/test_tracker_c97d3965-996f-4fbb-b4a7-1038423423bd [status:N/A request:0.004s]
Traceback (most recent call last):
  File "/root/.cache/pypoetry/virtualenvs/cpdbv2-backend-VA82Wl8V-py3.7/lib/python3.7/site-packages/urllib3/connection.py", line 160, in _new_conn
    (self._dns_host, self.port), self.timeout, **extra_kw
  File "/root/.cache/pypoetry/virtualenvs/cpdbv2-backend-VA82Wl8V-py3.7/lib/python3.7/site-packages/urllib3/util/connection.py", line 61, in create_connection
    for res in socket.getaddrinfo(host, port, family, socket.SOCK_STREAM):
  File "/usr/local/lib/python3.7/socket.py", line 752, in getaddrinfo
    for res in _socket.getaddrinfo(host, port, family, type, proto, flags):
socket.gaierror: [Errno -2] Name or service not known

During handling of the above exception, another exception occurred:

Traceback (most recent call last):
  File "/root/.cache/pypoetry/virtualenvs/cpdbv2-backend-VA82Wl8V-py3.7/lib/python3.7/site-packages/elasticsearch/connection/http_urllib3.py", line 115, in perform_request
    response = self.pool.urlopen(method, url, body, retries=False, headers=self.headers, **kw)
  File "/root/.cache/pypoetry/virtualenvs/cpdbv2-backend-VA82Wl8V-py3.7/lib/python3.7/site-packages/urllib3/connectionpool.py", line 727, in urlopen
    method, url, error=e, _pool=self, _stacktrace=sys.exc_info()[2]
  File "/root/.cache/pypoetry/virtualenvs/cpdbv2-backend-VA82Wl8V-py3.7/lib/python3.7/site-packages/urllib3/util/retry.py", line 386, in increment
    raise six.reraise(type(error), error, _stacktrace)
  File "/root/.cache/pypoetry/virtualenvs/cpdbv2-backend-VA82Wl8V-py3.7/lib/python3.7/site-packages/urllib3/packages/six.py", line 735, in reraise
    raise value
  File "/root/.cache/pypoetry/virtualenvs/cpdbv2-backend-VA82Wl8V-py3.7/lib/python3.7/site-packages/urllib3/connectionpool.py", line 677, in urlopen
    chunked=chunked,
  File "/root/.cache/pypoetry/virtualenvs/cpdbv2-backend-VA82Wl8V-py3.7/lib/python3.7/site-packages/urllib3/connectionpool.py", line 392, in _make_request
    conn.request(method, url, **httplib_request_kw)
  File "/usr/local/lib/python3.7/http/client.py", line 1281, in request
    self._send_request(method, url, body, headers, encode_chunked)
  File "/usr/local/lib/python3.7/http/client.py", line 1327, in _send_request
    self.endheaders(body, encode_chunked=encode_chunked)
  File "/usr/local/lib/python3.7/http/client.py", line 1276, in endheaders
    self._send_output(message_body, encode_chunked=encode_chunked)
  File "/usr/local/lib/python3.7/http/client.py", line 1036, in _send_output
    self.send(msg)
  File "/usr/local/lib/python3.7/http/client.py", line 976, in send
    self.connect()
  File "/root/.cache/pypoetry/virtualenvs/cpdbv2-backend-VA82Wl8V-py3.7/lib/python3.7/site-packages/urllib3/connection.py", line 187, in connect
    conn = self._new_conn()
  File "/root/.cache/pypoetry/virtualenvs/cpdbv2-backend-VA82Wl8V-py3.7/lib/python3.7/site-packages/urllib3/connection.py", line 172, in _new_conn
    self, "Failed to establish a new connection: %s" % e
urllib3.exceptions.NewConnectionError: <urllib3.connection.HTTPConnection object at 0x7ff069020210>: Failed to establish a new connection: [Errno -2] Name or service not known
elasticsearch: DEBUG: > None
urllib3.util.retry: DEBUG: Converted retries value: False -> Retry(total=False, connect=None, read=None, redirect=0, status=None)
urllib3.connectionpool: DEBUG: Starting new HTTP connection (556): elasticsearch:9200
elasticsearch: WARNING: DELETE http://elasticsearch:9200/test_tracker_c97d3965-996f-4fbb-b4a7-1038423423bd [status:N/A request:0.005s]
Traceback (most recent call last):
  File "/root/.cache/pypoetry/virtualenvs/cpdbv2-backend-VA82Wl8V-py3.7/lib/python3.7/site-packages/urllib3/connection.py", line 160, in _new_conn
    (self._dns_host, self.port), self.timeout, **extra_kw
  File "/root/.cache/pypoetry/virtualenvs/cpdbv2-backend-VA82Wl8V-py3.7/lib/python3.7/site-packages/urllib3/util/connection.py", line 61, in create_connection
    for res in socket.getaddrinfo(host, port, family, socket.SOCK_STREAM):
  File "/usr/local/lib/python3.7/socket.py", line 752, in getaddrinfo
    for res in _socket.getaddrinfo(host, port, family, type, proto, flags):
socket.gaierror: [Errno -2] Name or service not known

During handling of the above exception, another exception occurred:

Traceback (most recent call last):
  File "/root/.cache/pypoetry/virtualenvs/cpdbv2-backend-VA82Wl8V-py3.7/lib/python3.7/site-packages/elasticsearch/connection/http_urllib3.py", line 115, in perform_request
    response = self.pool.urlopen(method, url, body, retries=False, headers=self.headers, **kw)
  File "/root/.cache/pypoetry/virtualenvs/cpdbv2-backend-VA82Wl8V-py3.7/lib/python3.7/site-packages/urllib3/connectionpool.py", line 727, in urlopen
    method, url, error=e, _pool=self, _stacktrace=sys.exc_info()[2]
  File "/root/.cache/pypoetry/virtualenvs/cpdbv2-backend-VA82Wl8V-py3.7/lib/python3.7/site-packages/urllib3/util/retry.py", line 386, in increment
    raise six.reraise(type(error), error, _stacktrace)
  File "/root/.cache/pypoetry/virtualenvs/cpdbv2-backend-VA82Wl8V-py3.7/lib/python3.7/site-packages/urllib3/packages/six.py", line 735, in reraise
    raise value
  File "/root/.cache/pypoetry/virtualenvs/cpdbv2-backend-VA82Wl8V-py3.7/lib/python3.7/site-packages/urllib3/connectionpool.py", line 677, in urlopen
    chunked=chunked,
  File "/root/.cache/pypoetry/virtualenvs/cpdbv2-backend-VA82Wl8V-py3.7/lib/python3.7/site-packages/urllib3/connectionpool.py", line 392, in _make_request
    conn.request(method, url, **httplib_request_kw)
  File "/usr/local/lib/python3.7/http/client.py", line 1281, in request
    self._send_request(method, url, body, headers, encode_chunked)
  File "/usr/local/lib/python3.7/http/client.py", line 1327, in _send_request
    self.endheaders(body, encode_chunked=encode_chunked)
  File "/usr/local/lib/python3.7/http/client.py", line 1276, in endheaders
    self._send_output(message_body, encode_chunked=encode_chunked)
  File "/usr/local/lib/python3.7/http/client.py", line 1036, in _send_output
    self.send(msg)
  File "/usr/local/lib/python3.7/http/client.py", line 976, in send
    self.connect()
  File "/root/.cache/pypoetry/virtualenvs/cpdbv2-backend-VA82Wl8V-py3.7/lib/python3.7/site-packages/urllib3/connection.py", line 187, in connect
    conn = self._new_conn()
  File "/root/.cache/pypoetry/virtualenvs/cpdbv2-backend-VA82Wl8V-py3.7/lib/python3.7/site-packages/urllib3/connection.py", line 172, in _new_conn
    self, "Failed to establish a new connection: %s" % e
urllib3.exceptions.NewConnectionError: <urllib3.connection.HTTPConnection object at 0x7ff06901c6d0>: Failed to establish a new connection: [Errno -2] Name or service not known
elasticsearch: DEBUG: > None
--------------------- >> end captured logging << ---------------------

======================================================================
ERROR: test_update_attachment_bad_request_with_error (tracker.tests.test_views.AttachmentAPITestCase)
----------------------------------------------------------------------
Traceback (most recent call last):
  File "/usr/src/app/cpdb/tracker/tests/mixins.py", line 7, in setUp
    tracker_index_alias.write_index.delete(ignore=404)
  File "/root/.cache/pypoetry/virtualenvs/cpdbv2-backend-VA82Wl8V-py3.7/lib/python3.7/site-packages/elasticsearch_dsl/index.py", line 222, in delete
    self.connection.indices.delete(index=self._name, **kwargs)
  File "/root/.cache/pypoetry/virtualenvs/cpdbv2-backend-VA82Wl8V-py3.7/lib/python3.7/site-packages/elasticsearch/client/utils.py", line 73, in _wrapped
    return func(*args, params=params, **kwargs)
  File "/root/.cache/pypoetry/virtualenvs/cpdbv2-backend-VA82Wl8V-py3.7/lib/python3.7/site-packages/elasticsearch/client/indices.py", line 200, in delete
    params=params)
  File "/root/.cache/pypoetry/virtualenvs/cpdbv2-backend-VA82Wl8V-py3.7/lib/python3.7/site-packages/elasticsearch/transport.py", line 312, in perform_request
    status, headers, data = connection.perform_request(method, url, params, body, ignore=ignore, timeout=timeout)
  File "/root/.cache/pypoetry/virtualenvs/cpdbv2-backend-VA82Wl8V-py3.7/lib/python3.7/site-packages/elasticsearch/connection/http_urllib3.py", line 124, in perform_request
    raise ConnectionError('N/A', str(e), e)
elasticsearch.exceptions.ConnectionError: ConnectionError(<urllib3.connection.HTTPConnection object at 0x7ff069045c50>: Failed to establish a new connection: [Errno -2] Name or service not known) caused by: NewConnectionError(<urllib3.connection.HTTPConnection object at 0x7ff069045c50>: Failed to establish a new connection: [Errno -2] Name or service not known)
-------------------- >> begin captured logging << --------------------
urllib3.util.retry: DEBUG: Converted retries value: False -> Retry(total=False, connect=None, read=None, redirect=0, status=None)
urllib3.connectionpool: DEBUG: Starting new HTTP connection (557): elasticsearch:9200
elasticsearch: WARNING: DELETE http://elasticsearch:9200/test_tracker_c97d3965-996f-4fbb-b4a7-1038423423bd [status:N/A request:0.005s]
Traceback (most recent call last):
  File "/root/.cache/pypoetry/virtualenvs/cpdbv2-backend-VA82Wl8V-py3.7/lib/python3.7/site-packages/urllib3/connection.py", line 160, in _new_conn
    (self._dns_host, self.port), self.timeout, **extra_kw
  File "/root/.cache/pypoetry/virtualenvs/cpdbv2-backend-VA82Wl8V-py3.7/lib/python3.7/site-packages/urllib3/util/connection.py", line 61, in create_connection
    for res in socket.getaddrinfo(host, port, family, socket.SOCK_STREAM):
  File "/usr/local/lib/python3.7/socket.py", line 752, in getaddrinfo
    for res in _socket.getaddrinfo(host, port, family, type, proto, flags):
socket.gaierror: [Errno -2] Name or service not known

During handling of the above exception, another exception occurred:

Traceback (most recent call last):
  File "/root/.cache/pypoetry/virtualenvs/cpdbv2-backend-VA82Wl8V-py3.7/lib/python3.7/site-packages/elasticsearch/connection/http_urllib3.py", line 115, in perform_request
    response = self.pool.urlopen(method, url, body, retries=False, headers=self.headers, **kw)
  File "/root/.cache/pypoetry/virtualenvs/cpdbv2-backend-VA82Wl8V-py3.7/lib/python3.7/site-packages/urllib3/connectionpool.py", line 727, in urlopen
    method, url, error=e, _pool=self, _stacktrace=sys.exc_info()[2]
  File "/root/.cache/pypoetry/virtualenvs/cpdbv2-backend-VA82Wl8V-py3.7/lib/python3.7/site-packages/urllib3/util/retry.py", line 386, in increment
    raise six.reraise(type(error), error, _stacktrace)
  File "/root/.cache/pypoetry/virtualenvs/cpdbv2-backend-VA82Wl8V-py3.7/lib/python3.7/site-packages/urllib3/packages/six.py", line 735, in reraise
    raise value
  File "/root/.cache/pypoetry/virtualenvs/cpdbv2-backend-VA82Wl8V-py3.7/lib/python3.7/site-packages/urllib3/connectionpool.py", line 677, in urlopen
    chunked=chunked,
  File "/root/.cache/pypoetry/virtualenvs/cpdbv2-backend-VA82Wl8V-py3.7/lib/python3.7/site-packages/urllib3/connectionpool.py", line 392, in _make_request
    conn.request(method, url, **httplib_request_kw)
  File "/usr/local/lib/python3.7/http/client.py", line 1281, in request
    self._send_request(method, url, body, headers, encode_chunked)
  File "/usr/local/lib/python3.7/http/client.py", line 1327, in _send_request
    self.endheaders(body, encode_chunked=encode_chunked)
  File "/usr/local/lib/python3.7/http/client.py", line 1276, in endheaders
    self._send_output(message_body, encode_chunked=encode_chunked)
  File "/usr/local/lib/python3.7/http/client.py", line 1036, in _send_output
    self.send(msg)
  File "/usr/local/lib/python3.7/http/client.py", line 976, in send
    self.connect()
  File "/root/.cache/pypoetry/virtualenvs/cpdbv2-backend-VA82Wl8V-py3.7/lib/python3.7/site-packages/urllib3/connection.py", line 187, in connect
    conn = self._new_conn()
  File "/root/.cache/pypoetry/virtualenvs/cpdbv2-backend-VA82Wl8V-py3.7/lib/python3.7/site-packages/urllib3/connection.py", line 172, in _new_conn
    self, "Failed to establish a new connection: %s" % e
urllib3.exceptions.NewConnectionError: <urllib3.connection.HTTPConnection object at 0x7ff068ed1150>: Failed to establish a new connection: [Errno -2] Name or service not known
elasticsearch: DEBUG: > None
urllib3.util.retry: DEBUG: Converted retries value: False -> Retry(total=False, connect=None, read=None, redirect=0, status=None)
urllib3.connectionpool: DEBUG: Starting new HTTP connection (558): elasticsearch:9200
elasticsearch: WARNING: DELETE http://elasticsearch:9200/test_tracker_c97d3965-996f-4fbb-b4a7-1038423423bd [status:N/A request:0.004s]
Traceback (most recent call last):
  File "/root/.cache/pypoetry/virtualenvs/cpdbv2-backend-VA82Wl8V-py3.7/lib/python3.7/site-packages/urllib3/connection.py", line 160, in _new_conn
    (self._dns_host, self.port), self.timeout, **extra_kw
  File "/root/.cache/pypoetry/virtualenvs/cpdbv2-backend-VA82Wl8V-py3.7/lib/python3.7/site-packages/urllib3/util/connection.py", line 61, in create_connection
    for res in socket.getaddrinfo(host, port, family, socket.SOCK_STREAM):
  File "/usr/local/lib/python3.7/socket.py", line 752, in getaddrinfo
    for res in _socket.getaddrinfo(host, port, family, type, proto, flags):
socket.gaierror: [Errno -2] Name or service not known

During handling of the above exception, another exception occurred:

Traceback (most recent call last):
  File "/root/.cache/pypoetry/virtualenvs/cpdbv2-backend-VA82Wl8V-py3.7/lib/python3.7/site-packages/elasticsearch/connection/http_urllib3.py", line 115, in perform_request
    response = self.pool.urlopen(method, url, body, retries=False, headers=self.headers, **kw)
  File "/root/.cache/pypoetry/virtualenvs/cpdbv2-backend-VA82Wl8V-py3.7/lib/python3.7/site-packages/urllib3/connectionpool.py", line 727, in urlopen
    method, url, error=e, _pool=self, _stacktrace=sys.exc_info()[2]
  File "/root/.cache/pypoetry/virtualenvs/cpdbv2-backend-VA82Wl8V-py3.7/lib/python3.7/site-packages/urllib3/util/retry.py", line 386, in increment
    raise six.reraise(type(error), error, _stacktrace)
  File "/root/.cache/pypoetry/virtualenvs/cpdbv2-backend-VA82Wl8V-py3.7/lib/python3.7/site-packages/urllib3/packages/six.py", line 735, in reraise
    raise value
  File "/root/.cache/pypoetry/virtualenvs/cpdbv2-backend-VA82Wl8V-py3.7/lib/python3.7/site-packages/urllib3/connectionpool.py", line 677, in urlopen
    chunked=chunked,
  File "/root/.cache/pypoetry/virtualenvs/cpdbv2-backend-VA82Wl8V-py3.7/lib/python3.7/site-packages/urllib3/connectionpool.py", line 392, in _make_request
    conn.request(method, url, **httplib_request_kw)
  File "/usr/local/lib/python3.7/http/client.py", line 1281, in request
    self._send_request(method, url, body, headers, encode_chunked)
  File "/usr/local/lib/python3.7/http/client.py", line 1327, in _send_request
    self.endheaders(body, encode_chunked=encode_chunked)
  File "/usr/local/lib/python3.7/http/client.py", line 1276, in endheaders
    self._send_output(message_body, encode_chunked=encode_chunked)
  File "/usr/local/lib/python3.7/http/client.py", line 1036, in _send_output
    self.send(msg)
  File "/usr/local/lib/python3.7/http/client.py", line 976, in send
    self.connect()
  File "/root/.cache/pypoetry/virtualenvs/cpdbv2-backend-VA82Wl8V-py3.7/lib/python3.7/site-packages/urllib3/connection.py", line 187, in connect
    conn = self._new_conn()
  File "/root/.cache/pypoetry/virtualenvs/cpdbv2-backend-VA82Wl8V-py3.7/lib/python3.7/site-packages/urllib3/connection.py", line 172, in _new_conn
    self, "Failed to establish a new connection: %s" % e
urllib3.exceptions.NewConnectionError: <urllib3.connection.HTTPConnection object at 0x7ff068941850>: Failed to establish a new connection: [Errno -2] Name or service not known
elasticsearch: DEBUG: > None
urllib3.util.retry: DEBUG: Converted retries value: False -> Retry(total=False, connect=None, read=None, redirect=0, status=None)
urllib3.connectionpool: DEBUG: Starting new HTTP connection (559): elasticsearch:9200
elasticsearch: WARNING: DELETE http://elasticsearch:9200/test_tracker_c97d3965-996f-4fbb-b4a7-1038423423bd [status:N/A request:0.004s]
Traceback (most recent call last):
  File "/root/.cache/pypoetry/virtualenvs/cpdbv2-backend-VA82Wl8V-py3.7/lib/python3.7/site-packages/urllib3/connection.py", line 160, in _new_conn
    (self._dns_host, self.port), self.timeout, **extra_kw
  File "/root/.cache/pypoetry/virtualenvs/cpdbv2-backend-VA82Wl8V-py3.7/lib/python3.7/site-packages/urllib3/util/connection.py", line 61, in create_connection
    for res in socket.getaddrinfo(host, port, family, socket.SOCK_STREAM):
  File "/usr/local/lib/python3.7/socket.py", line 752, in getaddrinfo
    for res in _socket.getaddrinfo(host, port, family, type, proto, flags):
socket.gaierror: [Errno -2] Name or service not known

During handling of the above exception, another exception occurred:

Traceback (most recent call last):
  File "/root/.cache/pypoetry/virtualenvs/cpdbv2-backend-VA82Wl8V-py3.7/lib/python3.7/site-packages/elasticsearch/connection/http_urllib3.py", line 115, in perform_request
    response = self.pool.urlopen(method, url, body, retries=False, headers=self.headers, **kw)
  File "/root/.cache/pypoetry/virtualenvs/cpdbv2-backend-VA82Wl8V-py3.7/lib/python3.7/site-packages/urllib3/connectionpool.py", line 727, in urlopen
    method, url, error=e, _pool=self, _stacktrace=sys.exc_info()[2]
  File "/root/.cache/pypoetry/virtualenvs/cpdbv2-backend-VA82Wl8V-py3.7/lib/python3.7/site-packages/urllib3/util/retry.py", line 386, in increment
    raise six.reraise(type(error), error, _stacktrace)
  File "/root/.cache/pypoetry/virtualenvs/cpdbv2-backend-VA82Wl8V-py3.7/lib/python3.7/site-packages/urllib3/packages/six.py", line 735, in reraise
    raise value
  File "/root/.cache/pypoetry/virtualenvs/cpdbv2-backend-VA82Wl8V-py3.7/lib/python3.7/site-packages/urllib3/connectionpool.py", line 677, in urlopen
    chunked=chunked,
  File "/root/.cache/pypoetry/virtualenvs/cpdbv2-backend-VA82Wl8V-py3.7/lib/python3.7/site-packages/urllib3/connectionpool.py", line 392, in _make_request
    conn.request(method, url, **httplib_request_kw)
  File "/usr/local/lib/python3.7/http/client.py", line 1281, in request
    self._send_request(method, url, body, headers, encode_chunked)
  File "/usr/local/lib/python3.7/http/client.py", line 1327, in _send_request
    self.endheaders(body, encode_chunked=encode_chunked)
  File "/usr/local/lib/python3.7/http/client.py", line 1276, in endheaders
    self._send_output(message_body, encode_chunked=encode_chunked)
  File "/usr/local/lib/python3.7/http/client.py", line 1036, in _send_output
    self.send(msg)
  File "/usr/local/lib/python3.7/http/client.py", line 976, in send
    self.connect()
  File "/root/.cache/pypoetry/virtualenvs/cpdbv2-backend-VA82Wl8V-py3.7/lib/python3.7/site-packages/urllib3/connection.py", line 187, in connect
    conn = self._new_conn()
  File "/root/.cache/pypoetry/virtualenvs/cpdbv2-backend-VA82Wl8V-py3.7/lib/python3.7/site-packages/urllib3/connection.py", line 172, in _new_conn
    self, "Failed to establish a new connection: %s" % e
urllib3.exceptions.NewConnectionError: <urllib3.connection.HTTPConnection object at 0x7ff069045c90>: Failed to establish a new connection: [Errno -2] Name or service not known
elasticsearch: DEBUG: > None
urllib3.util.retry: DEBUG: Converted retries value: False -> Retry(total=False, connect=None, read=None, redirect=0, status=None)
urllib3.connectionpool: DEBUG: Starting new HTTP connection (560): elasticsearch:9200
elasticsearch: WARNING: DELETE http://elasticsearch:9200/test_tracker_c97d3965-996f-4fbb-b4a7-1038423423bd [status:N/A request:0.004s]
Traceback (most recent call last):
  File "/root/.cache/pypoetry/virtualenvs/cpdbv2-backend-VA82Wl8V-py3.7/lib/python3.7/site-packages/urllib3/connection.py", line 160, in _new_conn
    (self._dns_host, self.port), self.timeout, **extra_kw
  File "/root/.cache/pypoetry/virtualenvs/cpdbv2-backend-VA82Wl8V-py3.7/lib/python3.7/site-packages/urllib3/util/connection.py", line 61, in create_connection
    for res in socket.getaddrinfo(host, port, family, socket.SOCK_STREAM):
  File "/usr/local/lib/python3.7/socket.py", line 752, in getaddrinfo
    for res in _socket.getaddrinfo(host, port, family, type, proto, flags):
socket.gaierror: [Errno -2] Name or service not known

During handling of the above exception, another exception occurred:

Traceback (most recent call last):
  File "/root/.cache/pypoetry/virtualenvs/cpdbv2-backend-VA82Wl8V-py3.7/lib/python3.7/site-packages/elasticsearch/connection/http_urllib3.py", line 115, in perform_request
    response = self.pool.urlopen(method, url, body, retries=False, headers=self.headers, **kw)
  File "/root/.cache/pypoetry/virtualenvs/cpdbv2-backend-VA82Wl8V-py3.7/lib/python3.7/site-packages/urllib3/connectionpool.py", line 727, in urlopen
    method, url, error=e, _pool=self, _stacktrace=sys.exc_info()[2]
  File "/root/.cache/pypoetry/virtualenvs/cpdbv2-backend-VA82Wl8V-py3.7/lib/python3.7/site-packages/urllib3/util/retry.py", line 386, in increment
    raise six.reraise(type(error), error, _stacktrace)
  File "/root/.cache/pypoetry/virtualenvs/cpdbv2-backend-VA82Wl8V-py3.7/lib/python3.7/site-packages/urllib3/packages/six.py", line 735, in reraise
    raise value
  File "/root/.cache/pypoetry/virtualenvs/cpdbv2-backend-VA82Wl8V-py3.7/lib/python3.7/site-packages/urllib3/connectionpool.py", line 677, in urlopen
    chunked=chunked,
  File "/root/.cache/pypoetry/virtualenvs/cpdbv2-backend-VA82Wl8V-py3.7/lib/python3.7/site-packages/urllib3/connectionpool.py", line 392, in _make_request
    conn.request(method, url, **httplib_request_kw)
  File "/usr/local/lib/python3.7/http/client.py", line 1281, in request
    self._send_request(method, url, body, headers, encode_chunked)
  File "/usr/local/lib/python3.7/http/client.py", line 1327, in _send_request
    self.endheaders(body, encode_chunked=encode_chunked)
  File "/usr/local/lib/python3.7/http/client.py", line 1276, in endheaders
    self._send_output(message_body, encode_chunked=encode_chunked)
  File "/usr/local/lib/python3.7/http/client.py", line 1036, in _send_output
    self.send(msg)
  File "/usr/local/lib/python3.7/http/client.py", line 976, in send
    self.connect()
  File "/root/.cache/pypoetry/virtualenvs/cpdbv2-backend-VA82Wl8V-py3.7/lib/python3.7/site-packages/urllib3/connection.py", line 187, in connect
    conn = self._new_conn()
  File "/root/.cache/pypoetry/virtualenvs/cpdbv2-backend-VA82Wl8V-py3.7/lib/python3.7/site-packages/urllib3/connection.py", line 172, in _new_conn
    self, "Failed to establish a new connection: %s" % e
urllib3.exceptions.NewConnectionError: <urllib3.connection.HTTPConnection object at 0x7ff069045c50>: Failed to establish a new connection: [Errno -2] Name or service not known
elasticsearch: DEBUG: > None
--------------------- >> end captured logging << ---------------------

======================================================================
ERROR: test_update_attachment_tags (tracker.tests.test_views.AttachmentAPITestCase)
----------------------------------------------------------------------
Traceback (most recent call last):
  File "/usr/src/app/cpdb/tracker/tests/mixins.py", line 7, in setUp
    tracker_index_alias.write_index.delete(ignore=404)
  File "/root/.cache/pypoetry/virtualenvs/cpdbv2-backend-VA82Wl8V-py3.7/lib/python3.7/site-packages/elasticsearch_dsl/index.py", line 222, in delete
    self.connection.indices.delete(index=self._name, **kwargs)
  File "/root/.cache/pypoetry/virtualenvs/cpdbv2-backend-VA82Wl8V-py3.7/lib/python3.7/site-packages/elasticsearch/client/utils.py", line 73, in _wrapped
    return func(*args, params=params, **kwargs)
  File "/root/.cache/pypoetry/virtualenvs/cpdbv2-backend-VA82Wl8V-py3.7/lib/python3.7/site-packages/elasticsearch/client/indices.py", line 200, in delete
    params=params)
  File "/root/.cache/pypoetry/virtualenvs/cpdbv2-backend-VA82Wl8V-py3.7/lib/python3.7/site-packages/elasticsearch/transport.py", line 312, in perform_request
    status, headers, data = connection.perform_request(method, url, params, body, ignore=ignore, timeout=timeout)
  File "/root/.cache/pypoetry/virtualenvs/cpdbv2-backend-VA82Wl8V-py3.7/lib/python3.7/site-packages/elasticsearch/connection/http_urllib3.py", line 124, in perform_request
    raise ConnectionError('N/A', str(e), e)
elasticsearch.exceptions.ConnectionError: ConnectionError(<urllib3.connection.HTTPConnection object at 0x7ff06901d290>: Failed to establish a new connection: [Errno -2] Name or service not known) caused by: NewConnectionError(<urllib3.connection.HTTPConnection object at 0x7ff06901d290>: Failed to establish a new connection: [Errno -2] Name or service not known)
-------------------- >> begin captured logging << --------------------
urllib3.util.retry: DEBUG: Converted retries value: False -> Retry(total=False, connect=None, read=None, redirect=0, status=None)
urllib3.connectionpool: DEBUG: Starting new HTTP connection (561): elasticsearch:9200
elasticsearch: WARNING: DELETE http://elasticsearch:9200/test_tracker_c97d3965-996f-4fbb-b4a7-1038423423bd [status:N/A request:0.004s]
Traceback (most recent call last):
  File "/root/.cache/pypoetry/virtualenvs/cpdbv2-backend-VA82Wl8V-py3.7/lib/python3.7/site-packages/urllib3/connection.py", line 160, in _new_conn
    (self._dns_host, self.port), self.timeout, **extra_kw
  File "/root/.cache/pypoetry/virtualenvs/cpdbv2-backend-VA82Wl8V-py3.7/lib/python3.7/site-packages/urllib3/util/connection.py", line 61, in create_connection
    for res in socket.getaddrinfo(host, port, family, socket.SOCK_STREAM):
  File "/usr/local/lib/python3.7/socket.py", line 752, in getaddrinfo
    for res in _socket.getaddrinfo(host, port, family, type, proto, flags):
socket.gaierror: [Errno -2] Name or service not known

During handling of the above exception, another exception occurred:

Traceback (most recent call last):
  File "/root/.cache/pypoetry/virtualenvs/cpdbv2-backend-VA82Wl8V-py3.7/lib/python3.7/site-packages/elasticsearch/connection/http_urllib3.py", line 115, in perform_request
    response = self.pool.urlopen(method, url, body, retries=False, headers=self.headers, **kw)
  File "/root/.cache/pypoetry/virtualenvs/cpdbv2-backend-VA82Wl8V-py3.7/lib/python3.7/site-packages/urllib3/connectionpool.py", line 727, in urlopen
    method, url, error=e, _pool=self, _stacktrace=sys.exc_info()[2]
  File "/root/.cache/pypoetry/virtualenvs/cpdbv2-backend-VA82Wl8V-py3.7/lib/python3.7/site-packages/urllib3/util/retry.py", line 386, in increment
    raise six.reraise(type(error), error, _stacktrace)
  File "/root/.cache/pypoetry/virtualenvs/cpdbv2-backend-VA82Wl8V-py3.7/lib/python3.7/site-packages/urllib3/packages/six.py", line 735, in reraise
    raise value
  File "/root/.cache/pypoetry/virtualenvs/cpdbv2-backend-VA82Wl8V-py3.7/lib/python3.7/site-packages/urllib3/connectionpool.py", line 677, in urlopen
    chunked=chunked,
  File "/root/.cache/pypoetry/virtualenvs/cpdbv2-backend-VA82Wl8V-py3.7/lib/python3.7/site-packages/urllib3/connectionpool.py", line 392, in _make_request
    conn.request(method, url, **httplib_request_kw)
  File "/usr/local/lib/python3.7/http/client.py", line 1281, in request
    self._send_request(method, url, body, headers, encode_chunked)
  File "/usr/local/lib/python3.7/http/client.py", line 1327, in _send_request
    self.endheaders(body, encode_chunked=encode_chunked)
  File "/usr/local/lib/python3.7/http/client.py", line 1276, in endheaders
    self._send_output(message_body, encode_chunked=encode_chunked)
  File "/usr/local/lib/python3.7/http/client.py", line 1036, in _send_output
    self.send(msg)
  File "/usr/local/lib/python3.7/http/client.py", line 976, in send
    self.connect()
  File "/root/.cache/pypoetry/virtualenvs/cpdbv2-backend-VA82Wl8V-py3.7/lib/python3.7/site-packages/urllib3/connection.py", line 187, in connect
    conn = self._new_conn()
  File "/root/.cache/pypoetry/virtualenvs/cpdbv2-backend-VA82Wl8V-py3.7/lib/python3.7/site-packages/urllib3/connection.py", line 172, in _new_conn
    self, "Failed to establish a new connection: %s" % e
urllib3.exceptions.NewConnectionError: <urllib3.connection.HTTPConnection object at 0x7ff069045d90>: Failed to establish a new connection: [Errno -2] Name or service not known
elasticsearch: DEBUG: > None
urllib3.util.retry: DEBUG: Converted retries value: False -> Retry(total=False, connect=None, read=None, redirect=0, status=None)
urllib3.connectionpool: DEBUG: Starting new HTTP connection (562): elasticsearch:9200
elasticsearch: WARNING: DELETE http://elasticsearch:9200/test_tracker_c97d3965-996f-4fbb-b4a7-1038423423bd [status:N/A request:0.005s]
Traceback (most recent call last):
  File "/root/.cache/pypoetry/virtualenvs/cpdbv2-backend-VA82Wl8V-py3.7/lib/python3.7/site-packages/urllib3/connection.py", line 160, in _new_conn
    (self._dns_host, self.port), self.timeout, **extra_kw
  File "/root/.cache/pypoetry/virtualenvs/cpdbv2-backend-VA82Wl8V-py3.7/lib/python3.7/site-packages/urllib3/util/connection.py", line 61, in create_connection
    for res in socket.getaddrinfo(host, port, family, socket.SOCK_STREAM):
  File "/usr/local/lib/python3.7/socket.py", line 752, in getaddrinfo
    for res in _socket.getaddrinfo(host, port, family, type, proto, flags):
socket.gaierror: [Errno -2] Name or service not known

During handling of the above exception, another exception occurred:

Traceback (most recent call last):
  File "/root/.cache/pypoetry/virtualenvs/cpdbv2-backend-VA82Wl8V-py3.7/lib/python3.7/site-packages/elasticsearch/connection/http_urllib3.py", line 115, in perform_request
    response = self.pool.urlopen(method, url, body, retries=False, headers=self.headers, **kw)
  File "/root/.cache/pypoetry/virtualenvs/cpdbv2-backend-VA82Wl8V-py3.7/lib/python3.7/site-packages/urllib3/connectionpool.py", line 727, in urlopen
    method, url, error=e, _pool=self, _stacktrace=sys.exc_info()[2]
  File "/root/.cache/pypoetry/virtualenvs/cpdbv2-backend-VA82Wl8V-py3.7/lib/python3.7/site-packages/urllib3/util/retry.py", line 386, in increment
    raise six.reraise(type(error), error, _stacktrace)
  File "/root/.cache/pypoetry/virtualenvs/cpdbv2-backend-VA82Wl8V-py3.7/lib/python3.7/site-packages/urllib3/packages/six.py", line 735, in reraise
    raise value
  File "/root/.cache/pypoetry/virtualenvs/cpdbv2-backend-VA82Wl8V-py3.7/lib/python3.7/site-packages/urllib3/connectionpool.py", line 677, in urlopen
    chunked=chunked,
  File "/root/.cache/pypoetry/virtualenvs/cpdbv2-backend-VA82Wl8V-py3.7/lib/python3.7/site-packages/urllib3/connectionpool.py", line 392, in _make_request
    conn.request(method, url, **httplib_request_kw)
  File "/usr/local/lib/python3.7/http/client.py", line 1281, in request
    self._send_request(method, url, body, headers, encode_chunked)
  File "/usr/local/lib/python3.7/http/client.py", line 1327, in _send_request
    self.endheaders(body, encode_chunked=encode_chunked)
  File "/usr/local/lib/python3.7/http/client.py", line 1276, in endheaders
    self._send_output(message_body, encode_chunked=encode_chunked)
  File "/usr/local/lib/python3.7/http/client.py", line 1036, in _send_output
    self.send(msg)
  File "/usr/local/lib/python3.7/http/client.py", line 976, in send
    self.connect()
  File "/root/.cache/pypoetry/virtualenvs/cpdbv2-backend-VA82Wl8V-py3.7/lib/python3.7/site-packages/urllib3/connection.py", line 187, in connect
    conn = self._new_conn()
  File "/root/.cache/pypoetry/virtualenvs/cpdbv2-backend-VA82Wl8V-py3.7/lib/python3.7/site-packages/urllib3/connection.py", line 172, in _new_conn
    self, "Failed to establish a new connection: %s" % e
urllib3.exceptions.NewConnectionError: <urllib3.connection.HTTPConnection object at 0x7ff06900dcd0>: Failed to establish a new connection: [Errno -2] Name or service not known
elasticsearch: DEBUG: > None
urllib3.util.retry: DEBUG: Converted retries value: False -> Retry(total=False, connect=None, read=None, redirect=0, status=None)
urllib3.connectionpool: DEBUG: Starting new HTTP connection (563): elasticsearch:9200
elasticsearch: WARNING: DELETE http://elasticsearch:9200/test_tracker_c97d3965-996f-4fbb-b4a7-1038423423bd [status:N/A request:0.004s]
Traceback (most recent call last):
  File "/root/.cache/pypoetry/virtualenvs/cpdbv2-backend-VA82Wl8V-py3.7/lib/python3.7/site-packages/urllib3/connection.py", line 160, in _new_conn
    (self._dns_host, self.port), self.timeout, **extra_kw
  File "/root/.cache/pypoetry/virtualenvs/cpdbv2-backend-VA82Wl8V-py3.7/lib/python3.7/site-packages/urllib3/util/connection.py", line 61, in create_connection
    for res in socket.getaddrinfo(host, port, family, socket.SOCK_STREAM):
  File "/usr/local/lib/python3.7/socket.py", line 752, in getaddrinfo
    for res in _socket.getaddrinfo(host, port, family, type, proto, flags):
socket.gaierror: [Errno -2] Name or service not known

During handling of the above exception, another exception occurred:

Traceback (most recent call last):
  File "/root/.cache/pypoetry/virtualenvs/cpdbv2-backend-VA82Wl8V-py3.7/lib/python3.7/site-packages/elasticsearch/connection/http_urllib3.py", line 115, in perform_request
    response = self.pool.urlopen(method, url, body, retries=False, headers=self.headers, **kw)
  File "/root/.cache/pypoetry/virtualenvs/cpdbv2-backend-VA82Wl8V-py3.7/lib/python3.7/site-packages/urllib3/connectionpool.py", line 727, in urlopen
    method, url, error=e, _pool=self, _stacktrace=sys.exc_info()[2]
  File "/root/.cache/pypoetry/virtualenvs/cpdbv2-backend-VA82Wl8V-py3.7/lib/python3.7/site-packages/urllib3/util/retry.py", line 386, in increment
    raise six.reraise(type(error), error, _stacktrace)
  File "/root/.cache/pypoetry/virtualenvs/cpdbv2-backend-VA82Wl8V-py3.7/lib/python3.7/site-packages/urllib3/packages/six.py", line 735, in reraise
    raise value
  File "/root/.cache/pypoetry/virtualenvs/cpdbv2-backend-VA82Wl8V-py3.7/lib/python3.7/site-packages/urllib3/connectionpool.py", line 677, in urlopen
    chunked=chunked,
  File "/root/.cache/pypoetry/virtualenvs/cpdbv2-backend-VA82Wl8V-py3.7/lib/python3.7/site-packages/urllib3/connectionpool.py", line 392, in _make_request
    conn.request(method, url, **httplib_request_kw)
  File "/usr/local/lib/python3.7/http/client.py", line 1281, in request
    self._send_request(method, url, body, headers, encode_chunked)
  File "/usr/local/lib/python3.7/http/client.py", line 1327, in _send_request
    self.endheaders(body, encode_chunked=encode_chunked)
  File "/usr/local/lib/python3.7/http/client.py", line 1276, in endheaders
    self._send_output(message_body, encode_chunked=encode_chunked)
  File "/usr/local/lib/python3.7/http/client.py", line 1036, in _send_output
    self.send(msg)
  File "/usr/local/lib/python3.7/http/client.py", line 976, in send
    self.connect()
  File "/root/.cache/pypoetry/virtualenvs/cpdbv2-backend-VA82Wl8V-py3.7/lib/python3.7/site-packages/urllib3/connection.py", line 187, in connect
    conn = self._new_conn()
  File "/root/.cache/pypoetry/virtualenvs/cpdbv2-backend-VA82Wl8V-py3.7/lib/python3.7/site-packages/urllib3/connection.py", line 172, in _new_conn
    self, "Failed to establish a new connection: %s" % e
urllib3.exceptions.NewConnectionError: <urllib3.connection.HTTPConnection object at 0x7ff06900d5d0>: Failed to establish a new connection: [Errno -2] Name or service not known
elasticsearch: DEBUG: > None
urllib3.util.retry: DEBUG: Converted retries value: False -> Retry(total=False, connect=None, read=None, redirect=0, status=None)
urllib3.connectionpool: DEBUG: Starting new HTTP connection (564): elasticsearch:9200
elasticsearch: WARNING: DELETE http://elasticsearch:9200/test_tracker_c97d3965-996f-4fbb-b4a7-1038423423bd [status:N/A request:0.004s]
Traceback (most recent call last):
  File "/root/.cache/pypoetry/virtualenvs/cpdbv2-backend-VA82Wl8V-py3.7/lib/python3.7/site-packages/urllib3/connection.py", line 160, in _new_conn
    (self._dns_host, self.port), self.timeout, **extra_kw
  File "/root/.cache/pypoetry/virtualenvs/cpdbv2-backend-VA82Wl8V-py3.7/lib/python3.7/site-packages/urllib3/util/connection.py", line 61, in create_connection
    for res in socket.getaddrinfo(host, port, family, socket.SOCK_STREAM):
  File "/usr/local/lib/python3.7/socket.py", line 752, in getaddrinfo
    for res in _socket.getaddrinfo(host, port, family, type, proto, flags):
socket.gaierror: [Errno -2] Name or service not known

During handling of the above exception, another exception occurred:

Traceback (most recent call last):
  File "/root/.cache/pypoetry/virtualenvs/cpdbv2-backend-VA82Wl8V-py3.7/lib/python3.7/site-packages/elasticsearch/connection/http_urllib3.py", line 115, in perform_request
    response = self.pool.urlopen(method, url, body, retries=False, headers=self.headers, **kw)
  File "/root/.cache/pypoetry/virtualenvs/cpdbv2-backend-VA82Wl8V-py3.7/lib/python3.7/site-packages/urllib3/connectionpool.py", line 727, in urlopen
    method, url, error=e, _pool=self, _stacktrace=sys.exc_info()[2]
  File "/root/.cache/pypoetry/virtualenvs/cpdbv2-backend-VA82Wl8V-py3.7/lib/python3.7/site-packages/urllib3/util/retry.py", line 386, in increment
    raise six.reraise(type(error), error, _stacktrace)
  File "/root/.cache/pypoetry/virtualenvs/cpdbv2-backend-VA82Wl8V-py3.7/lib/python3.7/site-packages/urllib3/packages/six.py", line 735, in reraise
    raise value
  File "/root/.cache/pypoetry/virtualenvs/cpdbv2-backend-VA82Wl8V-py3.7/lib/python3.7/site-packages/urllib3/connectionpool.py", line 677, in urlopen
    chunked=chunked,
  File "/root/.cache/pypoetry/virtualenvs/cpdbv2-backend-VA82Wl8V-py3.7/lib/python3.7/site-packages/urllib3/connectionpool.py", line 392, in _make_request
    conn.request(method, url, **httplib_request_kw)
  File "/usr/local/lib/python3.7/http/client.py", line 1281, in request
    self._send_request(method, url, body, headers, encode_chunked)
  File "/usr/local/lib/python3.7/http/client.py", line 1327, in _send_request
    self.endheaders(body, encode_chunked=encode_chunked)
  File "/usr/local/lib/python3.7/http/client.py", line 1276, in endheaders
    self._send_output(message_body, encode_chunked=encode_chunked)
  File "/usr/local/lib/python3.7/http/client.py", line 1036, in _send_output
    self.send(msg)
  File "/usr/local/lib/python3.7/http/client.py", line 976, in send
    self.connect()
  File "/root/.cache/pypoetry/virtualenvs/cpdbv2-backend-VA82Wl8V-py3.7/lib/python3.7/site-packages/urllib3/connection.py", line 187, in connect
    conn = self._new_conn()
  File "/root/.cache/pypoetry/virtualenvs/cpdbv2-backend-VA82Wl8V-py3.7/lib/python3.7/site-packages/urllib3/connection.py", line 172, in _new_conn
    self, "Failed to establish a new connection: %s" % e
urllib3.exceptions.NewConnectionError: <urllib3.connection.HTTPConnection object at 0x7ff06901d290>: Failed to establish a new connection: [Errno -2] Name or service not known
elasticsearch: DEBUG: > None
--------------------- >> end captured logging << ---------------------

======================================================================
ERROR: test_update_attachment_text_content (tracker.tests.test_views.AttachmentAPITestCase)
----------------------------------------------------------------------
Traceback (most recent call last):
  File "/usr/src/app/cpdb/tracker/tests/mixins.py", line 7, in setUp
    tracker_index_alias.write_index.delete(ignore=404)
  File "/root/.cache/pypoetry/virtualenvs/cpdbv2-backend-VA82Wl8V-py3.7/lib/python3.7/site-packages/elasticsearch_dsl/index.py", line 222, in delete
    self.connection.indices.delete(index=self._name, **kwargs)
  File "/root/.cache/pypoetry/virtualenvs/cpdbv2-backend-VA82Wl8V-py3.7/lib/python3.7/site-packages/elasticsearch/client/utils.py", line 73, in _wrapped
    return func(*args, params=params, **kwargs)
  File "/root/.cache/pypoetry/virtualenvs/cpdbv2-backend-VA82Wl8V-py3.7/lib/python3.7/site-packages/elasticsearch/client/indices.py", line 200, in delete
    params=params)
  File "/root/.cache/pypoetry/virtualenvs/cpdbv2-backend-VA82Wl8V-py3.7/lib/python3.7/site-packages/elasticsearch/transport.py", line 312, in perform_request
    status, headers, data = connection.perform_request(method, url, params, body, ignore=ignore, timeout=timeout)
  File "/root/.cache/pypoetry/virtualenvs/cpdbv2-backend-VA82Wl8V-py3.7/lib/python3.7/site-packages/elasticsearch/connection/http_urllib3.py", line 124, in perform_request
    raise ConnectionError('N/A', str(e), e)
elasticsearch.exceptions.ConnectionError: ConnectionError(<urllib3.connection.HTTPConnection object at 0x7ff06901bf90>: Failed to establish a new connection: [Errno -2] Name or service not known) caused by: NewConnectionError(<urllib3.connection.HTTPConnection object at 0x7ff06901bf90>: Failed to establish a new connection: [Errno -2] Name or service not known)
-------------------- >> begin captured logging << --------------------
urllib3.util.retry: DEBUG: Converted retries value: False -> Retry(total=False, connect=None, read=None, redirect=0, status=None)
urllib3.connectionpool: DEBUG: Starting new HTTP connection (565): elasticsearch:9200
elasticsearch: WARNING: DELETE http://elasticsearch:9200/test_tracker_c97d3965-996f-4fbb-b4a7-1038423423bd [status:N/A request:0.005s]
Traceback (most recent call last):
  File "/root/.cache/pypoetry/virtualenvs/cpdbv2-backend-VA82Wl8V-py3.7/lib/python3.7/site-packages/urllib3/connection.py", line 160, in _new_conn
    (self._dns_host, self.port), self.timeout, **extra_kw
  File "/root/.cache/pypoetry/virtualenvs/cpdbv2-backend-VA82Wl8V-py3.7/lib/python3.7/site-packages/urllib3/util/connection.py", line 61, in create_connection
    for res in socket.getaddrinfo(host, port, family, socket.SOCK_STREAM):
  File "/usr/local/lib/python3.7/socket.py", line 752, in getaddrinfo
    for res in _socket.getaddrinfo(host, port, family, type, proto, flags):
socket.gaierror: [Errno -2] Name or service not known

During handling of the above exception, another exception occurred:

Traceback (most recent call last):
  File "/root/.cache/pypoetry/virtualenvs/cpdbv2-backend-VA82Wl8V-py3.7/lib/python3.7/site-packages/elasticsearch/connection/http_urllib3.py", line 115, in perform_request
    response = self.pool.urlopen(method, url, body, retries=False, headers=self.headers, **kw)
  File "/root/.cache/pypoetry/virtualenvs/cpdbv2-backend-VA82Wl8V-py3.7/lib/python3.7/site-packages/urllib3/connectionpool.py", line 727, in urlopen
    method, url, error=e, _pool=self, _stacktrace=sys.exc_info()[2]
  File "/root/.cache/pypoetry/virtualenvs/cpdbv2-backend-VA82Wl8V-py3.7/lib/python3.7/site-packages/urllib3/util/retry.py", line 386, in increment
    raise six.reraise(type(error), error, _stacktrace)
  File "/root/.cache/pypoetry/virtualenvs/cpdbv2-backend-VA82Wl8V-py3.7/lib/python3.7/site-packages/urllib3/packages/six.py", line 735, in reraise
    raise value
  File "/root/.cache/pypoetry/virtualenvs/cpdbv2-backend-VA82Wl8V-py3.7/lib/python3.7/site-packages/urllib3/connectionpool.py", line 677, in urlopen
    chunked=chunked,
  File "/root/.cache/pypoetry/virtualenvs/cpdbv2-backend-VA82Wl8V-py3.7/lib/python3.7/site-packages/urllib3/connectionpool.py", line 392, in _make_request
    conn.request(method, url, **httplib_request_kw)
  File "/usr/local/lib/python3.7/http/client.py", line 1281, in request
    self._send_request(method, url, body, headers, encode_chunked)
  File "/usr/local/lib/python3.7/http/client.py", line 1327, in _send_request
    self.endheaders(body, encode_chunked=encode_chunked)
  File "/usr/local/lib/python3.7/http/client.py", line 1276, in endheaders
    self._send_output(message_body, encode_chunked=encode_chunked)
  File "/usr/local/lib/python3.7/http/client.py", line 1036, in _send_output
    self.send(msg)
  File "/usr/local/lib/python3.7/http/client.py", line 976, in send
    self.connect()
  File "/root/.cache/pypoetry/virtualenvs/cpdbv2-backend-VA82Wl8V-py3.7/lib/python3.7/site-packages/urllib3/connection.py", line 187, in connect
    conn = self._new_conn()
  File "/root/.cache/pypoetry/virtualenvs/cpdbv2-backend-VA82Wl8V-py3.7/lib/python3.7/site-packages/urllib3/connection.py", line 172, in _new_conn
    self, "Failed to establish a new connection: %s" % e
urllib3.exceptions.NewConnectionError: <urllib3.connection.HTTPConnection object at 0x7ff06901d710>: Failed to establish a new connection: [Errno -2] Name or service not known
elasticsearch: DEBUG: > None
urllib3.util.retry: DEBUG: Converted retries value: False -> Retry(total=False, connect=None, read=None, redirect=0, status=None)
urllib3.connectionpool: DEBUG: Starting new HTTP connection (566): elasticsearch:9200
elasticsearch: WARNING: DELETE http://elasticsearch:9200/test_tracker_c97d3965-996f-4fbb-b4a7-1038423423bd [status:N/A request:0.004s]
Traceback (most recent call last):
  File "/root/.cache/pypoetry/virtualenvs/cpdbv2-backend-VA82Wl8V-py3.7/lib/python3.7/site-packages/urllib3/connection.py", line 160, in _new_conn
    (self._dns_host, self.port), self.timeout, **extra_kw
  File "/root/.cache/pypoetry/virtualenvs/cpdbv2-backend-VA82Wl8V-py3.7/lib/python3.7/site-packages/urllib3/util/connection.py", line 61, in create_connection
    for res in socket.getaddrinfo(host, port, family, socket.SOCK_STREAM):
  File "/usr/local/lib/python3.7/socket.py", line 752, in getaddrinfo
    for res in _socket.getaddrinfo(host, port, family, type, proto, flags):
socket.gaierror: [Errno -2] Name or service not known

During handling of the above exception, another exception occurred:

Traceback (most recent call last):
  File "/root/.cache/pypoetry/virtualenvs/cpdbv2-backend-VA82Wl8V-py3.7/lib/python3.7/site-packages/elasticsearch/connection/http_urllib3.py", line 115, in perform_request
    response = self.pool.urlopen(method, url, body, retries=False, headers=self.headers, **kw)
  File "/root/.cache/pypoetry/virtualenvs/cpdbv2-backend-VA82Wl8V-py3.7/lib/python3.7/site-packages/urllib3/connectionpool.py", line 727, in urlopen
    method, url, error=e, _pool=self, _stacktrace=sys.exc_info()[2]
  File "/root/.cache/pypoetry/virtualenvs/cpdbv2-backend-VA82Wl8V-py3.7/lib/python3.7/site-packages/urllib3/util/retry.py", line 386, in increment
    raise six.reraise(type(error), error, _stacktrace)
  File "/root/.cache/pypoetry/virtualenvs/cpdbv2-backend-VA82Wl8V-py3.7/lib/python3.7/site-packages/urllib3/packages/six.py", line 735, in reraise
    raise value
  File "/root/.cache/pypoetry/virtualenvs/cpdbv2-backend-VA82Wl8V-py3.7/lib/python3.7/site-packages/urllib3/connectionpool.py", line 677, in urlopen
    chunked=chunked,
  File "/root/.cache/pypoetry/virtualenvs/cpdbv2-backend-VA82Wl8V-py3.7/lib/python3.7/site-packages/urllib3/connectionpool.py", line 392, in _make_request
    conn.request(method, url, **httplib_request_kw)
  File "/usr/local/lib/python3.7/http/client.py", line 1281, in request
    self._send_request(method, url, body, headers, encode_chunked)
  File "/usr/local/lib/python3.7/http/client.py", line 1327, in _send_request
    self.endheaders(body, encode_chunked=encode_chunked)
  File "/usr/local/lib/python3.7/http/client.py", line 1276, in endheaders
    self._send_output(message_body, encode_chunked=encode_chunked)
  File "/usr/local/lib/python3.7/http/client.py", line 1036, in _send_output
    self.send(msg)
  File "/usr/local/lib/python3.7/http/client.py", line 976, in send
    self.connect()
  File "/root/.cache/pypoetry/virtualenvs/cpdbv2-backend-VA82Wl8V-py3.7/lib/python3.7/site-packages/urllib3/connection.py", line 187, in connect
    conn = self._new_conn()
  File "/root/.cache/pypoetry/virtualenvs/cpdbv2-backend-VA82Wl8V-py3.7/lib/python3.7/site-packages/urllib3/connection.py", line 172, in _new_conn
    self, "Failed to establish a new connection: %s" % e
urllib3.exceptions.NewConnectionError: <urllib3.connection.HTTPConnection object at 0x7ff06905b850>: Failed to establish a new connection: [Errno -2] Name or service not known
elasticsearch: DEBUG: > None
urllib3.util.retry: DEBUG: Converted retries value: False -> Retry(total=False, connect=None, read=None, redirect=0, status=None)
urllib3.connectionpool: DEBUG: Starting new HTTP connection (567): elasticsearch:9200
elasticsearch: WARNING: DELETE http://elasticsearch:9200/test_tracker_c97d3965-996f-4fbb-b4a7-1038423423bd [status:N/A request:0.004s]
Traceback (most recent call last):
  File "/root/.cache/pypoetry/virtualenvs/cpdbv2-backend-VA82Wl8V-py3.7/lib/python3.7/site-packages/urllib3/connection.py", line 160, in _new_conn
    (self._dns_host, self.port), self.timeout, **extra_kw
  File "/root/.cache/pypoetry/virtualenvs/cpdbv2-backend-VA82Wl8V-py3.7/lib/python3.7/site-packages/urllib3/util/connection.py", line 61, in create_connection
    for res in socket.getaddrinfo(host, port, family, socket.SOCK_STREAM):
  File "/usr/local/lib/python3.7/socket.py", line 752, in getaddrinfo
    for res in _socket.getaddrinfo(host, port, family, type, proto, flags):
socket.gaierror: [Errno -2] Name or service not known

During handling of the above exception, another exception occurred:

Traceback (most recent call last):
  File "/root/.cache/pypoetry/virtualenvs/cpdbv2-backend-VA82Wl8V-py3.7/lib/python3.7/site-packages/elasticsearch/connection/http_urllib3.py", line 115, in perform_request
    response = self.pool.urlopen(method, url, body, retries=False, headers=self.headers, **kw)
  File "/root/.cache/pypoetry/virtualenvs/cpdbv2-backend-VA82Wl8V-py3.7/lib/python3.7/site-packages/urllib3/connectionpool.py", line 727, in urlopen
    method, url, error=e, _pool=self, _stacktrace=sys.exc_info()[2]
  File "/root/.cache/pypoetry/virtualenvs/cpdbv2-backend-VA82Wl8V-py3.7/lib/python3.7/site-packages/urllib3/util/retry.py", line 386, in increment
    raise six.reraise(type(error), error, _stacktrace)
  File "/root/.cache/pypoetry/virtualenvs/cpdbv2-backend-VA82Wl8V-py3.7/lib/python3.7/site-packages/urllib3/packages/six.py", line 735, in reraise
    raise value
  File "/root/.cache/pypoetry/virtualenvs/cpdbv2-backend-VA82Wl8V-py3.7/lib/python3.7/site-packages/urllib3/connectionpool.py", line 677, in urlopen
    chunked=chunked,
  File "/root/.cache/pypoetry/virtualenvs/cpdbv2-backend-VA82Wl8V-py3.7/lib/python3.7/site-packages/urllib3/connectionpool.py", line 392, in _make_request
    conn.request(method, url, **httplib_request_kw)
  File "/usr/local/lib/python3.7/http/client.py", line 1281, in request
    self._send_request(method, url, body, headers, encode_chunked)
  File "/usr/local/lib/python3.7/http/client.py", line 1327, in _send_request
    self.endheaders(body, encode_chunked=encode_chunked)
  File "/usr/local/lib/python3.7/http/client.py", line 1276, in endheaders
    self._send_output(message_body, encode_chunked=encode_chunked)
  File "/usr/local/lib/python3.7/http/client.py", line 1036, in _send_output
    self.send(msg)
  File "/usr/local/lib/python3.7/http/client.py", line 976, in send
    self.connect()
  File "/root/.cache/pypoetry/virtualenvs/cpdbv2-backend-VA82Wl8V-py3.7/lib/python3.7/site-packages/urllib3/connection.py", line 187, in connect
    conn = self._new_conn()
  File "/root/.cache/pypoetry/virtualenvs/cpdbv2-backend-VA82Wl8V-py3.7/lib/python3.7/site-packages/urllib3/connection.py", line 172, in _new_conn
    self, "Failed to establish a new connection: %s" % e
urllib3.exceptions.NewConnectionError: <urllib3.connection.HTTPConnection object at 0x7ff06901b690>: Failed to establish a new connection: [Errno -2] Name or service not known
elasticsearch: DEBUG: > None
urllib3.util.retry: DEBUG: Converted retries value: False -> Retry(total=False, connect=None, read=None, redirect=0, status=None)
urllib3.connectionpool: DEBUG: Starting new HTTP connection (568): elasticsearch:9200
elasticsearch: WARNING: DELETE http://elasticsearch:9200/test_tracker_c97d3965-996f-4fbb-b4a7-1038423423bd [status:N/A request:0.005s]
Traceback (most recent call last):
  File "/root/.cache/pypoetry/virtualenvs/cpdbv2-backend-VA82Wl8V-py3.7/lib/python3.7/site-packages/urllib3/connection.py", line 160, in _new_conn
    (self._dns_host, self.port), self.timeout, **extra_kw
  File "/root/.cache/pypoetry/virtualenvs/cpdbv2-backend-VA82Wl8V-py3.7/lib/python3.7/site-packages/urllib3/util/connection.py", line 61, in create_connection
    for res in socket.getaddrinfo(host, port, family, socket.SOCK_STREAM):
  File "/usr/local/lib/python3.7/socket.py", line 752, in getaddrinfo
    for res in _socket.getaddrinfo(host, port, family, type, proto, flags):
socket.gaierror: [Errno -2] Name or service not known

During handling of the above exception, another exception occurred:

Traceback (most recent call last):
  File "/root/.cache/pypoetry/virtualenvs/cpdbv2-backend-VA82Wl8V-py3.7/lib/python3.7/site-packages/elasticsearch/connection/http_urllib3.py", line 115, in perform_request
    response = self.pool.urlopen(method, url, body, retries=False, headers=self.headers, **kw)
  File "/root/.cache/pypoetry/virtualenvs/cpdbv2-backend-VA82Wl8V-py3.7/lib/python3.7/site-packages/urllib3/connectionpool.py", line 727, in urlopen
    method, url, error=e, _pool=self, _stacktrace=sys.exc_info()[2]
  File "/root/.cache/pypoetry/virtualenvs/cpdbv2-backend-VA82Wl8V-py3.7/lib/python3.7/site-packages/urllib3/util/retry.py", line 386, in increment
    raise six.reraise(type(error), error, _stacktrace)
  File "/root/.cache/pypoetry/virtualenvs/cpdbv2-backend-VA82Wl8V-py3.7/lib/python3.7/site-packages/urllib3/packages/six.py", line 735, in reraise
    raise value
  File "/root/.cache/pypoetry/virtualenvs/cpdbv2-backend-VA82Wl8V-py3.7/lib/python3.7/site-packages/urllib3/connectionpool.py", line 677, in urlopen
    chunked=chunked,
  File "/root/.cache/pypoetry/virtualenvs/cpdbv2-backend-VA82Wl8V-py3.7/lib/python3.7/site-packages/urllib3/connectionpool.py", line 392, in _make_request
    conn.request(method, url, **httplib_request_kw)
  File "/usr/local/lib/python3.7/http/client.py", line 1281, in request
    self._send_request(method, url, body, headers, encode_chunked)
  File "/usr/local/lib/python3.7/http/client.py", line 1327, in _send_request
    self.endheaders(body, encode_chunked=encode_chunked)
  File "/usr/local/lib/python3.7/http/client.py", line 1276, in endheaders
    self._send_output(message_body, encode_chunked=encode_chunked)
  File "/usr/local/lib/python3.7/http/client.py", line 1036, in _send_output
    self.send(msg)
  File "/usr/local/lib/python3.7/http/client.py", line 976, in send
    self.connect()
  File "/root/.cache/pypoetry/virtualenvs/cpdbv2-backend-VA82Wl8V-py3.7/lib/python3.7/site-packages/urllib3/connection.py", line 187, in connect
    conn = self._new_conn()
  File "/root/.cache/pypoetry/virtualenvs/cpdbv2-backend-VA82Wl8V-py3.7/lib/python3.7/site-packages/urllib3/connection.py", line 172, in _new_conn
    self, "Failed to establish a new connection: %s" % e
urllib3.exceptions.NewConnectionError: <urllib3.connection.HTTPConnection object at 0x7ff06901bf90>: Failed to establish a new connection: [Errno -2] Name or service not known
elasticsearch: DEBUG: > None
--------------------- >> end captured logging << ---------------------

======================================================================
ERROR: test_update_attachment_title (tracker.tests.test_views.AttachmentAPITestCase)
----------------------------------------------------------------------
Traceback (most recent call last):
  File "/usr/src/app/cpdb/tracker/tests/mixins.py", line 7, in setUp
    tracker_index_alias.write_index.delete(ignore=404)
  File "/root/.cache/pypoetry/virtualenvs/cpdbv2-backend-VA82Wl8V-py3.7/lib/python3.7/site-packages/elasticsearch_dsl/index.py", line 222, in delete
    self.connection.indices.delete(index=self._name, **kwargs)
  File "/root/.cache/pypoetry/virtualenvs/cpdbv2-backend-VA82Wl8V-py3.7/lib/python3.7/site-packages/elasticsearch/client/utils.py", line 73, in _wrapped
    return func(*args, params=params, **kwargs)
  File "/root/.cache/pypoetry/virtualenvs/cpdbv2-backend-VA82Wl8V-py3.7/lib/python3.7/site-packages/elasticsearch/client/indices.py", line 200, in delete
    params=params)
  File "/root/.cache/pypoetry/virtualenvs/cpdbv2-backend-VA82Wl8V-py3.7/lib/python3.7/site-packages/elasticsearch/transport.py", line 312, in perform_request
    status, headers, data = connection.perform_request(method, url, params, body, ignore=ignore, timeout=timeout)
  File "/root/.cache/pypoetry/virtualenvs/cpdbv2-backend-VA82Wl8V-py3.7/lib/python3.7/site-packages/elasticsearch/connection/http_urllib3.py", line 124, in perform_request
    raise ConnectionError('N/A', str(e), e)
elasticsearch.exceptions.ConnectionError: ConnectionError(<urllib3.connection.HTTPConnection object at 0x7ff06900db10>: Failed to establish a new connection: [Errno -2] Name or service not known) caused by: NewConnectionError(<urllib3.connection.HTTPConnection object at 0x7ff06900db10>: Failed to establish a new connection: [Errno -2] Name or service not known)
-------------------- >> begin captured logging << --------------------
urllib3.util.retry: DEBUG: Converted retries value: False -> Retry(total=False, connect=None, read=None, redirect=0, status=None)
urllib3.connectionpool: DEBUG: Starting new HTTP connection (569): elasticsearch:9200
elasticsearch: WARNING: DELETE http://elasticsearch:9200/test_tracker_c97d3965-996f-4fbb-b4a7-1038423423bd [status:N/A request:0.004s]
Traceback (most recent call last):
  File "/root/.cache/pypoetry/virtualenvs/cpdbv2-backend-VA82Wl8V-py3.7/lib/python3.7/site-packages/urllib3/connection.py", line 160, in _new_conn
    (self._dns_host, self.port), self.timeout, **extra_kw
  File "/root/.cache/pypoetry/virtualenvs/cpdbv2-backend-VA82Wl8V-py3.7/lib/python3.7/site-packages/urllib3/util/connection.py", line 61, in create_connection
    for res in socket.getaddrinfo(host, port, family, socket.SOCK_STREAM):
  File "/usr/local/lib/python3.7/socket.py", line 752, in getaddrinfo
    for res in _socket.getaddrinfo(host, port, family, type, proto, flags):
socket.gaierror: [Errno -2] Name or service not known

During handling of the above exception, another exception occurred:

Traceback (most recent call last):
  File "/root/.cache/pypoetry/virtualenvs/cpdbv2-backend-VA82Wl8V-py3.7/lib/python3.7/site-packages/elasticsearch/connection/http_urllib3.py", line 115, in perform_request
    response = self.pool.urlopen(method, url, body, retries=False, headers=self.headers, **kw)
  File "/root/.cache/pypoetry/virtualenvs/cpdbv2-backend-VA82Wl8V-py3.7/lib/python3.7/site-packages/urllib3/connectionpool.py", line 727, in urlopen
    method, url, error=e, _pool=self, _stacktrace=sys.exc_info()[2]
  File "/root/.cache/pypoetry/virtualenvs/cpdbv2-backend-VA82Wl8V-py3.7/lib/python3.7/site-packages/urllib3/util/retry.py", line 386, in increment
    raise six.reraise(type(error), error, _stacktrace)
  File "/root/.cache/pypoetry/virtualenvs/cpdbv2-backend-VA82Wl8V-py3.7/lib/python3.7/site-packages/urllib3/packages/six.py", line 735, in reraise
    raise value
  File "/root/.cache/pypoetry/virtualenvs/cpdbv2-backend-VA82Wl8V-py3.7/lib/python3.7/site-packages/urllib3/connectionpool.py", line 677, in urlopen
    chunked=chunked,
  File "/root/.cache/pypoetry/virtualenvs/cpdbv2-backend-VA82Wl8V-py3.7/lib/python3.7/site-packages/urllib3/connectionpool.py", line 392, in _make_request
    conn.request(method, url, **httplib_request_kw)
  File "/usr/local/lib/python3.7/http/client.py", line 1281, in request
    self._send_request(method, url, body, headers, encode_chunked)
  File "/usr/local/lib/python3.7/http/client.py", line 1327, in _send_request
    self.endheaders(body, encode_chunked=encode_chunked)
  File "/usr/local/lib/python3.7/http/client.py", line 1276, in endheaders
    self._send_output(message_body, encode_chunked=encode_chunked)
  File "/usr/local/lib/python3.7/http/client.py", line 1036, in _send_output
    self.send(msg)
  File "/usr/local/lib/python3.7/http/client.py", line 976, in send
    self.connect()
  File "/root/.cache/pypoetry/virtualenvs/cpdbv2-backend-VA82Wl8V-py3.7/lib/python3.7/site-packages/urllib3/connection.py", line 187, in connect
    conn = self._new_conn()
  File "/root/.cache/pypoetry/virtualenvs/cpdbv2-backend-VA82Wl8V-py3.7/lib/python3.7/site-packages/urllib3/connection.py", line 172, in _new_conn
    self, "Failed to establish a new connection: %s" % e
urllib3.exceptions.NewConnectionError: <urllib3.connection.HTTPConnection object at 0x7ff0690866d0>: Failed to establish a new connection: [Errno -2] Name or service not known
elasticsearch: DEBUG: > None
urllib3.util.retry: DEBUG: Converted retries value: False -> Retry(total=False, connect=None, read=None, redirect=0, status=None)
urllib3.connectionpool: DEBUG: Starting new HTTP connection (570): elasticsearch:9200
elasticsearch: WARNING: DELETE http://elasticsearch:9200/test_tracker_c97d3965-996f-4fbb-b4a7-1038423423bd [status:N/A request:0.004s]
Traceback (most recent call last):
  File "/root/.cache/pypoetry/virtualenvs/cpdbv2-backend-VA82Wl8V-py3.7/lib/python3.7/site-packages/urllib3/connection.py", line 160, in _new_conn
    (self._dns_host, self.port), self.timeout, **extra_kw
  File "/root/.cache/pypoetry/virtualenvs/cpdbv2-backend-VA82Wl8V-py3.7/lib/python3.7/site-packages/urllib3/util/connection.py", line 61, in create_connection
    for res in socket.getaddrinfo(host, port, family, socket.SOCK_STREAM):
  File "/usr/local/lib/python3.7/socket.py", line 752, in getaddrinfo
    for res in _socket.getaddrinfo(host, port, family, type, proto, flags):
socket.gaierror: [Errno -2] Name or service not known

During handling of the above exception, another exception occurred:

Traceback (most recent call last):
  File "/root/.cache/pypoetry/virtualenvs/cpdbv2-backend-VA82Wl8V-py3.7/lib/python3.7/site-packages/elasticsearch/connection/http_urllib3.py", line 115, in perform_request
    response = self.pool.urlopen(method, url, body, retries=False, headers=self.headers, **kw)
  File "/root/.cache/pypoetry/virtualenvs/cpdbv2-backend-VA82Wl8V-py3.7/lib/python3.7/site-packages/urllib3/connectionpool.py", line 727, in urlopen
    method, url, error=e, _pool=self, _stacktrace=sys.exc_info()[2]
  File "/root/.cache/pypoetry/virtualenvs/cpdbv2-backend-VA82Wl8V-py3.7/lib/python3.7/site-packages/urllib3/util/retry.py", line 386, in increment
    raise six.reraise(type(error), error, _stacktrace)
  File "/root/.cache/pypoetry/virtualenvs/cpdbv2-backend-VA82Wl8V-py3.7/lib/python3.7/site-packages/urllib3/packages/six.py", line 735, in reraise
    raise value
  File "/root/.cache/pypoetry/virtualenvs/cpdbv2-backend-VA82Wl8V-py3.7/lib/python3.7/site-packages/urllib3/connectionpool.py", line 677, in urlopen
    chunked=chunked,
  File "/root/.cache/pypoetry/virtualenvs/cpdbv2-backend-VA82Wl8V-py3.7/lib/python3.7/site-packages/urllib3/connectionpool.py", line 392, in _make_request
    conn.request(method, url, **httplib_request_kw)
  File "/usr/local/lib/python3.7/http/client.py", line 1281, in request
    self._send_request(method, url, body, headers, encode_chunked)
  File "/usr/local/lib/python3.7/http/client.py", line 1327, in _send_request
    self.endheaders(body, encode_chunked=encode_chunked)
  File "/usr/local/lib/python3.7/http/client.py", line 1276, in endheaders
    self._send_output(message_body, encode_chunked=encode_chunked)
  File "/usr/local/lib/python3.7/http/client.py", line 1036, in _send_output
    self.send(msg)
  File "/usr/local/lib/python3.7/http/client.py", line 976, in send
    self.connect()
  File "/root/.cache/pypoetry/virtualenvs/cpdbv2-backend-VA82Wl8V-py3.7/lib/python3.7/site-packages/urllib3/connection.py", line 187, in connect
    conn = self._new_conn()
  File "/root/.cache/pypoetry/virtualenvs/cpdbv2-backend-VA82Wl8V-py3.7/lib/python3.7/site-packages/urllib3/connection.py", line 172, in _new_conn
    self, "Failed to establish a new connection: %s" % e
urllib3.exceptions.NewConnectionError: <urllib3.connection.HTTPConnection object at 0x7ff06901bb50>: Failed to establish a new connection: [Errno -2] Name or service not known
elasticsearch: DEBUG: > None
urllib3.util.retry: DEBUG: Converted retries value: False -> Retry(total=False, connect=None, read=None, redirect=0, status=None)
urllib3.connectionpool: DEBUG: Starting new HTTP connection (571): elasticsearch:9200
elasticsearch: WARNING: DELETE http://elasticsearch:9200/test_tracker_c97d3965-996f-4fbb-b4a7-1038423423bd [status:N/A request:0.004s]
Traceback (most recent call last):
  File "/root/.cache/pypoetry/virtualenvs/cpdbv2-backend-VA82Wl8V-py3.7/lib/python3.7/site-packages/urllib3/connection.py", line 160, in _new_conn
    (self._dns_host, self.port), self.timeout, **extra_kw
  File "/root/.cache/pypoetry/virtualenvs/cpdbv2-backend-VA82Wl8V-py3.7/lib/python3.7/site-packages/urllib3/util/connection.py", line 61, in create_connection
    for res in socket.getaddrinfo(host, port, family, socket.SOCK_STREAM):
  File "/usr/local/lib/python3.7/socket.py", line 752, in getaddrinfo
    for res in _socket.getaddrinfo(host, port, family, type, proto, flags):
socket.gaierror: [Errno -2] Name or service not known

During handling of the above exception, another exception occurred:

Traceback (most recent call last):
  File "/root/.cache/pypoetry/virtualenvs/cpdbv2-backend-VA82Wl8V-py3.7/lib/python3.7/site-packages/elasticsearch/connection/http_urllib3.py", line 115, in perform_request
    response = self.pool.urlopen(method, url, body, retries=False, headers=self.headers, **kw)
  File "/root/.cache/pypoetry/virtualenvs/cpdbv2-backend-VA82Wl8V-py3.7/lib/python3.7/site-packages/urllib3/connectionpool.py", line 727, in urlopen
    method, url, error=e, _pool=self, _stacktrace=sys.exc_info()[2]
  File "/root/.cache/pypoetry/virtualenvs/cpdbv2-backend-VA82Wl8V-py3.7/lib/python3.7/site-packages/urllib3/util/retry.py", line 386, in increment
    raise six.reraise(type(error), error, _stacktrace)
  File "/root/.cache/pypoetry/virtualenvs/cpdbv2-backend-VA82Wl8V-py3.7/lib/python3.7/site-packages/urllib3/packages/six.py", line 735, in reraise
    raise value
  File "/root/.cache/pypoetry/virtualenvs/cpdbv2-backend-VA82Wl8V-py3.7/lib/python3.7/site-packages/urllib3/connectionpool.py", line 677, in urlopen
    chunked=chunked,
  File "/root/.cache/pypoetry/virtualenvs/cpdbv2-backend-VA82Wl8V-py3.7/lib/python3.7/site-packages/urllib3/connectionpool.py", line 392, in _make_request
    conn.request(method, url, **httplib_request_kw)
  File "/usr/local/lib/python3.7/http/client.py", line 1281, in request
    self._send_request(method, url, body, headers, encode_chunked)
  File "/usr/local/lib/python3.7/http/client.py", line 1327, in _send_request
    self.endheaders(body, encode_chunked=encode_chunked)
  File "/usr/local/lib/python3.7/http/client.py", line 1276, in endheaders
    self._send_output(message_body, encode_chunked=encode_chunked)
  File "/usr/local/lib/python3.7/http/client.py", line 1036, in _send_output
    self.send(msg)
  File "/usr/local/lib/python3.7/http/client.py", line 976, in send
    self.connect()
  File "/root/.cache/pypoetry/virtualenvs/cpdbv2-backend-VA82Wl8V-py3.7/lib/python3.7/site-packages/urllib3/connection.py", line 187, in connect
    conn = self._new_conn()
  File "/root/.cache/pypoetry/virtualenvs/cpdbv2-backend-VA82Wl8V-py3.7/lib/python3.7/site-packages/urllib3/connection.py", line 172, in _new_conn
    self, "Failed to establish a new connection: %s" % e
urllib3.exceptions.NewConnectionError: <urllib3.connection.HTTPConnection object at 0x7ff06901b350>: Failed to establish a new connection: [Errno -2] Name or service not known
elasticsearch: DEBUG: > None
urllib3.util.retry: DEBUG: Converted retries value: False -> Retry(total=False, connect=None, read=None, redirect=0, status=None)
urllib3.connectionpool: DEBUG: Starting new HTTP connection (572): elasticsearch:9200
elasticsearch: WARNING: DELETE http://elasticsearch:9200/test_tracker_c97d3965-996f-4fbb-b4a7-1038423423bd [status:N/A request:0.004s]
Traceback (most recent call last):
  File "/root/.cache/pypoetry/virtualenvs/cpdbv2-backend-VA82Wl8V-py3.7/lib/python3.7/site-packages/urllib3/connection.py", line 160, in _new_conn
    (self._dns_host, self.port), self.timeout, **extra_kw
  File "/root/.cache/pypoetry/virtualenvs/cpdbv2-backend-VA82Wl8V-py3.7/lib/python3.7/site-packages/urllib3/util/connection.py", line 61, in create_connection
    for res in socket.getaddrinfo(host, port, family, socket.SOCK_STREAM):
  File "/usr/local/lib/python3.7/socket.py", line 752, in getaddrinfo
    for res in _socket.getaddrinfo(host, port, family, type, proto, flags):
socket.gaierror: [Errno -2] Name or service not known

During handling of the above exception, another exception occurred:

Traceback (most recent call last):
  File "/root/.cache/pypoetry/virtualenvs/cpdbv2-backend-VA82Wl8V-py3.7/lib/python3.7/site-packages/elasticsearch/connection/http_urllib3.py", line 115, in perform_request
    response = self.pool.urlopen(method, url, body, retries=False, headers=self.headers, **kw)
  File "/root/.cache/pypoetry/virtualenvs/cpdbv2-backend-VA82Wl8V-py3.7/lib/python3.7/site-packages/urllib3/connectionpool.py", line 727, in urlopen
    method, url, error=e, _pool=self, _stacktrace=sys.exc_info()[2]
  File "/root/.cache/pypoetry/virtualenvs/cpdbv2-backend-VA82Wl8V-py3.7/lib/python3.7/site-packages/urllib3/util/retry.py", line 386, in increment
    raise six.reraise(type(error), error, _stacktrace)
  File "/root/.cache/pypoetry/virtualenvs/cpdbv2-backend-VA82Wl8V-py3.7/lib/python3.7/site-packages/urllib3/packages/six.py", line 735, in reraise
    raise value
  File "/root/.cache/pypoetry/virtualenvs/cpdbv2-backend-VA82Wl8V-py3.7/lib/python3.7/site-packages/urllib3/connectionpool.py", line 677, in urlopen
    chunked=chunked,
  File "/root/.cache/pypoetry/virtualenvs/cpdbv2-backend-VA82Wl8V-py3.7/lib/python3.7/site-packages/urllib3/connectionpool.py", line 392, in _make_request
    conn.request(method, url, **httplib_request_kw)
  File "/usr/local/lib/python3.7/http/client.py", line 1281, in request
    self._send_request(method, url, body, headers, encode_chunked)
  File "/usr/local/lib/python3.7/http/client.py", line 1327, in _send_request
    self.endheaders(body, encode_chunked=encode_chunked)
  File "/usr/local/lib/python3.7/http/client.py", line 1276, in endheaders
    self._send_output(message_body, encode_chunked=encode_chunked)
  File "/usr/local/lib/python3.7/http/client.py", line 1036, in _send_output
    self.send(msg)
  File "/usr/local/lib/python3.7/http/client.py", line 976, in send
    self.connect()
  File "/root/.cache/pypoetry/virtualenvs/cpdbv2-backend-VA82Wl8V-py3.7/lib/python3.7/site-packages/urllib3/connection.py", line 187, in connect
    conn = self._new_conn()
  File "/root/.cache/pypoetry/virtualenvs/cpdbv2-backend-VA82Wl8V-py3.7/lib/python3.7/site-packages/urllib3/connection.py", line 172, in _new_conn
    self, "Failed to establish a new connection: %s" % e
urllib3.exceptions.NewConnectionError: <urllib3.connection.HTTPConnection object at 0x7ff06900db10>: Failed to establish a new connection: [Errno -2] Name or service not known
elasticsearch: DEBUG: > None
--------------------- >> end captured logging << ---------------------

======================================================================
ERROR: test_update_attachment_title_no_change (tracker.tests.test_views.AttachmentAPITestCase)
----------------------------------------------------------------------
Traceback (most recent call last):
  File "/usr/src/app/cpdb/tracker/tests/mixins.py", line 7, in setUp
    tracker_index_alias.write_index.delete(ignore=404)
  File "/root/.cache/pypoetry/virtualenvs/cpdbv2-backend-VA82Wl8V-py3.7/lib/python3.7/site-packages/elasticsearch_dsl/index.py", line 222, in delete
    self.connection.indices.delete(index=self._name, **kwargs)
  File "/root/.cache/pypoetry/virtualenvs/cpdbv2-backend-VA82Wl8V-py3.7/lib/python3.7/site-packages/elasticsearch/client/utils.py", line 73, in _wrapped
    return func(*args, params=params, **kwargs)
  File "/root/.cache/pypoetry/virtualenvs/cpdbv2-backend-VA82Wl8V-py3.7/lib/python3.7/site-packages/elasticsearch/client/indices.py", line 200, in delete
    params=params)
  File "/root/.cache/pypoetry/virtualenvs/cpdbv2-backend-VA82Wl8V-py3.7/lib/python3.7/site-packages/elasticsearch/transport.py", line 312, in perform_request
    status, headers, data = connection.perform_request(method, url, params, body, ignore=ignore, timeout=timeout)
  File "/root/.cache/pypoetry/virtualenvs/cpdbv2-backend-VA82Wl8V-py3.7/lib/python3.7/site-packages/elasticsearch/connection/http_urllib3.py", line 124, in perform_request
    raise ConnectionError('N/A', str(e), e)
elasticsearch.exceptions.ConnectionError: ConnectionError(<urllib3.connection.HTTPConnection object at 0x7ff068941850>: Failed to establish a new connection: [Errno -2] Name or service not known) caused by: NewConnectionError(<urllib3.connection.HTTPConnection object at 0x7ff068941850>: Failed to establish a new connection: [Errno -2] Name or service not known)
-------------------- >> begin captured logging << --------------------
urllib3.util.retry: DEBUG: Converted retries value: False -> Retry(total=False, connect=None, read=None, redirect=0, status=None)
urllib3.connectionpool: DEBUG: Starting new HTTP connection (573): elasticsearch:9200
elasticsearch: WARNING: DELETE http://elasticsearch:9200/test_tracker_c97d3965-996f-4fbb-b4a7-1038423423bd [status:N/A request:0.004s]
Traceback (most recent call last):
  File "/root/.cache/pypoetry/virtualenvs/cpdbv2-backend-VA82Wl8V-py3.7/lib/python3.7/site-packages/urllib3/connection.py", line 160, in _new_conn
    (self._dns_host, self.port), self.timeout, **extra_kw
  File "/root/.cache/pypoetry/virtualenvs/cpdbv2-backend-VA82Wl8V-py3.7/lib/python3.7/site-packages/urllib3/util/connection.py", line 61, in create_connection
    for res in socket.getaddrinfo(host, port, family, socket.SOCK_STREAM):
  File "/usr/local/lib/python3.7/socket.py", line 752, in getaddrinfo
    for res in _socket.getaddrinfo(host, port, family, type, proto, flags):
socket.gaierror: [Errno -2] Name or service not known

During handling of the above exception, another exception occurred:

Traceback (most recent call last):
  File "/root/.cache/pypoetry/virtualenvs/cpdbv2-backend-VA82Wl8V-py3.7/lib/python3.7/site-packages/elasticsearch/connection/http_urllib3.py", line 115, in perform_request
    response = self.pool.urlopen(method, url, body, retries=False, headers=self.headers, **kw)
  File "/root/.cache/pypoetry/virtualenvs/cpdbv2-backend-VA82Wl8V-py3.7/lib/python3.7/site-packages/urllib3/connectionpool.py", line 727, in urlopen
    method, url, error=e, _pool=self, _stacktrace=sys.exc_info()[2]
  File "/root/.cache/pypoetry/virtualenvs/cpdbv2-backend-VA82Wl8V-py3.7/lib/python3.7/site-packages/urllib3/util/retry.py", line 386, in increment
    raise six.reraise(type(error), error, _stacktrace)
  File "/root/.cache/pypoetry/virtualenvs/cpdbv2-backend-VA82Wl8V-py3.7/lib/python3.7/site-packages/urllib3/packages/six.py", line 735, in reraise
    raise value
  File "/root/.cache/pypoetry/virtualenvs/cpdbv2-backend-VA82Wl8V-py3.7/lib/python3.7/site-packages/urllib3/connectionpool.py", line 677, in urlopen
    chunked=chunked,
  File "/root/.cache/pypoetry/virtualenvs/cpdbv2-backend-VA82Wl8V-py3.7/lib/python3.7/site-packages/urllib3/connectionpool.py", line 392, in _make_request
    conn.request(method, url, **httplib_request_kw)
  File "/usr/local/lib/python3.7/http/client.py", line 1281, in request
    self._send_request(method, url, body, headers, encode_chunked)
  File "/usr/local/lib/python3.7/http/client.py", line 1327, in _send_request
    self.endheaders(body, encode_chunked=encode_chunked)
  File "/usr/local/lib/python3.7/http/client.py", line 1276, in endheaders
    self._send_output(message_body, encode_chunked=encode_chunked)
  File "/usr/local/lib/python3.7/http/client.py", line 1036, in _send_output
    self.send(msg)
  File "/usr/local/lib/python3.7/http/client.py", line 976, in send
    self.connect()
  File "/root/.cache/pypoetry/virtualenvs/cpdbv2-backend-VA82Wl8V-py3.7/lib/python3.7/site-packages/urllib3/connection.py", line 187, in connect
    conn = self._new_conn()
  File "/root/.cache/pypoetry/virtualenvs/cpdbv2-backend-VA82Wl8V-py3.7/lib/python3.7/site-packages/urllib3/connection.py", line 172, in _new_conn
    self, "Failed to establish a new connection: %s" % e
urllib3.exceptions.NewConnectionError: <urllib3.connection.HTTPConnection object at 0x7ff068f56d50>: Failed to establish a new connection: [Errno -2] Name or service not known
elasticsearch: DEBUG: > None
urllib3.util.retry: DEBUG: Converted retries value: False -> Retry(total=False, connect=None, read=None, redirect=0, status=None)
urllib3.connectionpool: DEBUG: Starting new HTTP connection (574): elasticsearch:9200
elasticsearch: WARNING: DELETE http://elasticsearch:9200/test_tracker_c97d3965-996f-4fbb-b4a7-1038423423bd [status:N/A request:0.004s]
Traceback (most recent call last):
  File "/root/.cache/pypoetry/virtualenvs/cpdbv2-backend-VA82Wl8V-py3.7/lib/python3.7/site-packages/urllib3/connection.py", line 160, in _new_conn
    (self._dns_host, self.port), self.timeout, **extra_kw
  File "/root/.cache/pypoetry/virtualenvs/cpdbv2-backend-VA82Wl8V-py3.7/lib/python3.7/site-packages/urllib3/util/connection.py", line 61, in create_connection
    for res in socket.getaddrinfo(host, port, family, socket.SOCK_STREAM):
  File "/usr/local/lib/python3.7/socket.py", line 752, in getaddrinfo
    for res in _socket.getaddrinfo(host, port, family, type, proto, flags):
socket.gaierror: [Errno -2] Name or service not known

During handling of the above exception, another exception occurred:

Traceback (most recent call last):
  File "/root/.cache/pypoetry/virtualenvs/cpdbv2-backend-VA82Wl8V-py3.7/lib/python3.7/site-packages/elasticsearch/connection/http_urllib3.py", line 115, in perform_request
    response = self.pool.urlopen(method, url, body, retries=False, headers=self.headers, **kw)
  File "/root/.cache/pypoetry/virtualenvs/cpdbv2-backend-VA82Wl8V-py3.7/lib/python3.7/site-packages/urllib3/connectionpool.py", line 727, in urlopen
    method, url, error=e, _pool=self, _stacktrace=sys.exc_info()[2]
  File "/root/.cache/pypoetry/virtualenvs/cpdbv2-backend-VA82Wl8V-py3.7/lib/python3.7/site-packages/urllib3/util/retry.py", line 386, in increment
    raise six.reraise(type(error), error, _stacktrace)
  File "/root/.cache/pypoetry/virtualenvs/cpdbv2-backend-VA82Wl8V-py3.7/lib/python3.7/site-packages/urllib3/packages/six.py", line 735, in reraise
    raise value
  File "/root/.cache/pypoetry/virtualenvs/cpdbv2-backend-VA82Wl8V-py3.7/lib/python3.7/site-packages/urllib3/connectionpool.py", line 677, in urlopen
    chunked=chunked,
  File "/root/.cache/pypoetry/virtualenvs/cpdbv2-backend-VA82Wl8V-py3.7/lib/python3.7/site-packages/urllib3/connectionpool.py", line 392, in _make_request
    conn.request(method, url, **httplib_request_kw)
  File "/usr/local/lib/python3.7/http/client.py", line 1281, in request
    self._send_request(method, url, body, headers, encode_chunked)
  File "/usr/local/lib/python3.7/http/client.py", line 1327, in _send_request
    self.endheaders(body, encode_chunked=encode_chunked)
  File "/usr/local/lib/python3.7/http/client.py", line 1276, in endheaders
    self._send_output(message_body, encode_chunked=encode_chunked)
  File "/usr/local/lib/python3.7/http/client.py", line 1036, in _send_output
    self.send(msg)
  File "/usr/local/lib/python3.7/http/client.py", line 976, in send
    self.connect()
  File "/root/.cache/pypoetry/virtualenvs/cpdbv2-backend-VA82Wl8V-py3.7/lib/python3.7/site-packages/urllib3/connection.py", line 187, in connect
    conn = self._new_conn()
  File "/root/.cache/pypoetry/virtualenvs/cpdbv2-backend-VA82Wl8V-py3.7/lib/python3.7/site-packages/urllib3/connection.py", line 172, in _new_conn
    self, "Failed to establish a new connection: %s" % e
urllib3.exceptions.NewConnectionError: <urllib3.connection.HTTPConnection object at 0x7ff069045050>: Failed to establish a new connection: [Errno -2] Name or service not known
elasticsearch: DEBUG: > None
urllib3.util.retry: DEBUG: Converted retries value: False -> Retry(total=False, connect=None, read=None, redirect=0, status=None)
urllib3.connectionpool: DEBUG: Starting new HTTP connection (575): elasticsearch:9200
elasticsearch: WARNING: DELETE http://elasticsearch:9200/test_tracker_c97d3965-996f-4fbb-b4a7-1038423423bd [status:N/A request:0.005s]
Traceback (most recent call last):
  File "/root/.cache/pypoetry/virtualenvs/cpdbv2-backend-VA82Wl8V-py3.7/lib/python3.7/site-packages/urllib3/connection.py", line 160, in _new_conn
    (self._dns_host, self.port), self.timeout, **extra_kw
  File "/root/.cache/pypoetry/virtualenvs/cpdbv2-backend-VA82Wl8V-py3.7/lib/python3.7/site-packages/urllib3/util/connection.py", line 61, in create_connection
    for res in socket.getaddrinfo(host, port, family, socket.SOCK_STREAM):
  File "/usr/local/lib/python3.7/socket.py", line 752, in getaddrinfo
    for res in _socket.getaddrinfo(host, port, family, type, proto, flags):
socket.gaierror: [Errno -2] Name or service not known

During handling of the above exception, another exception occurred:

Traceback (most recent call last):
  File "/root/.cache/pypoetry/virtualenvs/cpdbv2-backend-VA82Wl8V-py3.7/lib/python3.7/site-packages/elasticsearch/connection/http_urllib3.py", line 115, in perform_request
    response = self.pool.urlopen(method, url, body, retries=False, headers=self.headers, **kw)
  File "/root/.cache/pypoetry/virtualenvs/cpdbv2-backend-VA82Wl8V-py3.7/lib/python3.7/site-packages/urllib3/connectionpool.py", line 727, in urlopen
    method, url, error=e, _pool=self, _stacktrace=sys.exc_info()[2]
  File "/root/.cache/pypoetry/virtualenvs/cpdbv2-backend-VA82Wl8V-py3.7/lib/python3.7/site-packages/urllib3/util/retry.py", line 386, in increment
    raise six.reraise(type(error), error, _stacktrace)
  File "/root/.cache/pypoetry/virtualenvs/cpdbv2-backend-VA82Wl8V-py3.7/lib/python3.7/site-packages/urllib3/packages/six.py", line 735, in reraise
    raise value
  File "/root/.cache/pypoetry/virtualenvs/cpdbv2-backend-VA82Wl8V-py3.7/lib/python3.7/site-packages/urllib3/connectionpool.py", line 677, in urlopen
    chunked=chunked,
  File "/root/.cache/pypoetry/virtualenvs/cpdbv2-backend-VA82Wl8V-py3.7/lib/python3.7/site-packages/urllib3/connectionpool.py", line 392, in _make_request
    conn.request(method, url, **httplib_request_kw)
  File "/usr/local/lib/python3.7/http/client.py", line 1281, in request
    self._send_request(method, url, body, headers, encode_chunked)
  File "/usr/local/lib/python3.7/http/client.py", line 1327, in _send_request
    self.endheaders(body, encode_chunked=encode_chunked)
  File "/usr/local/lib/python3.7/http/client.py", line 1276, in endheaders
    self._send_output(message_body, encode_chunked=encode_chunked)
  File "/usr/local/lib/python3.7/http/client.py", line 1036, in _send_output
    self.send(msg)
  File "/usr/local/lib/python3.7/http/client.py", line 976, in send
    self.connect()
  File "/root/.cache/pypoetry/virtualenvs/cpdbv2-backend-VA82Wl8V-py3.7/lib/python3.7/site-packages/urllib3/connection.py", line 187, in connect
    conn = self._new_conn()
  File "/root/.cache/pypoetry/virtualenvs/cpdbv2-backend-VA82Wl8V-py3.7/lib/python3.7/site-packages/urllib3/connection.py", line 172, in _new_conn
    self, "Failed to establish a new connection: %s" % e
urllib3.exceptions.NewConnectionError: <urllib3.connection.HTTPConnection object at 0x7ff069045890>: Failed to establish a new connection: [Errno -2] Name or service not known
elasticsearch: DEBUG: > None
urllib3.util.retry: DEBUG: Converted retries value: False -> Retry(total=False, connect=None, read=None, redirect=0, status=None)
urllib3.connectionpool: DEBUG: Starting new HTTP connection (576): elasticsearch:9200
elasticsearch: WARNING: DELETE http://elasticsearch:9200/test_tracker_c97d3965-996f-4fbb-b4a7-1038423423bd [status:N/A request:0.004s]
Traceback (most recent call last):
  File "/root/.cache/pypoetry/virtualenvs/cpdbv2-backend-VA82Wl8V-py3.7/lib/python3.7/site-packages/urllib3/connection.py", line 160, in _new_conn
    (self._dns_host, self.port), self.timeout, **extra_kw
  File "/root/.cache/pypoetry/virtualenvs/cpdbv2-backend-VA82Wl8V-py3.7/lib/python3.7/site-packages/urllib3/util/connection.py", line 61, in create_connection
    for res in socket.getaddrinfo(host, port, family, socket.SOCK_STREAM):
  File "/usr/local/lib/python3.7/socket.py", line 752, in getaddrinfo
    for res in _socket.getaddrinfo(host, port, family, type, proto, flags):
socket.gaierror: [Errno -2] Name or service not known

During handling of the above exception, another exception occurred:

Traceback (most recent call last):
  File "/root/.cache/pypoetry/virtualenvs/cpdbv2-backend-VA82Wl8V-py3.7/lib/python3.7/site-packages/elasticsearch/connection/http_urllib3.py", line 115, in perform_request
    response = self.pool.urlopen(method, url, body, retries=False, headers=self.headers, **kw)
  File "/root/.cache/pypoetry/virtualenvs/cpdbv2-backend-VA82Wl8V-py3.7/lib/python3.7/site-packages/urllib3/connectionpool.py", line 727, in urlopen
    method, url, error=e, _pool=self, _stacktrace=sys.exc_info()[2]
  File "/root/.cache/pypoetry/virtualenvs/cpdbv2-backend-VA82Wl8V-py3.7/lib/python3.7/site-packages/urllib3/util/retry.py", line 386, in increment
    raise six.reraise(type(error), error, _stacktrace)
  File "/root/.cache/pypoetry/virtualenvs/cpdbv2-backend-VA82Wl8V-py3.7/lib/python3.7/site-packages/urllib3/packages/six.py", line 735, in reraise
    raise value
  File "/root/.cache/pypoetry/virtualenvs/cpdbv2-backend-VA82Wl8V-py3.7/lib/python3.7/site-packages/urllib3/connectionpool.py", line 677, in urlopen
    chunked=chunked,
  File "/root/.cache/pypoetry/virtualenvs/cpdbv2-backend-VA82Wl8V-py3.7/lib/python3.7/site-packages/urllib3/connectionpool.py", line 392, in _make_request
    conn.request(method, url, **httplib_request_kw)
  File "/usr/local/lib/python3.7/http/client.py", line 1281, in request
    self._send_request(method, url, body, headers, encode_chunked)
  File "/usr/local/lib/python3.7/http/client.py", line 1327, in _send_request
    self.endheaders(body, encode_chunked=encode_chunked)
  File "/usr/local/lib/python3.7/http/client.py", line 1276, in endheaders
    self._send_output(message_body, encode_chunked=encode_chunked)
  File "/usr/local/lib/python3.7/http/client.py", line 1036, in _send_output
    self.send(msg)
  File "/usr/local/lib/python3.7/http/client.py", line 976, in send
    self.connect()
  File "/root/.cache/pypoetry/virtualenvs/cpdbv2-backend-VA82Wl8V-py3.7/lib/python3.7/site-packages/urllib3/connection.py", line 187, in connect
    conn = self._new_conn()
  File "/root/.cache/pypoetry/virtualenvs/cpdbv2-backend-VA82Wl8V-py3.7/lib/python3.7/site-packages/urllib3/connection.py", line 172, in _new_conn
    self, "Failed to establish a new connection: %s" % e
urllib3.exceptions.NewConnectionError: <urllib3.connection.HTTPConnection object at 0x7ff068941850>: Failed to establish a new connection: [Errno -2] Name or service not known
elasticsearch: DEBUG: > None
--------------------- >> end captured logging << ---------------------

======================================================================
ERROR: test_update_attachment_visibility (tracker.tests.test_views.AttachmentAPITestCase)
----------------------------------------------------------------------
Traceback (most recent call last):
  File "/usr/src/app/cpdb/tracker/tests/mixins.py", line 7, in setUp
    tracker_index_alias.write_index.delete(ignore=404)
  File "/root/.cache/pypoetry/virtualenvs/cpdbv2-backend-VA82Wl8V-py3.7/lib/python3.7/site-packages/elasticsearch_dsl/index.py", line 222, in delete
    self.connection.indices.delete(index=self._name, **kwargs)
  File "/root/.cache/pypoetry/virtualenvs/cpdbv2-backend-VA82Wl8V-py3.7/lib/python3.7/site-packages/elasticsearch/client/utils.py", line 73, in _wrapped
    return func(*args, params=params, **kwargs)
  File "/root/.cache/pypoetry/virtualenvs/cpdbv2-backend-VA82Wl8V-py3.7/lib/python3.7/site-packages/elasticsearch/client/indices.py", line 200, in delete
    params=params)
  File "/root/.cache/pypoetry/virtualenvs/cpdbv2-backend-VA82Wl8V-py3.7/lib/python3.7/site-packages/elasticsearch/transport.py", line 312, in perform_request
    status, headers, data = connection.perform_request(method, url, params, body, ignore=ignore, timeout=timeout)
  File "/root/.cache/pypoetry/virtualenvs/cpdbv2-backend-VA82Wl8V-py3.7/lib/python3.7/site-packages/elasticsearch/connection/http_urllib3.py", line 124, in perform_request
    raise ConnectionError('N/A', str(e), e)
elasticsearch.exceptions.ConnectionError: ConnectionError(<urllib3.connection.HTTPConnection object at 0x7ff06901cf90>: Failed to establish a new connection: [Errno -2] Name or service not known) caused by: NewConnectionError(<urllib3.connection.HTTPConnection object at 0x7ff06901cf90>: Failed to establish a new connection: [Errno -2] Name or service not known)
-------------------- >> begin captured logging << --------------------
urllib3.util.retry: DEBUG: Converted retries value: False -> Retry(total=False, connect=None, read=None, redirect=0, status=None)
urllib3.connectionpool: DEBUG: Starting new HTTP connection (577): elasticsearch:9200
elasticsearch: WARNING: DELETE http://elasticsearch:9200/test_tracker_c97d3965-996f-4fbb-b4a7-1038423423bd [status:N/A request:0.004s]
Traceback (most recent call last):
  File "/root/.cache/pypoetry/virtualenvs/cpdbv2-backend-VA82Wl8V-py3.7/lib/python3.7/site-packages/urllib3/connection.py", line 160, in _new_conn
    (self._dns_host, self.port), self.timeout, **extra_kw
  File "/root/.cache/pypoetry/virtualenvs/cpdbv2-backend-VA82Wl8V-py3.7/lib/python3.7/site-packages/urllib3/util/connection.py", line 61, in create_connection
    for res in socket.getaddrinfo(host, port, family, socket.SOCK_STREAM):
  File "/usr/local/lib/python3.7/socket.py", line 752, in getaddrinfo
    for res in _socket.getaddrinfo(host, port, family, type, proto, flags):
socket.gaierror: [Errno -2] Name or service not known

During handling of the above exception, another exception occurred:

Traceback (most recent call last):
  File "/root/.cache/pypoetry/virtualenvs/cpdbv2-backend-VA82Wl8V-py3.7/lib/python3.7/site-packages/elasticsearch/connection/http_urllib3.py", line 115, in perform_request
    response = self.pool.urlopen(method, url, body, retries=False, headers=self.headers, **kw)
  File "/root/.cache/pypoetry/virtualenvs/cpdbv2-backend-VA82Wl8V-py3.7/lib/python3.7/site-packages/urllib3/connectionpool.py", line 727, in urlopen
    method, url, error=e, _pool=self, _stacktrace=sys.exc_info()[2]
  File "/root/.cache/pypoetry/virtualenvs/cpdbv2-backend-VA82Wl8V-py3.7/lib/python3.7/site-packages/urllib3/util/retry.py", line 386, in increment
    raise six.reraise(type(error), error, _stacktrace)
  File "/root/.cache/pypoetry/virtualenvs/cpdbv2-backend-VA82Wl8V-py3.7/lib/python3.7/site-packages/urllib3/packages/six.py", line 735, in reraise
    raise value
  File "/root/.cache/pypoetry/virtualenvs/cpdbv2-backend-VA82Wl8V-py3.7/lib/python3.7/site-packages/urllib3/connectionpool.py", line 677, in urlopen
    chunked=chunked,
  File "/root/.cache/pypoetry/virtualenvs/cpdbv2-backend-VA82Wl8V-py3.7/lib/python3.7/site-packages/urllib3/connectionpool.py", line 392, in _make_request
    conn.request(method, url, **httplib_request_kw)
  File "/usr/local/lib/python3.7/http/client.py", line 1281, in request
    self._send_request(method, url, body, headers, encode_chunked)
  File "/usr/local/lib/python3.7/http/client.py", line 1327, in _send_request
    self.endheaders(body, encode_chunked=encode_chunked)
  File "/usr/local/lib/python3.7/http/client.py", line 1276, in endheaders
    self._send_output(message_body, encode_chunked=encode_chunked)
  File "/usr/local/lib/python3.7/http/client.py", line 1036, in _send_output
    self.send(msg)
  File "/usr/local/lib/python3.7/http/client.py", line 976, in send
    self.connect()
  File "/root/.cache/pypoetry/virtualenvs/cpdbv2-backend-VA82Wl8V-py3.7/lib/python3.7/site-packages/urllib3/connection.py", line 187, in connect
    conn = self._new_conn()
  File "/root/.cache/pypoetry/virtualenvs/cpdbv2-backend-VA82Wl8V-py3.7/lib/python3.7/site-packages/urllib3/connection.py", line 172, in _new_conn
    self, "Failed to establish a new connection: %s" % e
urllib3.exceptions.NewConnectionError: <urllib3.connection.HTTPConnection object at 0x7ff068fe6ed0>: Failed to establish a new connection: [Errno -2] Name or service not known
elasticsearch: DEBUG: > None
urllib3.util.retry: DEBUG: Converted retries value: False -> Retry(total=False, connect=None, read=None, redirect=0, status=None)
urllib3.connectionpool: DEBUG: Starting new HTTP connection (578): elasticsearch:9200
elasticsearch: WARNING: DELETE http://elasticsearch:9200/test_tracker_c97d3965-996f-4fbb-b4a7-1038423423bd [status:N/A request:0.005s]
Traceback (most recent call last):
  File "/root/.cache/pypoetry/virtualenvs/cpdbv2-backend-VA82Wl8V-py3.7/lib/python3.7/site-packages/urllib3/connection.py", line 160, in _new_conn
    (self._dns_host, self.port), self.timeout, **extra_kw
  File "/root/.cache/pypoetry/virtualenvs/cpdbv2-backend-VA82Wl8V-py3.7/lib/python3.7/site-packages/urllib3/util/connection.py", line 61, in create_connection
    for res in socket.getaddrinfo(host, port, family, socket.SOCK_STREAM):
  File "/usr/local/lib/python3.7/socket.py", line 752, in getaddrinfo
    for res in _socket.getaddrinfo(host, port, family, type, proto, flags):
socket.gaierror: [Errno -2] Name or service not known

During handling of the above exception, another exception occurred:

Traceback (most recent call last):
  File "/root/.cache/pypoetry/virtualenvs/cpdbv2-backend-VA82Wl8V-py3.7/lib/python3.7/site-packages/elasticsearch/connection/http_urllib3.py", line 115, in perform_request
    response = self.pool.urlopen(method, url, body, retries=False, headers=self.headers, **kw)
  File "/root/.cache/pypoetry/virtualenvs/cpdbv2-backend-VA82Wl8V-py3.7/lib/python3.7/site-packages/urllib3/connectionpool.py", line 727, in urlopen
    method, url, error=e, _pool=self, _stacktrace=sys.exc_info()[2]
  File "/root/.cache/pypoetry/virtualenvs/cpdbv2-backend-VA82Wl8V-py3.7/lib/python3.7/site-packages/urllib3/util/retry.py", line 386, in increment
    raise six.reraise(type(error), error, _stacktrace)
  File "/root/.cache/pypoetry/virtualenvs/cpdbv2-backend-VA82Wl8V-py3.7/lib/python3.7/site-packages/urllib3/packages/six.py", line 735, in reraise
    raise value
  File "/root/.cache/pypoetry/virtualenvs/cpdbv2-backend-VA82Wl8V-py3.7/lib/python3.7/site-packages/urllib3/connectionpool.py", line 677, in urlopen
    chunked=chunked,
  File "/root/.cache/pypoetry/virtualenvs/cpdbv2-backend-VA82Wl8V-py3.7/lib/python3.7/site-packages/urllib3/connectionpool.py", line 392, in _make_request
    conn.request(method, url, **httplib_request_kw)
  File "/usr/local/lib/python3.7/http/client.py", line 1281, in request
    self._send_request(method, url, body, headers, encode_chunked)
  File "/usr/local/lib/python3.7/http/client.py", line 1327, in _send_request
    self.endheaders(body, encode_chunked=encode_chunked)
  File "/usr/local/lib/python3.7/http/client.py", line 1276, in endheaders
    self._send_output(message_body, encode_chunked=encode_chunked)
  File "/usr/local/lib/python3.7/http/client.py", line 1036, in _send_output
    self.send(msg)
  File "/usr/local/lib/python3.7/http/client.py", line 976, in send
    self.connect()
  File "/root/.cache/pypoetry/virtualenvs/cpdbv2-backend-VA82Wl8V-py3.7/lib/python3.7/site-packages/urllib3/connection.py", line 187, in connect
    conn = self._new_conn()
  File "/root/.cache/pypoetry/virtualenvs/cpdbv2-backend-VA82Wl8V-py3.7/lib/python3.7/site-packages/urllib3/connection.py", line 172, in _new_conn
    self, "Failed to establish a new connection: %s" % e
urllib3.exceptions.NewConnectionError: <urllib3.connection.HTTPConnection object at 0x7ff06901de10>: Failed to establish a new connection: [Errno -2] Name or service not known
elasticsearch: DEBUG: > None
urllib3.util.retry: DEBUG: Converted retries value: False -> Retry(total=False, connect=None, read=None, redirect=0, status=None)
urllib3.connectionpool: DEBUG: Starting new HTTP connection (579): elasticsearch:9200
elasticsearch: WARNING: DELETE http://elasticsearch:9200/test_tracker_c97d3965-996f-4fbb-b4a7-1038423423bd [status:N/A request:0.004s]
Traceback (most recent call last):
  File "/root/.cache/pypoetry/virtualenvs/cpdbv2-backend-VA82Wl8V-py3.7/lib/python3.7/site-packages/urllib3/connection.py", line 160, in _new_conn
    (self._dns_host, self.port), self.timeout, **extra_kw
  File "/root/.cache/pypoetry/virtualenvs/cpdbv2-backend-VA82Wl8V-py3.7/lib/python3.7/site-packages/urllib3/util/connection.py", line 61, in create_connection
    for res in socket.getaddrinfo(host, port, family, socket.SOCK_STREAM):
  File "/usr/local/lib/python3.7/socket.py", line 752, in getaddrinfo
    for res in _socket.getaddrinfo(host, port, family, type, proto, flags):
socket.gaierror: [Errno -2] Name or service not known

During handling of the above exception, another exception occurred:

Traceback (most recent call last):
  File "/root/.cache/pypoetry/virtualenvs/cpdbv2-backend-VA82Wl8V-py3.7/lib/python3.7/site-packages/elasticsearch/connection/http_urllib3.py", line 115, in perform_request
    response = self.pool.urlopen(method, url, body, retries=False, headers=self.headers, **kw)
  File "/root/.cache/pypoetry/virtualenvs/cpdbv2-backend-VA82Wl8V-py3.7/lib/python3.7/site-packages/urllib3/connectionpool.py", line 727, in urlopen
    method, url, error=e, _pool=self, _stacktrace=sys.exc_info()[2]
  File "/root/.cache/pypoetry/virtualenvs/cpdbv2-backend-VA82Wl8V-py3.7/lib/python3.7/site-packages/urllib3/util/retry.py", line 386, in increment
    raise six.reraise(type(error), error, _stacktrace)
  File "/root/.cache/pypoetry/virtualenvs/cpdbv2-backend-VA82Wl8V-py3.7/lib/python3.7/site-packages/urllib3/packages/six.py", line 735, in reraise
    raise value
  File "/root/.cache/pypoetry/virtualenvs/cpdbv2-backend-VA82Wl8V-py3.7/lib/python3.7/site-packages/urllib3/connectionpool.py", line 677, in urlopen
    chunked=chunked,
  File "/root/.cache/pypoetry/virtualenvs/cpdbv2-backend-VA82Wl8V-py3.7/lib/python3.7/site-packages/urllib3/connectionpool.py", line 392, in _make_request
    conn.request(method, url, **httplib_request_kw)
  File "/usr/local/lib/python3.7/http/client.py", line 1281, in request
    self._send_request(method, url, body, headers, encode_chunked)
  File "/usr/local/lib/python3.7/http/client.py", line 1327, in _send_request
    self.endheaders(body, encode_chunked=encode_chunked)
  File "/usr/local/lib/python3.7/http/client.py", line 1276, in endheaders
    self._send_output(message_body, encode_chunked=encode_chunked)
  File "/usr/local/lib/python3.7/http/client.py", line 1036, in _send_output
    self.send(msg)
  File "/usr/local/lib/python3.7/http/client.py", line 976, in send
    self.connect()
  File "/root/.cache/pypoetry/virtualenvs/cpdbv2-backend-VA82Wl8V-py3.7/lib/python3.7/site-packages/urllib3/connection.py", line 187, in connect
    conn = self._new_conn()
  File "/root/.cache/pypoetry/virtualenvs/cpdbv2-backend-VA82Wl8V-py3.7/lib/python3.7/site-packages/urllib3/connection.py", line 172, in _new_conn
    self, "Failed to establish a new connection: %s" % e
urllib3.exceptions.NewConnectionError: <urllib3.connection.HTTPConnection object at 0x7ff06901d3d0>: Failed to establish a new connection: [Errno -2] Name or service not known
elasticsearch: DEBUG: > None
urllib3.util.retry: DEBUG: Converted retries value: False -> Retry(total=False, connect=None, read=None, redirect=0, status=None)
urllib3.connectionpool: DEBUG: Starting new HTTP connection (580): elasticsearch:9200
elasticsearch: WARNING: DELETE http://elasticsearch:9200/test_tracker_c97d3965-996f-4fbb-b4a7-1038423423bd [status:N/A request:0.004s]
Traceback (most recent call last):
  File "/root/.cache/pypoetry/virtualenvs/cpdbv2-backend-VA82Wl8V-py3.7/lib/python3.7/site-packages/urllib3/connection.py", line 160, in _new_conn
    (self._dns_host, self.port), self.timeout, **extra_kw
  File "/root/.cache/pypoetry/virtualenvs/cpdbv2-backend-VA82Wl8V-py3.7/lib/python3.7/site-packages/urllib3/util/connection.py", line 61, in create_connection
    for res in socket.getaddrinfo(host, port, family, socket.SOCK_STREAM):
  File "/usr/local/lib/python3.7/socket.py", line 752, in getaddrinfo
    for res in _socket.getaddrinfo(host, port, family, type, proto, flags):
socket.gaierror: [Errno -2] Name or service not known

During handling of the above exception, another exception occurred:

Traceback (most recent call last):
  File "/root/.cache/pypoetry/virtualenvs/cpdbv2-backend-VA82Wl8V-py3.7/lib/python3.7/site-packages/elasticsearch/connection/http_urllib3.py", line 115, in perform_request
    response = self.pool.urlopen(method, url, body, retries=False, headers=self.headers, **kw)
  File "/root/.cache/pypoetry/virtualenvs/cpdbv2-backend-VA82Wl8V-py3.7/lib/python3.7/site-packages/urllib3/connectionpool.py", line 727, in urlopen
    method, url, error=e, _pool=self, _stacktrace=sys.exc_info()[2]
  File "/root/.cache/pypoetry/virtualenvs/cpdbv2-backend-VA82Wl8V-py3.7/lib/python3.7/site-packages/urllib3/util/retry.py", line 386, in increment
    raise six.reraise(type(error), error, _stacktrace)
  File "/root/.cache/pypoetry/virtualenvs/cpdbv2-backend-VA82Wl8V-py3.7/lib/python3.7/site-packages/urllib3/packages/six.py", line 735, in reraise
    raise value
  File "/root/.cache/pypoetry/virtualenvs/cpdbv2-backend-VA82Wl8V-py3.7/lib/python3.7/site-packages/urllib3/connectionpool.py", line 677, in urlopen
    chunked=chunked,
  File "/root/.cache/pypoetry/virtualenvs/cpdbv2-backend-VA82Wl8V-py3.7/lib/python3.7/site-packages/urllib3/connectionpool.py", line 392, in _make_request
    conn.request(method, url, **httplib_request_kw)
  File "/usr/local/lib/python3.7/http/client.py", line 1281, in request
    self._send_request(method, url, body, headers, encode_chunked)
  File "/usr/local/lib/python3.7/http/client.py", line 1327, in _send_request
    self.endheaders(body, encode_chunked=encode_chunked)
  File "/usr/local/lib/python3.7/http/client.py", line 1276, in endheaders
    self._send_output(message_body, encode_chunked=encode_chunked)
  File "/usr/local/lib/python3.7/http/client.py", line 1036, in _send_output
    self.send(msg)
  File "/usr/local/lib/python3.7/http/client.py", line 976, in send
    self.connect()
  File "/root/.cache/pypoetry/virtualenvs/cpdbv2-backend-VA82Wl8V-py3.7/lib/python3.7/site-packages/urllib3/connection.py", line 187, in connect
    conn = self._new_conn()
  File "/root/.cache/pypoetry/virtualenvs/cpdbv2-backend-VA82Wl8V-py3.7/lib/python3.7/site-packages/urllib3/connection.py", line 172, in _new_conn
    self, "Failed to establish a new connection: %s" % e
urllib3.exceptions.NewConnectionError: <urllib3.connection.HTTPConnection object at 0x7ff06901cf90>: Failed to establish a new connection: [Errno -2] Name or service not known
elasticsearch: DEBUG: > None
--------------------- >> end captured logging << ---------------------

======================================================================
ERROR: test_update_attachment_with_invalid_pk (tracker.tests.test_views.AttachmentAPITestCase)
----------------------------------------------------------------------
Traceback (most recent call last):
  File "/usr/src/app/cpdb/tracker/tests/mixins.py", line 7, in setUp
    tracker_index_alias.write_index.delete(ignore=404)
  File "/root/.cache/pypoetry/virtualenvs/cpdbv2-backend-VA82Wl8V-py3.7/lib/python3.7/site-packages/elasticsearch_dsl/index.py", line 222, in delete
    self.connection.indices.delete(index=self._name, **kwargs)
  File "/root/.cache/pypoetry/virtualenvs/cpdbv2-backend-VA82Wl8V-py3.7/lib/python3.7/site-packages/elasticsearch/client/utils.py", line 73, in _wrapped
    return func(*args, params=params, **kwargs)
  File "/root/.cache/pypoetry/virtualenvs/cpdbv2-backend-VA82Wl8V-py3.7/lib/python3.7/site-packages/elasticsearch/client/indices.py", line 200, in delete
    params=params)
  File "/root/.cache/pypoetry/virtualenvs/cpdbv2-backend-VA82Wl8V-py3.7/lib/python3.7/site-packages/elasticsearch/transport.py", line 312, in perform_request
    status, headers, data = connection.perform_request(method, url, params, body, ignore=ignore, timeout=timeout)
  File "/root/.cache/pypoetry/virtualenvs/cpdbv2-backend-VA82Wl8V-py3.7/lib/python3.7/site-packages/elasticsearch/connection/http_urllib3.py", line 124, in perform_request
    raise ConnectionError('N/A', str(e), e)
elasticsearch.exceptions.ConnectionError: ConnectionError(<urllib3.connection.HTTPConnection object at 0x7ff069086150>: Failed to establish a new connection: [Errno -2] Name or service not known) caused by: NewConnectionError(<urllib3.connection.HTTPConnection object at 0x7ff069086150>: Failed to establish a new connection: [Errno -2] Name or service not known)
-------------------- >> begin captured logging << --------------------
urllib3.util.retry: DEBUG: Converted retries value: False -> Retry(total=False, connect=None, read=None, redirect=0, status=None)
urllib3.connectionpool: DEBUG: Starting new HTTP connection (581): elasticsearch:9200
elasticsearch: WARNING: DELETE http://elasticsearch:9200/test_tracker_c97d3965-996f-4fbb-b4a7-1038423423bd [status:N/A request:0.005s]
Traceback (most recent call last):
  File "/root/.cache/pypoetry/virtualenvs/cpdbv2-backend-VA82Wl8V-py3.7/lib/python3.7/site-packages/urllib3/connection.py", line 160, in _new_conn
    (self._dns_host, self.port), self.timeout, **extra_kw
  File "/root/.cache/pypoetry/virtualenvs/cpdbv2-backend-VA82Wl8V-py3.7/lib/python3.7/site-packages/urllib3/util/connection.py", line 61, in create_connection
    for res in socket.getaddrinfo(host, port, family, socket.SOCK_STREAM):
  File "/usr/local/lib/python3.7/socket.py", line 752, in getaddrinfo
    for res in _socket.getaddrinfo(host, port, family, type, proto, flags):
socket.gaierror: [Errno -2] Name or service not known

During handling of the above exception, another exception occurred:

Traceback (most recent call last):
  File "/root/.cache/pypoetry/virtualenvs/cpdbv2-backend-VA82Wl8V-py3.7/lib/python3.7/site-packages/elasticsearch/connection/http_urllib3.py", line 115, in perform_request
    response = self.pool.urlopen(method, url, body, retries=False, headers=self.headers, **kw)
  File "/root/.cache/pypoetry/virtualenvs/cpdbv2-backend-VA82Wl8V-py3.7/lib/python3.7/site-packages/urllib3/connectionpool.py", line 727, in urlopen
    method, url, error=e, _pool=self, _stacktrace=sys.exc_info()[2]
  File "/root/.cache/pypoetry/virtualenvs/cpdbv2-backend-VA82Wl8V-py3.7/lib/python3.7/site-packages/urllib3/util/retry.py", line 386, in increment
    raise six.reraise(type(error), error, _stacktrace)
  File "/root/.cache/pypoetry/virtualenvs/cpdbv2-backend-VA82Wl8V-py3.7/lib/python3.7/site-packages/urllib3/packages/six.py", line 735, in reraise
    raise value
  File "/root/.cache/pypoetry/virtualenvs/cpdbv2-backend-VA82Wl8V-py3.7/lib/python3.7/site-packages/urllib3/connectionpool.py", line 677, in urlopen
    chunked=chunked,
  File "/root/.cache/pypoetry/virtualenvs/cpdbv2-backend-VA82Wl8V-py3.7/lib/python3.7/site-packages/urllib3/connectionpool.py", line 392, in _make_request
    conn.request(method, url, **httplib_request_kw)
  File "/usr/local/lib/python3.7/http/client.py", line 1281, in request
    self._send_request(method, url, body, headers, encode_chunked)
  File "/usr/local/lib/python3.7/http/client.py", line 1327, in _send_request
    self.endheaders(body, encode_chunked=encode_chunked)
  File "/usr/local/lib/python3.7/http/client.py", line 1276, in endheaders
    self._send_output(message_body, encode_chunked=encode_chunked)
  File "/usr/local/lib/python3.7/http/client.py", line 1036, in _send_output
    self.send(msg)
  File "/usr/local/lib/python3.7/http/client.py", line 976, in send
    self.connect()
  File "/root/.cache/pypoetry/virtualenvs/cpdbv2-backend-VA82Wl8V-py3.7/lib/python3.7/site-packages/urllib3/connection.py", line 187, in connect
    conn = self._new_conn()
  File "/root/.cache/pypoetry/virtualenvs/cpdbv2-backend-VA82Wl8V-py3.7/lib/python3.7/site-packages/urllib3/connection.py", line 172, in _new_conn
    self, "Failed to establish a new connection: %s" % e
urllib3.exceptions.NewConnectionError: <urllib3.connection.HTTPConnection object at 0x7ff068bf9e50>: Failed to establish a new connection: [Errno -2] Name or service not known
elasticsearch: DEBUG: > None
urllib3.util.retry: DEBUG: Converted retries value: False -> Retry(total=False, connect=None, read=None, redirect=0, status=None)
urllib3.connectionpool: DEBUG: Starting new HTTP connection (582): elasticsearch:9200
elasticsearch: WARNING: DELETE http://elasticsearch:9200/test_tracker_c97d3965-996f-4fbb-b4a7-1038423423bd [status:N/A request:0.004s]
Traceback (most recent call last):
  File "/root/.cache/pypoetry/virtualenvs/cpdbv2-backend-VA82Wl8V-py3.7/lib/python3.7/site-packages/urllib3/connection.py", line 160, in _new_conn
    (self._dns_host, self.port), self.timeout, **extra_kw
  File "/root/.cache/pypoetry/virtualenvs/cpdbv2-backend-VA82Wl8V-py3.7/lib/python3.7/site-packages/urllib3/util/connection.py", line 61, in create_connection
    for res in socket.getaddrinfo(host, port, family, socket.SOCK_STREAM):
  File "/usr/local/lib/python3.7/socket.py", line 752, in getaddrinfo
    for res in _socket.getaddrinfo(host, port, family, type, proto, flags):
socket.gaierror: [Errno -2] Name or service not known

During handling of the above exception, another exception occurred:

Traceback (most recent call last):
  File "/root/.cache/pypoetry/virtualenvs/cpdbv2-backend-VA82Wl8V-py3.7/lib/python3.7/site-packages/elasticsearch/connection/http_urllib3.py", line 115, in perform_request
    response = self.pool.urlopen(method, url, body, retries=False, headers=self.headers, **kw)
  File "/root/.cache/pypoetry/virtualenvs/cpdbv2-backend-VA82Wl8V-py3.7/lib/python3.7/site-packages/urllib3/connectionpool.py", line 727, in urlopen
    method, url, error=e, _pool=self, _stacktrace=sys.exc_info()[2]
  File "/root/.cache/pypoetry/virtualenvs/cpdbv2-backend-VA82Wl8V-py3.7/lib/python3.7/site-packages/urllib3/util/retry.py", line 386, in increment
    raise six.reraise(type(error), error, _stacktrace)
  File "/root/.cache/pypoetry/virtualenvs/cpdbv2-backend-VA82Wl8V-py3.7/lib/python3.7/site-packages/urllib3/packages/six.py", line 735, in reraise
    raise value
  File "/root/.cache/pypoetry/virtualenvs/cpdbv2-backend-VA82Wl8V-py3.7/lib/python3.7/site-packages/urllib3/connectionpool.py", line 677, in urlopen
    chunked=chunked,
  File "/root/.cache/pypoetry/virtualenvs/cpdbv2-backend-VA82Wl8V-py3.7/lib/python3.7/site-packages/urllib3/connectionpool.py", line 392, in _make_request
    conn.request(method, url, **httplib_request_kw)
  File "/usr/local/lib/python3.7/http/client.py", line 1281, in request
    self._send_request(method, url, body, headers, encode_chunked)
  File "/usr/local/lib/python3.7/http/client.py", line 1327, in _send_request
    self.endheaders(body, encode_chunked=encode_chunked)
  File "/usr/local/lib/python3.7/http/client.py", line 1276, in endheaders
    self._send_output(message_body, encode_chunked=encode_chunked)
  File "/usr/local/lib/python3.7/http/client.py", line 1036, in _send_output
    self.send(msg)
  File "/usr/local/lib/python3.7/http/client.py", line 976, in send
    self.connect()
  File "/root/.cache/pypoetry/virtualenvs/cpdbv2-backend-VA82Wl8V-py3.7/lib/python3.7/site-packages/urllib3/connection.py", line 187, in connect
    conn = self._new_conn()
  File "/root/.cache/pypoetry/virtualenvs/cpdbv2-backend-VA82Wl8V-py3.7/lib/python3.7/site-packages/urllib3/connection.py", line 172, in _new_conn
    self, "Failed to establish a new connection: %s" % e
urllib3.exceptions.NewConnectionError: <urllib3.connection.HTTPConnection object at 0x7ff06905b110>: Failed to establish a new connection: [Errno -2] Name or service not known
elasticsearch: DEBUG: > None
urllib3.util.retry: DEBUG: Converted retries value: False -> Retry(total=False, connect=None, read=None, redirect=0, status=None)
urllib3.connectionpool: DEBUG: Starting new HTTP connection (583): elasticsearch:9200
elasticsearch: WARNING: DELETE http://elasticsearch:9200/test_tracker_c97d3965-996f-4fbb-b4a7-1038423423bd [status:N/A request:0.004s]
Traceback (most recent call last):
  File "/root/.cache/pypoetry/virtualenvs/cpdbv2-backend-VA82Wl8V-py3.7/lib/python3.7/site-packages/urllib3/connection.py", line 160, in _new_conn
    (self._dns_host, self.port), self.timeout, **extra_kw
  File "/root/.cache/pypoetry/virtualenvs/cpdbv2-backend-VA82Wl8V-py3.7/lib/python3.7/site-packages/urllib3/util/connection.py", line 61, in create_connection
    for res in socket.getaddrinfo(host, port, family, socket.SOCK_STREAM):
  File "/usr/local/lib/python3.7/socket.py", line 752, in getaddrinfo
    for res in _socket.getaddrinfo(host, port, family, type, proto, flags):
socket.gaierror: [Errno -2] Name or service not known

During handling of the above exception, another exception occurred:

Traceback (most recent call last):
  File "/root/.cache/pypoetry/virtualenvs/cpdbv2-backend-VA82Wl8V-py3.7/lib/python3.7/site-packages/elasticsearch/connection/http_urllib3.py", line 115, in perform_request
    response = self.pool.urlopen(method, url, body, retries=False, headers=self.headers, **kw)
  File "/root/.cache/pypoetry/virtualenvs/cpdbv2-backend-VA82Wl8V-py3.7/lib/python3.7/site-packages/urllib3/connectionpool.py", line 727, in urlopen
    method, url, error=e, _pool=self, _stacktrace=sys.exc_info()[2]
  File "/root/.cache/pypoetry/virtualenvs/cpdbv2-backend-VA82Wl8V-py3.7/lib/python3.7/site-packages/urllib3/util/retry.py", line 386, in increment
    raise six.reraise(type(error), error, _stacktrace)
  File "/root/.cache/pypoetry/virtualenvs/cpdbv2-backend-VA82Wl8V-py3.7/lib/python3.7/site-packages/urllib3/packages/six.py", line 735, in reraise
    raise value
  File "/root/.cache/pypoetry/virtualenvs/cpdbv2-backend-VA82Wl8V-py3.7/lib/python3.7/site-packages/urllib3/connectionpool.py", line 677, in urlopen
    chunked=chunked,
  File "/root/.cache/pypoetry/virtualenvs/cpdbv2-backend-VA82Wl8V-py3.7/lib/python3.7/site-packages/urllib3/connectionpool.py", line 392, in _make_request
    conn.request(method, url, **httplib_request_kw)
  File "/usr/local/lib/python3.7/http/client.py", line 1281, in request
    self._send_request(method, url, body, headers, encode_chunked)
  File "/usr/local/lib/python3.7/http/client.py", line 1327, in _send_request
    self.endheaders(body, encode_chunked=encode_chunked)
  File "/usr/local/lib/python3.7/http/client.py", line 1276, in endheaders
    self._send_output(message_body, encode_chunked=encode_chunked)
  File "/usr/local/lib/python3.7/http/client.py", line 1036, in _send_output
    self.send(msg)
  File "/usr/local/lib/python3.7/http/client.py", line 976, in send
    self.connect()
  File "/root/.cache/pypoetry/virtualenvs/cpdbv2-backend-VA82Wl8V-py3.7/lib/python3.7/site-packages/urllib3/connection.py", line 187, in connect
    conn = self._new_conn()
  File "/root/.cache/pypoetry/virtualenvs/cpdbv2-backend-VA82Wl8V-py3.7/lib/python3.7/site-packages/urllib3/connection.py", line 172, in _new_conn
    self, "Failed to establish a new connection: %s" % e
urllib3.exceptions.NewConnectionError: <urllib3.connection.HTTPConnection object at 0x7ff06905b550>: Failed to establish a new connection: [Errno -2] Name or service not known
elasticsearch: DEBUG: > None
urllib3.util.retry: DEBUG: Converted retries value: False -> Retry(total=False, connect=None, read=None, redirect=0, status=None)
urllib3.connectionpool: DEBUG: Starting new HTTP connection (584): elasticsearch:9200
elasticsearch: WARNING: DELETE http://elasticsearch:9200/test_tracker_c97d3965-996f-4fbb-b4a7-1038423423bd [status:N/A request:0.005s]
Traceback (most recent call last):
  File "/root/.cache/pypoetry/virtualenvs/cpdbv2-backend-VA82Wl8V-py3.7/lib/python3.7/site-packages/urllib3/connection.py", line 160, in _new_conn
    (self._dns_host, self.port), self.timeout, **extra_kw
  File "/root/.cache/pypoetry/virtualenvs/cpdbv2-backend-VA82Wl8V-py3.7/lib/python3.7/site-packages/urllib3/util/connection.py", line 61, in create_connection
    for res in socket.getaddrinfo(host, port, family, socket.SOCK_STREAM):
  File "/usr/local/lib/python3.7/socket.py", line 752, in getaddrinfo
    for res in _socket.getaddrinfo(host, port, family, type, proto, flags):
socket.gaierror: [Errno -2] Name or service not known

During handling of the above exception, another exception occurred:

Traceback (most recent call last):
  File "/root/.cache/pypoetry/virtualenvs/cpdbv2-backend-VA82Wl8V-py3.7/lib/python3.7/site-packages/elasticsearch/connection/http_urllib3.py", line 115, in perform_request
    response = self.pool.urlopen(method, url, body, retries=False, headers=self.headers, **kw)
  File "/root/.cache/pypoetry/virtualenvs/cpdbv2-backend-VA82Wl8V-py3.7/lib/python3.7/site-packages/urllib3/connectionpool.py", line 727, in urlopen
    method, url, error=e, _pool=self, _stacktrace=sys.exc_info()[2]
  File "/root/.cache/pypoetry/virtualenvs/cpdbv2-backend-VA82Wl8V-py3.7/lib/python3.7/site-packages/urllib3/util/retry.py", line 386, in increment
    raise six.reraise(type(error), error, _stacktrace)
  File "/root/.cache/pypoetry/virtualenvs/cpdbv2-backend-VA82Wl8V-py3.7/lib/python3.7/site-packages/urllib3/packages/six.py", line 735, in reraise
    raise value
  File "/root/.cache/pypoetry/virtualenvs/cpdbv2-backend-VA82Wl8V-py3.7/lib/python3.7/site-packages/urllib3/connectionpool.py", line 677, in urlopen
    chunked=chunked,
  File "/root/.cache/pypoetry/virtualenvs/cpdbv2-backend-VA82Wl8V-py3.7/lib/python3.7/site-packages/urllib3/connectionpool.py", line 392, in _make_request
    conn.request(method, url, **httplib_request_kw)
  File "/usr/local/lib/python3.7/http/client.py", line 1281, in request
    self._send_request(method, url, body, headers, encode_chunked)
  File "/usr/local/lib/python3.7/http/client.py", line 1327, in _send_request
    self.endheaders(body, encode_chunked=encode_chunked)
  File "/usr/local/lib/python3.7/http/client.py", line 1276, in endheaders
    self._send_output(message_body, encode_chunked=encode_chunked)
  File "/usr/local/lib/python3.7/http/client.py", line 1036, in _send_output
    self.send(msg)
  File "/usr/local/lib/python3.7/http/client.py", line 976, in send
    self.connect()
  File "/root/.cache/pypoetry/virtualenvs/cpdbv2-backend-VA82Wl8V-py3.7/lib/python3.7/site-packages/urllib3/connection.py", line 187, in connect
    conn = self._new_conn()
  File "/root/.cache/pypoetry/virtualenvs/cpdbv2-backend-VA82Wl8V-py3.7/lib/python3.7/site-packages/urllib3/connection.py", line 172, in _new_conn
    self, "Failed to establish a new connection: %s" % e
urllib3.exceptions.NewConnectionError: <urllib3.connection.HTTPConnection object at 0x7ff069086150>: Failed to establish a new connection: [Errno -2] Name or service not known
elasticsearch: DEBUG: > None
--------------------- >> end captured logging << ---------------------

======================================================================
ERROR: test_request_document (trr.tests.views.test_trr_mobile_viewset.TRRMobileViewSetTestCase)
----------------------------------------------------------------------
Traceback (most recent call last):
  File "/usr/src/app/cpdb/trr/tests/mixins.py", line 7, in setUp
    trr_index_alias.write_index.delete(ignore=404)
  File "/root/.cache/pypoetry/virtualenvs/cpdbv2-backend-VA82Wl8V-py3.7/lib/python3.7/site-packages/elasticsearch_dsl/index.py", line 222, in delete
    self.connection.indices.delete(index=self._name, **kwargs)
  File "/root/.cache/pypoetry/virtualenvs/cpdbv2-backend-VA82Wl8V-py3.7/lib/python3.7/site-packages/elasticsearch/client/utils.py", line 73, in _wrapped
    return func(*args, params=params, **kwargs)
  File "/root/.cache/pypoetry/virtualenvs/cpdbv2-backend-VA82Wl8V-py3.7/lib/python3.7/site-packages/elasticsearch/client/indices.py", line 200, in delete
    params=params)
  File "/root/.cache/pypoetry/virtualenvs/cpdbv2-backend-VA82Wl8V-py3.7/lib/python3.7/site-packages/elasticsearch/transport.py", line 312, in perform_request
    status, headers, data = connection.perform_request(method, url, params, body, ignore=ignore, timeout=timeout)
  File "/root/.cache/pypoetry/virtualenvs/cpdbv2-backend-VA82Wl8V-py3.7/lib/python3.7/site-packages/elasticsearch/connection/http_urllib3.py", line 124, in perform_request
    raise ConnectionError('N/A', str(e), e)
elasticsearch.exceptions.ConnectionError: ConnectionError(<urllib3.connection.HTTPConnection object at 0x7ff0692e0910>: Failed to establish a new connection: [Errno -2] Name or service not known) caused by: NewConnectionError(<urllib3.connection.HTTPConnection object at 0x7ff0692e0910>: Failed to establish a new connection: [Errno -2] Name or service not known)
-------------------- >> begin captured logging << --------------------
urllib3.util.retry: DEBUG: Converted retries value: False -> Retry(total=False, connect=None, read=None, redirect=0, status=None)
urllib3.connectionpool: DEBUG: Starting new HTTP connection (585): elasticsearch:9200
elasticsearch: WARNING: DELETE http://elasticsearch:9200/test_trr_c97d3965-996f-4fbb-b4a7-1038423423bd [status:N/A request:0.005s]
Traceback (most recent call last):
  File "/root/.cache/pypoetry/virtualenvs/cpdbv2-backend-VA82Wl8V-py3.7/lib/python3.7/site-packages/urllib3/connection.py", line 160, in _new_conn
    (self._dns_host, self.port), self.timeout, **extra_kw
  File "/root/.cache/pypoetry/virtualenvs/cpdbv2-backend-VA82Wl8V-py3.7/lib/python3.7/site-packages/urllib3/util/connection.py", line 61, in create_connection
    for res in socket.getaddrinfo(host, port, family, socket.SOCK_STREAM):
  File "/usr/local/lib/python3.7/socket.py", line 752, in getaddrinfo
    for res in _socket.getaddrinfo(host, port, family, type, proto, flags):
socket.gaierror: [Errno -2] Name or service not known

During handling of the above exception, another exception occurred:

Traceback (most recent call last):
  File "/root/.cache/pypoetry/virtualenvs/cpdbv2-backend-VA82Wl8V-py3.7/lib/python3.7/site-packages/elasticsearch/connection/http_urllib3.py", line 115, in perform_request
    response = self.pool.urlopen(method, url, body, retries=False, headers=self.headers, **kw)
  File "/root/.cache/pypoetry/virtualenvs/cpdbv2-backend-VA82Wl8V-py3.7/lib/python3.7/site-packages/urllib3/connectionpool.py", line 727, in urlopen
    method, url, error=e, _pool=self, _stacktrace=sys.exc_info()[2]
  File "/root/.cache/pypoetry/virtualenvs/cpdbv2-backend-VA82Wl8V-py3.7/lib/python3.7/site-packages/urllib3/util/retry.py", line 386, in increment
    raise six.reraise(type(error), error, _stacktrace)
  File "/root/.cache/pypoetry/virtualenvs/cpdbv2-backend-VA82Wl8V-py3.7/lib/python3.7/site-packages/urllib3/packages/six.py", line 735, in reraise
    raise value
  File "/root/.cache/pypoetry/virtualenvs/cpdbv2-backend-VA82Wl8V-py3.7/lib/python3.7/site-packages/urllib3/connectionpool.py", line 677, in urlopen
    chunked=chunked,
  File "/root/.cache/pypoetry/virtualenvs/cpdbv2-backend-VA82Wl8V-py3.7/lib/python3.7/site-packages/urllib3/connectionpool.py", line 392, in _make_request
    conn.request(method, url, **httplib_request_kw)
  File "/usr/local/lib/python3.7/http/client.py", line 1281, in request
    self._send_request(method, url, body, headers, encode_chunked)
  File "/usr/local/lib/python3.7/http/client.py", line 1327, in _send_request
    self.endheaders(body, encode_chunked=encode_chunked)
  File "/usr/local/lib/python3.7/http/client.py", line 1276, in endheaders
    self._send_output(message_body, encode_chunked=encode_chunked)
  File "/usr/local/lib/python3.7/http/client.py", line 1036, in _send_output
    self.send(msg)
  File "/usr/local/lib/python3.7/http/client.py", line 976, in send
    self.connect()
  File "/root/.cache/pypoetry/virtualenvs/cpdbv2-backend-VA82Wl8V-py3.7/lib/python3.7/site-packages/urllib3/connection.py", line 187, in connect
    conn = self._new_conn()
  File "/root/.cache/pypoetry/virtualenvs/cpdbv2-backend-VA82Wl8V-py3.7/lib/python3.7/site-packages/urllib3/connection.py", line 172, in _new_conn
    self, "Failed to establish a new connection: %s" % e
urllib3.exceptions.NewConnectionError: <urllib3.connection.HTTPConnection object at 0x7ff069281350>: Failed to establish a new connection: [Errno -2] Name or service not known
elasticsearch: DEBUG: > None
urllib3.util.retry: DEBUG: Converted retries value: False -> Retry(total=False, connect=None, read=None, redirect=0, status=None)
urllib3.connectionpool: DEBUG: Starting new HTTP connection (586): elasticsearch:9200
elasticsearch: WARNING: DELETE http://elasticsearch:9200/test_trr_c97d3965-996f-4fbb-b4a7-1038423423bd [status:N/A request:0.004s]
Traceback (most recent call last):
  File "/root/.cache/pypoetry/virtualenvs/cpdbv2-backend-VA82Wl8V-py3.7/lib/python3.7/site-packages/urllib3/connection.py", line 160, in _new_conn
    (self._dns_host, self.port), self.timeout, **extra_kw
  File "/root/.cache/pypoetry/virtualenvs/cpdbv2-backend-VA82Wl8V-py3.7/lib/python3.7/site-packages/urllib3/util/connection.py", line 61, in create_connection
    for res in socket.getaddrinfo(host, port, family, socket.SOCK_STREAM):
  File "/usr/local/lib/python3.7/socket.py", line 752, in getaddrinfo
    for res in _socket.getaddrinfo(host, port, family, type, proto, flags):
socket.gaierror: [Errno -2] Name or service not known

During handling of the above exception, another exception occurred:

Traceback (most recent call last):
  File "/root/.cache/pypoetry/virtualenvs/cpdbv2-backend-VA82Wl8V-py3.7/lib/python3.7/site-packages/elasticsearch/connection/http_urllib3.py", line 115, in perform_request
    response = self.pool.urlopen(method, url, body, retries=False, headers=self.headers, **kw)
  File "/root/.cache/pypoetry/virtualenvs/cpdbv2-backend-VA82Wl8V-py3.7/lib/python3.7/site-packages/urllib3/connectionpool.py", line 727, in urlopen
    method, url, error=e, _pool=self, _stacktrace=sys.exc_info()[2]
  File "/root/.cache/pypoetry/virtualenvs/cpdbv2-backend-VA82Wl8V-py3.7/lib/python3.7/site-packages/urllib3/util/retry.py", line 386, in increment
    raise six.reraise(type(error), error, _stacktrace)
  File "/root/.cache/pypoetry/virtualenvs/cpdbv2-backend-VA82Wl8V-py3.7/lib/python3.7/site-packages/urllib3/packages/six.py", line 735, in reraise
    raise value
  File "/root/.cache/pypoetry/virtualenvs/cpdbv2-backend-VA82Wl8V-py3.7/lib/python3.7/site-packages/urllib3/connectionpool.py", line 677, in urlopen
    chunked=chunked,
  File "/root/.cache/pypoetry/virtualenvs/cpdbv2-backend-VA82Wl8V-py3.7/lib/python3.7/site-packages/urllib3/connectionpool.py", line 392, in _make_request
    conn.request(method, url, **httplib_request_kw)
  File "/usr/local/lib/python3.7/http/client.py", line 1281, in request
    self._send_request(method, url, body, headers, encode_chunked)
  File "/usr/local/lib/python3.7/http/client.py", line 1327, in _send_request
    self.endheaders(body, encode_chunked=encode_chunked)
  File "/usr/local/lib/python3.7/http/client.py", line 1276, in endheaders
    self._send_output(message_body, encode_chunked=encode_chunked)
  File "/usr/local/lib/python3.7/http/client.py", line 1036, in _send_output
    self.send(msg)
  File "/usr/local/lib/python3.7/http/client.py", line 976, in send
    self.connect()
  File "/root/.cache/pypoetry/virtualenvs/cpdbv2-backend-VA82Wl8V-py3.7/lib/python3.7/site-packages/urllib3/connection.py", line 187, in connect
    conn = self._new_conn()
  File "/root/.cache/pypoetry/virtualenvs/cpdbv2-backend-VA82Wl8V-py3.7/lib/python3.7/site-packages/urllib3/connection.py", line 172, in _new_conn
    self, "Failed to establish a new connection: %s" % e
urllib3.exceptions.NewConnectionError: <urllib3.connection.HTTPConnection object at 0x7ff069674cd0>: Failed to establish a new connection: [Errno -2] Name or service not known
elasticsearch: DEBUG: > None
urllib3.util.retry: DEBUG: Converted retries value: False -> Retry(total=False, connect=None, read=None, redirect=0, status=None)
urllib3.connectionpool: DEBUG: Starting new HTTP connection (587): elasticsearch:9200
elasticsearch: WARNING: DELETE http://elasticsearch:9200/test_trr_c97d3965-996f-4fbb-b4a7-1038423423bd [status:N/A request:0.004s]
Traceback (most recent call last):
  File "/root/.cache/pypoetry/virtualenvs/cpdbv2-backend-VA82Wl8V-py3.7/lib/python3.7/site-packages/urllib3/connection.py", line 160, in _new_conn
    (self._dns_host, self.port), self.timeout, **extra_kw
  File "/root/.cache/pypoetry/virtualenvs/cpdbv2-backend-VA82Wl8V-py3.7/lib/python3.7/site-packages/urllib3/util/connection.py", line 61, in create_connection
    for res in socket.getaddrinfo(host, port, family, socket.SOCK_STREAM):
  File "/usr/local/lib/python3.7/socket.py", line 752, in getaddrinfo
    for res in _socket.getaddrinfo(host, port, family, type, proto, flags):
socket.gaierror: [Errno -2] Name or service not known

During handling of the above exception, another exception occurred:

Traceback (most recent call last):
  File "/root/.cache/pypoetry/virtualenvs/cpdbv2-backend-VA82Wl8V-py3.7/lib/python3.7/site-packages/elasticsearch/connection/http_urllib3.py", line 115, in perform_request
    response = self.pool.urlopen(method, url, body, retries=False, headers=self.headers, **kw)
  File "/root/.cache/pypoetry/virtualenvs/cpdbv2-backend-VA82Wl8V-py3.7/lib/python3.7/site-packages/urllib3/connectionpool.py", line 727, in urlopen
    method, url, error=e, _pool=self, _stacktrace=sys.exc_info()[2]
  File "/root/.cache/pypoetry/virtualenvs/cpdbv2-backend-VA82Wl8V-py3.7/lib/python3.7/site-packages/urllib3/util/retry.py", line 386, in increment
    raise six.reraise(type(error), error, _stacktrace)
  File "/root/.cache/pypoetry/virtualenvs/cpdbv2-backend-VA82Wl8V-py3.7/lib/python3.7/site-packages/urllib3/packages/six.py", line 735, in reraise
    raise value
  File "/root/.cache/pypoetry/virtualenvs/cpdbv2-backend-VA82Wl8V-py3.7/lib/python3.7/site-packages/urllib3/connectionpool.py", line 677, in urlopen
    chunked=chunked,
  File "/root/.cache/pypoetry/virtualenvs/cpdbv2-backend-VA82Wl8V-py3.7/lib/python3.7/site-packages/urllib3/connectionpool.py", line 392, in _make_request
    conn.request(method, url, **httplib_request_kw)
  File "/usr/local/lib/python3.7/http/client.py", line 1281, in request
    self._send_request(method, url, body, headers, encode_chunked)
  File "/usr/local/lib/python3.7/http/client.py", line 1327, in _send_request
    self.endheaders(body, encode_chunked=encode_chunked)
  File "/usr/local/lib/python3.7/http/client.py", line 1276, in endheaders
    self._send_output(message_body, encode_chunked=encode_chunked)
  File "/usr/local/lib/python3.7/http/client.py", line 1036, in _send_output
    self.send(msg)
  File "/usr/local/lib/python3.7/http/client.py", line 976, in send
    self.connect()
  File "/root/.cache/pypoetry/virtualenvs/cpdbv2-backend-VA82Wl8V-py3.7/lib/python3.7/site-packages/urllib3/connection.py", line 187, in connect
    conn = self._new_conn()
  File "/root/.cache/pypoetry/virtualenvs/cpdbv2-backend-VA82Wl8V-py3.7/lib/python3.7/site-packages/urllib3/connection.py", line 172, in _new_conn
    self, "Failed to establish a new connection: %s" % e
urllib3.exceptions.NewConnectionError: <urllib3.connection.HTTPConnection object at 0x7ff06923b810>: Failed to establish a new connection: [Errno -2] Name or service not known
elasticsearch: DEBUG: > None
urllib3.util.retry: DEBUG: Converted retries value: False -> Retry(total=False, connect=None, read=None, redirect=0, status=None)
urllib3.connectionpool: DEBUG: Starting new HTTP connection (588): elasticsearch:9200
elasticsearch: WARNING: DELETE http://elasticsearch:9200/test_trr_c97d3965-996f-4fbb-b4a7-1038423423bd [status:N/A request:0.004s]
Traceback (most recent call last):
  File "/root/.cache/pypoetry/virtualenvs/cpdbv2-backend-VA82Wl8V-py3.7/lib/python3.7/site-packages/urllib3/connection.py", line 160, in _new_conn
    (self._dns_host, self.port), self.timeout, **extra_kw
  File "/root/.cache/pypoetry/virtualenvs/cpdbv2-backend-VA82Wl8V-py3.7/lib/python3.7/site-packages/urllib3/util/connection.py", line 61, in create_connection
    for res in socket.getaddrinfo(host, port, family, socket.SOCK_STREAM):
  File "/usr/local/lib/python3.7/socket.py", line 752, in getaddrinfo
    for res in _socket.getaddrinfo(host, port, family, type, proto, flags):
socket.gaierror: [Errno -2] Name or service not known

During handling of the above exception, another exception occurred:

Traceback (most recent call last):
  File "/root/.cache/pypoetry/virtualenvs/cpdbv2-backend-VA82Wl8V-py3.7/lib/python3.7/site-packages/elasticsearch/connection/http_urllib3.py", line 115, in perform_request
    response = self.pool.urlopen(method, url, body, retries=False, headers=self.headers, **kw)
  File "/root/.cache/pypoetry/virtualenvs/cpdbv2-backend-VA82Wl8V-py3.7/lib/python3.7/site-packages/urllib3/connectionpool.py", line 727, in urlopen
    method, url, error=e, _pool=self, _stacktrace=sys.exc_info()[2]
  File "/root/.cache/pypoetry/virtualenvs/cpdbv2-backend-VA82Wl8V-py3.7/lib/python3.7/site-packages/urllib3/util/retry.py", line 386, in increment
    raise six.reraise(type(error), error, _stacktrace)
  File "/root/.cache/pypoetry/virtualenvs/cpdbv2-backend-VA82Wl8V-py3.7/lib/python3.7/site-packages/urllib3/packages/six.py", line 735, in reraise
    raise value
  File "/root/.cache/pypoetry/virtualenvs/cpdbv2-backend-VA82Wl8V-py3.7/lib/python3.7/site-packages/urllib3/connectionpool.py", line 677, in urlopen
    chunked=chunked,
  File "/root/.cache/pypoetry/virtualenvs/cpdbv2-backend-VA82Wl8V-py3.7/lib/python3.7/site-packages/urllib3/connectionpool.py", line 392, in _make_request
    conn.request(method, url, **httplib_request_kw)
  File "/usr/local/lib/python3.7/http/client.py", line 1281, in request
    self._send_request(method, url, body, headers, encode_chunked)
  File "/usr/local/lib/python3.7/http/client.py", line 1327, in _send_request
    self.endheaders(body, encode_chunked=encode_chunked)
  File "/usr/local/lib/python3.7/http/client.py", line 1276, in endheaders
    self._send_output(message_body, encode_chunked=encode_chunked)
  File "/usr/local/lib/python3.7/http/client.py", line 1036, in _send_output
    self.send(msg)
  File "/usr/local/lib/python3.7/http/client.py", line 976, in send
    self.connect()
  File "/root/.cache/pypoetry/virtualenvs/cpdbv2-backend-VA82Wl8V-py3.7/lib/python3.7/site-packages/urllib3/connection.py", line 187, in connect
    conn = self._new_conn()
  File "/root/.cache/pypoetry/virtualenvs/cpdbv2-backend-VA82Wl8V-py3.7/lib/python3.7/site-packages/urllib3/connection.py", line 172, in _new_conn
    self, "Failed to establish a new connection: %s" % e
urllib3.exceptions.NewConnectionError: <urllib3.connection.HTTPConnection object at 0x7ff0692e0910>: Failed to establish a new connection: [Errno -2] Name or service not known
elasticsearch: DEBUG: > None
--------------------- >> end captured logging << ---------------------

======================================================================
ERROR: test_request_document_with_invalid_email (trr.tests.views.test_trr_mobile_viewset.TRRMobileViewSetTestCase)
----------------------------------------------------------------------
Traceback (most recent call last):
  File "/usr/src/app/cpdb/trr/tests/mixins.py", line 7, in setUp
    trr_index_alias.write_index.delete(ignore=404)
  File "/root/.cache/pypoetry/virtualenvs/cpdbv2-backend-VA82Wl8V-py3.7/lib/python3.7/site-packages/elasticsearch_dsl/index.py", line 222, in delete
    self.connection.indices.delete(index=self._name, **kwargs)
  File "/root/.cache/pypoetry/virtualenvs/cpdbv2-backend-VA82Wl8V-py3.7/lib/python3.7/site-packages/elasticsearch/client/utils.py", line 73, in _wrapped
    return func(*args, params=params, **kwargs)
  File "/root/.cache/pypoetry/virtualenvs/cpdbv2-backend-VA82Wl8V-py3.7/lib/python3.7/site-packages/elasticsearch/client/indices.py", line 200, in delete
    params=params)
  File "/root/.cache/pypoetry/virtualenvs/cpdbv2-backend-VA82Wl8V-py3.7/lib/python3.7/site-packages/elasticsearch/transport.py", line 312, in perform_request
    status, headers, data = connection.perform_request(method, url, params, body, ignore=ignore, timeout=timeout)
  File "/root/.cache/pypoetry/virtualenvs/cpdbv2-backend-VA82Wl8V-py3.7/lib/python3.7/site-packages/elasticsearch/connection/http_urllib3.py", line 124, in perform_request
    raise ConnectionError('N/A', str(e), e)
elasticsearch.exceptions.ConnectionError: ConnectionError(<urllib3.connection.HTTPConnection object at 0x7ff069ba15d0>: Failed to establish a new connection: [Errno -2] Name or service not known) caused by: NewConnectionError(<urllib3.connection.HTTPConnection object at 0x7ff069ba15d0>: Failed to establish a new connection: [Errno -2] Name or service not known)
-------------------- >> begin captured logging << --------------------
urllib3.util.retry: DEBUG: Converted retries value: False -> Retry(total=False, connect=None, read=None, redirect=0, status=None)
urllib3.connectionpool: DEBUG: Starting new HTTP connection (589): elasticsearch:9200
elasticsearch: WARNING: DELETE http://elasticsearch:9200/test_trr_c97d3965-996f-4fbb-b4a7-1038423423bd [status:N/A request:0.004s]
Traceback (most recent call last):
  File "/root/.cache/pypoetry/virtualenvs/cpdbv2-backend-VA82Wl8V-py3.7/lib/python3.7/site-packages/urllib3/connection.py", line 160, in _new_conn
    (self._dns_host, self.port), self.timeout, **extra_kw
  File "/root/.cache/pypoetry/virtualenvs/cpdbv2-backend-VA82Wl8V-py3.7/lib/python3.7/site-packages/urllib3/util/connection.py", line 61, in create_connection
    for res in socket.getaddrinfo(host, port, family, socket.SOCK_STREAM):
  File "/usr/local/lib/python3.7/socket.py", line 752, in getaddrinfo
    for res in _socket.getaddrinfo(host, port, family, type, proto, flags):
socket.gaierror: [Errno -2] Name or service not known

During handling of the above exception, another exception occurred:

Traceback (most recent call last):
  File "/root/.cache/pypoetry/virtualenvs/cpdbv2-backend-VA82Wl8V-py3.7/lib/python3.7/site-packages/elasticsearch/connection/http_urllib3.py", line 115, in perform_request
    response = self.pool.urlopen(method, url, body, retries=False, headers=self.headers, **kw)
  File "/root/.cache/pypoetry/virtualenvs/cpdbv2-backend-VA82Wl8V-py3.7/lib/python3.7/site-packages/urllib3/connectionpool.py", line 727, in urlopen
    method, url, error=e, _pool=self, _stacktrace=sys.exc_info()[2]
  File "/root/.cache/pypoetry/virtualenvs/cpdbv2-backend-VA82Wl8V-py3.7/lib/python3.7/site-packages/urllib3/util/retry.py", line 386, in increment
    raise six.reraise(type(error), error, _stacktrace)
  File "/root/.cache/pypoetry/virtualenvs/cpdbv2-backend-VA82Wl8V-py3.7/lib/python3.7/site-packages/urllib3/packages/six.py", line 735, in reraise
    raise value
  File "/root/.cache/pypoetry/virtualenvs/cpdbv2-backend-VA82Wl8V-py3.7/lib/python3.7/site-packages/urllib3/connectionpool.py", line 677, in urlopen
    chunked=chunked,
  File "/root/.cache/pypoetry/virtualenvs/cpdbv2-backend-VA82Wl8V-py3.7/lib/python3.7/site-packages/urllib3/connectionpool.py", line 392, in _make_request
    conn.request(method, url, **httplib_request_kw)
  File "/usr/local/lib/python3.7/http/client.py", line 1281, in request
    self._send_request(method, url, body, headers, encode_chunked)
  File "/usr/local/lib/python3.7/http/client.py", line 1327, in _send_request
    self.endheaders(body, encode_chunked=encode_chunked)
  File "/usr/local/lib/python3.7/http/client.py", line 1276, in endheaders
    self._send_output(message_body, encode_chunked=encode_chunked)
  File "/usr/local/lib/python3.7/http/client.py", line 1036, in _send_output
    self.send(msg)
  File "/usr/local/lib/python3.7/http/client.py", line 976, in send
    self.connect()
  File "/root/.cache/pypoetry/virtualenvs/cpdbv2-backend-VA82Wl8V-py3.7/lib/python3.7/site-packages/urllib3/connection.py", line 187, in connect
    conn = self._new_conn()
  File "/root/.cache/pypoetry/virtualenvs/cpdbv2-backend-VA82Wl8V-py3.7/lib/python3.7/site-packages/urllib3/connection.py", line 172, in _new_conn
    self, "Failed to establish a new connection: %s" % e
urllib3.exceptions.NewConnectionError: <urllib3.connection.HTTPConnection object at 0x7ff069281550>: Failed to establish a new connection: [Errno -2] Name or service not known
elasticsearch: DEBUG: > None
urllib3.util.retry: DEBUG: Converted retries value: False -> Retry(total=False, connect=None, read=None, redirect=0, status=None)
urllib3.connectionpool: DEBUG: Starting new HTTP connection (590): elasticsearch:9200
elasticsearch: WARNING: DELETE http://elasticsearch:9200/test_trr_c97d3965-996f-4fbb-b4a7-1038423423bd [status:N/A request:0.005s]
Traceback (most recent call last):
  File "/root/.cache/pypoetry/virtualenvs/cpdbv2-backend-VA82Wl8V-py3.7/lib/python3.7/site-packages/urllib3/connection.py", line 160, in _new_conn
    (self._dns_host, self.port), self.timeout, **extra_kw
  File "/root/.cache/pypoetry/virtualenvs/cpdbv2-backend-VA82Wl8V-py3.7/lib/python3.7/site-packages/urllib3/util/connection.py", line 61, in create_connection
    for res in socket.getaddrinfo(host, port, family, socket.SOCK_STREAM):
  File "/usr/local/lib/python3.7/socket.py", line 752, in getaddrinfo
    for res in _socket.getaddrinfo(host, port, family, type, proto, flags):
socket.gaierror: [Errno -2] Name or service not known

During handling of the above exception, another exception occurred:

Traceback (most recent call last):
  File "/root/.cache/pypoetry/virtualenvs/cpdbv2-backend-VA82Wl8V-py3.7/lib/python3.7/site-packages/elasticsearch/connection/http_urllib3.py", line 115, in perform_request
    response = self.pool.urlopen(method, url, body, retries=False, headers=self.headers, **kw)
  File "/root/.cache/pypoetry/virtualenvs/cpdbv2-backend-VA82Wl8V-py3.7/lib/python3.7/site-packages/urllib3/connectionpool.py", line 727, in urlopen
    method, url, error=e, _pool=self, _stacktrace=sys.exc_info()[2]
  File "/root/.cache/pypoetry/virtualenvs/cpdbv2-backend-VA82Wl8V-py3.7/lib/python3.7/site-packages/urllib3/util/retry.py", line 386, in increment
    raise six.reraise(type(error), error, _stacktrace)
  File "/root/.cache/pypoetry/virtualenvs/cpdbv2-backend-VA82Wl8V-py3.7/lib/python3.7/site-packages/urllib3/packages/six.py", line 735, in reraise
    raise value
  File "/root/.cache/pypoetry/virtualenvs/cpdbv2-backend-VA82Wl8V-py3.7/lib/python3.7/site-packages/urllib3/connectionpool.py", line 677, in urlopen
    chunked=chunked,
  File "/root/.cache/pypoetry/virtualenvs/cpdbv2-backend-VA82Wl8V-py3.7/lib/python3.7/site-packages/urllib3/connectionpool.py", line 392, in _make_request
    conn.request(method, url, **httplib_request_kw)
  File "/usr/local/lib/python3.7/http/client.py", line 1281, in request
    self._send_request(method, url, body, headers, encode_chunked)
  File "/usr/local/lib/python3.7/http/client.py", line 1327, in _send_request
    self.endheaders(body, encode_chunked=encode_chunked)
  File "/usr/local/lib/python3.7/http/client.py", line 1276, in endheaders
    self._send_output(message_body, encode_chunked=encode_chunked)
  File "/usr/local/lib/python3.7/http/client.py", line 1036, in _send_output
    self.send(msg)
  File "/usr/local/lib/python3.7/http/client.py", line 976, in send
    self.connect()
  File "/root/.cache/pypoetry/virtualenvs/cpdbv2-backend-VA82Wl8V-py3.7/lib/python3.7/site-packages/urllib3/connection.py", line 187, in connect
    conn = self._new_conn()
  File "/root/.cache/pypoetry/virtualenvs/cpdbv2-backend-VA82Wl8V-py3.7/lib/python3.7/site-packages/urllib3/connection.py", line 172, in _new_conn
    self, "Failed to establish a new connection: %s" % e
urllib3.exceptions.NewConnectionError: <urllib3.connection.HTTPConnection object at 0x7ff069281890>: Failed to establish a new connection: [Errno -2] Name or service not known
elasticsearch: DEBUG: > None
urllib3.util.retry: DEBUG: Converted retries value: False -> Retry(total=False, connect=None, read=None, redirect=0, status=None)
urllib3.connectionpool: DEBUG: Starting new HTTP connection (591): elasticsearch:9200
elasticsearch: WARNING: DELETE http://elasticsearch:9200/test_trr_c97d3965-996f-4fbb-b4a7-1038423423bd [status:N/A request:0.004s]
Traceback (most recent call last):
  File "/root/.cache/pypoetry/virtualenvs/cpdbv2-backend-VA82Wl8V-py3.7/lib/python3.7/site-packages/urllib3/connection.py", line 160, in _new_conn
    (self._dns_host, self.port), self.timeout, **extra_kw
  File "/root/.cache/pypoetry/virtualenvs/cpdbv2-backend-VA82Wl8V-py3.7/lib/python3.7/site-packages/urllib3/util/connection.py", line 61, in create_connection
    for res in socket.getaddrinfo(host, port, family, socket.SOCK_STREAM):
  File "/usr/local/lib/python3.7/socket.py", line 752, in getaddrinfo
    for res in _socket.getaddrinfo(host, port, family, type, proto, flags):
socket.gaierror: [Errno -2] Name or service not known

During handling of the above exception, another exception occurred:

Traceback (most recent call last):
  File "/root/.cache/pypoetry/virtualenvs/cpdbv2-backend-VA82Wl8V-py3.7/lib/python3.7/site-packages/elasticsearch/connection/http_urllib3.py", line 115, in perform_request
    response = self.pool.urlopen(method, url, body, retries=False, headers=self.headers, **kw)
  File "/root/.cache/pypoetry/virtualenvs/cpdbv2-backend-VA82Wl8V-py3.7/lib/python3.7/site-packages/urllib3/connectionpool.py", line 727, in urlopen
    method, url, error=e, _pool=self, _stacktrace=sys.exc_info()[2]
  File "/root/.cache/pypoetry/virtualenvs/cpdbv2-backend-VA82Wl8V-py3.7/lib/python3.7/site-packages/urllib3/util/retry.py", line 386, in increment
    raise six.reraise(type(error), error, _stacktrace)
  File "/root/.cache/pypoetry/virtualenvs/cpdbv2-backend-VA82Wl8V-py3.7/lib/python3.7/site-packages/urllib3/packages/six.py", line 735, in reraise
    raise value
  File "/root/.cache/pypoetry/virtualenvs/cpdbv2-backend-VA82Wl8V-py3.7/lib/python3.7/site-packages/urllib3/connectionpool.py", line 677, in urlopen
    chunked=chunked,
  File "/root/.cache/pypoetry/virtualenvs/cpdbv2-backend-VA82Wl8V-py3.7/lib/python3.7/site-packages/urllib3/connectionpool.py", line 392, in _make_request
    conn.request(method, url, **httplib_request_kw)
  File "/usr/local/lib/python3.7/http/client.py", line 1281, in request
    self._send_request(method, url, body, headers, encode_chunked)
  File "/usr/local/lib/python3.7/http/client.py", line 1327, in _send_request
    self.endheaders(body, encode_chunked=encode_chunked)
  File "/usr/local/lib/python3.7/http/client.py", line 1276, in endheaders
    self._send_output(message_body, encode_chunked=encode_chunked)
  File "/usr/local/lib/python3.7/http/client.py", line 1036, in _send_output
    self.send(msg)
  File "/usr/local/lib/python3.7/http/client.py", line 976, in send
    self.connect()
  File "/root/.cache/pypoetry/virtualenvs/cpdbv2-backend-VA82Wl8V-py3.7/lib/python3.7/site-packages/urllib3/connection.py", line 187, in connect
    conn = self._new_conn()
  File "/root/.cache/pypoetry/virtualenvs/cpdbv2-backend-VA82Wl8V-py3.7/lib/python3.7/site-packages/urllib3/connection.py", line 172, in _new_conn
    self, "Failed to establish a new connection: %s" % e
urllib3.exceptions.NewConnectionError: <urllib3.connection.HTTPConnection object at 0x7ff069281b90>: Failed to establish a new connection: [Errno -2] Name or service not known
elasticsearch: DEBUG: > None
urllib3.util.retry: DEBUG: Converted retries value: False -> Retry(total=False, connect=None, read=None, redirect=0, status=None)
urllib3.connectionpool: DEBUG: Starting new HTTP connection (592): elasticsearch:9200
elasticsearch: WARNING: DELETE http://elasticsearch:9200/test_trr_c97d3965-996f-4fbb-b4a7-1038423423bd [status:N/A request:0.004s]
Traceback (most recent call last):
  File "/root/.cache/pypoetry/virtualenvs/cpdbv2-backend-VA82Wl8V-py3.7/lib/python3.7/site-packages/urllib3/connection.py", line 160, in _new_conn
    (self._dns_host, self.port), self.timeout, **extra_kw
  File "/root/.cache/pypoetry/virtualenvs/cpdbv2-backend-VA82Wl8V-py3.7/lib/python3.7/site-packages/urllib3/util/connection.py", line 61, in create_connection
    for res in socket.getaddrinfo(host, port, family, socket.SOCK_STREAM):
  File "/usr/local/lib/python3.7/socket.py", line 752, in getaddrinfo
    for res in _socket.getaddrinfo(host, port, family, type, proto, flags):
socket.gaierror: [Errno -2] Name or service not known

During handling of the above exception, another exception occurred:

Traceback (most recent call last):
  File "/root/.cache/pypoetry/virtualenvs/cpdbv2-backend-VA82Wl8V-py3.7/lib/python3.7/site-packages/elasticsearch/connection/http_urllib3.py", line 115, in perform_request
    response = self.pool.urlopen(method, url, body, retries=False, headers=self.headers, **kw)
  File "/root/.cache/pypoetry/virtualenvs/cpdbv2-backend-VA82Wl8V-py3.7/lib/python3.7/site-packages/urllib3/connectionpool.py", line 727, in urlopen
    method, url, error=e, _pool=self, _stacktrace=sys.exc_info()[2]
  File "/root/.cache/pypoetry/virtualenvs/cpdbv2-backend-VA82Wl8V-py3.7/lib/python3.7/site-packages/urllib3/util/retry.py", line 386, in increment
    raise six.reraise(type(error), error, _stacktrace)
  File "/root/.cache/pypoetry/virtualenvs/cpdbv2-backend-VA82Wl8V-py3.7/lib/python3.7/site-packages/urllib3/packages/six.py", line 735, in reraise
    raise value
  File "/root/.cache/pypoetry/virtualenvs/cpdbv2-backend-VA82Wl8V-py3.7/lib/python3.7/site-packages/urllib3/connectionpool.py", line 677, in urlopen
    chunked=chunked,
  File "/root/.cache/pypoetry/virtualenvs/cpdbv2-backend-VA82Wl8V-py3.7/lib/python3.7/site-packages/urllib3/connectionpool.py", line 392, in _make_request
    conn.request(method, url, **httplib_request_kw)
  File "/usr/local/lib/python3.7/http/client.py", line 1281, in request
    self._send_request(method, url, body, headers, encode_chunked)
  File "/usr/local/lib/python3.7/http/client.py", line 1327, in _send_request
    self.endheaders(body, encode_chunked=encode_chunked)
  File "/usr/local/lib/python3.7/http/client.py", line 1276, in endheaders
    self._send_output(message_body, encode_chunked=encode_chunked)
  File "/usr/local/lib/python3.7/http/client.py", line 1036, in _send_output
    self.send(msg)
  File "/usr/local/lib/python3.7/http/client.py", line 976, in send
    self.connect()
  File "/root/.cache/pypoetry/virtualenvs/cpdbv2-backend-VA82Wl8V-py3.7/lib/python3.7/site-packages/urllib3/connection.py", line 187, in connect
    conn = self._new_conn()
  File "/root/.cache/pypoetry/virtualenvs/cpdbv2-backend-VA82Wl8V-py3.7/lib/python3.7/site-packages/urllib3/connection.py", line 172, in _new_conn
    self, "Failed to establish a new connection: %s" % e
urllib3.exceptions.NewConnectionError: <urllib3.connection.HTTPConnection object at 0x7ff069ba15d0>: Failed to establish a new connection: [Errno -2] Name or service not known
elasticsearch: DEBUG: > None
--------------------- >> end captured logging << ---------------------

======================================================================
ERROR: test_request_document_with_invalid_trr (trr.tests.views.test_trr_mobile_viewset.TRRMobileViewSetTestCase)
----------------------------------------------------------------------
Traceback (most recent call last):
  File "/usr/src/app/cpdb/trr/tests/mixins.py", line 7, in setUp
    trr_index_alias.write_index.delete(ignore=404)
  File "/root/.cache/pypoetry/virtualenvs/cpdbv2-backend-VA82Wl8V-py3.7/lib/python3.7/site-packages/elasticsearch_dsl/index.py", line 222, in delete
    self.connection.indices.delete(index=self._name, **kwargs)
  File "/root/.cache/pypoetry/virtualenvs/cpdbv2-backend-VA82Wl8V-py3.7/lib/python3.7/site-packages/elasticsearch/client/utils.py", line 73, in _wrapped
    return func(*args, params=params, **kwargs)
  File "/root/.cache/pypoetry/virtualenvs/cpdbv2-backend-VA82Wl8V-py3.7/lib/python3.7/site-packages/elasticsearch/client/indices.py", line 200, in delete
    params=params)
  File "/root/.cache/pypoetry/virtualenvs/cpdbv2-backend-VA82Wl8V-py3.7/lib/python3.7/site-packages/elasticsearch/transport.py", line 312, in perform_request
    status, headers, data = connection.perform_request(method, url, params, body, ignore=ignore, timeout=timeout)
  File "/root/.cache/pypoetry/virtualenvs/cpdbv2-backend-VA82Wl8V-py3.7/lib/python3.7/site-packages/elasticsearch/connection/http_urllib3.py", line 124, in perform_request
    raise ConnectionError('N/A', str(e), e)
elasticsearch.exceptions.ConnectionError: ConnectionError(<urllib3.connection.HTTPConnection object at 0x7ff069724d50>: Failed to establish a new connection: [Errno -2] Name or service not known) caused by: NewConnectionError(<urllib3.connection.HTTPConnection object at 0x7ff069724d50>: Failed to establish a new connection: [Errno -2] Name or service not known)
-------------------- >> begin captured logging << --------------------
urllib3.util.retry: DEBUG: Converted retries value: False -> Retry(total=False, connect=None, read=None, redirect=0, status=None)
urllib3.connectionpool: DEBUG: Starting new HTTP connection (593): elasticsearch:9200
elasticsearch: WARNING: DELETE http://elasticsearch:9200/test_trr_c97d3965-996f-4fbb-b4a7-1038423423bd [status:N/A request:0.005s]
Traceback (most recent call last):
  File "/root/.cache/pypoetry/virtualenvs/cpdbv2-backend-VA82Wl8V-py3.7/lib/python3.7/site-packages/urllib3/connection.py", line 160, in _new_conn
    (self._dns_host, self.port), self.timeout, **extra_kw
  File "/root/.cache/pypoetry/virtualenvs/cpdbv2-backend-VA82Wl8V-py3.7/lib/python3.7/site-packages/urllib3/util/connection.py", line 61, in create_connection
    for res in socket.getaddrinfo(host, port, family, socket.SOCK_STREAM):
  File "/usr/local/lib/python3.7/socket.py", line 752, in getaddrinfo
    for res in _socket.getaddrinfo(host, port, family, type, proto, flags):
socket.gaierror: [Errno -2] Name or service not known

During handling of the above exception, another exception occurred:

Traceback (most recent call last):
  File "/root/.cache/pypoetry/virtualenvs/cpdbv2-backend-VA82Wl8V-py3.7/lib/python3.7/site-packages/elasticsearch/connection/http_urllib3.py", line 115, in perform_request
    response = self.pool.urlopen(method, url, body, retries=False, headers=self.headers, **kw)
  File "/root/.cache/pypoetry/virtualenvs/cpdbv2-backend-VA82Wl8V-py3.7/lib/python3.7/site-packages/urllib3/connectionpool.py", line 727, in urlopen
    method, url, error=e, _pool=self, _stacktrace=sys.exc_info()[2]
  File "/root/.cache/pypoetry/virtualenvs/cpdbv2-backend-VA82Wl8V-py3.7/lib/python3.7/site-packages/urllib3/util/retry.py", line 386, in increment
    raise six.reraise(type(error), error, _stacktrace)
  File "/root/.cache/pypoetry/virtualenvs/cpdbv2-backend-VA82Wl8V-py3.7/lib/python3.7/site-packages/urllib3/packages/six.py", line 735, in reraise
    raise value
  File "/root/.cache/pypoetry/virtualenvs/cpdbv2-backend-VA82Wl8V-py3.7/lib/python3.7/site-packages/urllib3/connectionpool.py", line 677, in urlopen
    chunked=chunked,
  File "/root/.cache/pypoetry/virtualenvs/cpdbv2-backend-VA82Wl8V-py3.7/lib/python3.7/site-packages/urllib3/connectionpool.py", line 392, in _make_request
    conn.request(method, url, **httplib_request_kw)
  File "/usr/local/lib/python3.7/http/client.py", line 1281, in request
    self._send_request(method, url, body, headers, encode_chunked)
  File "/usr/local/lib/python3.7/http/client.py", line 1327, in _send_request
    self.endheaders(body, encode_chunked=encode_chunked)
  File "/usr/local/lib/python3.7/http/client.py", line 1276, in endheaders
    self._send_output(message_body, encode_chunked=encode_chunked)
  File "/usr/local/lib/python3.7/http/client.py", line 1036, in _send_output
    self.send(msg)
  File "/usr/local/lib/python3.7/http/client.py", line 976, in send
    self.connect()
  File "/root/.cache/pypoetry/virtualenvs/cpdbv2-backend-VA82Wl8V-py3.7/lib/python3.7/site-packages/urllib3/connection.py", line 187, in connect
    conn = self._new_conn()
  File "/root/.cache/pypoetry/virtualenvs/cpdbv2-backend-VA82Wl8V-py3.7/lib/python3.7/site-packages/urllib3/connection.py", line 172, in _new_conn
    self, "Failed to establish a new connection: %s" % e
urllib3.exceptions.NewConnectionError: <urllib3.connection.HTTPConnection object at 0x7ff069126b10>: Failed to establish a new connection: [Errno -2] Name or service not known
elasticsearch: DEBUG: > None
urllib3.util.retry: DEBUG: Converted retries value: False -> Retry(total=False, connect=None, read=None, redirect=0, status=None)
urllib3.connectionpool: DEBUG: Starting new HTTP connection (594): elasticsearch:9200
elasticsearch: WARNING: DELETE http://elasticsearch:9200/test_trr_c97d3965-996f-4fbb-b4a7-1038423423bd [status:N/A request:0.004s]
Traceback (most recent call last):
  File "/root/.cache/pypoetry/virtualenvs/cpdbv2-backend-VA82Wl8V-py3.7/lib/python3.7/site-packages/urllib3/connection.py", line 160, in _new_conn
    (self._dns_host, self.port), self.timeout, **extra_kw
  File "/root/.cache/pypoetry/virtualenvs/cpdbv2-backend-VA82Wl8V-py3.7/lib/python3.7/site-packages/urllib3/util/connection.py", line 61, in create_connection
    for res in socket.getaddrinfo(host, port, family, socket.SOCK_STREAM):
  File "/usr/local/lib/python3.7/socket.py", line 752, in getaddrinfo
    for res in _socket.getaddrinfo(host, port, family, type, proto, flags):
socket.gaierror: [Errno -2] Name or service not known

During handling of the above exception, another exception occurred:

Traceback (most recent call last):
  File "/root/.cache/pypoetry/virtualenvs/cpdbv2-backend-VA82Wl8V-py3.7/lib/python3.7/site-packages/elasticsearch/connection/http_urllib3.py", line 115, in perform_request
    response = self.pool.urlopen(method, url, body, retries=False, headers=self.headers, **kw)
  File "/root/.cache/pypoetry/virtualenvs/cpdbv2-backend-VA82Wl8V-py3.7/lib/python3.7/site-packages/urllib3/connectionpool.py", line 727, in urlopen
    method, url, error=e, _pool=self, _stacktrace=sys.exc_info()[2]
  File "/root/.cache/pypoetry/virtualenvs/cpdbv2-backend-VA82Wl8V-py3.7/lib/python3.7/site-packages/urllib3/util/retry.py", line 386, in increment
    raise six.reraise(type(error), error, _stacktrace)
  File "/root/.cache/pypoetry/virtualenvs/cpdbv2-backend-VA82Wl8V-py3.7/lib/python3.7/site-packages/urllib3/packages/six.py", line 735, in reraise
    raise value
  File "/root/.cache/pypoetry/virtualenvs/cpdbv2-backend-VA82Wl8V-py3.7/lib/python3.7/site-packages/urllib3/connectionpool.py", line 677, in urlopen
    chunked=chunked,
  File "/root/.cache/pypoetry/virtualenvs/cpdbv2-backend-VA82Wl8V-py3.7/lib/python3.7/site-packages/urllib3/connectionpool.py", line 392, in _make_request
    conn.request(method, url, **httplib_request_kw)
  File "/usr/local/lib/python3.7/http/client.py", line 1281, in request
    self._send_request(method, url, body, headers, encode_chunked)
  File "/usr/local/lib/python3.7/http/client.py", line 1327, in _send_request
    self.endheaders(body, encode_chunked=encode_chunked)
  File "/usr/local/lib/python3.7/http/client.py", line 1276, in endheaders
    self._send_output(message_body, encode_chunked=encode_chunked)
  File "/usr/local/lib/python3.7/http/client.py", line 1036, in _send_output
    self.send(msg)
  File "/usr/local/lib/python3.7/http/client.py", line 976, in send
    self.connect()
  File "/root/.cache/pypoetry/virtualenvs/cpdbv2-backend-VA82Wl8V-py3.7/lib/python3.7/site-packages/urllib3/connection.py", line 187, in connect
    conn = self._new_conn()
  File "/root/.cache/pypoetry/virtualenvs/cpdbv2-backend-VA82Wl8V-py3.7/lib/python3.7/site-packages/urllib3/connection.py", line 172, in _new_conn
    self, "Failed to establish a new connection: %s" % e
urllib3.exceptions.NewConnectionError: <urllib3.connection.HTTPConnection object at 0x7ff0691269d0>: Failed to establish a new connection: [Errno -2] Name or service not known
elasticsearch: DEBUG: > None
urllib3.util.retry: DEBUG: Converted retries value: False -> Retry(total=False, connect=None, read=None, redirect=0, status=None)
urllib3.connectionpool: DEBUG: Starting new HTTP connection (595): elasticsearch:9200
elasticsearch: WARNING: DELETE http://elasticsearch:9200/test_trr_c97d3965-996f-4fbb-b4a7-1038423423bd [status:N/A request:0.004s]
Traceback (most recent call last):
  File "/root/.cache/pypoetry/virtualenvs/cpdbv2-backend-VA82Wl8V-py3.7/lib/python3.7/site-packages/urllib3/connection.py", line 160, in _new_conn
    (self._dns_host, self.port), self.timeout, **extra_kw
  File "/root/.cache/pypoetry/virtualenvs/cpdbv2-backend-VA82Wl8V-py3.7/lib/python3.7/site-packages/urllib3/util/connection.py", line 61, in create_connection
    for res in socket.getaddrinfo(host, port, family, socket.SOCK_STREAM):
  File "/usr/local/lib/python3.7/socket.py", line 752, in getaddrinfo
    for res in _socket.getaddrinfo(host, port, family, type, proto, flags):
socket.gaierror: [Errno -2] Name or service not known

During handling of the above exception, another exception occurred:

Traceback (most recent call last):
  File "/root/.cache/pypoetry/virtualenvs/cpdbv2-backend-VA82Wl8V-py3.7/lib/python3.7/site-packages/elasticsearch/connection/http_urllib3.py", line 115, in perform_request
    response = self.pool.urlopen(method, url, body, retries=False, headers=self.headers, **kw)
  File "/root/.cache/pypoetry/virtualenvs/cpdbv2-backend-VA82Wl8V-py3.7/lib/python3.7/site-packages/urllib3/connectionpool.py", line 727, in urlopen
    method, url, error=e, _pool=self, _stacktrace=sys.exc_info()[2]
  File "/root/.cache/pypoetry/virtualenvs/cpdbv2-backend-VA82Wl8V-py3.7/lib/python3.7/site-packages/urllib3/util/retry.py", line 386, in increment
    raise six.reraise(type(error), error, _stacktrace)
  File "/root/.cache/pypoetry/virtualenvs/cpdbv2-backend-VA82Wl8V-py3.7/lib/python3.7/site-packages/urllib3/packages/six.py", line 735, in reraise
    raise value
  File "/root/.cache/pypoetry/virtualenvs/cpdbv2-backend-VA82Wl8V-py3.7/lib/python3.7/site-packages/urllib3/connectionpool.py", line 677, in urlopen
    chunked=chunked,
  File "/root/.cache/pypoetry/virtualenvs/cpdbv2-backend-VA82Wl8V-py3.7/lib/python3.7/site-packages/urllib3/connectionpool.py", line 392, in _make_request
    conn.request(method, url, **httplib_request_kw)
  File "/usr/local/lib/python3.7/http/client.py", line 1281, in request
    self._send_request(method, url, body, headers, encode_chunked)
  File "/usr/local/lib/python3.7/http/client.py", line 1327, in _send_request
    self.endheaders(body, encode_chunked=encode_chunked)
  File "/usr/local/lib/python3.7/http/client.py", line 1276, in endheaders
    self._send_output(message_body, encode_chunked=encode_chunked)
  File "/usr/local/lib/python3.7/http/client.py", line 1036, in _send_output
    self.send(msg)
  File "/usr/local/lib/python3.7/http/client.py", line 976, in send
    self.connect()
  File "/root/.cache/pypoetry/virtualenvs/cpdbv2-backend-VA82Wl8V-py3.7/lib/python3.7/site-packages/urllib3/connection.py", line 187, in connect
    conn = self._new_conn()
  File "/root/.cache/pypoetry/virtualenvs/cpdbv2-backend-VA82Wl8V-py3.7/lib/python3.7/site-packages/urllib3/connection.py", line 172, in _new_conn
    self, "Failed to establish a new connection: %s" % e
urllib3.exceptions.NewConnectionError: <urllib3.connection.HTTPConnection object at 0x7ff06971e190>: Failed to establish a new connection: [Errno -2] Name or service not known
elasticsearch: DEBUG: > None
urllib3.util.retry: DEBUG: Converted retries value: False -> Retry(total=False, connect=None, read=None, redirect=0, status=None)
urllib3.connectionpool: DEBUG: Starting new HTTP connection (596): elasticsearch:9200
elasticsearch: WARNING: DELETE http://elasticsearch:9200/test_trr_c97d3965-996f-4fbb-b4a7-1038423423bd [status:N/A request:0.005s]
Traceback (most recent call last):
  File "/root/.cache/pypoetry/virtualenvs/cpdbv2-backend-VA82Wl8V-py3.7/lib/python3.7/site-packages/urllib3/connection.py", line 160, in _new_conn
    (self._dns_host, self.port), self.timeout, **extra_kw
  File "/root/.cache/pypoetry/virtualenvs/cpdbv2-backend-VA82Wl8V-py3.7/lib/python3.7/site-packages/urllib3/util/connection.py", line 61, in create_connection
    for res in socket.getaddrinfo(host, port, family, socket.SOCK_STREAM):
  File "/usr/local/lib/python3.7/socket.py", line 752, in getaddrinfo
    for res in _socket.getaddrinfo(host, port, family, type, proto, flags):
socket.gaierror: [Errno -2] Name or service not known

During handling of the above exception, another exception occurred:

Traceback (most recent call last):
  File "/root/.cache/pypoetry/virtualenvs/cpdbv2-backend-VA82Wl8V-py3.7/lib/python3.7/site-packages/elasticsearch/connection/http_urllib3.py", line 115, in perform_request
    response = self.pool.urlopen(method, url, body, retries=False, headers=self.headers, **kw)
  File "/root/.cache/pypoetry/virtualenvs/cpdbv2-backend-VA82Wl8V-py3.7/lib/python3.7/site-packages/urllib3/connectionpool.py", line 727, in urlopen
    method, url, error=e, _pool=self, _stacktrace=sys.exc_info()[2]
  File "/root/.cache/pypoetry/virtualenvs/cpdbv2-backend-VA82Wl8V-py3.7/lib/python3.7/site-packages/urllib3/util/retry.py", line 386, in increment
    raise six.reraise(type(error), error, _stacktrace)
  File "/root/.cache/pypoetry/virtualenvs/cpdbv2-backend-VA82Wl8V-py3.7/lib/python3.7/site-packages/urllib3/packages/six.py", line 735, in reraise
    raise value
  File "/root/.cache/pypoetry/virtualenvs/cpdbv2-backend-VA82Wl8V-py3.7/lib/python3.7/site-packages/urllib3/connectionpool.py", line 677, in urlopen
    chunked=chunked,
  File "/root/.cache/pypoetry/virtualenvs/cpdbv2-backend-VA82Wl8V-py3.7/lib/python3.7/site-packages/urllib3/connectionpool.py", line 392, in _make_request
    conn.request(method, url, **httplib_request_kw)
  File "/usr/local/lib/python3.7/http/client.py", line 1281, in request
    self._send_request(method, url, body, headers, encode_chunked)
  File "/usr/local/lib/python3.7/http/client.py", line 1327, in _send_request
    self.endheaders(body, encode_chunked=encode_chunked)
  File "/usr/local/lib/python3.7/http/client.py", line 1276, in endheaders
    self._send_output(message_body, encode_chunked=encode_chunked)
  File "/usr/local/lib/python3.7/http/client.py", line 1036, in _send_output
    self.send(msg)
  File "/usr/local/lib/python3.7/http/client.py", line 976, in send
    self.connect()
  File "/root/.cache/pypoetry/virtualenvs/cpdbv2-backend-VA82Wl8V-py3.7/lib/python3.7/site-packages/urllib3/connection.py", line 187, in connect
    conn = self._new_conn()
  File "/root/.cache/pypoetry/virtualenvs/cpdbv2-backend-VA82Wl8V-py3.7/lib/python3.7/site-packages/urllib3/connection.py", line 172, in _new_conn
    self, "Failed to establish a new connection: %s" % e
urllib3.exceptions.NewConnectionError: <urllib3.connection.HTTPConnection object at 0x7ff069724d50>: Failed to establish a new connection: [Errno -2] Name or service not known
elasticsearch: DEBUG: > None
--------------------- >> end captured logging << ---------------------

======================================================================
ERROR: test_request_document_without_email (trr.tests.views.test_trr_mobile_viewset.TRRMobileViewSetTestCase)
----------------------------------------------------------------------
Traceback (most recent call last):
  File "/usr/src/app/cpdb/trr/tests/mixins.py", line 7, in setUp
    trr_index_alias.write_index.delete(ignore=404)
  File "/root/.cache/pypoetry/virtualenvs/cpdbv2-backend-VA82Wl8V-py3.7/lib/python3.7/site-packages/elasticsearch_dsl/index.py", line 222, in delete
    self.connection.indices.delete(index=self._name, **kwargs)
  File "/root/.cache/pypoetry/virtualenvs/cpdbv2-backend-VA82Wl8V-py3.7/lib/python3.7/site-packages/elasticsearch/client/utils.py", line 73, in _wrapped
    return func(*args, params=params, **kwargs)
  File "/root/.cache/pypoetry/virtualenvs/cpdbv2-backend-VA82Wl8V-py3.7/lib/python3.7/site-packages/elasticsearch/client/indices.py", line 200, in delete
    params=params)
  File "/root/.cache/pypoetry/virtualenvs/cpdbv2-backend-VA82Wl8V-py3.7/lib/python3.7/site-packages/elasticsearch/transport.py", line 312, in perform_request
    status, headers, data = connection.perform_request(method, url, params, body, ignore=ignore, timeout=timeout)
  File "/root/.cache/pypoetry/virtualenvs/cpdbv2-backend-VA82Wl8V-py3.7/lib/python3.7/site-packages/elasticsearch/connection/http_urllib3.py", line 124, in perform_request
    raise ConnectionError('N/A', str(e), e)
elasticsearch.exceptions.ConnectionError: ConnectionError(<urllib3.connection.HTTPConnection object at 0x7ff069724790>: Failed to establish a new connection: [Errno -2] Name or service not known) caused by: NewConnectionError(<urllib3.connection.HTTPConnection object at 0x7ff069724790>: Failed to establish a new connection: [Errno -2] Name or service not known)
-------------------- >> begin captured logging << --------------------
urllib3.util.retry: DEBUG: Converted retries value: False -> Retry(total=False, connect=None, read=None, redirect=0, status=None)
urllib3.connectionpool: DEBUG: Starting new HTTP connection (597): elasticsearch:9200
elasticsearch: WARNING: DELETE http://elasticsearch:9200/test_trr_c97d3965-996f-4fbb-b4a7-1038423423bd [status:N/A request:0.004s]
Traceback (most recent call last):
  File "/root/.cache/pypoetry/virtualenvs/cpdbv2-backend-VA82Wl8V-py3.7/lib/python3.7/site-packages/urllib3/connection.py", line 160, in _new_conn
    (self._dns_host, self.port), self.timeout, **extra_kw
  File "/root/.cache/pypoetry/virtualenvs/cpdbv2-backend-VA82Wl8V-py3.7/lib/python3.7/site-packages/urllib3/util/connection.py", line 61, in create_connection
    for res in socket.getaddrinfo(host, port, family, socket.SOCK_STREAM):
  File "/usr/local/lib/python3.7/socket.py", line 752, in getaddrinfo
    for res in _socket.getaddrinfo(host, port, family, type, proto, flags):
socket.gaierror: [Errno -2] Name or service not known

During handling of the above exception, another exception occurred:

Traceback (most recent call last):
  File "/root/.cache/pypoetry/virtualenvs/cpdbv2-backend-VA82Wl8V-py3.7/lib/python3.7/site-packages/elasticsearch/connection/http_urllib3.py", line 115, in perform_request
    response = self.pool.urlopen(method, url, body, retries=False, headers=self.headers, **kw)
  File "/root/.cache/pypoetry/virtualenvs/cpdbv2-backend-VA82Wl8V-py3.7/lib/python3.7/site-packages/urllib3/connectionpool.py", line 727, in urlopen
    method, url, error=e, _pool=self, _stacktrace=sys.exc_info()[2]
  File "/root/.cache/pypoetry/virtualenvs/cpdbv2-backend-VA82Wl8V-py3.7/lib/python3.7/site-packages/urllib3/util/retry.py", line 386, in increment
    raise six.reraise(type(error), error, _stacktrace)
  File "/root/.cache/pypoetry/virtualenvs/cpdbv2-backend-VA82Wl8V-py3.7/lib/python3.7/site-packages/urllib3/packages/six.py", line 735, in reraise
    raise value
  File "/root/.cache/pypoetry/virtualenvs/cpdbv2-backend-VA82Wl8V-py3.7/lib/python3.7/site-packages/urllib3/connectionpool.py", line 677, in urlopen
    chunked=chunked,
  File "/root/.cache/pypoetry/virtualenvs/cpdbv2-backend-VA82Wl8V-py3.7/lib/python3.7/site-packages/urllib3/connectionpool.py", line 392, in _make_request
    conn.request(method, url, **httplib_request_kw)
  File "/usr/local/lib/python3.7/http/client.py", line 1281, in request
    self._send_request(method, url, body, headers, encode_chunked)
  File "/usr/local/lib/python3.7/http/client.py", line 1327, in _send_request
    self.endheaders(body, encode_chunked=encode_chunked)
  File "/usr/local/lib/python3.7/http/client.py", line 1276, in endheaders
    self._send_output(message_body, encode_chunked=encode_chunked)
  File "/usr/local/lib/python3.7/http/client.py", line 1036, in _send_output
    self.send(msg)
  File "/usr/local/lib/python3.7/http/client.py", line 976, in send
    self.connect()
  File "/root/.cache/pypoetry/virtualenvs/cpdbv2-backend-VA82Wl8V-py3.7/lib/python3.7/site-packages/urllib3/connection.py", line 187, in connect
    conn = self._new_conn()
  File "/root/.cache/pypoetry/virtualenvs/cpdbv2-backend-VA82Wl8V-py3.7/lib/python3.7/site-packages/urllib3/connection.py", line 172, in _new_conn
    self, "Failed to establish a new connection: %s" % e
urllib3.exceptions.NewConnectionError: <urllib3.connection.HTTPConnection object at 0x7ff069724b10>: Failed to establish a new connection: [Errno -2] Name or service not known
elasticsearch: DEBUG: > None
urllib3.util.retry: DEBUG: Converted retries value: False -> Retry(total=False, connect=None, read=None, redirect=0, status=None)
urllib3.connectionpool: DEBUG: Starting new HTTP connection (598): elasticsearch:9200
elasticsearch: WARNING: DELETE http://elasticsearch:9200/test_trr_c97d3965-996f-4fbb-b4a7-1038423423bd [status:N/A request:0.004s]
Traceback (most recent call last):
  File "/root/.cache/pypoetry/virtualenvs/cpdbv2-backend-VA82Wl8V-py3.7/lib/python3.7/site-packages/urllib3/connection.py", line 160, in _new_conn
    (self._dns_host, self.port), self.timeout, **extra_kw
  File "/root/.cache/pypoetry/virtualenvs/cpdbv2-backend-VA82Wl8V-py3.7/lib/python3.7/site-packages/urllib3/util/connection.py", line 61, in create_connection
    for res in socket.getaddrinfo(host, port, family, socket.SOCK_STREAM):
  File "/usr/local/lib/python3.7/socket.py", line 752, in getaddrinfo
    for res in _socket.getaddrinfo(host, port, family, type, proto, flags):
socket.gaierror: [Errno -2] Name or service not known

During handling of the above exception, another exception occurred:

Traceback (most recent call last):
  File "/root/.cache/pypoetry/virtualenvs/cpdbv2-backend-VA82Wl8V-py3.7/lib/python3.7/site-packages/elasticsearch/connection/http_urllib3.py", line 115, in perform_request
    response = self.pool.urlopen(method, url, body, retries=False, headers=self.headers, **kw)
  File "/root/.cache/pypoetry/virtualenvs/cpdbv2-backend-VA82Wl8V-py3.7/lib/python3.7/site-packages/urllib3/connectionpool.py", line 727, in urlopen
    method, url, error=e, _pool=self, _stacktrace=sys.exc_info()[2]
  File "/root/.cache/pypoetry/virtualenvs/cpdbv2-backend-VA82Wl8V-py3.7/lib/python3.7/site-packages/urllib3/util/retry.py", line 386, in increment
    raise six.reraise(type(error), error, _stacktrace)
  File "/root/.cache/pypoetry/virtualenvs/cpdbv2-backend-VA82Wl8V-py3.7/lib/python3.7/site-packages/urllib3/packages/six.py", line 735, in reraise
    raise value
  File "/root/.cache/pypoetry/virtualenvs/cpdbv2-backend-VA82Wl8V-py3.7/lib/python3.7/site-packages/urllib3/connectionpool.py", line 677, in urlopen
    chunked=chunked,
  File "/root/.cache/pypoetry/virtualenvs/cpdbv2-backend-VA82Wl8V-py3.7/lib/python3.7/site-packages/urllib3/connectionpool.py", line 392, in _make_request
    conn.request(method, url, **httplib_request_kw)
  File "/usr/local/lib/python3.7/http/client.py", line 1281, in request
    self._send_request(method, url, body, headers, encode_chunked)
  File "/usr/local/lib/python3.7/http/client.py", line 1327, in _send_request
    self.endheaders(body, encode_chunked=encode_chunked)
  File "/usr/local/lib/python3.7/http/client.py", line 1276, in endheaders
    self._send_output(message_body, encode_chunked=encode_chunked)
  File "/usr/local/lib/python3.7/http/client.py", line 1036, in _send_output
    self.send(msg)
  File "/usr/local/lib/python3.7/http/client.py", line 976, in send
    self.connect()
  File "/root/.cache/pypoetry/virtualenvs/cpdbv2-backend-VA82Wl8V-py3.7/lib/python3.7/site-packages/urllib3/connection.py", line 187, in connect
    conn = self._new_conn()
  File "/root/.cache/pypoetry/virtualenvs/cpdbv2-backend-VA82Wl8V-py3.7/lib/python3.7/site-packages/urllib3/connection.py", line 172, in _new_conn
    self, "Failed to establish a new connection: %s" % e
urllib3.exceptions.NewConnectionError: <urllib3.connection.HTTPConnection object at 0x7ff069724890>: Failed to establish a new connection: [Errno -2] Name or service not known
elasticsearch: DEBUG: > None
urllib3.util.retry: DEBUG: Converted retries value: False -> Retry(total=False, connect=None, read=None, redirect=0, status=None)
urllib3.connectionpool: DEBUG: Starting new HTTP connection (599): elasticsearch:9200
elasticsearch: WARNING: DELETE http://elasticsearch:9200/test_trr_c97d3965-996f-4fbb-b4a7-1038423423bd [status:N/A request:0.004s]
Traceback (most recent call last):
  File "/root/.cache/pypoetry/virtualenvs/cpdbv2-backend-VA82Wl8V-py3.7/lib/python3.7/site-packages/urllib3/connection.py", line 160, in _new_conn
    (self._dns_host, self.port), self.timeout, **extra_kw
  File "/root/.cache/pypoetry/virtualenvs/cpdbv2-backend-VA82Wl8V-py3.7/lib/python3.7/site-packages/urllib3/util/connection.py", line 61, in create_connection
    for res in socket.getaddrinfo(host, port, family, socket.SOCK_STREAM):
  File "/usr/local/lib/python3.7/socket.py", line 752, in getaddrinfo
    for res in _socket.getaddrinfo(host, port, family, type, proto, flags):
socket.gaierror: [Errno -2] Name or service not known

During handling of the above exception, another exception occurred:

Traceback (most recent call last):
  File "/root/.cache/pypoetry/virtualenvs/cpdbv2-backend-VA82Wl8V-py3.7/lib/python3.7/site-packages/elasticsearch/connection/http_urllib3.py", line 115, in perform_request
    response = self.pool.urlopen(method, url, body, retries=False, headers=self.headers, **kw)
  File "/root/.cache/pypoetry/virtualenvs/cpdbv2-backend-VA82Wl8V-py3.7/lib/python3.7/site-packages/urllib3/connectionpool.py", line 727, in urlopen
    method, url, error=e, _pool=self, _stacktrace=sys.exc_info()[2]
  File "/root/.cache/pypoetry/virtualenvs/cpdbv2-backend-VA82Wl8V-py3.7/lib/python3.7/site-packages/urllib3/util/retry.py", line 386, in increment
    raise six.reraise(type(error), error, _stacktrace)
  File "/root/.cache/pypoetry/virtualenvs/cpdbv2-backend-VA82Wl8V-py3.7/lib/python3.7/site-packages/urllib3/packages/six.py", line 735, in reraise
    raise value
  File "/root/.cache/pypoetry/virtualenvs/cpdbv2-backend-VA82Wl8V-py3.7/lib/python3.7/site-packages/urllib3/connectionpool.py", line 677, in urlopen
    chunked=chunked,
  File "/root/.cache/pypoetry/virtualenvs/cpdbv2-backend-VA82Wl8V-py3.7/lib/python3.7/site-packages/urllib3/connectionpool.py", line 392, in _make_request
    conn.request(method, url, **httplib_request_kw)
  File "/usr/local/lib/python3.7/http/client.py", line 1281, in request
    self._send_request(method, url, body, headers, encode_chunked)
  File "/usr/local/lib/python3.7/http/client.py", line 1327, in _send_request
    self.endheaders(body, encode_chunked=encode_chunked)
  File "/usr/local/lib/python3.7/http/client.py", line 1276, in endheaders
    self._send_output(message_body, encode_chunked=encode_chunked)
  File "/usr/local/lib/python3.7/http/client.py", line 1036, in _send_output
    self.send(msg)
  File "/usr/local/lib/python3.7/http/client.py", line 976, in send
    self.connect()
  File "/root/.cache/pypoetry/virtualenvs/cpdbv2-backend-VA82Wl8V-py3.7/lib/python3.7/site-packages/urllib3/connection.py", line 187, in connect
    conn = self._new_conn()
  File "/root/.cache/pypoetry/virtualenvs/cpdbv2-backend-VA82Wl8V-py3.7/lib/python3.7/site-packages/urllib3/connection.py", line 172, in _new_conn
    self, "Failed to establish a new connection: %s" % e
urllib3.exceptions.NewConnectionError: <urllib3.connection.HTTPConnection object at 0x7ff069724390>: Failed to establish a new connection: [Errno -2] Name or service not known
elasticsearch: DEBUG: > None
urllib3.util.retry: DEBUG: Converted retries value: False -> Retry(total=False, connect=None, read=None, redirect=0, status=None)
urllib3.connectionpool: DEBUG: Starting new HTTP connection (600): elasticsearch:9200
elasticsearch: WARNING: DELETE http://elasticsearch:9200/test_trr_c97d3965-996f-4fbb-b4a7-1038423423bd [status:N/A request:0.004s]
Traceback (most recent call last):
  File "/root/.cache/pypoetry/virtualenvs/cpdbv2-backend-VA82Wl8V-py3.7/lib/python3.7/site-packages/urllib3/connection.py", line 160, in _new_conn
    (self._dns_host, self.port), self.timeout, **extra_kw
  File "/root/.cache/pypoetry/virtualenvs/cpdbv2-backend-VA82Wl8V-py3.7/lib/python3.7/site-packages/urllib3/util/connection.py", line 61, in create_connection
    for res in socket.getaddrinfo(host, port, family, socket.SOCK_STREAM):
  File "/usr/local/lib/python3.7/socket.py", line 752, in getaddrinfo
    for res in _socket.getaddrinfo(host, port, family, type, proto, flags):
socket.gaierror: [Errno -2] Name or service not known

During handling of the above exception, another exception occurred:

Traceback (most recent call last):
  File "/root/.cache/pypoetry/virtualenvs/cpdbv2-backend-VA82Wl8V-py3.7/lib/python3.7/site-packages/elasticsearch/connection/http_urllib3.py", line 115, in perform_request
    response = self.pool.urlopen(method, url, body, retries=False, headers=self.headers, **kw)
  File "/root/.cache/pypoetry/virtualenvs/cpdbv2-backend-VA82Wl8V-py3.7/lib/python3.7/site-packages/urllib3/connectionpool.py", line 727, in urlopen
    method, url, error=e, _pool=self, _stacktrace=sys.exc_info()[2]
  File "/root/.cache/pypoetry/virtualenvs/cpdbv2-backend-VA82Wl8V-py3.7/lib/python3.7/site-packages/urllib3/util/retry.py", line 386, in increment
    raise six.reraise(type(error), error, _stacktrace)
  File "/root/.cache/pypoetry/virtualenvs/cpdbv2-backend-VA82Wl8V-py3.7/lib/python3.7/site-packages/urllib3/packages/six.py", line 735, in reraise
    raise value
  File "/root/.cache/pypoetry/virtualenvs/cpdbv2-backend-VA82Wl8V-py3.7/lib/python3.7/site-packages/urllib3/connectionpool.py", line 677, in urlopen
    chunked=chunked,
  File "/root/.cache/pypoetry/virtualenvs/cpdbv2-backend-VA82Wl8V-py3.7/lib/python3.7/site-packages/urllib3/connectionpool.py", line 392, in _make_request
    conn.request(method, url, **httplib_request_kw)
  File "/usr/local/lib/python3.7/http/client.py", line 1281, in request
    self._send_request(method, url, body, headers, encode_chunked)
  File "/usr/local/lib/python3.7/http/client.py", line 1327, in _send_request
    self.endheaders(body, encode_chunked=encode_chunked)
  File "/usr/local/lib/python3.7/http/client.py", line 1276, in endheaders
    self._send_output(message_body, encode_chunked=encode_chunked)
  File "/usr/local/lib/python3.7/http/client.py", line 1036, in _send_output
    self.send(msg)
  File "/usr/local/lib/python3.7/http/client.py", line 976, in send
    self.connect()
  File "/root/.cache/pypoetry/virtualenvs/cpdbv2-backend-VA82Wl8V-py3.7/lib/python3.7/site-packages/urllib3/connection.py", line 187, in connect
    conn = self._new_conn()
  File "/root/.cache/pypoetry/virtualenvs/cpdbv2-backend-VA82Wl8V-py3.7/lib/python3.7/site-packages/urllib3/connection.py", line 172, in _new_conn
    self, "Failed to establish a new connection: %s" % e
urllib3.exceptions.NewConnectionError: <urllib3.connection.HTTPConnection object at 0x7ff069724790>: Failed to establish a new connection: [Errno -2] Name or service not known
elasticsearch: DEBUG: > None
--------------------- >> end captured logging << ---------------------

======================================================================
ERROR: test_request_same_document_twice (trr.tests.views.test_trr_mobile_viewset.TRRMobileViewSetTestCase)
----------------------------------------------------------------------
Traceback (most recent call last):
  File "/usr/src/app/cpdb/trr/tests/mixins.py", line 7, in setUp
    trr_index_alias.write_index.delete(ignore=404)
  File "/root/.cache/pypoetry/virtualenvs/cpdbv2-backend-VA82Wl8V-py3.7/lib/python3.7/site-packages/elasticsearch_dsl/index.py", line 222, in delete
    self.connection.indices.delete(index=self._name, **kwargs)
  File "/root/.cache/pypoetry/virtualenvs/cpdbv2-backend-VA82Wl8V-py3.7/lib/python3.7/site-packages/elasticsearch/client/utils.py", line 73, in _wrapped
    return func(*args, params=params, **kwargs)
  File "/root/.cache/pypoetry/virtualenvs/cpdbv2-backend-VA82Wl8V-py3.7/lib/python3.7/site-packages/elasticsearch/client/indices.py", line 200, in delete
    params=params)
  File "/root/.cache/pypoetry/virtualenvs/cpdbv2-backend-VA82Wl8V-py3.7/lib/python3.7/site-packages/elasticsearch/transport.py", line 312, in perform_request
    status, headers, data = connection.perform_request(method, url, params, body, ignore=ignore, timeout=timeout)
  File "/root/.cache/pypoetry/virtualenvs/cpdbv2-backend-VA82Wl8V-py3.7/lib/python3.7/site-packages/elasticsearch/connection/http_urllib3.py", line 124, in perform_request
    raise ConnectionError('N/A', str(e), e)
elasticsearch.exceptions.ConnectionError: ConnectionError(<urllib3.connection.HTTPConnection object at 0x7ff069724650>: Failed to establish a new connection: [Errno -2] Name or service not known) caused by: NewConnectionError(<urllib3.connection.HTTPConnection object at 0x7ff069724650>: Failed to establish a new connection: [Errno -2] Name or service not known)
-------------------- >> begin captured logging << --------------------
urllib3.util.retry: DEBUG: Converted retries value: False -> Retry(total=False, connect=None, read=None, redirect=0, status=None)
urllib3.connectionpool: DEBUG: Starting new HTTP connection (601): elasticsearch:9200
elasticsearch: WARNING: DELETE http://elasticsearch:9200/test_trr_c97d3965-996f-4fbb-b4a7-1038423423bd [status:N/A request:0.005s]
Traceback (most recent call last):
  File "/root/.cache/pypoetry/virtualenvs/cpdbv2-backend-VA82Wl8V-py3.7/lib/python3.7/site-packages/urllib3/connection.py", line 160, in _new_conn
    (self._dns_host, self.port), self.timeout, **extra_kw
  File "/root/.cache/pypoetry/virtualenvs/cpdbv2-backend-VA82Wl8V-py3.7/lib/python3.7/site-packages/urllib3/util/connection.py", line 61, in create_connection
    for res in socket.getaddrinfo(host, port, family, socket.SOCK_STREAM):
  File "/usr/local/lib/python3.7/socket.py", line 752, in getaddrinfo
    for res in _socket.getaddrinfo(host, port, family, type, proto, flags):
socket.gaierror: [Errno -2] Name or service not known

During handling of the above exception, another exception occurred:

Traceback (most recent call last):
  File "/root/.cache/pypoetry/virtualenvs/cpdbv2-backend-VA82Wl8V-py3.7/lib/python3.7/site-packages/elasticsearch/connection/http_urllib3.py", line 115, in perform_request
    response = self.pool.urlopen(method, url, body, retries=False, headers=self.headers, **kw)
  File "/root/.cache/pypoetry/virtualenvs/cpdbv2-backend-VA82Wl8V-py3.7/lib/python3.7/site-packages/urllib3/connectionpool.py", line 727, in urlopen
    method, url, error=e, _pool=self, _stacktrace=sys.exc_info()[2]
  File "/root/.cache/pypoetry/virtualenvs/cpdbv2-backend-VA82Wl8V-py3.7/lib/python3.7/site-packages/urllib3/util/retry.py", line 386, in increment
    raise six.reraise(type(error), error, _stacktrace)
  File "/root/.cache/pypoetry/virtualenvs/cpdbv2-backend-VA82Wl8V-py3.7/lib/python3.7/site-packages/urllib3/packages/six.py", line 735, in reraise
    raise value
  File "/root/.cache/pypoetry/virtualenvs/cpdbv2-backend-VA82Wl8V-py3.7/lib/python3.7/site-packages/urllib3/connectionpool.py", line 677, in urlopen
    chunked=chunked,
  File "/root/.cache/pypoetry/virtualenvs/cpdbv2-backend-VA82Wl8V-py3.7/lib/python3.7/site-packages/urllib3/connectionpool.py", line 392, in _make_request
    conn.request(method, url, **httplib_request_kw)
  File "/usr/local/lib/python3.7/http/client.py", line 1281, in request
    self._send_request(method, url, body, headers, encode_chunked)
  File "/usr/local/lib/python3.7/http/client.py", line 1327, in _send_request
    self.endheaders(body, encode_chunked=encode_chunked)
  File "/usr/local/lib/python3.7/http/client.py", line 1276, in endheaders
    self._send_output(message_body, encode_chunked=encode_chunked)
  File "/usr/local/lib/python3.7/http/client.py", line 1036, in _send_output
    self.send(msg)
  File "/usr/local/lib/python3.7/http/client.py", line 976, in send
    self.connect()
  File "/root/.cache/pypoetry/virtualenvs/cpdbv2-backend-VA82Wl8V-py3.7/lib/python3.7/site-packages/urllib3/connection.py", line 187, in connect
    conn = self._new_conn()
  File "/root/.cache/pypoetry/virtualenvs/cpdbv2-backend-VA82Wl8V-py3.7/lib/python3.7/site-packages/urllib3/connection.py", line 172, in _new_conn
    self, "Failed to establish a new connection: %s" % e
urllib3.exceptions.NewConnectionError: <urllib3.connection.HTTPConnection object at 0x7ff069724750>: Failed to establish a new connection: [Errno -2] Name or service not known
elasticsearch: DEBUG: > None
urllib3.util.retry: DEBUG: Converted retries value: False -> Retry(total=False, connect=None, read=None, redirect=0, status=None)
urllib3.connectionpool: DEBUG: Starting new HTTP connection (602): elasticsearch:9200
elasticsearch: WARNING: DELETE http://elasticsearch:9200/test_trr_c97d3965-996f-4fbb-b4a7-1038423423bd [status:N/A request:0.015s]
Traceback (most recent call last):
  File "/root/.cache/pypoetry/virtualenvs/cpdbv2-backend-VA82Wl8V-py3.7/lib/python3.7/site-packages/urllib3/connection.py", line 160, in _new_conn
    (self._dns_host, self.port), self.timeout, **extra_kw
  File "/root/.cache/pypoetry/virtualenvs/cpdbv2-backend-VA82Wl8V-py3.7/lib/python3.7/site-packages/urllib3/util/connection.py", line 61, in create_connection
    for res in socket.getaddrinfo(host, port, family, socket.SOCK_STREAM):
  File "/usr/local/lib/python3.7/socket.py", line 752, in getaddrinfo
    for res in _socket.getaddrinfo(host, port, family, type, proto, flags):
socket.gaierror: [Errno -2] Name or service not known

During handling of the above exception, another exception occurred:

Traceback (most recent call last):
  File "/root/.cache/pypoetry/virtualenvs/cpdbv2-backend-VA82Wl8V-py3.7/lib/python3.7/site-packages/elasticsearch/connection/http_urllib3.py", line 115, in perform_request
    response = self.pool.urlopen(method, url, body, retries=False, headers=self.headers, **kw)
  File "/root/.cache/pypoetry/virtualenvs/cpdbv2-backend-VA82Wl8V-py3.7/lib/python3.7/site-packages/urllib3/connectionpool.py", line 727, in urlopen
    method, url, error=e, _pool=self, _stacktrace=sys.exc_info()[2]
  File "/root/.cache/pypoetry/virtualenvs/cpdbv2-backend-VA82Wl8V-py3.7/lib/python3.7/site-packages/urllib3/util/retry.py", line 386, in increment
    raise six.reraise(type(error), error, _stacktrace)
  File "/root/.cache/pypoetry/virtualenvs/cpdbv2-backend-VA82Wl8V-py3.7/lib/python3.7/site-packages/urllib3/packages/six.py", line 735, in reraise
    raise value
  File "/root/.cache/pypoetry/virtualenvs/cpdbv2-backend-VA82Wl8V-py3.7/lib/python3.7/site-packages/urllib3/connectionpool.py", line 677, in urlopen
    chunked=chunked,
  File "/root/.cache/pypoetry/virtualenvs/cpdbv2-backend-VA82Wl8V-py3.7/lib/python3.7/site-packages/urllib3/connectionpool.py", line 392, in _make_request
    conn.request(method, url, **httplib_request_kw)
  File "/usr/local/lib/python3.7/http/client.py", line 1281, in request
    self._send_request(method, url, body, headers, encode_chunked)
  File "/usr/local/lib/python3.7/http/client.py", line 1327, in _send_request
    self.endheaders(body, encode_chunked=encode_chunked)
  File "/usr/local/lib/python3.7/http/client.py", line 1276, in endheaders
    self._send_output(message_body, encode_chunked=encode_chunked)
  File "/usr/local/lib/python3.7/http/client.py", line 1036, in _send_output
    self.send(msg)
  File "/usr/local/lib/python3.7/http/client.py", line 976, in send
    self.connect()
  File "/root/.cache/pypoetry/virtualenvs/cpdbv2-backend-VA82Wl8V-py3.7/lib/python3.7/site-packages/urllib3/connection.py", line 187, in connect
    conn = self._new_conn()
  File "/root/.cache/pypoetry/virtualenvs/cpdbv2-backend-VA82Wl8V-py3.7/lib/python3.7/site-packages/urllib3/connection.py", line 172, in _new_conn
    self, "Failed to establish a new connection: %s" % e
urllib3.exceptions.NewConnectionError: <urllib3.connection.HTTPConnection object at 0x7ff069724790>: Failed to establish a new connection: [Errno -2] Name or service not known
elasticsearch: DEBUG: > None
urllib3.util.retry: DEBUG: Converted retries value: False -> Retry(total=False, connect=None, read=None, redirect=0, status=None)
urllib3.connectionpool: DEBUG: Starting new HTTP connection (603): elasticsearch:9200
elasticsearch: WARNING: DELETE http://elasticsearch:9200/test_trr_c97d3965-996f-4fbb-b4a7-1038423423bd [status:N/A request:0.005s]
Traceback (most recent call last):
  File "/root/.cache/pypoetry/virtualenvs/cpdbv2-backend-VA82Wl8V-py3.7/lib/python3.7/site-packages/urllib3/connection.py", line 160, in _new_conn
    (self._dns_host, self.port), self.timeout, **extra_kw
  File "/root/.cache/pypoetry/virtualenvs/cpdbv2-backend-VA82Wl8V-py3.7/lib/python3.7/site-packages/urllib3/util/connection.py", line 61, in create_connection
    for res in socket.getaddrinfo(host, port, family, socket.SOCK_STREAM):
  File "/usr/local/lib/python3.7/socket.py", line 752, in getaddrinfo
    for res in _socket.getaddrinfo(host, port, family, type, proto, flags):
socket.gaierror: [Errno -2] Name or service not known

During handling of the above exception, another exception occurred:

Traceback (most recent call last):
  File "/root/.cache/pypoetry/virtualenvs/cpdbv2-backend-VA82Wl8V-py3.7/lib/python3.7/site-packages/elasticsearch/connection/http_urllib3.py", line 115, in perform_request
    response = self.pool.urlopen(method, url, body, retries=False, headers=self.headers, **kw)
  File "/root/.cache/pypoetry/virtualenvs/cpdbv2-backend-VA82Wl8V-py3.7/lib/python3.7/site-packages/urllib3/connectionpool.py", line 727, in urlopen
    method, url, error=e, _pool=self, _stacktrace=sys.exc_info()[2]
  File "/root/.cache/pypoetry/virtualenvs/cpdbv2-backend-VA82Wl8V-py3.7/lib/python3.7/site-packages/urllib3/util/retry.py", line 386, in increment
    raise six.reraise(type(error), error, _stacktrace)
  File "/root/.cache/pypoetry/virtualenvs/cpdbv2-backend-VA82Wl8V-py3.7/lib/python3.7/site-packages/urllib3/packages/six.py", line 735, in reraise
    raise value
  File "/root/.cache/pypoetry/virtualenvs/cpdbv2-backend-VA82Wl8V-py3.7/lib/python3.7/site-packages/urllib3/connectionpool.py", line 677, in urlopen
    chunked=chunked,
  File "/root/.cache/pypoetry/virtualenvs/cpdbv2-backend-VA82Wl8V-py3.7/lib/python3.7/site-packages/urllib3/connectionpool.py", line 392, in _make_request
    conn.request(method, url, **httplib_request_kw)
  File "/usr/local/lib/python3.7/http/client.py", line 1281, in request
    self._send_request(method, url, body, headers, encode_chunked)
  File "/usr/local/lib/python3.7/http/client.py", line 1327, in _send_request
    self.endheaders(body, encode_chunked=encode_chunked)
  File "/usr/local/lib/python3.7/http/client.py", line 1276, in endheaders
    self._send_output(message_body, encode_chunked=encode_chunked)
  File "/usr/local/lib/python3.7/http/client.py", line 1036, in _send_output
    self.send(msg)
  File "/usr/local/lib/python3.7/http/client.py", line 976, in send
    self.connect()
  File "/root/.cache/pypoetry/virtualenvs/cpdbv2-backend-VA82Wl8V-py3.7/lib/python3.7/site-packages/urllib3/connection.py", line 187, in connect
    conn = self._new_conn()
  File "/root/.cache/pypoetry/virtualenvs/cpdbv2-backend-VA82Wl8V-py3.7/lib/python3.7/site-packages/urllib3/connection.py", line 172, in _new_conn
    self, "Failed to establish a new connection: %s" % e
urllib3.exceptions.NewConnectionError: <urllib3.connection.HTTPConnection object at 0x7ff069724210>: Failed to establish a new connection: [Errno -2] Name or service not known
elasticsearch: DEBUG: > None
urllib3.util.retry: DEBUG: Converted retries value: False -> Retry(total=False, connect=None, read=None, redirect=0, status=None)
urllib3.connectionpool: DEBUG: Starting new HTTP connection (604): elasticsearch:9200
elasticsearch: WARNING: DELETE http://elasticsearch:9200/test_trr_c97d3965-996f-4fbb-b4a7-1038423423bd [status:N/A request:0.005s]
Traceback (most recent call last):
  File "/root/.cache/pypoetry/virtualenvs/cpdbv2-backend-VA82Wl8V-py3.7/lib/python3.7/site-packages/urllib3/connection.py", line 160, in _new_conn
    (self._dns_host, self.port), self.timeout, **extra_kw
  File "/root/.cache/pypoetry/virtualenvs/cpdbv2-backend-VA82Wl8V-py3.7/lib/python3.7/site-packages/urllib3/util/connection.py", line 61, in create_connection
    for res in socket.getaddrinfo(host, port, family, socket.SOCK_STREAM):
  File "/usr/local/lib/python3.7/socket.py", line 752, in getaddrinfo
    for res in _socket.getaddrinfo(host, port, family, type, proto, flags):
socket.gaierror: [Errno -2] Name or service not known

During handling of the above exception, another exception occurred:

Traceback (most recent call last):
  File "/root/.cache/pypoetry/virtualenvs/cpdbv2-backend-VA82Wl8V-py3.7/lib/python3.7/site-packages/elasticsearch/connection/http_urllib3.py", line 115, in perform_request
    response = self.pool.urlopen(method, url, body, retries=False, headers=self.headers, **kw)
  File "/root/.cache/pypoetry/virtualenvs/cpdbv2-backend-VA82Wl8V-py3.7/lib/python3.7/site-packages/urllib3/connectionpool.py", line 727, in urlopen
    method, url, error=e, _pool=self, _stacktrace=sys.exc_info()[2]
  File "/root/.cache/pypoetry/virtualenvs/cpdbv2-backend-VA82Wl8V-py3.7/lib/python3.7/site-packages/urllib3/util/retry.py", line 386, in increment
    raise six.reraise(type(error), error, _stacktrace)
  File "/root/.cache/pypoetry/virtualenvs/cpdbv2-backend-VA82Wl8V-py3.7/lib/python3.7/site-packages/urllib3/packages/six.py", line 735, in reraise
    raise value
  File "/root/.cache/pypoetry/virtualenvs/cpdbv2-backend-VA82Wl8V-py3.7/lib/python3.7/site-packages/urllib3/connectionpool.py", line 677, in urlopen
    chunked=chunked,
  File "/root/.cache/pypoetry/virtualenvs/cpdbv2-backend-VA82Wl8V-py3.7/lib/python3.7/site-packages/urllib3/connectionpool.py", line 392, in _make_request
    conn.request(method, url, **httplib_request_kw)
  File "/usr/local/lib/python3.7/http/client.py", line 1281, in request
    self._send_request(method, url, body, headers, encode_chunked)
  File "/usr/local/lib/python3.7/http/client.py", line 1327, in _send_request
    self.endheaders(body, encode_chunked=encode_chunked)
  File "/usr/local/lib/python3.7/http/client.py", line 1276, in endheaders
    self._send_output(message_body, encode_chunked=encode_chunked)
  File "/usr/local/lib/python3.7/http/client.py", line 1036, in _send_output
    self.send(msg)
  File "/usr/local/lib/python3.7/http/client.py", line 976, in send
    self.connect()
  File "/root/.cache/pypoetry/virtualenvs/cpdbv2-backend-VA82Wl8V-py3.7/lib/python3.7/site-packages/urllib3/connection.py", line 187, in connect
    conn = self._new_conn()
  File "/root/.cache/pypoetry/virtualenvs/cpdbv2-backend-VA82Wl8V-py3.7/lib/python3.7/site-packages/urllib3/connection.py", line 172, in _new_conn
    self, "Failed to establish a new connection: %s" % e
urllib3.exceptions.NewConnectionError: <urllib3.connection.HTTPConnection object at 0x7ff069724650>: Failed to establish a new connection: [Errno -2] Name or service not known
elasticsearch: DEBUG: > None
--------------------- >> end captured logging << ---------------------

======================================================================
ERROR: test_retrieve (trr.tests.views.test_trr_mobile_viewset.TRRMobileViewSetTestCase)
----------------------------------------------------------------------
Traceback (most recent call last):
  File "/usr/src/app/cpdb/trr/tests/mixins.py", line 7, in setUp
    trr_index_alias.write_index.delete(ignore=404)
  File "/root/.cache/pypoetry/virtualenvs/cpdbv2-backend-VA82Wl8V-py3.7/lib/python3.7/site-packages/elasticsearch_dsl/index.py", line 222, in delete
    self.connection.indices.delete(index=self._name, **kwargs)
  File "/root/.cache/pypoetry/virtualenvs/cpdbv2-backend-VA82Wl8V-py3.7/lib/python3.7/site-packages/elasticsearch/client/utils.py", line 73, in _wrapped
    return func(*args, params=params, **kwargs)
  File "/root/.cache/pypoetry/virtualenvs/cpdbv2-backend-VA82Wl8V-py3.7/lib/python3.7/site-packages/elasticsearch/client/indices.py", line 200, in delete
    params=params)
  File "/root/.cache/pypoetry/virtualenvs/cpdbv2-backend-VA82Wl8V-py3.7/lib/python3.7/site-packages/elasticsearch/transport.py", line 312, in perform_request
    status, headers, data = connection.perform_request(method, url, params, body, ignore=ignore, timeout=timeout)
  File "/root/.cache/pypoetry/virtualenvs/cpdbv2-backend-VA82Wl8V-py3.7/lib/python3.7/site-packages/elasticsearch/connection/http_urllib3.py", line 124, in perform_request
    raise ConnectionError('N/A', str(e), e)
elasticsearch.exceptions.ConnectionError: ConnectionError(<urllib3.connection.HTTPConnection object at 0x7ff069126a50>: Failed to establish a new connection: [Errno -2] Name or service not known) caused by: NewConnectionError(<urllib3.connection.HTTPConnection object at 0x7ff069126a50>: Failed to establish a new connection: [Errno -2] Name or service not known)
-------------------- >> begin captured logging << --------------------
urllib3.util.retry: DEBUG: Converted retries value: False -> Retry(total=False, connect=None, read=None, redirect=0, status=None)
urllib3.connectionpool: DEBUG: Starting new HTTP connection (605): elasticsearch:9200
elasticsearch: WARNING: DELETE http://elasticsearch:9200/test_trr_c97d3965-996f-4fbb-b4a7-1038423423bd [status:N/A request:0.006s]
Traceback (most recent call last):
  File "/root/.cache/pypoetry/virtualenvs/cpdbv2-backend-VA82Wl8V-py3.7/lib/python3.7/site-packages/urllib3/connection.py", line 160, in _new_conn
    (self._dns_host, self.port), self.timeout, **extra_kw
  File "/root/.cache/pypoetry/virtualenvs/cpdbv2-backend-VA82Wl8V-py3.7/lib/python3.7/site-packages/urllib3/util/connection.py", line 61, in create_connection
    for res in socket.getaddrinfo(host, port, family, socket.SOCK_STREAM):
  File "/usr/local/lib/python3.7/socket.py", line 752, in getaddrinfo
    for res in _socket.getaddrinfo(host, port, family, type, proto, flags):
socket.gaierror: [Errno -2] Name or service not known

During handling of the above exception, another exception occurred:

Traceback (most recent call last):
  File "/root/.cache/pypoetry/virtualenvs/cpdbv2-backend-VA82Wl8V-py3.7/lib/python3.7/site-packages/elasticsearch/connection/http_urllib3.py", line 115, in perform_request
    response = self.pool.urlopen(method, url, body, retries=False, headers=self.headers, **kw)
  File "/root/.cache/pypoetry/virtualenvs/cpdbv2-backend-VA82Wl8V-py3.7/lib/python3.7/site-packages/urllib3/connectionpool.py", line 727, in urlopen
    method, url, error=e, _pool=self, _stacktrace=sys.exc_info()[2]
  File "/root/.cache/pypoetry/virtualenvs/cpdbv2-backend-VA82Wl8V-py3.7/lib/python3.7/site-packages/urllib3/util/retry.py", line 386, in increment
    raise six.reraise(type(error), error, _stacktrace)
  File "/root/.cache/pypoetry/virtualenvs/cpdbv2-backend-VA82Wl8V-py3.7/lib/python3.7/site-packages/urllib3/packages/six.py", line 735, in reraise
    raise value
  File "/root/.cache/pypoetry/virtualenvs/cpdbv2-backend-VA82Wl8V-py3.7/lib/python3.7/site-packages/urllib3/connectionpool.py", line 677, in urlopen
    chunked=chunked,
  File "/root/.cache/pypoetry/virtualenvs/cpdbv2-backend-VA82Wl8V-py3.7/lib/python3.7/site-packages/urllib3/connectionpool.py", line 392, in _make_request
    conn.request(method, url, **httplib_request_kw)
  File "/usr/local/lib/python3.7/http/client.py", line 1281, in request
    self._send_request(method, url, body, headers, encode_chunked)
  File "/usr/local/lib/python3.7/http/client.py", line 1327, in _send_request
    self.endheaders(body, encode_chunked=encode_chunked)
  File "/usr/local/lib/python3.7/http/client.py", line 1276, in endheaders
    self._send_output(message_body, encode_chunked=encode_chunked)
  File "/usr/local/lib/python3.7/http/client.py", line 1036, in _send_output
    self.send(msg)
  File "/usr/local/lib/python3.7/http/client.py", line 976, in send
    self.connect()
  File "/root/.cache/pypoetry/virtualenvs/cpdbv2-backend-VA82Wl8V-py3.7/lib/python3.7/site-packages/urllib3/connection.py", line 187, in connect
    conn = self._new_conn()
  File "/root/.cache/pypoetry/virtualenvs/cpdbv2-backend-VA82Wl8V-py3.7/lib/python3.7/site-packages/urllib3/connection.py", line 172, in _new_conn
    self, "Failed to establish a new connection: %s" % e
urllib3.exceptions.NewConnectionError: <urllib3.connection.HTTPConnection object at 0x7ff0697241d0>: Failed to establish a new connection: [Errno -2] Name or service not known
elasticsearch: DEBUG: > None
urllib3.util.retry: DEBUG: Converted retries value: False -> Retry(total=False, connect=None, read=None, redirect=0, status=None)
urllib3.connectionpool: DEBUG: Starting new HTTP connection (606): elasticsearch:9200
elasticsearch: WARNING: DELETE http://elasticsearch:9200/test_trr_c97d3965-996f-4fbb-b4a7-1038423423bd [status:N/A request:0.005s]
Traceback (most recent call last):
  File "/root/.cache/pypoetry/virtualenvs/cpdbv2-backend-VA82Wl8V-py3.7/lib/python3.7/site-packages/urllib3/connection.py", line 160, in _new_conn
    (self._dns_host, self.port), self.timeout, **extra_kw
  File "/root/.cache/pypoetry/virtualenvs/cpdbv2-backend-VA82Wl8V-py3.7/lib/python3.7/site-packages/urllib3/util/connection.py", line 61, in create_connection
    for res in socket.getaddrinfo(host, port, family, socket.SOCK_STREAM):
  File "/usr/local/lib/python3.7/socket.py", line 752, in getaddrinfo
    for res in _socket.getaddrinfo(host, port, family, type, proto, flags):
socket.gaierror: [Errno -2] Name or service not known

During handling of the above exception, another exception occurred:

Traceback (most recent call last):
  File "/root/.cache/pypoetry/virtualenvs/cpdbv2-backend-VA82Wl8V-py3.7/lib/python3.7/site-packages/elasticsearch/connection/http_urllib3.py", line 115, in perform_request
    response = self.pool.urlopen(method, url, body, retries=False, headers=self.headers, **kw)
  File "/root/.cache/pypoetry/virtualenvs/cpdbv2-backend-VA82Wl8V-py3.7/lib/python3.7/site-packages/urllib3/connectionpool.py", line 727, in urlopen
    method, url, error=e, _pool=self, _stacktrace=sys.exc_info()[2]
  File "/root/.cache/pypoetry/virtualenvs/cpdbv2-backend-VA82Wl8V-py3.7/lib/python3.7/site-packages/urllib3/util/retry.py", line 386, in increment
    raise six.reraise(type(error), error, _stacktrace)
  File "/root/.cache/pypoetry/virtualenvs/cpdbv2-backend-VA82Wl8V-py3.7/lib/python3.7/site-packages/urllib3/packages/six.py", line 735, in reraise
    raise value
  File "/root/.cache/pypoetry/virtualenvs/cpdbv2-backend-VA82Wl8V-py3.7/lib/python3.7/site-packages/urllib3/connectionpool.py", line 677, in urlopen
    chunked=chunked,
  File "/root/.cache/pypoetry/virtualenvs/cpdbv2-backend-VA82Wl8V-py3.7/lib/python3.7/site-packages/urllib3/connectionpool.py", line 392, in _make_request
    conn.request(method, url, **httplib_request_kw)
  File "/usr/local/lib/python3.7/http/client.py", line 1281, in request
    self._send_request(method, url, body, headers, encode_chunked)
  File "/usr/local/lib/python3.7/http/client.py", line 1327, in _send_request
    self.endheaders(body, encode_chunked=encode_chunked)
  File "/usr/local/lib/python3.7/http/client.py", line 1276, in endheaders
    self._send_output(message_body, encode_chunked=encode_chunked)
  File "/usr/local/lib/python3.7/http/client.py", line 1036, in _send_output
    self.send(msg)
  File "/usr/local/lib/python3.7/http/client.py", line 976, in send
    self.connect()
  File "/root/.cache/pypoetry/virtualenvs/cpdbv2-backend-VA82Wl8V-py3.7/lib/python3.7/site-packages/urllib3/connection.py", line 187, in connect
    conn = self._new_conn()
  File "/root/.cache/pypoetry/virtualenvs/cpdbv2-backend-VA82Wl8V-py3.7/lib/python3.7/site-packages/urllib3/connection.py", line 172, in _new_conn
    self, "Failed to establish a new connection: %s" % e
urllib3.exceptions.NewConnectionError: <urllib3.connection.HTTPConnection object at 0x7ff06918b5d0>: Failed to establish a new connection: [Errno -2] Name or service not known
elasticsearch: DEBUG: > None
urllib3.util.retry: DEBUG: Converted retries value: False -> Retry(total=False, connect=None, read=None, redirect=0, status=None)
urllib3.connectionpool: DEBUG: Starting new HTTP connection (607): elasticsearch:9200
elasticsearch: WARNING: DELETE http://elasticsearch:9200/test_trr_c97d3965-996f-4fbb-b4a7-1038423423bd [status:N/A request:0.004s]
Traceback (most recent call last):
  File "/root/.cache/pypoetry/virtualenvs/cpdbv2-backend-VA82Wl8V-py3.7/lib/python3.7/site-packages/urllib3/connection.py", line 160, in _new_conn
    (self._dns_host, self.port), self.timeout, **extra_kw
  File "/root/.cache/pypoetry/virtualenvs/cpdbv2-backend-VA82Wl8V-py3.7/lib/python3.7/site-packages/urllib3/util/connection.py", line 61, in create_connection
    for res in socket.getaddrinfo(host, port, family, socket.SOCK_STREAM):
  File "/usr/local/lib/python3.7/socket.py", line 752, in getaddrinfo
    for res in _socket.getaddrinfo(host, port, family, type, proto, flags):
socket.gaierror: [Errno -2] Name or service not known

During handling of the above exception, another exception occurred:

Traceback (most recent call last):
  File "/root/.cache/pypoetry/virtualenvs/cpdbv2-backend-VA82Wl8V-py3.7/lib/python3.7/site-packages/elasticsearch/connection/http_urllib3.py", line 115, in perform_request
    response = self.pool.urlopen(method, url, body, retries=False, headers=self.headers, **kw)
  File "/root/.cache/pypoetry/virtualenvs/cpdbv2-backend-VA82Wl8V-py3.7/lib/python3.7/site-packages/urllib3/connectionpool.py", line 727, in urlopen
    method, url, error=e, _pool=self, _stacktrace=sys.exc_info()[2]
  File "/root/.cache/pypoetry/virtualenvs/cpdbv2-backend-VA82Wl8V-py3.7/lib/python3.7/site-packages/urllib3/util/retry.py", line 386, in increment
    raise six.reraise(type(error), error, _stacktrace)
  File "/root/.cache/pypoetry/virtualenvs/cpdbv2-backend-VA82Wl8V-py3.7/lib/python3.7/site-packages/urllib3/packages/six.py", line 735, in reraise
    raise value
  File "/root/.cache/pypoetry/virtualenvs/cpdbv2-backend-VA82Wl8V-py3.7/lib/python3.7/site-packages/urllib3/connectionpool.py", line 677, in urlopen
    chunked=chunked,
  File "/root/.cache/pypoetry/virtualenvs/cpdbv2-backend-VA82Wl8V-py3.7/lib/python3.7/site-packages/urllib3/connectionpool.py", line 392, in _make_request
    conn.request(method, url, **httplib_request_kw)
  File "/usr/local/lib/python3.7/http/client.py", line 1281, in request
    self._send_request(method, url, body, headers, encode_chunked)
  File "/usr/local/lib/python3.7/http/client.py", line 1327, in _send_request
    self.endheaders(body, encode_chunked=encode_chunked)
  File "/usr/local/lib/python3.7/http/client.py", line 1276, in endheaders
    self._send_output(message_body, encode_chunked=encode_chunked)
  File "/usr/local/lib/python3.7/http/client.py", line 1036, in _send_output
    self.send(msg)
  File "/usr/local/lib/python3.7/http/client.py", line 976, in send
    self.connect()
  File "/root/.cache/pypoetry/virtualenvs/cpdbv2-backend-VA82Wl8V-py3.7/lib/python3.7/site-packages/urllib3/connection.py", line 187, in connect
    conn = self._new_conn()
  File "/root/.cache/pypoetry/virtualenvs/cpdbv2-backend-VA82Wl8V-py3.7/lib/python3.7/site-packages/urllib3/connection.py", line 172, in _new_conn
    self, "Failed to establish a new connection: %s" % e
urllib3.exceptions.NewConnectionError: <urllib3.connection.HTTPConnection object at 0x7ff069126090>: Failed to establish a new connection: [Errno -2] Name or service not known
elasticsearch: DEBUG: > None
urllib3.util.retry: DEBUG: Converted retries value: False -> Retry(total=False, connect=None, read=None, redirect=0, status=None)
urllib3.connectionpool: DEBUG: Starting new HTTP connection (608): elasticsearch:9200
elasticsearch: WARNING: DELETE http://elasticsearch:9200/test_trr_c97d3965-996f-4fbb-b4a7-1038423423bd [status:N/A request:0.004s]
Traceback (most recent call last):
  File "/root/.cache/pypoetry/virtualenvs/cpdbv2-backend-VA82Wl8V-py3.7/lib/python3.7/site-packages/urllib3/connection.py", line 160, in _new_conn
    (self._dns_host, self.port), self.timeout, **extra_kw
  File "/root/.cache/pypoetry/virtualenvs/cpdbv2-backend-VA82Wl8V-py3.7/lib/python3.7/site-packages/urllib3/util/connection.py", line 61, in create_connection
    for res in socket.getaddrinfo(host, port, family, socket.SOCK_STREAM):
  File "/usr/local/lib/python3.7/socket.py", line 752, in getaddrinfo
    for res in _socket.getaddrinfo(host, port, family, type, proto, flags):
socket.gaierror: [Errno -2] Name or service not known

During handling of the above exception, another exception occurred:

Traceback (most recent call last):
  File "/root/.cache/pypoetry/virtualenvs/cpdbv2-backend-VA82Wl8V-py3.7/lib/python3.7/site-packages/elasticsearch/connection/http_urllib3.py", line 115, in perform_request
    response = self.pool.urlopen(method, url, body, retries=False, headers=self.headers, **kw)
  File "/root/.cache/pypoetry/virtualenvs/cpdbv2-backend-VA82Wl8V-py3.7/lib/python3.7/site-packages/urllib3/connectionpool.py", line 727, in urlopen
    method, url, error=e, _pool=self, _stacktrace=sys.exc_info()[2]
  File "/root/.cache/pypoetry/virtualenvs/cpdbv2-backend-VA82Wl8V-py3.7/lib/python3.7/site-packages/urllib3/util/retry.py", line 386, in increment
    raise six.reraise(type(error), error, _stacktrace)
  File "/root/.cache/pypoetry/virtualenvs/cpdbv2-backend-VA82Wl8V-py3.7/lib/python3.7/site-packages/urllib3/packages/six.py", line 735, in reraise
    raise value
  File "/root/.cache/pypoetry/virtualenvs/cpdbv2-backend-VA82Wl8V-py3.7/lib/python3.7/site-packages/urllib3/connectionpool.py", line 677, in urlopen
    chunked=chunked,
  File "/root/.cache/pypoetry/virtualenvs/cpdbv2-backend-VA82Wl8V-py3.7/lib/python3.7/site-packages/urllib3/connectionpool.py", line 392, in _make_request
    conn.request(method, url, **httplib_request_kw)
  File "/usr/local/lib/python3.7/http/client.py", line 1281, in request
    self._send_request(method, url, body, headers, encode_chunked)
  File "/usr/local/lib/python3.7/http/client.py", line 1327, in _send_request
    self.endheaders(body, encode_chunked=encode_chunked)
  File "/usr/local/lib/python3.7/http/client.py", line 1276, in endheaders
    self._send_output(message_body, encode_chunked=encode_chunked)
  File "/usr/local/lib/python3.7/http/client.py", line 1036, in _send_output
    self.send(msg)
  File "/usr/local/lib/python3.7/http/client.py", line 976, in send
    self.connect()
  File "/root/.cache/pypoetry/virtualenvs/cpdbv2-backend-VA82Wl8V-py3.7/lib/python3.7/site-packages/urllib3/connection.py", line 187, in connect
    conn = self._new_conn()
  File "/root/.cache/pypoetry/virtualenvs/cpdbv2-backend-VA82Wl8V-py3.7/lib/python3.7/site-packages/urllib3/connection.py", line 172, in _new_conn
    self, "Failed to establish a new connection: %s" % e
urllib3.exceptions.NewConnectionError: <urllib3.connection.HTTPConnection object at 0x7ff069126a50>: Failed to establish a new connection: [Errno -2] Name or service not known
elasticsearch: DEBUG: > None
--------------------- >> end captured logging << ---------------------

======================================================================
ERROR: test_retrieve_not_found (trr.tests.views.test_trr_mobile_viewset.TRRMobileViewSetTestCase)
----------------------------------------------------------------------
Traceback (most recent call last):
  File "/usr/src/app/cpdb/trr/tests/mixins.py", line 7, in setUp
    trr_index_alias.write_index.delete(ignore=404)
  File "/root/.cache/pypoetry/virtualenvs/cpdbv2-backend-VA82Wl8V-py3.7/lib/python3.7/site-packages/elasticsearch_dsl/index.py", line 222, in delete
    self.connection.indices.delete(index=self._name, **kwargs)
  File "/root/.cache/pypoetry/virtualenvs/cpdbv2-backend-VA82Wl8V-py3.7/lib/python3.7/site-packages/elasticsearch/client/utils.py", line 73, in _wrapped
    return func(*args, params=params, **kwargs)
  File "/root/.cache/pypoetry/virtualenvs/cpdbv2-backend-VA82Wl8V-py3.7/lib/python3.7/site-packages/elasticsearch/client/indices.py", line 200, in delete
    params=params)
  File "/root/.cache/pypoetry/virtualenvs/cpdbv2-backend-VA82Wl8V-py3.7/lib/python3.7/site-packages/elasticsearch/transport.py", line 312, in perform_request
    status, headers, data = connection.perform_request(method, url, params, body, ignore=ignore, timeout=timeout)
  File "/root/.cache/pypoetry/virtualenvs/cpdbv2-backend-VA82Wl8V-py3.7/lib/python3.7/site-packages/elasticsearch/connection/http_urllib3.py", line 124, in perform_request
    raise ConnectionError('N/A', str(e), e)
elasticsearch.exceptions.ConnectionError: ConnectionError(<urllib3.connection.HTTPConnection object at 0x7ff0694c6110>: Failed to establish a new connection: [Errno -2] Name or service not known) caused by: NewConnectionError(<urllib3.connection.HTTPConnection object at 0x7ff0694c6110>: Failed to establish a new connection: [Errno -2] Name or service not known)
-------------------- >> begin captured logging << --------------------
urllib3.util.retry: DEBUG: Converted retries value: False -> Retry(total=False, connect=None, read=None, redirect=0, status=None)
urllib3.connectionpool: DEBUG: Starting new HTTP connection (609): elasticsearch:9200
elasticsearch: WARNING: DELETE http://elasticsearch:9200/test_trr_c97d3965-996f-4fbb-b4a7-1038423423bd [status:N/A request:0.005s]
Traceback (most recent call last):
  File "/root/.cache/pypoetry/virtualenvs/cpdbv2-backend-VA82Wl8V-py3.7/lib/python3.7/site-packages/urllib3/connection.py", line 160, in _new_conn
    (self._dns_host, self.port), self.timeout, **extra_kw
  File "/root/.cache/pypoetry/virtualenvs/cpdbv2-backend-VA82Wl8V-py3.7/lib/python3.7/site-packages/urllib3/util/connection.py", line 61, in create_connection
    for res in socket.getaddrinfo(host, port, family, socket.SOCK_STREAM):
  File "/usr/local/lib/python3.7/socket.py", line 752, in getaddrinfo
    for res in _socket.getaddrinfo(host, port, family, type, proto, flags):
socket.gaierror: [Errno -2] Name or service not known

During handling of the above exception, another exception occurred:

Traceback (most recent call last):
  File "/root/.cache/pypoetry/virtualenvs/cpdbv2-backend-VA82Wl8V-py3.7/lib/python3.7/site-packages/elasticsearch/connection/http_urllib3.py", line 115, in perform_request
    response = self.pool.urlopen(method, url, body, retries=False, headers=self.headers, **kw)
  File "/root/.cache/pypoetry/virtualenvs/cpdbv2-backend-VA82Wl8V-py3.7/lib/python3.7/site-packages/urllib3/connectionpool.py", line 727, in urlopen
    method, url, error=e, _pool=self, _stacktrace=sys.exc_info()[2]
  File "/root/.cache/pypoetry/virtualenvs/cpdbv2-backend-VA82Wl8V-py3.7/lib/python3.7/site-packages/urllib3/util/retry.py", line 386, in increment
    raise six.reraise(type(error), error, _stacktrace)
  File "/root/.cache/pypoetry/virtualenvs/cpdbv2-backend-VA82Wl8V-py3.7/lib/python3.7/site-packages/urllib3/packages/six.py", line 735, in reraise
    raise value
  File "/root/.cache/pypoetry/virtualenvs/cpdbv2-backend-VA82Wl8V-py3.7/lib/python3.7/site-packages/urllib3/connectionpool.py", line 677, in urlopen
    chunked=chunked,
  File "/root/.cache/pypoetry/virtualenvs/cpdbv2-backend-VA82Wl8V-py3.7/lib/python3.7/site-packages/urllib3/connectionpool.py", line 392, in _make_request
    conn.request(method, url, **httplib_request_kw)
  File "/usr/local/lib/python3.7/http/client.py", line 1281, in request
    self._send_request(method, url, body, headers, encode_chunked)
  File "/usr/local/lib/python3.7/http/client.py", line 1327, in _send_request
    self.endheaders(body, encode_chunked=encode_chunked)
  File "/usr/local/lib/python3.7/http/client.py", line 1276, in endheaders
    self._send_output(message_body, encode_chunked=encode_chunked)
  File "/usr/local/lib/python3.7/http/client.py", line 1036, in _send_output
    self.send(msg)
  File "/usr/local/lib/python3.7/http/client.py", line 976, in send
    self.connect()
  File "/root/.cache/pypoetry/virtualenvs/cpdbv2-backend-VA82Wl8V-py3.7/lib/python3.7/site-packages/urllib3/connection.py", line 187, in connect
    conn = self._new_conn()
  File "/root/.cache/pypoetry/virtualenvs/cpdbv2-backend-VA82Wl8V-py3.7/lib/python3.7/site-packages/urllib3/connection.py", line 172, in _new_conn
    self, "Failed to establish a new connection: %s" % e
urllib3.exceptions.NewConnectionError: <urllib3.connection.HTTPConnection object at 0x7ff069ba15d0>: Failed to establish a new connection: [Errno -2] Name or service not known
elasticsearch: DEBUG: > None
urllib3.util.retry: DEBUG: Converted retries value: False -> Retry(total=False, connect=None, read=None, redirect=0, status=None)
urllib3.connectionpool: DEBUG: Starting new HTTP connection (610): elasticsearch:9200
elasticsearch: WARNING: DELETE http://elasticsearch:9200/test_trr_c97d3965-996f-4fbb-b4a7-1038423423bd [status:N/A request:0.004s]
Traceback (most recent call last):
  File "/root/.cache/pypoetry/virtualenvs/cpdbv2-backend-VA82Wl8V-py3.7/lib/python3.7/site-packages/urllib3/connection.py", line 160, in _new_conn
    (self._dns_host, self.port), self.timeout, **extra_kw
  File "/root/.cache/pypoetry/virtualenvs/cpdbv2-backend-VA82Wl8V-py3.7/lib/python3.7/site-packages/urllib3/util/connection.py", line 61, in create_connection
    for res in socket.getaddrinfo(host, port, family, socket.SOCK_STREAM):
  File "/usr/local/lib/python3.7/socket.py", line 752, in getaddrinfo
    for res in _socket.getaddrinfo(host, port, family, type, proto, flags):
socket.gaierror: [Errno -2] Name or service not known

During handling of the above exception, another exception occurred:

Traceback (most recent call last):
  File "/root/.cache/pypoetry/virtualenvs/cpdbv2-backend-VA82Wl8V-py3.7/lib/python3.7/site-packages/elasticsearch/connection/http_urllib3.py", line 115, in perform_request
    response = self.pool.urlopen(method, url, body, retries=False, headers=self.headers, **kw)
  File "/root/.cache/pypoetry/virtualenvs/cpdbv2-backend-VA82Wl8V-py3.7/lib/python3.7/site-packages/urllib3/connectionpool.py", line 727, in urlopen
    method, url, error=e, _pool=self, _stacktrace=sys.exc_info()[2]
  File "/root/.cache/pypoetry/virtualenvs/cpdbv2-backend-VA82Wl8V-py3.7/lib/python3.7/site-packages/urllib3/util/retry.py", line 386, in increment
    raise six.reraise(type(error), error, _stacktrace)
  File "/root/.cache/pypoetry/virtualenvs/cpdbv2-backend-VA82Wl8V-py3.7/lib/python3.7/site-packages/urllib3/packages/six.py", line 735, in reraise
    raise value
  File "/root/.cache/pypoetry/virtualenvs/cpdbv2-backend-VA82Wl8V-py3.7/lib/python3.7/site-packages/urllib3/connectionpool.py", line 677, in urlopen
    chunked=chunked,
  File "/root/.cache/pypoetry/virtualenvs/cpdbv2-backend-VA82Wl8V-py3.7/lib/python3.7/site-packages/urllib3/connectionpool.py", line 392, in _make_request
    conn.request(method, url, **httplib_request_kw)
  File "/usr/local/lib/python3.7/http/client.py", line 1281, in request
    self._send_request(method, url, body, headers, encode_chunked)
  File "/usr/local/lib/python3.7/http/client.py", line 1327, in _send_request
    self.endheaders(body, encode_chunked=encode_chunked)
  File "/usr/local/lib/python3.7/http/client.py", line 1276, in endheaders
    self._send_output(message_body, encode_chunked=encode_chunked)
  File "/usr/local/lib/python3.7/http/client.py", line 1036, in _send_output
    self.send(msg)
  File "/usr/local/lib/python3.7/http/client.py", line 976, in send
    self.connect()
  File "/root/.cache/pypoetry/virtualenvs/cpdbv2-backend-VA82Wl8V-py3.7/lib/python3.7/site-packages/urllib3/connection.py", line 187, in connect
    conn = self._new_conn()
  File "/root/.cache/pypoetry/virtualenvs/cpdbv2-backend-VA82Wl8V-py3.7/lib/python3.7/site-packages/urllib3/connection.py", line 172, in _new_conn
    self, "Failed to establish a new connection: %s" % e
urllib3.exceptions.NewConnectionError: <urllib3.connection.HTTPConnection object at 0x7ff069281450>: Failed to establish a new connection: [Errno -2] Name or service not known
elasticsearch: DEBUG: > None
urllib3.util.retry: DEBUG: Converted retries value: False -> Retry(total=False, connect=None, read=None, redirect=0, status=None)
urllib3.connectionpool: DEBUG: Starting new HTTP connection (611): elasticsearch:9200
elasticsearch: WARNING: DELETE http://elasticsearch:9200/test_trr_c97d3965-996f-4fbb-b4a7-1038423423bd [status:N/A request:0.004s]
Traceback (most recent call last):
  File "/root/.cache/pypoetry/virtualenvs/cpdbv2-backend-VA82Wl8V-py3.7/lib/python3.7/site-packages/urllib3/connection.py", line 160, in _new_conn
    (self._dns_host, self.port), self.timeout, **extra_kw
  File "/root/.cache/pypoetry/virtualenvs/cpdbv2-backend-VA82Wl8V-py3.7/lib/python3.7/site-packages/urllib3/util/connection.py", line 61, in create_connection
    for res in socket.getaddrinfo(host, port, family, socket.SOCK_STREAM):
  File "/usr/local/lib/python3.7/socket.py", line 752, in getaddrinfo
    for res in _socket.getaddrinfo(host, port, family, type, proto, flags):
socket.gaierror: [Errno -2] Name or service not known

During handling of the above exception, another exception occurred:

Traceback (most recent call last):
  File "/root/.cache/pypoetry/virtualenvs/cpdbv2-backend-VA82Wl8V-py3.7/lib/python3.7/site-packages/elasticsearch/connection/http_urllib3.py", line 115, in perform_request
    response = self.pool.urlopen(method, url, body, retries=False, headers=self.headers, **kw)
  File "/root/.cache/pypoetry/virtualenvs/cpdbv2-backend-VA82Wl8V-py3.7/lib/python3.7/site-packages/urllib3/connectionpool.py", line 727, in urlopen
    method, url, error=e, _pool=self, _stacktrace=sys.exc_info()[2]
  File "/root/.cache/pypoetry/virtualenvs/cpdbv2-backend-VA82Wl8V-py3.7/lib/python3.7/site-packages/urllib3/util/retry.py", line 386, in increment
    raise six.reraise(type(error), error, _stacktrace)
  File "/root/.cache/pypoetry/virtualenvs/cpdbv2-backend-VA82Wl8V-py3.7/lib/python3.7/site-packages/urllib3/packages/six.py", line 735, in reraise
    raise value
  File "/root/.cache/pypoetry/virtualenvs/cpdbv2-backend-VA82Wl8V-py3.7/lib/python3.7/site-packages/urllib3/connectionpool.py", line 677, in urlopen
    chunked=chunked,
  File "/root/.cache/pypoetry/virtualenvs/cpdbv2-backend-VA82Wl8V-py3.7/lib/python3.7/site-packages/urllib3/connectionpool.py", line 392, in _make_request
    conn.request(method, url, **httplib_request_kw)
  File "/usr/local/lib/python3.7/http/client.py", line 1281, in request
    self._send_request(method, url, body, headers, encode_chunked)
  File "/usr/local/lib/python3.7/http/client.py", line 1327, in _send_request
    self.endheaders(body, encode_chunked=encode_chunked)
  File "/usr/local/lib/python3.7/http/client.py", line 1276, in endheaders
    self._send_output(message_body, encode_chunked=encode_chunked)
  File "/usr/local/lib/python3.7/http/client.py", line 1036, in _send_output
    self.send(msg)
  File "/usr/local/lib/python3.7/http/client.py", line 976, in send
    self.connect()
  File "/root/.cache/pypoetry/virtualenvs/cpdbv2-backend-VA82Wl8V-py3.7/lib/python3.7/site-packages/urllib3/connection.py", line 187, in connect
    conn = self._new_conn()
  File "/root/.cache/pypoetry/virtualenvs/cpdbv2-backend-VA82Wl8V-py3.7/lib/python3.7/site-packages/urllib3/connection.py", line 172, in _new_conn
    self, "Failed to establish a new connection: %s" % e
urllib3.exceptions.NewConnectionError: <urllib3.connection.HTTPConnection object at 0x7ff069281ed0>: Failed to establish a new connection: [Errno -2] Name or service not known
elasticsearch: DEBUG: > None
urllib3.util.retry: DEBUG: Converted retries value: False -> Retry(total=False, connect=None, read=None, redirect=0, status=None)
urllib3.connectionpool: DEBUG: Starting new HTTP connection (612): elasticsearch:9200
elasticsearch: WARNING: DELETE http://elasticsearch:9200/test_trr_c97d3965-996f-4fbb-b4a7-1038423423bd [status:N/A request:0.004s]
Traceback (most recent call last):
  File "/root/.cache/pypoetry/virtualenvs/cpdbv2-backend-VA82Wl8V-py3.7/lib/python3.7/site-packages/urllib3/connection.py", line 160, in _new_conn
    (self._dns_host, self.port), self.timeout, **extra_kw
  File "/root/.cache/pypoetry/virtualenvs/cpdbv2-backend-VA82Wl8V-py3.7/lib/python3.7/site-packages/urllib3/util/connection.py", line 61, in create_connection
    for res in socket.getaddrinfo(host, port, family, socket.SOCK_STREAM):
  File "/usr/local/lib/python3.7/socket.py", line 752, in getaddrinfo
    for res in _socket.getaddrinfo(host, port, family, type, proto, flags):
socket.gaierror: [Errno -2] Name or service not known

During handling of the above exception, another exception occurred:

Traceback (most recent call last):
  File "/root/.cache/pypoetry/virtualenvs/cpdbv2-backend-VA82Wl8V-py3.7/lib/python3.7/site-packages/elasticsearch/connection/http_urllib3.py", line 115, in perform_request
    response = self.pool.urlopen(method, url, body, retries=False, headers=self.headers, **kw)
  File "/root/.cache/pypoetry/virtualenvs/cpdbv2-backend-VA82Wl8V-py3.7/lib/python3.7/site-packages/urllib3/connectionpool.py", line 727, in urlopen
    method, url, error=e, _pool=self, _stacktrace=sys.exc_info()[2]
  File "/root/.cache/pypoetry/virtualenvs/cpdbv2-backend-VA82Wl8V-py3.7/lib/python3.7/site-packages/urllib3/util/retry.py", line 386, in increment
    raise six.reraise(type(error), error, _stacktrace)
  File "/root/.cache/pypoetry/virtualenvs/cpdbv2-backend-VA82Wl8V-py3.7/lib/python3.7/site-packages/urllib3/packages/six.py", line 735, in reraise
    raise value
  File "/root/.cache/pypoetry/virtualenvs/cpdbv2-backend-VA82Wl8V-py3.7/lib/python3.7/site-packages/urllib3/connectionpool.py", line 677, in urlopen
    chunked=chunked,
  File "/root/.cache/pypoetry/virtualenvs/cpdbv2-backend-VA82Wl8V-py3.7/lib/python3.7/site-packages/urllib3/connectionpool.py", line 392, in _make_request
    conn.request(method, url, **httplib_request_kw)
  File "/usr/local/lib/python3.7/http/client.py", line 1281, in request
    self._send_request(method, url, body, headers, encode_chunked)
  File "/usr/local/lib/python3.7/http/client.py", line 1327, in _send_request
    self.endheaders(body, encode_chunked=encode_chunked)
  File "/usr/local/lib/python3.7/http/client.py", line 1276, in endheaders
    self._send_output(message_body, encode_chunked=encode_chunked)
  File "/usr/local/lib/python3.7/http/client.py", line 1036, in _send_output
    self.send(msg)
  File "/usr/local/lib/python3.7/http/client.py", line 976, in send
    self.connect()
  File "/root/.cache/pypoetry/virtualenvs/cpdbv2-backend-VA82Wl8V-py3.7/lib/python3.7/site-packages/urllib3/connection.py", line 187, in connect
    conn = self._new_conn()
  File "/root/.cache/pypoetry/virtualenvs/cpdbv2-backend-VA82Wl8V-py3.7/lib/python3.7/site-packages/urllib3/connection.py", line 172, in _new_conn
    self, "Failed to establish a new connection: %s" % e
urllib3.exceptions.NewConnectionError: <urllib3.connection.HTTPConnection object at 0x7ff0694c6110>: Failed to establish a new connection: [Errno -2] Name or service not known
elasticsearch: DEBUG: > None
--------------------- >> end captured logging << ---------------------

======================================================================
ERROR: test_request_document (trr.tests.views.test_trr_viewset.TRRViewSetTestCase)
----------------------------------------------------------------------
Traceback (most recent call last):
  File "/usr/src/app/cpdb/trr/tests/mixins.py", line 7, in setUp
    trr_index_alias.write_index.delete(ignore=404)
  File "/root/.cache/pypoetry/virtualenvs/cpdbv2-backend-VA82Wl8V-py3.7/lib/python3.7/site-packages/elasticsearch_dsl/index.py", line 222, in delete
    self.connection.indices.delete(index=self._name, **kwargs)
  File "/root/.cache/pypoetry/virtualenvs/cpdbv2-backend-VA82Wl8V-py3.7/lib/python3.7/site-packages/elasticsearch/client/utils.py", line 73, in _wrapped
    return func(*args, params=params, **kwargs)
  File "/root/.cache/pypoetry/virtualenvs/cpdbv2-backend-VA82Wl8V-py3.7/lib/python3.7/site-packages/elasticsearch/client/indices.py", line 200, in delete
    params=params)
  File "/root/.cache/pypoetry/virtualenvs/cpdbv2-backend-VA82Wl8V-py3.7/lib/python3.7/site-packages/elasticsearch/transport.py", line 312, in perform_request
    status, headers, data = connection.perform_request(method, url, params, body, ignore=ignore, timeout=timeout)
  File "/root/.cache/pypoetry/virtualenvs/cpdbv2-backend-VA82Wl8V-py3.7/lib/python3.7/site-packages/elasticsearch/connection/http_urllib3.py", line 124, in perform_request
    raise ConnectionError('N/A', str(e), e)
elasticsearch.exceptions.ConnectionError: ConnectionError(<urllib3.connection.HTTPConnection object at 0x7ff06971a050>: Failed to establish a new connection: [Errno -2] Name or service not known) caused by: NewConnectionError(<urllib3.connection.HTTPConnection object at 0x7ff06971a050>: Failed to establish a new connection: [Errno -2] Name or service not known)
-------------------- >> begin captured logging << --------------------
urllib3.util.retry: DEBUG: Converted retries value: False -> Retry(total=False, connect=None, read=None, redirect=0, status=None)
urllib3.connectionpool: DEBUG: Starting new HTTP connection (613): elasticsearch:9200
elasticsearch: WARNING: DELETE http://elasticsearch:9200/test_trr_c97d3965-996f-4fbb-b4a7-1038423423bd [status:N/A request:0.005s]
Traceback (most recent call last):
  File "/root/.cache/pypoetry/virtualenvs/cpdbv2-backend-VA82Wl8V-py3.7/lib/python3.7/site-packages/urllib3/connection.py", line 160, in _new_conn
    (self._dns_host, self.port), self.timeout, **extra_kw
  File "/root/.cache/pypoetry/virtualenvs/cpdbv2-backend-VA82Wl8V-py3.7/lib/python3.7/site-packages/urllib3/util/connection.py", line 61, in create_connection
    for res in socket.getaddrinfo(host, port, family, socket.SOCK_STREAM):
  File "/usr/local/lib/python3.7/socket.py", line 752, in getaddrinfo
    for res in _socket.getaddrinfo(host, port, family, type, proto, flags):
socket.gaierror: [Errno -2] Name or service not known

During handling of the above exception, another exception occurred:

Traceback (most recent call last):
  File "/root/.cache/pypoetry/virtualenvs/cpdbv2-backend-VA82Wl8V-py3.7/lib/python3.7/site-packages/elasticsearch/connection/http_urllib3.py", line 115, in perform_request
    response = self.pool.urlopen(method, url, body, retries=False, headers=self.headers, **kw)
  File "/root/.cache/pypoetry/virtualenvs/cpdbv2-backend-VA82Wl8V-py3.7/lib/python3.7/site-packages/urllib3/connectionpool.py", line 727, in urlopen
    method, url, error=e, _pool=self, _stacktrace=sys.exc_info()[2]
  File "/root/.cache/pypoetry/virtualenvs/cpdbv2-backend-VA82Wl8V-py3.7/lib/python3.7/site-packages/urllib3/util/retry.py", line 386, in increment
    raise six.reraise(type(error), error, _stacktrace)
  File "/root/.cache/pypoetry/virtualenvs/cpdbv2-backend-VA82Wl8V-py3.7/lib/python3.7/site-packages/urllib3/packages/six.py", line 735, in reraise
    raise value
  File "/root/.cache/pypoetry/virtualenvs/cpdbv2-backend-VA82Wl8V-py3.7/lib/python3.7/site-packages/urllib3/connectionpool.py", line 677, in urlopen
    chunked=chunked,
  File "/root/.cache/pypoetry/virtualenvs/cpdbv2-backend-VA82Wl8V-py3.7/lib/python3.7/site-packages/urllib3/connectionpool.py", line 392, in _make_request
    conn.request(method, url, **httplib_request_kw)
  File "/usr/local/lib/python3.7/http/client.py", line 1281, in request
    self._send_request(method, url, body, headers, encode_chunked)
  File "/usr/local/lib/python3.7/http/client.py", line 1327, in _send_request
    self.endheaders(body, encode_chunked=encode_chunked)
  File "/usr/local/lib/python3.7/http/client.py", line 1276, in endheaders
    self._send_output(message_body, encode_chunked=encode_chunked)
  File "/usr/local/lib/python3.7/http/client.py", line 1036, in _send_output
    self.send(msg)
  File "/usr/local/lib/python3.7/http/client.py", line 976, in send
    self.connect()
  File "/root/.cache/pypoetry/virtualenvs/cpdbv2-backend-VA82Wl8V-py3.7/lib/python3.7/site-packages/urllib3/connection.py", line 187, in connect
    conn = self._new_conn()
  File "/root/.cache/pypoetry/virtualenvs/cpdbv2-backend-VA82Wl8V-py3.7/lib/python3.7/site-packages/urllib3/connection.py", line 172, in _new_conn
    self, "Failed to establish a new connection: %s" % e
urllib3.exceptions.NewConnectionError: <urllib3.connection.HTTPConnection object at 0x7ff0691297d0>: Failed to establish a new connection: [Errno -2] Name or service not known
elasticsearch: DEBUG: > None
urllib3.util.retry: DEBUG: Converted retries value: False -> Retry(total=False, connect=None, read=None, redirect=0, status=None)
urllib3.connectionpool: DEBUG: Starting new HTTP connection (614): elasticsearch:9200
elasticsearch: WARNING: DELETE http://elasticsearch:9200/test_trr_c97d3965-996f-4fbb-b4a7-1038423423bd [status:N/A request:0.004s]
Traceback (most recent call last):
  File "/root/.cache/pypoetry/virtualenvs/cpdbv2-backend-VA82Wl8V-py3.7/lib/python3.7/site-packages/urllib3/connection.py", line 160, in _new_conn
    (self._dns_host, self.port), self.timeout, **extra_kw
  File "/root/.cache/pypoetry/virtualenvs/cpdbv2-backend-VA82Wl8V-py3.7/lib/python3.7/site-packages/urllib3/util/connection.py", line 61, in create_connection
    for res in socket.getaddrinfo(host, port, family, socket.SOCK_STREAM):
  File "/usr/local/lib/python3.7/socket.py", line 752, in getaddrinfo
    for res in _socket.getaddrinfo(host, port, family, type, proto, flags):
socket.gaierror: [Errno -2] Name or service not known

During handling of the above exception, another exception occurred:

Traceback (most recent call last):
  File "/root/.cache/pypoetry/virtualenvs/cpdbv2-backend-VA82Wl8V-py3.7/lib/python3.7/site-packages/elasticsearch/connection/http_urllib3.py", line 115, in perform_request
    response = self.pool.urlopen(method, url, body, retries=False, headers=self.headers, **kw)
  File "/root/.cache/pypoetry/virtualenvs/cpdbv2-backend-VA82Wl8V-py3.7/lib/python3.7/site-packages/urllib3/connectionpool.py", line 727, in urlopen
    method, url, error=e, _pool=self, _stacktrace=sys.exc_info()[2]
  File "/root/.cache/pypoetry/virtualenvs/cpdbv2-backend-VA82Wl8V-py3.7/lib/python3.7/site-packages/urllib3/util/retry.py", line 386, in increment
    raise six.reraise(type(error), error, _stacktrace)
  File "/root/.cache/pypoetry/virtualenvs/cpdbv2-backend-VA82Wl8V-py3.7/lib/python3.7/site-packages/urllib3/packages/six.py", line 735, in reraise
    raise value
  File "/root/.cache/pypoetry/virtualenvs/cpdbv2-backend-VA82Wl8V-py3.7/lib/python3.7/site-packages/urllib3/connectionpool.py", line 677, in urlopen
    chunked=chunked,
  File "/root/.cache/pypoetry/virtualenvs/cpdbv2-backend-VA82Wl8V-py3.7/lib/python3.7/site-packages/urllib3/connectionpool.py", line 392, in _make_request
    conn.request(method, url, **httplib_request_kw)
  File "/usr/local/lib/python3.7/http/client.py", line 1281, in request
    self._send_request(method, url, body, headers, encode_chunked)
  File "/usr/local/lib/python3.7/http/client.py", line 1327, in _send_request
    self.endheaders(body, encode_chunked=encode_chunked)
  File "/usr/local/lib/python3.7/http/client.py", line 1276, in endheaders
    self._send_output(message_body, encode_chunked=encode_chunked)
  File "/usr/local/lib/python3.7/http/client.py", line 1036, in _send_output
    self.send(msg)
  File "/usr/local/lib/python3.7/http/client.py", line 976, in send
    self.connect()
  File "/root/.cache/pypoetry/virtualenvs/cpdbv2-backend-VA82Wl8V-py3.7/lib/python3.7/site-packages/urllib3/connection.py", line 187, in connect
    conn = self._new_conn()
  File "/root/.cache/pypoetry/virtualenvs/cpdbv2-backend-VA82Wl8V-py3.7/lib/python3.7/site-packages/urllib3/connection.py", line 172, in _new_conn
    self, "Failed to establish a new connection: %s" % e
urllib3.exceptions.NewConnectionError: <urllib3.connection.HTTPConnection object at 0x7ff06971a350>: Failed to establish a new connection: [Errno -2] Name or service not known
elasticsearch: DEBUG: > None
urllib3.util.retry: DEBUG: Converted retries value: False -> Retry(total=False, connect=None, read=None, redirect=0, status=None)
urllib3.connectionpool: DEBUG: Starting new HTTP connection (615): elasticsearch:9200
elasticsearch: WARNING: DELETE http://elasticsearch:9200/test_trr_c97d3965-996f-4fbb-b4a7-1038423423bd [status:N/A request:0.004s]
Traceback (most recent call last):
  File "/root/.cache/pypoetry/virtualenvs/cpdbv2-backend-VA82Wl8V-py3.7/lib/python3.7/site-packages/urllib3/connection.py", line 160, in _new_conn
    (self._dns_host, self.port), self.timeout, **extra_kw
  File "/root/.cache/pypoetry/virtualenvs/cpdbv2-backend-VA82Wl8V-py3.7/lib/python3.7/site-packages/urllib3/util/connection.py", line 61, in create_connection
    for res in socket.getaddrinfo(host, port, family, socket.SOCK_STREAM):
  File "/usr/local/lib/python3.7/socket.py", line 752, in getaddrinfo
    for res in _socket.getaddrinfo(host, port, family, type, proto, flags):
socket.gaierror: [Errno -2] Name or service not known

During handling of the above exception, another exception occurred:

Traceback (most recent call last):
  File "/root/.cache/pypoetry/virtualenvs/cpdbv2-backend-VA82Wl8V-py3.7/lib/python3.7/site-packages/elasticsearch/connection/http_urllib3.py", line 115, in perform_request
    response = self.pool.urlopen(method, url, body, retries=False, headers=self.headers, **kw)
  File "/root/.cache/pypoetry/virtualenvs/cpdbv2-backend-VA82Wl8V-py3.7/lib/python3.7/site-packages/urllib3/connectionpool.py", line 727, in urlopen
    method, url, error=e, _pool=self, _stacktrace=sys.exc_info()[2]
  File "/root/.cache/pypoetry/virtualenvs/cpdbv2-backend-VA82Wl8V-py3.7/lib/python3.7/site-packages/urllib3/util/retry.py", line 386, in increment
    raise six.reraise(type(error), error, _stacktrace)
  File "/root/.cache/pypoetry/virtualenvs/cpdbv2-backend-VA82Wl8V-py3.7/lib/python3.7/site-packages/urllib3/packages/six.py", line 735, in reraise
    raise value
  File "/root/.cache/pypoetry/virtualenvs/cpdbv2-backend-VA82Wl8V-py3.7/lib/python3.7/site-packages/urllib3/connectionpool.py", line 677, in urlopen
    chunked=chunked,
  File "/root/.cache/pypoetry/virtualenvs/cpdbv2-backend-VA82Wl8V-py3.7/lib/python3.7/site-packages/urllib3/connectionpool.py", line 392, in _make_request
    conn.request(method, url, **httplib_request_kw)
  File "/usr/local/lib/python3.7/http/client.py", line 1281, in request
    self._send_request(method, url, body, headers, encode_chunked)
  File "/usr/local/lib/python3.7/http/client.py", line 1327, in _send_request
    self.endheaders(body, encode_chunked=encode_chunked)
  File "/usr/local/lib/python3.7/http/client.py", line 1276, in endheaders
    self._send_output(message_body, encode_chunked=encode_chunked)
  File "/usr/local/lib/python3.7/http/client.py", line 1036, in _send_output
    self.send(msg)
  File "/usr/local/lib/python3.7/http/client.py", line 976, in send
    self.connect()
  File "/root/.cache/pypoetry/virtualenvs/cpdbv2-backend-VA82Wl8V-py3.7/lib/python3.7/site-packages/urllib3/connection.py", line 187, in connect
    conn = self._new_conn()
  File "/root/.cache/pypoetry/virtualenvs/cpdbv2-backend-VA82Wl8V-py3.7/lib/python3.7/site-packages/urllib3/connection.py", line 172, in _new_conn
    self, "Failed to establish a new connection: %s" % e
urllib3.exceptions.NewConnectionError: <urllib3.connection.HTTPConnection object at 0x7ff06971ae10>: Failed to establish a new connection: [Errno -2] Name or service not known
elasticsearch: DEBUG: > None
urllib3.util.retry: DEBUG: Converted retries value: False -> Retry(total=False, connect=None, read=None, redirect=0, status=None)
urllib3.connectionpool: DEBUG: Starting new HTTP connection (616): elasticsearch:9200
elasticsearch: WARNING: DELETE http://elasticsearch:9200/test_trr_c97d3965-996f-4fbb-b4a7-1038423423bd [status:N/A request:0.004s]
Traceback (most recent call last):
  File "/root/.cache/pypoetry/virtualenvs/cpdbv2-backend-VA82Wl8V-py3.7/lib/python3.7/site-packages/urllib3/connection.py", line 160, in _new_conn
    (self._dns_host, self.port), self.timeout, **extra_kw
  File "/root/.cache/pypoetry/virtualenvs/cpdbv2-backend-VA82Wl8V-py3.7/lib/python3.7/site-packages/urllib3/util/connection.py", line 61, in create_connection
    for res in socket.getaddrinfo(host, port, family, socket.SOCK_STREAM):
  File "/usr/local/lib/python3.7/socket.py", line 752, in getaddrinfo
    for res in _socket.getaddrinfo(host, port, family, type, proto, flags):
socket.gaierror: [Errno -2] Name or service not known

During handling of the above exception, another exception occurred:

Traceback (most recent call last):
  File "/root/.cache/pypoetry/virtualenvs/cpdbv2-backend-VA82Wl8V-py3.7/lib/python3.7/site-packages/elasticsearch/connection/http_urllib3.py", line 115, in perform_request
    response = self.pool.urlopen(method, url, body, retries=False, headers=self.headers, **kw)
  File "/root/.cache/pypoetry/virtualenvs/cpdbv2-backend-VA82Wl8V-py3.7/lib/python3.7/site-packages/urllib3/connectionpool.py", line 727, in urlopen
    method, url, error=e, _pool=self, _stacktrace=sys.exc_info()[2]
  File "/root/.cache/pypoetry/virtualenvs/cpdbv2-backend-VA82Wl8V-py3.7/lib/python3.7/site-packages/urllib3/util/retry.py", line 386, in increment
    raise six.reraise(type(error), error, _stacktrace)
  File "/root/.cache/pypoetry/virtualenvs/cpdbv2-backend-VA82Wl8V-py3.7/lib/python3.7/site-packages/urllib3/packages/six.py", line 735, in reraise
    raise value
  File "/root/.cache/pypoetry/virtualenvs/cpdbv2-backend-VA82Wl8V-py3.7/lib/python3.7/site-packages/urllib3/connectionpool.py", line 677, in urlopen
    chunked=chunked,
  File "/root/.cache/pypoetry/virtualenvs/cpdbv2-backend-VA82Wl8V-py3.7/lib/python3.7/site-packages/urllib3/connectionpool.py", line 392, in _make_request
    conn.request(method, url, **httplib_request_kw)
  File "/usr/local/lib/python3.7/http/client.py", line 1281, in request
    self._send_request(method, url, body, headers, encode_chunked)
  File "/usr/local/lib/python3.7/http/client.py", line 1327, in _send_request
    self.endheaders(body, encode_chunked=encode_chunked)
  File "/usr/local/lib/python3.7/http/client.py", line 1276, in endheaders
    self._send_output(message_body, encode_chunked=encode_chunked)
  File "/usr/local/lib/python3.7/http/client.py", line 1036, in _send_output
    self.send(msg)
  File "/usr/local/lib/python3.7/http/client.py", line 976, in send
    self.connect()
  File "/root/.cache/pypoetry/virtualenvs/cpdbv2-backend-VA82Wl8V-py3.7/lib/python3.7/site-packages/urllib3/connection.py", line 187, in connect
    conn = self._new_conn()
  File "/root/.cache/pypoetry/virtualenvs/cpdbv2-backend-VA82Wl8V-py3.7/lib/python3.7/site-packages/urllib3/connection.py", line 172, in _new_conn
    self, "Failed to establish a new connection: %s" % e
urllib3.exceptions.NewConnectionError: <urllib3.connection.HTTPConnection object at 0x7ff06971a050>: Failed to establish a new connection: [Errno -2] Name or service not known
elasticsearch: DEBUG: > None
--------------------- >> end captured logging << ---------------------

======================================================================
ERROR: test_request_document_with_invalid_email (trr.tests.views.test_trr_viewset.TRRViewSetTestCase)
----------------------------------------------------------------------
Traceback (most recent call last):
  File "/usr/src/app/cpdb/trr/tests/mixins.py", line 7, in setUp
    trr_index_alias.write_index.delete(ignore=404)
  File "/root/.cache/pypoetry/virtualenvs/cpdbv2-backend-VA82Wl8V-py3.7/lib/python3.7/site-packages/elasticsearch_dsl/index.py", line 222, in delete
    self.connection.indices.delete(index=self._name, **kwargs)
  File "/root/.cache/pypoetry/virtualenvs/cpdbv2-backend-VA82Wl8V-py3.7/lib/python3.7/site-packages/elasticsearch/client/utils.py", line 73, in _wrapped
    return func(*args, params=params, **kwargs)
  File "/root/.cache/pypoetry/virtualenvs/cpdbv2-backend-VA82Wl8V-py3.7/lib/python3.7/site-packages/elasticsearch/client/indices.py", line 200, in delete
    params=params)
  File "/root/.cache/pypoetry/virtualenvs/cpdbv2-backend-VA82Wl8V-py3.7/lib/python3.7/site-packages/elasticsearch/transport.py", line 312, in perform_request
    status, headers, data = connection.perform_request(method, url, params, body, ignore=ignore, timeout=timeout)
  File "/root/.cache/pypoetry/virtualenvs/cpdbv2-backend-VA82Wl8V-py3.7/lib/python3.7/site-packages/elasticsearch/connection/http_urllib3.py", line 124, in perform_request
    raise ConnectionError('N/A', str(e), e)
elasticsearch.exceptions.ConnectionError: ConnectionError(<urllib3.connection.HTTPConnection object at 0x7ff069281c50>: Failed to establish a new connection: [Errno -2] Name or service not known) caused by: NewConnectionError(<urllib3.connection.HTTPConnection object at 0x7ff069281c50>: Failed to establish a new connection: [Errno -2] Name or service not known)
-------------------- >> begin captured logging << --------------------
urllib3.util.retry: DEBUG: Converted retries value: False -> Retry(total=False, connect=None, read=None, redirect=0, status=None)
urllib3.connectionpool: DEBUG: Starting new HTTP connection (617): elasticsearch:9200
elasticsearch: WARNING: DELETE http://elasticsearch:9200/test_trr_c97d3965-996f-4fbb-b4a7-1038423423bd [status:N/A request:0.004s]
Traceback (most recent call last):
  File "/root/.cache/pypoetry/virtualenvs/cpdbv2-backend-VA82Wl8V-py3.7/lib/python3.7/site-packages/urllib3/connection.py", line 160, in _new_conn
    (self._dns_host, self.port), self.timeout, **extra_kw
  File "/root/.cache/pypoetry/virtualenvs/cpdbv2-backend-VA82Wl8V-py3.7/lib/python3.7/site-packages/urllib3/util/connection.py", line 61, in create_connection
    for res in socket.getaddrinfo(host, port, family, socket.SOCK_STREAM):
  File "/usr/local/lib/python3.7/socket.py", line 752, in getaddrinfo
    for res in _socket.getaddrinfo(host, port, family, type, proto, flags):
socket.gaierror: [Errno -2] Name or service not known

During handling of the above exception, another exception occurred:

Traceback (most recent call last):
  File "/root/.cache/pypoetry/virtualenvs/cpdbv2-backend-VA82Wl8V-py3.7/lib/python3.7/site-packages/elasticsearch/connection/http_urllib3.py", line 115, in perform_request
    response = self.pool.urlopen(method, url, body, retries=False, headers=self.headers, **kw)
  File "/root/.cache/pypoetry/virtualenvs/cpdbv2-backend-VA82Wl8V-py3.7/lib/python3.7/site-packages/urllib3/connectionpool.py", line 727, in urlopen
    method, url, error=e, _pool=self, _stacktrace=sys.exc_info()[2]
  File "/root/.cache/pypoetry/virtualenvs/cpdbv2-backend-VA82Wl8V-py3.7/lib/python3.7/site-packages/urllib3/util/retry.py", line 386, in increment
    raise six.reraise(type(error), error, _stacktrace)
  File "/root/.cache/pypoetry/virtualenvs/cpdbv2-backend-VA82Wl8V-py3.7/lib/python3.7/site-packages/urllib3/packages/six.py", line 735, in reraise
    raise value
  File "/root/.cache/pypoetry/virtualenvs/cpdbv2-backend-VA82Wl8V-py3.7/lib/python3.7/site-packages/urllib3/connectionpool.py", line 677, in urlopen
    chunked=chunked,
  File "/root/.cache/pypoetry/virtualenvs/cpdbv2-backend-VA82Wl8V-py3.7/lib/python3.7/site-packages/urllib3/connectionpool.py", line 392, in _make_request
    conn.request(method, url, **httplib_request_kw)
  File "/usr/local/lib/python3.7/http/client.py", line 1281, in request
    self._send_request(method, url, body, headers, encode_chunked)
  File "/usr/local/lib/python3.7/http/client.py", line 1327, in _send_request
    self.endheaders(body, encode_chunked=encode_chunked)
  File "/usr/local/lib/python3.7/http/client.py", line 1276, in endheaders
    self._send_output(message_body, encode_chunked=encode_chunked)
  File "/usr/local/lib/python3.7/http/client.py", line 1036, in _send_output
    self.send(msg)
  File "/usr/local/lib/python3.7/http/client.py", line 976, in send
    self.connect()
  File "/root/.cache/pypoetry/virtualenvs/cpdbv2-backend-VA82Wl8V-py3.7/lib/python3.7/site-packages/urllib3/connection.py", line 187, in connect
    conn = self._new_conn()
  File "/root/.cache/pypoetry/virtualenvs/cpdbv2-backend-VA82Wl8V-py3.7/lib/python3.7/site-packages/urllib3/connection.py", line 172, in _new_conn
    self, "Failed to establish a new connection: %s" % e
urllib3.exceptions.NewConnectionError: <urllib3.connection.HTTPConnection object at 0x7ff0692e0b90>: Failed to establish a new connection: [Errno -2] Name or service not known
elasticsearch: DEBUG: > None
urllib3.util.retry: DEBUG: Converted retries value: False -> Retry(total=False, connect=None, read=None, redirect=0, status=None)
urllib3.connectionpool: DEBUG: Starting new HTTP connection (618): elasticsearch:9200
elasticsearch: WARNING: DELETE http://elasticsearch:9200/test_trr_c97d3965-996f-4fbb-b4a7-1038423423bd [status:N/A request:0.005s]
Traceback (most recent call last):
  File "/root/.cache/pypoetry/virtualenvs/cpdbv2-backend-VA82Wl8V-py3.7/lib/python3.7/site-packages/urllib3/connection.py", line 160, in _new_conn
    (self._dns_host, self.port), self.timeout, **extra_kw
  File "/root/.cache/pypoetry/virtualenvs/cpdbv2-backend-VA82Wl8V-py3.7/lib/python3.7/site-packages/urllib3/util/connection.py", line 61, in create_connection
    for res in socket.getaddrinfo(host, port, family, socket.SOCK_STREAM):
  File "/usr/local/lib/python3.7/socket.py", line 752, in getaddrinfo
    for res in _socket.getaddrinfo(host, port, family, type, proto, flags):
socket.gaierror: [Errno -2] Name or service not known

During handling of the above exception, another exception occurred:

Traceback (most recent call last):
  File "/root/.cache/pypoetry/virtualenvs/cpdbv2-backend-VA82Wl8V-py3.7/lib/python3.7/site-packages/elasticsearch/connection/http_urllib3.py", line 115, in perform_request
    response = self.pool.urlopen(method, url, body, retries=False, headers=self.headers, **kw)
  File "/root/.cache/pypoetry/virtualenvs/cpdbv2-backend-VA82Wl8V-py3.7/lib/python3.7/site-packages/urllib3/connectionpool.py", line 727, in urlopen
    method, url, error=e, _pool=self, _stacktrace=sys.exc_info()[2]
  File "/root/.cache/pypoetry/virtualenvs/cpdbv2-backend-VA82Wl8V-py3.7/lib/python3.7/site-packages/urllib3/util/retry.py", line 386, in increment
    raise six.reraise(type(error), error, _stacktrace)
  File "/root/.cache/pypoetry/virtualenvs/cpdbv2-backend-VA82Wl8V-py3.7/lib/python3.7/site-packages/urllib3/packages/six.py", line 735, in reraise
    raise value
  File "/root/.cache/pypoetry/virtualenvs/cpdbv2-backend-VA82Wl8V-py3.7/lib/python3.7/site-packages/urllib3/connectionpool.py", line 677, in urlopen
    chunked=chunked,
  File "/root/.cache/pypoetry/virtualenvs/cpdbv2-backend-VA82Wl8V-py3.7/lib/python3.7/site-packages/urllib3/connectionpool.py", line 392, in _make_request
    conn.request(method, url, **httplib_request_kw)
  File "/usr/local/lib/python3.7/http/client.py", line 1281, in request
    self._send_request(method, url, body, headers, encode_chunked)
  File "/usr/local/lib/python3.7/http/client.py", line 1327, in _send_request
    self.endheaders(body, encode_chunked=encode_chunked)
  File "/usr/local/lib/python3.7/http/client.py", line 1276, in endheaders
    self._send_output(message_body, encode_chunked=encode_chunked)
  File "/usr/local/lib/python3.7/http/client.py", line 1036, in _send_output
    self.send(msg)
  File "/usr/local/lib/python3.7/http/client.py", line 976, in send
    self.connect()
  File "/root/.cache/pypoetry/virtualenvs/cpdbv2-backend-VA82Wl8V-py3.7/lib/python3.7/site-packages/urllib3/connection.py", line 187, in connect
    conn = self._new_conn()
  File "/root/.cache/pypoetry/virtualenvs/cpdbv2-backend-VA82Wl8V-py3.7/lib/python3.7/site-packages/urllib3/connection.py", line 172, in _new_conn
    self, "Failed to establish a new connection: %s" % e
urllib3.exceptions.NewConnectionError: <urllib3.connection.HTTPConnection object at 0x7ff06960ebd0>: Failed to establish a new connection: [Errno -2] Name or service not known
elasticsearch: DEBUG: > None
urllib3.util.retry: DEBUG: Converted retries value: False -> Retry(total=False, connect=None, read=None, redirect=0, status=None)
urllib3.connectionpool: DEBUG: Starting new HTTP connection (619): elasticsearch:9200
elasticsearch: WARNING: DELETE http://elasticsearch:9200/test_trr_c97d3965-996f-4fbb-b4a7-1038423423bd [status:N/A request:0.004s]
Traceback (most recent call last):
  File "/root/.cache/pypoetry/virtualenvs/cpdbv2-backend-VA82Wl8V-py3.7/lib/python3.7/site-packages/urllib3/connection.py", line 160, in _new_conn
    (self._dns_host, self.port), self.timeout, **extra_kw
  File "/root/.cache/pypoetry/virtualenvs/cpdbv2-backend-VA82Wl8V-py3.7/lib/python3.7/site-packages/urllib3/util/connection.py", line 61, in create_connection
    for res in socket.getaddrinfo(host, port, family, socket.SOCK_STREAM):
  File "/usr/local/lib/python3.7/socket.py", line 752, in getaddrinfo
    for res in _socket.getaddrinfo(host, port, family, type, proto, flags):
socket.gaierror: [Errno -2] Name or service not known

During handling of the above exception, another exception occurred:

Traceback (most recent call last):
  File "/root/.cache/pypoetry/virtualenvs/cpdbv2-backend-VA82Wl8V-py3.7/lib/python3.7/site-packages/elasticsearch/connection/http_urllib3.py", line 115, in perform_request
    response = self.pool.urlopen(method, url, body, retries=False, headers=self.headers, **kw)
  File "/root/.cache/pypoetry/virtualenvs/cpdbv2-backend-VA82Wl8V-py3.7/lib/python3.7/site-packages/urllib3/connectionpool.py", line 727, in urlopen
    method, url, error=e, _pool=self, _stacktrace=sys.exc_info()[2]
  File "/root/.cache/pypoetry/virtualenvs/cpdbv2-backend-VA82Wl8V-py3.7/lib/python3.7/site-packages/urllib3/util/retry.py", line 386, in increment
    raise six.reraise(type(error), error, _stacktrace)
  File "/root/.cache/pypoetry/virtualenvs/cpdbv2-backend-VA82Wl8V-py3.7/lib/python3.7/site-packages/urllib3/packages/six.py", line 735, in reraise
    raise value
  File "/root/.cache/pypoetry/virtualenvs/cpdbv2-backend-VA82Wl8V-py3.7/lib/python3.7/site-packages/urllib3/connectionpool.py", line 677, in urlopen
    chunked=chunked,
  File "/root/.cache/pypoetry/virtualenvs/cpdbv2-backend-VA82Wl8V-py3.7/lib/python3.7/site-packages/urllib3/connectionpool.py", line 392, in _make_request
    conn.request(method, url, **httplib_request_kw)
  File "/usr/local/lib/python3.7/http/client.py", line 1281, in request
    self._send_request(method, url, body, headers, encode_chunked)
  File "/usr/local/lib/python3.7/http/client.py", line 1327, in _send_request
    self.endheaders(body, encode_chunked=encode_chunked)
  File "/usr/local/lib/python3.7/http/client.py", line 1276, in endheaders
    self._send_output(message_body, encode_chunked=encode_chunked)
  File "/usr/local/lib/python3.7/http/client.py", line 1036, in _send_output
    self.send(msg)
  File "/usr/local/lib/python3.7/http/client.py", line 976, in send
    self.connect()
  File "/root/.cache/pypoetry/virtualenvs/cpdbv2-backend-VA82Wl8V-py3.7/lib/python3.7/site-packages/urllib3/connection.py", line 187, in connect
    conn = self._new_conn()
  File "/root/.cache/pypoetry/virtualenvs/cpdbv2-backend-VA82Wl8V-py3.7/lib/python3.7/site-packages/urllib3/connection.py", line 172, in _new_conn
    self, "Failed to establish a new connection: %s" % e
urllib3.exceptions.NewConnectionError: <urllib3.connection.HTTPConnection object at 0x7ff069ba15d0>: Failed to establish a new connection: [Errno -2] Name or service not known
elasticsearch: DEBUG: > None
urllib3.util.retry: DEBUG: Converted retries value: False -> Retry(total=False, connect=None, read=None, redirect=0, status=None)
urllib3.connectionpool: DEBUG: Starting new HTTP connection (620): elasticsearch:9200
elasticsearch: WARNING: DELETE http://elasticsearch:9200/test_trr_c97d3965-996f-4fbb-b4a7-1038423423bd [status:N/A request:0.004s]
Traceback (most recent call last):
  File "/root/.cache/pypoetry/virtualenvs/cpdbv2-backend-VA82Wl8V-py3.7/lib/python3.7/site-packages/urllib3/connection.py", line 160, in _new_conn
    (self._dns_host, self.port), self.timeout, **extra_kw
  File "/root/.cache/pypoetry/virtualenvs/cpdbv2-backend-VA82Wl8V-py3.7/lib/python3.7/site-packages/urllib3/util/connection.py", line 61, in create_connection
    for res in socket.getaddrinfo(host, port, family, socket.SOCK_STREAM):
  File "/usr/local/lib/python3.7/socket.py", line 752, in getaddrinfo
    for res in _socket.getaddrinfo(host, port, family, type, proto, flags):
socket.gaierror: [Errno -2] Name or service not known

During handling of the above exception, another exception occurred:

Traceback (most recent call last):
  File "/root/.cache/pypoetry/virtualenvs/cpdbv2-backend-VA82Wl8V-py3.7/lib/python3.7/site-packages/elasticsearch/connection/http_urllib3.py", line 115, in perform_request
    response = self.pool.urlopen(method, url, body, retries=False, headers=self.headers, **kw)
  File "/root/.cache/pypoetry/virtualenvs/cpdbv2-backend-VA82Wl8V-py3.7/lib/python3.7/site-packages/urllib3/connectionpool.py", line 727, in urlopen
    method, url, error=e, _pool=self, _stacktrace=sys.exc_info()[2]
  File "/root/.cache/pypoetry/virtualenvs/cpdbv2-backend-VA82Wl8V-py3.7/lib/python3.7/site-packages/urllib3/util/retry.py", line 386, in increment
    raise six.reraise(type(error), error, _stacktrace)
  File "/root/.cache/pypoetry/virtualenvs/cpdbv2-backend-VA82Wl8V-py3.7/lib/python3.7/site-packages/urllib3/packages/six.py", line 735, in reraise
    raise value
  File "/root/.cache/pypoetry/virtualenvs/cpdbv2-backend-VA82Wl8V-py3.7/lib/python3.7/site-packages/urllib3/connectionpool.py", line 677, in urlopen
    chunked=chunked,
  File "/root/.cache/pypoetry/virtualenvs/cpdbv2-backend-VA82Wl8V-py3.7/lib/python3.7/site-packages/urllib3/connectionpool.py", line 392, in _make_request
    conn.request(method, url, **httplib_request_kw)
  File "/usr/local/lib/python3.7/http/client.py", line 1281, in request
    self._send_request(method, url, body, headers, encode_chunked)
  File "/usr/local/lib/python3.7/http/client.py", line 1327, in _send_request
    self.endheaders(body, encode_chunked=encode_chunked)
  File "/usr/local/lib/python3.7/http/client.py", line 1276, in endheaders
    self._send_output(message_body, encode_chunked=encode_chunked)
  File "/usr/local/lib/python3.7/http/client.py", line 1036, in _send_output
    self.send(msg)
  File "/usr/local/lib/python3.7/http/client.py", line 976, in send
    self.connect()
  File "/root/.cache/pypoetry/virtualenvs/cpdbv2-backend-VA82Wl8V-py3.7/lib/python3.7/site-packages/urllib3/connection.py", line 187, in connect
    conn = self._new_conn()
  File "/root/.cache/pypoetry/virtualenvs/cpdbv2-backend-VA82Wl8V-py3.7/lib/python3.7/site-packages/urllib3/connection.py", line 172, in _new_conn
    self, "Failed to establish a new connection: %s" % e
urllib3.exceptions.NewConnectionError: <urllib3.connection.HTTPConnection object at 0x7ff069281c50>: Failed to establish a new connection: [Errno -2] Name or service not known
elasticsearch: DEBUG: > None
--------------------- >> end captured logging << ---------------------

======================================================================
ERROR: test_request_document_with_invalid_trr (trr.tests.views.test_trr_viewset.TRRViewSetTestCase)
----------------------------------------------------------------------
Traceback (most recent call last):
  File "/usr/src/app/cpdb/trr/tests/mixins.py", line 7, in setUp
    trr_index_alias.write_index.delete(ignore=404)
  File "/root/.cache/pypoetry/virtualenvs/cpdbv2-backend-VA82Wl8V-py3.7/lib/python3.7/site-packages/elasticsearch_dsl/index.py", line 222, in delete
    self.connection.indices.delete(index=self._name, **kwargs)
  File "/root/.cache/pypoetry/virtualenvs/cpdbv2-backend-VA82Wl8V-py3.7/lib/python3.7/site-packages/elasticsearch/client/utils.py", line 73, in _wrapped
    return func(*args, params=params, **kwargs)
  File "/root/.cache/pypoetry/virtualenvs/cpdbv2-backend-VA82Wl8V-py3.7/lib/python3.7/site-packages/elasticsearch/client/indices.py", line 200, in delete
    params=params)
  File "/root/.cache/pypoetry/virtualenvs/cpdbv2-backend-VA82Wl8V-py3.7/lib/python3.7/site-packages/elasticsearch/transport.py", line 312, in perform_request
    status, headers, data = connection.perform_request(method, url, params, body, ignore=ignore, timeout=timeout)
  File "/root/.cache/pypoetry/virtualenvs/cpdbv2-backend-VA82Wl8V-py3.7/lib/python3.7/site-packages/elasticsearch/connection/http_urllib3.py", line 124, in perform_request
    raise ConnectionError('N/A', str(e), e)
elasticsearch.exceptions.ConnectionError: ConnectionError(<urllib3.connection.HTTPConnection object at 0x7ff069126650>: Failed to establish a new connection: [Errno -2] Name or service not known) caused by: NewConnectionError(<urllib3.connection.HTTPConnection object at 0x7ff069126650>: Failed to establish a new connection: [Errno -2] Name or service not known)
-------------------- >> begin captured logging << --------------------
urllib3.util.retry: DEBUG: Converted retries value: False -> Retry(total=False, connect=None, read=None, redirect=0, status=None)
urllib3.connectionpool: DEBUG: Starting new HTTP connection (621): elasticsearch:9200
elasticsearch: WARNING: DELETE http://elasticsearch:9200/test_trr_c97d3965-996f-4fbb-b4a7-1038423423bd [status:N/A request:0.005s]
Traceback (most recent call last):
  File "/root/.cache/pypoetry/virtualenvs/cpdbv2-backend-VA82Wl8V-py3.7/lib/python3.7/site-packages/urllib3/connection.py", line 160, in _new_conn
    (self._dns_host, self.port), self.timeout, **extra_kw
  File "/root/.cache/pypoetry/virtualenvs/cpdbv2-backend-VA82Wl8V-py3.7/lib/python3.7/site-packages/urllib3/util/connection.py", line 61, in create_connection
    for res in socket.getaddrinfo(host, port, family, socket.SOCK_STREAM):
  File "/usr/local/lib/python3.7/socket.py", line 752, in getaddrinfo
    for res in _socket.getaddrinfo(host, port, family, type, proto, flags):
socket.gaierror: [Errno -2] Name or service not known

During handling of the above exception, another exception occurred:

Traceback (most recent call last):
  File "/root/.cache/pypoetry/virtualenvs/cpdbv2-backend-VA82Wl8V-py3.7/lib/python3.7/site-packages/elasticsearch/connection/http_urllib3.py", line 115, in perform_request
    response = self.pool.urlopen(method, url, body, retries=False, headers=self.headers, **kw)
  File "/root/.cache/pypoetry/virtualenvs/cpdbv2-backend-VA82Wl8V-py3.7/lib/python3.7/site-packages/urllib3/connectionpool.py", line 727, in urlopen
    method, url, error=e, _pool=self, _stacktrace=sys.exc_info()[2]
  File "/root/.cache/pypoetry/virtualenvs/cpdbv2-backend-VA82Wl8V-py3.7/lib/python3.7/site-packages/urllib3/util/retry.py", line 386, in increment
    raise six.reraise(type(error), error, _stacktrace)
  File "/root/.cache/pypoetry/virtualenvs/cpdbv2-backend-VA82Wl8V-py3.7/lib/python3.7/site-packages/urllib3/packages/six.py", line 735, in reraise
    raise value
  File "/root/.cache/pypoetry/virtualenvs/cpdbv2-backend-VA82Wl8V-py3.7/lib/python3.7/site-packages/urllib3/connectionpool.py", line 677, in urlopen
    chunked=chunked,
  File "/root/.cache/pypoetry/virtualenvs/cpdbv2-backend-VA82Wl8V-py3.7/lib/python3.7/site-packages/urllib3/connectionpool.py", line 392, in _make_request
    conn.request(method, url, **httplib_request_kw)
  File "/usr/local/lib/python3.7/http/client.py", line 1281, in request
    self._send_request(method, url, body, headers, encode_chunked)
  File "/usr/local/lib/python3.7/http/client.py", line 1327, in _send_request
    self.endheaders(body, encode_chunked=encode_chunked)
  File "/usr/local/lib/python3.7/http/client.py", line 1276, in endheaders
    self._send_output(message_body, encode_chunked=encode_chunked)
  File "/usr/local/lib/python3.7/http/client.py", line 1036, in _send_output
    self.send(msg)
  File "/usr/local/lib/python3.7/http/client.py", line 976, in send
    self.connect()
  File "/root/.cache/pypoetry/virtualenvs/cpdbv2-backend-VA82Wl8V-py3.7/lib/python3.7/site-packages/urllib3/connection.py", line 187, in connect
    conn = self._new_conn()
  File "/root/.cache/pypoetry/virtualenvs/cpdbv2-backend-VA82Wl8V-py3.7/lib/python3.7/site-packages/urllib3/connection.py", line 172, in _new_conn
    self, "Failed to establish a new connection: %s" % e
urllib3.exceptions.NewConnectionError: <urllib3.connection.HTTPConnection object at 0x7ff069281b90>: Failed to establish a new connection: [Errno -2] Name or service not known
elasticsearch: DEBUG: > None
urllib3.util.retry: DEBUG: Converted retries value: False -> Retry(total=False, connect=None, read=None, redirect=0, status=None)
urllib3.connectionpool: DEBUG: Starting new HTTP connection (622): elasticsearch:9200
elasticsearch: WARNING: DELETE http://elasticsearch:9200/test_trr_c97d3965-996f-4fbb-b4a7-1038423423bd [status:N/A request:0.004s]
Traceback (most recent call last):
  File "/root/.cache/pypoetry/virtualenvs/cpdbv2-backend-VA82Wl8V-py3.7/lib/python3.7/site-packages/urllib3/connection.py", line 160, in _new_conn
    (self._dns_host, self.port), self.timeout, **extra_kw
  File "/root/.cache/pypoetry/virtualenvs/cpdbv2-backend-VA82Wl8V-py3.7/lib/python3.7/site-packages/urllib3/util/connection.py", line 61, in create_connection
    for res in socket.getaddrinfo(host, port, family, socket.SOCK_STREAM):
  File "/usr/local/lib/python3.7/socket.py", line 752, in getaddrinfo
    for res in _socket.getaddrinfo(host, port, family, type, proto, flags):
socket.gaierror: [Errno -2] Name or service not known

During handling of the above exception, another exception occurred:

Traceback (most recent call last):
  File "/root/.cache/pypoetry/virtualenvs/cpdbv2-backend-VA82Wl8V-py3.7/lib/python3.7/site-packages/elasticsearch/connection/http_urllib3.py", line 115, in perform_request
    response = self.pool.urlopen(method, url, body, retries=False, headers=self.headers, **kw)
  File "/root/.cache/pypoetry/virtualenvs/cpdbv2-backend-VA82Wl8V-py3.7/lib/python3.7/site-packages/urllib3/connectionpool.py", line 727, in urlopen
    method, url, error=e, _pool=self, _stacktrace=sys.exc_info()[2]
  File "/root/.cache/pypoetry/virtualenvs/cpdbv2-backend-VA82Wl8V-py3.7/lib/python3.7/site-packages/urllib3/util/retry.py", line 386, in increment
    raise six.reraise(type(error), error, _stacktrace)
  File "/root/.cache/pypoetry/virtualenvs/cpdbv2-backend-VA82Wl8V-py3.7/lib/python3.7/site-packages/urllib3/packages/six.py", line 735, in reraise
    raise value
  File "/root/.cache/pypoetry/virtualenvs/cpdbv2-backend-VA82Wl8V-py3.7/lib/python3.7/site-packages/urllib3/connectionpool.py", line 677, in urlopen
    chunked=chunked,
  File "/root/.cache/pypoetry/virtualenvs/cpdbv2-backend-VA82Wl8V-py3.7/lib/python3.7/site-packages/urllib3/connectionpool.py", line 392, in _make_request
    conn.request(method, url, **httplib_request_kw)
  File "/usr/local/lib/python3.7/http/client.py", line 1281, in request
    self._send_request(method, url, body, headers, encode_chunked)
  File "/usr/local/lib/python3.7/http/client.py", line 1327, in _send_request
    self.endheaders(body, encode_chunked=encode_chunked)
  File "/usr/local/lib/python3.7/http/client.py", line 1276, in endheaders
    self._send_output(message_body, encode_chunked=encode_chunked)
  File "/usr/local/lib/python3.7/http/client.py", line 1036, in _send_output
    self.send(msg)
  File "/usr/local/lib/python3.7/http/client.py", line 976, in send
    self.connect()
  File "/root/.cache/pypoetry/virtualenvs/cpdbv2-backend-VA82Wl8V-py3.7/lib/python3.7/site-packages/urllib3/connection.py", line 187, in connect
    conn = self._new_conn()
  File "/root/.cache/pypoetry/virtualenvs/cpdbv2-backend-VA82Wl8V-py3.7/lib/python3.7/site-packages/urllib3/connection.py", line 172, in _new_conn
    self, "Failed to establish a new connection: %s" % e
urllib3.exceptions.NewConnectionError: <urllib3.connection.HTTPConnection object at 0x7ff069126b10>: Failed to establish a new connection: [Errno -2] Name or service not known
elasticsearch: DEBUG: > None
urllib3.util.retry: DEBUG: Converted retries value: False -> Retry(total=False, connect=None, read=None, redirect=0, status=None)
urllib3.connectionpool: DEBUG: Starting new HTTP connection (623): elasticsearch:9200
elasticsearch: WARNING: DELETE http://elasticsearch:9200/test_trr_c97d3965-996f-4fbb-b4a7-1038423423bd [status:N/A request:0.004s]
Traceback (most recent call last):
  File "/root/.cache/pypoetry/virtualenvs/cpdbv2-backend-VA82Wl8V-py3.7/lib/python3.7/site-packages/urllib3/connection.py", line 160, in _new_conn
    (self._dns_host, self.port), self.timeout, **extra_kw
  File "/root/.cache/pypoetry/virtualenvs/cpdbv2-backend-VA82Wl8V-py3.7/lib/python3.7/site-packages/urllib3/util/connection.py", line 61, in create_connection
    for res in socket.getaddrinfo(host, port, family, socket.SOCK_STREAM):
  File "/usr/local/lib/python3.7/socket.py", line 752, in getaddrinfo
    for res in _socket.getaddrinfo(host, port, family, type, proto, flags):
socket.gaierror: [Errno -2] Name or service not known

During handling of the above exception, another exception occurred:

Traceback (most recent call last):
  File "/root/.cache/pypoetry/virtualenvs/cpdbv2-backend-VA82Wl8V-py3.7/lib/python3.7/site-packages/elasticsearch/connection/http_urllib3.py", line 115, in perform_request
    response = self.pool.urlopen(method, url, body, retries=False, headers=self.headers, **kw)
  File "/root/.cache/pypoetry/virtualenvs/cpdbv2-backend-VA82Wl8V-py3.7/lib/python3.7/site-packages/urllib3/connectionpool.py", line 727, in urlopen
    method, url, error=e, _pool=self, _stacktrace=sys.exc_info()[2]
  File "/root/.cache/pypoetry/virtualenvs/cpdbv2-backend-VA82Wl8V-py3.7/lib/python3.7/site-packages/urllib3/util/retry.py", line 386, in increment
    raise six.reraise(type(error), error, _stacktrace)
  File "/root/.cache/pypoetry/virtualenvs/cpdbv2-backend-VA82Wl8V-py3.7/lib/python3.7/site-packages/urllib3/packages/six.py", line 735, in reraise
    raise value
  File "/root/.cache/pypoetry/virtualenvs/cpdbv2-backend-VA82Wl8V-py3.7/lib/python3.7/site-packages/urllib3/connectionpool.py", line 677, in urlopen
    chunked=chunked,
  File "/root/.cache/pypoetry/virtualenvs/cpdbv2-backend-VA82Wl8V-py3.7/lib/python3.7/site-packages/urllib3/connectionpool.py", line 392, in _make_request
    conn.request(method, url, **httplib_request_kw)
  File "/usr/local/lib/python3.7/http/client.py", line 1281, in request
    self._send_request(method, url, body, headers, encode_chunked)
  File "/usr/local/lib/python3.7/http/client.py", line 1327, in _send_request
    self.endheaders(body, encode_chunked=encode_chunked)
  File "/usr/local/lib/python3.7/http/client.py", line 1276, in endheaders
    self._send_output(message_body, encode_chunked=encode_chunked)
  File "/usr/local/lib/python3.7/http/client.py", line 1036, in _send_output
    self.send(msg)
  File "/usr/local/lib/python3.7/http/client.py", line 976, in send
    self.connect()
  File "/root/.cache/pypoetry/virtualenvs/cpdbv2-backend-VA82Wl8V-py3.7/lib/python3.7/site-packages/urllib3/connection.py", line 187, in connect
    conn = self._new_conn()
  File "/root/.cache/pypoetry/virtualenvs/cpdbv2-backend-VA82Wl8V-py3.7/lib/python3.7/site-packages/urllib3/connection.py", line 172, in _new_conn
    self, "Failed to establish a new connection: %s" % e
urllib3.exceptions.NewConnectionError: <urllib3.connection.HTTPConnection object at 0x7ff0691269d0>: Failed to establish a new connection: [Errno -2] Name or service not known
elasticsearch: DEBUG: > None
urllib3.util.retry: DEBUG: Converted retries value: False -> Retry(total=False, connect=None, read=None, redirect=0, status=None)
urllib3.connectionpool: DEBUG: Starting new HTTP connection (624): elasticsearch:9200
elasticsearch: WARNING: DELETE http://elasticsearch:9200/test_trr_c97d3965-996f-4fbb-b4a7-1038423423bd [status:N/A request:0.004s]
Traceback (most recent call last):
  File "/root/.cache/pypoetry/virtualenvs/cpdbv2-backend-VA82Wl8V-py3.7/lib/python3.7/site-packages/urllib3/connection.py", line 160, in _new_conn
    (self._dns_host, self.port), self.timeout, **extra_kw
  File "/root/.cache/pypoetry/virtualenvs/cpdbv2-backend-VA82Wl8V-py3.7/lib/python3.7/site-packages/urllib3/util/connection.py", line 61, in create_connection
    for res in socket.getaddrinfo(host, port, family, socket.SOCK_STREAM):
  File "/usr/local/lib/python3.7/socket.py", line 752, in getaddrinfo
    for res in _socket.getaddrinfo(host, port, family, type, proto, flags):
socket.gaierror: [Errno -2] Name or service not known

During handling of the above exception, another exception occurred:

Traceback (most recent call last):
  File "/root/.cache/pypoetry/virtualenvs/cpdbv2-backend-VA82Wl8V-py3.7/lib/python3.7/site-packages/elasticsearch/connection/http_urllib3.py", line 115, in perform_request
    response = self.pool.urlopen(method, url, body, retries=False, headers=self.headers, **kw)
  File "/root/.cache/pypoetry/virtualenvs/cpdbv2-backend-VA82Wl8V-py3.7/lib/python3.7/site-packages/urllib3/connectionpool.py", line 727, in urlopen
    method, url, error=e, _pool=self, _stacktrace=sys.exc_info()[2]
  File "/root/.cache/pypoetry/virtualenvs/cpdbv2-backend-VA82Wl8V-py3.7/lib/python3.7/site-packages/urllib3/util/retry.py", line 386, in increment
    raise six.reraise(type(error), error, _stacktrace)
  File "/root/.cache/pypoetry/virtualenvs/cpdbv2-backend-VA82Wl8V-py3.7/lib/python3.7/site-packages/urllib3/packages/six.py", line 735, in reraise
    raise value
  File "/root/.cache/pypoetry/virtualenvs/cpdbv2-backend-VA82Wl8V-py3.7/lib/python3.7/site-packages/urllib3/connectionpool.py", line 677, in urlopen
    chunked=chunked,
  File "/root/.cache/pypoetry/virtualenvs/cpdbv2-backend-VA82Wl8V-py3.7/lib/python3.7/site-packages/urllib3/connectionpool.py", line 392, in _make_request
    conn.request(method, url, **httplib_request_kw)
  File "/usr/local/lib/python3.7/http/client.py", line 1281, in request
    self._send_request(method, url, body, headers, encode_chunked)
  File "/usr/local/lib/python3.7/http/client.py", line 1327, in _send_request
    self.endheaders(body, encode_chunked=encode_chunked)
  File "/usr/local/lib/python3.7/http/client.py", line 1276, in endheaders
    self._send_output(message_body, encode_chunked=encode_chunked)
  File "/usr/local/lib/python3.7/http/client.py", line 1036, in _send_output
    self.send(msg)
  File "/usr/local/lib/python3.7/http/client.py", line 976, in send
    self.connect()
  File "/root/.cache/pypoetry/virtualenvs/cpdbv2-backend-VA82Wl8V-py3.7/lib/python3.7/site-packages/urllib3/connection.py", line 187, in connect
    conn = self._new_conn()
  File "/root/.cache/pypoetry/virtualenvs/cpdbv2-backend-VA82Wl8V-py3.7/lib/python3.7/site-packages/urllib3/connection.py", line 172, in _new_conn
    self, "Failed to establish a new connection: %s" % e
urllib3.exceptions.NewConnectionError: <urllib3.connection.HTTPConnection object at 0x7ff069126650>: Failed to establish a new connection: [Errno -2] Name or service not known
elasticsearch: DEBUG: > None
--------------------- >> end captured logging << ---------------------

======================================================================
ERROR: test_request_document_without_email (trr.tests.views.test_trr_viewset.TRRViewSetTestCase)
----------------------------------------------------------------------
Traceback (most recent call last):
  File "/usr/src/app/cpdb/trr/tests/mixins.py", line 7, in setUp
    trr_index_alias.write_index.delete(ignore=404)
  File "/root/.cache/pypoetry/virtualenvs/cpdbv2-backend-VA82Wl8V-py3.7/lib/python3.7/site-packages/elasticsearch_dsl/index.py", line 222, in delete
    self.connection.indices.delete(index=self._name, **kwargs)
  File "/root/.cache/pypoetry/virtualenvs/cpdbv2-backend-VA82Wl8V-py3.7/lib/python3.7/site-packages/elasticsearch/client/utils.py", line 73, in _wrapped
    return func(*args, params=params, **kwargs)
  File "/root/.cache/pypoetry/virtualenvs/cpdbv2-backend-VA82Wl8V-py3.7/lib/python3.7/site-packages/elasticsearch/client/indices.py", line 200, in delete
    params=params)
  File "/root/.cache/pypoetry/virtualenvs/cpdbv2-backend-VA82Wl8V-py3.7/lib/python3.7/site-packages/elasticsearch/transport.py", line 312, in perform_request
    status, headers, data = connection.perform_request(method, url, params, body, ignore=ignore, timeout=timeout)
  File "/root/.cache/pypoetry/virtualenvs/cpdbv2-backend-VA82Wl8V-py3.7/lib/python3.7/site-packages/elasticsearch/connection/http_urllib3.py", line 124, in perform_request
    raise ConnectionError('N/A', str(e), e)
elasticsearch.exceptions.ConnectionError: ConnectionError(<urllib3.connection.HTTPConnection object at 0x7ff069724f50>: Failed to establish a new connection: [Errno -2] Name or service not known) caused by: NewConnectionError(<urllib3.connection.HTTPConnection object at 0x7ff069724f50>: Failed to establish a new connection: [Errno -2] Name or service not known)
-------------------- >> begin captured logging << --------------------
urllib3.util.retry: DEBUG: Converted retries value: False -> Retry(total=False, connect=None, read=None, redirect=0, status=None)
urllib3.connectionpool: DEBUG: Starting new HTTP connection (625): elasticsearch:9200
elasticsearch: WARNING: DELETE http://elasticsearch:9200/test_trr_c97d3965-996f-4fbb-b4a7-1038423423bd [status:N/A request:0.004s]
Traceback (most recent call last):
  File "/root/.cache/pypoetry/virtualenvs/cpdbv2-backend-VA82Wl8V-py3.7/lib/python3.7/site-packages/urllib3/connection.py", line 160, in _new_conn
    (self._dns_host, self.port), self.timeout, **extra_kw
  File "/root/.cache/pypoetry/virtualenvs/cpdbv2-backend-VA82Wl8V-py3.7/lib/python3.7/site-packages/urllib3/util/connection.py", line 61, in create_connection
    for res in socket.getaddrinfo(host, port, family, socket.SOCK_STREAM):
  File "/usr/local/lib/python3.7/socket.py", line 752, in getaddrinfo
    for res in _socket.getaddrinfo(host, port, family, type, proto, flags):
socket.gaierror: [Errno -2] Name or service not known

During handling of the above exception, another exception occurred:

Traceback (most recent call last):
  File "/root/.cache/pypoetry/virtualenvs/cpdbv2-backend-VA82Wl8V-py3.7/lib/python3.7/site-packages/elasticsearch/connection/http_urllib3.py", line 115, in perform_request
    response = self.pool.urlopen(method, url, body, retries=False, headers=self.headers, **kw)
  File "/root/.cache/pypoetry/virtualenvs/cpdbv2-backend-VA82Wl8V-py3.7/lib/python3.7/site-packages/urllib3/connectionpool.py", line 727, in urlopen
    method, url, error=e, _pool=self, _stacktrace=sys.exc_info()[2]
  File "/root/.cache/pypoetry/virtualenvs/cpdbv2-backend-VA82Wl8V-py3.7/lib/python3.7/site-packages/urllib3/util/retry.py", line 386, in increment
    raise six.reraise(type(error), error, _stacktrace)
  File "/root/.cache/pypoetry/virtualenvs/cpdbv2-backend-VA82Wl8V-py3.7/lib/python3.7/site-packages/urllib3/packages/six.py", line 735, in reraise
    raise value
  File "/root/.cache/pypoetry/virtualenvs/cpdbv2-backend-VA82Wl8V-py3.7/lib/python3.7/site-packages/urllib3/connectionpool.py", line 677, in urlopen
    chunked=chunked,
  File "/root/.cache/pypoetry/virtualenvs/cpdbv2-backend-VA82Wl8V-py3.7/lib/python3.7/site-packages/urllib3/connectionpool.py", line 392, in _make_request
    conn.request(method, url, **httplib_request_kw)
  File "/usr/local/lib/python3.7/http/client.py", line 1281, in request
    self._send_request(method, url, body, headers, encode_chunked)
  File "/usr/local/lib/python3.7/http/client.py", line 1327, in _send_request
    self.endheaders(body, encode_chunked=encode_chunked)
  File "/usr/local/lib/python3.7/http/client.py", line 1276, in endheaders
    self._send_output(message_body, encode_chunked=encode_chunked)
  File "/usr/local/lib/python3.7/http/client.py", line 1036, in _send_output
    self.send(msg)
  File "/usr/local/lib/python3.7/http/client.py", line 976, in send
    self.connect()
  File "/root/.cache/pypoetry/virtualenvs/cpdbv2-backend-VA82Wl8V-py3.7/lib/python3.7/site-packages/urllib3/connection.py", line 187, in connect
    conn = self._new_conn()
  File "/root/.cache/pypoetry/virtualenvs/cpdbv2-backend-VA82Wl8V-py3.7/lib/python3.7/site-packages/urllib3/connection.py", line 172, in _new_conn
    self, "Failed to establish a new connection: %s" % e
urllib3.exceptions.NewConnectionError: <urllib3.connection.HTTPConnection object at 0x7ff06971e510>: Failed to establish a new connection: [Errno -2] Name or service not known
elasticsearch: DEBUG: > None
urllib3.util.retry: DEBUG: Converted retries value: False -> Retry(total=False, connect=None, read=None, redirect=0, status=None)
urllib3.connectionpool: DEBUG: Starting new HTTP connection (626): elasticsearch:9200
elasticsearch: WARNING: DELETE http://elasticsearch:9200/test_trr_c97d3965-996f-4fbb-b4a7-1038423423bd [status:N/A request:0.004s]
Traceback (most recent call last):
  File "/root/.cache/pypoetry/virtualenvs/cpdbv2-backend-VA82Wl8V-py3.7/lib/python3.7/site-packages/urllib3/connection.py", line 160, in _new_conn
    (self._dns_host, self.port), self.timeout, **extra_kw
  File "/root/.cache/pypoetry/virtualenvs/cpdbv2-backend-VA82Wl8V-py3.7/lib/python3.7/site-packages/urllib3/util/connection.py", line 61, in create_connection
    for res in socket.getaddrinfo(host, port, family, socket.SOCK_STREAM):
  File "/usr/local/lib/python3.7/socket.py", line 752, in getaddrinfo
    for res in _socket.getaddrinfo(host, port, family, type, proto, flags):
socket.gaierror: [Errno -2] Name or service not known

During handling of the above exception, another exception occurred:

Traceback (most recent call last):
  File "/root/.cache/pypoetry/virtualenvs/cpdbv2-backend-VA82Wl8V-py3.7/lib/python3.7/site-packages/elasticsearch/connection/http_urllib3.py", line 115, in perform_request
    response = self.pool.urlopen(method, url, body, retries=False, headers=self.headers, **kw)
  File "/root/.cache/pypoetry/virtualenvs/cpdbv2-backend-VA82Wl8V-py3.7/lib/python3.7/site-packages/urllib3/connectionpool.py", line 727, in urlopen
    method, url, error=e, _pool=self, _stacktrace=sys.exc_info()[2]
  File "/root/.cache/pypoetry/virtualenvs/cpdbv2-backend-VA82Wl8V-py3.7/lib/python3.7/site-packages/urllib3/util/retry.py", line 386, in increment
    raise six.reraise(type(error), error, _stacktrace)
  File "/root/.cache/pypoetry/virtualenvs/cpdbv2-backend-VA82Wl8V-py3.7/lib/python3.7/site-packages/urllib3/packages/six.py", line 735, in reraise
    raise value
  File "/root/.cache/pypoetry/virtualenvs/cpdbv2-backend-VA82Wl8V-py3.7/lib/python3.7/site-packages/urllib3/connectionpool.py", line 677, in urlopen
    chunked=chunked,
  File "/root/.cache/pypoetry/virtualenvs/cpdbv2-backend-VA82Wl8V-py3.7/lib/python3.7/site-packages/urllib3/connectionpool.py", line 392, in _make_request
    conn.request(method, url, **httplib_request_kw)
  File "/usr/local/lib/python3.7/http/client.py", line 1281, in request
    self._send_request(method, url, body, headers, encode_chunked)
  File "/usr/local/lib/python3.7/http/client.py", line 1327, in _send_request
    self.endheaders(body, encode_chunked=encode_chunked)
  File "/usr/local/lib/python3.7/http/client.py", line 1276, in endheaders
    self._send_output(message_body, encode_chunked=encode_chunked)
  File "/usr/local/lib/python3.7/http/client.py", line 1036, in _send_output
    self.send(msg)
  File "/usr/local/lib/python3.7/http/client.py", line 976, in send
    self.connect()
  File "/root/.cache/pypoetry/virtualenvs/cpdbv2-backend-VA82Wl8V-py3.7/lib/python3.7/site-packages/urllib3/connection.py", line 187, in connect
    conn = self._new_conn()
  File "/root/.cache/pypoetry/virtualenvs/cpdbv2-backend-VA82Wl8V-py3.7/lib/python3.7/site-packages/urllib3/connection.py", line 172, in _new_conn
    self, "Failed to establish a new connection: %s" % e
urllib3.exceptions.NewConnectionError: <urllib3.connection.HTTPConnection object at 0x7ff069724c50>: Failed to establish a new connection: [Errno -2] Name or service not known
elasticsearch: DEBUG: > None
urllib3.util.retry: DEBUG: Converted retries value: False -> Retry(total=False, connect=None, read=None, redirect=0, status=None)
urllib3.connectionpool: DEBUG: Starting new HTTP connection (627): elasticsearch:9200
elasticsearch: WARNING: DELETE http://elasticsearch:9200/test_trr_c97d3965-996f-4fbb-b4a7-1038423423bd [status:N/A request:0.004s]
Traceback (most recent call last):
  File "/root/.cache/pypoetry/virtualenvs/cpdbv2-backend-VA82Wl8V-py3.7/lib/python3.7/site-packages/urllib3/connection.py", line 160, in _new_conn
    (self._dns_host, self.port), self.timeout, **extra_kw
  File "/root/.cache/pypoetry/virtualenvs/cpdbv2-backend-VA82Wl8V-py3.7/lib/python3.7/site-packages/urllib3/util/connection.py", line 61, in create_connection
    for res in socket.getaddrinfo(host, port, family, socket.SOCK_STREAM):
  File "/usr/local/lib/python3.7/socket.py", line 752, in getaddrinfo
    for res in _socket.getaddrinfo(host, port, family, type, proto, flags):
socket.gaierror: [Errno -2] Name or service not known

During handling of the above exception, another exception occurred:

Traceback (most recent call last):
  File "/root/.cache/pypoetry/virtualenvs/cpdbv2-backend-VA82Wl8V-py3.7/lib/python3.7/site-packages/elasticsearch/connection/http_urllib3.py", line 115, in perform_request
    response = self.pool.urlopen(method, url, body, retries=False, headers=self.headers, **kw)
  File "/root/.cache/pypoetry/virtualenvs/cpdbv2-backend-VA82Wl8V-py3.7/lib/python3.7/site-packages/urllib3/connectionpool.py", line 727, in urlopen
    method, url, error=e, _pool=self, _stacktrace=sys.exc_info()[2]
  File "/root/.cache/pypoetry/virtualenvs/cpdbv2-backend-VA82Wl8V-py3.7/lib/python3.7/site-packages/urllib3/util/retry.py", line 386, in increment
    raise six.reraise(type(error), error, _stacktrace)
  File "/root/.cache/pypoetry/virtualenvs/cpdbv2-backend-VA82Wl8V-py3.7/lib/python3.7/site-packages/urllib3/packages/six.py", line 735, in reraise
    raise value
  File "/root/.cache/pypoetry/virtualenvs/cpdbv2-backend-VA82Wl8V-py3.7/lib/python3.7/site-packages/urllib3/connectionpool.py", line 677, in urlopen
    chunked=chunked,
  File "/root/.cache/pypoetry/virtualenvs/cpdbv2-backend-VA82Wl8V-py3.7/lib/python3.7/site-packages/urllib3/connectionpool.py", line 392, in _make_request
    conn.request(method, url, **httplib_request_kw)
  File "/usr/local/lib/python3.7/http/client.py", line 1281, in request
    self._send_request(method, url, body, headers, encode_chunked)
  File "/usr/local/lib/python3.7/http/client.py", line 1327, in _send_request
    self.endheaders(body, encode_chunked=encode_chunked)
  File "/usr/local/lib/python3.7/http/client.py", line 1276, in endheaders
    self._send_output(message_body, encode_chunked=encode_chunked)
  File "/usr/local/lib/python3.7/http/client.py", line 1036, in _send_output
    self.send(msg)
  File "/usr/local/lib/python3.7/http/client.py", line 976, in send
    self.connect()
  File "/root/.cache/pypoetry/virtualenvs/cpdbv2-backend-VA82Wl8V-py3.7/lib/python3.7/site-packages/urllib3/connection.py", line 187, in connect
    conn = self._new_conn()
  File "/root/.cache/pypoetry/virtualenvs/cpdbv2-backend-VA82Wl8V-py3.7/lib/python3.7/site-packages/urllib3/connection.py", line 172, in _new_conn
    self, "Failed to establish a new connection: %s" % e
urllib3.exceptions.NewConnectionError: <urllib3.connection.HTTPConnection object at 0x7ff069724d10>: Failed to establish a new connection: [Errno -2] Name or service not known
elasticsearch: DEBUG: > None
urllib3.util.retry: DEBUG: Converted retries value: False -> Retry(total=False, connect=None, read=None, redirect=0, status=None)
urllib3.connectionpool: DEBUG: Starting new HTTP connection (628): elasticsearch:9200
elasticsearch: WARNING: DELETE http://elasticsearch:9200/test_trr_c97d3965-996f-4fbb-b4a7-1038423423bd [status:N/A request:0.004s]
Traceback (most recent call last):
  File "/root/.cache/pypoetry/virtualenvs/cpdbv2-backend-VA82Wl8V-py3.7/lib/python3.7/site-packages/urllib3/connection.py", line 160, in _new_conn
    (self._dns_host, self.port), self.timeout, **extra_kw
  File "/root/.cache/pypoetry/virtualenvs/cpdbv2-backend-VA82Wl8V-py3.7/lib/python3.7/site-packages/urllib3/util/connection.py", line 61, in create_connection
    for res in socket.getaddrinfo(host, port, family, socket.SOCK_STREAM):
  File "/usr/local/lib/python3.7/socket.py", line 752, in getaddrinfo
    for res in _socket.getaddrinfo(host, port, family, type, proto, flags):
socket.gaierror: [Errno -2] Name or service not known

During handling of the above exception, another exception occurred:

Traceback (most recent call last):
  File "/root/.cache/pypoetry/virtualenvs/cpdbv2-backend-VA82Wl8V-py3.7/lib/python3.7/site-packages/elasticsearch/connection/http_urllib3.py", line 115, in perform_request
    response = self.pool.urlopen(method, url, body, retries=False, headers=self.headers, **kw)
  File "/root/.cache/pypoetry/virtualenvs/cpdbv2-backend-VA82Wl8V-py3.7/lib/python3.7/site-packages/urllib3/connectionpool.py", line 727, in urlopen
    method, url, error=e, _pool=self, _stacktrace=sys.exc_info()[2]
  File "/root/.cache/pypoetry/virtualenvs/cpdbv2-backend-VA82Wl8V-py3.7/lib/python3.7/site-packages/urllib3/util/retry.py", line 386, in increment
    raise six.reraise(type(error), error, _stacktrace)
  File "/root/.cache/pypoetry/virtualenvs/cpdbv2-backend-VA82Wl8V-py3.7/lib/python3.7/site-packages/urllib3/packages/six.py", line 735, in reraise
    raise value
  File "/root/.cache/pypoetry/virtualenvs/cpdbv2-backend-VA82Wl8V-py3.7/lib/python3.7/site-packages/urllib3/connectionpool.py", line 677, in urlopen
    chunked=chunked,
  File "/root/.cache/pypoetry/virtualenvs/cpdbv2-backend-VA82Wl8V-py3.7/lib/python3.7/site-packages/urllib3/connectionpool.py", line 392, in _make_request
    conn.request(method, url, **httplib_request_kw)
  File "/usr/local/lib/python3.7/http/client.py", line 1281, in request
    self._send_request(method, url, body, headers, encode_chunked)
  File "/usr/local/lib/python3.7/http/client.py", line 1327, in _send_request
    self.endheaders(body, encode_chunked=encode_chunked)
  File "/usr/local/lib/python3.7/http/client.py", line 1276, in endheaders
    self._send_output(message_body, encode_chunked=encode_chunked)
  File "/usr/local/lib/python3.7/http/client.py", line 1036, in _send_output
    self.send(msg)
  File "/usr/local/lib/python3.7/http/client.py", line 976, in send
    self.connect()
  File "/root/.cache/pypoetry/virtualenvs/cpdbv2-backend-VA82Wl8V-py3.7/lib/python3.7/site-packages/urllib3/connection.py", line 187, in connect
    conn = self._new_conn()
  File "/root/.cache/pypoetry/virtualenvs/cpdbv2-backend-VA82Wl8V-py3.7/lib/python3.7/site-packages/urllib3/connection.py", line 172, in _new_conn
    self, "Failed to establish a new connection: %s" % e
urllib3.exceptions.NewConnectionError: <urllib3.connection.HTTPConnection object at 0x7ff069724f50>: Failed to establish a new connection: [Errno -2] Name or service not known
elasticsearch: DEBUG: > None
--------------------- >> end captured logging << ---------------------

======================================================================
ERROR: test_request_same_document_twice (trr.tests.views.test_trr_viewset.TRRViewSetTestCase)
----------------------------------------------------------------------
Traceback (most recent call last):
  File "/usr/src/app/cpdb/trr/tests/mixins.py", line 7, in setUp
    trr_index_alias.write_index.delete(ignore=404)
  File "/root/.cache/pypoetry/virtualenvs/cpdbv2-backend-VA82Wl8V-py3.7/lib/python3.7/site-packages/elasticsearch_dsl/index.py", line 222, in delete
    self.connection.indices.delete(index=self._name, **kwargs)
  File "/root/.cache/pypoetry/virtualenvs/cpdbv2-backend-VA82Wl8V-py3.7/lib/python3.7/site-packages/elasticsearch/client/utils.py", line 73, in _wrapped
    return func(*args, params=params, **kwargs)
  File "/root/.cache/pypoetry/virtualenvs/cpdbv2-backend-VA82Wl8V-py3.7/lib/python3.7/site-packages/elasticsearch/client/indices.py", line 200, in delete
    params=params)
  File "/root/.cache/pypoetry/virtualenvs/cpdbv2-backend-VA82Wl8V-py3.7/lib/python3.7/site-packages/elasticsearch/transport.py", line 312, in perform_request
    status, headers, data = connection.perform_request(method, url, params, body, ignore=ignore, timeout=timeout)
  File "/root/.cache/pypoetry/virtualenvs/cpdbv2-backend-VA82Wl8V-py3.7/lib/python3.7/site-packages/elasticsearch/connection/http_urllib3.py", line 124, in perform_request
    raise ConnectionError('N/A', str(e), e)
elasticsearch.exceptions.ConnectionError: ConnectionError(<urllib3.connection.HTTPConnection object at 0x7ff06971ab50>: Failed to establish a new connection: [Errno -2] Name or service not known) caused by: NewConnectionError(<urllib3.connection.HTTPConnection object at 0x7ff06971ab50>: Failed to establish a new connection: [Errno -2] Name or service not known)
-------------------- >> begin captured logging << --------------------
urllib3.util.retry: DEBUG: Converted retries value: False -> Retry(total=False, connect=None, read=None, redirect=0, status=None)
urllib3.connectionpool: DEBUG: Starting new HTTP connection (629): elasticsearch:9200
elasticsearch: WARNING: DELETE http://elasticsearch:9200/test_trr_c97d3965-996f-4fbb-b4a7-1038423423bd [status:N/A request:0.004s]
Traceback (most recent call last):
  File "/root/.cache/pypoetry/virtualenvs/cpdbv2-backend-VA82Wl8V-py3.7/lib/python3.7/site-packages/urllib3/connection.py", line 160, in _new_conn
    (self._dns_host, self.port), self.timeout, **extra_kw
  File "/root/.cache/pypoetry/virtualenvs/cpdbv2-backend-VA82Wl8V-py3.7/lib/python3.7/site-packages/urllib3/util/connection.py", line 61, in create_connection
    for res in socket.getaddrinfo(host, port, family, socket.SOCK_STREAM):
  File "/usr/local/lib/python3.7/socket.py", line 752, in getaddrinfo
    for res in _socket.getaddrinfo(host, port, family, type, proto, flags):
socket.gaierror: [Errno -2] Name or service not known

During handling of the above exception, another exception occurred:

Traceback (most recent call last):
  File "/root/.cache/pypoetry/virtualenvs/cpdbv2-backend-VA82Wl8V-py3.7/lib/python3.7/site-packages/elasticsearch/connection/http_urllib3.py", line 115, in perform_request
    response = self.pool.urlopen(method, url, body, retries=False, headers=self.headers, **kw)
  File "/root/.cache/pypoetry/virtualenvs/cpdbv2-backend-VA82Wl8V-py3.7/lib/python3.7/site-packages/urllib3/connectionpool.py", line 727, in urlopen
    method, url, error=e, _pool=self, _stacktrace=sys.exc_info()[2]
  File "/root/.cache/pypoetry/virtualenvs/cpdbv2-backend-VA82Wl8V-py3.7/lib/python3.7/site-packages/urllib3/util/retry.py", line 386, in increment
    raise six.reraise(type(error), error, _stacktrace)
  File "/root/.cache/pypoetry/virtualenvs/cpdbv2-backend-VA82Wl8V-py3.7/lib/python3.7/site-packages/urllib3/packages/six.py", line 735, in reraise
    raise value
  File "/root/.cache/pypoetry/virtualenvs/cpdbv2-backend-VA82Wl8V-py3.7/lib/python3.7/site-packages/urllib3/connectionpool.py", line 677, in urlopen
    chunked=chunked,
  File "/root/.cache/pypoetry/virtualenvs/cpdbv2-backend-VA82Wl8V-py3.7/lib/python3.7/site-packages/urllib3/connectionpool.py", line 392, in _make_request
    conn.request(method, url, **httplib_request_kw)
  File "/usr/local/lib/python3.7/http/client.py", line 1281, in request
    self._send_request(method, url, body, headers, encode_chunked)
  File "/usr/local/lib/python3.7/http/client.py", line 1327, in _send_request
    self.endheaders(body, encode_chunked=encode_chunked)
  File "/usr/local/lib/python3.7/http/client.py", line 1276, in endheaders
    self._send_output(message_body, encode_chunked=encode_chunked)
  File "/usr/local/lib/python3.7/http/client.py", line 1036, in _send_output
    self.send(msg)
  File "/usr/local/lib/python3.7/http/client.py", line 976, in send
    self.connect()
  File "/root/.cache/pypoetry/virtualenvs/cpdbv2-backend-VA82Wl8V-py3.7/lib/python3.7/site-packages/urllib3/connection.py", line 187, in connect
    conn = self._new_conn()
  File "/root/.cache/pypoetry/virtualenvs/cpdbv2-backend-VA82Wl8V-py3.7/lib/python3.7/site-packages/urllib3/connection.py", line 172, in _new_conn
    self, "Failed to establish a new connection: %s" % e
urllib3.exceptions.NewConnectionError: <urllib3.connection.HTTPConnection object at 0x7ff069724490>: Failed to establish a new connection: [Errno -2] Name or service not known
elasticsearch: DEBUG: > None
urllib3.util.retry: DEBUG: Converted retries value: False -> Retry(total=False, connect=None, read=None, redirect=0, status=None)
urllib3.connectionpool: DEBUG: Starting new HTTP connection (630): elasticsearch:9200
elasticsearch: WARNING: DELETE http://elasticsearch:9200/test_trr_c97d3965-996f-4fbb-b4a7-1038423423bd [status:N/A request:0.004s]
Traceback (most recent call last):
  File "/root/.cache/pypoetry/virtualenvs/cpdbv2-backend-VA82Wl8V-py3.7/lib/python3.7/site-packages/urllib3/connection.py", line 160, in _new_conn
    (self._dns_host, self.port), self.timeout, **extra_kw
  File "/root/.cache/pypoetry/virtualenvs/cpdbv2-backend-VA82Wl8V-py3.7/lib/python3.7/site-packages/urllib3/util/connection.py", line 61, in create_connection
    for res in socket.getaddrinfo(host, port, family, socket.SOCK_STREAM):
  File "/usr/local/lib/python3.7/socket.py", line 752, in getaddrinfo
    for res in _socket.getaddrinfo(host, port, family, type, proto, flags):
socket.gaierror: [Errno -2] Name or service not known

During handling of the above exception, another exception occurred:

Traceback (most recent call last):
  File "/root/.cache/pypoetry/virtualenvs/cpdbv2-backend-VA82Wl8V-py3.7/lib/python3.7/site-packages/elasticsearch/connection/http_urllib3.py", line 115, in perform_request
    response = self.pool.urlopen(method, url, body, retries=False, headers=self.headers, **kw)
  File "/root/.cache/pypoetry/virtualenvs/cpdbv2-backend-VA82Wl8V-py3.7/lib/python3.7/site-packages/urllib3/connectionpool.py", line 727, in urlopen
    method, url, error=e, _pool=self, _stacktrace=sys.exc_info()[2]
  File "/root/.cache/pypoetry/virtualenvs/cpdbv2-backend-VA82Wl8V-py3.7/lib/python3.7/site-packages/urllib3/util/retry.py", line 386, in increment
    raise six.reraise(type(error), error, _stacktrace)
  File "/root/.cache/pypoetry/virtualenvs/cpdbv2-backend-VA82Wl8V-py3.7/lib/python3.7/site-packages/urllib3/packages/six.py", line 735, in reraise
    raise value
  File "/root/.cache/pypoetry/virtualenvs/cpdbv2-backend-VA82Wl8V-py3.7/lib/python3.7/site-packages/urllib3/connectionpool.py", line 677, in urlopen
    chunked=chunked,
  File "/root/.cache/pypoetry/virtualenvs/cpdbv2-backend-VA82Wl8V-py3.7/lib/python3.7/site-packages/urllib3/connectionpool.py", line 392, in _make_request
    conn.request(method, url, **httplib_request_kw)
  File "/usr/local/lib/python3.7/http/client.py", line 1281, in request
    self._send_request(method, url, body, headers, encode_chunked)
  File "/usr/local/lib/python3.7/http/client.py", line 1327, in _send_request
    self.endheaders(body, encode_chunked=encode_chunked)
  File "/usr/local/lib/python3.7/http/client.py", line 1276, in endheaders
    self._send_output(message_body, encode_chunked=encode_chunked)
  File "/usr/local/lib/python3.7/http/client.py", line 1036, in _send_output
    self.send(msg)
  File "/usr/local/lib/python3.7/http/client.py", line 976, in send
    self.connect()
  File "/root/.cache/pypoetry/virtualenvs/cpdbv2-backend-VA82Wl8V-py3.7/lib/python3.7/site-packages/urllib3/connection.py", line 187, in connect
    conn = self._new_conn()
  File "/root/.cache/pypoetry/virtualenvs/cpdbv2-backend-VA82Wl8V-py3.7/lib/python3.7/site-packages/urllib3/connection.py", line 172, in _new_conn
    self, "Failed to establish a new connection: %s" % e
urllib3.exceptions.NewConnectionError: <urllib3.connection.HTTPConnection object at 0x7ff06971ac10>: Failed to establish a new connection: [Errno -2] Name or service not known
elasticsearch: DEBUG: > None
urllib3.util.retry: DEBUG: Converted retries value: False -> Retry(total=False, connect=None, read=None, redirect=0, status=None)
urllib3.connectionpool: DEBUG: Starting new HTTP connection (631): elasticsearch:9200
elasticsearch: WARNING: DELETE http://elasticsearch:9200/test_trr_c97d3965-996f-4fbb-b4a7-1038423423bd [status:N/A request:0.004s]
Traceback (most recent call last):
  File "/root/.cache/pypoetry/virtualenvs/cpdbv2-backend-VA82Wl8V-py3.7/lib/python3.7/site-packages/urllib3/connection.py", line 160, in _new_conn
    (self._dns_host, self.port), self.timeout, **extra_kw
  File "/root/.cache/pypoetry/virtualenvs/cpdbv2-backend-VA82Wl8V-py3.7/lib/python3.7/site-packages/urllib3/util/connection.py", line 61, in create_connection
    for res in socket.getaddrinfo(host, port, family, socket.SOCK_STREAM):
  File "/usr/local/lib/python3.7/socket.py", line 752, in getaddrinfo
    for res in _socket.getaddrinfo(host, port, family, type, proto, flags):
socket.gaierror: [Errno -2] Name or service not known

During handling of the above exception, another exception occurred:

Traceback (most recent call last):
  File "/root/.cache/pypoetry/virtualenvs/cpdbv2-backend-VA82Wl8V-py3.7/lib/python3.7/site-packages/elasticsearch/connection/http_urllib3.py", line 115, in perform_request
    response = self.pool.urlopen(method, url, body, retries=False, headers=self.headers, **kw)
  File "/root/.cache/pypoetry/virtualenvs/cpdbv2-backend-VA82Wl8V-py3.7/lib/python3.7/site-packages/urllib3/connectionpool.py", line 727, in urlopen
    method, url, error=e, _pool=self, _stacktrace=sys.exc_info()[2]
  File "/root/.cache/pypoetry/virtualenvs/cpdbv2-backend-VA82Wl8V-py3.7/lib/python3.7/site-packages/urllib3/util/retry.py", line 386, in increment
    raise six.reraise(type(error), error, _stacktrace)
  File "/root/.cache/pypoetry/virtualenvs/cpdbv2-backend-VA82Wl8V-py3.7/lib/python3.7/site-packages/urllib3/packages/six.py", line 735, in reraise
    raise value
  File "/root/.cache/pypoetry/virtualenvs/cpdbv2-backend-VA82Wl8V-py3.7/lib/python3.7/site-packages/urllib3/connectionpool.py", line 677, in urlopen
    chunked=chunked,
  File "/root/.cache/pypoetry/virtualenvs/cpdbv2-backend-VA82Wl8V-py3.7/lib/python3.7/site-packages/urllib3/connectionpool.py", line 392, in _make_request
    conn.request(method, url, **httplib_request_kw)
  File "/usr/local/lib/python3.7/http/client.py", line 1281, in request
    self._send_request(method, url, body, headers, encode_chunked)
  File "/usr/local/lib/python3.7/http/client.py", line 1327, in _send_request
    self.endheaders(body, encode_chunked=encode_chunked)
  File "/usr/local/lib/python3.7/http/client.py", line 1276, in endheaders
    self._send_output(message_body, encode_chunked=encode_chunked)
  File "/usr/local/lib/python3.7/http/client.py", line 1036, in _send_output
    self.send(msg)
  File "/usr/local/lib/python3.7/http/client.py", line 976, in send
    self.connect()
  File "/root/.cache/pypoetry/virtualenvs/cpdbv2-backend-VA82Wl8V-py3.7/lib/python3.7/site-packages/urllib3/connection.py", line 187, in connect
    conn = self._new_conn()
  File "/root/.cache/pypoetry/virtualenvs/cpdbv2-backend-VA82Wl8V-py3.7/lib/python3.7/site-packages/urllib3/connection.py", line 172, in _new_conn
    self, "Failed to establish a new connection: %s" % e
urllib3.exceptions.NewConnectionError: <urllib3.connection.HTTPConnection object at 0x7ff06971acd0>: Failed to establish a new connection: [Errno -2] Name or service not known
elasticsearch: DEBUG: > None
urllib3.util.retry: DEBUG: Converted retries value: False -> Retry(total=False, connect=None, read=None, redirect=0, status=None)
urllib3.connectionpool: DEBUG: Starting new HTTP connection (632): elasticsearch:9200
elasticsearch: WARNING: DELETE http://elasticsearch:9200/test_trr_c97d3965-996f-4fbb-b4a7-1038423423bd [status:N/A request:0.005s]
Traceback (most recent call last):
  File "/root/.cache/pypoetry/virtualenvs/cpdbv2-backend-VA82Wl8V-py3.7/lib/python3.7/site-packages/urllib3/connection.py", line 160, in _new_conn
    (self._dns_host, self.port), self.timeout, **extra_kw
  File "/root/.cache/pypoetry/virtualenvs/cpdbv2-backend-VA82Wl8V-py3.7/lib/python3.7/site-packages/urllib3/util/connection.py", line 61, in create_connection
    for res in socket.getaddrinfo(host, port, family, socket.SOCK_STREAM):
  File "/usr/local/lib/python3.7/socket.py", line 752, in getaddrinfo
    for res in _socket.getaddrinfo(host, port, family, type, proto, flags):
socket.gaierror: [Errno -2] Name or service not known

During handling of the above exception, another exception occurred:

Traceback (most recent call last):
  File "/root/.cache/pypoetry/virtualenvs/cpdbv2-backend-VA82Wl8V-py3.7/lib/python3.7/site-packages/elasticsearch/connection/http_urllib3.py", line 115, in perform_request
    response = self.pool.urlopen(method, url, body, retries=False, headers=self.headers, **kw)
  File "/root/.cache/pypoetry/virtualenvs/cpdbv2-backend-VA82Wl8V-py3.7/lib/python3.7/site-packages/urllib3/connectionpool.py", line 727, in urlopen
    method, url, error=e, _pool=self, _stacktrace=sys.exc_info()[2]
  File "/root/.cache/pypoetry/virtualenvs/cpdbv2-backend-VA82Wl8V-py3.7/lib/python3.7/site-packages/urllib3/util/retry.py", line 386, in increment
    raise six.reraise(type(error), error, _stacktrace)
  File "/root/.cache/pypoetry/virtualenvs/cpdbv2-backend-VA82Wl8V-py3.7/lib/python3.7/site-packages/urllib3/packages/six.py", line 735, in reraise
    raise value
  File "/root/.cache/pypoetry/virtualenvs/cpdbv2-backend-VA82Wl8V-py3.7/lib/python3.7/site-packages/urllib3/connectionpool.py", line 677, in urlopen
    chunked=chunked,
  File "/root/.cache/pypoetry/virtualenvs/cpdbv2-backend-VA82Wl8V-py3.7/lib/python3.7/site-packages/urllib3/connectionpool.py", line 392, in _make_request
    conn.request(method, url, **httplib_request_kw)
  File "/usr/local/lib/python3.7/http/client.py", line 1281, in request
    self._send_request(method, url, body, headers, encode_chunked)
  File "/usr/local/lib/python3.7/http/client.py", line 1327, in _send_request
    self.endheaders(body, encode_chunked=encode_chunked)
  File "/usr/local/lib/python3.7/http/client.py", line 1276, in endheaders
    self._send_output(message_body, encode_chunked=encode_chunked)
  File "/usr/local/lib/python3.7/http/client.py", line 1036, in _send_output
    self.send(msg)
  File "/usr/local/lib/python3.7/http/client.py", line 976, in send
    self.connect()
  File "/root/.cache/pypoetry/virtualenvs/cpdbv2-backend-VA82Wl8V-py3.7/lib/python3.7/site-packages/urllib3/connection.py", line 187, in connect
    conn = self._new_conn()
  File "/root/.cache/pypoetry/virtualenvs/cpdbv2-backend-VA82Wl8V-py3.7/lib/python3.7/site-packages/urllib3/connection.py", line 172, in _new_conn
    self, "Failed to establish a new connection: %s" % e
urllib3.exceptions.NewConnectionError: <urllib3.connection.HTTPConnection object at 0x7ff06971ab50>: Failed to establish a new connection: [Errno -2] Name or service not known
elasticsearch: DEBUG: > None
--------------------- >> end captured logging << ---------------------

======================================================================
ERROR: test_retrieve (trr.tests.views.test_trr_viewset.TRRViewSetTestCase)
----------------------------------------------------------------------
Traceback (most recent call last):
  File "/usr/src/app/cpdb/trr/tests/mixins.py", line 7, in setUp
    trr_index_alias.write_index.delete(ignore=404)
  File "/root/.cache/pypoetry/virtualenvs/cpdbv2-backend-VA82Wl8V-py3.7/lib/python3.7/site-packages/elasticsearch_dsl/index.py", line 222, in delete
    self.connection.indices.delete(index=self._name, **kwargs)
  File "/root/.cache/pypoetry/virtualenvs/cpdbv2-backend-VA82Wl8V-py3.7/lib/python3.7/site-packages/elasticsearch/client/utils.py", line 73, in _wrapped
    return func(*args, params=params, **kwargs)
  File "/root/.cache/pypoetry/virtualenvs/cpdbv2-backend-VA82Wl8V-py3.7/lib/python3.7/site-packages/elasticsearch/client/indices.py", line 200, in delete
    params=params)
  File "/root/.cache/pypoetry/virtualenvs/cpdbv2-backend-VA82Wl8V-py3.7/lib/python3.7/site-packages/elasticsearch/transport.py", line 312, in perform_request
    status, headers, data = connection.perform_request(method, url, params, body, ignore=ignore, timeout=timeout)
  File "/root/.cache/pypoetry/virtualenvs/cpdbv2-backend-VA82Wl8V-py3.7/lib/python3.7/site-packages/elasticsearch/connection/http_urllib3.py", line 124, in perform_request
    raise ConnectionError('N/A', str(e), e)
elasticsearch.exceptions.ConnectionError: ConnectionError(<urllib3.connection.HTTPConnection object at 0x7ff0697244d0>: Failed to establish a new connection: [Errno -2] Name or service not known) caused by: NewConnectionError(<urllib3.connection.HTTPConnection object at 0x7ff0697244d0>: Failed to establish a new connection: [Errno -2] Name or service not known)
-------------------- >> begin captured logging << --------------------
urllib3.util.retry: DEBUG: Converted retries value: False -> Retry(total=False, connect=None, read=None, redirect=0, status=None)
urllib3.connectionpool: DEBUG: Starting new HTTP connection (633): elasticsearch:9200
elasticsearch: WARNING: DELETE http://elasticsearch:9200/test_trr_c97d3965-996f-4fbb-b4a7-1038423423bd [status:N/A request:0.004s]
Traceback (most recent call last):
  File "/root/.cache/pypoetry/virtualenvs/cpdbv2-backend-VA82Wl8V-py3.7/lib/python3.7/site-packages/urllib3/connection.py", line 160, in _new_conn
    (self._dns_host, self.port), self.timeout, **extra_kw
  File "/root/.cache/pypoetry/virtualenvs/cpdbv2-backend-VA82Wl8V-py3.7/lib/python3.7/site-packages/urllib3/util/connection.py", line 61, in create_connection
    for res in socket.getaddrinfo(host, port, family, socket.SOCK_STREAM):
  File "/usr/local/lib/python3.7/socket.py", line 752, in getaddrinfo
    for res in _socket.getaddrinfo(host, port, family, type, proto, flags):
socket.gaierror: [Errno -2] Name or service not known

During handling of the above exception, another exception occurred:

Traceback (most recent call last):
  File "/root/.cache/pypoetry/virtualenvs/cpdbv2-backend-VA82Wl8V-py3.7/lib/python3.7/site-packages/elasticsearch/connection/http_urllib3.py", line 115, in perform_request
    response = self.pool.urlopen(method, url, body, retries=False, headers=self.headers, **kw)
  File "/root/.cache/pypoetry/virtualenvs/cpdbv2-backend-VA82Wl8V-py3.7/lib/python3.7/site-packages/urllib3/connectionpool.py", line 727, in urlopen
    method, url, error=e, _pool=self, _stacktrace=sys.exc_info()[2]
  File "/root/.cache/pypoetry/virtualenvs/cpdbv2-backend-VA82Wl8V-py3.7/lib/python3.7/site-packages/urllib3/util/retry.py", line 386, in increment
    raise six.reraise(type(error), error, _stacktrace)
  File "/root/.cache/pypoetry/virtualenvs/cpdbv2-backend-VA82Wl8V-py3.7/lib/python3.7/site-packages/urllib3/packages/six.py", line 735, in reraise
    raise value
  File "/root/.cache/pypoetry/virtualenvs/cpdbv2-backend-VA82Wl8V-py3.7/lib/python3.7/site-packages/urllib3/connectionpool.py", line 677, in urlopen
    chunked=chunked,
  File "/root/.cache/pypoetry/virtualenvs/cpdbv2-backend-VA82Wl8V-py3.7/lib/python3.7/site-packages/urllib3/connectionpool.py", line 392, in _make_request
    conn.request(method, url, **httplib_request_kw)
  File "/usr/local/lib/python3.7/http/client.py", line 1281, in request
    self._send_request(method, url, body, headers, encode_chunked)
  File "/usr/local/lib/python3.7/http/client.py", line 1327, in _send_request
    self.endheaders(body, encode_chunked=encode_chunked)
  File "/usr/local/lib/python3.7/http/client.py", line 1276, in endheaders
    self._send_output(message_body, encode_chunked=encode_chunked)
  File "/usr/local/lib/python3.7/http/client.py", line 1036, in _send_output
    self.send(msg)
  File "/usr/local/lib/python3.7/http/client.py", line 976, in send
    self.connect()
  File "/root/.cache/pypoetry/virtualenvs/cpdbv2-backend-VA82Wl8V-py3.7/lib/python3.7/site-packages/urllib3/connection.py", line 187, in connect
    conn = self._new_conn()
  File "/root/.cache/pypoetry/virtualenvs/cpdbv2-backend-VA82Wl8V-py3.7/lib/python3.7/site-packages/urllib3/connection.py", line 172, in _new_conn
    self, "Failed to establish a new connection: %s" % e
urllib3.exceptions.NewConnectionError: <urllib3.connection.HTTPConnection object at 0x7ff069724e90>: Failed to establish a new connection: [Errno -2] Name or service not known
elasticsearch: DEBUG: > None
urllib3.util.retry: DEBUG: Converted retries value: False -> Retry(total=False, connect=None, read=None, redirect=0, status=None)
urllib3.connectionpool: DEBUG: Starting new HTTP connection (634): elasticsearch:9200
elasticsearch: WARNING: DELETE http://elasticsearch:9200/test_trr_c97d3965-996f-4fbb-b4a7-1038423423bd [status:N/A request:0.007s]
Traceback (most recent call last):
  File "/root/.cache/pypoetry/virtualenvs/cpdbv2-backend-VA82Wl8V-py3.7/lib/python3.7/site-packages/urllib3/connection.py", line 160, in _new_conn
    (self._dns_host, self.port), self.timeout, **extra_kw
  File "/root/.cache/pypoetry/virtualenvs/cpdbv2-backend-VA82Wl8V-py3.7/lib/python3.7/site-packages/urllib3/util/connection.py", line 61, in create_connection
    for res in socket.getaddrinfo(host, port, family, socket.SOCK_STREAM):
  File "/usr/local/lib/python3.7/socket.py", line 752, in getaddrinfo
    for res in _socket.getaddrinfo(host, port, family, type, proto, flags):
socket.gaierror: [Errno -2] Name or service not known

During handling of the above exception, another exception occurred:

Traceback (most recent call last):
  File "/root/.cache/pypoetry/virtualenvs/cpdbv2-backend-VA82Wl8V-py3.7/lib/python3.7/site-packages/elasticsearch/connection/http_urllib3.py", line 115, in perform_request
    response = self.pool.urlopen(method, url, body, retries=False, headers=self.headers, **kw)
  File "/root/.cache/pypoetry/virtualenvs/cpdbv2-backend-VA82Wl8V-py3.7/lib/python3.7/site-packages/urllib3/connectionpool.py", line 727, in urlopen
    method, url, error=e, _pool=self, _stacktrace=sys.exc_info()[2]
  File "/root/.cache/pypoetry/virtualenvs/cpdbv2-backend-VA82Wl8V-py3.7/lib/python3.7/site-packages/urllib3/util/retry.py", line 386, in increment
    raise six.reraise(type(error), error, _stacktrace)
  File "/root/.cache/pypoetry/virtualenvs/cpdbv2-backend-VA82Wl8V-py3.7/lib/python3.7/site-packages/urllib3/packages/six.py", line 735, in reraise
    raise value
  File "/root/.cache/pypoetry/virtualenvs/cpdbv2-backend-VA82Wl8V-py3.7/lib/python3.7/site-packages/urllib3/connectionpool.py", line 677, in urlopen
    chunked=chunked,
  File "/root/.cache/pypoetry/virtualenvs/cpdbv2-backend-VA82Wl8V-py3.7/lib/python3.7/site-packages/urllib3/connectionpool.py", line 392, in _make_request
    conn.request(method, url, **httplib_request_kw)
  File "/usr/local/lib/python3.7/http/client.py", line 1281, in request
    self._send_request(method, url, body, headers, encode_chunked)
  File "/usr/local/lib/python3.7/http/client.py", line 1327, in _send_request
    self.endheaders(body, encode_chunked=encode_chunked)
  File "/usr/local/lib/python3.7/http/client.py", line 1276, in endheaders
    self._send_output(message_body, encode_chunked=encode_chunked)
  File "/usr/local/lib/python3.7/http/client.py", line 1036, in _send_output
    self.send(msg)
  File "/usr/local/lib/python3.7/http/client.py", line 976, in send
    self.connect()
  File "/root/.cache/pypoetry/virtualenvs/cpdbv2-backend-VA82Wl8V-py3.7/lib/python3.7/site-packages/urllib3/connection.py", line 187, in connect
    conn = self._new_conn()
  File "/root/.cache/pypoetry/virtualenvs/cpdbv2-backend-VA82Wl8V-py3.7/lib/python3.7/site-packages/urllib3/connection.py", line 172, in _new_conn
    self, "Failed to establish a new connection: %s" % e
urllib3.exceptions.NewConnectionError: <urllib3.connection.HTTPConnection object at 0x7ff069724490>: Failed to establish a new connection: [Errno -2] Name or service not known
elasticsearch: DEBUG: > None
urllib3.util.retry: DEBUG: Converted retries value: False -> Retry(total=False, connect=None, read=None, redirect=0, status=None)
urllib3.connectionpool: DEBUG: Starting new HTTP connection (635): elasticsearch:9200
elasticsearch: WARNING: DELETE http://elasticsearch:9200/test_trr_c97d3965-996f-4fbb-b4a7-1038423423bd [status:N/A request:0.004s]
Traceback (most recent call last):
  File "/root/.cache/pypoetry/virtualenvs/cpdbv2-backend-VA82Wl8V-py3.7/lib/python3.7/site-packages/urllib3/connection.py", line 160, in _new_conn
    (self._dns_host, self.port), self.timeout, **extra_kw
  File "/root/.cache/pypoetry/virtualenvs/cpdbv2-backend-VA82Wl8V-py3.7/lib/python3.7/site-packages/urllib3/util/connection.py", line 61, in create_connection
    for res in socket.getaddrinfo(host, port, family, socket.SOCK_STREAM):
  File "/usr/local/lib/python3.7/socket.py", line 752, in getaddrinfo
    for res in _socket.getaddrinfo(host, port, family, type, proto, flags):
socket.gaierror: [Errno -2] Name or service not known

During handling of the above exception, another exception occurred:

Traceback (most recent call last):
  File "/root/.cache/pypoetry/virtualenvs/cpdbv2-backend-VA82Wl8V-py3.7/lib/python3.7/site-packages/elasticsearch/connection/http_urllib3.py", line 115, in perform_request
    response = self.pool.urlopen(method, url, body, retries=False, headers=self.headers, **kw)
  File "/root/.cache/pypoetry/virtualenvs/cpdbv2-backend-VA82Wl8V-py3.7/lib/python3.7/site-packages/urllib3/connectionpool.py", line 727, in urlopen
    method, url, error=e, _pool=self, _stacktrace=sys.exc_info()[2]
  File "/root/.cache/pypoetry/virtualenvs/cpdbv2-backend-VA82Wl8V-py3.7/lib/python3.7/site-packages/urllib3/util/retry.py", line 386, in increment
    raise six.reraise(type(error), error, _stacktrace)
  File "/root/.cache/pypoetry/virtualenvs/cpdbv2-backend-VA82Wl8V-py3.7/lib/python3.7/site-packages/urllib3/packages/six.py", line 735, in reraise
    raise value
  File "/root/.cache/pypoetry/virtualenvs/cpdbv2-backend-VA82Wl8V-py3.7/lib/python3.7/site-packages/urllib3/connectionpool.py", line 677, in urlopen
    chunked=chunked,
  File "/root/.cache/pypoetry/virtualenvs/cpdbv2-backend-VA82Wl8V-py3.7/lib/python3.7/site-packages/urllib3/connectionpool.py", line 392, in _make_request
    conn.request(method, url, **httplib_request_kw)
  File "/usr/local/lib/python3.7/http/client.py", line 1281, in request
    self._send_request(method, url, body, headers, encode_chunked)
  File "/usr/local/lib/python3.7/http/client.py", line 1327, in _send_request
    self.endheaders(body, encode_chunked=encode_chunked)
  File "/usr/local/lib/python3.7/http/client.py", line 1276, in endheaders
    self._send_output(message_body, encode_chunked=encode_chunked)
  File "/usr/local/lib/python3.7/http/client.py", line 1036, in _send_output
    self.send(msg)
  File "/usr/local/lib/python3.7/http/client.py", line 976, in send
    self.connect()
  File "/root/.cache/pypoetry/virtualenvs/cpdbv2-backend-VA82Wl8V-py3.7/lib/python3.7/site-packages/urllib3/connection.py", line 187, in connect
    conn = self._new_conn()
  File "/root/.cache/pypoetry/virtualenvs/cpdbv2-backend-VA82Wl8V-py3.7/lib/python3.7/site-packages/urllib3/connection.py", line 172, in _new_conn
    self, "Failed to establish a new connection: %s" % e
urllib3.exceptions.NewConnectionError: <urllib3.connection.HTTPConnection object at 0x7ff069724cd0>: Failed to establish a new connection: [Errno -2] Name or service not known
elasticsearch: DEBUG: > None
urllib3.util.retry: DEBUG: Converted retries value: False -> Retry(total=False, connect=None, read=None, redirect=0, status=None)
urllib3.connectionpool: DEBUG: Starting new HTTP connection (636): elasticsearch:9200
elasticsearch: WARNING: DELETE http://elasticsearch:9200/test_trr_c97d3965-996f-4fbb-b4a7-1038423423bd [status:N/A request:0.004s]
Traceback (most recent call last):
  File "/root/.cache/pypoetry/virtualenvs/cpdbv2-backend-VA82Wl8V-py3.7/lib/python3.7/site-packages/urllib3/connection.py", line 160, in _new_conn
    (self._dns_host, self.port), self.timeout, **extra_kw
  File "/root/.cache/pypoetry/virtualenvs/cpdbv2-backend-VA82Wl8V-py3.7/lib/python3.7/site-packages/urllib3/util/connection.py", line 61, in create_connection
    for res in socket.getaddrinfo(host, port, family, socket.SOCK_STREAM):
  File "/usr/local/lib/python3.7/socket.py", line 752, in getaddrinfo
    for res in _socket.getaddrinfo(host, port, family, type, proto, flags):
socket.gaierror: [Errno -2] Name or service not known

During handling of the above exception, another exception occurred:

Traceback (most recent call last):
  File "/root/.cache/pypoetry/virtualenvs/cpdbv2-backend-VA82Wl8V-py3.7/lib/python3.7/site-packages/elasticsearch/connection/http_urllib3.py", line 115, in perform_request
    response = self.pool.urlopen(method, url, body, retries=False, headers=self.headers, **kw)
  File "/root/.cache/pypoetry/virtualenvs/cpdbv2-backend-VA82Wl8V-py3.7/lib/python3.7/site-packages/urllib3/connectionpool.py", line 727, in urlopen
    method, url, error=e, _pool=self, _stacktrace=sys.exc_info()[2]
  File "/root/.cache/pypoetry/virtualenvs/cpdbv2-backend-VA82Wl8V-py3.7/lib/python3.7/site-packages/urllib3/util/retry.py", line 386, in increment
    raise six.reraise(type(error), error, _stacktrace)
  File "/root/.cache/pypoetry/virtualenvs/cpdbv2-backend-VA82Wl8V-py3.7/lib/python3.7/site-packages/urllib3/packages/six.py", line 735, in reraise
    raise value
  File "/root/.cache/pypoetry/virtualenvs/cpdbv2-backend-VA82Wl8V-py3.7/lib/python3.7/site-packages/urllib3/connectionpool.py", line 677, in urlopen
    chunked=chunked,
  File "/root/.cache/pypoetry/virtualenvs/cpdbv2-backend-VA82Wl8V-py3.7/lib/python3.7/site-packages/urllib3/connectionpool.py", line 392, in _make_request
    conn.request(method, url, **httplib_request_kw)
  File "/usr/local/lib/python3.7/http/client.py", line 1281, in request
    self._send_request(method, url, body, headers, encode_chunked)
  File "/usr/local/lib/python3.7/http/client.py", line 1327, in _send_request
    self.endheaders(body, encode_chunked=encode_chunked)
  File "/usr/local/lib/python3.7/http/client.py", line 1276, in endheaders
    self._send_output(message_body, encode_chunked=encode_chunked)
  File "/usr/local/lib/python3.7/http/client.py", line 1036, in _send_output
    self.send(msg)
  File "/usr/local/lib/python3.7/http/client.py", line 976, in send
    self.connect()
  File "/root/.cache/pypoetry/virtualenvs/cpdbv2-backend-VA82Wl8V-py3.7/lib/python3.7/site-packages/urllib3/connection.py", line 187, in connect
    conn = self._new_conn()
  File "/root/.cache/pypoetry/virtualenvs/cpdbv2-backend-VA82Wl8V-py3.7/lib/python3.7/site-packages/urllib3/connection.py", line 172, in _new_conn
    self, "Failed to establish a new connection: %s" % e
urllib3.exceptions.NewConnectionError: <urllib3.connection.HTTPConnection object at 0x7ff0697244d0>: Failed to establish a new connection: [Errno -2] Name or service not known
elasticsearch: DEBUG: > None
--------------------- >> end captured logging << ---------------------

======================================================================
ERROR: test_retrieve_missing_percentile (trr.tests.views.test_trr_viewset.TRRViewSetTestCase)
----------------------------------------------------------------------
Traceback (most recent call last):
  File "/usr/src/app/cpdb/trr/tests/mixins.py", line 7, in setUp
    trr_index_alias.write_index.delete(ignore=404)
  File "/root/.cache/pypoetry/virtualenvs/cpdbv2-backend-VA82Wl8V-py3.7/lib/python3.7/site-packages/elasticsearch_dsl/index.py", line 222, in delete
    self.connection.indices.delete(index=self._name, **kwargs)
  File "/root/.cache/pypoetry/virtualenvs/cpdbv2-backend-VA82Wl8V-py3.7/lib/python3.7/site-packages/elasticsearch/client/utils.py", line 73, in _wrapped
    return func(*args, params=params, **kwargs)
  File "/root/.cache/pypoetry/virtualenvs/cpdbv2-backend-VA82Wl8V-py3.7/lib/python3.7/site-packages/elasticsearch/client/indices.py", line 200, in delete
    params=params)
  File "/root/.cache/pypoetry/virtualenvs/cpdbv2-backend-VA82Wl8V-py3.7/lib/python3.7/site-packages/elasticsearch/transport.py", line 312, in perform_request
    status, headers, data = connection.perform_request(method, url, params, body, ignore=ignore, timeout=timeout)
  File "/root/.cache/pypoetry/virtualenvs/cpdbv2-backend-VA82Wl8V-py3.7/lib/python3.7/site-packages/elasticsearch/connection/http_urllib3.py", line 124, in perform_request
    raise ConnectionError('N/A', str(e), e)
elasticsearch.exceptions.ConnectionError: ConnectionError(<urllib3.connection.HTTPConnection object at 0x7ff06971a710>: Failed to establish a new connection: [Errno -2] Name or service not known) caused by: NewConnectionError(<urllib3.connection.HTTPConnection object at 0x7ff06971a710>: Failed to establish a new connection: [Errno -2] Name or service not known)
-------------------- >> begin captured logging << --------------------
urllib3.util.retry: DEBUG: Converted retries value: False -> Retry(total=False, connect=None, read=None, redirect=0, status=None)
urllib3.connectionpool: DEBUG: Starting new HTTP connection (637): elasticsearch:9200
elasticsearch: WARNING: DELETE http://elasticsearch:9200/test_trr_c97d3965-996f-4fbb-b4a7-1038423423bd [status:N/A request:0.004s]
Traceback (most recent call last):
  File "/root/.cache/pypoetry/virtualenvs/cpdbv2-backend-VA82Wl8V-py3.7/lib/python3.7/site-packages/urllib3/connection.py", line 160, in _new_conn
    (self._dns_host, self.port), self.timeout, **extra_kw
  File "/root/.cache/pypoetry/virtualenvs/cpdbv2-backend-VA82Wl8V-py3.7/lib/python3.7/site-packages/urllib3/util/connection.py", line 61, in create_connection
    for res in socket.getaddrinfo(host, port, family, socket.SOCK_STREAM):
  File "/usr/local/lib/python3.7/socket.py", line 752, in getaddrinfo
    for res in _socket.getaddrinfo(host, port, family, type, proto, flags):
socket.gaierror: [Errno -2] Name or service not known

During handling of the above exception, another exception occurred:

Traceback (most recent call last):
  File "/root/.cache/pypoetry/virtualenvs/cpdbv2-backend-VA82Wl8V-py3.7/lib/python3.7/site-packages/elasticsearch/connection/http_urllib3.py", line 115, in perform_request
    response = self.pool.urlopen(method, url, body, retries=False, headers=self.headers, **kw)
  File "/root/.cache/pypoetry/virtualenvs/cpdbv2-backend-VA82Wl8V-py3.7/lib/python3.7/site-packages/urllib3/connectionpool.py", line 727, in urlopen
    method, url, error=e, _pool=self, _stacktrace=sys.exc_info()[2]
  File "/root/.cache/pypoetry/virtualenvs/cpdbv2-backend-VA82Wl8V-py3.7/lib/python3.7/site-packages/urllib3/util/retry.py", line 386, in increment
    raise six.reraise(type(error), error, _stacktrace)
  File "/root/.cache/pypoetry/virtualenvs/cpdbv2-backend-VA82Wl8V-py3.7/lib/python3.7/site-packages/urllib3/packages/six.py", line 735, in reraise
    raise value
  File "/root/.cache/pypoetry/virtualenvs/cpdbv2-backend-VA82Wl8V-py3.7/lib/python3.7/site-packages/urllib3/connectionpool.py", line 677, in urlopen
    chunked=chunked,
  File "/root/.cache/pypoetry/virtualenvs/cpdbv2-backend-VA82Wl8V-py3.7/lib/python3.7/site-packages/urllib3/connectionpool.py", line 392, in _make_request
    conn.request(method, url, **httplib_request_kw)
  File "/usr/local/lib/python3.7/http/client.py", line 1281, in request
    self._send_request(method, url, body, headers, encode_chunked)
  File "/usr/local/lib/python3.7/http/client.py", line 1327, in _send_request
    self.endheaders(body, encode_chunked=encode_chunked)
  File "/usr/local/lib/python3.7/http/client.py", line 1276, in endheaders
    self._send_output(message_body, encode_chunked=encode_chunked)
  File "/usr/local/lib/python3.7/http/client.py", line 1036, in _send_output
    self.send(msg)
  File "/usr/local/lib/python3.7/http/client.py", line 976, in send
    self.connect()
  File "/root/.cache/pypoetry/virtualenvs/cpdbv2-backend-VA82Wl8V-py3.7/lib/python3.7/site-packages/urllib3/connection.py", line 187, in connect
    conn = self._new_conn()
  File "/root/.cache/pypoetry/virtualenvs/cpdbv2-backend-VA82Wl8V-py3.7/lib/python3.7/site-packages/urllib3/connection.py", line 172, in _new_conn
    self, "Failed to establish a new connection: %s" % e
urllib3.exceptions.NewConnectionError: <urllib3.connection.HTTPConnection object at 0x7ff0697241d0>: Failed to establish a new connection: [Errno -2] Name or service not known
elasticsearch: DEBUG: > None
urllib3.util.retry: DEBUG: Converted retries value: False -> Retry(total=False, connect=None, read=None, redirect=0, status=None)
urllib3.connectionpool: DEBUG: Starting new HTTP connection (638): elasticsearch:9200
elasticsearch: WARNING: DELETE http://elasticsearch:9200/test_trr_c97d3965-996f-4fbb-b4a7-1038423423bd [status:N/A request:0.004s]
Traceback (most recent call last):
  File "/root/.cache/pypoetry/virtualenvs/cpdbv2-backend-VA82Wl8V-py3.7/lib/python3.7/site-packages/urllib3/connection.py", line 160, in _new_conn
    (self._dns_host, self.port), self.timeout, **extra_kw
  File "/root/.cache/pypoetry/virtualenvs/cpdbv2-backend-VA82Wl8V-py3.7/lib/python3.7/site-packages/urllib3/util/connection.py", line 61, in create_connection
    for res in socket.getaddrinfo(host, port, family, socket.SOCK_STREAM):
  File "/usr/local/lib/python3.7/socket.py", line 752, in getaddrinfo
    for res in _socket.getaddrinfo(host, port, family, type, proto, flags):
socket.gaierror: [Errno -2] Name or service not known

During handling of the above exception, another exception occurred:

Traceback (most recent call last):
  File "/root/.cache/pypoetry/virtualenvs/cpdbv2-backend-VA82Wl8V-py3.7/lib/python3.7/site-packages/elasticsearch/connection/http_urllib3.py", line 115, in perform_request
    response = self.pool.urlopen(method, url, body, retries=False, headers=self.headers, **kw)
  File "/root/.cache/pypoetry/virtualenvs/cpdbv2-backend-VA82Wl8V-py3.7/lib/python3.7/site-packages/urllib3/connectionpool.py", line 727, in urlopen
    method, url, error=e, _pool=self, _stacktrace=sys.exc_info()[2]
  File "/root/.cache/pypoetry/virtualenvs/cpdbv2-backend-VA82Wl8V-py3.7/lib/python3.7/site-packages/urllib3/util/retry.py", line 386, in increment
    raise six.reraise(type(error), error, _stacktrace)
  File "/root/.cache/pypoetry/virtualenvs/cpdbv2-backend-VA82Wl8V-py3.7/lib/python3.7/site-packages/urllib3/packages/six.py", line 735, in reraise
    raise value
  File "/root/.cache/pypoetry/virtualenvs/cpdbv2-backend-VA82Wl8V-py3.7/lib/python3.7/site-packages/urllib3/connectionpool.py", line 677, in urlopen
    chunked=chunked,
  File "/root/.cache/pypoetry/virtualenvs/cpdbv2-backend-VA82Wl8V-py3.7/lib/python3.7/site-packages/urllib3/connectionpool.py", line 392, in _make_request
    conn.request(method, url, **httplib_request_kw)
  File "/usr/local/lib/python3.7/http/client.py", line 1281, in request
    self._send_request(method, url, body, headers, encode_chunked)
  File "/usr/local/lib/python3.7/http/client.py", line 1327, in _send_request
    self.endheaders(body, encode_chunked=encode_chunked)
  File "/usr/local/lib/python3.7/http/client.py", line 1276, in endheaders
    self._send_output(message_body, encode_chunked=encode_chunked)
  File "/usr/local/lib/python3.7/http/client.py", line 1036, in _send_output
    self.send(msg)
  File "/usr/local/lib/python3.7/http/client.py", line 976, in send
    self.connect()
  File "/root/.cache/pypoetry/virtualenvs/cpdbv2-backend-VA82Wl8V-py3.7/lib/python3.7/site-packages/urllib3/connection.py", line 187, in connect
    conn = self._new_conn()
  File "/root/.cache/pypoetry/virtualenvs/cpdbv2-backend-VA82Wl8V-py3.7/lib/python3.7/site-packages/urllib3/connection.py", line 172, in _new_conn
    self, "Failed to establish a new connection: %s" % e
urllib3.exceptions.NewConnectionError: <urllib3.connection.HTTPConnection object at 0x7ff069126650>: Failed to establish a new connection: [Errno -2] Name or service not known
elasticsearch: DEBUG: > None
urllib3.util.retry: DEBUG: Converted retries value: False -> Retry(total=False, connect=None, read=None, redirect=0, status=None)
urllib3.connectionpool: DEBUG: Starting new HTTP connection (639): elasticsearch:9200
elasticsearch: WARNING: DELETE http://elasticsearch:9200/test_trr_c97d3965-996f-4fbb-b4a7-1038423423bd [status:N/A request:0.004s]
Traceback (most recent call last):
  File "/root/.cache/pypoetry/virtualenvs/cpdbv2-backend-VA82Wl8V-py3.7/lib/python3.7/site-packages/urllib3/connection.py", line 160, in _new_conn
    (self._dns_host, self.port), self.timeout, **extra_kw
  File "/root/.cache/pypoetry/virtualenvs/cpdbv2-backend-VA82Wl8V-py3.7/lib/python3.7/site-packages/urllib3/util/connection.py", line 61, in create_connection
    for res in socket.getaddrinfo(host, port, family, socket.SOCK_STREAM):
  File "/usr/local/lib/python3.7/socket.py", line 752, in getaddrinfo
    for res in _socket.getaddrinfo(host, port, family, type, proto, flags):
socket.gaierror: [Errno -2] Name or service not known

During handling of the above exception, another exception occurred:

Traceback (most recent call last):
  File "/root/.cache/pypoetry/virtualenvs/cpdbv2-backend-VA82Wl8V-py3.7/lib/python3.7/site-packages/elasticsearch/connection/http_urllib3.py", line 115, in perform_request
    response = self.pool.urlopen(method, url, body, retries=False, headers=self.headers, **kw)
  File "/root/.cache/pypoetry/virtualenvs/cpdbv2-backend-VA82Wl8V-py3.7/lib/python3.7/site-packages/urllib3/connectionpool.py", line 727, in urlopen
    method, url, error=e, _pool=self, _stacktrace=sys.exc_info()[2]
  File "/root/.cache/pypoetry/virtualenvs/cpdbv2-backend-VA82Wl8V-py3.7/lib/python3.7/site-packages/urllib3/util/retry.py", line 386, in increment
    raise six.reraise(type(error), error, _stacktrace)
  File "/root/.cache/pypoetry/virtualenvs/cpdbv2-backend-VA82Wl8V-py3.7/lib/python3.7/site-packages/urllib3/packages/six.py", line 735, in reraise
    raise value
  File "/root/.cache/pypoetry/virtualenvs/cpdbv2-backend-VA82Wl8V-py3.7/lib/python3.7/site-packages/urllib3/connectionpool.py", line 677, in urlopen
    chunked=chunked,
  File "/root/.cache/pypoetry/virtualenvs/cpdbv2-backend-VA82Wl8V-py3.7/lib/python3.7/site-packages/urllib3/connectionpool.py", line 392, in _make_request
    conn.request(method, url, **httplib_request_kw)
  File "/usr/local/lib/python3.7/http/client.py", line 1281, in request
    self._send_request(method, url, body, headers, encode_chunked)
  File "/usr/local/lib/python3.7/http/client.py", line 1327, in _send_request
    self.endheaders(body, encode_chunked=encode_chunked)
  File "/usr/local/lib/python3.7/http/client.py", line 1276, in endheaders
    self._send_output(message_body, encode_chunked=encode_chunked)
  File "/usr/local/lib/python3.7/http/client.py", line 1036, in _send_output
    self.send(msg)
  File "/usr/local/lib/python3.7/http/client.py", line 976, in send
    self.connect()
  File "/root/.cache/pypoetry/virtualenvs/cpdbv2-backend-VA82Wl8V-py3.7/lib/python3.7/site-packages/urllib3/connection.py", line 187, in connect
    conn = self._new_conn()
  File "/root/.cache/pypoetry/virtualenvs/cpdbv2-backend-VA82Wl8V-py3.7/lib/python3.7/site-packages/urllib3/connection.py", line 172, in _new_conn
    self, "Failed to establish a new connection: %s" % e
urllib3.exceptions.NewConnectionError: <urllib3.connection.HTTPConnection object at 0x7ff069126290>: Failed to establish a new connection: [Errno -2] Name or service not known
elasticsearch: DEBUG: > None
urllib3.util.retry: DEBUG: Converted retries value: False -> Retry(total=False, connect=None, read=None, redirect=0, status=None)
urllib3.connectionpool: DEBUG: Starting new HTTP connection (640): elasticsearch:9200
elasticsearch: WARNING: DELETE http://elasticsearch:9200/test_trr_c97d3965-996f-4fbb-b4a7-1038423423bd [status:N/A request:0.004s]
Traceback (most recent call last):
  File "/root/.cache/pypoetry/virtualenvs/cpdbv2-backend-VA82Wl8V-py3.7/lib/python3.7/site-packages/urllib3/connection.py", line 160, in _new_conn
    (self._dns_host, self.port), self.timeout, **extra_kw
  File "/root/.cache/pypoetry/virtualenvs/cpdbv2-backend-VA82Wl8V-py3.7/lib/python3.7/site-packages/urllib3/util/connection.py", line 61, in create_connection
    for res in socket.getaddrinfo(host, port, family, socket.SOCK_STREAM):
  File "/usr/local/lib/python3.7/socket.py", line 752, in getaddrinfo
    for res in _socket.getaddrinfo(host, port, family, type, proto, flags):
socket.gaierror: [Errno -2] Name or service not known

During handling of the above exception, another exception occurred:

Traceback (most recent call last):
  File "/root/.cache/pypoetry/virtualenvs/cpdbv2-backend-VA82Wl8V-py3.7/lib/python3.7/site-packages/elasticsearch/connection/http_urllib3.py", line 115, in perform_request
    response = self.pool.urlopen(method, url, body, retries=False, headers=self.headers, **kw)
  File "/root/.cache/pypoetry/virtualenvs/cpdbv2-backend-VA82Wl8V-py3.7/lib/python3.7/site-packages/urllib3/connectionpool.py", line 727, in urlopen
    method, url, error=e, _pool=self, _stacktrace=sys.exc_info()[2]
  File "/root/.cache/pypoetry/virtualenvs/cpdbv2-backend-VA82Wl8V-py3.7/lib/python3.7/site-packages/urllib3/util/retry.py", line 386, in increment
    raise six.reraise(type(error), error, _stacktrace)
  File "/root/.cache/pypoetry/virtualenvs/cpdbv2-backend-VA82Wl8V-py3.7/lib/python3.7/site-packages/urllib3/packages/six.py", line 735, in reraise
    raise value
  File "/root/.cache/pypoetry/virtualenvs/cpdbv2-backend-VA82Wl8V-py3.7/lib/python3.7/site-packages/urllib3/connectionpool.py", line 677, in urlopen
    chunked=chunked,
  File "/root/.cache/pypoetry/virtualenvs/cpdbv2-backend-VA82Wl8V-py3.7/lib/python3.7/site-packages/urllib3/connectionpool.py", line 392, in _make_request
    conn.request(method, url, **httplib_request_kw)
  File "/usr/local/lib/python3.7/http/client.py", line 1281, in request
    self._send_request(method, url, body, headers, encode_chunked)
  File "/usr/local/lib/python3.7/http/client.py", line 1327, in _send_request
    self.endheaders(body, encode_chunked=encode_chunked)
  File "/usr/local/lib/python3.7/http/client.py", line 1276, in endheaders
    self._send_output(message_body, encode_chunked=encode_chunked)
  File "/usr/local/lib/python3.7/http/client.py", line 1036, in _send_output
    self.send(msg)
  File "/usr/local/lib/python3.7/http/client.py", line 976, in send
    self.connect()
  File "/root/.cache/pypoetry/virtualenvs/cpdbv2-backend-VA82Wl8V-py3.7/lib/python3.7/site-packages/urllib3/connection.py", line 187, in connect
    conn = self._new_conn()
  File "/root/.cache/pypoetry/virtualenvs/cpdbv2-backend-VA82Wl8V-py3.7/lib/python3.7/site-packages/urllib3/connection.py", line 172, in _new_conn
    self, "Failed to establish a new connection: %s" % e
urllib3.exceptions.NewConnectionError: <urllib3.connection.HTTPConnection object at 0x7ff06971a710>: Failed to establish a new connection: [Errno -2] Name or service not known
elasticsearch: DEBUG: > None
--------------------- >> end captured logging << ---------------------

======================================================================
ERROR: test_retrieve_no_point (trr.tests.views.test_trr_viewset.TRRViewSetTestCase)
----------------------------------------------------------------------
Traceback (most recent call last):
  File "/usr/src/app/cpdb/trr/tests/mixins.py", line 7, in setUp
    trr_index_alias.write_index.delete(ignore=404)
  File "/root/.cache/pypoetry/virtualenvs/cpdbv2-backend-VA82Wl8V-py3.7/lib/python3.7/site-packages/elasticsearch_dsl/index.py", line 222, in delete
    self.connection.indices.delete(index=self._name, **kwargs)
  File "/root/.cache/pypoetry/virtualenvs/cpdbv2-backend-VA82Wl8V-py3.7/lib/python3.7/site-packages/elasticsearch/client/utils.py", line 73, in _wrapped
    return func(*args, params=params, **kwargs)
  File "/root/.cache/pypoetry/virtualenvs/cpdbv2-backend-VA82Wl8V-py3.7/lib/python3.7/site-packages/elasticsearch/client/indices.py", line 200, in delete
    params=params)
  File "/root/.cache/pypoetry/virtualenvs/cpdbv2-backend-VA82Wl8V-py3.7/lib/python3.7/site-packages/elasticsearch/transport.py", line 312, in perform_request
    status, headers, data = connection.perform_request(method, url, params, body, ignore=ignore, timeout=timeout)
  File "/root/.cache/pypoetry/virtualenvs/cpdbv2-backend-VA82Wl8V-py3.7/lib/python3.7/site-packages/elasticsearch/connection/http_urllib3.py", line 124, in perform_request
    raise ConnectionError('N/A', str(e), e)
elasticsearch.exceptions.ConnectionError: ConnectionError(<urllib3.connection.HTTPConnection object at 0x7ff069287990>: Failed to establish a new connection: [Errno -2] Name or service not known) caused by: NewConnectionError(<urllib3.connection.HTTPConnection object at 0x7ff069287990>: Failed to establish a new connection: [Errno -2] Name or service not known)
-------------------- >> begin captured logging << --------------------
urllib3.util.retry: DEBUG: Converted retries value: False -> Retry(total=False, connect=None, read=None, redirect=0, status=None)
urllib3.connectionpool: DEBUG: Starting new HTTP connection (641): elasticsearch:9200
elasticsearch: WARNING: DELETE http://elasticsearch:9200/test_trr_c97d3965-996f-4fbb-b4a7-1038423423bd [status:N/A request:0.004s]
Traceback (most recent call last):
  File "/root/.cache/pypoetry/virtualenvs/cpdbv2-backend-VA82Wl8V-py3.7/lib/python3.7/site-packages/urllib3/connection.py", line 160, in _new_conn
    (self._dns_host, self.port), self.timeout, **extra_kw
  File "/root/.cache/pypoetry/virtualenvs/cpdbv2-backend-VA82Wl8V-py3.7/lib/python3.7/site-packages/urllib3/util/connection.py", line 61, in create_connection
    for res in socket.getaddrinfo(host, port, family, socket.SOCK_STREAM):
  File "/usr/local/lib/python3.7/socket.py", line 752, in getaddrinfo
    for res in _socket.getaddrinfo(host, port, family, type, proto, flags):
socket.gaierror: [Errno -2] Name or service not known

During handling of the above exception, another exception occurred:

Traceback (most recent call last):
  File "/root/.cache/pypoetry/virtualenvs/cpdbv2-backend-VA82Wl8V-py3.7/lib/python3.7/site-packages/elasticsearch/connection/http_urllib3.py", line 115, in perform_request
    response = self.pool.urlopen(method, url, body, retries=False, headers=self.headers, **kw)
  File "/root/.cache/pypoetry/virtualenvs/cpdbv2-backend-VA82Wl8V-py3.7/lib/python3.7/site-packages/urllib3/connectionpool.py", line 727, in urlopen
    method, url, error=e, _pool=self, _stacktrace=sys.exc_info()[2]
  File "/root/.cache/pypoetry/virtualenvs/cpdbv2-backend-VA82Wl8V-py3.7/lib/python3.7/site-packages/urllib3/util/retry.py", line 386, in increment
    raise six.reraise(type(error), error, _stacktrace)
  File "/root/.cache/pypoetry/virtualenvs/cpdbv2-backend-VA82Wl8V-py3.7/lib/python3.7/site-packages/urllib3/packages/six.py", line 735, in reraise
    raise value
  File "/root/.cache/pypoetry/virtualenvs/cpdbv2-backend-VA82Wl8V-py3.7/lib/python3.7/site-packages/urllib3/connectionpool.py", line 677, in urlopen
    chunked=chunked,
  File "/root/.cache/pypoetry/virtualenvs/cpdbv2-backend-VA82Wl8V-py3.7/lib/python3.7/site-packages/urllib3/connectionpool.py", line 392, in _make_request
    conn.request(method, url, **httplib_request_kw)
  File "/usr/local/lib/python3.7/http/client.py", line 1281, in request
    self._send_request(method, url, body, headers, encode_chunked)
  File "/usr/local/lib/python3.7/http/client.py", line 1327, in _send_request
    self.endheaders(body, encode_chunked=encode_chunked)
  File "/usr/local/lib/python3.7/http/client.py", line 1276, in endheaders
    self._send_output(message_body, encode_chunked=encode_chunked)
  File "/usr/local/lib/python3.7/http/client.py", line 1036, in _send_output
    self.send(msg)
  File "/usr/local/lib/python3.7/http/client.py", line 976, in send
    self.connect()
  File "/root/.cache/pypoetry/virtualenvs/cpdbv2-backend-VA82Wl8V-py3.7/lib/python3.7/site-packages/urllib3/connection.py", line 187, in connect
    conn = self._new_conn()
  File "/root/.cache/pypoetry/virtualenvs/cpdbv2-backend-VA82Wl8V-py3.7/lib/python3.7/site-packages/urllib3/connection.py", line 172, in _new_conn
    self, "Failed to establish a new connection: %s" % e
urllib3.exceptions.NewConnectionError: <urllib3.connection.HTTPConnection object at 0x7ff06971a950>: Failed to establish a new connection: [Errno -2] Name or service not known
elasticsearch: DEBUG: > None
urllib3.util.retry: DEBUG: Converted retries value: False -> Retry(total=False, connect=None, read=None, redirect=0, status=None)
urllib3.connectionpool: DEBUG: Starting new HTTP connection (642): elasticsearch:9200
elasticsearch: WARNING: DELETE http://elasticsearch:9200/test_trr_c97d3965-996f-4fbb-b4a7-1038423423bd [status:N/A request:0.004s]
Traceback (most recent call last):
  File "/root/.cache/pypoetry/virtualenvs/cpdbv2-backend-VA82Wl8V-py3.7/lib/python3.7/site-packages/urllib3/connection.py", line 160, in _new_conn
    (self._dns_host, self.port), self.timeout, **extra_kw
  File "/root/.cache/pypoetry/virtualenvs/cpdbv2-backend-VA82Wl8V-py3.7/lib/python3.7/site-packages/urllib3/util/connection.py", line 61, in create_connection
    for res in socket.getaddrinfo(host, port, family, socket.SOCK_STREAM):
  File "/usr/local/lib/python3.7/socket.py", line 752, in getaddrinfo
    for res in _socket.getaddrinfo(host, port, family, type, proto, flags):
socket.gaierror: [Errno -2] Name or service not known

During handling of the above exception, another exception occurred:

Traceback (most recent call last):
  File "/root/.cache/pypoetry/virtualenvs/cpdbv2-backend-VA82Wl8V-py3.7/lib/python3.7/site-packages/elasticsearch/connection/http_urllib3.py", line 115, in perform_request
    response = self.pool.urlopen(method, url, body, retries=False, headers=self.headers, **kw)
  File "/root/.cache/pypoetry/virtualenvs/cpdbv2-backend-VA82Wl8V-py3.7/lib/python3.7/site-packages/urllib3/connectionpool.py", line 727, in urlopen
    method, url, error=e, _pool=self, _stacktrace=sys.exc_info()[2]
  File "/root/.cache/pypoetry/virtualenvs/cpdbv2-backend-VA82Wl8V-py3.7/lib/python3.7/site-packages/urllib3/util/retry.py", line 386, in increment
    raise six.reraise(type(error), error, _stacktrace)
  File "/root/.cache/pypoetry/virtualenvs/cpdbv2-backend-VA82Wl8V-py3.7/lib/python3.7/site-packages/urllib3/packages/six.py", line 735, in reraise
    raise value
  File "/root/.cache/pypoetry/virtualenvs/cpdbv2-backend-VA82Wl8V-py3.7/lib/python3.7/site-packages/urllib3/connectionpool.py", line 677, in urlopen
    chunked=chunked,
  File "/root/.cache/pypoetry/virtualenvs/cpdbv2-backend-VA82Wl8V-py3.7/lib/python3.7/site-packages/urllib3/connectionpool.py", line 392, in _make_request
    conn.request(method, url, **httplib_request_kw)
  File "/usr/local/lib/python3.7/http/client.py", line 1281, in request
    self._send_request(method, url, body, headers, encode_chunked)
  File "/usr/local/lib/python3.7/http/client.py", line 1327, in _send_request
    self.endheaders(body, encode_chunked=encode_chunked)
  File "/usr/local/lib/python3.7/http/client.py", line 1276, in endheaders
    self._send_output(message_body, encode_chunked=encode_chunked)
  File "/usr/local/lib/python3.7/http/client.py", line 1036, in _send_output
    self.send(msg)
  File "/usr/local/lib/python3.7/http/client.py", line 976, in send
    self.connect()
  File "/root/.cache/pypoetry/virtualenvs/cpdbv2-backend-VA82Wl8V-py3.7/lib/python3.7/site-packages/urllib3/connection.py", line 187, in connect
    conn = self._new_conn()
  File "/root/.cache/pypoetry/virtualenvs/cpdbv2-backend-VA82Wl8V-py3.7/lib/python3.7/site-packages/urllib3/connection.py", line 172, in _new_conn
    self, "Failed to establish a new connection: %s" % e
urllib3.exceptions.NewConnectionError: <urllib3.connection.HTTPConnection object at 0x7ff06971a050>: Failed to establish a new connection: [Errno -2] Name or service not known
elasticsearch: DEBUG: > None
urllib3.util.retry: DEBUG: Converted retries value: False -> Retry(total=False, connect=None, read=None, redirect=0, status=None)
urllib3.connectionpool: DEBUG: Starting new HTTP connection (643): elasticsearch:9200
elasticsearch: WARNING: DELETE http://elasticsearch:9200/test_trr_c97d3965-996f-4fbb-b4a7-1038423423bd [status:N/A request:0.004s]
Traceback (most recent call last):
  File "/root/.cache/pypoetry/virtualenvs/cpdbv2-backend-VA82Wl8V-py3.7/lib/python3.7/site-packages/urllib3/connection.py", line 160, in _new_conn
    (self._dns_host, self.port), self.timeout, **extra_kw
  File "/root/.cache/pypoetry/virtualenvs/cpdbv2-backend-VA82Wl8V-py3.7/lib/python3.7/site-packages/urllib3/util/connection.py", line 61, in create_connection
    for res in socket.getaddrinfo(host, port, family, socket.SOCK_STREAM):
  File "/usr/local/lib/python3.7/socket.py", line 752, in getaddrinfo
    for res in _socket.getaddrinfo(host, port, family, type, proto, flags):
socket.gaierror: [Errno -2] Name or service not known

During handling of the above exception, another exception occurred:

Traceback (most recent call last):
  File "/root/.cache/pypoetry/virtualenvs/cpdbv2-backend-VA82Wl8V-py3.7/lib/python3.7/site-packages/elasticsearch/connection/http_urllib3.py", line 115, in perform_request
    response = self.pool.urlopen(method, url, body, retries=False, headers=self.headers, **kw)
  File "/root/.cache/pypoetry/virtualenvs/cpdbv2-backend-VA82Wl8V-py3.7/lib/python3.7/site-packages/urllib3/connectionpool.py", line 727, in urlopen
    method, url, error=e, _pool=self, _stacktrace=sys.exc_info()[2]
  File "/root/.cache/pypoetry/virtualenvs/cpdbv2-backend-VA82Wl8V-py3.7/lib/python3.7/site-packages/urllib3/util/retry.py", line 386, in increment
    raise six.reraise(type(error), error, _stacktrace)
  File "/root/.cache/pypoetry/virtualenvs/cpdbv2-backend-VA82Wl8V-py3.7/lib/python3.7/site-packages/urllib3/packages/six.py", line 735, in reraise
    raise value
  File "/root/.cache/pypoetry/virtualenvs/cpdbv2-backend-VA82Wl8V-py3.7/lib/python3.7/site-packages/urllib3/connectionpool.py", line 677, in urlopen
    chunked=chunked,
  File "/root/.cache/pypoetry/virtualenvs/cpdbv2-backend-VA82Wl8V-py3.7/lib/python3.7/site-packages/urllib3/connectionpool.py", line 392, in _make_request
    conn.request(method, url, **httplib_request_kw)
  File "/usr/local/lib/python3.7/http/client.py", line 1281, in request
    self._send_request(method, url, body, headers, encode_chunked)
  File "/usr/local/lib/python3.7/http/client.py", line 1327, in _send_request
    self.endheaders(body, encode_chunked=encode_chunked)
  File "/usr/local/lib/python3.7/http/client.py", line 1276, in endheaders
    self._send_output(message_body, encode_chunked=encode_chunked)
  File "/usr/local/lib/python3.7/http/client.py", line 1036, in _send_output
    self.send(msg)
  File "/usr/local/lib/python3.7/http/client.py", line 976, in send
    self.connect()
  File "/root/.cache/pypoetry/virtualenvs/cpdbv2-backend-VA82Wl8V-py3.7/lib/python3.7/site-packages/urllib3/connection.py", line 187, in connect
    conn = self._new_conn()
  File "/root/.cache/pypoetry/virtualenvs/cpdbv2-backend-VA82Wl8V-py3.7/lib/python3.7/site-packages/urllib3/connection.py", line 172, in _new_conn
    self, "Failed to establish a new connection: %s" % e
urllib3.exceptions.NewConnectionError: <urllib3.connection.HTTPConnection object at 0x7ff06971aad0>: Failed to establish a new connection: [Errno -2] Name or service not known
elasticsearch: DEBUG: > None
urllib3.util.retry: DEBUG: Converted retries value: False -> Retry(total=False, connect=None, read=None, redirect=0, status=None)
urllib3.connectionpool: DEBUG: Starting new HTTP connection (644): elasticsearch:9200
elasticsearch: WARNING: DELETE http://elasticsearch:9200/test_trr_c97d3965-996f-4fbb-b4a7-1038423423bd [status:N/A request:0.004s]
Traceback (most recent call last):
  File "/root/.cache/pypoetry/virtualenvs/cpdbv2-backend-VA82Wl8V-py3.7/lib/python3.7/site-packages/urllib3/connection.py", line 160, in _new_conn
    (self._dns_host, self.port), self.timeout, **extra_kw
  File "/root/.cache/pypoetry/virtualenvs/cpdbv2-backend-VA82Wl8V-py3.7/lib/python3.7/site-packages/urllib3/util/connection.py", line 61, in create_connection
    for res in socket.getaddrinfo(host, port, family, socket.SOCK_STREAM):
  File "/usr/local/lib/python3.7/socket.py", line 752, in getaddrinfo
    for res in _socket.getaddrinfo(host, port, family, type, proto, flags):
socket.gaierror: [Errno -2] Name or service not known

During handling of the above exception, another exception occurred:

Traceback (most recent call last):
  File "/root/.cache/pypoetry/virtualenvs/cpdbv2-backend-VA82Wl8V-py3.7/lib/python3.7/site-packages/elasticsearch/connection/http_urllib3.py", line 115, in perform_request
    response = self.pool.urlopen(method, url, body, retries=False, headers=self.headers, **kw)
  File "/root/.cache/pypoetry/virtualenvs/cpdbv2-backend-VA82Wl8V-py3.7/lib/python3.7/site-packages/urllib3/connectionpool.py", line 727, in urlopen
    method, url, error=e, _pool=self, _stacktrace=sys.exc_info()[2]
  File "/root/.cache/pypoetry/virtualenvs/cpdbv2-backend-VA82Wl8V-py3.7/lib/python3.7/site-packages/urllib3/util/retry.py", line 386, in increment
    raise six.reraise(type(error), error, _stacktrace)
  File "/root/.cache/pypoetry/virtualenvs/cpdbv2-backend-VA82Wl8V-py3.7/lib/python3.7/site-packages/urllib3/packages/six.py", line 735, in reraise
    raise value
  File "/root/.cache/pypoetry/virtualenvs/cpdbv2-backend-VA82Wl8V-py3.7/lib/python3.7/site-packages/urllib3/connectionpool.py", line 677, in urlopen
    chunked=chunked,
  File "/root/.cache/pypoetry/virtualenvs/cpdbv2-backend-VA82Wl8V-py3.7/lib/python3.7/site-packages/urllib3/connectionpool.py", line 392, in _make_request
    conn.request(method, url, **httplib_request_kw)
  File "/usr/local/lib/python3.7/http/client.py", line 1281, in request
    self._send_request(method, url, body, headers, encode_chunked)
  File "/usr/local/lib/python3.7/http/client.py", line 1327, in _send_request
    self.endheaders(body, encode_chunked=encode_chunked)
  File "/usr/local/lib/python3.7/http/client.py", line 1276, in endheaders
    self._send_output(message_body, encode_chunked=encode_chunked)
  File "/usr/local/lib/python3.7/http/client.py", line 1036, in _send_output
    self.send(msg)
  File "/usr/local/lib/python3.7/http/client.py", line 976, in send
    self.connect()
  File "/root/.cache/pypoetry/virtualenvs/cpdbv2-backend-VA82Wl8V-py3.7/lib/python3.7/site-packages/urllib3/connection.py", line 187, in connect
    conn = self._new_conn()
  File "/root/.cache/pypoetry/virtualenvs/cpdbv2-backend-VA82Wl8V-py3.7/lib/python3.7/site-packages/urllib3/connection.py", line 172, in _new_conn
    self, "Failed to establish a new connection: %s" % e
urllib3.exceptions.NewConnectionError: <urllib3.connection.HTTPConnection object at 0x7ff069287990>: Failed to establish a new connection: [Errno -2] Name or service not known
elasticsearch: DEBUG: > None
--------------------- >> end captured logging << ---------------------

======================================================================
ERROR: test_retrieve_not_found (trr.tests.views.test_trr_viewset.TRRViewSetTestCase)
----------------------------------------------------------------------
Traceback (most recent call last):
  File "/usr/src/app/cpdb/trr/tests/mixins.py", line 7, in setUp
    trr_index_alias.write_index.delete(ignore=404)
  File "/root/.cache/pypoetry/virtualenvs/cpdbv2-backend-VA82Wl8V-py3.7/lib/python3.7/site-packages/elasticsearch_dsl/index.py", line 222, in delete
    self.connection.indices.delete(index=self._name, **kwargs)
  File "/root/.cache/pypoetry/virtualenvs/cpdbv2-backend-VA82Wl8V-py3.7/lib/python3.7/site-packages/elasticsearch/client/utils.py", line 73, in _wrapped
    return func(*args, params=params, **kwargs)
  File "/root/.cache/pypoetry/virtualenvs/cpdbv2-backend-VA82Wl8V-py3.7/lib/python3.7/site-packages/elasticsearch/client/indices.py", line 200, in delete
    params=params)
  File "/root/.cache/pypoetry/virtualenvs/cpdbv2-backend-VA82Wl8V-py3.7/lib/python3.7/site-packages/elasticsearch/transport.py", line 312, in perform_request
    status, headers, data = connection.perform_request(method, url, params, body, ignore=ignore, timeout=timeout)
  File "/root/.cache/pypoetry/virtualenvs/cpdbv2-backend-VA82Wl8V-py3.7/lib/python3.7/site-packages/elasticsearch/connection/http_urllib3.py", line 124, in perform_request
    raise ConnectionError('N/A', str(e), e)
elasticsearch.exceptions.ConnectionError: ConnectionError(<urllib3.connection.HTTPConnection object at 0x7ff0691291d0>: Failed to establish a new connection: [Errno -2] Name or service not known) caused by: NewConnectionError(<urllib3.connection.HTTPConnection object at 0x7ff0691291d0>: Failed to establish a new connection: [Errno -2] Name or service not known)
-------------------- >> begin captured logging << --------------------
urllib3.util.retry: DEBUG: Converted retries value: False -> Retry(total=False, connect=None, read=None, redirect=0, status=None)
urllib3.connectionpool: DEBUG: Starting new HTTP connection (645): elasticsearch:9200
elasticsearch: WARNING: DELETE http://elasticsearch:9200/test_trr_c97d3965-996f-4fbb-b4a7-1038423423bd [status:N/A request:0.004s]
Traceback (most recent call last):
  File "/root/.cache/pypoetry/virtualenvs/cpdbv2-backend-VA82Wl8V-py3.7/lib/python3.7/site-packages/urllib3/connection.py", line 160, in _new_conn
    (self._dns_host, self.port), self.timeout, **extra_kw
  File "/root/.cache/pypoetry/virtualenvs/cpdbv2-backend-VA82Wl8V-py3.7/lib/python3.7/site-packages/urllib3/util/connection.py", line 61, in create_connection
    for res in socket.getaddrinfo(host, port, family, socket.SOCK_STREAM):
  File "/usr/local/lib/python3.7/socket.py", line 752, in getaddrinfo
    for res in _socket.getaddrinfo(host, port, family, type, proto, flags):
socket.gaierror: [Errno -2] Name or service not known

During handling of the above exception, another exception occurred:

Traceback (most recent call last):
  File "/root/.cache/pypoetry/virtualenvs/cpdbv2-backend-VA82Wl8V-py3.7/lib/python3.7/site-packages/elasticsearch/connection/http_urllib3.py", line 115, in perform_request
    response = self.pool.urlopen(method, url, body, retries=False, headers=self.headers, **kw)
  File "/root/.cache/pypoetry/virtualenvs/cpdbv2-backend-VA82Wl8V-py3.7/lib/python3.7/site-packages/urllib3/connectionpool.py", line 727, in urlopen
    method, url, error=e, _pool=self, _stacktrace=sys.exc_info()[2]
  File "/root/.cache/pypoetry/virtualenvs/cpdbv2-backend-VA82Wl8V-py3.7/lib/python3.7/site-packages/urllib3/util/retry.py", line 386, in increment
    raise six.reraise(type(error), error, _stacktrace)
  File "/root/.cache/pypoetry/virtualenvs/cpdbv2-backend-VA82Wl8V-py3.7/lib/python3.7/site-packages/urllib3/packages/six.py", line 735, in reraise
    raise value
  File "/root/.cache/pypoetry/virtualenvs/cpdbv2-backend-VA82Wl8V-py3.7/lib/python3.7/site-packages/urllib3/connectionpool.py", line 677, in urlopen
    chunked=chunked,
  File "/root/.cache/pypoetry/virtualenvs/cpdbv2-backend-VA82Wl8V-py3.7/lib/python3.7/site-packages/urllib3/connectionpool.py", line 392, in _make_request
    conn.request(method, url, **httplib_request_kw)
  File "/usr/local/lib/python3.7/http/client.py", line 1281, in request
    self._send_request(method, url, body, headers, encode_chunked)
  File "/usr/local/lib/python3.7/http/client.py", line 1327, in _send_request
    self.endheaders(body, encode_chunked=encode_chunked)
  File "/usr/local/lib/python3.7/http/client.py", line 1276, in endheaders
    self._send_output(message_body, encode_chunked=encode_chunked)
  File "/usr/local/lib/python3.7/http/client.py", line 1036, in _send_output
    self.send(msg)
  File "/usr/local/lib/python3.7/http/client.py", line 976, in send
    self.connect()
  File "/root/.cache/pypoetry/virtualenvs/cpdbv2-backend-VA82Wl8V-py3.7/lib/python3.7/site-packages/urllib3/connection.py", line 187, in connect
    conn = self._new_conn()
  File "/root/.cache/pypoetry/virtualenvs/cpdbv2-backend-VA82Wl8V-py3.7/lib/python3.7/site-packages/urllib3/connection.py", line 172, in _new_conn
    self, "Failed to establish a new connection: %s" % e
urllib3.exceptions.NewConnectionError: <urllib3.connection.HTTPConnection object at 0x7ff069281cd0>: Failed to establish a new connection: [Errno -2] Name or service not known
elasticsearch: DEBUG: > None
urllib3.util.retry: DEBUG: Converted retries value: False -> Retry(total=False, connect=None, read=None, redirect=0, status=None)
urllib3.connectionpool: DEBUG: Starting new HTTP connection (646): elasticsearch:9200
elasticsearch: WARNING: DELETE http://elasticsearch:9200/test_trr_c97d3965-996f-4fbb-b4a7-1038423423bd [status:N/A request:0.004s]
Traceback (most recent call last):
  File "/root/.cache/pypoetry/virtualenvs/cpdbv2-backend-VA82Wl8V-py3.7/lib/python3.7/site-packages/urllib3/connection.py", line 160, in _new_conn
    (self._dns_host, self.port), self.timeout, **extra_kw
  File "/root/.cache/pypoetry/virtualenvs/cpdbv2-backend-VA82Wl8V-py3.7/lib/python3.7/site-packages/urllib3/util/connection.py", line 61, in create_connection
    for res in socket.getaddrinfo(host, port, family, socket.SOCK_STREAM):
  File "/usr/local/lib/python3.7/socket.py", line 752, in getaddrinfo
    for res in _socket.getaddrinfo(host, port, family, type, proto, flags):
socket.gaierror: [Errno -2] Name or service not known

During handling of the above exception, another exception occurred:

Traceback (most recent call last):
  File "/root/.cache/pypoetry/virtualenvs/cpdbv2-backend-VA82Wl8V-py3.7/lib/python3.7/site-packages/elasticsearch/connection/http_urllib3.py", line 115, in perform_request
    response = self.pool.urlopen(method, url, body, retries=False, headers=self.headers, **kw)
  File "/root/.cache/pypoetry/virtualenvs/cpdbv2-backend-VA82Wl8V-py3.7/lib/python3.7/site-packages/urllib3/connectionpool.py", line 727, in urlopen
    method, url, error=e, _pool=self, _stacktrace=sys.exc_info()[2]
  File "/root/.cache/pypoetry/virtualenvs/cpdbv2-backend-VA82Wl8V-py3.7/lib/python3.7/site-packages/urllib3/util/retry.py", line 386, in increment
    raise six.reraise(type(error), error, _stacktrace)
  File "/root/.cache/pypoetry/virtualenvs/cpdbv2-backend-VA82Wl8V-py3.7/lib/python3.7/site-packages/urllib3/packages/six.py", line 735, in reraise
    raise value
  File "/root/.cache/pypoetry/virtualenvs/cpdbv2-backend-VA82Wl8V-py3.7/lib/python3.7/site-packages/urllib3/connectionpool.py", line 677, in urlopen
    chunked=chunked,
  File "/root/.cache/pypoetry/virtualenvs/cpdbv2-backend-VA82Wl8V-py3.7/lib/python3.7/site-packages/urllib3/connectionpool.py", line 392, in _make_request
    conn.request(method, url, **httplib_request_kw)
  File "/usr/local/lib/python3.7/http/client.py", line 1281, in request
    self._send_request(method, url, body, headers, encode_chunked)
  File "/usr/local/lib/python3.7/http/client.py", line 1327, in _send_request
    self.endheaders(body, encode_chunked=encode_chunked)
  File "/usr/local/lib/python3.7/http/client.py", line 1276, in endheaders
    self._send_output(message_body, encode_chunked=encode_chunked)
  File "/usr/local/lib/python3.7/http/client.py", line 1036, in _send_output
    self.send(msg)
  File "/usr/local/lib/python3.7/http/client.py", line 976, in send
    self.connect()
  File "/root/.cache/pypoetry/virtualenvs/cpdbv2-backend-VA82Wl8V-py3.7/lib/python3.7/site-packages/urllib3/connection.py", line 187, in connect
    conn = self._new_conn()
  File "/root/.cache/pypoetry/virtualenvs/cpdbv2-backend-VA82Wl8V-py3.7/lib/python3.7/site-packages/urllib3/connection.py", line 172, in _new_conn
    self, "Failed to establish a new connection: %s" % e
urllib3.exceptions.NewConnectionError: <urllib3.connection.HTTPConnection object at 0x7ff0692813d0>: Failed to establish a new connection: [Errno -2] Name or service not known
elasticsearch: DEBUG: > None
urllib3.util.retry: DEBUG: Converted retries value: False -> Retry(total=False, connect=None, read=None, redirect=0, status=None)
urllib3.connectionpool: DEBUG: Starting new HTTP connection (647): elasticsearch:9200
elasticsearch: WARNING: DELETE http://elasticsearch:9200/test_trr_c97d3965-996f-4fbb-b4a7-1038423423bd [status:N/A request:0.004s]
Traceback (most recent call last):
  File "/root/.cache/pypoetry/virtualenvs/cpdbv2-backend-VA82Wl8V-py3.7/lib/python3.7/site-packages/urllib3/connection.py", line 160, in _new_conn
    (self._dns_host, self.port), self.timeout, **extra_kw
  File "/root/.cache/pypoetry/virtualenvs/cpdbv2-backend-VA82Wl8V-py3.7/lib/python3.7/site-packages/urllib3/util/connection.py", line 61, in create_connection
    for res in socket.getaddrinfo(host, port, family, socket.SOCK_STREAM):
  File "/usr/local/lib/python3.7/socket.py", line 752, in getaddrinfo
    for res in _socket.getaddrinfo(host, port, family, type, proto, flags):
socket.gaierror: [Errno -2] Name or service not known

During handling of the above exception, another exception occurred:

Traceback (most recent call last):
  File "/root/.cache/pypoetry/virtualenvs/cpdbv2-backend-VA82Wl8V-py3.7/lib/python3.7/site-packages/elasticsearch/connection/http_urllib3.py", line 115, in perform_request
    response = self.pool.urlopen(method, url, body, retries=False, headers=self.headers, **kw)
  File "/root/.cache/pypoetry/virtualenvs/cpdbv2-backend-VA82Wl8V-py3.7/lib/python3.7/site-packages/urllib3/connectionpool.py", line 727, in urlopen
    method, url, error=e, _pool=self, _stacktrace=sys.exc_info()[2]
  File "/root/.cache/pypoetry/virtualenvs/cpdbv2-backend-VA82Wl8V-py3.7/lib/python3.7/site-packages/urllib3/util/retry.py", line 386, in increment
    raise six.reraise(type(error), error, _stacktrace)
  File "/root/.cache/pypoetry/virtualenvs/cpdbv2-backend-VA82Wl8V-py3.7/lib/python3.7/site-packages/urllib3/packages/six.py", line 735, in reraise
    raise value
  File "/root/.cache/pypoetry/virtualenvs/cpdbv2-backend-VA82Wl8V-py3.7/lib/python3.7/site-packages/urllib3/connectionpool.py", line 677, in urlopen
    chunked=chunked,
  File "/root/.cache/pypoetry/virtualenvs/cpdbv2-backend-VA82Wl8V-py3.7/lib/python3.7/site-packages/urllib3/connectionpool.py", line 392, in _make_request
    conn.request(method, url, **httplib_request_kw)
  File "/usr/local/lib/python3.7/http/client.py", line 1281, in request
    self._send_request(method, url, body, headers, encode_chunked)
  File "/usr/local/lib/python3.7/http/client.py", line 1327, in _send_request
    self.endheaders(body, encode_chunked=encode_chunked)
  File "/usr/local/lib/python3.7/http/client.py", line 1276, in endheaders
    self._send_output(message_body, encode_chunked=encode_chunked)
  File "/usr/local/lib/python3.7/http/client.py", line 1036, in _send_output
    self.send(msg)
  File "/usr/local/lib/python3.7/http/client.py", line 976, in send
    self.connect()
  File "/root/.cache/pypoetry/virtualenvs/cpdbv2-backend-VA82Wl8V-py3.7/lib/python3.7/site-packages/urllib3/connection.py", line 187, in connect
    conn = self._new_conn()
  File "/root/.cache/pypoetry/virtualenvs/cpdbv2-backend-VA82Wl8V-py3.7/lib/python3.7/site-packages/urllib3/connection.py", line 172, in _new_conn
    self, "Failed to establish a new connection: %s" % e
urllib3.exceptions.NewConnectionError: <urllib3.connection.HTTPConnection object at 0x7ff069281550>: Failed to establish a new connection: [Errno -2] Name or service not known
elasticsearch: DEBUG: > None
urllib3.util.retry: DEBUG: Converted retries value: False -> Retry(total=False, connect=None, read=None, redirect=0, status=None)
urllib3.connectionpool: DEBUG: Starting new HTTP connection (648): elasticsearch:9200
elasticsearch: WARNING: DELETE http://elasticsearch:9200/test_trr_c97d3965-996f-4fbb-b4a7-1038423423bd [status:N/A request:0.004s]
Traceback (most recent call last):
  File "/root/.cache/pypoetry/virtualenvs/cpdbv2-backend-VA82Wl8V-py3.7/lib/python3.7/site-packages/urllib3/connection.py", line 160, in _new_conn
    (self._dns_host, self.port), self.timeout, **extra_kw
  File "/root/.cache/pypoetry/virtualenvs/cpdbv2-backend-VA82Wl8V-py3.7/lib/python3.7/site-packages/urllib3/util/connection.py", line 61, in create_connection
    for res in socket.getaddrinfo(host, port, family, socket.SOCK_STREAM):
  File "/usr/local/lib/python3.7/socket.py", line 752, in getaddrinfo
    for res in _socket.getaddrinfo(host, port, family, type, proto, flags):
socket.gaierror: [Errno -2] Name or service not known

During handling of the above exception, another exception occurred:

Traceback (most recent call last):
  File "/root/.cache/pypoetry/virtualenvs/cpdbv2-backend-VA82Wl8V-py3.7/lib/python3.7/site-packages/elasticsearch/connection/http_urllib3.py", line 115, in perform_request
    response = self.pool.urlopen(method, url, body, retries=False, headers=self.headers, **kw)
  File "/root/.cache/pypoetry/virtualenvs/cpdbv2-backend-VA82Wl8V-py3.7/lib/python3.7/site-packages/urllib3/connectionpool.py", line 727, in urlopen
    method, url, error=e, _pool=self, _stacktrace=sys.exc_info()[2]
  File "/root/.cache/pypoetry/virtualenvs/cpdbv2-backend-VA82Wl8V-py3.7/lib/python3.7/site-packages/urllib3/util/retry.py", line 386, in increment
    raise six.reraise(type(error), error, _stacktrace)
  File "/root/.cache/pypoetry/virtualenvs/cpdbv2-backend-VA82Wl8V-py3.7/lib/python3.7/site-packages/urllib3/packages/six.py", line 735, in reraise
    raise value
  File "/root/.cache/pypoetry/virtualenvs/cpdbv2-backend-VA82Wl8V-py3.7/lib/python3.7/site-packages/urllib3/connectionpool.py", line 677, in urlopen
    chunked=chunked,
  File "/root/.cache/pypoetry/virtualenvs/cpdbv2-backend-VA82Wl8V-py3.7/lib/python3.7/site-packages/urllib3/connectionpool.py", line 392, in _make_request
    conn.request(method, url, **httplib_request_kw)
  File "/usr/local/lib/python3.7/http/client.py", line 1281, in request
    self._send_request(method, url, body, headers, encode_chunked)
  File "/usr/local/lib/python3.7/http/client.py", line 1327, in _send_request
    self.endheaders(body, encode_chunked=encode_chunked)
  File "/usr/local/lib/python3.7/http/client.py", line 1276, in endheaders
    self._send_output(message_body, encode_chunked=encode_chunked)
  File "/usr/local/lib/python3.7/http/client.py", line 1036, in _send_output
    self.send(msg)
  File "/usr/local/lib/python3.7/http/client.py", line 976, in send
    self.connect()
  File "/root/.cache/pypoetry/virtualenvs/cpdbv2-backend-VA82Wl8V-py3.7/lib/python3.7/site-packages/urllib3/connection.py", line 187, in connect
    conn = self._new_conn()
  File "/root/.cache/pypoetry/virtualenvs/cpdbv2-backend-VA82Wl8V-py3.7/lib/python3.7/site-packages/urllib3/connection.py", line 172, in _new_conn
    self, "Failed to establish a new connection: %s" % e
urllib3.exceptions.NewConnectionError: <urllib3.connection.HTTPConnection object at 0x7ff0691291d0>: Failed to establish a new connection: [Errno -2] Name or service not known
elasticsearch: DEBUG: > None
--------------------- >> end captured logging << ---------------------

======================================================================
ERROR: test_match_tweet (twitterbot.tests.handlers.test_officer_tweet_handler.OfficerTweetHandlerTestCase)
----------------------------------------------------------------------
Traceback (most recent call last):
  File "/usr/src/app/cpdb/twitterbot/tests/handlers/test_officer_tweet_handler.py", line 34, in setUp
    super(OfficerTweetHandlerTestCase, self).setUp()
  File "/usr/src/app/cpdb/twitterbot/tests/mixins.py", line 7, in setUp
    officers_index_alias.write_index.delete(ignore=404)
  File "/root/.cache/pypoetry/virtualenvs/cpdbv2-backend-VA82Wl8V-py3.7/lib/python3.7/site-packages/elasticsearch_dsl/index.py", line 222, in delete
    self.connection.indices.delete(index=self._name, **kwargs)
  File "/root/.cache/pypoetry/virtualenvs/cpdbv2-backend-VA82Wl8V-py3.7/lib/python3.7/site-packages/elasticsearch/client/utils.py", line 73, in _wrapped
    return func(*args, params=params, **kwargs)
  File "/root/.cache/pypoetry/virtualenvs/cpdbv2-backend-VA82Wl8V-py3.7/lib/python3.7/site-packages/elasticsearch/client/indices.py", line 200, in delete
    params=params)
  File "/root/.cache/pypoetry/virtualenvs/cpdbv2-backend-VA82Wl8V-py3.7/lib/python3.7/site-packages/elasticsearch/transport.py", line 312, in perform_request
    status, headers, data = connection.perform_request(method, url, params, body, ignore=ignore, timeout=timeout)
  File "/root/.cache/pypoetry/virtualenvs/cpdbv2-backend-VA82Wl8V-py3.7/lib/python3.7/site-packages/elasticsearch/connection/http_urllib3.py", line 124, in perform_request
    raise ConnectionError('N/A', str(e), e)
elasticsearch.exceptions.ConnectionError: ConnectionError(<urllib3.connection.HTTPConnection object at 0x7ff06910c0d0>: Failed to establish a new connection: [Errno -2] Name or service not known) caused by: NewConnectionError(<urllib3.connection.HTTPConnection object at 0x7ff06910c0d0>: Failed to establish a new connection: [Errno -2] Name or service not known)
-------------------- >> begin captured logging << --------------------
urllib3.util.retry: DEBUG: Converted retries value: False -> Retry(total=False, connect=None, read=None, redirect=0, status=None)
urllib3.connectionpool: DEBUG: Starting new HTTP connection (649): elasticsearch:9200
elasticsearch: WARNING: DELETE http://elasticsearch:9200/test_officers_c97d3965-996f-4fbb-b4a7-1038423423bd [status:N/A request:0.005s]
Traceback (most recent call last):
  File "/root/.cache/pypoetry/virtualenvs/cpdbv2-backend-VA82Wl8V-py3.7/lib/python3.7/site-packages/urllib3/connection.py", line 160, in _new_conn
    (self._dns_host, self.port), self.timeout, **extra_kw
  File "/root/.cache/pypoetry/virtualenvs/cpdbv2-backend-VA82Wl8V-py3.7/lib/python3.7/site-packages/urllib3/util/connection.py", line 61, in create_connection
    for res in socket.getaddrinfo(host, port, family, socket.SOCK_STREAM):
  File "/usr/local/lib/python3.7/socket.py", line 752, in getaddrinfo
    for res in _socket.getaddrinfo(host, port, family, type, proto, flags):
socket.gaierror: [Errno -2] Name or service not known

During handling of the above exception, another exception occurred:

Traceback (most recent call last):
  File "/root/.cache/pypoetry/virtualenvs/cpdbv2-backend-VA82Wl8V-py3.7/lib/python3.7/site-packages/elasticsearch/connection/http_urllib3.py", line 115, in perform_request
    response = self.pool.urlopen(method, url, body, retries=False, headers=self.headers, **kw)
  File "/root/.cache/pypoetry/virtualenvs/cpdbv2-backend-VA82Wl8V-py3.7/lib/python3.7/site-packages/urllib3/connectionpool.py", line 727, in urlopen
    method, url, error=e, _pool=self, _stacktrace=sys.exc_info()[2]
  File "/root/.cache/pypoetry/virtualenvs/cpdbv2-backend-VA82Wl8V-py3.7/lib/python3.7/site-packages/urllib3/util/retry.py", line 386, in increment
    raise six.reraise(type(error), error, _stacktrace)
  File "/root/.cache/pypoetry/virtualenvs/cpdbv2-backend-VA82Wl8V-py3.7/lib/python3.7/site-packages/urllib3/packages/six.py", line 735, in reraise
    raise value
  File "/root/.cache/pypoetry/virtualenvs/cpdbv2-backend-VA82Wl8V-py3.7/lib/python3.7/site-packages/urllib3/connectionpool.py", line 677, in urlopen
    chunked=chunked,
  File "/root/.cache/pypoetry/virtualenvs/cpdbv2-backend-VA82Wl8V-py3.7/lib/python3.7/site-packages/urllib3/connectionpool.py", line 392, in _make_request
    conn.request(method, url, **httplib_request_kw)
  File "/usr/local/lib/python3.7/http/client.py", line 1281, in request
    self._send_request(method, url, body, headers, encode_chunked)
  File "/usr/local/lib/python3.7/http/client.py", line 1327, in _send_request
    self.endheaders(body, encode_chunked=encode_chunked)
  File "/usr/local/lib/python3.7/http/client.py", line 1276, in endheaders
    self._send_output(message_body, encode_chunked=encode_chunked)
  File "/usr/local/lib/python3.7/http/client.py", line 1036, in _send_output
    self.send(msg)
  File "/usr/local/lib/python3.7/http/client.py", line 976, in send
    self.connect()
  File "/root/.cache/pypoetry/virtualenvs/cpdbv2-backend-VA82Wl8V-py3.7/lib/python3.7/site-packages/urllib3/connection.py", line 187, in connect
    conn = self._new_conn()
  File "/root/.cache/pypoetry/virtualenvs/cpdbv2-backend-VA82Wl8V-py3.7/lib/python3.7/site-packages/urllib3/connection.py", line 172, in _new_conn
    self, "Failed to establish a new connection: %s" % e
urllib3.exceptions.NewConnectionError: <urllib3.connection.HTTPConnection object at 0x7ff0692819d0>: Failed to establish a new connection: [Errno -2] Name or service not known
elasticsearch: DEBUG: > None
urllib3.util.retry: DEBUG: Converted retries value: False -> Retry(total=False, connect=None, read=None, redirect=0, status=None)
urllib3.connectionpool: DEBUG: Starting new HTTP connection (650): elasticsearch:9200
elasticsearch: WARNING: DELETE http://elasticsearch:9200/test_officers_c97d3965-996f-4fbb-b4a7-1038423423bd [status:N/A request:0.004s]
Traceback (most recent call last):
  File "/root/.cache/pypoetry/virtualenvs/cpdbv2-backend-VA82Wl8V-py3.7/lib/python3.7/site-packages/urllib3/connection.py", line 160, in _new_conn
    (self._dns_host, self.port), self.timeout, **extra_kw
  File "/root/.cache/pypoetry/virtualenvs/cpdbv2-backend-VA82Wl8V-py3.7/lib/python3.7/site-packages/urllib3/util/connection.py", line 61, in create_connection
    for res in socket.getaddrinfo(host, port, family, socket.SOCK_STREAM):
  File "/usr/local/lib/python3.7/socket.py", line 752, in getaddrinfo
    for res in _socket.getaddrinfo(host, port, family, type, proto, flags):
socket.gaierror: [Errno -2] Name or service not known

During handling of the above exception, another exception occurred:

Traceback (most recent call last):
  File "/root/.cache/pypoetry/virtualenvs/cpdbv2-backend-VA82Wl8V-py3.7/lib/python3.7/site-packages/elasticsearch/connection/http_urllib3.py", line 115, in perform_request
    response = self.pool.urlopen(method, url, body, retries=False, headers=self.headers, **kw)
  File "/root/.cache/pypoetry/virtualenvs/cpdbv2-backend-VA82Wl8V-py3.7/lib/python3.7/site-packages/urllib3/connectionpool.py", line 727, in urlopen
    method, url, error=e, _pool=self, _stacktrace=sys.exc_info()[2]
  File "/root/.cache/pypoetry/virtualenvs/cpdbv2-backend-VA82Wl8V-py3.7/lib/python3.7/site-packages/urllib3/util/retry.py", line 386, in increment
    raise six.reraise(type(error), error, _stacktrace)
  File "/root/.cache/pypoetry/virtualenvs/cpdbv2-backend-VA82Wl8V-py3.7/lib/python3.7/site-packages/urllib3/packages/six.py", line 735, in reraise
    raise value
  File "/root/.cache/pypoetry/virtualenvs/cpdbv2-backend-VA82Wl8V-py3.7/lib/python3.7/site-packages/urllib3/connectionpool.py", line 677, in urlopen
    chunked=chunked,
  File "/root/.cache/pypoetry/virtualenvs/cpdbv2-backend-VA82Wl8V-py3.7/lib/python3.7/site-packages/urllib3/connectionpool.py", line 392, in _make_request
    conn.request(method, url, **httplib_request_kw)
  File "/usr/local/lib/python3.7/http/client.py", line 1281, in request
    self._send_request(method, url, body, headers, encode_chunked)
  File "/usr/local/lib/python3.7/http/client.py", line 1327, in _send_request
    self.endheaders(body, encode_chunked=encode_chunked)
  File "/usr/local/lib/python3.7/http/client.py", line 1276, in endheaders
    self._send_output(message_body, encode_chunked=encode_chunked)
  File "/usr/local/lib/python3.7/http/client.py", line 1036, in _send_output
    self.send(msg)
  File "/usr/local/lib/python3.7/http/client.py", line 976, in send
    self.connect()
  File "/root/.cache/pypoetry/virtualenvs/cpdbv2-backend-VA82Wl8V-py3.7/lib/python3.7/site-packages/urllib3/connection.py", line 187, in connect
    conn = self._new_conn()
  File "/root/.cache/pypoetry/virtualenvs/cpdbv2-backend-VA82Wl8V-py3.7/lib/python3.7/site-packages/urllib3/connection.py", line 172, in _new_conn
    self, "Failed to establish a new connection: %s" % e
urllib3.exceptions.NewConnectionError: <urllib3.connection.HTTPConnection object at 0x7ff06901d750>: Failed to establish a new connection: [Errno -2] Name or service not known
elasticsearch: DEBUG: > None
urllib3.util.retry: DEBUG: Converted retries value: False -> Retry(total=False, connect=None, read=None, redirect=0, status=None)
urllib3.connectionpool: DEBUG: Starting new HTTP connection (651): elasticsearch:9200
elasticsearch: WARNING: DELETE http://elasticsearch:9200/test_officers_c97d3965-996f-4fbb-b4a7-1038423423bd [status:N/A request:0.004s]
Traceback (most recent call last):
  File "/root/.cache/pypoetry/virtualenvs/cpdbv2-backend-VA82Wl8V-py3.7/lib/python3.7/site-packages/urllib3/connection.py", line 160, in _new_conn
    (self._dns_host, self.port), self.timeout, **extra_kw
  File "/root/.cache/pypoetry/virtualenvs/cpdbv2-backend-VA82Wl8V-py3.7/lib/python3.7/site-packages/urllib3/util/connection.py", line 61, in create_connection
    for res in socket.getaddrinfo(host, port, family, socket.SOCK_STREAM):
  File "/usr/local/lib/python3.7/socket.py", line 752, in getaddrinfo
    for res in _socket.getaddrinfo(host, port, family, type, proto, flags):
socket.gaierror: [Errno -2] Name or service not known

During handling of the above exception, another exception occurred:

Traceback (most recent call last):
  File "/root/.cache/pypoetry/virtualenvs/cpdbv2-backend-VA82Wl8V-py3.7/lib/python3.7/site-packages/elasticsearch/connection/http_urllib3.py", line 115, in perform_request
    response = self.pool.urlopen(method, url, body, retries=False, headers=self.headers, **kw)
  File "/root/.cache/pypoetry/virtualenvs/cpdbv2-backend-VA82Wl8V-py3.7/lib/python3.7/site-packages/urllib3/connectionpool.py", line 727, in urlopen
    method, url, error=e, _pool=self, _stacktrace=sys.exc_info()[2]
  File "/root/.cache/pypoetry/virtualenvs/cpdbv2-backend-VA82Wl8V-py3.7/lib/python3.7/site-packages/urllib3/util/retry.py", line 386, in increment
    raise six.reraise(type(error), error, _stacktrace)
  File "/root/.cache/pypoetry/virtualenvs/cpdbv2-backend-VA82Wl8V-py3.7/lib/python3.7/site-packages/urllib3/packages/six.py", line 735, in reraise
    raise value
  File "/root/.cache/pypoetry/virtualenvs/cpdbv2-backend-VA82Wl8V-py3.7/lib/python3.7/site-packages/urllib3/connectionpool.py", line 677, in urlopen
    chunked=chunked,
  File "/root/.cache/pypoetry/virtualenvs/cpdbv2-backend-VA82Wl8V-py3.7/lib/python3.7/site-packages/urllib3/connectionpool.py", line 392, in _make_request
    conn.request(method, url, **httplib_request_kw)
  File "/usr/local/lib/python3.7/http/client.py", line 1281, in request
    self._send_request(method, url, body, headers, encode_chunked)
  File "/usr/local/lib/python3.7/http/client.py", line 1327, in _send_request
    self.endheaders(body, encode_chunked=encode_chunked)
  File "/usr/local/lib/python3.7/http/client.py", line 1276, in endheaders
    self._send_output(message_body, encode_chunked=encode_chunked)
  File "/usr/local/lib/python3.7/http/client.py", line 1036, in _send_output
    self.send(msg)
  File "/usr/local/lib/python3.7/http/client.py", line 976, in send
    self.connect()
  File "/root/.cache/pypoetry/virtualenvs/cpdbv2-backend-VA82Wl8V-py3.7/lib/python3.7/site-packages/urllib3/connection.py", line 187, in connect
    conn = self._new_conn()
  File "/root/.cache/pypoetry/virtualenvs/cpdbv2-backend-VA82Wl8V-py3.7/lib/python3.7/site-packages/urllib3/connection.py", line 172, in _new_conn
    self, "Failed to establish a new connection: %s" % e
urllib3.exceptions.NewConnectionError: <urllib3.connection.HTTPConnection object at 0x7ff069126d10>: Failed to establish a new connection: [Errno -2] Name or service not known
elasticsearch: DEBUG: > None
urllib3.util.retry: DEBUG: Converted retries value: False -> Retry(total=False, connect=None, read=None, redirect=0, status=None)
urllib3.connectionpool: DEBUG: Starting new HTTP connection (652): elasticsearch:9200
elasticsearch: WARNING: DELETE http://elasticsearch:9200/test_officers_c97d3965-996f-4fbb-b4a7-1038423423bd [status:N/A request:0.004s]
Traceback (most recent call last):
  File "/root/.cache/pypoetry/virtualenvs/cpdbv2-backend-VA82Wl8V-py3.7/lib/python3.7/site-packages/urllib3/connection.py", line 160, in _new_conn
    (self._dns_host, self.port), self.timeout, **extra_kw
  File "/root/.cache/pypoetry/virtualenvs/cpdbv2-backend-VA82Wl8V-py3.7/lib/python3.7/site-packages/urllib3/util/connection.py", line 61, in create_connection
    for res in socket.getaddrinfo(host, port, family, socket.SOCK_STREAM):
  File "/usr/local/lib/python3.7/socket.py", line 752, in getaddrinfo
    for res in _socket.getaddrinfo(host, port, family, type, proto, flags):
socket.gaierror: [Errno -2] Name or service not known

During handling of the above exception, another exception occurred:

Traceback (most recent call last):
  File "/root/.cache/pypoetry/virtualenvs/cpdbv2-backend-VA82Wl8V-py3.7/lib/python3.7/site-packages/elasticsearch/connection/http_urllib3.py", line 115, in perform_request
    response = self.pool.urlopen(method, url, body, retries=False, headers=self.headers, **kw)
  File "/root/.cache/pypoetry/virtualenvs/cpdbv2-backend-VA82Wl8V-py3.7/lib/python3.7/site-packages/urllib3/connectionpool.py", line 727, in urlopen
    method, url, error=e, _pool=self, _stacktrace=sys.exc_info()[2]
  File "/root/.cache/pypoetry/virtualenvs/cpdbv2-backend-VA82Wl8V-py3.7/lib/python3.7/site-packages/urllib3/util/retry.py", line 386, in increment
    raise six.reraise(type(error), error, _stacktrace)
  File "/root/.cache/pypoetry/virtualenvs/cpdbv2-backend-VA82Wl8V-py3.7/lib/python3.7/site-packages/urllib3/packages/six.py", line 735, in reraise
    raise value
  File "/root/.cache/pypoetry/virtualenvs/cpdbv2-backend-VA82Wl8V-py3.7/lib/python3.7/site-packages/urllib3/connectionpool.py", line 677, in urlopen
    chunked=chunked,
  File "/root/.cache/pypoetry/virtualenvs/cpdbv2-backend-VA82Wl8V-py3.7/lib/python3.7/site-packages/urllib3/connectionpool.py", line 392, in _make_request
    conn.request(method, url, **httplib_request_kw)
  File "/usr/local/lib/python3.7/http/client.py", line 1281, in request
    self._send_request(method, url, body, headers, encode_chunked)
  File "/usr/local/lib/python3.7/http/client.py", line 1327, in _send_request
    self.endheaders(body, encode_chunked=encode_chunked)
  File "/usr/local/lib/python3.7/http/client.py", line 1276, in endheaders
    self._send_output(message_body, encode_chunked=encode_chunked)
  File "/usr/local/lib/python3.7/http/client.py", line 1036, in _send_output
    self.send(msg)
  File "/usr/local/lib/python3.7/http/client.py", line 976, in send
    self.connect()
  File "/root/.cache/pypoetry/virtualenvs/cpdbv2-backend-VA82Wl8V-py3.7/lib/python3.7/site-packages/urllib3/connection.py", line 187, in connect
    conn = self._new_conn()
  File "/root/.cache/pypoetry/virtualenvs/cpdbv2-backend-VA82Wl8V-py3.7/lib/python3.7/site-packages/urllib3/connection.py", line 172, in _new_conn
    self, "Failed to establish a new connection: %s" % e
urllib3.exceptions.NewConnectionError: <urllib3.connection.HTTPConnection object at 0x7ff06910c0d0>: Failed to establish a new connection: [Errno -2] Name or service not known
elasticsearch: DEBUG: > None
--------------------- >> end captured logging << ---------------------

======================================================================
ERROR: test_retweet_twitterbot_status (twitterbot.tests.handlers.test_officer_tweet_handler.OfficerTweetHandlerTestCase)
----------------------------------------------------------------------
Traceback (most recent call last):
  File "/usr/src/app/cpdb/twitterbot/tests/handlers/test_officer_tweet_handler.py", line 34, in setUp
    super(OfficerTweetHandlerTestCase, self).setUp()
  File "/usr/src/app/cpdb/twitterbot/tests/mixins.py", line 7, in setUp
    officers_index_alias.write_index.delete(ignore=404)
  File "/root/.cache/pypoetry/virtualenvs/cpdbv2-backend-VA82Wl8V-py3.7/lib/python3.7/site-packages/elasticsearch_dsl/index.py", line 222, in delete
    self.connection.indices.delete(index=self._name, **kwargs)
  File "/root/.cache/pypoetry/virtualenvs/cpdbv2-backend-VA82Wl8V-py3.7/lib/python3.7/site-packages/elasticsearch/client/utils.py", line 73, in _wrapped
    return func(*args, params=params, **kwargs)
  File "/root/.cache/pypoetry/virtualenvs/cpdbv2-backend-VA82Wl8V-py3.7/lib/python3.7/site-packages/elasticsearch/client/indices.py", line 200, in delete
    params=params)
  File "/root/.cache/pypoetry/virtualenvs/cpdbv2-backend-VA82Wl8V-py3.7/lib/python3.7/site-packages/elasticsearch/transport.py", line 312, in perform_request
    status, headers, data = connection.perform_request(method, url, params, body, ignore=ignore, timeout=timeout)
  File "/root/.cache/pypoetry/virtualenvs/cpdbv2-backend-VA82Wl8V-py3.7/lib/python3.7/site-packages/elasticsearch/connection/http_urllib3.py", line 124, in perform_request
    raise ConnectionError('N/A', str(e), e)
elasticsearch.exceptions.ConnectionError: ConnectionError(<urllib3.connection.HTTPConnection object at 0x7ff06971ad50>: Failed to establish a new connection: [Errno -2] Name or service not known) caused by: NewConnectionError(<urllib3.connection.HTTPConnection object at 0x7ff06971ad50>: Failed to establish a new connection: [Errno -2] Name or service not known)
-------------------- >> begin captured logging << --------------------
urllib3.util.retry: DEBUG: Converted retries value: False -> Retry(total=False, connect=None, read=None, redirect=0, status=None)
urllib3.connectionpool: DEBUG: Starting new HTTP connection (653): elasticsearch:9200
elasticsearch: WARNING: DELETE http://elasticsearch:9200/test_officers_c97d3965-996f-4fbb-b4a7-1038423423bd [status:N/A request:0.004s]
Traceback (most recent call last):
  File "/root/.cache/pypoetry/virtualenvs/cpdbv2-backend-VA82Wl8V-py3.7/lib/python3.7/site-packages/urllib3/connection.py", line 160, in _new_conn
    (self._dns_host, self.port), self.timeout, **extra_kw
  File "/root/.cache/pypoetry/virtualenvs/cpdbv2-backend-VA82Wl8V-py3.7/lib/python3.7/site-packages/urllib3/util/connection.py", line 61, in create_connection
    for res in socket.getaddrinfo(host, port, family, socket.SOCK_STREAM):
  File "/usr/local/lib/python3.7/socket.py", line 752, in getaddrinfo
    for res in _socket.getaddrinfo(host, port, family, type, proto, flags):
socket.gaierror: [Errno -2] Name or service not known

During handling of the above exception, another exception occurred:

Traceback (most recent call last):
  File "/root/.cache/pypoetry/virtualenvs/cpdbv2-backend-VA82Wl8V-py3.7/lib/python3.7/site-packages/elasticsearch/connection/http_urllib3.py", line 115, in perform_request
    response = self.pool.urlopen(method, url, body, retries=False, headers=self.headers, **kw)
  File "/root/.cache/pypoetry/virtualenvs/cpdbv2-backend-VA82Wl8V-py3.7/lib/python3.7/site-packages/urllib3/connectionpool.py", line 727, in urlopen
    method, url, error=e, _pool=self, _stacktrace=sys.exc_info()[2]
  File "/root/.cache/pypoetry/virtualenvs/cpdbv2-backend-VA82Wl8V-py3.7/lib/python3.7/site-packages/urllib3/util/retry.py", line 386, in increment
    raise six.reraise(type(error), error, _stacktrace)
  File "/root/.cache/pypoetry/virtualenvs/cpdbv2-backend-VA82Wl8V-py3.7/lib/python3.7/site-packages/urllib3/packages/six.py", line 735, in reraise
    raise value
  File "/root/.cache/pypoetry/virtualenvs/cpdbv2-backend-VA82Wl8V-py3.7/lib/python3.7/site-packages/urllib3/connectionpool.py", line 677, in urlopen
    chunked=chunked,
  File "/root/.cache/pypoetry/virtualenvs/cpdbv2-backend-VA82Wl8V-py3.7/lib/python3.7/site-packages/urllib3/connectionpool.py", line 392, in _make_request
    conn.request(method, url, **httplib_request_kw)
  File "/usr/local/lib/python3.7/http/client.py", line 1281, in request
    self._send_request(method, url, body, headers, encode_chunked)
  File "/usr/local/lib/python3.7/http/client.py", line 1327, in _send_request
    self.endheaders(body, encode_chunked=encode_chunked)
  File "/usr/local/lib/python3.7/http/client.py", line 1276, in endheaders
    self._send_output(message_body, encode_chunked=encode_chunked)
  File "/usr/local/lib/python3.7/http/client.py", line 1036, in _send_output
    self.send(msg)
  File "/usr/local/lib/python3.7/http/client.py", line 976, in send
    self.connect()
  File "/root/.cache/pypoetry/virtualenvs/cpdbv2-backend-VA82Wl8V-py3.7/lib/python3.7/site-packages/urllib3/connection.py", line 187, in connect
    conn = self._new_conn()
  File "/root/.cache/pypoetry/virtualenvs/cpdbv2-backend-VA82Wl8V-py3.7/lib/python3.7/site-packages/urllib3/connection.py", line 172, in _new_conn
    self, "Failed to establish a new connection: %s" % e
urllib3.exceptions.NewConnectionError: <urllib3.connection.HTTPConnection object at 0x7ff069281390>: Failed to establish a new connection: [Errno -2] Name or service not known
elasticsearch: DEBUG: > None
urllib3.util.retry: DEBUG: Converted retries value: False -> Retry(total=False, connect=None, read=None, redirect=0, status=None)
urllib3.connectionpool: DEBUG: Starting new HTTP connection (654): elasticsearch:9200
elasticsearch: WARNING: DELETE http://elasticsearch:9200/test_officers_c97d3965-996f-4fbb-b4a7-1038423423bd [status:N/A request:0.004s]
Traceback (most recent call last):
  File "/root/.cache/pypoetry/virtualenvs/cpdbv2-backend-VA82Wl8V-py3.7/lib/python3.7/site-packages/urllib3/connection.py", line 160, in _new_conn
    (self._dns_host, self.port), self.timeout, **extra_kw
  File "/root/.cache/pypoetry/virtualenvs/cpdbv2-backend-VA82Wl8V-py3.7/lib/python3.7/site-packages/urllib3/util/connection.py", line 61, in create_connection
    for res in socket.getaddrinfo(host, port, family, socket.SOCK_STREAM):
  File "/usr/local/lib/python3.7/socket.py", line 752, in getaddrinfo
    for res in _socket.getaddrinfo(host, port, family, type, proto, flags):
socket.gaierror: [Errno -2] Name or service not known

During handling of the above exception, another exception occurred:

Traceback (most recent call last):
  File "/root/.cache/pypoetry/virtualenvs/cpdbv2-backend-VA82Wl8V-py3.7/lib/python3.7/site-packages/elasticsearch/connection/http_urllib3.py", line 115, in perform_request
    response = self.pool.urlopen(method, url, body, retries=False, headers=self.headers, **kw)
  File "/root/.cache/pypoetry/virtualenvs/cpdbv2-backend-VA82Wl8V-py3.7/lib/python3.7/site-packages/urllib3/connectionpool.py", line 727, in urlopen
    method, url, error=e, _pool=self, _stacktrace=sys.exc_info()[2]
  File "/root/.cache/pypoetry/virtualenvs/cpdbv2-backend-VA82Wl8V-py3.7/lib/python3.7/site-packages/urllib3/util/retry.py", line 386, in increment
    raise six.reraise(type(error), error, _stacktrace)
  File "/root/.cache/pypoetry/virtualenvs/cpdbv2-backend-VA82Wl8V-py3.7/lib/python3.7/site-packages/urllib3/packages/six.py", line 735, in reraise
    raise value
  File "/root/.cache/pypoetry/virtualenvs/cpdbv2-backend-VA82Wl8V-py3.7/lib/python3.7/site-packages/urllib3/connectionpool.py", line 677, in urlopen
    chunked=chunked,
  File "/root/.cache/pypoetry/virtualenvs/cpdbv2-backend-VA82Wl8V-py3.7/lib/python3.7/site-packages/urllib3/connectionpool.py", line 392, in _make_request
    conn.request(method, url, **httplib_request_kw)
  File "/usr/local/lib/python3.7/http/client.py", line 1281, in request
    self._send_request(method, url, body, headers, encode_chunked)
  File "/usr/local/lib/python3.7/http/client.py", line 1327, in _send_request
    self.endheaders(body, encode_chunked=encode_chunked)
  File "/usr/local/lib/python3.7/http/client.py", line 1276, in endheaders
    self._send_output(message_body, encode_chunked=encode_chunked)
  File "/usr/local/lib/python3.7/http/client.py", line 1036, in _send_output
    self.send(msg)
  File "/usr/local/lib/python3.7/http/client.py", line 976, in send
    self.connect()
  File "/root/.cache/pypoetry/virtualenvs/cpdbv2-backend-VA82Wl8V-py3.7/lib/python3.7/site-packages/urllib3/connection.py", line 187, in connect
    conn = self._new_conn()
  File "/root/.cache/pypoetry/virtualenvs/cpdbv2-backend-VA82Wl8V-py3.7/lib/python3.7/site-packages/urllib3/connection.py", line 172, in _new_conn
    self, "Failed to establish a new connection: %s" % e
urllib3.exceptions.NewConnectionError: <urllib3.connection.HTTPConnection object at 0x7ff069281450>: Failed to establish a new connection: [Errno -2] Name or service not known
elasticsearch: DEBUG: > None
urllib3.util.retry: DEBUG: Converted retries value: False -> Retry(total=False, connect=None, read=None, redirect=0, status=None)
urllib3.connectionpool: DEBUG: Starting new HTTP connection (655): elasticsearch:9200
elasticsearch: WARNING: DELETE http://elasticsearch:9200/test_officers_c97d3965-996f-4fbb-b4a7-1038423423bd [status:N/A request:0.005s]
Traceback (most recent call last):
  File "/root/.cache/pypoetry/virtualenvs/cpdbv2-backend-VA82Wl8V-py3.7/lib/python3.7/site-packages/urllib3/connection.py", line 160, in _new_conn
    (self._dns_host, self.port), self.timeout, **extra_kw
  File "/root/.cache/pypoetry/virtualenvs/cpdbv2-backend-VA82Wl8V-py3.7/lib/python3.7/site-packages/urllib3/util/connection.py", line 61, in create_connection
    for res in socket.getaddrinfo(host, port, family, socket.SOCK_STREAM):
  File "/usr/local/lib/python3.7/socket.py", line 752, in getaddrinfo
    for res in _socket.getaddrinfo(host, port, family, type, proto, flags):
socket.gaierror: [Errno -2] Name or service not known

During handling of the above exception, another exception occurred:

Traceback (most recent call last):
  File "/root/.cache/pypoetry/virtualenvs/cpdbv2-backend-VA82Wl8V-py3.7/lib/python3.7/site-packages/elasticsearch/connection/http_urllib3.py", line 115, in perform_request
    response = self.pool.urlopen(method, url, body, retries=False, headers=self.headers, **kw)
  File "/root/.cache/pypoetry/virtualenvs/cpdbv2-backend-VA82Wl8V-py3.7/lib/python3.7/site-packages/urllib3/connectionpool.py", line 727, in urlopen
    method, url, error=e, _pool=self, _stacktrace=sys.exc_info()[2]
  File "/root/.cache/pypoetry/virtualenvs/cpdbv2-backend-VA82Wl8V-py3.7/lib/python3.7/site-packages/urllib3/util/retry.py", line 386, in increment
    raise six.reraise(type(error), error, _stacktrace)
  File "/root/.cache/pypoetry/virtualenvs/cpdbv2-backend-VA82Wl8V-py3.7/lib/python3.7/site-packages/urllib3/packages/six.py", line 735, in reraise
    raise value
  File "/root/.cache/pypoetry/virtualenvs/cpdbv2-backend-VA82Wl8V-py3.7/lib/python3.7/site-packages/urllib3/connectionpool.py", line 677, in urlopen
    chunked=chunked,
  File "/root/.cache/pypoetry/virtualenvs/cpdbv2-backend-VA82Wl8V-py3.7/lib/python3.7/site-packages/urllib3/connectionpool.py", line 392, in _make_request
    conn.request(method, url, **httplib_request_kw)
  File "/usr/local/lib/python3.7/http/client.py", line 1281, in request
    self._send_request(method, url, body, headers, encode_chunked)
  File "/usr/local/lib/python3.7/http/client.py", line 1327, in _send_request
    self.endheaders(body, encode_chunked=encode_chunked)
  File "/usr/local/lib/python3.7/http/client.py", line 1276, in endheaders
    self._send_output(message_body, encode_chunked=encode_chunked)
  File "/usr/local/lib/python3.7/http/client.py", line 1036, in _send_output
    self.send(msg)
  File "/usr/local/lib/python3.7/http/client.py", line 976, in send
    self.connect()
  File "/root/.cache/pypoetry/virtualenvs/cpdbv2-backend-VA82Wl8V-py3.7/lib/python3.7/site-packages/urllib3/connection.py", line 187, in connect
    conn = self._new_conn()
  File "/root/.cache/pypoetry/virtualenvs/cpdbv2-backend-VA82Wl8V-py3.7/lib/python3.7/site-packages/urllib3/connection.py", line 172, in _new_conn
    self, "Failed to establish a new connection: %s" % e
urllib3.exceptions.NewConnectionError: <urllib3.connection.HTTPConnection object at 0x7ff06971aed0>: Failed to establish a new connection: [Errno -2] Name or service not known
elasticsearch: DEBUG: > None
urllib3.util.retry: DEBUG: Converted retries value: False -> Retry(total=False, connect=None, read=None, redirect=0, status=None)
urllib3.connectionpool: DEBUG: Starting new HTTP connection (656): elasticsearch:9200
elasticsearch: WARNING: DELETE http://elasticsearch:9200/test_officers_c97d3965-996f-4fbb-b4a7-1038423423bd [status:N/A request:0.004s]
Traceback (most recent call last):
  File "/root/.cache/pypoetry/virtualenvs/cpdbv2-backend-VA82Wl8V-py3.7/lib/python3.7/site-packages/urllib3/connection.py", line 160, in _new_conn
    (self._dns_host, self.port), self.timeout, **extra_kw
  File "/root/.cache/pypoetry/virtualenvs/cpdbv2-backend-VA82Wl8V-py3.7/lib/python3.7/site-packages/urllib3/util/connection.py", line 61, in create_connection
    for res in socket.getaddrinfo(host, port, family, socket.SOCK_STREAM):
  File "/usr/local/lib/python3.7/socket.py", line 752, in getaddrinfo
    for res in _socket.getaddrinfo(host, port, family, type, proto, flags):
socket.gaierror: [Errno -2] Name or service not known

During handling of the above exception, another exception occurred:

Traceback (most recent call last):
  File "/root/.cache/pypoetry/virtualenvs/cpdbv2-backend-VA82Wl8V-py3.7/lib/python3.7/site-packages/elasticsearch/connection/http_urllib3.py", line 115, in perform_request
    response = self.pool.urlopen(method, url, body, retries=False, headers=self.headers, **kw)
  File "/root/.cache/pypoetry/virtualenvs/cpdbv2-backend-VA82Wl8V-py3.7/lib/python3.7/site-packages/urllib3/connectionpool.py", line 727, in urlopen
    method, url, error=e, _pool=self, _stacktrace=sys.exc_info()[2]
  File "/root/.cache/pypoetry/virtualenvs/cpdbv2-backend-VA82Wl8V-py3.7/lib/python3.7/site-packages/urllib3/util/retry.py", line 386, in increment
    raise six.reraise(type(error), error, _stacktrace)
  File "/root/.cache/pypoetry/virtualenvs/cpdbv2-backend-VA82Wl8V-py3.7/lib/python3.7/site-packages/urllib3/packages/six.py", line 735, in reraise
    raise value
  File "/root/.cache/pypoetry/virtualenvs/cpdbv2-backend-VA82Wl8V-py3.7/lib/python3.7/site-packages/urllib3/connectionpool.py", line 677, in urlopen
    chunked=chunked,
  File "/root/.cache/pypoetry/virtualenvs/cpdbv2-backend-VA82Wl8V-py3.7/lib/python3.7/site-packages/urllib3/connectionpool.py", line 392, in _make_request
    conn.request(method, url, **httplib_request_kw)
  File "/usr/local/lib/python3.7/http/client.py", line 1281, in request
    self._send_request(method, url, body, headers, encode_chunked)
  File "/usr/local/lib/python3.7/http/client.py", line 1327, in _send_request
    self.endheaders(body, encode_chunked=encode_chunked)
  File "/usr/local/lib/python3.7/http/client.py", line 1276, in endheaders
    self._send_output(message_body, encode_chunked=encode_chunked)
  File "/usr/local/lib/python3.7/http/client.py", line 1036, in _send_output
    self.send(msg)
  File "/usr/local/lib/python3.7/http/client.py", line 976, in send
    self.connect()
  File "/root/.cache/pypoetry/virtualenvs/cpdbv2-backend-VA82Wl8V-py3.7/lib/python3.7/site-packages/urllib3/connection.py", line 187, in connect
    conn = self._new_conn()
  File "/root/.cache/pypoetry/virtualenvs/cpdbv2-backend-VA82Wl8V-py3.7/lib/python3.7/site-packages/urllib3/connection.py", line 172, in _new_conn
    self, "Failed to establish a new connection: %s" % e
urllib3.exceptions.NewConnectionError: <urllib3.connection.HTTPConnection object at 0x7ff06971ad50>: Failed to establish a new connection: [Errno -2] Name or service not known
elasticsearch: DEBUG: > None
--------------------- >> end captured logging << ---------------------

======================================================================
ERROR: test_save_log (twitterbot.tests.handlers.test_officer_tweet_handler.OfficerTweetHandlerTestCase)
----------------------------------------------------------------------
Traceback (most recent call last):
  File "/usr/src/app/cpdb/twitterbot/tests/handlers/test_officer_tweet_handler.py", line 34, in setUp
    super(OfficerTweetHandlerTestCase, self).setUp()
  File "/usr/src/app/cpdb/twitterbot/tests/mixins.py", line 7, in setUp
    officers_index_alias.write_index.delete(ignore=404)
  File "/root/.cache/pypoetry/virtualenvs/cpdbv2-backend-VA82Wl8V-py3.7/lib/python3.7/site-packages/elasticsearch_dsl/index.py", line 222, in delete
    self.connection.indices.delete(index=self._name, **kwargs)
  File "/root/.cache/pypoetry/virtualenvs/cpdbv2-backend-VA82Wl8V-py3.7/lib/python3.7/site-packages/elasticsearch/client/utils.py", line 73, in _wrapped
    return func(*args, params=params, **kwargs)
  File "/root/.cache/pypoetry/virtualenvs/cpdbv2-backend-VA82Wl8V-py3.7/lib/python3.7/site-packages/elasticsearch/client/indices.py", line 200, in delete
    params=params)
  File "/root/.cache/pypoetry/virtualenvs/cpdbv2-backend-VA82Wl8V-py3.7/lib/python3.7/site-packages/elasticsearch/transport.py", line 312, in perform_request
    status, headers, data = connection.perform_request(method, url, params, body, ignore=ignore, timeout=timeout)
  File "/root/.cache/pypoetry/virtualenvs/cpdbv2-backend-VA82Wl8V-py3.7/lib/python3.7/site-packages/elasticsearch/connection/http_urllib3.py", line 124, in perform_request
    raise ConnectionError('N/A', str(e), e)
elasticsearch.exceptions.ConnectionError: ConnectionError(<urllib3.connection.HTTPConnection object at 0x7ff069724210>: Failed to establish a new connection: [Errno -2] Name or service not known) caused by: NewConnectionError(<urllib3.connection.HTTPConnection object at 0x7ff069724210>: Failed to establish a new connection: [Errno -2] Name or service not known)
-------------------- >> begin captured logging << --------------------
urllib3.util.retry: DEBUG: Converted retries value: False -> Retry(total=False, connect=None, read=None, redirect=0, status=None)
urllib3.connectionpool: DEBUG: Starting new HTTP connection (657): elasticsearch:9200
elasticsearch: WARNING: DELETE http://elasticsearch:9200/test_officers_c97d3965-996f-4fbb-b4a7-1038423423bd [status:N/A request:0.005s]
Traceback (most recent call last):
  File "/root/.cache/pypoetry/virtualenvs/cpdbv2-backend-VA82Wl8V-py3.7/lib/python3.7/site-packages/urllib3/connection.py", line 160, in _new_conn
    (self._dns_host, self.port), self.timeout, **extra_kw
  File "/root/.cache/pypoetry/virtualenvs/cpdbv2-backend-VA82Wl8V-py3.7/lib/python3.7/site-packages/urllib3/util/connection.py", line 61, in create_connection
    for res in socket.getaddrinfo(host, port, family, socket.SOCK_STREAM):
  File "/usr/local/lib/python3.7/socket.py", line 752, in getaddrinfo
    for res in _socket.getaddrinfo(host, port, family, type, proto, flags):
socket.gaierror: [Errno -2] Name or service not known

During handling of the above exception, another exception occurred:

Traceback (most recent call last):
  File "/root/.cache/pypoetry/virtualenvs/cpdbv2-backend-VA82Wl8V-py3.7/lib/python3.7/site-packages/elasticsearch/connection/http_urllib3.py", line 115, in perform_request
    response = self.pool.urlopen(method, url, body, retries=False, headers=self.headers, **kw)
  File "/root/.cache/pypoetry/virtualenvs/cpdbv2-backend-VA82Wl8V-py3.7/lib/python3.7/site-packages/urllib3/connectionpool.py", line 727, in urlopen
    method, url, error=e, _pool=self, _stacktrace=sys.exc_info()[2]
  File "/root/.cache/pypoetry/virtualenvs/cpdbv2-backend-VA82Wl8V-py3.7/lib/python3.7/site-packages/urllib3/util/retry.py", line 386, in increment
    raise six.reraise(type(error), error, _stacktrace)
  File "/root/.cache/pypoetry/virtualenvs/cpdbv2-backend-VA82Wl8V-py3.7/lib/python3.7/site-packages/urllib3/packages/six.py", line 735, in reraise
    raise value
  File "/root/.cache/pypoetry/virtualenvs/cpdbv2-backend-VA82Wl8V-py3.7/lib/python3.7/site-packages/urllib3/connectionpool.py", line 677, in urlopen
    chunked=chunked,
  File "/root/.cache/pypoetry/virtualenvs/cpdbv2-backend-VA82Wl8V-py3.7/lib/python3.7/site-packages/urllib3/connectionpool.py", line 392, in _make_request
    conn.request(method, url, **httplib_request_kw)
  File "/usr/local/lib/python3.7/http/client.py", line 1281, in request
    self._send_request(method, url, body, headers, encode_chunked)
  File "/usr/local/lib/python3.7/http/client.py", line 1327, in _send_request
    self.endheaders(body, encode_chunked=encode_chunked)
  File "/usr/local/lib/python3.7/http/client.py", line 1276, in endheaders
    self._send_output(message_body, encode_chunked=encode_chunked)
  File "/usr/local/lib/python3.7/http/client.py", line 1036, in _send_output
    self.send(msg)
  File "/usr/local/lib/python3.7/http/client.py", line 976, in send
    self.connect()
  File "/root/.cache/pypoetry/virtualenvs/cpdbv2-backend-VA82Wl8V-py3.7/lib/python3.7/site-packages/urllib3/connection.py", line 187, in connect
    conn = self._new_conn()
  File "/root/.cache/pypoetry/virtualenvs/cpdbv2-backend-VA82Wl8V-py3.7/lib/python3.7/site-packages/urllib3/connection.py", line 172, in _new_conn
    self, "Failed to establish a new connection: %s" % e
urllib3.exceptions.NewConnectionError: <urllib3.connection.HTTPConnection object at 0x7ff06971a050>: Failed to establish a new connection: [Errno -2] Name or service not known
elasticsearch: DEBUG: > None
urllib3.util.retry: DEBUG: Converted retries value: False -> Retry(total=False, connect=None, read=None, redirect=0, status=None)
urllib3.connectionpool: DEBUG: Starting new HTTP connection (658): elasticsearch:9200
elasticsearch: WARNING: DELETE http://elasticsearch:9200/test_officers_c97d3965-996f-4fbb-b4a7-1038423423bd [status:N/A request:0.004s]
Traceback (most recent call last):
  File "/root/.cache/pypoetry/virtualenvs/cpdbv2-backend-VA82Wl8V-py3.7/lib/python3.7/site-packages/urllib3/connection.py", line 160, in _new_conn
    (self._dns_host, self.port), self.timeout, **extra_kw
  File "/root/.cache/pypoetry/virtualenvs/cpdbv2-backend-VA82Wl8V-py3.7/lib/python3.7/site-packages/urllib3/util/connection.py", line 61, in create_connection
    for res in socket.getaddrinfo(host, port, family, socket.SOCK_STREAM):
  File "/usr/local/lib/python3.7/socket.py", line 752, in getaddrinfo
    for res in _socket.getaddrinfo(host, port, family, type, proto, flags):
socket.gaierror: [Errno -2] Name or service not known

During handling of the above exception, another exception occurred:

Traceback (most recent call last):
  File "/root/.cache/pypoetry/virtualenvs/cpdbv2-backend-VA82Wl8V-py3.7/lib/python3.7/site-packages/elasticsearch/connection/http_urllib3.py", line 115, in perform_request
    response = self.pool.urlopen(method, url, body, retries=False, headers=self.headers, **kw)
  File "/root/.cache/pypoetry/virtualenvs/cpdbv2-backend-VA82Wl8V-py3.7/lib/python3.7/site-packages/urllib3/connectionpool.py", line 727, in urlopen
    method, url, error=e, _pool=self, _stacktrace=sys.exc_info()[2]
  File "/root/.cache/pypoetry/virtualenvs/cpdbv2-backend-VA82Wl8V-py3.7/lib/python3.7/site-packages/urllib3/util/retry.py", line 386, in increment
    raise six.reraise(type(error), error, _stacktrace)
  File "/root/.cache/pypoetry/virtualenvs/cpdbv2-backend-VA82Wl8V-py3.7/lib/python3.7/site-packages/urllib3/packages/six.py", line 735, in reraise
    raise value
  File "/root/.cache/pypoetry/virtualenvs/cpdbv2-backend-VA82Wl8V-py3.7/lib/python3.7/site-packages/urllib3/connectionpool.py", line 677, in urlopen
    chunked=chunked,
  File "/root/.cache/pypoetry/virtualenvs/cpdbv2-backend-VA82Wl8V-py3.7/lib/python3.7/site-packages/urllib3/connectionpool.py", line 392, in _make_request
    conn.request(method, url, **httplib_request_kw)
  File "/usr/local/lib/python3.7/http/client.py", line 1281, in request
    self._send_request(method, url, body, headers, encode_chunked)
  File "/usr/local/lib/python3.7/http/client.py", line 1327, in _send_request
    self.endheaders(body, encode_chunked=encode_chunked)
  File "/usr/local/lib/python3.7/http/client.py", line 1276, in endheaders
    self._send_output(message_body, encode_chunked=encode_chunked)
  File "/usr/local/lib/python3.7/http/client.py", line 1036, in _send_output
    self.send(msg)
  File "/usr/local/lib/python3.7/http/client.py", line 976, in send
    self.connect()
  File "/root/.cache/pypoetry/virtualenvs/cpdbv2-backend-VA82Wl8V-py3.7/lib/python3.7/site-packages/urllib3/connection.py", line 187, in connect
    conn = self._new_conn()
  File "/root/.cache/pypoetry/virtualenvs/cpdbv2-backend-VA82Wl8V-py3.7/lib/python3.7/site-packages/urllib3/connection.py", line 172, in _new_conn
    self, "Failed to establish a new connection: %s" % e
urllib3.exceptions.NewConnectionError: <urllib3.connection.HTTPConnection object at 0x7ff06971a990>: Failed to establish a new connection: [Errno -2] Name or service not known
elasticsearch: DEBUG: > None
urllib3.util.retry: DEBUG: Converted retries value: False -> Retry(total=False, connect=None, read=None, redirect=0, status=None)
urllib3.connectionpool: DEBUG: Starting new HTTP connection (659): elasticsearch:9200
elasticsearch: WARNING: DELETE http://elasticsearch:9200/test_officers_c97d3965-996f-4fbb-b4a7-1038423423bd [status:N/A request:0.004s]
Traceback (most recent call last):
  File "/root/.cache/pypoetry/virtualenvs/cpdbv2-backend-VA82Wl8V-py3.7/lib/python3.7/site-packages/urllib3/connection.py", line 160, in _new_conn
    (self._dns_host, self.port), self.timeout, **extra_kw
  File "/root/.cache/pypoetry/virtualenvs/cpdbv2-backend-VA82Wl8V-py3.7/lib/python3.7/site-packages/urllib3/util/connection.py", line 61, in create_connection
    for res in socket.getaddrinfo(host, port, family, socket.SOCK_STREAM):
  File "/usr/local/lib/python3.7/socket.py", line 752, in getaddrinfo
    for res in _socket.getaddrinfo(host, port, family, type, proto, flags):
socket.gaierror: [Errno -2] Name or service not known

During handling of the above exception, another exception occurred:

Traceback (most recent call last):
  File "/root/.cache/pypoetry/virtualenvs/cpdbv2-backend-VA82Wl8V-py3.7/lib/python3.7/site-packages/elasticsearch/connection/http_urllib3.py", line 115, in perform_request
    response = self.pool.urlopen(method, url, body, retries=False, headers=self.headers, **kw)
  File "/root/.cache/pypoetry/virtualenvs/cpdbv2-backend-VA82Wl8V-py3.7/lib/python3.7/site-packages/urllib3/connectionpool.py", line 727, in urlopen
    method, url, error=e, _pool=self, _stacktrace=sys.exc_info()[2]
  File "/root/.cache/pypoetry/virtualenvs/cpdbv2-backend-VA82Wl8V-py3.7/lib/python3.7/site-packages/urllib3/util/retry.py", line 386, in increment
    raise six.reraise(type(error), error, _stacktrace)
  File "/root/.cache/pypoetry/virtualenvs/cpdbv2-backend-VA82Wl8V-py3.7/lib/python3.7/site-packages/urllib3/packages/six.py", line 735, in reraise
    raise value
  File "/root/.cache/pypoetry/virtualenvs/cpdbv2-backend-VA82Wl8V-py3.7/lib/python3.7/site-packages/urllib3/connectionpool.py", line 677, in urlopen
    chunked=chunked,
  File "/root/.cache/pypoetry/virtualenvs/cpdbv2-backend-VA82Wl8V-py3.7/lib/python3.7/site-packages/urllib3/connectionpool.py", line 392, in _make_request
    conn.request(method, url, **httplib_request_kw)
  File "/usr/local/lib/python3.7/http/client.py", line 1281, in request
    self._send_request(method, url, body, headers, encode_chunked)
  File "/usr/local/lib/python3.7/http/client.py", line 1327, in _send_request
    self.endheaders(body, encode_chunked=encode_chunked)
  File "/usr/local/lib/python3.7/http/client.py", line 1276, in endheaders
    self._send_output(message_body, encode_chunked=encode_chunked)
  File "/usr/local/lib/python3.7/http/client.py", line 1036, in _send_output
    self.send(msg)
  File "/usr/local/lib/python3.7/http/client.py", line 976, in send
    self.connect()
  File "/root/.cache/pypoetry/virtualenvs/cpdbv2-backend-VA82Wl8V-py3.7/lib/python3.7/site-packages/urllib3/connection.py", line 187, in connect
    conn = self._new_conn()
  File "/root/.cache/pypoetry/virtualenvs/cpdbv2-backend-VA82Wl8V-py3.7/lib/python3.7/site-packages/urllib3/connection.py", line 172, in _new_conn
    self, "Failed to establish a new connection: %s" % e
urllib3.exceptions.NewConnectionError: <urllib3.connection.HTTPConnection object at 0x7ff069724bd0>: Failed to establish a new connection: [Errno -2] Name or service not known
elasticsearch: DEBUG: > None
urllib3.util.retry: DEBUG: Converted retries value: False -> Retry(total=False, connect=None, read=None, redirect=0, status=None)
urllib3.connectionpool: DEBUG: Starting new HTTP connection (660): elasticsearch:9200
elasticsearch: WARNING: DELETE http://elasticsearch:9200/test_officers_c97d3965-996f-4fbb-b4a7-1038423423bd [status:N/A request:0.004s]
Traceback (most recent call last):
  File "/root/.cache/pypoetry/virtualenvs/cpdbv2-backend-VA82Wl8V-py3.7/lib/python3.7/site-packages/urllib3/connection.py", line 160, in _new_conn
    (self._dns_host, self.port), self.timeout, **extra_kw
  File "/root/.cache/pypoetry/virtualenvs/cpdbv2-backend-VA82Wl8V-py3.7/lib/python3.7/site-packages/urllib3/util/connection.py", line 61, in create_connection
    for res in socket.getaddrinfo(host, port, family, socket.SOCK_STREAM):
  File "/usr/local/lib/python3.7/socket.py", line 752, in getaddrinfo
    for res in _socket.getaddrinfo(host, port, family, type, proto, flags):
socket.gaierror: [Errno -2] Name or service not known

During handling of the above exception, another exception occurred:

Traceback (most recent call last):
  File "/root/.cache/pypoetry/virtualenvs/cpdbv2-backend-VA82Wl8V-py3.7/lib/python3.7/site-packages/elasticsearch/connection/http_urllib3.py", line 115, in perform_request
    response = self.pool.urlopen(method, url, body, retries=False, headers=self.headers, **kw)
  File "/root/.cache/pypoetry/virtualenvs/cpdbv2-backend-VA82Wl8V-py3.7/lib/python3.7/site-packages/urllib3/connectionpool.py", line 727, in urlopen
    method, url, error=e, _pool=self, _stacktrace=sys.exc_info()[2]
  File "/root/.cache/pypoetry/virtualenvs/cpdbv2-backend-VA82Wl8V-py3.7/lib/python3.7/site-packages/urllib3/util/retry.py", line 386, in increment
    raise six.reraise(type(error), error, _stacktrace)
  File "/root/.cache/pypoetry/virtualenvs/cpdbv2-backend-VA82Wl8V-py3.7/lib/python3.7/site-packages/urllib3/packages/six.py", line 735, in reraise
    raise value
  File "/root/.cache/pypoetry/virtualenvs/cpdbv2-backend-VA82Wl8V-py3.7/lib/python3.7/site-packages/urllib3/connectionpool.py", line 677, in urlopen
    chunked=chunked,
  File "/root/.cache/pypoetry/virtualenvs/cpdbv2-backend-VA82Wl8V-py3.7/lib/python3.7/site-packages/urllib3/connectionpool.py", line 392, in _make_request
    conn.request(method, url, **httplib_request_kw)
  File "/usr/local/lib/python3.7/http/client.py", line 1281, in request
    self._send_request(method, url, body, headers, encode_chunked)
  File "/usr/local/lib/python3.7/http/client.py", line 1327, in _send_request
    self.endheaders(body, encode_chunked=encode_chunked)
  File "/usr/local/lib/python3.7/http/client.py", line 1276, in endheaders
    self._send_output(message_body, encode_chunked=encode_chunked)
  File "/usr/local/lib/python3.7/http/client.py", line 1036, in _send_output
    self.send(msg)
  File "/usr/local/lib/python3.7/http/client.py", line 976, in send
    self.connect()
  File "/root/.cache/pypoetry/virtualenvs/cpdbv2-backend-VA82Wl8V-py3.7/lib/python3.7/site-packages/urllib3/connection.py", line 187, in connect
    conn = self._new_conn()
  File "/root/.cache/pypoetry/virtualenvs/cpdbv2-backend-VA82Wl8V-py3.7/lib/python3.7/site-packages/urllib3/connection.py", line 172, in _new_conn
    self, "Failed to establish a new connection: %s" % e
urllib3.exceptions.NewConnectionError: <urllib3.connection.HTTPConnection object at 0x7ff069724210>: Failed to establish a new connection: [Errno -2] Name or service not known
elasticsearch: DEBUG: > None
--------------------- >> end captured logging << ---------------------

======================================================================
ERROR: test_tweet_coaccused_pair (twitterbot.tests.handlers.test_officer_tweet_handler.OfficerTweetHandlerTestCase)
----------------------------------------------------------------------
Traceback (most recent call last):
  File "/usr/src/app/cpdb/twitterbot/tests/handlers/test_officer_tweet_handler.py", line 34, in setUp
    super(OfficerTweetHandlerTestCase, self).setUp()
  File "/usr/src/app/cpdb/twitterbot/tests/mixins.py", line 7, in setUp
    officers_index_alias.write_index.delete(ignore=404)
  File "/root/.cache/pypoetry/virtualenvs/cpdbv2-backend-VA82Wl8V-py3.7/lib/python3.7/site-packages/elasticsearch_dsl/index.py", line 222, in delete
    self.connection.indices.delete(index=self._name, **kwargs)
  File "/root/.cache/pypoetry/virtualenvs/cpdbv2-backend-VA82Wl8V-py3.7/lib/python3.7/site-packages/elasticsearch/client/utils.py", line 73, in _wrapped
    return func(*args, params=params, **kwargs)
  File "/root/.cache/pypoetry/virtualenvs/cpdbv2-backend-VA82Wl8V-py3.7/lib/python3.7/site-packages/elasticsearch/client/indices.py", line 200, in delete
    params=params)
  File "/root/.cache/pypoetry/virtualenvs/cpdbv2-backend-VA82Wl8V-py3.7/lib/python3.7/site-packages/elasticsearch/transport.py", line 312, in perform_request
    status, headers, data = connection.perform_request(method, url, params, body, ignore=ignore, timeout=timeout)
  File "/root/.cache/pypoetry/virtualenvs/cpdbv2-backend-VA82Wl8V-py3.7/lib/python3.7/site-packages/elasticsearch/connection/http_urllib3.py", line 124, in perform_request
    raise ConnectionError('N/A', str(e), e)
elasticsearch.exceptions.ConnectionError: ConnectionError(<urllib3.connection.HTTPConnection object at 0x7ff06903b190>: Failed to establish a new connection: [Errno -2] Name or service not known) caused by: NewConnectionError(<urllib3.connection.HTTPConnection object at 0x7ff06903b190>: Failed to establish a new connection: [Errno -2] Name or service not known)
-------------------- >> begin captured logging << --------------------
urllib3.util.retry: DEBUG: Converted retries value: False -> Retry(total=False, connect=None, read=None, redirect=0, status=None)
urllib3.connectionpool: DEBUG: Starting new HTTP connection (661): elasticsearch:9200
elasticsearch: WARNING: DELETE http://elasticsearch:9200/test_officers_c97d3965-996f-4fbb-b4a7-1038423423bd [status:N/A request:0.004s]
Traceback (most recent call last):
  File "/root/.cache/pypoetry/virtualenvs/cpdbv2-backend-VA82Wl8V-py3.7/lib/python3.7/site-packages/urllib3/connection.py", line 160, in _new_conn
    (self._dns_host, self.port), self.timeout, **extra_kw
  File "/root/.cache/pypoetry/virtualenvs/cpdbv2-backend-VA82Wl8V-py3.7/lib/python3.7/site-packages/urllib3/util/connection.py", line 61, in create_connection
    for res in socket.getaddrinfo(host, port, family, socket.SOCK_STREAM):
  File "/usr/local/lib/python3.7/socket.py", line 752, in getaddrinfo
    for res in _socket.getaddrinfo(host, port, family, type, proto, flags):
socket.gaierror: [Errno -2] Name or service not known

During handling of the above exception, another exception occurred:

Traceback (most recent call last):
  File "/root/.cache/pypoetry/virtualenvs/cpdbv2-backend-VA82Wl8V-py3.7/lib/python3.7/site-packages/elasticsearch/connection/http_urllib3.py", line 115, in perform_request
    response = self.pool.urlopen(method, url, body, retries=False, headers=self.headers, **kw)
  File "/root/.cache/pypoetry/virtualenvs/cpdbv2-backend-VA82Wl8V-py3.7/lib/python3.7/site-packages/urllib3/connectionpool.py", line 727, in urlopen
    method, url, error=e, _pool=self, _stacktrace=sys.exc_info()[2]
  File "/root/.cache/pypoetry/virtualenvs/cpdbv2-backend-VA82Wl8V-py3.7/lib/python3.7/site-packages/urllib3/util/retry.py", line 386, in increment
    raise six.reraise(type(error), error, _stacktrace)
  File "/root/.cache/pypoetry/virtualenvs/cpdbv2-backend-VA82Wl8V-py3.7/lib/python3.7/site-packages/urllib3/packages/six.py", line 735, in reraise
    raise value
  File "/root/.cache/pypoetry/virtualenvs/cpdbv2-backend-VA82Wl8V-py3.7/lib/python3.7/site-packages/urllib3/connectionpool.py", line 677, in urlopen
    chunked=chunked,
  File "/root/.cache/pypoetry/virtualenvs/cpdbv2-backend-VA82Wl8V-py3.7/lib/python3.7/site-packages/urllib3/connectionpool.py", line 392, in _make_request
    conn.request(method, url, **httplib_request_kw)
  File "/usr/local/lib/python3.7/http/client.py", line 1281, in request
    self._send_request(method, url, body, headers, encode_chunked)
  File "/usr/local/lib/python3.7/http/client.py", line 1327, in _send_request
    self.endheaders(body, encode_chunked=encode_chunked)
  File "/usr/local/lib/python3.7/http/client.py", line 1276, in endheaders
    self._send_output(message_body, encode_chunked=encode_chunked)
  File "/usr/local/lib/python3.7/http/client.py", line 1036, in _send_output
    self.send(msg)
  File "/usr/local/lib/python3.7/http/client.py", line 976, in send
    self.connect()
  File "/root/.cache/pypoetry/virtualenvs/cpdbv2-backend-VA82Wl8V-py3.7/lib/python3.7/site-packages/urllib3/connection.py", line 187, in connect
    conn = self._new_conn()
  File "/root/.cache/pypoetry/virtualenvs/cpdbv2-backend-VA82Wl8V-py3.7/lib/python3.7/site-packages/urllib3/connection.py", line 172, in _new_conn
    self, "Failed to establish a new connection: %s" % e
urllib3.exceptions.NewConnectionError: <urllib3.connection.HTTPConnection object at 0x7ff069724f50>: Failed to establish a new connection: [Errno -2] Name or service not known
elasticsearch: DEBUG: > None
urllib3.util.retry: DEBUG: Converted retries value: False -> Retry(total=False, connect=None, read=None, redirect=0, status=None)
urllib3.connectionpool: DEBUG: Starting new HTTP connection (662): elasticsearch:9200
elasticsearch: WARNING: DELETE http://elasticsearch:9200/test_officers_c97d3965-996f-4fbb-b4a7-1038423423bd [status:N/A request:0.004s]
Traceback (most recent call last):
  File "/root/.cache/pypoetry/virtualenvs/cpdbv2-backend-VA82Wl8V-py3.7/lib/python3.7/site-packages/urllib3/connection.py", line 160, in _new_conn
    (self._dns_host, self.port), self.timeout, **extra_kw
  File "/root/.cache/pypoetry/virtualenvs/cpdbv2-backend-VA82Wl8V-py3.7/lib/python3.7/site-packages/urllib3/util/connection.py", line 61, in create_connection
    for res in socket.getaddrinfo(host, port, family, socket.SOCK_STREAM):
  File "/usr/local/lib/python3.7/socket.py", line 752, in getaddrinfo
    for res in _socket.getaddrinfo(host, port, family, type, proto, flags):
socket.gaierror: [Errno -2] Name or service not known

During handling of the above exception, another exception occurred:

Traceback (most recent call last):
  File "/root/.cache/pypoetry/virtualenvs/cpdbv2-backend-VA82Wl8V-py3.7/lib/python3.7/site-packages/elasticsearch/connection/http_urllib3.py", line 115, in perform_request
    response = self.pool.urlopen(method, url, body, retries=False, headers=self.headers, **kw)
  File "/root/.cache/pypoetry/virtualenvs/cpdbv2-backend-VA82Wl8V-py3.7/lib/python3.7/site-packages/urllib3/connectionpool.py", line 727, in urlopen
    method, url, error=e, _pool=self, _stacktrace=sys.exc_info()[2]
  File "/root/.cache/pypoetry/virtualenvs/cpdbv2-backend-VA82Wl8V-py3.7/lib/python3.7/site-packages/urllib3/util/retry.py", line 386, in increment
    raise six.reraise(type(error), error, _stacktrace)
  File "/root/.cache/pypoetry/virtualenvs/cpdbv2-backend-VA82Wl8V-py3.7/lib/python3.7/site-packages/urllib3/packages/six.py", line 735, in reraise
    raise value
  File "/root/.cache/pypoetry/virtualenvs/cpdbv2-backend-VA82Wl8V-py3.7/lib/python3.7/site-packages/urllib3/connectionpool.py", line 677, in urlopen
    chunked=chunked,
  File "/root/.cache/pypoetry/virtualenvs/cpdbv2-backend-VA82Wl8V-py3.7/lib/python3.7/site-packages/urllib3/connectionpool.py", line 392, in _make_request
    conn.request(method, url, **httplib_request_kw)
  File "/usr/local/lib/python3.7/http/client.py", line 1281, in request
    self._send_request(method, url, body, headers, encode_chunked)
  File "/usr/local/lib/python3.7/http/client.py", line 1327, in _send_request
    self.endheaders(body, encode_chunked=encode_chunked)
  File "/usr/local/lib/python3.7/http/client.py", line 1276, in endheaders
    self._send_output(message_body, encode_chunked=encode_chunked)
  File "/usr/local/lib/python3.7/http/client.py", line 1036, in _send_output
    self.send(msg)
  File "/usr/local/lib/python3.7/http/client.py", line 976, in send
    self.connect()
  File "/root/.cache/pypoetry/virtualenvs/cpdbv2-backend-VA82Wl8V-py3.7/lib/python3.7/site-packages/urllib3/connection.py", line 187, in connect
    conn = self._new_conn()
  File "/root/.cache/pypoetry/virtualenvs/cpdbv2-backend-VA82Wl8V-py3.7/lib/python3.7/site-packages/urllib3/connection.py", line 172, in _new_conn
    self, "Failed to establish a new connection: %s" % e
urllib3.exceptions.NewConnectionError: <urllib3.connection.HTTPConnection object at 0x7ff06903b810>: Failed to establish a new connection: [Errno -2] Name or service not known
elasticsearch: DEBUG: > None
urllib3.util.retry: DEBUG: Converted retries value: False -> Retry(total=False, connect=None, read=None, redirect=0, status=None)
urllib3.connectionpool: DEBUG: Starting new HTTP connection (663): elasticsearch:9200
elasticsearch: WARNING: DELETE http://elasticsearch:9200/test_officers_c97d3965-996f-4fbb-b4a7-1038423423bd [status:N/A request:0.004s]
Traceback (most recent call last):
  File "/root/.cache/pypoetry/virtualenvs/cpdbv2-backend-VA82Wl8V-py3.7/lib/python3.7/site-packages/urllib3/connection.py", line 160, in _new_conn
    (self._dns_host, self.port), self.timeout, **extra_kw
  File "/root/.cache/pypoetry/virtualenvs/cpdbv2-backend-VA82Wl8V-py3.7/lib/python3.7/site-packages/urllib3/util/connection.py", line 61, in create_connection
    for res in socket.getaddrinfo(host, port, family, socket.SOCK_STREAM):
  File "/usr/local/lib/python3.7/socket.py", line 752, in getaddrinfo
    for res in _socket.getaddrinfo(host, port, family, type, proto, flags):
socket.gaierror: [Errno -2] Name or service not known

During handling of the above exception, another exception occurred:

Traceback (most recent call last):
  File "/root/.cache/pypoetry/virtualenvs/cpdbv2-backend-VA82Wl8V-py3.7/lib/python3.7/site-packages/elasticsearch/connection/http_urllib3.py", line 115, in perform_request
    response = self.pool.urlopen(method, url, body, retries=False, headers=self.headers, **kw)
  File "/root/.cache/pypoetry/virtualenvs/cpdbv2-backend-VA82Wl8V-py3.7/lib/python3.7/site-packages/urllib3/connectionpool.py", line 727, in urlopen
    method, url, error=e, _pool=self, _stacktrace=sys.exc_info()[2]
  File "/root/.cache/pypoetry/virtualenvs/cpdbv2-backend-VA82Wl8V-py3.7/lib/python3.7/site-packages/urllib3/util/retry.py", line 386, in increment
    raise six.reraise(type(error), error, _stacktrace)
  File "/root/.cache/pypoetry/virtualenvs/cpdbv2-backend-VA82Wl8V-py3.7/lib/python3.7/site-packages/urllib3/packages/six.py", line 735, in reraise
    raise value
  File "/root/.cache/pypoetry/virtualenvs/cpdbv2-backend-VA82Wl8V-py3.7/lib/python3.7/site-packages/urllib3/connectionpool.py", line 677, in urlopen
    chunked=chunked,
  File "/root/.cache/pypoetry/virtualenvs/cpdbv2-backend-VA82Wl8V-py3.7/lib/python3.7/site-packages/urllib3/connectionpool.py", line 392, in _make_request
    conn.request(method, url, **httplib_request_kw)
  File "/usr/local/lib/python3.7/http/client.py", line 1281, in request
    self._send_request(method, url, body, headers, encode_chunked)
  File "/usr/local/lib/python3.7/http/client.py", line 1327, in _send_request
    self.endheaders(body, encode_chunked=encode_chunked)
  File "/usr/local/lib/python3.7/http/client.py", line 1276, in endheaders
    self._send_output(message_body, encode_chunked=encode_chunked)
  File "/usr/local/lib/python3.7/http/client.py", line 1036, in _send_output
    self.send(msg)
  File "/usr/local/lib/python3.7/http/client.py", line 976, in send
    self.connect()
  File "/root/.cache/pypoetry/virtualenvs/cpdbv2-backend-VA82Wl8V-py3.7/lib/python3.7/site-packages/urllib3/connection.py", line 187, in connect
    conn = self._new_conn()
  File "/root/.cache/pypoetry/virtualenvs/cpdbv2-backend-VA82Wl8V-py3.7/lib/python3.7/site-packages/urllib3/connection.py", line 172, in _new_conn
    self, "Failed to establish a new connection: %s" % e
urllib3.exceptions.NewConnectionError: <urllib3.connection.HTTPConnection object at 0x7ff06900f310>: Failed to establish a new connection: [Errno -2] Name or service not known
elasticsearch: DEBUG: > None
urllib3.util.retry: DEBUG: Converted retries value: False -> Retry(total=False, connect=None, read=None, redirect=0, status=None)
urllib3.connectionpool: DEBUG: Starting new HTTP connection (664): elasticsearch:9200
elasticsearch: WARNING: DELETE http://elasticsearch:9200/test_officers_c97d3965-996f-4fbb-b4a7-1038423423bd [status:N/A request:0.004s]
Traceback (most recent call last):
  File "/root/.cache/pypoetry/virtualenvs/cpdbv2-backend-VA82Wl8V-py3.7/lib/python3.7/site-packages/urllib3/connection.py", line 160, in _new_conn
    (self._dns_host, self.port), self.timeout, **extra_kw
  File "/root/.cache/pypoetry/virtualenvs/cpdbv2-backend-VA82Wl8V-py3.7/lib/python3.7/site-packages/urllib3/util/connection.py", line 61, in create_connection
    for res in socket.getaddrinfo(host, port, family, socket.SOCK_STREAM):
  File "/usr/local/lib/python3.7/socket.py", line 752, in getaddrinfo
    for res in _socket.getaddrinfo(host, port, family, type, proto, flags):
socket.gaierror: [Errno -2] Name or service not known

During handling of the above exception, another exception occurred:

Traceback (most recent call last):
  File "/root/.cache/pypoetry/virtualenvs/cpdbv2-backend-VA82Wl8V-py3.7/lib/python3.7/site-packages/elasticsearch/connection/http_urllib3.py", line 115, in perform_request
    response = self.pool.urlopen(method, url, body, retries=False, headers=self.headers, **kw)
  File "/root/.cache/pypoetry/virtualenvs/cpdbv2-backend-VA82Wl8V-py3.7/lib/python3.7/site-packages/urllib3/connectionpool.py", line 727, in urlopen
    method, url, error=e, _pool=self, _stacktrace=sys.exc_info()[2]
  File "/root/.cache/pypoetry/virtualenvs/cpdbv2-backend-VA82Wl8V-py3.7/lib/python3.7/site-packages/urllib3/util/retry.py", line 386, in increment
    raise six.reraise(type(error), error, _stacktrace)
  File "/root/.cache/pypoetry/virtualenvs/cpdbv2-backend-VA82Wl8V-py3.7/lib/python3.7/site-packages/urllib3/packages/six.py", line 735, in reraise
    raise value
  File "/root/.cache/pypoetry/virtualenvs/cpdbv2-backend-VA82Wl8V-py3.7/lib/python3.7/site-packages/urllib3/connectionpool.py", line 677, in urlopen
    chunked=chunked,
  File "/root/.cache/pypoetry/virtualenvs/cpdbv2-backend-VA82Wl8V-py3.7/lib/python3.7/site-packages/urllib3/connectionpool.py", line 392, in _make_request
    conn.request(method, url, **httplib_request_kw)
  File "/usr/local/lib/python3.7/http/client.py", line 1281, in request
    self._send_request(method, url, body, headers, encode_chunked)
  File "/usr/local/lib/python3.7/http/client.py", line 1327, in _send_request
    self.endheaders(body, encode_chunked=encode_chunked)
  File "/usr/local/lib/python3.7/http/client.py", line 1276, in endheaders
    self._send_output(message_body, encode_chunked=encode_chunked)
  File "/usr/local/lib/python3.7/http/client.py", line 1036, in _send_output
    self.send(msg)
  File "/usr/local/lib/python3.7/http/client.py", line 976, in send
    self.connect()
  File "/root/.cache/pypoetry/virtualenvs/cpdbv2-backend-VA82Wl8V-py3.7/lib/python3.7/site-packages/urllib3/connection.py", line 187, in connect
    conn = self._new_conn()
  File "/root/.cache/pypoetry/virtualenvs/cpdbv2-backend-VA82Wl8V-py3.7/lib/python3.7/site-packages/urllib3/connection.py", line 172, in _new_conn
    self, "Failed to establish a new connection: %s" % e
urllib3.exceptions.NewConnectionError: <urllib3.connection.HTTPConnection object at 0x7ff06903b190>: Failed to establish a new connection: [Errno -2] Name or service not known
elasticsearch: DEBUG: > None
--------------------- >> end captured logging << ---------------------

======================================================================
ERROR: test_tweet_context_is_reset (twitterbot.tests.handlers.test_officer_tweet_handler.OfficerTweetHandlerTestCase)
----------------------------------------------------------------------
Traceback (most recent call last):
  File "/usr/src/app/cpdb/twitterbot/tests/handlers/test_officer_tweet_handler.py", line 34, in setUp
    super(OfficerTweetHandlerTestCase, self).setUp()
  File "/usr/src/app/cpdb/twitterbot/tests/mixins.py", line 7, in setUp
    officers_index_alias.write_index.delete(ignore=404)
  File "/root/.cache/pypoetry/virtualenvs/cpdbv2-backend-VA82Wl8V-py3.7/lib/python3.7/site-packages/elasticsearch_dsl/index.py", line 222, in delete
    self.connection.indices.delete(index=self._name, **kwargs)
  File "/root/.cache/pypoetry/virtualenvs/cpdbv2-backend-VA82Wl8V-py3.7/lib/python3.7/site-packages/elasticsearch/client/utils.py", line 73, in _wrapped
    return func(*args, params=params, **kwargs)
  File "/root/.cache/pypoetry/virtualenvs/cpdbv2-backend-VA82Wl8V-py3.7/lib/python3.7/site-packages/elasticsearch/client/indices.py", line 200, in delete
    params=params)
  File "/root/.cache/pypoetry/virtualenvs/cpdbv2-backend-VA82Wl8V-py3.7/lib/python3.7/site-packages/elasticsearch/transport.py", line 312, in perform_request
    status, headers, data = connection.perform_request(method, url, params, body, ignore=ignore, timeout=timeout)
  File "/root/.cache/pypoetry/virtualenvs/cpdbv2-backend-VA82Wl8V-py3.7/lib/python3.7/site-packages/elasticsearch/connection/http_urllib3.py", line 124, in perform_request
    raise ConnectionError('N/A', str(e), e)
elasticsearch.exceptions.ConnectionError: ConnectionError(<urllib3.connection.HTTPConnection object at 0x7ff069045890>: Failed to establish a new connection: [Errno -2] Name or service not known) caused by: NewConnectionError(<urllib3.connection.HTTPConnection object at 0x7ff069045890>: Failed to establish a new connection: [Errno -2] Name or service not known)
-------------------- >> begin captured logging << --------------------
urllib3.util.retry: DEBUG: Converted retries value: False -> Retry(total=False, connect=None, read=None, redirect=0, status=None)
urllib3.connectionpool: DEBUG: Starting new HTTP connection (665): elasticsearch:9200
elasticsearch: WARNING: DELETE http://elasticsearch:9200/test_officers_c97d3965-996f-4fbb-b4a7-1038423423bd [status:N/A request:0.004s]
Traceback (most recent call last):
  File "/root/.cache/pypoetry/virtualenvs/cpdbv2-backend-VA82Wl8V-py3.7/lib/python3.7/site-packages/urllib3/connection.py", line 160, in _new_conn
    (self._dns_host, self.port), self.timeout, **extra_kw
  File "/root/.cache/pypoetry/virtualenvs/cpdbv2-backend-VA82Wl8V-py3.7/lib/python3.7/site-packages/urllib3/util/connection.py", line 61, in create_connection
    for res in socket.getaddrinfo(host, port, family, socket.SOCK_STREAM):
  File "/usr/local/lib/python3.7/socket.py", line 752, in getaddrinfo
    for res in _socket.getaddrinfo(host, port, family, type, proto, flags):
socket.gaierror: [Errno -2] Name or service not known

During handling of the above exception, another exception occurred:

Traceback (most recent call last):
  File "/root/.cache/pypoetry/virtualenvs/cpdbv2-backend-VA82Wl8V-py3.7/lib/python3.7/site-packages/elasticsearch/connection/http_urllib3.py", line 115, in perform_request
    response = self.pool.urlopen(method, url, body, retries=False, headers=self.headers, **kw)
  File "/root/.cache/pypoetry/virtualenvs/cpdbv2-backend-VA82Wl8V-py3.7/lib/python3.7/site-packages/urllib3/connectionpool.py", line 727, in urlopen
    method, url, error=e, _pool=self, _stacktrace=sys.exc_info()[2]
  File "/root/.cache/pypoetry/virtualenvs/cpdbv2-backend-VA82Wl8V-py3.7/lib/python3.7/site-packages/urllib3/util/retry.py", line 386, in increment
    raise six.reraise(type(error), error, _stacktrace)
  File "/root/.cache/pypoetry/virtualenvs/cpdbv2-backend-VA82Wl8V-py3.7/lib/python3.7/site-packages/urllib3/packages/six.py", line 735, in reraise
    raise value
  File "/root/.cache/pypoetry/virtualenvs/cpdbv2-backend-VA82Wl8V-py3.7/lib/python3.7/site-packages/urllib3/connectionpool.py", line 677, in urlopen
    chunked=chunked,
  File "/root/.cache/pypoetry/virtualenvs/cpdbv2-backend-VA82Wl8V-py3.7/lib/python3.7/site-packages/urllib3/connectionpool.py", line 392, in _make_request
    conn.request(method, url, **httplib_request_kw)
  File "/usr/local/lib/python3.7/http/client.py", line 1281, in request
    self._send_request(method, url, body, headers, encode_chunked)
  File "/usr/local/lib/python3.7/http/client.py", line 1327, in _send_request
    self.endheaders(body, encode_chunked=encode_chunked)
  File "/usr/local/lib/python3.7/http/client.py", line 1276, in endheaders
    self._send_output(message_body, encode_chunked=encode_chunked)
  File "/usr/local/lib/python3.7/http/client.py", line 1036, in _send_output
    self.send(msg)
  File "/usr/local/lib/python3.7/http/client.py", line 976, in send
    self.connect()
  File "/root/.cache/pypoetry/virtualenvs/cpdbv2-backend-VA82Wl8V-py3.7/lib/python3.7/site-packages/urllib3/connection.py", line 187, in connect
    conn = self._new_conn()
  File "/root/.cache/pypoetry/virtualenvs/cpdbv2-backend-VA82Wl8V-py3.7/lib/python3.7/site-packages/urllib3/connection.py", line 172, in _new_conn
    self, "Failed to establish a new connection: %s" % e
urllib3.exceptions.NewConnectionError: <urllib3.connection.HTTPConnection object at 0x7ff069045990>: Failed to establish a new connection: [Errno -2] Name or service not known
elasticsearch: DEBUG: > None
urllib3.util.retry: DEBUG: Converted retries value: False -> Retry(total=False, connect=None, read=None, redirect=0, status=None)
urllib3.connectionpool: DEBUG: Starting new HTTP connection (666): elasticsearch:9200
elasticsearch: WARNING: DELETE http://elasticsearch:9200/test_officers_c97d3965-996f-4fbb-b4a7-1038423423bd [status:N/A request:0.004s]
Traceback (most recent call last):
  File "/root/.cache/pypoetry/virtualenvs/cpdbv2-backend-VA82Wl8V-py3.7/lib/python3.7/site-packages/urllib3/connection.py", line 160, in _new_conn
    (self._dns_host, self.port), self.timeout, **extra_kw
  File "/root/.cache/pypoetry/virtualenvs/cpdbv2-backend-VA82Wl8V-py3.7/lib/python3.7/site-packages/urllib3/util/connection.py", line 61, in create_connection
    for res in socket.getaddrinfo(host, port, family, socket.SOCK_STREAM):
  File "/usr/local/lib/python3.7/socket.py", line 752, in getaddrinfo
    for res in _socket.getaddrinfo(host, port, family, type, proto, flags):
socket.gaierror: [Errno -2] Name or service not known

During handling of the above exception, another exception occurred:

Traceback (most recent call last):
  File "/root/.cache/pypoetry/virtualenvs/cpdbv2-backend-VA82Wl8V-py3.7/lib/python3.7/site-packages/elasticsearch/connection/http_urllib3.py", line 115, in perform_request
    response = self.pool.urlopen(method, url, body, retries=False, headers=self.headers, **kw)
  File "/root/.cache/pypoetry/virtualenvs/cpdbv2-backend-VA82Wl8V-py3.7/lib/python3.7/site-packages/urllib3/connectionpool.py", line 727, in urlopen
    method, url, error=e, _pool=self, _stacktrace=sys.exc_info()[2]
  File "/root/.cache/pypoetry/virtualenvs/cpdbv2-backend-VA82Wl8V-py3.7/lib/python3.7/site-packages/urllib3/util/retry.py", line 386, in increment
    raise six.reraise(type(error), error, _stacktrace)
  File "/root/.cache/pypoetry/virtualenvs/cpdbv2-backend-VA82Wl8V-py3.7/lib/python3.7/site-packages/urllib3/packages/six.py", line 735, in reraise
    raise value
  File "/root/.cache/pypoetry/virtualenvs/cpdbv2-backend-VA82Wl8V-py3.7/lib/python3.7/site-packages/urllib3/connectionpool.py", line 677, in urlopen
    chunked=chunked,
  File "/root/.cache/pypoetry/virtualenvs/cpdbv2-backend-VA82Wl8V-py3.7/lib/python3.7/site-packages/urllib3/connectionpool.py", line 392, in _make_request
    conn.request(method, url, **httplib_request_kw)
  File "/usr/local/lib/python3.7/http/client.py", line 1281, in request
    self._send_request(method, url, body, headers, encode_chunked)
  File "/usr/local/lib/python3.7/http/client.py", line 1327, in _send_request
    self.endheaders(body, encode_chunked=encode_chunked)
  File "/usr/local/lib/python3.7/http/client.py", line 1276, in endheaders
    self._send_output(message_body, encode_chunked=encode_chunked)
  File "/usr/local/lib/python3.7/http/client.py", line 1036, in _send_output
    self.send(msg)
  File "/usr/local/lib/python3.7/http/client.py", line 976, in send
    self.connect()
  File "/root/.cache/pypoetry/virtualenvs/cpdbv2-backend-VA82Wl8V-py3.7/lib/python3.7/site-packages/urllib3/connection.py", line 187, in connect
    conn = self._new_conn()
  File "/root/.cache/pypoetry/virtualenvs/cpdbv2-backend-VA82Wl8V-py3.7/lib/python3.7/site-packages/urllib3/connection.py", line 172, in _new_conn
    self, "Failed to establish a new connection: %s" % e
urllib3.exceptions.NewConnectionError: <urllib3.connection.HTTPConnection object at 0x7ff0697141d0>: Failed to establish a new connection: [Errno -2] Name or service not known
elasticsearch: DEBUG: > None
urllib3.util.retry: DEBUG: Converted retries value: False -> Retry(total=False, connect=None, read=None, redirect=0, status=None)
urllib3.connectionpool: DEBUG: Starting new HTTP connection (667): elasticsearch:9200
elasticsearch: WARNING: DELETE http://elasticsearch:9200/test_officers_c97d3965-996f-4fbb-b4a7-1038423423bd [status:N/A request:0.005s]
Traceback (most recent call last):
  File "/root/.cache/pypoetry/virtualenvs/cpdbv2-backend-VA82Wl8V-py3.7/lib/python3.7/site-packages/urllib3/connection.py", line 160, in _new_conn
    (self._dns_host, self.port), self.timeout, **extra_kw
  File "/root/.cache/pypoetry/virtualenvs/cpdbv2-backend-VA82Wl8V-py3.7/lib/python3.7/site-packages/urllib3/util/connection.py", line 61, in create_connection
    for res in socket.getaddrinfo(host, port, family, socket.SOCK_STREAM):
  File "/usr/local/lib/python3.7/socket.py", line 752, in getaddrinfo
    for res in _socket.getaddrinfo(host, port, family, type, proto, flags):
socket.gaierror: [Errno -2] Name or service not known

During handling of the above exception, another exception occurred:

Traceback (most recent call last):
  File "/root/.cache/pypoetry/virtualenvs/cpdbv2-backend-VA82Wl8V-py3.7/lib/python3.7/site-packages/elasticsearch/connection/http_urllib3.py", line 115, in perform_request
    response = self.pool.urlopen(method, url, body, retries=False, headers=self.headers, **kw)
  File "/root/.cache/pypoetry/virtualenvs/cpdbv2-backend-VA82Wl8V-py3.7/lib/python3.7/site-packages/urllib3/connectionpool.py", line 727, in urlopen
    method, url, error=e, _pool=self, _stacktrace=sys.exc_info()[2]
  File "/root/.cache/pypoetry/virtualenvs/cpdbv2-backend-VA82Wl8V-py3.7/lib/python3.7/site-packages/urllib3/util/retry.py", line 386, in increment
    raise six.reraise(type(error), error, _stacktrace)
  File "/root/.cache/pypoetry/virtualenvs/cpdbv2-backend-VA82Wl8V-py3.7/lib/python3.7/site-packages/urllib3/packages/six.py", line 735, in reraise
    raise value
  File "/root/.cache/pypoetry/virtualenvs/cpdbv2-backend-VA82Wl8V-py3.7/lib/python3.7/site-packages/urllib3/connectionpool.py", line 677, in urlopen
    chunked=chunked,
  File "/root/.cache/pypoetry/virtualenvs/cpdbv2-backend-VA82Wl8V-py3.7/lib/python3.7/site-packages/urllib3/connectionpool.py", line 392, in _make_request
    conn.request(method, url, **httplib_request_kw)
  File "/usr/local/lib/python3.7/http/client.py", line 1281, in request
    self._send_request(method, url, body, headers, encode_chunked)
  File "/usr/local/lib/python3.7/http/client.py", line 1327, in _send_request
    self.endheaders(body, encode_chunked=encode_chunked)
  File "/usr/local/lib/python3.7/http/client.py", line 1276, in endheaders
    self._send_output(message_body, encode_chunked=encode_chunked)
  File "/usr/local/lib/python3.7/http/client.py", line 1036, in _send_output
    self.send(msg)
  File "/usr/local/lib/python3.7/http/client.py", line 976, in send
    self.connect()
  File "/root/.cache/pypoetry/virtualenvs/cpdbv2-backend-VA82Wl8V-py3.7/lib/python3.7/site-packages/urllib3/connection.py", line 187, in connect
    conn = self._new_conn()
  File "/root/.cache/pypoetry/virtualenvs/cpdbv2-backend-VA82Wl8V-py3.7/lib/python3.7/site-packages/urllib3/connection.py", line 172, in _new_conn
    self, "Failed to establish a new connection: %s" % e
urllib3.exceptions.NewConnectionError: <urllib3.connection.HTTPConnection object at 0x7ff069714d10>: Failed to establish a new connection: [Errno -2] Name or service not known
elasticsearch: DEBUG: > None
urllib3.util.retry: DEBUG: Converted retries value: False -> Retry(total=False, connect=None, read=None, redirect=0, status=None)
urllib3.connectionpool: DEBUG: Starting new HTTP connection (668): elasticsearch:9200
elasticsearch: WARNING: DELETE http://elasticsearch:9200/test_officers_c97d3965-996f-4fbb-b4a7-1038423423bd [status:N/A request:0.004s]
Traceback (most recent call last):
  File "/root/.cache/pypoetry/virtualenvs/cpdbv2-backend-VA82Wl8V-py3.7/lib/python3.7/site-packages/urllib3/connection.py", line 160, in _new_conn
    (self._dns_host, self.port), self.timeout, **extra_kw
  File "/root/.cache/pypoetry/virtualenvs/cpdbv2-backend-VA82Wl8V-py3.7/lib/python3.7/site-packages/urllib3/util/connection.py", line 61, in create_connection
    for res in socket.getaddrinfo(host, port, family, socket.SOCK_STREAM):
  File "/usr/local/lib/python3.7/socket.py", line 752, in getaddrinfo
    for res in _socket.getaddrinfo(host, port, family, type, proto, flags):
socket.gaierror: [Errno -2] Name or service not known

During handling of the above exception, another exception occurred:

Traceback (most recent call last):
  File "/root/.cache/pypoetry/virtualenvs/cpdbv2-backend-VA82Wl8V-py3.7/lib/python3.7/site-packages/elasticsearch/connection/http_urllib3.py", line 115, in perform_request
    response = self.pool.urlopen(method, url, body, retries=False, headers=self.headers, **kw)
  File "/root/.cache/pypoetry/virtualenvs/cpdbv2-backend-VA82Wl8V-py3.7/lib/python3.7/site-packages/urllib3/connectionpool.py", line 727, in urlopen
    method, url, error=e, _pool=self, _stacktrace=sys.exc_info()[2]
  File "/root/.cache/pypoetry/virtualenvs/cpdbv2-backend-VA82Wl8V-py3.7/lib/python3.7/site-packages/urllib3/util/retry.py", line 386, in increment
    raise six.reraise(type(error), error, _stacktrace)
  File "/root/.cache/pypoetry/virtualenvs/cpdbv2-backend-VA82Wl8V-py3.7/lib/python3.7/site-packages/urllib3/packages/six.py", line 735, in reraise
    raise value
  File "/root/.cache/pypoetry/virtualenvs/cpdbv2-backend-VA82Wl8V-py3.7/lib/python3.7/site-packages/urllib3/connectionpool.py", line 677, in urlopen
    chunked=chunked,
  File "/root/.cache/pypoetry/virtualenvs/cpdbv2-backend-VA82Wl8V-py3.7/lib/python3.7/site-packages/urllib3/connectionpool.py", line 392, in _make_request
    conn.request(method, url, **httplib_request_kw)
  File "/usr/local/lib/python3.7/http/client.py", line 1281, in request
    self._send_request(method, url, body, headers, encode_chunked)
  File "/usr/local/lib/python3.7/http/client.py", line 1327, in _send_request
    self.endheaders(body, encode_chunked=encode_chunked)
  File "/usr/local/lib/python3.7/http/client.py", line 1276, in endheaders
    self._send_output(message_body, encode_chunked=encode_chunked)
  File "/usr/local/lib/python3.7/http/client.py", line 1036, in _send_output
    self.send(msg)
  File "/usr/local/lib/python3.7/http/client.py", line 976, in send
    self.connect()
  File "/root/.cache/pypoetry/virtualenvs/cpdbv2-backend-VA82Wl8V-py3.7/lib/python3.7/site-packages/urllib3/connection.py", line 187, in connect
    conn = self._new_conn()
  File "/root/.cache/pypoetry/virtualenvs/cpdbv2-backend-VA82Wl8V-py3.7/lib/python3.7/site-packages/urllib3/connection.py", line 172, in _new_conn
    self, "Failed to establish a new connection: %s" % e
urllib3.exceptions.NewConnectionError: <urllib3.connection.HTTPConnection object at 0x7ff069045890>: Failed to establish a new connection: [Errno -2] Name or service not known
elasticsearch: DEBUG: > None
--------------------- >> end captured logging << ---------------------

======================================================================
ERROR: test_tweet_cpdb_officer_page_url (twitterbot.tests.handlers.test_officer_tweet_handler.OfficerTweetHandlerTestCase)
----------------------------------------------------------------------
Traceback (most recent call last):
  File "/usr/src/app/cpdb/twitterbot/tests/handlers/test_officer_tweet_handler.py", line 34, in setUp
    super(OfficerTweetHandlerTestCase, self).setUp()
  File "/usr/src/app/cpdb/twitterbot/tests/mixins.py", line 7, in setUp
    officers_index_alias.write_index.delete(ignore=404)
  File "/root/.cache/pypoetry/virtualenvs/cpdbv2-backend-VA82Wl8V-py3.7/lib/python3.7/site-packages/elasticsearch_dsl/index.py", line 222, in delete
    self.connection.indices.delete(index=self._name, **kwargs)
  File "/root/.cache/pypoetry/virtualenvs/cpdbv2-backend-VA82Wl8V-py3.7/lib/python3.7/site-packages/elasticsearch/client/utils.py", line 73, in _wrapped
    return func(*args, params=params, **kwargs)
  File "/root/.cache/pypoetry/virtualenvs/cpdbv2-backend-VA82Wl8V-py3.7/lib/python3.7/site-packages/elasticsearch/client/indices.py", line 200, in delete
    params=params)
  File "/root/.cache/pypoetry/virtualenvs/cpdbv2-backend-VA82Wl8V-py3.7/lib/python3.7/site-packages/elasticsearch/transport.py", line 312, in perform_request
    status, headers, data = connection.perform_request(method, url, params, body, ignore=ignore, timeout=timeout)
  File "/root/.cache/pypoetry/virtualenvs/cpdbv2-backend-VA82Wl8V-py3.7/lib/python3.7/site-packages/elasticsearch/connection/http_urllib3.py", line 124, in perform_request
    raise ConnectionError('N/A', str(e), e)
elasticsearch.exceptions.ConnectionError: ConnectionError(<urllib3.connection.HTTPConnection object at 0x7ff069724110>: Failed to establish a new connection: [Errno -2] Name or service not known) caused by: NewConnectionError(<urllib3.connection.HTTPConnection object at 0x7ff069724110>: Failed to establish a new connection: [Errno -2] Name or service not known)
-------------------- >> begin captured logging << --------------------
urllib3.util.retry: DEBUG: Converted retries value: False -> Retry(total=False, connect=None, read=None, redirect=0, status=None)
urllib3.connectionpool: DEBUG: Starting new HTTP connection (669): elasticsearch:9200
elasticsearch: WARNING: DELETE http://elasticsearch:9200/test_officers_c97d3965-996f-4fbb-b4a7-1038423423bd [status:N/A request:0.004s]
Traceback (most recent call last):
  File "/root/.cache/pypoetry/virtualenvs/cpdbv2-backend-VA82Wl8V-py3.7/lib/python3.7/site-packages/urllib3/connection.py", line 160, in _new_conn
    (self._dns_host, self.port), self.timeout, **extra_kw
  File "/root/.cache/pypoetry/virtualenvs/cpdbv2-backend-VA82Wl8V-py3.7/lib/python3.7/site-packages/urllib3/util/connection.py", line 61, in create_connection
    for res in socket.getaddrinfo(host, port, family, socket.SOCK_STREAM):
  File "/usr/local/lib/python3.7/socket.py", line 752, in getaddrinfo
    for res in _socket.getaddrinfo(host, port, family, type, proto, flags):
socket.gaierror: [Errno -2] Name or service not known

During handling of the above exception, another exception occurred:

Traceback (most recent call last):
  File "/root/.cache/pypoetry/virtualenvs/cpdbv2-backend-VA82Wl8V-py3.7/lib/python3.7/site-packages/elasticsearch/connection/http_urllib3.py", line 115, in perform_request
    response = self.pool.urlopen(method, url, body, retries=False, headers=self.headers, **kw)
  File "/root/.cache/pypoetry/virtualenvs/cpdbv2-backend-VA82Wl8V-py3.7/lib/python3.7/site-packages/urllib3/connectionpool.py", line 727, in urlopen
    method, url, error=e, _pool=self, _stacktrace=sys.exc_info()[2]
  File "/root/.cache/pypoetry/virtualenvs/cpdbv2-backend-VA82Wl8V-py3.7/lib/python3.7/site-packages/urllib3/util/retry.py", line 386, in increment
    raise six.reraise(type(error), error, _stacktrace)
  File "/root/.cache/pypoetry/virtualenvs/cpdbv2-backend-VA82Wl8V-py3.7/lib/python3.7/site-packages/urllib3/packages/six.py", line 735, in reraise
    raise value
  File "/root/.cache/pypoetry/virtualenvs/cpdbv2-backend-VA82Wl8V-py3.7/lib/python3.7/site-packages/urllib3/connectionpool.py", line 677, in urlopen
    chunked=chunked,
  File "/root/.cache/pypoetry/virtualenvs/cpdbv2-backend-VA82Wl8V-py3.7/lib/python3.7/site-packages/urllib3/connectionpool.py", line 392, in _make_request
    conn.request(method, url, **httplib_request_kw)
  File "/usr/local/lib/python3.7/http/client.py", line 1281, in request
    self._send_request(method, url, body, headers, encode_chunked)
  File "/usr/local/lib/python3.7/http/client.py", line 1327, in _send_request
    self.endheaders(body, encode_chunked=encode_chunked)
  File "/usr/local/lib/python3.7/http/client.py", line 1276, in endheaders
    self._send_output(message_body, encode_chunked=encode_chunked)
  File "/usr/local/lib/python3.7/http/client.py", line 1036, in _send_output
    self.send(msg)
  File "/usr/local/lib/python3.7/http/client.py", line 976, in send
    self.connect()
  File "/root/.cache/pypoetry/virtualenvs/cpdbv2-backend-VA82Wl8V-py3.7/lib/python3.7/site-packages/urllib3/connection.py", line 187, in connect
    conn = self._new_conn()
  File "/root/.cache/pypoetry/virtualenvs/cpdbv2-backend-VA82Wl8V-py3.7/lib/python3.7/site-packages/urllib3/connection.py", line 172, in _new_conn
    self, "Failed to establish a new connection: %s" % e
urllib3.exceptions.NewConnectionError: <urllib3.connection.HTTPConnection object at 0x7ff069045c50>: Failed to establish a new connection: [Errno -2] Name or service not known
elasticsearch: DEBUG: > None
urllib3.util.retry: DEBUG: Converted retries value: False -> Retry(total=False, connect=None, read=None, redirect=0, status=None)
urllib3.connectionpool: DEBUG: Starting new HTTP connection (670): elasticsearch:9200
elasticsearch: WARNING: DELETE http://elasticsearch:9200/test_officers_c97d3965-996f-4fbb-b4a7-1038423423bd [status:N/A request:0.004s]
Traceback (most recent call last):
  File "/root/.cache/pypoetry/virtualenvs/cpdbv2-backend-VA82Wl8V-py3.7/lib/python3.7/site-packages/urllib3/connection.py", line 160, in _new_conn
    (self._dns_host, self.port), self.timeout, **extra_kw
  File "/root/.cache/pypoetry/virtualenvs/cpdbv2-backend-VA82Wl8V-py3.7/lib/python3.7/site-packages/urllib3/util/connection.py", line 61, in create_connection
    for res in socket.getaddrinfo(host, port, family, socket.SOCK_STREAM):
  File "/usr/local/lib/python3.7/socket.py", line 752, in getaddrinfo
    for res in _socket.getaddrinfo(host, port, family, type, proto, flags):
socket.gaierror: [Errno -2] Name or service not known

During handling of the above exception, another exception occurred:

Traceback (most recent call last):
  File "/root/.cache/pypoetry/virtualenvs/cpdbv2-backend-VA82Wl8V-py3.7/lib/python3.7/site-packages/elasticsearch/connection/http_urllib3.py", line 115, in perform_request
    response = self.pool.urlopen(method, url, body, retries=False, headers=self.headers, **kw)
  File "/root/.cache/pypoetry/virtualenvs/cpdbv2-backend-VA82Wl8V-py3.7/lib/python3.7/site-packages/urllib3/connectionpool.py", line 727, in urlopen
    method, url, error=e, _pool=self, _stacktrace=sys.exc_info()[2]
  File "/root/.cache/pypoetry/virtualenvs/cpdbv2-backend-VA82Wl8V-py3.7/lib/python3.7/site-packages/urllib3/util/retry.py", line 386, in increment
    raise six.reraise(type(error), error, _stacktrace)
  File "/root/.cache/pypoetry/virtualenvs/cpdbv2-backend-VA82Wl8V-py3.7/lib/python3.7/site-packages/urllib3/packages/six.py", line 735, in reraise
    raise value
  File "/root/.cache/pypoetry/virtualenvs/cpdbv2-backend-VA82Wl8V-py3.7/lib/python3.7/site-packages/urllib3/connectionpool.py", line 677, in urlopen
    chunked=chunked,
  File "/root/.cache/pypoetry/virtualenvs/cpdbv2-backend-VA82Wl8V-py3.7/lib/python3.7/site-packages/urllib3/connectionpool.py", line 392, in _make_request
    conn.request(method, url, **httplib_request_kw)
  File "/usr/local/lib/python3.7/http/client.py", line 1281, in request
    self._send_request(method, url, body, headers, encode_chunked)
  File "/usr/local/lib/python3.7/http/client.py", line 1327, in _send_request
    self.endheaders(body, encode_chunked=encode_chunked)
  File "/usr/local/lib/python3.7/http/client.py", line 1276, in endheaders
    self._send_output(message_body, encode_chunked=encode_chunked)
  File "/usr/local/lib/python3.7/http/client.py", line 1036, in _send_output
    self.send(msg)
  File "/usr/local/lib/python3.7/http/client.py", line 976, in send
    self.connect()
  File "/root/.cache/pypoetry/virtualenvs/cpdbv2-backend-VA82Wl8V-py3.7/lib/python3.7/site-packages/urllib3/connection.py", line 187, in connect
    conn = self._new_conn()
  File "/root/.cache/pypoetry/virtualenvs/cpdbv2-backend-VA82Wl8V-py3.7/lib/python3.7/site-packages/urllib3/connection.py", line 172, in _new_conn
    self, "Failed to establish a new connection: %s" % e
urllib3.exceptions.NewConnectionError: <urllib3.connection.HTTPConnection object at 0x7ff06903b350>: Failed to establish a new connection: [Errno -2] Name or service not known
elasticsearch: DEBUG: > None
urllib3.util.retry: DEBUG: Converted retries value: False -> Retry(total=False, connect=None, read=None, redirect=0, status=None)
urllib3.connectionpool: DEBUG: Starting new HTTP connection (671): elasticsearch:9200
elasticsearch: WARNING: DELETE http://elasticsearch:9200/test_officers_c97d3965-996f-4fbb-b4a7-1038423423bd [status:N/A request:0.004s]
Traceback (most recent call last):
  File "/root/.cache/pypoetry/virtualenvs/cpdbv2-backend-VA82Wl8V-py3.7/lib/python3.7/site-packages/urllib3/connection.py", line 160, in _new_conn
    (self._dns_host, self.port), self.timeout, **extra_kw
  File "/root/.cache/pypoetry/virtualenvs/cpdbv2-backend-VA82Wl8V-py3.7/lib/python3.7/site-packages/urllib3/util/connection.py", line 61, in create_connection
    for res in socket.getaddrinfo(host, port, family, socket.SOCK_STREAM):
  File "/usr/local/lib/python3.7/socket.py", line 752, in getaddrinfo
    for res in _socket.getaddrinfo(host, port, family, type, proto, flags):
socket.gaierror: [Errno -2] Name or service not known

During handling of the above exception, another exception occurred:

Traceback (most recent call last):
  File "/root/.cache/pypoetry/virtualenvs/cpdbv2-backend-VA82Wl8V-py3.7/lib/python3.7/site-packages/elasticsearch/connection/http_urllib3.py", line 115, in perform_request
    response = self.pool.urlopen(method, url, body, retries=False, headers=self.headers, **kw)
  File "/root/.cache/pypoetry/virtualenvs/cpdbv2-backend-VA82Wl8V-py3.7/lib/python3.7/site-packages/urllib3/connectionpool.py", line 727, in urlopen
    method, url, error=e, _pool=self, _stacktrace=sys.exc_info()[2]
  File "/root/.cache/pypoetry/virtualenvs/cpdbv2-backend-VA82Wl8V-py3.7/lib/python3.7/site-packages/urllib3/util/retry.py", line 386, in increment
    raise six.reraise(type(error), error, _stacktrace)
  File "/root/.cache/pypoetry/virtualenvs/cpdbv2-backend-VA82Wl8V-py3.7/lib/python3.7/site-packages/urllib3/packages/six.py", line 735, in reraise
    raise value
  File "/root/.cache/pypoetry/virtualenvs/cpdbv2-backend-VA82Wl8V-py3.7/lib/python3.7/site-packages/urllib3/connectionpool.py", line 677, in urlopen
    chunked=chunked,
  File "/root/.cache/pypoetry/virtualenvs/cpdbv2-backend-VA82Wl8V-py3.7/lib/python3.7/site-packages/urllib3/connectionpool.py", line 392, in _make_request
    conn.request(method, url, **httplib_request_kw)
  File "/usr/local/lib/python3.7/http/client.py", line 1281, in request
    self._send_request(method, url, body, headers, encode_chunked)
  File "/usr/local/lib/python3.7/http/client.py", line 1327, in _send_request
    self.endheaders(body, encode_chunked=encode_chunked)
  File "/usr/local/lib/python3.7/http/client.py", line 1276, in endheaders
    self._send_output(message_body, encode_chunked=encode_chunked)
  File "/usr/local/lib/python3.7/http/client.py", line 1036, in _send_output
    self.send(msg)
  File "/usr/local/lib/python3.7/http/client.py", line 976, in send
    self.connect()
  File "/root/.cache/pypoetry/virtualenvs/cpdbv2-backend-VA82Wl8V-py3.7/lib/python3.7/site-packages/urllib3/connection.py", line 187, in connect
    conn = self._new_conn()
  File "/root/.cache/pypoetry/virtualenvs/cpdbv2-backend-VA82Wl8V-py3.7/lib/python3.7/site-packages/urllib3/connection.py", line 172, in _new_conn
    self, "Failed to establish a new connection: %s" % e
urllib3.exceptions.NewConnectionError: <urllib3.connection.HTTPConnection object at 0x7ff069724890>: Failed to establish a new connection: [Errno -2] Name or service not known
elasticsearch: DEBUG: > None
urllib3.util.retry: DEBUG: Converted retries value: False -> Retry(total=False, connect=None, read=None, redirect=0, status=None)
urllib3.connectionpool: DEBUG: Starting new HTTP connection (672): elasticsearch:9200
elasticsearch: WARNING: DELETE http://elasticsearch:9200/test_officers_c97d3965-996f-4fbb-b4a7-1038423423bd [status:N/A request:0.004s]
Traceback (most recent call last):
  File "/root/.cache/pypoetry/virtualenvs/cpdbv2-backend-VA82Wl8V-py3.7/lib/python3.7/site-packages/urllib3/connection.py", line 160, in _new_conn
    (self._dns_host, self.port), self.timeout, **extra_kw
  File "/root/.cache/pypoetry/virtualenvs/cpdbv2-backend-VA82Wl8V-py3.7/lib/python3.7/site-packages/urllib3/util/connection.py", line 61, in create_connection
    for res in socket.getaddrinfo(host, port, family, socket.SOCK_STREAM):
  File "/usr/local/lib/python3.7/socket.py", line 752, in getaddrinfo
    for res in _socket.getaddrinfo(host, port, family, type, proto, flags):
socket.gaierror: [Errno -2] Name or service not known

During handling of the above exception, another exception occurred:

Traceback (most recent call last):
  File "/root/.cache/pypoetry/virtualenvs/cpdbv2-backend-VA82Wl8V-py3.7/lib/python3.7/site-packages/elasticsearch/connection/http_urllib3.py", line 115, in perform_request
    response = self.pool.urlopen(method, url, body, retries=False, headers=self.headers, **kw)
  File "/root/.cache/pypoetry/virtualenvs/cpdbv2-backend-VA82Wl8V-py3.7/lib/python3.7/site-packages/urllib3/connectionpool.py", line 727, in urlopen
    method, url, error=e, _pool=self, _stacktrace=sys.exc_info()[2]
  File "/root/.cache/pypoetry/virtualenvs/cpdbv2-backend-VA82Wl8V-py3.7/lib/python3.7/site-packages/urllib3/util/retry.py", line 386, in increment
    raise six.reraise(type(error), error, _stacktrace)
  File "/root/.cache/pypoetry/virtualenvs/cpdbv2-backend-VA82Wl8V-py3.7/lib/python3.7/site-packages/urllib3/packages/six.py", line 735, in reraise
    raise value
  File "/root/.cache/pypoetry/virtualenvs/cpdbv2-backend-VA82Wl8V-py3.7/lib/python3.7/site-packages/urllib3/connectionpool.py", line 677, in urlopen
    chunked=chunked,
  File "/root/.cache/pypoetry/virtualenvs/cpdbv2-backend-VA82Wl8V-py3.7/lib/python3.7/site-packages/urllib3/connectionpool.py", line 392, in _make_request
    conn.request(method, url, **httplib_request_kw)
  File "/usr/local/lib/python3.7/http/client.py", line 1281, in request
    self._send_request(method, url, body, headers, encode_chunked)
  File "/usr/local/lib/python3.7/http/client.py", line 1327, in _send_request
    self.endheaders(body, encode_chunked=encode_chunked)
  File "/usr/local/lib/python3.7/http/client.py", line 1276, in endheaders
    self._send_output(message_body, encode_chunked=encode_chunked)
  File "/usr/local/lib/python3.7/http/client.py", line 1036, in _send_output
    self.send(msg)
  File "/usr/local/lib/python3.7/http/client.py", line 976, in send
    self.connect()
  File "/root/.cache/pypoetry/virtualenvs/cpdbv2-backend-VA82Wl8V-py3.7/lib/python3.7/site-packages/urllib3/connection.py", line 187, in connect
    conn = self._new_conn()
  File "/root/.cache/pypoetry/virtualenvs/cpdbv2-backend-VA82Wl8V-py3.7/lib/python3.7/site-packages/urllib3/connection.py", line 172, in _new_conn
    self, "Failed to establish a new connection: %s" % e
urllib3.exceptions.NewConnectionError: <urllib3.connection.HTTPConnection object at 0x7ff069724110>: Failed to establish a new connection: [Errno -2] Name or service not known
elasticsearch: DEBUG: > None
--------------------- >> end captured logging << ---------------------

======================================================================
ERROR: test_tweet_mention_recipients (twitterbot.tests.handlers.test_officer_tweet_handler.OfficerTweetHandlerTestCase)
----------------------------------------------------------------------
Traceback (most recent call last):
  File "/usr/src/app/cpdb/twitterbot/tests/handlers/test_officer_tweet_handler.py", line 34, in setUp
    super(OfficerTweetHandlerTestCase, self).setUp()
  File "/usr/src/app/cpdb/twitterbot/tests/mixins.py", line 7, in setUp
    officers_index_alias.write_index.delete(ignore=404)
  File "/root/.cache/pypoetry/virtualenvs/cpdbv2-backend-VA82Wl8V-py3.7/lib/python3.7/site-packages/elasticsearch_dsl/index.py", line 222, in delete
    self.connection.indices.delete(index=self._name, **kwargs)
  File "/root/.cache/pypoetry/virtualenvs/cpdbv2-backend-VA82Wl8V-py3.7/lib/python3.7/site-packages/elasticsearch/client/utils.py", line 73, in _wrapped
    return func(*args, params=params, **kwargs)
  File "/root/.cache/pypoetry/virtualenvs/cpdbv2-backend-VA82Wl8V-py3.7/lib/python3.7/site-packages/elasticsearch/client/indices.py", line 200, in delete
    params=params)
  File "/root/.cache/pypoetry/virtualenvs/cpdbv2-backend-VA82Wl8V-py3.7/lib/python3.7/site-packages/elasticsearch/transport.py", line 312, in perform_request
    status, headers, data = connection.perform_request(method, url, params, body, ignore=ignore, timeout=timeout)
  File "/root/.cache/pypoetry/virtualenvs/cpdbv2-backend-VA82Wl8V-py3.7/lib/python3.7/site-packages/elasticsearch/connection/http_urllib3.py", line 124, in perform_request
    raise ConnectionError('N/A', str(e), e)
elasticsearch.exceptions.ConnectionError: ConnectionError(<urllib3.connection.HTTPConnection object at 0x7ff06971ad50>: Failed to establish a new connection: [Errno -2] Name or service not known) caused by: NewConnectionError(<urllib3.connection.HTTPConnection object at 0x7ff06971ad50>: Failed to establish a new connection: [Errno -2] Name or service not known)
-------------------- >> begin captured logging << --------------------
urllib3.util.retry: DEBUG: Converted retries value: False -> Retry(total=False, connect=None, read=None, redirect=0, status=None)
urllib3.connectionpool: DEBUG: Starting new HTTP connection (673): elasticsearch:9200
elasticsearch: WARNING: DELETE http://elasticsearch:9200/test_officers_c97d3965-996f-4fbb-b4a7-1038423423bd [status:N/A request:0.004s]
Traceback (most recent call last):
  File "/root/.cache/pypoetry/virtualenvs/cpdbv2-backend-VA82Wl8V-py3.7/lib/python3.7/site-packages/urllib3/connection.py", line 160, in _new_conn
    (self._dns_host, self.port), self.timeout, **extra_kw
  File "/root/.cache/pypoetry/virtualenvs/cpdbv2-backend-VA82Wl8V-py3.7/lib/python3.7/site-packages/urllib3/util/connection.py", line 61, in create_connection
    for res in socket.getaddrinfo(host, port, family, socket.SOCK_STREAM):
  File "/usr/local/lib/python3.7/socket.py", line 752, in getaddrinfo
    for res in _socket.getaddrinfo(host, port, family, type, proto, flags):
socket.gaierror: [Errno -2] Name or service not known

During handling of the above exception, another exception occurred:

Traceback (most recent call last):
  File "/root/.cache/pypoetry/virtualenvs/cpdbv2-backend-VA82Wl8V-py3.7/lib/python3.7/site-packages/elasticsearch/connection/http_urllib3.py", line 115, in perform_request
    response = self.pool.urlopen(method, url, body, retries=False, headers=self.headers, **kw)
  File "/root/.cache/pypoetry/virtualenvs/cpdbv2-backend-VA82Wl8V-py3.7/lib/python3.7/site-packages/urllib3/connectionpool.py", line 727, in urlopen
    method, url, error=e, _pool=self, _stacktrace=sys.exc_info()[2]
  File "/root/.cache/pypoetry/virtualenvs/cpdbv2-backend-VA82Wl8V-py3.7/lib/python3.7/site-packages/urllib3/util/retry.py", line 386, in increment
    raise six.reraise(type(error), error, _stacktrace)
  File "/root/.cache/pypoetry/virtualenvs/cpdbv2-backend-VA82Wl8V-py3.7/lib/python3.7/site-packages/urllib3/packages/six.py", line 735, in reraise
    raise value
  File "/root/.cache/pypoetry/virtualenvs/cpdbv2-backend-VA82Wl8V-py3.7/lib/python3.7/site-packages/urllib3/connectionpool.py", line 677, in urlopen
    chunked=chunked,
  File "/root/.cache/pypoetry/virtualenvs/cpdbv2-backend-VA82Wl8V-py3.7/lib/python3.7/site-packages/urllib3/connectionpool.py", line 392, in _make_request
    conn.request(method, url, **httplib_request_kw)
  File "/usr/local/lib/python3.7/http/client.py", line 1281, in request
    self._send_request(method, url, body, headers, encode_chunked)
  File "/usr/local/lib/python3.7/http/client.py", line 1327, in _send_request
    self.endheaders(body, encode_chunked=encode_chunked)
  File "/usr/local/lib/python3.7/http/client.py", line 1276, in endheaders
    self._send_output(message_body, encode_chunked=encode_chunked)
  File "/usr/local/lib/python3.7/http/client.py", line 1036, in _send_output
    self.send(msg)
  File "/usr/local/lib/python3.7/http/client.py", line 976, in send
    self.connect()
  File "/root/.cache/pypoetry/virtualenvs/cpdbv2-backend-VA82Wl8V-py3.7/lib/python3.7/site-packages/urllib3/connection.py", line 187, in connect
    conn = self._new_conn()
  File "/root/.cache/pypoetry/virtualenvs/cpdbv2-backend-VA82Wl8V-py3.7/lib/python3.7/site-packages/urllib3/connection.py", line 172, in _new_conn
    self, "Failed to establish a new connection: %s" % e
urllib3.exceptions.NewConnectionError: <urllib3.connection.HTTPConnection object at 0x7ff069724a50>: Failed to establish a new connection: [Errno -2] Name or service not known
elasticsearch: DEBUG: > None
urllib3.util.retry: DEBUG: Converted retries value: False -> Retry(total=False, connect=None, read=None, redirect=0, status=None)
urllib3.connectionpool: DEBUG: Starting new HTTP connection (674): elasticsearch:9200
elasticsearch: WARNING: DELETE http://elasticsearch:9200/test_officers_c97d3965-996f-4fbb-b4a7-1038423423bd [status:N/A request:0.005s]
Traceback (most recent call last):
  File "/root/.cache/pypoetry/virtualenvs/cpdbv2-backend-VA82Wl8V-py3.7/lib/python3.7/site-packages/urllib3/connection.py", line 160, in _new_conn
    (self._dns_host, self.port), self.timeout, **extra_kw
  File "/root/.cache/pypoetry/virtualenvs/cpdbv2-backend-VA82Wl8V-py3.7/lib/python3.7/site-packages/urllib3/util/connection.py", line 61, in create_connection
    for res in socket.getaddrinfo(host, port, family, socket.SOCK_STREAM):
  File "/usr/local/lib/python3.7/socket.py", line 752, in getaddrinfo
    for res in _socket.getaddrinfo(host, port, family, type, proto, flags):
socket.gaierror: [Errno -2] Name or service not known

During handling of the above exception, another exception occurred:

Traceback (most recent call last):
  File "/root/.cache/pypoetry/virtualenvs/cpdbv2-backend-VA82Wl8V-py3.7/lib/python3.7/site-packages/elasticsearch/connection/http_urllib3.py", line 115, in perform_request
    response = self.pool.urlopen(method, url, body, retries=False, headers=self.headers, **kw)
  File "/root/.cache/pypoetry/virtualenvs/cpdbv2-backend-VA82Wl8V-py3.7/lib/python3.7/site-packages/urllib3/connectionpool.py", line 727, in urlopen
    method, url, error=e, _pool=self, _stacktrace=sys.exc_info()[2]
  File "/root/.cache/pypoetry/virtualenvs/cpdbv2-backend-VA82Wl8V-py3.7/lib/python3.7/site-packages/urllib3/util/retry.py", line 386, in increment
    raise six.reraise(type(error), error, _stacktrace)
  File "/root/.cache/pypoetry/virtualenvs/cpdbv2-backend-VA82Wl8V-py3.7/lib/python3.7/site-packages/urllib3/packages/six.py", line 735, in reraise
    raise value
  File "/root/.cache/pypoetry/virtualenvs/cpdbv2-backend-VA82Wl8V-py3.7/lib/python3.7/site-packages/urllib3/connectionpool.py", line 677, in urlopen
    chunked=chunked,
  File "/root/.cache/pypoetry/virtualenvs/cpdbv2-backend-VA82Wl8V-py3.7/lib/python3.7/site-packages/urllib3/connectionpool.py", line 392, in _make_request
    conn.request(method, url, **httplib_request_kw)
  File "/usr/local/lib/python3.7/http/client.py", line 1281, in request
    self._send_request(method, url, body, headers, encode_chunked)
  File "/usr/local/lib/python3.7/http/client.py", line 1327, in _send_request
    self.endheaders(body, encode_chunked=encode_chunked)
  File "/usr/local/lib/python3.7/http/client.py", line 1276, in endheaders
    self._send_output(message_body, encode_chunked=encode_chunked)
  File "/usr/local/lib/python3.7/http/client.py", line 1036, in _send_output
    self.send(msg)
  File "/usr/local/lib/python3.7/http/client.py", line 976, in send
    self.connect()
  File "/root/.cache/pypoetry/virtualenvs/cpdbv2-backend-VA82Wl8V-py3.7/lib/python3.7/site-packages/urllib3/connection.py", line 187, in connect
    conn = self._new_conn()
  File "/root/.cache/pypoetry/virtualenvs/cpdbv2-backend-VA82Wl8V-py3.7/lib/python3.7/site-packages/urllib3/connection.py", line 172, in _new_conn
    self, "Failed to establish a new connection: %s" % e
urllib3.exceptions.NewConnectionError: <urllib3.connection.HTTPConnection object at 0x7ff06971ab50>: Failed to establish a new connection: [Errno -2] Name or service not known
elasticsearch: DEBUG: > None
urllib3.util.retry: DEBUG: Converted retries value: False -> Retry(total=False, connect=None, read=None, redirect=0, status=None)
urllib3.connectionpool: DEBUG: Starting new HTTP connection (675): elasticsearch:9200
elasticsearch: WARNING: DELETE http://elasticsearch:9200/test_officers_c97d3965-996f-4fbb-b4a7-1038423423bd [status:N/A request:0.004s]
Traceback (most recent call last):
  File "/root/.cache/pypoetry/virtualenvs/cpdbv2-backend-VA82Wl8V-py3.7/lib/python3.7/site-packages/urllib3/connection.py", line 160, in _new_conn
    (self._dns_host, self.port), self.timeout, **extra_kw
  File "/root/.cache/pypoetry/virtualenvs/cpdbv2-backend-VA82Wl8V-py3.7/lib/python3.7/site-packages/urllib3/util/connection.py", line 61, in create_connection
    for res in socket.getaddrinfo(host, port, family, socket.SOCK_STREAM):
  File "/usr/local/lib/python3.7/socket.py", line 752, in getaddrinfo
    for res in _socket.getaddrinfo(host, port, family, type, proto, flags):
socket.gaierror: [Errno -2] Name or service not known

During handling of the above exception, another exception occurred:

Traceback (most recent call last):
  File "/root/.cache/pypoetry/virtualenvs/cpdbv2-backend-VA82Wl8V-py3.7/lib/python3.7/site-packages/elasticsearch/connection/http_urllib3.py", line 115, in perform_request
    response = self.pool.urlopen(method, url, body, retries=False, headers=self.headers, **kw)
  File "/root/.cache/pypoetry/virtualenvs/cpdbv2-backend-VA82Wl8V-py3.7/lib/python3.7/site-packages/urllib3/connectionpool.py", line 727, in urlopen
    method, url, error=e, _pool=self, _stacktrace=sys.exc_info()[2]
  File "/root/.cache/pypoetry/virtualenvs/cpdbv2-backend-VA82Wl8V-py3.7/lib/python3.7/site-packages/urllib3/util/retry.py", line 386, in increment
    raise six.reraise(type(error), error, _stacktrace)
  File "/root/.cache/pypoetry/virtualenvs/cpdbv2-backend-VA82Wl8V-py3.7/lib/python3.7/site-packages/urllib3/packages/six.py", line 735, in reraise
    raise value
  File "/root/.cache/pypoetry/virtualenvs/cpdbv2-backend-VA82Wl8V-py3.7/lib/python3.7/site-packages/urllib3/connectionpool.py", line 677, in urlopen
    chunked=chunked,
  File "/root/.cache/pypoetry/virtualenvs/cpdbv2-backend-VA82Wl8V-py3.7/lib/python3.7/site-packages/urllib3/connectionpool.py", line 392, in _make_request
    conn.request(method, url, **httplib_request_kw)
  File "/usr/local/lib/python3.7/http/client.py", line 1281, in request
    self._send_request(method, url, body, headers, encode_chunked)
  File "/usr/local/lib/python3.7/http/client.py", line 1327, in _send_request
    self.endheaders(body, encode_chunked=encode_chunked)
  File "/usr/local/lib/python3.7/http/client.py", line 1276, in endheaders
    self._send_output(message_body, encode_chunked=encode_chunked)
  File "/usr/local/lib/python3.7/http/client.py", line 1036, in _send_output
    self.send(msg)
  File "/usr/local/lib/python3.7/http/client.py", line 976, in send
    self.connect()
  File "/root/.cache/pypoetry/virtualenvs/cpdbv2-backend-VA82Wl8V-py3.7/lib/python3.7/site-packages/urllib3/connection.py", line 187, in connect
    conn = self._new_conn()
  File "/root/.cache/pypoetry/virtualenvs/cpdbv2-backend-VA82Wl8V-py3.7/lib/python3.7/site-packages/urllib3/connection.py", line 172, in _new_conn
    self, "Failed to establish a new connection: %s" % e
urllib3.exceptions.NewConnectionError: <urllib3.connection.HTTPConnection object at 0x7ff06971a5d0>: Failed to establish a new connection: [Errno -2] Name or service not known
elasticsearch: DEBUG: > None
urllib3.util.retry: DEBUG: Converted retries value: False -> Retry(total=False, connect=None, read=None, redirect=0, status=None)
urllib3.connectionpool: DEBUG: Starting new HTTP connection (676): elasticsearch:9200
elasticsearch: WARNING: DELETE http://elasticsearch:9200/test_officers_c97d3965-996f-4fbb-b4a7-1038423423bd [status:N/A request:0.004s]
Traceback (most recent call last):
  File "/root/.cache/pypoetry/virtualenvs/cpdbv2-backend-VA82Wl8V-py3.7/lib/python3.7/site-packages/urllib3/connection.py", line 160, in _new_conn
    (self._dns_host, self.port), self.timeout, **extra_kw
  File "/root/.cache/pypoetry/virtualenvs/cpdbv2-backend-VA82Wl8V-py3.7/lib/python3.7/site-packages/urllib3/util/connection.py", line 61, in create_connection
    for res in socket.getaddrinfo(host, port, family, socket.SOCK_STREAM):
  File "/usr/local/lib/python3.7/socket.py", line 752, in getaddrinfo
    for res in _socket.getaddrinfo(host, port, family, type, proto, flags):
socket.gaierror: [Errno -2] Name or service not known

During handling of the above exception, another exception occurred:

Traceback (most recent call last):
  File "/root/.cache/pypoetry/virtualenvs/cpdbv2-backend-VA82Wl8V-py3.7/lib/python3.7/site-packages/elasticsearch/connection/http_urllib3.py", line 115, in perform_request
    response = self.pool.urlopen(method, url, body, retries=False, headers=self.headers, **kw)
  File "/root/.cache/pypoetry/virtualenvs/cpdbv2-backend-VA82Wl8V-py3.7/lib/python3.7/site-packages/urllib3/connectionpool.py", line 727, in urlopen
    method, url, error=e, _pool=self, _stacktrace=sys.exc_info()[2]
  File "/root/.cache/pypoetry/virtualenvs/cpdbv2-backend-VA82Wl8V-py3.7/lib/python3.7/site-packages/urllib3/util/retry.py", line 386, in increment
    raise six.reraise(type(error), error, _stacktrace)
  File "/root/.cache/pypoetry/virtualenvs/cpdbv2-backend-VA82Wl8V-py3.7/lib/python3.7/site-packages/urllib3/packages/six.py", line 735, in reraise
    raise value
  File "/root/.cache/pypoetry/virtualenvs/cpdbv2-backend-VA82Wl8V-py3.7/lib/python3.7/site-packages/urllib3/connectionpool.py", line 677, in urlopen
    chunked=chunked,
  File "/root/.cache/pypoetry/virtualenvs/cpdbv2-backend-VA82Wl8V-py3.7/lib/python3.7/site-packages/urllib3/connectionpool.py", line 392, in _make_request
    conn.request(method, url, **httplib_request_kw)
  File "/usr/local/lib/python3.7/http/client.py", line 1281, in request
    self._send_request(method, url, body, headers, encode_chunked)
  File "/usr/local/lib/python3.7/http/client.py", line 1327, in _send_request
    self.endheaders(body, encode_chunked=encode_chunked)
  File "/usr/local/lib/python3.7/http/client.py", line 1276, in endheaders
    self._send_output(message_body, encode_chunked=encode_chunked)
  File "/usr/local/lib/python3.7/http/client.py", line 1036, in _send_output
    self.send(msg)
  File "/usr/local/lib/python3.7/http/client.py", line 976, in send
    self.connect()
  File "/root/.cache/pypoetry/virtualenvs/cpdbv2-backend-VA82Wl8V-py3.7/lib/python3.7/site-packages/urllib3/connection.py", line 187, in connect
    conn = self._new_conn()
  File "/root/.cache/pypoetry/virtualenvs/cpdbv2-backend-VA82Wl8V-py3.7/lib/python3.7/site-packages/urllib3/connection.py", line 172, in _new_conn
    self, "Failed to establish a new connection: %s" % e
urllib3.exceptions.NewConnectionError: <urllib3.connection.HTTPConnection object at 0x7ff06971ad50>: Failed to establish a new connection: [Errno -2] Name or service not known
elasticsearch: DEBUG: > None
--------------------- >> end captured logging << ---------------------

======================================================================
ERROR: test_tweet_not_found (twitterbot.tests.handlers.test_officer_tweet_handler.OfficerTweetHandlerTestCase)
----------------------------------------------------------------------
Traceback (most recent call last):
  File "/usr/src/app/cpdb/twitterbot/tests/handlers/test_officer_tweet_handler.py", line 34, in setUp
    super(OfficerTweetHandlerTestCase, self).setUp()
  File "/usr/src/app/cpdb/twitterbot/tests/mixins.py", line 7, in setUp
    officers_index_alias.write_index.delete(ignore=404)
  File "/root/.cache/pypoetry/virtualenvs/cpdbv2-backend-VA82Wl8V-py3.7/lib/python3.7/site-packages/elasticsearch_dsl/index.py", line 222, in delete
    self.connection.indices.delete(index=self._name, **kwargs)
  File "/root/.cache/pypoetry/virtualenvs/cpdbv2-backend-VA82Wl8V-py3.7/lib/python3.7/site-packages/elasticsearch/client/utils.py", line 73, in _wrapped
    return func(*args, params=params, **kwargs)
  File "/root/.cache/pypoetry/virtualenvs/cpdbv2-backend-VA82Wl8V-py3.7/lib/python3.7/site-packages/elasticsearch/client/indices.py", line 200, in delete
    params=params)
  File "/root/.cache/pypoetry/virtualenvs/cpdbv2-backend-VA82Wl8V-py3.7/lib/python3.7/site-packages/elasticsearch/transport.py", line 312, in perform_request
    status, headers, data = connection.perform_request(method, url, params, body, ignore=ignore, timeout=timeout)
  File "/root/.cache/pypoetry/virtualenvs/cpdbv2-backend-VA82Wl8V-py3.7/lib/python3.7/site-packages/elasticsearch/connection/http_urllib3.py", line 124, in perform_request
    raise ConnectionError('N/A', str(e), e)
elasticsearch.exceptions.ConnectionError: ConnectionError(<urllib3.connection.HTTPConnection object at 0x7ff069714790>: Failed to establish a new connection: [Errno -2] Name or service not known) caused by: NewConnectionError(<urllib3.connection.HTTPConnection object at 0x7ff069714790>: Failed to establish a new connection: [Errno -2] Name or service not known)
-------------------- >> begin captured logging << --------------------
urllib3.util.retry: DEBUG: Converted retries value: False -> Retry(total=False, connect=None, read=None, redirect=0, status=None)
urllib3.connectionpool: DEBUG: Starting new HTTP connection (677): elasticsearch:9200
elasticsearch: WARNING: DELETE http://elasticsearch:9200/test_officers_c97d3965-996f-4fbb-b4a7-1038423423bd [status:N/A request:0.005s]
Traceback (most recent call last):
  File "/root/.cache/pypoetry/virtualenvs/cpdbv2-backend-VA82Wl8V-py3.7/lib/python3.7/site-packages/urllib3/connection.py", line 160, in _new_conn
    (self._dns_host, self.port), self.timeout, **extra_kw
  File "/root/.cache/pypoetry/virtualenvs/cpdbv2-backend-VA82Wl8V-py3.7/lib/python3.7/site-packages/urllib3/util/connection.py", line 61, in create_connection
    for res in socket.getaddrinfo(host, port, family, socket.SOCK_STREAM):
  File "/usr/local/lib/python3.7/socket.py", line 752, in getaddrinfo
    for res in _socket.getaddrinfo(host, port, family, type, proto, flags):
socket.gaierror: [Errno -2] Name or service not known

During handling of the above exception, another exception occurred:

Traceback (most recent call last):
  File "/root/.cache/pypoetry/virtualenvs/cpdbv2-backend-VA82Wl8V-py3.7/lib/python3.7/site-packages/elasticsearch/connection/http_urllib3.py", line 115, in perform_request
    response = self.pool.urlopen(method, url, body, retries=False, headers=self.headers, **kw)
  File "/root/.cache/pypoetry/virtualenvs/cpdbv2-backend-VA82Wl8V-py3.7/lib/python3.7/site-packages/urllib3/connectionpool.py", line 727, in urlopen
    method, url, error=e, _pool=self, _stacktrace=sys.exc_info()[2]
  File "/root/.cache/pypoetry/virtualenvs/cpdbv2-backend-VA82Wl8V-py3.7/lib/python3.7/site-packages/urllib3/util/retry.py", line 386, in increment
    raise six.reraise(type(error), error, _stacktrace)
  File "/root/.cache/pypoetry/virtualenvs/cpdbv2-backend-VA82Wl8V-py3.7/lib/python3.7/site-packages/urllib3/packages/six.py", line 735, in reraise
    raise value
  File "/root/.cache/pypoetry/virtualenvs/cpdbv2-backend-VA82Wl8V-py3.7/lib/python3.7/site-packages/urllib3/connectionpool.py", line 677, in urlopen
    chunked=chunked,
  File "/root/.cache/pypoetry/virtualenvs/cpdbv2-backend-VA82Wl8V-py3.7/lib/python3.7/site-packages/urllib3/connectionpool.py", line 392, in _make_request
    conn.request(method, url, **httplib_request_kw)
  File "/usr/local/lib/python3.7/http/client.py", line 1281, in request
    self._send_request(method, url, body, headers, encode_chunked)
  File "/usr/local/lib/python3.7/http/client.py", line 1327, in _send_request
    self.endheaders(body, encode_chunked=encode_chunked)
  File "/usr/local/lib/python3.7/http/client.py", line 1276, in endheaders
    self._send_output(message_body, encode_chunked=encode_chunked)
  File "/usr/local/lib/python3.7/http/client.py", line 1036, in _send_output
    self.send(msg)
  File "/usr/local/lib/python3.7/http/client.py", line 976, in send
    self.connect()
  File "/root/.cache/pypoetry/virtualenvs/cpdbv2-backend-VA82Wl8V-py3.7/lib/python3.7/site-packages/urllib3/connection.py", line 187, in connect
    conn = self._new_conn()
  File "/root/.cache/pypoetry/virtualenvs/cpdbv2-backend-VA82Wl8V-py3.7/lib/python3.7/site-packages/urllib3/connection.py", line 172, in _new_conn
    self, "Failed to establish a new connection: %s" % e
urllib3.exceptions.NewConnectionError: <urllib3.connection.HTTPConnection object at 0x7ff06971aed0>: Failed to establish a new connection: [Errno -2] Name or service not known
elasticsearch: DEBUG: > None
urllib3.util.retry: DEBUG: Converted retries value: False -> Retry(total=False, connect=None, read=None, redirect=0, status=None)
urllib3.connectionpool: DEBUG: Starting new HTTP connection (678): elasticsearch:9200
elasticsearch: WARNING: DELETE http://elasticsearch:9200/test_officers_c97d3965-996f-4fbb-b4a7-1038423423bd [status:N/A request:0.004s]
Traceback (most recent call last):
  File "/root/.cache/pypoetry/virtualenvs/cpdbv2-backend-VA82Wl8V-py3.7/lib/python3.7/site-packages/urllib3/connection.py", line 160, in _new_conn
    (self._dns_host, self.port), self.timeout, **extra_kw
  File "/root/.cache/pypoetry/virtualenvs/cpdbv2-backend-VA82Wl8V-py3.7/lib/python3.7/site-packages/urllib3/util/connection.py", line 61, in create_connection
    for res in socket.getaddrinfo(host, port, family, socket.SOCK_STREAM):
  File "/usr/local/lib/python3.7/socket.py", line 752, in getaddrinfo
    for res in _socket.getaddrinfo(host, port, family, type, proto, flags):
socket.gaierror: [Errno -2] Name or service not known

During handling of the above exception, another exception occurred:

Traceback (most recent call last):
  File "/root/.cache/pypoetry/virtualenvs/cpdbv2-backend-VA82Wl8V-py3.7/lib/python3.7/site-packages/elasticsearch/connection/http_urllib3.py", line 115, in perform_request
    response = self.pool.urlopen(method, url, body, retries=False, headers=self.headers, **kw)
  File "/root/.cache/pypoetry/virtualenvs/cpdbv2-backend-VA82Wl8V-py3.7/lib/python3.7/site-packages/urllib3/connectionpool.py", line 727, in urlopen
    method, url, error=e, _pool=self, _stacktrace=sys.exc_info()[2]
  File "/root/.cache/pypoetry/virtualenvs/cpdbv2-backend-VA82Wl8V-py3.7/lib/python3.7/site-packages/urllib3/util/retry.py", line 386, in increment
    raise six.reraise(type(error), error, _stacktrace)
  File "/root/.cache/pypoetry/virtualenvs/cpdbv2-backend-VA82Wl8V-py3.7/lib/python3.7/site-packages/urllib3/packages/six.py", line 735, in reraise
    raise value
  File "/root/.cache/pypoetry/virtualenvs/cpdbv2-backend-VA82Wl8V-py3.7/lib/python3.7/site-packages/urllib3/connectionpool.py", line 677, in urlopen
    chunked=chunked,
  File "/root/.cache/pypoetry/virtualenvs/cpdbv2-backend-VA82Wl8V-py3.7/lib/python3.7/site-packages/urllib3/connectionpool.py", line 392, in _make_request
    conn.request(method, url, **httplib_request_kw)
  File "/usr/local/lib/python3.7/http/client.py", line 1281, in request
    self._send_request(method, url, body, headers, encode_chunked)
  File "/usr/local/lib/python3.7/http/client.py", line 1327, in _send_request
    self.endheaders(body, encode_chunked=encode_chunked)
  File "/usr/local/lib/python3.7/http/client.py", line 1276, in endheaders
    self._send_output(message_body, encode_chunked=encode_chunked)
  File "/usr/local/lib/python3.7/http/client.py", line 1036, in _send_output
    self.send(msg)
  File "/usr/local/lib/python3.7/http/client.py", line 976, in send
    self.connect()
  File "/root/.cache/pypoetry/virtualenvs/cpdbv2-backend-VA82Wl8V-py3.7/lib/python3.7/site-packages/urllib3/connection.py", line 187, in connect
    conn = self._new_conn()
  File "/root/.cache/pypoetry/virtualenvs/cpdbv2-backend-VA82Wl8V-py3.7/lib/python3.7/site-packages/urllib3/connection.py", line 172, in _new_conn
    self, "Failed to establish a new connection: %s" % e
urllib3.exceptions.NewConnectionError: <urllib3.connection.HTTPConnection object at 0x7ff069281810>: Failed to establish a new connection: [Errno -2] Name or service not known
elasticsearch: DEBUG: > None
urllib3.util.retry: DEBUG: Converted retries value: False -> Retry(total=False, connect=None, read=None, redirect=0, status=None)
urllib3.connectionpool: DEBUG: Starting new HTTP connection (679): elasticsearch:9200
elasticsearch: WARNING: DELETE http://elasticsearch:9200/test_officers_c97d3965-996f-4fbb-b4a7-1038423423bd [status:N/A request:0.004s]
Traceback (most recent call last):
  File "/root/.cache/pypoetry/virtualenvs/cpdbv2-backend-VA82Wl8V-py3.7/lib/python3.7/site-packages/urllib3/connection.py", line 160, in _new_conn
    (self._dns_host, self.port), self.timeout, **extra_kw
  File "/root/.cache/pypoetry/virtualenvs/cpdbv2-backend-VA82Wl8V-py3.7/lib/python3.7/site-packages/urllib3/util/connection.py", line 61, in create_connection
    for res in socket.getaddrinfo(host, port, family, socket.SOCK_STREAM):
  File "/usr/local/lib/python3.7/socket.py", line 752, in getaddrinfo
    for res in _socket.getaddrinfo(host, port, family, type, proto, flags):
socket.gaierror: [Errno -2] Name or service not known

During handling of the above exception, another exception occurred:

Traceback (most recent call last):
  File "/root/.cache/pypoetry/virtualenvs/cpdbv2-backend-VA82Wl8V-py3.7/lib/python3.7/site-packages/elasticsearch/connection/http_urllib3.py", line 115, in perform_request
    response = self.pool.urlopen(method, url, body, retries=False, headers=self.headers, **kw)
  File "/root/.cache/pypoetry/virtualenvs/cpdbv2-backend-VA82Wl8V-py3.7/lib/python3.7/site-packages/urllib3/connectionpool.py", line 727, in urlopen
    method, url, error=e, _pool=self, _stacktrace=sys.exc_info()[2]
  File "/root/.cache/pypoetry/virtualenvs/cpdbv2-backend-VA82Wl8V-py3.7/lib/python3.7/site-packages/urllib3/util/retry.py", line 386, in increment
    raise six.reraise(type(error), error, _stacktrace)
  File "/root/.cache/pypoetry/virtualenvs/cpdbv2-backend-VA82Wl8V-py3.7/lib/python3.7/site-packages/urllib3/packages/six.py", line 735, in reraise
    raise value
  File "/root/.cache/pypoetry/virtualenvs/cpdbv2-backend-VA82Wl8V-py3.7/lib/python3.7/site-packages/urllib3/connectionpool.py", line 677, in urlopen
    chunked=chunked,
  File "/root/.cache/pypoetry/virtualenvs/cpdbv2-backend-VA82Wl8V-py3.7/lib/python3.7/site-packages/urllib3/connectionpool.py", line 392, in _make_request
    conn.request(method, url, **httplib_request_kw)
  File "/usr/local/lib/python3.7/http/client.py", line 1281, in request
    self._send_request(method, url, body, headers, encode_chunked)
  File "/usr/local/lib/python3.7/http/client.py", line 1327, in _send_request
    self.endheaders(body, encode_chunked=encode_chunked)
  File "/usr/local/lib/python3.7/http/client.py", line 1276, in endheaders
    self._send_output(message_body, encode_chunked=encode_chunked)
  File "/usr/local/lib/python3.7/http/client.py", line 1036, in _send_output
    self.send(msg)
  File "/usr/local/lib/python3.7/http/client.py", line 976, in send
    self.connect()
  File "/root/.cache/pypoetry/virtualenvs/cpdbv2-backend-VA82Wl8V-py3.7/lib/python3.7/site-packages/urllib3/connection.py", line 187, in connect
    conn = self._new_conn()
  File "/root/.cache/pypoetry/virtualenvs/cpdbv2-backend-VA82Wl8V-py3.7/lib/python3.7/site-packages/urllib3/connection.py", line 172, in _new_conn
    self, "Failed to establish a new connection: %s" % e
urllib3.exceptions.NewConnectionError: <urllib3.connection.HTTPConnection object at 0x7ff069714e90>: Failed to establish a new connection: [Errno -2] Name or service not known
elasticsearch: DEBUG: > None
urllib3.util.retry: DEBUG: Converted retries value: False -> Retry(total=False, connect=None, read=None, redirect=0, status=None)
urllib3.connectionpool: DEBUG: Starting new HTTP connection (680): elasticsearch:9200
elasticsearch: WARNING: DELETE http://elasticsearch:9200/test_officers_c97d3965-996f-4fbb-b4a7-1038423423bd [status:N/A request:0.004s]
Traceback (most recent call last):
  File "/root/.cache/pypoetry/virtualenvs/cpdbv2-backend-VA82Wl8V-py3.7/lib/python3.7/site-packages/urllib3/connection.py", line 160, in _new_conn
    (self._dns_host, self.port), self.timeout, **extra_kw
  File "/root/.cache/pypoetry/virtualenvs/cpdbv2-backend-VA82Wl8V-py3.7/lib/python3.7/site-packages/urllib3/util/connection.py", line 61, in create_connection
    for res in socket.getaddrinfo(host, port, family, socket.SOCK_STREAM):
  File "/usr/local/lib/python3.7/socket.py", line 752, in getaddrinfo
    for res in _socket.getaddrinfo(host, port, family, type, proto, flags):
socket.gaierror: [Errno -2] Name or service not known

During handling of the above exception, another exception occurred:

Traceback (most recent call last):
  File "/root/.cache/pypoetry/virtualenvs/cpdbv2-backend-VA82Wl8V-py3.7/lib/python3.7/site-packages/elasticsearch/connection/http_urllib3.py", line 115, in perform_request
    response = self.pool.urlopen(method, url, body, retries=False, headers=self.headers, **kw)
  File "/root/.cache/pypoetry/virtualenvs/cpdbv2-backend-VA82Wl8V-py3.7/lib/python3.7/site-packages/urllib3/connectionpool.py", line 727, in urlopen
    method, url, error=e, _pool=self, _stacktrace=sys.exc_info()[2]
  File "/root/.cache/pypoetry/virtualenvs/cpdbv2-backend-VA82Wl8V-py3.7/lib/python3.7/site-packages/urllib3/util/retry.py", line 386, in increment
    raise six.reraise(type(error), error, _stacktrace)
  File "/root/.cache/pypoetry/virtualenvs/cpdbv2-backend-VA82Wl8V-py3.7/lib/python3.7/site-packages/urllib3/packages/six.py", line 735, in reraise
    raise value
  File "/root/.cache/pypoetry/virtualenvs/cpdbv2-backend-VA82Wl8V-py3.7/lib/python3.7/site-packages/urllib3/connectionpool.py", line 677, in urlopen
    chunked=chunked,
  File "/root/.cache/pypoetry/virtualenvs/cpdbv2-backend-VA82Wl8V-py3.7/lib/python3.7/site-packages/urllib3/connectionpool.py", line 392, in _make_request
    conn.request(method, url, **httplib_request_kw)
  File "/usr/local/lib/python3.7/http/client.py", line 1281, in request
    self._send_request(method, url, body, headers, encode_chunked)
  File "/usr/local/lib/python3.7/http/client.py", line 1327, in _send_request
    self.endheaders(body, encode_chunked=encode_chunked)
  File "/usr/local/lib/python3.7/http/client.py", line 1276, in endheaders
    self._send_output(message_body, encode_chunked=encode_chunked)
  File "/usr/local/lib/python3.7/http/client.py", line 1036, in _send_output
    self.send(msg)
  File "/usr/local/lib/python3.7/http/client.py", line 976, in send
    self.connect()
  File "/root/.cache/pypoetry/virtualenvs/cpdbv2-backend-VA82Wl8V-py3.7/lib/python3.7/site-packages/urllib3/connection.py", line 187, in connect
    conn = self._new_conn()
  File "/root/.cache/pypoetry/virtualenvs/cpdbv2-backend-VA82Wl8V-py3.7/lib/python3.7/site-packages/urllib3/connection.py", line 172, in _new_conn
    self, "Failed to establish a new connection: %s" % e
urllib3.exceptions.NewConnectionError: <urllib3.connection.HTTPConnection object at 0x7ff069714790>: Failed to establish a new connection: [Errno -2] Name or service not known
elasticsearch: DEBUG: > None
--------------------- >> end captured logging << ---------------------

======================================================================
ERROR: test_tweet_not_mentioning_twitterbot (twitterbot.tests.handlers.test_officer_tweet_handler.OfficerTweetHandlerTestCase)
----------------------------------------------------------------------
Traceback (most recent call last):
  File "/usr/src/app/cpdb/twitterbot/tests/handlers/test_officer_tweet_handler.py", line 34, in setUp
    super(OfficerTweetHandlerTestCase, self).setUp()
  File "/usr/src/app/cpdb/twitterbot/tests/mixins.py", line 7, in setUp
    officers_index_alias.write_index.delete(ignore=404)
  File "/root/.cache/pypoetry/virtualenvs/cpdbv2-backend-VA82Wl8V-py3.7/lib/python3.7/site-packages/elasticsearch_dsl/index.py", line 222, in delete
    self.connection.indices.delete(index=self._name, **kwargs)
  File "/root/.cache/pypoetry/virtualenvs/cpdbv2-backend-VA82Wl8V-py3.7/lib/python3.7/site-packages/elasticsearch/client/utils.py", line 73, in _wrapped
    return func(*args, params=params, **kwargs)
  File "/root/.cache/pypoetry/virtualenvs/cpdbv2-backend-VA82Wl8V-py3.7/lib/python3.7/site-packages/elasticsearch/client/indices.py", line 200, in delete
    params=params)
  File "/root/.cache/pypoetry/virtualenvs/cpdbv2-backend-VA82Wl8V-py3.7/lib/python3.7/site-packages/elasticsearch/transport.py", line 312, in perform_request
    status, headers, data = connection.perform_request(method, url, params, body, ignore=ignore, timeout=timeout)
  File "/root/.cache/pypoetry/virtualenvs/cpdbv2-backend-VA82Wl8V-py3.7/lib/python3.7/site-packages/elasticsearch/connection/http_urllib3.py", line 124, in perform_request
    raise ConnectionError('N/A', str(e), e)
elasticsearch.exceptions.ConnectionError: ConnectionError(<urllib3.connection.HTTPConnection object at 0x7ff069714ad0>: Failed to establish a new connection: [Errno -2] Name or service not known) caused by: NewConnectionError(<urllib3.connection.HTTPConnection object at 0x7ff069714ad0>: Failed to establish a new connection: [Errno -2] Name or service not known)
-------------------- >> begin captured logging << --------------------
urllib3.util.retry: DEBUG: Converted retries value: False -> Retry(total=False, connect=None, read=None, redirect=0, status=None)
urllib3.connectionpool: DEBUG: Starting new HTTP connection (681): elasticsearch:9200
elasticsearch: WARNING: DELETE http://elasticsearch:9200/test_officers_c97d3965-996f-4fbb-b4a7-1038423423bd [status:N/A request:0.004s]
Traceback (most recent call last):
  File "/root/.cache/pypoetry/virtualenvs/cpdbv2-backend-VA82Wl8V-py3.7/lib/python3.7/site-packages/urllib3/connection.py", line 160, in _new_conn
    (self._dns_host, self.port), self.timeout, **extra_kw
  File "/root/.cache/pypoetry/virtualenvs/cpdbv2-backend-VA82Wl8V-py3.7/lib/python3.7/site-packages/urllib3/util/connection.py", line 61, in create_connection
    for res in socket.getaddrinfo(host, port, family, socket.SOCK_STREAM):
  File "/usr/local/lib/python3.7/socket.py", line 752, in getaddrinfo
    for res in _socket.getaddrinfo(host, port, family, type, proto, flags):
socket.gaierror: [Errno -2] Name or service not known

During handling of the above exception, another exception occurred:

Traceback (most recent call last):
  File "/root/.cache/pypoetry/virtualenvs/cpdbv2-backend-VA82Wl8V-py3.7/lib/python3.7/site-packages/elasticsearch/connection/http_urllib3.py", line 115, in perform_request
    response = self.pool.urlopen(method, url, body, retries=False, headers=self.headers, **kw)
  File "/root/.cache/pypoetry/virtualenvs/cpdbv2-backend-VA82Wl8V-py3.7/lib/python3.7/site-packages/urllib3/connectionpool.py", line 727, in urlopen
    method, url, error=e, _pool=self, _stacktrace=sys.exc_info()[2]
  File "/root/.cache/pypoetry/virtualenvs/cpdbv2-backend-VA82Wl8V-py3.7/lib/python3.7/site-packages/urllib3/util/retry.py", line 386, in increment
    raise six.reraise(type(error), error, _stacktrace)
  File "/root/.cache/pypoetry/virtualenvs/cpdbv2-backend-VA82Wl8V-py3.7/lib/python3.7/site-packages/urllib3/packages/six.py", line 735, in reraise
    raise value
  File "/root/.cache/pypoetry/virtualenvs/cpdbv2-backend-VA82Wl8V-py3.7/lib/python3.7/site-packages/urllib3/connectionpool.py", line 677, in urlopen
    chunked=chunked,
  File "/root/.cache/pypoetry/virtualenvs/cpdbv2-backend-VA82Wl8V-py3.7/lib/python3.7/site-packages/urllib3/connectionpool.py", line 392, in _make_request
    conn.request(method, url, **httplib_request_kw)
  File "/usr/local/lib/python3.7/http/client.py", line 1281, in request
    self._send_request(method, url, body, headers, encode_chunked)
  File "/usr/local/lib/python3.7/http/client.py", line 1327, in _send_request
    self.endheaders(body, encode_chunked=encode_chunked)
  File "/usr/local/lib/python3.7/http/client.py", line 1276, in endheaders
    self._send_output(message_body, encode_chunked=encode_chunked)
  File "/usr/local/lib/python3.7/http/client.py", line 1036, in _send_output
    self.send(msg)
  File "/usr/local/lib/python3.7/http/client.py", line 976, in send
    self.connect()
  File "/root/.cache/pypoetry/virtualenvs/cpdbv2-backend-VA82Wl8V-py3.7/lib/python3.7/site-packages/urllib3/connection.py", line 187, in connect
    conn = self._new_conn()
  File "/root/.cache/pypoetry/virtualenvs/cpdbv2-backend-VA82Wl8V-py3.7/lib/python3.7/site-packages/urllib3/connection.py", line 172, in _new_conn
    self, "Failed to establish a new connection: %s" % e
urllib3.exceptions.NewConnectionError: <urllib3.connection.HTTPConnection object at 0x7ff0697149d0>: Failed to establish a new connection: [Errno -2] Name or service not known
elasticsearch: DEBUG: > None
urllib3.util.retry: DEBUG: Converted retries value: False -> Retry(total=False, connect=None, read=None, redirect=0, status=None)
urllib3.connectionpool: DEBUG: Starting new HTTP connection (682): elasticsearch:9200
elasticsearch: WARNING: DELETE http://elasticsearch:9200/test_officers_c97d3965-996f-4fbb-b4a7-1038423423bd [status:N/A request:0.004s]
Traceback (most recent call last):
  File "/root/.cache/pypoetry/virtualenvs/cpdbv2-backend-VA82Wl8V-py3.7/lib/python3.7/site-packages/urllib3/connection.py", line 160, in _new_conn
    (self._dns_host, self.port), self.timeout, **extra_kw
  File "/root/.cache/pypoetry/virtualenvs/cpdbv2-backend-VA82Wl8V-py3.7/lib/python3.7/site-packages/urllib3/util/connection.py", line 61, in create_connection
    for res in socket.getaddrinfo(host, port, family, socket.SOCK_STREAM):
  File "/usr/local/lib/python3.7/socket.py", line 752, in getaddrinfo
    for res in _socket.getaddrinfo(host, port, family, type, proto, flags):
socket.gaierror: [Errno -2] Name or service not known

During handling of the above exception, another exception occurred:

Traceback (most recent call last):
  File "/root/.cache/pypoetry/virtualenvs/cpdbv2-backend-VA82Wl8V-py3.7/lib/python3.7/site-packages/elasticsearch/connection/http_urllib3.py", line 115, in perform_request
    response = self.pool.urlopen(method, url, body, retries=False, headers=self.headers, **kw)
  File "/root/.cache/pypoetry/virtualenvs/cpdbv2-backend-VA82Wl8V-py3.7/lib/python3.7/site-packages/urllib3/connectionpool.py", line 727, in urlopen
    method, url, error=e, _pool=self, _stacktrace=sys.exc_info()[2]
  File "/root/.cache/pypoetry/virtualenvs/cpdbv2-backend-VA82Wl8V-py3.7/lib/python3.7/site-packages/urllib3/util/retry.py", line 386, in increment
    raise six.reraise(type(error), error, _stacktrace)
  File "/root/.cache/pypoetry/virtualenvs/cpdbv2-backend-VA82Wl8V-py3.7/lib/python3.7/site-packages/urllib3/packages/six.py", line 735, in reraise
    raise value
  File "/root/.cache/pypoetry/virtualenvs/cpdbv2-backend-VA82Wl8V-py3.7/lib/python3.7/site-packages/urllib3/connectionpool.py", line 677, in urlopen
    chunked=chunked,
  File "/root/.cache/pypoetry/virtualenvs/cpdbv2-backend-VA82Wl8V-py3.7/lib/python3.7/site-packages/urllib3/connectionpool.py", line 392, in _make_request
    conn.request(method, url, **httplib_request_kw)
  File "/usr/local/lib/python3.7/http/client.py", line 1281, in request
    self._send_request(method, url, body, headers, encode_chunked)
  File "/usr/local/lib/python3.7/http/client.py", line 1327, in _send_request
    self.endheaders(body, encode_chunked=encode_chunked)
  File "/usr/local/lib/python3.7/http/client.py", line 1276, in endheaders
    self._send_output(message_body, encode_chunked=encode_chunked)
  File "/usr/local/lib/python3.7/http/client.py", line 1036, in _send_output
    self.send(msg)
  File "/usr/local/lib/python3.7/http/client.py", line 976, in send
    self.connect()
  File "/root/.cache/pypoetry/virtualenvs/cpdbv2-backend-VA82Wl8V-py3.7/lib/python3.7/site-packages/urllib3/connection.py", line 187, in connect
    conn = self._new_conn()
  File "/root/.cache/pypoetry/virtualenvs/cpdbv2-backend-VA82Wl8V-py3.7/lib/python3.7/site-packages/urllib3/connection.py", line 172, in _new_conn
    self, "Failed to establish a new connection: %s" % e
urllib3.exceptions.NewConnectionError: <urllib3.connection.HTTPConnection object at 0x7ff069714650>: Failed to establish a new connection: [Errno -2] Name or service not known
elasticsearch: DEBUG: > None
urllib3.util.retry: DEBUG: Converted retries value: False -> Retry(total=False, connect=None, read=None, redirect=0, status=None)
urllib3.connectionpool: DEBUG: Starting new HTTP connection (683): elasticsearch:9200
elasticsearch: WARNING: DELETE http://elasticsearch:9200/test_officers_c97d3965-996f-4fbb-b4a7-1038423423bd [status:N/A request:0.004s]
Traceback (most recent call last):
  File "/root/.cache/pypoetry/virtualenvs/cpdbv2-backend-VA82Wl8V-py3.7/lib/python3.7/site-packages/urllib3/connection.py", line 160, in _new_conn
    (self._dns_host, self.port), self.timeout, **extra_kw
  File "/root/.cache/pypoetry/virtualenvs/cpdbv2-backend-VA82Wl8V-py3.7/lib/python3.7/site-packages/urllib3/util/connection.py", line 61, in create_connection
    for res in socket.getaddrinfo(host, port, family, socket.SOCK_STREAM):
  File "/usr/local/lib/python3.7/socket.py", line 752, in getaddrinfo
    for res in _socket.getaddrinfo(host, port, family, type, proto, flags):
socket.gaierror: [Errno -2] Name or service not known

During handling of the above exception, another exception occurred:

Traceback (most recent call last):
  File "/root/.cache/pypoetry/virtualenvs/cpdbv2-backend-VA82Wl8V-py3.7/lib/python3.7/site-packages/elasticsearch/connection/http_urllib3.py", line 115, in perform_request
    response = self.pool.urlopen(method, url, body, retries=False, headers=self.headers, **kw)
  File "/root/.cache/pypoetry/virtualenvs/cpdbv2-backend-VA82Wl8V-py3.7/lib/python3.7/site-packages/urllib3/connectionpool.py", line 727, in urlopen
    method, url, error=e, _pool=self, _stacktrace=sys.exc_info()[2]
  File "/root/.cache/pypoetry/virtualenvs/cpdbv2-backend-VA82Wl8V-py3.7/lib/python3.7/site-packages/urllib3/util/retry.py", line 386, in increment
    raise six.reraise(type(error), error, _stacktrace)
  File "/root/.cache/pypoetry/virtualenvs/cpdbv2-backend-VA82Wl8V-py3.7/lib/python3.7/site-packages/urllib3/packages/six.py", line 735, in reraise
    raise value
  File "/root/.cache/pypoetry/virtualenvs/cpdbv2-backend-VA82Wl8V-py3.7/lib/python3.7/site-packages/urllib3/connectionpool.py", line 677, in urlopen
    chunked=chunked,
  File "/root/.cache/pypoetry/virtualenvs/cpdbv2-backend-VA82Wl8V-py3.7/lib/python3.7/site-packages/urllib3/connectionpool.py", line 392, in _make_request
    conn.request(method, url, **httplib_request_kw)
  File "/usr/local/lib/python3.7/http/client.py", line 1281, in request
    self._send_request(method, url, body, headers, encode_chunked)
  File "/usr/local/lib/python3.7/http/client.py", line 1327, in _send_request
    self.endheaders(body, encode_chunked=encode_chunked)
  File "/usr/local/lib/python3.7/http/client.py", line 1276, in endheaders
    self._send_output(message_body, encode_chunked=encode_chunked)
  File "/usr/local/lib/python3.7/http/client.py", line 1036, in _send_output
    self.send(msg)
  File "/usr/local/lib/python3.7/http/client.py", line 976, in send
    self.connect()
  File "/root/.cache/pypoetry/virtualenvs/cpdbv2-backend-VA82Wl8V-py3.7/lib/python3.7/site-packages/urllib3/connection.py", line 187, in connect
    conn = self._new_conn()
  File "/root/.cache/pypoetry/virtualenvs/cpdbv2-backend-VA82Wl8V-py3.7/lib/python3.7/site-packages/urllib3/connection.py", line 172, in _new_conn
    self, "Failed to establish a new connection: %s" % e
urllib3.exceptions.NewConnectionError: <urllib3.connection.HTTPConnection object at 0x7ff069714850>: Failed to establish a new connection: [Errno -2] Name or service not known
elasticsearch: DEBUG: > None
urllib3.util.retry: DEBUG: Converted retries value: False -> Retry(total=False, connect=None, read=None, redirect=0, status=None)
urllib3.connectionpool: DEBUG: Starting new HTTP connection (684): elasticsearch:9200
elasticsearch: WARNING: DELETE http://elasticsearch:9200/test_officers_c97d3965-996f-4fbb-b4a7-1038423423bd [status:N/A request:0.005s]
Traceback (most recent call last):
  File "/root/.cache/pypoetry/virtualenvs/cpdbv2-backend-VA82Wl8V-py3.7/lib/python3.7/site-packages/urllib3/connection.py", line 160, in _new_conn
    (self._dns_host, self.port), self.timeout, **extra_kw
  File "/root/.cache/pypoetry/virtualenvs/cpdbv2-backend-VA82Wl8V-py3.7/lib/python3.7/site-packages/urllib3/util/connection.py", line 61, in create_connection
    for res in socket.getaddrinfo(host, port, family, socket.SOCK_STREAM):
  File "/usr/local/lib/python3.7/socket.py", line 752, in getaddrinfo
    for res in _socket.getaddrinfo(host, port, family, type, proto, flags):
socket.gaierror: [Errno -2] Name or service not known

During handling of the above exception, another exception occurred:

Traceback (most recent call last):
  File "/root/.cache/pypoetry/virtualenvs/cpdbv2-backend-VA82Wl8V-py3.7/lib/python3.7/site-packages/elasticsearch/connection/http_urllib3.py", line 115, in perform_request
    response = self.pool.urlopen(method, url, body, retries=False, headers=self.headers, **kw)
  File "/root/.cache/pypoetry/virtualenvs/cpdbv2-backend-VA82Wl8V-py3.7/lib/python3.7/site-packages/urllib3/connectionpool.py", line 727, in urlopen
    method, url, error=e, _pool=self, _stacktrace=sys.exc_info()[2]
  File "/root/.cache/pypoetry/virtualenvs/cpdbv2-backend-VA82Wl8V-py3.7/lib/python3.7/site-packages/urllib3/util/retry.py", line 386, in increment
    raise six.reraise(type(error), error, _stacktrace)
  File "/root/.cache/pypoetry/virtualenvs/cpdbv2-backend-VA82Wl8V-py3.7/lib/python3.7/site-packages/urllib3/packages/six.py", line 735, in reraise
    raise value
  File "/root/.cache/pypoetry/virtualenvs/cpdbv2-backend-VA82Wl8V-py3.7/lib/python3.7/site-packages/urllib3/connectionpool.py", line 677, in urlopen
    chunked=chunked,
  File "/root/.cache/pypoetry/virtualenvs/cpdbv2-backend-VA82Wl8V-py3.7/lib/python3.7/site-packages/urllib3/connectionpool.py", line 392, in _make_request
    conn.request(method, url, **httplib_request_kw)
  File "/usr/local/lib/python3.7/http/client.py", line 1281, in request
    self._send_request(method, url, body, headers, encode_chunked)
  File "/usr/local/lib/python3.7/http/client.py", line 1327, in _send_request
    self.endheaders(body, encode_chunked=encode_chunked)
  File "/usr/local/lib/python3.7/http/client.py", line 1276, in endheaders
    self._send_output(message_body, encode_chunked=encode_chunked)
  File "/usr/local/lib/python3.7/http/client.py", line 1036, in _send_output
    self.send(msg)
  File "/usr/local/lib/python3.7/http/client.py", line 976, in send
    self.connect()
  File "/root/.cache/pypoetry/virtualenvs/cpdbv2-backend-VA82Wl8V-py3.7/lib/python3.7/site-packages/urllib3/connection.py", line 187, in connect
    conn = self._new_conn()
  File "/root/.cache/pypoetry/virtualenvs/cpdbv2-backend-VA82Wl8V-py3.7/lib/python3.7/site-packages/urllib3/connection.py", line 172, in _new_conn
    self, "Failed to establish a new connection: %s" % e
urllib3.exceptions.NewConnectionError: <urllib3.connection.HTTPConnection object at 0x7ff069714ad0>: Failed to establish a new connection: [Errno -2] Name or service not known
elasticsearch: DEBUG: > None
--------------------- >> end captured logging << ---------------------

======================================================================
ERROR: test_tweet_officer_in_quoted_tweet (twitterbot.tests.handlers.test_officer_tweet_handler.OfficerTweetHandlerTestCase)
----------------------------------------------------------------------
Traceback (most recent call last):
  File "/usr/src/app/cpdb/twitterbot/tests/handlers/test_officer_tweet_handler.py", line 34, in setUp
    super(OfficerTweetHandlerTestCase, self).setUp()
  File "/usr/src/app/cpdb/twitterbot/tests/mixins.py", line 7, in setUp
    officers_index_alias.write_index.delete(ignore=404)
  File "/root/.cache/pypoetry/virtualenvs/cpdbv2-backend-VA82Wl8V-py3.7/lib/python3.7/site-packages/elasticsearch_dsl/index.py", line 222, in delete
    self.connection.indices.delete(index=self._name, **kwargs)
  File "/root/.cache/pypoetry/virtualenvs/cpdbv2-backend-VA82Wl8V-py3.7/lib/python3.7/site-packages/elasticsearch/client/utils.py", line 73, in _wrapped
    return func(*args, params=params, **kwargs)
  File "/root/.cache/pypoetry/virtualenvs/cpdbv2-backend-VA82Wl8V-py3.7/lib/python3.7/site-packages/elasticsearch/client/indices.py", line 200, in delete
    params=params)
  File "/root/.cache/pypoetry/virtualenvs/cpdbv2-backend-VA82Wl8V-py3.7/lib/python3.7/site-packages/elasticsearch/transport.py", line 312, in perform_request
    status, headers, data = connection.perform_request(method, url, params, body, ignore=ignore, timeout=timeout)
  File "/root/.cache/pypoetry/virtualenvs/cpdbv2-backend-VA82Wl8V-py3.7/lib/python3.7/site-packages/elasticsearch/connection/http_urllib3.py", line 124, in perform_request
    raise ConnectionError('N/A', str(e), e)
elasticsearch.exceptions.ConnectionError: ConnectionError(<urllib3.connection.HTTPConnection object at 0x7ff069281790>: Failed to establish a new connection: [Errno -2] Name or service not known) caused by: NewConnectionError(<urllib3.connection.HTTPConnection object at 0x7ff069281790>: Failed to establish a new connection: [Errno -2] Name or service not known)
-------------------- >> begin captured logging << --------------------
urllib3.util.retry: DEBUG: Converted retries value: False -> Retry(total=False, connect=None, read=None, redirect=0, status=None)
urllib3.connectionpool: DEBUG: Starting new HTTP connection (685): elasticsearch:9200
elasticsearch: WARNING: DELETE http://elasticsearch:9200/test_officers_c97d3965-996f-4fbb-b4a7-1038423423bd [status:N/A request:0.004s]
Traceback (most recent call last):
  File "/root/.cache/pypoetry/virtualenvs/cpdbv2-backend-VA82Wl8V-py3.7/lib/python3.7/site-packages/urllib3/connection.py", line 160, in _new_conn
    (self._dns_host, self.port), self.timeout, **extra_kw
  File "/root/.cache/pypoetry/virtualenvs/cpdbv2-backend-VA82Wl8V-py3.7/lib/python3.7/site-packages/urllib3/util/connection.py", line 61, in create_connection
    for res in socket.getaddrinfo(host, port, family, socket.SOCK_STREAM):
  File "/usr/local/lib/python3.7/socket.py", line 752, in getaddrinfo
    for res in _socket.getaddrinfo(host, port, family, type, proto, flags):
socket.gaierror: [Errno -2] Name or service not known

During handling of the above exception, another exception occurred:

Traceback (most recent call last):
  File "/root/.cache/pypoetry/virtualenvs/cpdbv2-backend-VA82Wl8V-py3.7/lib/python3.7/site-packages/elasticsearch/connection/http_urllib3.py", line 115, in perform_request
    response = self.pool.urlopen(method, url, body, retries=False, headers=self.headers, **kw)
  File "/root/.cache/pypoetry/virtualenvs/cpdbv2-backend-VA82Wl8V-py3.7/lib/python3.7/site-packages/urllib3/connectionpool.py", line 727, in urlopen
    method, url, error=e, _pool=self, _stacktrace=sys.exc_info()[2]
  File "/root/.cache/pypoetry/virtualenvs/cpdbv2-backend-VA82Wl8V-py3.7/lib/python3.7/site-packages/urllib3/util/retry.py", line 386, in increment
    raise six.reraise(type(error), error, _stacktrace)
  File "/root/.cache/pypoetry/virtualenvs/cpdbv2-backend-VA82Wl8V-py3.7/lib/python3.7/site-packages/urllib3/packages/six.py", line 735, in reraise
    raise value
  File "/root/.cache/pypoetry/virtualenvs/cpdbv2-backend-VA82Wl8V-py3.7/lib/python3.7/site-packages/urllib3/connectionpool.py", line 677, in urlopen
    chunked=chunked,
  File "/root/.cache/pypoetry/virtualenvs/cpdbv2-backend-VA82Wl8V-py3.7/lib/python3.7/site-packages/urllib3/connectionpool.py", line 392, in _make_request
    conn.request(method, url, **httplib_request_kw)
  File "/usr/local/lib/python3.7/http/client.py", line 1281, in request
    self._send_request(method, url, body, headers, encode_chunked)
  File "/usr/local/lib/python3.7/http/client.py", line 1327, in _send_request
    self.endheaders(body, encode_chunked=encode_chunked)
  File "/usr/local/lib/python3.7/http/client.py", line 1276, in endheaders
    self._send_output(message_body, encode_chunked=encode_chunked)
  File "/usr/local/lib/python3.7/http/client.py", line 1036, in _send_output
    self.send(msg)
  File "/usr/local/lib/python3.7/http/client.py", line 976, in send
    self.connect()
  File "/root/.cache/pypoetry/virtualenvs/cpdbv2-backend-VA82Wl8V-py3.7/lib/python3.7/site-packages/urllib3/connection.py", line 187, in connect
    conn = self._new_conn()
  File "/root/.cache/pypoetry/virtualenvs/cpdbv2-backend-VA82Wl8V-py3.7/lib/python3.7/site-packages/urllib3/connection.py", line 172, in _new_conn
    self, "Failed to establish a new connection: %s" % e
urllib3.exceptions.NewConnectionError: <urllib3.connection.HTTPConnection object at 0x7ff069714650>: Failed to establish a new connection: [Errno -2] Name or service not known
elasticsearch: DEBUG: > None
urllib3.util.retry: DEBUG: Converted retries value: False -> Retry(total=False, connect=None, read=None, redirect=0, status=None)
urllib3.connectionpool: DEBUG: Starting new HTTP connection (686): elasticsearch:9200
elasticsearch: WARNING: DELETE http://elasticsearch:9200/test_officers_c97d3965-996f-4fbb-b4a7-1038423423bd [status:N/A request:0.004s]
Traceback (most recent call last):
  File "/root/.cache/pypoetry/virtualenvs/cpdbv2-backend-VA82Wl8V-py3.7/lib/python3.7/site-packages/urllib3/connection.py", line 160, in _new_conn
    (self._dns_host, self.port), self.timeout, **extra_kw
  File "/root/.cache/pypoetry/virtualenvs/cpdbv2-backend-VA82Wl8V-py3.7/lib/python3.7/site-packages/urllib3/util/connection.py", line 61, in create_connection
    for res in socket.getaddrinfo(host, port, family, socket.SOCK_STREAM):
  File "/usr/local/lib/python3.7/socket.py", line 752, in getaddrinfo
    for res in _socket.getaddrinfo(host, port, family, type, proto, flags):
socket.gaierror: [Errno -2] Name or service not known

During handling of the above exception, another exception occurred:

Traceback (most recent call last):
  File "/root/.cache/pypoetry/virtualenvs/cpdbv2-backend-VA82Wl8V-py3.7/lib/python3.7/site-packages/elasticsearch/connection/http_urllib3.py", line 115, in perform_request
    response = self.pool.urlopen(method, url, body, retries=False, headers=self.headers, **kw)
  File "/root/.cache/pypoetry/virtualenvs/cpdbv2-backend-VA82Wl8V-py3.7/lib/python3.7/site-packages/urllib3/connectionpool.py", line 727, in urlopen
    method, url, error=e, _pool=self, _stacktrace=sys.exc_info()[2]
  File "/root/.cache/pypoetry/virtualenvs/cpdbv2-backend-VA82Wl8V-py3.7/lib/python3.7/site-packages/urllib3/util/retry.py", line 386, in increment
    raise six.reraise(type(error), error, _stacktrace)
  File "/root/.cache/pypoetry/virtualenvs/cpdbv2-backend-VA82Wl8V-py3.7/lib/python3.7/site-packages/urllib3/packages/six.py", line 735, in reraise
    raise value
  File "/root/.cache/pypoetry/virtualenvs/cpdbv2-backend-VA82Wl8V-py3.7/lib/python3.7/site-packages/urllib3/connectionpool.py", line 677, in urlopen
    chunked=chunked,
  File "/root/.cache/pypoetry/virtualenvs/cpdbv2-backend-VA82Wl8V-py3.7/lib/python3.7/site-packages/urllib3/connectionpool.py", line 392, in _make_request
    conn.request(method, url, **httplib_request_kw)
  File "/usr/local/lib/python3.7/http/client.py", line 1281, in request
    self._send_request(method, url, body, headers, encode_chunked)
  File "/usr/local/lib/python3.7/http/client.py", line 1327, in _send_request
    self.endheaders(body, encode_chunked=encode_chunked)
  File "/usr/local/lib/python3.7/http/client.py", line 1276, in endheaders
    self._send_output(message_body, encode_chunked=encode_chunked)
  File "/usr/local/lib/python3.7/http/client.py", line 1036, in _send_output
    self.send(msg)
  File "/usr/local/lib/python3.7/http/client.py", line 976, in send
    self.connect()
  File "/root/.cache/pypoetry/virtualenvs/cpdbv2-backend-VA82Wl8V-py3.7/lib/python3.7/site-packages/urllib3/connection.py", line 187, in connect
    conn = self._new_conn()
  File "/root/.cache/pypoetry/virtualenvs/cpdbv2-backend-VA82Wl8V-py3.7/lib/python3.7/site-packages/urllib3/connection.py", line 172, in _new_conn
    self, "Failed to establish a new connection: %s" % e
urllib3.exceptions.NewConnectionError: <urllib3.connection.HTTPConnection object at 0x7ff069714310>: Failed to establish a new connection: [Errno -2] Name or service not known
elasticsearch: DEBUG: > None
urllib3.util.retry: DEBUG: Converted retries value: False -> Retry(total=False, connect=None, read=None, redirect=0, status=None)
urllib3.connectionpool: DEBUG: Starting new HTTP connection (687): elasticsearch:9200
elasticsearch: WARNING: DELETE http://elasticsearch:9200/test_officers_c97d3965-996f-4fbb-b4a7-1038423423bd [status:N/A request:0.004s]
Traceback (most recent call last):
  File "/root/.cache/pypoetry/virtualenvs/cpdbv2-backend-VA82Wl8V-py3.7/lib/python3.7/site-packages/urllib3/connection.py", line 160, in _new_conn
    (self._dns_host, self.port), self.timeout, **extra_kw
  File "/root/.cache/pypoetry/virtualenvs/cpdbv2-backend-VA82Wl8V-py3.7/lib/python3.7/site-packages/urllib3/util/connection.py", line 61, in create_connection
    for res in socket.getaddrinfo(host, port, family, socket.SOCK_STREAM):
  File "/usr/local/lib/python3.7/socket.py", line 752, in getaddrinfo
    for res in _socket.getaddrinfo(host, port, family, type, proto, flags):
socket.gaierror: [Errno -2] Name or service not known

During handling of the above exception, another exception occurred:

Traceback (most recent call last):
  File "/root/.cache/pypoetry/virtualenvs/cpdbv2-backend-VA82Wl8V-py3.7/lib/python3.7/site-packages/elasticsearch/connection/http_urllib3.py", line 115, in perform_request
    response = self.pool.urlopen(method, url, body, retries=False, headers=self.headers, **kw)
  File "/root/.cache/pypoetry/virtualenvs/cpdbv2-backend-VA82Wl8V-py3.7/lib/python3.7/site-packages/urllib3/connectionpool.py", line 727, in urlopen
    method, url, error=e, _pool=self, _stacktrace=sys.exc_info()[2]
  File "/root/.cache/pypoetry/virtualenvs/cpdbv2-backend-VA82Wl8V-py3.7/lib/python3.7/site-packages/urllib3/util/retry.py", line 386, in increment
    raise six.reraise(type(error), error, _stacktrace)
  File "/root/.cache/pypoetry/virtualenvs/cpdbv2-backend-VA82Wl8V-py3.7/lib/python3.7/site-packages/urllib3/packages/six.py", line 735, in reraise
    raise value
  File "/root/.cache/pypoetry/virtualenvs/cpdbv2-backend-VA82Wl8V-py3.7/lib/python3.7/site-packages/urllib3/connectionpool.py", line 677, in urlopen
    chunked=chunked,
  File "/root/.cache/pypoetry/virtualenvs/cpdbv2-backend-VA82Wl8V-py3.7/lib/python3.7/site-packages/urllib3/connectionpool.py", line 392, in _make_request
    conn.request(method, url, **httplib_request_kw)
  File "/usr/local/lib/python3.7/http/client.py", line 1281, in request
    self._send_request(method, url, body, headers, encode_chunked)
  File "/usr/local/lib/python3.7/http/client.py", line 1327, in _send_request
    self.endheaders(body, encode_chunked=encode_chunked)
  File "/usr/local/lib/python3.7/http/client.py", line 1276, in endheaders
    self._send_output(message_body, encode_chunked=encode_chunked)
  File "/usr/local/lib/python3.7/http/client.py", line 1036, in _send_output
    self.send(msg)
  File "/usr/local/lib/python3.7/http/client.py", line 976, in send
    self.connect()
  File "/root/.cache/pypoetry/virtualenvs/cpdbv2-backend-VA82Wl8V-py3.7/lib/python3.7/site-packages/urllib3/connection.py", line 187, in connect
    conn = self._new_conn()
  File "/root/.cache/pypoetry/virtualenvs/cpdbv2-backend-VA82Wl8V-py3.7/lib/python3.7/site-packages/urllib3/connection.py", line 172, in _new_conn
    self, "Failed to establish a new connection: %s" % e
urllib3.exceptions.NewConnectionError: <urllib3.connection.HTTPConnection object at 0x7ff06918bcd0>: Failed to establish a new connection: [Errno -2] Name or service not known
elasticsearch: DEBUG: > None
urllib3.util.retry: DEBUG: Converted retries value: False -> Retry(total=False, connect=None, read=None, redirect=0, status=None)
urllib3.connectionpool: DEBUG: Starting new HTTP connection (688): elasticsearch:9200
elasticsearch: WARNING: DELETE http://elasticsearch:9200/test_officers_c97d3965-996f-4fbb-b4a7-1038423423bd [status:N/A request:0.004s]
Traceback (most recent call last):
  File "/root/.cache/pypoetry/virtualenvs/cpdbv2-backend-VA82Wl8V-py3.7/lib/python3.7/site-packages/urllib3/connection.py", line 160, in _new_conn
    (self._dns_host, self.port), self.timeout, **extra_kw
  File "/root/.cache/pypoetry/virtualenvs/cpdbv2-backend-VA82Wl8V-py3.7/lib/python3.7/site-packages/urllib3/util/connection.py", line 61, in create_connection
    for res in socket.getaddrinfo(host, port, family, socket.SOCK_STREAM):
  File "/usr/local/lib/python3.7/socket.py", line 752, in getaddrinfo
    for res in _socket.getaddrinfo(host, port, family, type, proto, flags):
socket.gaierror: [Errno -2] Name or service not known

During handling of the above exception, another exception occurred:

Traceback (most recent call last):
  File "/root/.cache/pypoetry/virtualenvs/cpdbv2-backend-VA82Wl8V-py3.7/lib/python3.7/site-packages/elasticsearch/connection/http_urllib3.py", line 115, in perform_request
    response = self.pool.urlopen(method, url, body, retries=False, headers=self.headers, **kw)
  File "/root/.cache/pypoetry/virtualenvs/cpdbv2-backend-VA82Wl8V-py3.7/lib/python3.7/site-packages/urllib3/connectionpool.py", line 727, in urlopen
    method, url, error=e, _pool=self, _stacktrace=sys.exc_info()[2]
  File "/root/.cache/pypoetry/virtualenvs/cpdbv2-backend-VA82Wl8V-py3.7/lib/python3.7/site-packages/urllib3/util/retry.py", line 386, in increment
    raise six.reraise(type(error), error, _stacktrace)
  File "/root/.cache/pypoetry/virtualenvs/cpdbv2-backend-VA82Wl8V-py3.7/lib/python3.7/site-packages/urllib3/packages/six.py", line 735, in reraise
    raise value
  File "/root/.cache/pypoetry/virtualenvs/cpdbv2-backend-VA82Wl8V-py3.7/lib/python3.7/site-packages/urllib3/connectionpool.py", line 677, in urlopen
    chunked=chunked,
  File "/root/.cache/pypoetry/virtualenvs/cpdbv2-backend-VA82Wl8V-py3.7/lib/python3.7/site-packages/urllib3/connectionpool.py", line 392, in _make_request
    conn.request(method, url, **httplib_request_kw)
  File "/usr/local/lib/python3.7/http/client.py", line 1281, in request
    self._send_request(method, url, body, headers, encode_chunked)
  File "/usr/local/lib/python3.7/http/client.py", line 1327, in _send_request
    self.endheaders(body, encode_chunked=encode_chunked)
  File "/usr/local/lib/python3.7/http/client.py", line 1276, in endheaders
    self._send_output(message_body, encode_chunked=encode_chunked)
  File "/usr/local/lib/python3.7/http/client.py", line 1036, in _send_output
    self.send(msg)
  File "/usr/local/lib/python3.7/http/client.py", line 976, in send
    self.connect()
  File "/root/.cache/pypoetry/virtualenvs/cpdbv2-backend-VA82Wl8V-py3.7/lib/python3.7/site-packages/urllib3/connection.py", line 187, in connect
    conn = self._new_conn()
  File "/root/.cache/pypoetry/virtualenvs/cpdbv2-backend-VA82Wl8V-py3.7/lib/python3.7/site-packages/urllib3/connection.py", line 172, in _new_conn
    self, "Failed to establish a new connection: %s" % e
urllib3.exceptions.NewConnectionError: <urllib3.connection.HTTPConnection object at 0x7ff069281790>: Failed to establish a new connection: [Errno -2] Name or service not known
elasticsearch: DEBUG: > None
--------------------- >> end captured logging << ---------------------

======================================================================
ERROR: test_tweet_officer_in_replied_tweet (twitterbot.tests.handlers.test_officer_tweet_handler.OfficerTweetHandlerTestCase)
----------------------------------------------------------------------
Traceback (most recent call last):
  File "/usr/src/app/cpdb/twitterbot/tests/handlers/test_officer_tweet_handler.py", line 34, in setUp
    super(OfficerTweetHandlerTestCase, self).setUp()
  File "/usr/src/app/cpdb/twitterbot/tests/mixins.py", line 7, in setUp
    officers_index_alias.write_index.delete(ignore=404)
  File "/root/.cache/pypoetry/virtualenvs/cpdbv2-backend-VA82Wl8V-py3.7/lib/python3.7/site-packages/elasticsearch_dsl/index.py", line 222, in delete
    self.connection.indices.delete(index=self._name, **kwargs)
  File "/root/.cache/pypoetry/virtualenvs/cpdbv2-backend-VA82Wl8V-py3.7/lib/python3.7/site-packages/elasticsearch/client/utils.py", line 73, in _wrapped
    return func(*args, params=params, **kwargs)
  File "/root/.cache/pypoetry/virtualenvs/cpdbv2-backend-VA82Wl8V-py3.7/lib/python3.7/site-packages/elasticsearch/client/indices.py", line 200, in delete
    params=params)
  File "/root/.cache/pypoetry/virtualenvs/cpdbv2-backend-VA82Wl8V-py3.7/lib/python3.7/site-packages/elasticsearch/transport.py", line 312, in perform_request
    status, headers, data = connection.perform_request(method, url, params, body, ignore=ignore, timeout=timeout)
  File "/root/.cache/pypoetry/virtualenvs/cpdbv2-backend-VA82Wl8V-py3.7/lib/python3.7/site-packages/elasticsearch/connection/http_urllib3.py", line 124, in perform_request
    raise ConnectionError('N/A', str(e), e)
elasticsearch.exceptions.ConnectionError: ConnectionError(<urllib3.connection.HTTPConnection object at 0x7ff069724b50>: Failed to establish a new connection: [Errno -2] Name or service not known) caused by: NewConnectionError(<urllib3.connection.HTTPConnection object at 0x7ff069724b50>: Failed to establish a new connection: [Errno -2] Name or service not known)
-------------------- >> begin captured logging << --------------------
urllib3.util.retry: DEBUG: Converted retries value: False -> Retry(total=False, connect=None, read=None, redirect=0, status=None)
urllib3.connectionpool: DEBUG: Starting new HTTP connection (689): elasticsearch:9200
elasticsearch: WARNING: DELETE http://elasticsearch:9200/test_officers_c97d3965-996f-4fbb-b4a7-1038423423bd [status:N/A request:0.004s]
Traceback (most recent call last):
  File "/root/.cache/pypoetry/virtualenvs/cpdbv2-backend-VA82Wl8V-py3.7/lib/python3.7/site-packages/urllib3/connection.py", line 160, in _new_conn
    (self._dns_host, self.port), self.timeout, **extra_kw
  File "/root/.cache/pypoetry/virtualenvs/cpdbv2-backend-VA82Wl8V-py3.7/lib/python3.7/site-packages/urllib3/util/connection.py", line 61, in create_connection
    for res in socket.getaddrinfo(host, port, family, socket.SOCK_STREAM):
  File "/usr/local/lib/python3.7/socket.py", line 752, in getaddrinfo
    for res in _socket.getaddrinfo(host, port, family, type, proto, flags):
socket.gaierror: [Errno -2] Name or service not known

During handling of the above exception, another exception occurred:

Traceback (most recent call last):
  File "/root/.cache/pypoetry/virtualenvs/cpdbv2-backend-VA82Wl8V-py3.7/lib/python3.7/site-packages/elasticsearch/connection/http_urllib3.py", line 115, in perform_request
    response = self.pool.urlopen(method, url, body, retries=False, headers=self.headers, **kw)
  File "/root/.cache/pypoetry/virtualenvs/cpdbv2-backend-VA82Wl8V-py3.7/lib/python3.7/site-packages/urllib3/connectionpool.py", line 727, in urlopen
    method, url, error=e, _pool=self, _stacktrace=sys.exc_info()[2]
  File "/root/.cache/pypoetry/virtualenvs/cpdbv2-backend-VA82Wl8V-py3.7/lib/python3.7/site-packages/urllib3/util/retry.py", line 386, in increment
    raise six.reraise(type(error), error, _stacktrace)
  File "/root/.cache/pypoetry/virtualenvs/cpdbv2-backend-VA82Wl8V-py3.7/lib/python3.7/site-packages/urllib3/packages/six.py", line 735, in reraise
    raise value
  File "/root/.cache/pypoetry/virtualenvs/cpdbv2-backend-VA82Wl8V-py3.7/lib/python3.7/site-packages/urllib3/connectionpool.py", line 677, in urlopen
    chunked=chunked,
  File "/root/.cache/pypoetry/virtualenvs/cpdbv2-backend-VA82Wl8V-py3.7/lib/python3.7/site-packages/urllib3/connectionpool.py", line 392, in _make_request
    conn.request(method, url, **httplib_request_kw)
  File "/usr/local/lib/python3.7/http/client.py", line 1281, in request
    self._send_request(method, url, body, headers, encode_chunked)
  File "/usr/local/lib/python3.7/http/client.py", line 1327, in _send_request
    self.endheaders(body, encode_chunked=encode_chunked)
  File "/usr/local/lib/python3.7/http/client.py", line 1276, in endheaders
    self._send_output(message_body, encode_chunked=encode_chunked)
  File "/usr/local/lib/python3.7/http/client.py", line 1036, in _send_output
    self.send(msg)
  File "/usr/local/lib/python3.7/http/client.py", line 976, in send
    self.connect()
  File "/root/.cache/pypoetry/virtualenvs/cpdbv2-backend-VA82Wl8V-py3.7/lib/python3.7/site-packages/urllib3/connection.py", line 187, in connect
    conn = self._new_conn()
  File "/root/.cache/pypoetry/virtualenvs/cpdbv2-backend-VA82Wl8V-py3.7/lib/python3.7/site-packages/urllib3/connection.py", line 172, in _new_conn
    self, "Failed to establish a new connection: %s" % e
urllib3.exceptions.NewConnectionError: <urllib3.connection.HTTPConnection object at 0x7ff06971a490>: Failed to establish a new connection: [Errno -2] Name or service not known
elasticsearch: DEBUG: > None
urllib3.util.retry: DEBUG: Converted retries value: False -> Retry(total=False, connect=None, read=None, redirect=0, status=None)
urllib3.connectionpool: DEBUG: Starting new HTTP connection (690): elasticsearch:9200
elasticsearch: WARNING: DELETE http://elasticsearch:9200/test_officers_c97d3965-996f-4fbb-b4a7-1038423423bd [status:N/A request:0.004s]
Traceback (most recent call last):
  File "/root/.cache/pypoetry/virtualenvs/cpdbv2-backend-VA82Wl8V-py3.7/lib/python3.7/site-packages/urllib3/connection.py", line 160, in _new_conn
    (self._dns_host, self.port), self.timeout, **extra_kw
  File "/root/.cache/pypoetry/virtualenvs/cpdbv2-backend-VA82Wl8V-py3.7/lib/python3.7/site-packages/urllib3/util/connection.py", line 61, in create_connection
    for res in socket.getaddrinfo(host, port, family, socket.SOCK_STREAM):
  File "/usr/local/lib/python3.7/socket.py", line 752, in getaddrinfo
    for res in _socket.getaddrinfo(host, port, family, type, proto, flags):
socket.gaierror: [Errno -2] Name or service not known

During handling of the above exception, another exception occurred:

Traceback (most recent call last):
  File "/root/.cache/pypoetry/virtualenvs/cpdbv2-backend-VA82Wl8V-py3.7/lib/python3.7/site-packages/elasticsearch/connection/http_urllib3.py", line 115, in perform_request
    response = self.pool.urlopen(method, url, body, retries=False, headers=self.headers, **kw)
  File "/root/.cache/pypoetry/virtualenvs/cpdbv2-backend-VA82Wl8V-py3.7/lib/python3.7/site-packages/urllib3/connectionpool.py", line 727, in urlopen
    method, url, error=e, _pool=self, _stacktrace=sys.exc_info()[2]
  File "/root/.cache/pypoetry/virtualenvs/cpdbv2-backend-VA82Wl8V-py3.7/lib/python3.7/site-packages/urllib3/util/retry.py", line 386, in increment
    raise six.reraise(type(error), error, _stacktrace)
  File "/root/.cache/pypoetry/virtualenvs/cpdbv2-backend-VA82Wl8V-py3.7/lib/python3.7/site-packages/urllib3/packages/six.py", line 735, in reraise
    raise value
  File "/root/.cache/pypoetry/virtualenvs/cpdbv2-backend-VA82Wl8V-py3.7/lib/python3.7/site-packages/urllib3/connectionpool.py", line 677, in urlopen
    chunked=chunked,
  File "/root/.cache/pypoetry/virtualenvs/cpdbv2-backend-VA82Wl8V-py3.7/lib/python3.7/site-packages/urllib3/connectionpool.py", line 392, in _make_request
    conn.request(method, url, **httplib_request_kw)
  File "/usr/local/lib/python3.7/http/client.py", line 1281, in request
    self._send_request(method, url, body, headers, encode_chunked)
  File "/usr/local/lib/python3.7/http/client.py", line 1327, in _send_request
    self.endheaders(body, encode_chunked=encode_chunked)
  File "/usr/local/lib/python3.7/http/client.py", line 1276, in endheaders
    self._send_output(message_body, encode_chunked=encode_chunked)
  File "/usr/local/lib/python3.7/http/client.py", line 1036, in _send_output
    self.send(msg)
  File "/usr/local/lib/python3.7/http/client.py", line 976, in send
    self.connect()
  File "/root/.cache/pypoetry/virtualenvs/cpdbv2-backend-VA82Wl8V-py3.7/lib/python3.7/site-packages/urllib3/connection.py", line 187, in connect
    conn = self._new_conn()
  File "/root/.cache/pypoetry/virtualenvs/cpdbv2-backend-VA82Wl8V-py3.7/lib/python3.7/site-packages/urllib3/connection.py", line 172, in _new_conn
    self, "Failed to establish a new connection: %s" % e
urllib3.exceptions.NewConnectionError: <urllib3.connection.HTTPConnection object at 0x7ff06971a5d0>: Failed to establish a new connection: [Errno -2] Name or service not known
elasticsearch: DEBUG: > None
urllib3.util.retry: DEBUG: Converted retries value: False -> Retry(total=False, connect=None, read=None, redirect=0, status=None)
urllib3.connectionpool: DEBUG: Starting new HTTP connection (691): elasticsearch:9200
elasticsearch: WARNING: DELETE http://elasticsearch:9200/test_officers_c97d3965-996f-4fbb-b4a7-1038423423bd [status:N/A request:0.004s]
Traceback (most recent call last):
  File "/root/.cache/pypoetry/virtualenvs/cpdbv2-backend-VA82Wl8V-py3.7/lib/python3.7/site-packages/urllib3/connection.py", line 160, in _new_conn
    (self._dns_host, self.port), self.timeout, **extra_kw
  File "/root/.cache/pypoetry/virtualenvs/cpdbv2-backend-VA82Wl8V-py3.7/lib/python3.7/site-packages/urllib3/util/connection.py", line 61, in create_connection
    for res in socket.getaddrinfo(host, port, family, socket.SOCK_STREAM):
  File "/usr/local/lib/python3.7/socket.py", line 752, in getaddrinfo
    for res in _socket.getaddrinfo(host, port, family, type, proto, flags):
socket.gaierror: [Errno -2] Name or service not known

During handling of the above exception, another exception occurred:

Traceback (most recent call last):
  File "/root/.cache/pypoetry/virtualenvs/cpdbv2-backend-VA82Wl8V-py3.7/lib/python3.7/site-packages/elasticsearch/connection/http_urllib3.py", line 115, in perform_request
    response = self.pool.urlopen(method, url, body, retries=False, headers=self.headers, **kw)
  File "/root/.cache/pypoetry/virtualenvs/cpdbv2-backend-VA82Wl8V-py3.7/lib/python3.7/site-packages/urllib3/connectionpool.py", line 727, in urlopen
    method, url, error=e, _pool=self, _stacktrace=sys.exc_info()[2]
  File "/root/.cache/pypoetry/virtualenvs/cpdbv2-backend-VA82Wl8V-py3.7/lib/python3.7/site-packages/urllib3/util/retry.py", line 386, in increment
    raise six.reraise(type(error), error, _stacktrace)
  File "/root/.cache/pypoetry/virtualenvs/cpdbv2-backend-VA82Wl8V-py3.7/lib/python3.7/site-packages/urllib3/packages/six.py", line 735, in reraise
    raise value
  File "/root/.cache/pypoetry/virtualenvs/cpdbv2-backend-VA82Wl8V-py3.7/lib/python3.7/site-packages/urllib3/connectionpool.py", line 677, in urlopen
    chunked=chunked,
  File "/root/.cache/pypoetry/virtualenvs/cpdbv2-backend-VA82Wl8V-py3.7/lib/python3.7/site-packages/urllib3/connectionpool.py", line 392, in _make_request
    conn.request(method, url, **httplib_request_kw)
  File "/usr/local/lib/python3.7/http/client.py", line 1281, in request
    self._send_request(method, url, body, headers, encode_chunked)
  File "/usr/local/lib/python3.7/http/client.py", line 1327, in _send_request
    self.endheaders(body, encode_chunked=encode_chunked)
  File "/usr/local/lib/python3.7/http/client.py", line 1276, in endheaders
    self._send_output(message_body, encode_chunked=encode_chunked)
  File "/usr/local/lib/python3.7/http/client.py", line 1036, in _send_output
    self.send(msg)
  File "/usr/local/lib/python3.7/http/client.py", line 976, in send
    self.connect()
  File "/root/.cache/pypoetry/virtualenvs/cpdbv2-backend-VA82Wl8V-py3.7/lib/python3.7/site-packages/urllib3/connection.py", line 187, in connect
    conn = self._new_conn()
  File "/root/.cache/pypoetry/virtualenvs/cpdbv2-backend-VA82Wl8V-py3.7/lib/python3.7/site-packages/urllib3/connection.py", line 172, in _new_conn
    self, "Failed to establish a new connection: %s" % e
urllib3.exceptions.NewConnectionError: <urllib3.connection.HTTPConnection object at 0x7ff06971ab50>: Failed to establish a new connection: [Errno -2] Name or service not known
elasticsearch: DEBUG: > None
urllib3.util.retry: DEBUG: Converted retries value: False -> Retry(total=False, connect=None, read=None, redirect=0, status=None)
urllib3.connectionpool: DEBUG: Starting new HTTP connection (692): elasticsearch:9200
elasticsearch: WARNING: DELETE http://elasticsearch:9200/test_officers_c97d3965-996f-4fbb-b4a7-1038423423bd [status:N/A request:0.003s]
Traceback (most recent call last):
  File "/root/.cache/pypoetry/virtualenvs/cpdbv2-backend-VA82Wl8V-py3.7/lib/python3.7/site-packages/urllib3/connection.py", line 160, in _new_conn
    (self._dns_host, self.port), self.timeout, **extra_kw
  File "/root/.cache/pypoetry/virtualenvs/cpdbv2-backend-VA82Wl8V-py3.7/lib/python3.7/site-packages/urllib3/util/connection.py", line 61, in create_connection
    for res in socket.getaddrinfo(host, port, family, socket.SOCK_STREAM):
  File "/usr/local/lib/python3.7/socket.py", line 752, in getaddrinfo
    for res in _socket.getaddrinfo(host, port, family, type, proto, flags):
socket.gaierror: [Errno -2] Name or service not known

During handling of the above exception, another exception occurred:

Traceback (most recent call last):
  File "/root/.cache/pypoetry/virtualenvs/cpdbv2-backend-VA82Wl8V-py3.7/lib/python3.7/site-packages/elasticsearch/connection/http_urllib3.py", line 115, in perform_request
    response = self.pool.urlopen(method, url, body, retries=False, headers=self.headers, **kw)
  File "/root/.cache/pypoetry/virtualenvs/cpdbv2-backend-VA82Wl8V-py3.7/lib/python3.7/site-packages/urllib3/connectionpool.py", line 727, in urlopen
    method, url, error=e, _pool=self, _stacktrace=sys.exc_info()[2]
  File "/root/.cache/pypoetry/virtualenvs/cpdbv2-backend-VA82Wl8V-py3.7/lib/python3.7/site-packages/urllib3/util/retry.py", line 386, in increment
    raise six.reraise(type(error), error, _stacktrace)
  File "/root/.cache/pypoetry/virtualenvs/cpdbv2-backend-VA82Wl8V-py3.7/lib/python3.7/site-packages/urllib3/packages/six.py", line 735, in reraise
    raise value
  File "/root/.cache/pypoetry/virtualenvs/cpdbv2-backend-VA82Wl8V-py3.7/lib/python3.7/site-packages/urllib3/connectionpool.py", line 677, in urlopen
    chunked=chunked,
  File "/root/.cache/pypoetry/virtualenvs/cpdbv2-backend-VA82Wl8V-py3.7/lib/python3.7/site-packages/urllib3/connectionpool.py", line 392, in _make_request
    conn.request(method, url, **httplib_request_kw)
  File "/usr/local/lib/python3.7/http/client.py", line 1281, in request
    self._send_request(method, url, body, headers, encode_chunked)
  File "/usr/local/lib/python3.7/http/client.py", line 1327, in _send_request
    self.endheaders(body, encode_chunked=encode_chunked)
  File "/usr/local/lib/python3.7/http/client.py", line 1276, in endheaders
    self._send_output(message_body, encode_chunked=encode_chunked)
  File "/usr/local/lib/python3.7/http/client.py", line 1036, in _send_output
    self.send(msg)
  File "/usr/local/lib/python3.7/http/client.py", line 976, in send
    self.connect()
  File "/root/.cache/pypoetry/virtualenvs/cpdbv2-backend-VA82Wl8V-py3.7/lib/python3.7/site-packages/urllib3/connection.py", line 187, in connect
    conn = self._new_conn()
  File "/root/.cache/pypoetry/virtualenvs/cpdbv2-backend-VA82Wl8V-py3.7/lib/python3.7/site-packages/urllib3/connection.py", line 172, in _new_conn
    self, "Failed to establish a new connection: %s" % e
urllib3.exceptions.NewConnectionError: <urllib3.connection.HTTPConnection object at 0x7ff069724b50>: Failed to establish a new connection: [Errno -2] Name or service not known
elasticsearch: DEBUG: > None
--------------------- >> end captured logging << ---------------------

======================================================================
ERROR: test_tweet_officer_in_retweet_tweet (twitterbot.tests.handlers.test_officer_tweet_handler.OfficerTweetHandlerTestCase)
----------------------------------------------------------------------
Traceback (most recent call last):
  File "/usr/src/app/cpdb/twitterbot/tests/handlers/test_officer_tweet_handler.py", line 34, in setUp
    super(OfficerTweetHandlerTestCase, self).setUp()
  File "/usr/src/app/cpdb/twitterbot/tests/mixins.py", line 7, in setUp
    officers_index_alias.write_index.delete(ignore=404)
  File "/root/.cache/pypoetry/virtualenvs/cpdbv2-backend-VA82Wl8V-py3.7/lib/python3.7/site-packages/elasticsearch_dsl/index.py", line 222, in delete
    self.connection.indices.delete(index=self._name, **kwargs)
  File "/root/.cache/pypoetry/virtualenvs/cpdbv2-backend-VA82Wl8V-py3.7/lib/python3.7/site-packages/elasticsearch/client/utils.py", line 73, in _wrapped
    return func(*args, params=params, **kwargs)
  File "/root/.cache/pypoetry/virtualenvs/cpdbv2-backend-VA82Wl8V-py3.7/lib/python3.7/site-packages/elasticsearch/client/indices.py", line 200, in delete
    params=params)
  File "/root/.cache/pypoetry/virtualenvs/cpdbv2-backend-VA82Wl8V-py3.7/lib/python3.7/site-packages/elasticsearch/transport.py", line 312, in perform_request
    status, headers, data = connection.perform_request(method, url, params, body, ignore=ignore, timeout=timeout)
  File "/root/.cache/pypoetry/virtualenvs/cpdbv2-backend-VA82Wl8V-py3.7/lib/python3.7/site-packages/elasticsearch/connection/http_urllib3.py", line 124, in perform_request
    raise ConnectionError('N/A', str(e), e)
elasticsearch.exceptions.ConnectionError: ConnectionError(<urllib3.connection.HTTPConnection object at 0x7ff06903bc50>: Failed to establish a new connection: [Errno -2] Name or service not known) caused by: NewConnectionError(<urllib3.connection.HTTPConnection object at 0x7ff06903bc50>: Failed to establish a new connection: [Errno -2] Name or service not known)
-------------------- >> begin captured logging << --------------------
urllib3.util.retry: DEBUG: Converted retries value: False -> Retry(total=False, connect=None, read=None, redirect=0, status=None)
urllib3.connectionpool: DEBUG: Starting new HTTP connection (693): elasticsearch:9200
elasticsearch: WARNING: DELETE http://elasticsearch:9200/test_officers_c97d3965-996f-4fbb-b4a7-1038423423bd [status:N/A request:0.004s]
Traceback (most recent call last):
  File "/root/.cache/pypoetry/virtualenvs/cpdbv2-backend-VA82Wl8V-py3.7/lib/python3.7/site-packages/urllib3/connection.py", line 160, in _new_conn
    (self._dns_host, self.port), self.timeout, **extra_kw
  File "/root/.cache/pypoetry/virtualenvs/cpdbv2-backend-VA82Wl8V-py3.7/lib/python3.7/site-packages/urllib3/util/connection.py", line 61, in create_connection
    for res in socket.getaddrinfo(host, port, family, socket.SOCK_STREAM):
  File "/usr/local/lib/python3.7/socket.py", line 752, in getaddrinfo
    for res in _socket.getaddrinfo(host, port, family, type, proto, flags):
socket.gaierror: [Errno -2] Name or service not known

During handling of the above exception, another exception occurred:

Traceback (most recent call last):
  File "/root/.cache/pypoetry/virtualenvs/cpdbv2-backend-VA82Wl8V-py3.7/lib/python3.7/site-packages/elasticsearch/connection/http_urllib3.py", line 115, in perform_request
    response = self.pool.urlopen(method, url, body, retries=False, headers=self.headers, **kw)
  File "/root/.cache/pypoetry/virtualenvs/cpdbv2-backend-VA82Wl8V-py3.7/lib/python3.7/site-packages/urllib3/connectionpool.py", line 727, in urlopen
    method, url, error=e, _pool=self, _stacktrace=sys.exc_info()[2]
  File "/root/.cache/pypoetry/virtualenvs/cpdbv2-backend-VA82Wl8V-py3.7/lib/python3.7/site-packages/urllib3/util/retry.py", line 386, in increment
    raise six.reraise(type(error), error, _stacktrace)
  File "/root/.cache/pypoetry/virtualenvs/cpdbv2-backend-VA82Wl8V-py3.7/lib/python3.7/site-packages/urllib3/packages/six.py", line 735, in reraise
    raise value
  File "/root/.cache/pypoetry/virtualenvs/cpdbv2-backend-VA82Wl8V-py3.7/lib/python3.7/site-packages/urllib3/connectionpool.py", line 677, in urlopen
    chunked=chunked,
  File "/root/.cache/pypoetry/virtualenvs/cpdbv2-backend-VA82Wl8V-py3.7/lib/python3.7/site-packages/urllib3/connectionpool.py", line 392, in _make_request
    conn.request(method, url, **httplib_request_kw)
  File "/usr/local/lib/python3.7/http/client.py", line 1281, in request
    self._send_request(method, url, body, headers, encode_chunked)
  File "/usr/local/lib/python3.7/http/client.py", line 1327, in _send_request
    self.endheaders(body, encode_chunked=encode_chunked)
  File "/usr/local/lib/python3.7/http/client.py", line 1276, in endheaders
    self._send_output(message_body, encode_chunked=encode_chunked)
  File "/usr/local/lib/python3.7/http/client.py", line 1036, in _send_output
    self.send(msg)
  File "/usr/local/lib/python3.7/http/client.py", line 976, in send
    self.connect()
  File "/root/.cache/pypoetry/virtualenvs/cpdbv2-backend-VA82Wl8V-py3.7/lib/python3.7/site-packages/urllib3/connection.py", line 187, in connect
    conn = self._new_conn()
  File "/root/.cache/pypoetry/virtualenvs/cpdbv2-backend-VA82Wl8V-py3.7/lib/python3.7/site-packages/urllib3/connection.py", line 172, in _new_conn
    self, "Failed to establish a new connection: %s" % e
urllib3.exceptions.NewConnectionError: <urllib3.connection.HTTPConnection object at 0x7ff0697246d0>: Failed to establish a new connection: [Errno -2] Name or service not known
elasticsearch: DEBUG: > None
urllib3.util.retry: DEBUG: Converted retries value: False -> Retry(total=False, connect=None, read=None, redirect=0, status=None)
urllib3.connectionpool: DEBUG: Starting new HTTP connection (694): elasticsearch:9200
elasticsearch: WARNING: DELETE http://elasticsearch:9200/test_officers_c97d3965-996f-4fbb-b4a7-1038423423bd [status:N/A request:0.005s]
Traceback (most recent call last):
  File "/root/.cache/pypoetry/virtualenvs/cpdbv2-backend-VA82Wl8V-py3.7/lib/python3.7/site-packages/urllib3/connection.py", line 160, in _new_conn
    (self._dns_host, self.port), self.timeout, **extra_kw
  File "/root/.cache/pypoetry/virtualenvs/cpdbv2-backend-VA82Wl8V-py3.7/lib/python3.7/site-packages/urllib3/util/connection.py", line 61, in create_connection
    for res in socket.getaddrinfo(host, port, family, socket.SOCK_STREAM):
  File "/usr/local/lib/python3.7/socket.py", line 752, in getaddrinfo
    for res in _socket.getaddrinfo(host, port, family, type, proto, flags):
socket.gaierror: [Errno -2] Name or service not known

During handling of the above exception, another exception occurred:

Traceback (most recent call last):
  File "/root/.cache/pypoetry/virtualenvs/cpdbv2-backend-VA82Wl8V-py3.7/lib/python3.7/site-packages/elasticsearch/connection/http_urllib3.py", line 115, in perform_request
    response = self.pool.urlopen(method, url, body, retries=False, headers=self.headers, **kw)
  File "/root/.cache/pypoetry/virtualenvs/cpdbv2-backend-VA82Wl8V-py3.7/lib/python3.7/site-packages/urllib3/connectionpool.py", line 727, in urlopen
    method, url, error=e, _pool=self, _stacktrace=sys.exc_info()[2]
  File "/root/.cache/pypoetry/virtualenvs/cpdbv2-backend-VA82Wl8V-py3.7/lib/python3.7/site-packages/urllib3/util/retry.py", line 386, in increment
    raise six.reraise(type(error), error, _stacktrace)
  File "/root/.cache/pypoetry/virtualenvs/cpdbv2-backend-VA82Wl8V-py3.7/lib/python3.7/site-packages/urllib3/packages/six.py", line 735, in reraise
    raise value
  File "/root/.cache/pypoetry/virtualenvs/cpdbv2-backend-VA82Wl8V-py3.7/lib/python3.7/site-packages/urllib3/connectionpool.py", line 677, in urlopen
    chunked=chunked,
  File "/root/.cache/pypoetry/virtualenvs/cpdbv2-backend-VA82Wl8V-py3.7/lib/python3.7/site-packages/urllib3/connectionpool.py", line 392, in _make_request
    conn.request(method, url, **httplib_request_kw)
  File "/usr/local/lib/python3.7/http/client.py", line 1281, in request
    self._send_request(method, url, body, headers, encode_chunked)
  File "/usr/local/lib/python3.7/http/client.py", line 1327, in _send_request
    self.endheaders(body, encode_chunked=encode_chunked)
  File "/usr/local/lib/python3.7/http/client.py", line 1276, in endheaders
    self._send_output(message_body, encode_chunked=encode_chunked)
  File "/usr/local/lib/python3.7/http/client.py", line 1036, in _send_output
    self.send(msg)
  File "/usr/local/lib/python3.7/http/client.py", line 976, in send
    self.connect()
  File "/root/.cache/pypoetry/virtualenvs/cpdbv2-backend-VA82Wl8V-py3.7/lib/python3.7/site-packages/urllib3/connection.py", line 187, in connect
    conn = self._new_conn()
  File "/root/.cache/pypoetry/virtualenvs/cpdbv2-backend-VA82Wl8V-py3.7/lib/python3.7/site-packages/urllib3/connection.py", line 172, in _new_conn
    self, "Failed to establish a new connection: %s" % e
urllib3.exceptions.NewConnectionError: <urllib3.connection.HTTPConnection object at 0x7ff0697244d0>: Failed to establish a new connection: [Errno -2] Name or service not known
elasticsearch: DEBUG: > None
urllib3.util.retry: DEBUG: Converted retries value: False -> Retry(total=False, connect=None, read=None, redirect=0, status=None)
urllib3.connectionpool: DEBUG: Starting new HTTP connection (695): elasticsearch:9200
elasticsearch: WARNING: DELETE http://elasticsearch:9200/test_officers_c97d3965-996f-4fbb-b4a7-1038423423bd [status:N/A request:0.004s]
Traceback (most recent call last):
  File "/root/.cache/pypoetry/virtualenvs/cpdbv2-backend-VA82Wl8V-py3.7/lib/python3.7/site-packages/urllib3/connection.py", line 160, in _new_conn
    (self._dns_host, self.port), self.timeout, **extra_kw
  File "/root/.cache/pypoetry/virtualenvs/cpdbv2-backend-VA82Wl8V-py3.7/lib/python3.7/site-packages/urllib3/util/connection.py", line 61, in create_connection
    for res in socket.getaddrinfo(host, port, family, socket.SOCK_STREAM):
  File "/usr/local/lib/python3.7/socket.py", line 752, in getaddrinfo
    for res in _socket.getaddrinfo(host, port, family, type, proto, flags):
socket.gaierror: [Errno -2] Name or service not known

During handling of the above exception, another exception occurred:

Traceback (most recent call last):
  File "/root/.cache/pypoetry/virtualenvs/cpdbv2-backend-VA82Wl8V-py3.7/lib/python3.7/site-packages/elasticsearch/connection/http_urllib3.py", line 115, in perform_request
    response = self.pool.urlopen(method, url, body, retries=False, headers=self.headers, **kw)
  File "/root/.cache/pypoetry/virtualenvs/cpdbv2-backend-VA82Wl8V-py3.7/lib/python3.7/site-packages/urllib3/connectionpool.py", line 727, in urlopen
    method, url, error=e, _pool=self, _stacktrace=sys.exc_info()[2]
  File "/root/.cache/pypoetry/virtualenvs/cpdbv2-backend-VA82Wl8V-py3.7/lib/python3.7/site-packages/urllib3/util/retry.py", line 386, in increment
    raise six.reraise(type(error), error, _stacktrace)
  File "/root/.cache/pypoetry/virtualenvs/cpdbv2-backend-VA82Wl8V-py3.7/lib/python3.7/site-packages/urllib3/packages/six.py", line 735, in reraise
    raise value
  File "/root/.cache/pypoetry/virtualenvs/cpdbv2-backend-VA82Wl8V-py3.7/lib/python3.7/site-packages/urllib3/connectionpool.py", line 677, in urlopen
    chunked=chunked,
  File "/root/.cache/pypoetry/virtualenvs/cpdbv2-backend-VA82Wl8V-py3.7/lib/python3.7/site-packages/urllib3/connectionpool.py", line 392, in _make_request
    conn.request(method, url, **httplib_request_kw)
  File "/usr/local/lib/python3.7/http/client.py", line 1281, in request
    self._send_request(method, url, body, headers, encode_chunked)
  File "/usr/local/lib/python3.7/http/client.py", line 1327, in _send_request
    self.endheaders(body, encode_chunked=encode_chunked)
  File "/usr/local/lib/python3.7/http/client.py", line 1276, in endheaders
    self._send_output(message_body, encode_chunked=encode_chunked)
  File "/usr/local/lib/python3.7/http/client.py", line 1036, in _send_output
    self.send(msg)
  File "/usr/local/lib/python3.7/http/client.py", line 976, in send
    self.connect()
  File "/root/.cache/pypoetry/virtualenvs/cpdbv2-backend-VA82Wl8V-py3.7/lib/python3.7/site-packages/urllib3/connection.py", line 187, in connect
    conn = self._new_conn()
  File "/root/.cache/pypoetry/virtualenvs/cpdbv2-backend-VA82Wl8V-py3.7/lib/python3.7/site-packages/urllib3/connection.py", line 172, in _new_conn
    self, "Failed to establish a new connection: %s" % e
urllib3.exceptions.NewConnectionError: <urllib3.connection.HTTPConnection object at 0x7ff06903b810>: Failed to establish a new connection: [Errno -2] Name or service not known
elasticsearch: DEBUG: > None
urllib3.util.retry: DEBUG: Converted retries value: False -> Retry(total=False, connect=None, read=None, redirect=0, status=None)
urllib3.connectionpool: DEBUG: Starting new HTTP connection (696): elasticsearch:9200
elasticsearch: WARNING: DELETE http://elasticsearch:9200/test_officers_c97d3965-996f-4fbb-b4a7-1038423423bd [status:N/A request:0.004s]
Traceback (most recent call last):
  File "/root/.cache/pypoetry/virtualenvs/cpdbv2-backend-VA82Wl8V-py3.7/lib/python3.7/site-packages/urllib3/connection.py", line 160, in _new_conn
    (self._dns_host, self.port), self.timeout, **extra_kw
  File "/root/.cache/pypoetry/virtualenvs/cpdbv2-backend-VA82Wl8V-py3.7/lib/python3.7/site-packages/urllib3/util/connection.py", line 61, in create_connection
    for res in socket.getaddrinfo(host, port, family, socket.SOCK_STREAM):
  File "/usr/local/lib/python3.7/socket.py", line 752, in getaddrinfo
    for res in _socket.getaddrinfo(host, port, family, type, proto, flags):
socket.gaierror: [Errno -2] Name or service not known

During handling of the above exception, another exception occurred:

Traceback (most recent call last):
  File "/root/.cache/pypoetry/virtualenvs/cpdbv2-backend-VA82Wl8V-py3.7/lib/python3.7/site-packages/elasticsearch/connection/http_urllib3.py", line 115, in perform_request
    response = self.pool.urlopen(method, url, body, retries=False, headers=self.headers, **kw)
  File "/root/.cache/pypoetry/virtualenvs/cpdbv2-backend-VA82Wl8V-py3.7/lib/python3.7/site-packages/urllib3/connectionpool.py", line 727, in urlopen
    method, url, error=e, _pool=self, _stacktrace=sys.exc_info()[2]
  File "/root/.cache/pypoetry/virtualenvs/cpdbv2-backend-VA82Wl8V-py3.7/lib/python3.7/site-packages/urllib3/util/retry.py", line 386, in increment
    raise six.reraise(type(error), error, _stacktrace)
  File "/root/.cache/pypoetry/virtualenvs/cpdbv2-backend-VA82Wl8V-py3.7/lib/python3.7/site-packages/urllib3/packages/six.py", line 735, in reraise
    raise value
  File "/root/.cache/pypoetry/virtualenvs/cpdbv2-backend-VA82Wl8V-py3.7/lib/python3.7/site-packages/urllib3/connectionpool.py", line 677, in urlopen
    chunked=chunked,
  File "/root/.cache/pypoetry/virtualenvs/cpdbv2-backend-VA82Wl8V-py3.7/lib/python3.7/site-packages/urllib3/connectionpool.py", line 392, in _make_request
    conn.request(method, url, **httplib_request_kw)
  File "/usr/local/lib/python3.7/http/client.py", line 1281, in request
    self._send_request(method, url, body, headers, encode_chunked)
  File "/usr/local/lib/python3.7/http/client.py", line 1327, in _send_request
    self.endheaders(body, encode_chunked=encode_chunked)
  File "/usr/local/lib/python3.7/http/client.py", line 1276, in endheaders
    self._send_output(message_body, encode_chunked=encode_chunked)
  File "/usr/local/lib/python3.7/http/client.py", line 1036, in _send_output
    self.send(msg)
  File "/usr/local/lib/python3.7/http/client.py", line 976, in send
    self.connect()
  File "/root/.cache/pypoetry/virtualenvs/cpdbv2-backend-VA82Wl8V-py3.7/lib/python3.7/site-packages/urllib3/connection.py", line 187, in connect
    conn = self._new_conn()
  File "/root/.cache/pypoetry/virtualenvs/cpdbv2-backend-VA82Wl8V-py3.7/lib/python3.7/site-packages/urllib3/connection.py", line 172, in _new_conn
    self, "Failed to establish a new connection: %s" % e
urllib3.exceptions.NewConnectionError: <urllib3.connection.HTTPConnection object at 0x7ff06903bc50>: Failed to establish a new connection: [Errno -2] Name or service not known
elasticsearch: DEBUG: > None
--------------------- >> end captured logging << ---------------------

======================================================================
ERROR: test_tweet_officer_in_tweet_hashtags (twitterbot.tests.handlers.test_officer_tweet_handler.OfficerTweetHandlerTestCase)
----------------------------------------------------------------------
Traceback (most recent call last):
  File "/usr/src/app/cpdb/twitterbot/tests/handlers/test_officer_tweet_handler.py", line 34, in setUp
    super(OfficerTweetHandlerTestCase, self).setUp()
  File "/usr/src/app/cpdb/twitterbot/tests/mixins.py", line 7, in setUp
    officers_index_alias.write_index.delete(ignore=404)
  File "/root/.cache/pypoetry/virtualenvs/cpdbv2-backend-VA82Wl8V-py3.7/lib/python3.7/site-packages/elasticsearch_dsl/index.py", line 222, in delete
    self.connection.indices.delete(index=self._name, **kwargs)
  File "/root/.cache/pypoetry/virtualenvs/cpdbv2-backend-VA82Wl8V-py3.7/lib/python3.7/site-packages/elasticsearch/client/utils.py", line 73, in _wrapped
    return func(*args, params=params, **kwargs)
  File "/root/.cache/pypoetry/virtualenvs/cpdbv2-backend-VA82Wl8V-py3.7/lib/python3.7/site-packages/elasticsearch/client/indices.py", line 200, in delete
    params=params)
  File "/root/.cache/pypoetry/virtualenvs/cpdbv2-backend-VA82Wl8V-py3.7/lib/python3.7/site-packages/elasticsearch/transport.py", line 312, in perform_request
    status, headers, data = connection.perform_request(method, url, params, body, ignore=ignore, timeout=timeout)
  File "/root/.cache/pypoetry/virtualenvs/cpdbv2-backend-VA82Wl8V-py3.7/lib/python3.7/site-packages/elasticsearch/connection/http_urllib3.py", line 124, in perform_request
    raise ConnectionError('N/A', str(e), e)
elasticsearch.exceptions.ConnectionError: ConnectionError(<urllib3.connection.HTTPConnection object at 0x7ff06910c9d0>: Failed to establish a new connection: [Errno -2] Name or service not known) caused by: NewConnectionError(<urllib3.connection.HTTPConnection object at 0x7ff06910c9d0>: Failed to establish a new connection: [Errno -2] Name or service not known)
-------------------- >> begin captured logging << --------------------
urllib3.util.retry: DEBUG: Converted retries value: False -> Retry(total=False, connect=None, read=None, redirect=0, status=None)
urllib3.connectionpool: DEBUG: Starting new HTTP connection (697): elasticsearch:9200
elasticsearch: WARNING: DELETE http://elasticsearch:9200/test_officers_c97d3965-996f-4fbb-b4a7-1038423423bd [status:N/A request:0.005s]
Traceback (most recent call last):
  File "/root/.cache/pypoetry/virtualenvs/cpdbv2-backend-VA82Wl8V-py3.7/lib/python3.7/site-packages/urllib3/connection.py", line 160, in _new_conn
    (self._dns_host, self.port), self.timeout, **extra_kw
  File "/root/.cache/pypoetry/virtualenvs/cpdbv2-backend-VA82Wl8V-py3.7/lib/python3.7/site-packages/urllib3/util/connection.py", line 61, in create_connection
    for res in socket.getaddrinfo(host, port, family, socket.SOCK_STREAM):
  File "/usr/local/lib/python3.7/socket.py", line 752, in getaddrinfo
    for res in _socket.getaddrinfo(host, port, family, type, proto, flags):
socket.gaierror: [Errno -2] Name or service not known

During handling of the above exception, another exception occurred:

Traceback (most recent call last):
  File "/root/.cache/pypoetry/virtualenvs/cpdbv2-backend-VA82Wl8V-py3.7/lib/python3.7/site-packages/elasticsearch/connection/http_urllib3.py", line 115, in perform_request
    response = self.pool.urlopen(method, url, body, retries=False, headers=self.headers, **kw)
  File "/root/.cache/pypoetry/virtualenvs/cpdbv2-backend-VA82Wl8V-py3.7/lib/python3.7/site-packages/urllib3/connectionpool.py", line 727, in urlopen
    method, url, error=e, _pool=self, _stacktrace=sys.exc_info()[2]
  File "/root/.cache/pypoetry/virtualenvs/cpdbv2-backend-VA82Wl8V-py3.7/lib/python3.7/site-packages/urllib3/util/retry.py", line 386, in increment
    raise six.reraise(type(error), error, _stacktrace)
  File "/root/.cache/pypoetry/virtualenvs/cpdbv2-backend-VA82Wl8V-py3.7/lib/python3.7/site-packages/urllib3/packages/six.py", line 735, in reraise
    raise value
  File "/root/.cache/pypoetry/virtualenvs/cpdbv2-backend-VA82Wl8V-py3.7/lib/python3.7/site-packages/urllib3/connectionpool.py", line 677, in urlopen
    chunked=chunked,
  File "/root/.cache/pypoetry/virtualenvs/cpdbv2-backend-VA82Wl8V-py3.7/lib/python3.7/site-packages/urllib3/connectionpool.py", line 392, in _make_request
    conn.request(method, url, **httplib_request_kw)
  File "/usr/local/lib/python3.7/http/client.py", line 1281, in request
    self._send_request(method, url, body, headers, encode_chunked)
  File "/usr/local/lib/python3.7/http/client.py", line 1327, in _send_request
    self.endheaders(body, encode_chunked=encode_chunked)
  File "/usr/local/lib/python3.7/http/client.py", line 1276, in endheaders
    self._send_output(message_body, encode_chunked=encode_chunked)
  File "/usr/local/lib/python3.7/http/client.py", line 1036, in _send_output
    self.send(msg)
  File "/usr/local/lib/python3.7/http/client.py", line 976, in send
    self.connect()
  File "/root/.cache/pypoetry/virtualenvs/cpdbv2-backend-VA82Wl8V-py3.7/lib/python3.7/site-packages/urllib3/connection.py", line 187, in connect
    conn = self._new_conn()
  File "/root/.cache/pypoetry/virtualenvs/cpdbv2-backend-VA82Wl8V-py3.7/lib/python3.7/site-packages/urllib3/connection.py", line 172, in _new_conn
    self, "Failed to establish a new connection: %s" % e
urllib3.exceptions.NewConnectionError: <urllib3.connection.HTTPConnection object at 0x7ff069045990>: Failed to establish a new connection: [Errno -2] Name or service not known
elasticsearch: DEBUG: > None
urllib3.util.retry: DEBUG: Converted retries value: False -> Retry(total=False, connect=None, read=None, redirect=0, status=None)
urllib3.connectionpool: DEBUG: Starting new HTTP connection (698): elasticsearch:9200
elasticsearch: WARNING: DELETE http://elasticsearch:9200/test_officers_c97d3965-996f-4fbb-b4a7-1038423423bd [status:N/A request:0.004s]
Traceback (most recent call last):
  File "/root/.cache/pypoetry/virtualenvs/cpdbv2-backend-VA82Wl8V-py3.7/lib/python3.7/site-packages/urllib3/connection.py", line 160, in _new_conn
    (self._dns_host, self.port), self.timeout, **extra_kw
  File "/root/.cache/pypoetry/virtualenvs/cpdbv2-backend-VA82Wl8V-py3.7/lib/python3.7/site-packages/urllib3/util/connection.py", line 61, in create_connection
    for res in socket.getaddrinfo(host, port, family, socket.SOCK_STREAM):
  File "/usr/local/lib/python3.7/socket.py", line 752, in getaddrinfo
    for res in _socket.getaddrinfo(host, port, family, type, proto, flags):
socket.gaierror: [Errno -2] Name or service not known

During handling of the above exception, another exception occurred:

Traceback (most recent call last):
  File "/root/.cache/pypoetry/virtualenvs/cpdbv2-backend-VA82Wl8V-py3.7/lib/python3.7/site-packages/elasticsearch/connection/http_urllib3.py", line 115, in perform_request
    response = self.pool.urlopen(method, url, body, retries=False, headers=self.headers, **kw)
  File "/root/.cache/pypoetry/virtualenvs/cpdbv2-backend-VA82Wl8V-py3.7/lib/python3.7/site-packages/urllib3/connectionpool.py", line 727, in urlopen
    method, url, error=e, _pool=self, _stacktrace=sys.exc_info()[2]
  File "/root/.cache/pypoetry/virtualenvs/cpdbv2-backend-VA82Wl8V-py3.7/lib/python3.7/site-packages/urllib3/util/retry.py", line 386, in increment
    raise six.reraise(type(error), error, _stacktrace)
  File "/root/.cache/pypoetry/virtualenvs/cpdbv2-backend-VA82Wl8V-py3.7/lib/python3.7/site-packages/urllib3/packages/six.py", line 735, in reraise
    raise value
  File "/root/.cache/pypoetry/virtualenvs/cpdbv2-backend-VA82Wl8V-py3.7/lib/python3.7/site-packages/urllib3/connectionpool.py", line 677, in urlopen
    chunked=chunked,
  File "/root/.cache/pypoetry/virtualenvs/cpdbv2-backend-VA82Wl8V-py3.7/lib/python3.7/site-packages/urllib3/connectionpool.py", line 392, in _make_request
    conn.request(method, url, **httplib_request_kw)
  File "/usr/local/lib/python3.7/http/client.py", line 1281, in request
    self._send_request(method, url, body, headers, encode_chunked)
  File "/usr/local/lib/python3.7/http/client.py", line 1327, in _send_request
    self.endheaders(body, encode_chunked=encode_chunked)
  File "/usr/local/lib/python3.7/http/client.py", line 1276, in endheaders
    self._send_output(message_body, encode_chunked=encode_chunked)
  File "/usr/local/lib/python3.7/http/client.py", line 1036, in _send_output
    self.send(msg)
  File "/usr/local/lib/python3.7/http/client.py", line 976, in send
    self.connect()
  File "/root/.cache/pypoetry/virtualenvs/cpdbv2-backend-VA82Wl8V-py3.7/lib/python3.7/site-packages/urllib3/connection.py", line 187, in connect
    conn = self._new_conn()
  File "/root/.cache/pypoetry/virtualenvs/cpdbv2-backend-VA82Wl8V-py3.7/lib/python3.7/site-packages/urllib3/connection.py", line 172, in _new_conn
    self, "Failed to establish a new connection: %s" % e
urllib3.exceptions.NewConnectionError: <urllib3.connection.HTTPConnection object at 0x7ff06910ccd0>: Failed to establish a new connection: [Errno -2] Name or service not known
elasticsearch: DEBUG: > None
urllib3.util.retry: DEBUG: Converted retries value: False -> Retry(total=False, connect=None, read=None, redirect=0, status=None)
urllib3.connectionpool: DEBUG: Starting new HTTP connection (699): elasticsearch:9200
elasticsearch: WARNING: DELETE http://elasticsearch:9200/test_officers_c97d3965-996f-4fbb-b4a7-1038423423bd [status:N/A request:0.004s]
Traceback (most recent call last):
  File "/root/.cache/pypoetry/virtualenvs/cpdbv2-backend-VA82Wl8V-py3.7/lib/python3.7/site-packages/urllib3/connection.py", line 160, in _new_conn
    (self._dns_host, self.port), self.timeout, **extra_kw
  File "/root/.cache/pypoetry/virtualenvs/cpdbv2-backend-VA82Wl8V-py3.7/lib/python3.7/site-packages/urllib3/util/connection.py", line 61, in create_connection
    for res in socket.getaddrinfo(host, port, family, socket.SOCK_STREAM):
  File "/usr/local/lib/python3.7/socket.py", line 752, in getaddrinfo
    for res in _socket.getaddrinfo(host, port, family, type, proto, flags):
socket.gaierror: [Errno -2] Name or service not known

During handling of the above exception, another exception occurred:

Traceback (most recent call last):
  File "/root/.cache/pypoetry/virtualenvs/cpdbv2-backend-VA82Wl8V-py3.7/lib/python3.7/site-packages/elasticsearch/connection/http_urllib3.py", line 115, in perform_request
    response = self.pool.urlopen(method, url, body, retries=False, headers=self.headers, **kw)
  File "/root/.cache/pypoetry/virtualenvs/cpdbv2-backend-VA82Wl8V-py3.7/lib/python3.7/site-packages/urllib3/connectionpool.py", line 727, in urlopen
    method, url, error=e, _pool=self, _stacktrace=sys.exc_info()[2]
  File "/root/.cache/pypoetry/virtualenvs/cpdbv2-backend-VA82Wl8V-py3.7/lib/python3.7/site-packages/urllib3/util/retry.py", line 386, in increment
    raise six.reraise(type(error), error, _stacktrace)
  File "/root/.cache/pypoetry/virtualenvs/cpdbv2-backend-VA82Wl8V-py3.7/lib/python3.7/site-packages/urllib3/packages/six.py", line 735, in reraise
    raise value
  File "/root/.cache/pypoetry/virtualenvs/cpdbv2-backend-VA82Wl8V-py3.7/lib/python3.7/site-packages/urllib3/connectionpool.py", line 677, in urlopen
    chunked=chunked,
  File "/root/.cache/pypoetry/virtualenvs/cpdbv2-backend-VA82Wl8V-py3.7/lib/python3.7/site-packages/urllib3/connectionpool.py", line 392, in _make_request
    conn.request(method, url, **httplib_request_kw)
  File "/usr/local/lib/python3.7/http/client.py", line 1281, in request
    self._send_request(method, url, body, headers, encode_chunked)
  File "/usr/local/lib/python3.7/http/client.py", line 1327, in _send_request
    self.endheaders(body, encode_chunked=encode_chunked)
  File "/usr/local/lib/python3.7/http/client.py", line 1276, in endheaders
    self._send_output(message_body, encode_chunked=encode_chunked)
  File "/usr/local/lib/python3.7/http/client.py", line 1036, in _send_output
    self.send(msg)
  File "/usr/local/lib/python3.7/http/client.py", line 976, in send
    self.connect()
  File "/root/.cache/pypoetry/virtualenvs/cpdbv2-backend-VA82Wl8V-py3.7/lib/python3.7/site-packages/urllib3/connection.py", line 187, in connect
    conn = self._new_conn()
  File "/root/.cache/pypoetry/virtualenvs/cpdbv2-backend-VA82Wl8V-py3.7/lib/python3.7/site-packages/urllib3/connection.py", line 172, in _new_conn
    self, "Failed to establish a new connection: %s" % e
urllib3.exceptions.NewConnectionError: <urllib3.connection.HTTPConnection object at 0x7ff06910c4d0>: Failed to establish a new connection: [Errno -2] Name or service not known
elasticsearch: DEBUG: > None
urllib3.util.retry: DEBUG: Converted retries value: False -> Retry(total=False, connect=None, read=None, redirect=0, status=None)
urllib3.connectionpool: DEBUG: Starting new HTTP connection (700): elasticsearch:9200
elasticsearch: WARNING: DELETE http://elasticsearch:9200/test_officers_c97d3965-996f-4fbb-b4a7-1038423423bd [status:N/A request:0.004s]
Traceback (most recent call last):
  File "/root/.cache/pypoetry/virtualenvs/cpdbv2-backend-VA82Wl8V-py3.7/lib/python3.7/site-packages/urllib3/connection.py", line 160, in _new_conn
    (self._dns_host, self.port), self.timeout, **extra_kw
  File "/root/.cache/pypoetry/virtualenvs/cpdbv2-backend-VA82Wl8V-py3.7/lib/python3.7/site-packages/urllib3/util/connection.py", line 61, in create_connection
    for res in socket.getaddrinfo(host, port, family, socket.SOCK_STREAM):
  File "/usr/local/lib/python3.7/socket.py", line 752, in getaddrinfo
    for res in _socket.getaddrinfo(host, port, family, type, proto, flags):
socket.gaierror: [Errno -2] Name or service not known

During handling of the above exception, another exception occurred:

Traceback (most recent call last):
  File "/root/.cache/pypoetry/virtualenvs/cpdbv2-backend-VA82Wl8V-py3.7/lib/python3.7/site-packages/elasticsearch/connection/http_urllib3.py", line 115, in perform_request
    response = self.pool.urlopen(method, url, body, retries=False, headers=self.headers, **kw)
  File "/root/.cache/pypoetry/virtualenvs/cpdbv2-backend-VA82Wl8V-py3.7/lib/python3.7/site-packages/urllib3/connectionpool.py", line 727, in urlopen
    method, url, error=e, _pool=self, _stacktrace=sys.exc_info()[2]
  File "/root/.cache/pypoetry/virtualenvs/cpdbv2-backend-VA82Wl8V-py3.7/lib/python3.7/site-packages/urllib3/util/retry.py", line 386, in increment
    raise six.reraise(type(error), error, _stacktrace)
  File "/root/.cache/pypoetry/virtualenvs/cpdbv2-backend-VA82Wl8V-py3.7/lib/python3.7/site-packages/urllib3/packages/six.py", line 735, in reraise
    raise value
  File "/root/.cache/pypoetry/virtualenvs/cpdbv2-backend-VA82Wl8V-py3.7/lib/python3.7/site-packages/urllib3/connectionpool.py", line 677, in urlopen
    chunked=chunked,
  File "/root/.cache/pypoetry/virtualenvs/cpdbv2-backend-VA82Wl8V-py3.7/lib/python3.7/site-packages/urllib3/connectionpool.py", line 392, in _make_request
    conn.request(method, url, **httplib_request_kw)
  File "/usr/local/lib/python3.7/http/client.py", line 1281, in request
    self._send_request(method, url, body, headers, encode_chunked)
  File "/usr/local/lib/python3.7/http/client.py", line 1327, in _send_request
    self.endheaders(body, encode_chunked=encode_chunked)
  File "/usr/local/lib/python3.7/http/client.py", line 1276, in endheaders
    self._send_output(message_body, encode_chunked=encode_chunked)
  File "/usr/local/lib/python3.7/http/client.py", line 1036, in _send_output
    self.send(msg)
  File "/usr/local/lib/python3.7/http/client.py", line 976, in send
    self.connect()
  File "/root/.cache/pypoetry/virtualenvs/cpdbv2-backend-VA82Wl8V-py3.7/lib/python3.7/site-packages/urllib3/connection.py", line 187, in connect
    conn = self._new_conn()
  File "/root/.cache/pypoetry/virtualenvs/cpdbv2-backend-VA82Wl8V-py3.7/lib/python3.7/site-packages/urllib3/connection.py", line 172, in _new_conn
    self, "Failed to establish a new connection: %s" % e
urllib3.exceptions.NewConnectionError: <urllib3.connection.HTTPConnection object at 0x7ff06910c9d0>: Failed to establish a new connection: [Errno -2] Name or service not known
elasticsearch: DEBUG: > None
--------------------- >> end captured logging << ---------------------

======================================================================
ERROR: test_tweet_officer_in_tweet_link_content (twitterbot.tests.handlers.test_officer_tweet_handler.OfficerTweetHandlerTestCase)
----------------------------------------------------------------------
Traceback (most recent call last):
  File "/usr/src/app/cpdb/twitterbot/tests/handlers/test_officer_tweet_handler.py", line 34, in setUp
    super(OfficerTweetHandlerTestCase, self).setUp()
  File "/usr/src/app/cpdb/twitterbot/tests/mixins.py", line 7, in setUp
    officers_index_alias.write_index.delete(ignore=404)
  File "/root/.cache/pypoetry/virtualenvs/cpdbv2-backend-VA82Wl8V-py3.7/lib/python3.7/site-packages/elasticsearch_dsl/index.py", line 222, in delete
    self.connection.indices.delete(index=self._name, **kwargs)
  File "/root/.cache/pypoetry/virtualenvs/cpdbv2-backend-VA82Wl8V-py3.7/lib/python3.7/site-packages/elasticsearch/client/utils.py", line 73, in _wrapped
    return func(*args, params=params, **kwargs)
  File "/root/.cache/pypoetry/virtualenvs/cpdbv2-backend-VA82Wl8V-py3.7/lib/python3.7/site-packages/elasticsearch/client/indices.py", line 200, in delete
    params=params)
  File "/root/.cache/pypoetry/virtualenvs/cpdbv2-backend-VA82Wl8V-py3.7/lib/python3.7/site-packages/elasticsearch/transport.py", line 312, in perform_request
    status, headers, data = connection.perform_request(method, url, params, body, ignore=ignore, timeout=timeout)
  File "/root/.cache/pypoetry/virtualenvs/cpdbv2-backend-VA82Wl8V-py3.7/lib/python3.7/site-packages/elasticsearch/connection/http_urllib3.py", line 124, in perform_request
    raise ConnectionError('N/A', str(e), e)
elasticsearch.exceptions.ConnectionError: ConnectionError(<urllib3.connection.HTTPConnection object at 0x7ff06903b350>: Failed to establish a new connection: [Errno -2] Name or service not known) caused by: NewConnectionError(<urllib3.connection.HTTPConnection object at 0x7ff06903b350>: Failed to establish a new connection: [Errno -2] Name or service not known)
-------------------- >> begin captured logging << --------------------
urllib3.util.retry: DEBUG: Converted retries value: False -> Retry(total=False, connect=None, read=None, redirect=0, status=None)
urllib3.connectionpool: DEBUG: Starting new HTTP connection (701): elasticsearch:9200
elasticsearch: WARNING: DELETE http://elasticsearch:9200/test_officers_c97d3965-996f-4fbb-b4a7-1038423423bd [status:N/A request:0.005s]
Traceback (most recent call last):
  File "/root/.cache/pypoetry/virtualenvs/cpdbv2-backend-VA82Wl8V-py3.7/lib/python3.7/site-packages/urllib3/connection.py", line 160, in _new_conn
    (self._dns_host, self.port), self.timeout, **extra_kw
  File "/root/.cache/pypoetry/virtualenvs/cpdbv2-backend-VA82Wl8V-py3.7/lib/python3.7/site-packages/urllib3/util/connection.py", line 61, in create_connection
    for res in socket.getaddrinfo(host, port, family, socket.SOCK_STREAM):
  File "/usr/local/lib/python3.7/socket.py", line 752, in getaddrinfo
    for res in _socket.getaddrinfo(host, port, family, type, proto, flags):
socket.gaierror: [Errno -2] Name or service not known

During handling of the above exception, another exception occurred:

Traceback (most recent call last):
  File "/root/.cache/pypoetry/virtualenvs/cpdbv2-backend-VA82Wl8V-py3.7/lib/python3.7/site-packages/elasticsearch/connection/http_urllib3.py", line 115, in perform_request
    response = self.pool.urlopen(method, url, body, retries=False, headers=self.headers, **kw)
  File "/root/.cache/pypoetry/virtualenvs/cpdbv2-backend-VA82Wl8V-py3.7/lib/python3.7/site-packages/urllib3/connectionpool.py", line 727, in urlopen
    method, url, error=e, _pool=self, _stacktrace=sys.exc_info()[2]
  File "/root/.cache/pypoetry/virtualenvs/cpdbv2-backend-VA82Wl8V-py3.7/lib/python3.7/site-packages/urllib3/util/retry.py", line 386, in increment
    raise six.reraise(type(error), error, _stacktrace)
  File "/root/.cache/pypoetry/virtualenvs/cpdbv2-backend-VA82Wl8V-py3.7/lib/python3.7/site-packages/urllib3/packages/six.py", line 735, in reraise
    raise value
  File "/root/.cache/pypoetry/virtualenvs/cpdbv2-backend-VA82Wl8V-py3.7/lib/python3.7/site-packages/urllib3/connectionpool.py", line 677, in urlopen
    chunked=chunked,
  File "/root/.cache/pypoetry/virtualenvs/cpdbv2-backend-VA82Wl8V-py3.7/lib/python3.7/site-packages/urllib3/connectionpool.py", line 392, in _make_request
    conn.request(method, url, **httplib_request_kw)
  File "/usr/local/lib/python3.7/http/client.py", line 1281, in request
    self._send_request(method, url, body, headers, encode_chunked)
  File "/usr/local/lib/python3.7/http/client.py", line 1327, in _send_request
    self.endheaders(body, encode_chunked=encode_chunked)
  File "/usr/local/lib/python3.7/http/client.py", line 1276, in endheaders
    self._send_output(message_body, encode_chunked=encode_chunked)
  File "/usr/local/lib/python3.7/http/client.py", line 1036, in _send_output
    self.send(msg)
  File "/usr/local/lib/python3.7/http/client.py", line 976, in send
    self.connect()
  File "/root/.cache/pypoetry/virtualenvs/cpdbv2-backend-VA82Wl8V-py3.7/lib/python3.7/site-packages/urllib3/connection.py", line 187, in connect
    conn = self._new_conn()
  File "/root/.cache/pypoetry/virtualenvs/cpdbv2-backend-VA82Wl8V-py3.7/lib/python3.7/site-packages/urllib3/connection.py", line 172, in _new_conn
    self, "Failed to establish a new connection: %s" % e
urllib3.exceptions.NewConnectionError: <urllib3.connection.HTTPConnection object at 0x7ff06910ce10>: Failed to establish a new connection: [Errno -2] Name or service not known
elasticsearch: DEBUG: > None
urllib3.util.retry: DEBUG: Converted retries value: False -> Retry(total=False, connect=None, read=None, redirect=0, status=None)
urllib3.connectionpool: DEBUG: Starting new HTTP connection (702): elasticsearch:9200
elasticsearch: WARNING: DELETE http://elasticsearch:9200/test_officers_c97d3965-996f-4fbb-b4a7-1038423423bd [status:N/A request:0.004s]
Traceback (most recent call last):
  File "/root/.cache/pypoetry/virtualenvs/cpdbv2-backend-VA82Wl8V-py3.7/lib/python3.7/site-packages/urllib3/connection.py", line 160, in _new_conn
    (self._dns_host, self.port), self.timeout, **extra_kw
  File "/root/.cache/pypoetry/virtualenvs/cpdbv2-backend-VA82Wl8V-py3.7/lib/python3.7/site-packages/urllib3/util/connection.py", line 61, in create_connection
    for res in socket.getaddrinfo(host, port, family, socket.SOCK_STREAM):
  File "/usr/local/lib/python3.7/socket.py", line 752, in getaddrinfo
    for res in _socket.getaddrinfo(host, port, family, type, proto, flags):
socket.gaierror: [Errno -2] Name or service not known

During handling of the above exception, another exception occurred:

Traceback (most recent call last):
  File "/root/.cache/pypoetry/virtualenvs/cpdbv2-backend-VA82Wl8V-py3.7/lib/python3.7/site-packages/elasticsearch/connection/http_urllib3.py", line 115, in perform_request
    response = self.pool.urlopen(method, url, body, retries=False, headers=self.headers, **kw)
  File "/root/.cache/pypoetry/virtualenvs/cpdbv2-backend-VA82Wl8V-py3.7/lib/python3.7/site-packages/urllib3/connectionpool.py", line 727, in urlopen
    method, url, error=e, _pool=self, _stacktrace=sys.exc_info()[2]
  File "/root/.cache/pypoetry/virtualenvs/cpdbv2-backend-VA82Wl8V-py3.7/lib/python3.7/site-packages/urllib3/util/retry.py", line 386, in increment
    raise six.reraise(type(error), error, _stacktrace)
  File "/root/.cache/pypoetry/virtualenvs/cpdbv2-backend-VA82Wl8V-py3.7/lib/python3.7/site-packages/urllib3/packages/six.py", line 735, in reraise
    raise value
  File "/root/.cache/pypoetry/virtualenvs/cpdbv2-backend-VA82Wl8V-py3.7/lib/python3.7/site-packages/urllib3/connectionpool.py", line 677, in urlopen
    chunked=chunked,
  File "/root/.cache/pypoetry/virtualenvs/cpdbv2-backend-VA82Wl8V-py3.7/lib/python3.7/site-packages/urllib3/connectionpool.py", line 392, in _make_request
    conn.request(method, url, **httplib_request_kw)
  File "/usr/local/lib/python3.7/http/client.py", line 1281, in request
    self._send_request(method, url, body, headers, encode_chunked)
  File "/usr/local/lib/python3.7/http/client.py", line 1327, in _send_request
    self.endheaders(body, encode_chunked=encode_chunked)
  File "/usr/local/lib/python3.7/http/client.py", line 1276, in endheaders
    self._send_output(message_body, encode_chunked=encode_chunked)
  File "/usr/local/lib/python3.7/http/client.py", line 1036, in _send_output
    self.send(msg)
  File "/usr/local/lib/python3.7/http/client.py", line 976, in send
    self.connect()
  File "/root/.cache/pypoetry/virtualenvs/cpdbv2-backend-VA82Wl8V-py3.7/lib/python3.7/site-packages/urllib3/connection.py", line 187, in connect
    conn = self._new_conn()
  File "/root/.cache/pypoetry/virtualenvs/cpdbv2-backend-VA82Wl8V-py3.7/lib/python3.7/site-packages/urllib3/connection.py", line 172, in _new_conn
    self, "Failed to establish a new connection: %s" % e
urllib3.exceptions.NewConnectionError: <urllib3.connection.HTTPConnection object at 0x7ff069045d50>: Failed to establish a new connection: [Errno -2] Name or service not known
elasticsearch: DEBUG: > None
urllib3.util.retry: DEBUG: Converted retries value: False -> Retry(total=False, connect=None, read=None, redirect=0, status=None)
urllib3.connectionpool: DEBUG: Starting new HTTP connection (703): elasticsearch:9200
elasticsearch: WARNING: DELETE http://elasticsearch:9200/test_officers_c97d3965-996f-4fbb-b4a7-1038423423bd [status:N/A request:0.004s]
Traceback (most recent call last):
  File "/root/.cache/pypoetry/virtualenvs/cpdbv2-backend-VA82Wl8V-py3.7/lib/python3.7/site-packages/urllib3/connection.py", line 160, in _new_conn
    (self._dns_host, self.port), self.timeout, **extra_kw
  File "/root/.cache/pypoetry/virtualenvs/cpdbv2-backend-VA82Wl8V-py3.7/lib/python3.7/site-packages/urllib3/util/connection.py", line 61, in create_connection
    for res in socket.getaddrinfo(host, port, family, socket.SOCK_STREAM):
  File "/usr/local/lib/python3.7/socket.py", line 752, in getaddrinfo
    for res in _socket.getaddrinfo(host, port, family, type, proto, flags):
socket.gaierror: [Errno -2] Name or service not known

During handling of the above exception, another exception occurred:

Traceback (most recent call last):
  File "/root/.cache/pypoetry/virtualenvs/cpdbv2-backend-VA82Wl8V-py3.7/lib/python3.7/site-packages/elasticsearch/connection/http_urllib3.py", line 115, in perform_request
    response = self.pool.urlopen(method, url, body, retries=False, headers=self.headers, **kw)
  File "/root/.cache/pypoetry/virtualenvs/cpdbv2-backend-VA82Wl8V-py3.7/lib/python3.7/site-packages/urllib3/connectionpool.py", line 727, in urlopen
    method, url, error=e, _pool=self, _stacktrace=sys.exc_info()[2]
  File "/root/.cache/pypoetry/virtualenvs/cpdbv2-backend-VA82Wl8V-py3.7/lib/python3.7/site-packages/urllib3/util/retry.py", line 386, in increment
    raise six.reraise(type(error), error, _stacktrace)
  File "/root/.cache/pypoetry/virtualenvs/cpdbv2-backend-VA82Wl8V-py3.7/lib/python3.7/site-packages/urllib3/packages/six.py", line 735, in reraise
    raise value
  File "/root/.cache/pypoetry/virtualenvs/cpdbv2-backend-VA82Wl8V-py3.7/lib/python3.7/site-packages/urllib3/connectionpool.py", line 677, in urlopen
    chunked=chunked,
  File "/root/.cache/pypoetry/virtualenvs/cpdbv2-backend-VA82Wl8V-py3.7/lib/python3.7/site-packages/urllib3/connectionpool.py", line 392, in _make_request
    conn.request(method, url, **httplib_request_kw)
  File "/usr/local/lib/python3.7/http/client.py", line 1281, in request
    self._send_request(method, url, body, headers, encode_chunked)
  File "/usr/local/lib/python3.7/http/client.py", line 1327, in _send_request
    self.endheaders(body, encode_chunked=encode_chunked)
  File "/usr/local/lib/python3.7/http/client.py", line 1276, in endheaders
    self._send_output(message_body, encode_chunked=encode_chunked)
  File "/usr/local/lib/python3.7/http/client.py", line 1036, in _send_output
    self.send(msg)
  File "/usr/local/lib/python3.7/http/client.py", line 976, in send
    self.connect()
  File "/root/.cache/pypoetry/virtualenvs/cpdbv2-backend-VA82Wl8V-py3.7/lib/python3.7/site-packages/urllib3/connection.py", line 187, in connect
    conn = self._new_conn()
  File "/root/.cache/pypoetry/virtualenvs/cpdbv2-backend-VA82Wl8V-py3.7/lib/python3.7/site-packages/urllib3/connection.py", line 172, in _new_conn
    self, "Failed to establish a new connection: %s" % e
urllib3.exceptions.NewConnectionError: <urllib3.connection.HTTPConnection object at 0x7ff068ffa550>: Failed to establish a new connection: [Errno -2] Name or service not known
elasticsearch: DEBUG: > None
urllib3.util.retry: DEBUG: Converted retries value: False -> Retry(total=False, connect=None, read=None, redirect=0, status=None)
urllib3.connectionpool: DEBUG: Starting new HTTP connection (704): elasticsearch:9200
elasticsearch: WARNING: DELETE http://elasticsearch:9200/test_officers_c97d3965-996f-4fbb-b4a7-1038423423bd [status:N/A request:0.005s]
Traceback (most recent call last):
  File "/root/.cache/pypoetry/virtualenvs/cpdbv2-backend-VA82Wl8V-py3.7/lib/python3.7/site-packages/urllib3/connection.py", line 160, in _new_conn
    (self._dns_host, self.port), self.timeout, **extra_kw
  File "/root/.cache/pypoetry/virtualenvs/cpdbv2-backend-VA82Wl8V-py3.7/lib/python3.7/site-packages/urllib3/util/connection.py", line 61, in create_connection
    for res in socket.getaddrinfo(host, port, family, socket.SOCK_STREAM):
  File "/usr/local/lib/python3.7/socket.py", line 752, in getaddrinfo
    for res in _socket.getaddrinfo(host, port, family, type, proto, flags):
socket.gaierror: [Errno -2] Name or service not known

During handling of the above exception, another exception occurred:

Traceback (most recent call last):
  File "/root/.cache/pypoetry/virtualenvs/cpdbv2-backend-VA82Wl8V-py3.7/lib/python3.7/site-packages/elasticsearch/connection/http_urllib3.py", line 115, in perform_request
    response = self.pool.urlopen(method, url, body, retries=False, headers=self.headers, **kw)
  File "/root/.cache/pypoetry/virtualenvs/cpdbv2-backend-VA82Wl8V-py3.7/lib/python3.7/site-packages/urllib3/connectionpool.py", line 727, in urlopen
    method, url, error=e, _pool=self, _stacktrace=sys.exc_info()[2]
  File "/root/.cache/pypoetry/virtualenvs/cpdbv2-backend-VA82Wl8V-py3.7/lib/python3.7/site-packages/urllib3/util/retry.py", line 386, in increment
    raise six.reraise(type(error), error, _stacktrace)
  File "/root/.cache/pypoetry/virtualenvs/cpdbv2-backend-VA82Wl8V-py3.7/lib/python3.7/site-packages/urllib3/packages/six.py", line 735, in reraise
    raise value
  File "/root/.cache/pypoetry/virtualenvs/cpdbv2-backend-VA82Wl8V-py3.7/lib/python3.7/site-packages/urllib3/connectionpool.py", line 677, in urlopen
    chunked=chunked,
  File "/root/.cache/pypoetry/virtualenvs/cpdbv2-backend-VA82Wl8V-py3.7/lib/python3.7/site-packages/urllib3/connectionpool.py", line 392, in _make_request
    conn.request(method, url, **httplib_request_kw)
  File "/usr/local/lib/python3.7/http/client.py", line 1281, in request
    self._send_request(method, url, body, headers, encode_chunked)
  File "/usr/local/lib/python3.7/http/client.py", line 1327, in _send_request
    self.endheaders(body, encode_chunked=encode_chunked)
  File "/usr/local/lib/python3.7/http/client.py", line 1276, in endheaders
    self._send_output(message_body, encode_chunked=encode_chunked)
  File "/usr/local/lib/python3.7/http/client.py", line 1036, in _send_output
    self.send(msg)
  File "/usr/local/lib/python3.7/http/client.py", line 976, in send
    self.connect()
  File "/root/.cache/pypoetry/virtualenvs/cpdbv2-backend-VA82Wl8V-py3.7/lib/python3.7/site-packages/urllib3/connection.py", line 187, in connect
    conn = self._new_conn()
  File "/root/.cache/pypoetry/virtualenvs/cpdbv2-backend-VA82Wl8V-py3.7/lib/python3.7/site-packages/urllib3/connection.py", line 172, in _new_conn
    self, "Failed to establish a new connection: %s" % e
urllib3.exceptions.NewConnectionError: <urllib3.connection.HTTPConnection object at 0x7ff06903b350>: Failed to establish a new connection: [Errno -2] Name or service not known
elasticsearch: DEBUG: > None
--------------------- >> end captured logging << ---------------------

======================================================================
ERROR: test_tweet_officer_in_tweet_text (twitterbot.tests.handlers.test_officer_tweet_handler.OfficerTweetHandlerTestCase)
----------------------------------------------------------------------
Traceback (most recent call last):
  File "/usr/src/app/cpdb/twitterbot/tests/handlers/test_officer_tweet_handler.py", line 34, in setUp
    super(OfficerTweetHandlerTestCase, self).setUp()
  File "/usr/src/app/cpdb/twitterbot/tests/mixins.py", line 7, in setUp
    officers_index_alias.write_index.delete(ignore=404)
  File "/root/.cache/pypoetry/virtualenvs/cpdbv2-backend-VA82Wl8V-py3.7/lib/python3.7/site-packages/elasticsearch_dsl/index.py", line 222, in delete
    self.connection.indices.delete(index=self._name, **kwargs)
  File "/root/.cache/pypoetry/virtualenvs/cpdbv2-backend-VA82Wl8V-py3.7/lib/python3.7/site-packages/elasticsearch/client/utils.py", line 73, in _wrapped
    return func(*args, params=params, **kwargs)
  File "/root/.cache/pypoetry/virtualenvs/cpdbv2-backend-VA82Wl8V-py3.7/lib/python3.7/site-packages/elasticsearch/client/indices.py", line 200, in delete
    params=params)
  File "/root/.cache/pypoetry/virtualenvs/cpdbv2-backend-VA82Wl8V-py3.7/lib/python3.7/site-packages/elasticsearch/transport.py", line 312, in perform_request
    status, headers, data = connection.perform_request(method, url, params, body, ignore=ignore, timeout=timeout)
  File "/root/.cache/pypoetry/virtualenvs/cpdbv2-backend-VA82Wl8V-py3.7/lib/python3.7/site-packages/elasticsearch/connection/http_urllib3.py", line 124, in perform_request
    raise ConnectionError('N/A', str(e), e)
elasticsearch.exceptions.ConnectionError: ConnectionError(<urllib3.connection.HTTPConnection object at 0x7ff06971a350>: Failed to establish a new connection: [Errno -2] Name or service not known) caused by: NewConnectionError(<urllib3.connection.HTTPConnection object at 0x7ff06971a350>: Failed to establish a new connection: [Errno -2] Name or service not known)
-------------------- >> begin captured logging << --------------------
urllib3.util.retry: DEBUG: Converted retries value: False -> Retry(total=False, connect=None, read=None, redirect=0, status=None)
urllib3.connectionpool: DEBUG: Starting new HTTP connection (705): elasticsearch:9200
elasticsearch: WARNING: DELETE http://elasticsearch:9200/test_officers_c97d3965-996f-4fbb-b4a7-1038423423bd [status:N/A request:0.004s]
Traceback (most recent call last):
  File "/root/.cache/pypoetry/virtualenvs/cpdbv2-backend-VA82Wl8V-py3.7/lib/python3.7/site-packages/urllib3/connection.py", line 160, in _new_conn
    (self._dns_host, self.port), self.timeout, **extra_kw
  File "/root/.cache/pypoetry/virtualenvs/cpdbv2-backend-VA82Wl8V-py3.7/lib/python3.7/site-packages/urllib3/util/connection.py", line 61, in create_connection
    for res in socket.getaddrinfo(host, port, family, socket.SOCK_STREAM):
  File "/usr/local/lib/python3.7/socket.py", line 752, in getaddrinfo
    for res in _socket.getaddrinfo(host, port, family, type, proto, flags):
socket.gaierror: [Errno -2] Name or service not known

During handling of the above exception, another exception occurred:

Traceback (most recent call last):
  File "/root/.cache/pypoetry/virtualenvs/cpdbv2-backend-VA82Wl8V-py3.7/lib/python3.7/site-packages/elasticsearch/connection/http_urllib3.py", line 115, in perform_request
    response = self.pool.urlopen(method, url, body, retries=False, headers=self.headers, **kw)
  File "/root/.cache/pypoetry/virtualenvs/cpdbv2-backend-VA82Wl8V-py3.7/lib/python3.7/site-packages/urllib3/connectionpool.py", line 727, in urlopen
    method, url, error=e, _pool=self, _stacktrace=sys.exc_info()[2]
  File "/root/.cache/pypoetry/virtualenvs/cpdbv2-backend-VA82Wl8V-py3.7/lib/python3.7/site-packages/urllib3/util/retry.py", line 386, in increment
    raise six.reraise(type(error), error, _stacktrace)
  File "/root/.cache/pypoetry/virtualenvs/cpdbv2-backend-VA82Wl8V-py3.7/lib/python3.7/site-packages/urllib3/packages/six.py", line 735, in reraise
    raise value
  File "/root/.cache/pypoetry/virtualenvs/cpdbv2-backend-VA82Wl8V-py3.7/lib/python3.7/site-packages/urllib3/connectionpool.py", line 677, in urlopen
    chunked=chunked,
  File "/root/.cache/pypoetry/virtualenvs/cpdbv2-backend-VA82Wl8V-py3.7/lib/python3.7/site-packages/urllib3/connectionpool.py", line 392, in _make_request
    conn.request(method, url, **httplib_request_kw)
  File "/usr/local/lib/python3.7/http/client.py", line 1281, in request
    self._send_request(method, url, body, headers, encode_chunked)
  File "/usr/local/lib/python3.7/http/client.py", line 1327, in _send_request
    self.endheaders(body, encode_chunked=encode_chunked)
  File "/usr/local/lib/python3.7/http/client.py", line 1276, in endheaders
    self._send_output(message_body, encode_chunked=encode_chunked)
  File "/usr/local/lib/python3.7/http/client.py", line 1036, in _send_output
    self.send(msg)
  File "/usr/local/lib/python3.7/http/client.py", line 976, in send
    self.connect()
  File "/root/.cache/pypoetry/virtualenvs/cpdbv2-backend-VA82Wl8V-py3.7/lib/python3.7/site-packages/urllib3/connection.py", line 187, in connect
    conn = self._new_conn()
  File "/root/.cache/pypoetry/virtualenvs/cpdbv2-backend-VA82Wl8V-py3.7/lib/python3.7/site-packages/urllib3/connection.py", line 172, in _new_conn
    self, "Failed to establish a new connection: %s" % e
urllib3.exceptions.NewConnectionError: <urllib3.connection.HTTPConnection object at 0x7ff069724890>: Failed to establish a new connection: [Errno -2] Name or service not known
elasticsearch: DEBUG: > None
urllib3.util.retry: DEBUG: Converted retries value: False -> Retry(total=False, connect=None, read=None, redirect=0, status=None)
urllib3.connectionpool: DEBUG: Starting new HTTP connection (706): elasticsearch:9200
elasticsearch: WARNING: DELETE http://elasticsearch:9200/test_officers_c97d3965-996f-4fbb-b4a7-1038423423bd [status:N/A request:0.004s]
Traceback (most recent call last):
  File "/root/.cache/pypoetry/virtualenvs/cpdbv2-backend-VA82Wl8V-py3.7/lib/python3.7/site-packages/urllib3/connection.py", line 160, in _new_conn
    (self._dns_host, self.port), self.timeout, **extra_kw
  File "/root/.cache/pypoetry/virtualenvs/cpdbv2-backend-VA82Wl8V-py3.7/lib/python3.7/site-packages/urllib3/util/connection.py", line 61, in create_connection
    for res in socket.getaddrinfo(host, port, family, socket.SOCK_STREAM):
  File "/usr/local/lib/python3.7/socket.py", line 752, in getaddrinfo
    for res in _socket.getaddrinfo(host, port, family, type, proto, flags):
socket.gaierror: [Errno -2] Name or service not known

During handling of the above exception, another exception occurred:

Traceback (most recent call last):
  File "/root/.cache/pypoetry/virtualenvs/cpdbv2-backend-VA82Wl8V-py3.7/lib/python3.7/site-packages/elasticsearch/connection/http_urllib3.py", line 115, in perform_request
    response = self.pool.urlopen(method, url, body, retries=False, headers=self.headers, **kw)
  File "/root/.cache/pypoetry/virtualenvs/cpdbv2-backend-VA82Wl8V-py3.7/lib/python3.7/site-packages/urllib3/connectionpool.py", line 727, in urlopen
    method, url, error=e, _pool=self, _stacktrace=sys.exc_info()[2]
  File "/root/.cache/pypoetry/virtualenvs/cpdbv2-backend-VA82Wl8V-py3.7/lib/python3.7/site-packages/urllib3/util/retry.py", line 386, in increment
    raise six.reraise(type(error), error, _stacktrace)
  File "/root/.cache/pypoetry/virtualenvs/cpdbv2-backend-VA82Wl8V-py3.7/lib/python3.7/site-packages/urllib3/packages/six.py", line 735, in reraise
    raise value
  File "/root/.cache/pypoetry/virtualenvs/cpdbv2-backend-VA82Wl8V-py3.7/lib/python3.7/site-packages/urllib3/connectionpool.py", line 677, in urlopen
    chunked=chunked,
  File "/root/.cache/pypoetry/virtualenvs/cpdbv2-backend-VA82Wl8V-py3.7/lib/python3.7/site-packages/urllib3/connectionpool.py", line 392, in _make_request
    conn.request(method, url, **httplib_request_kw)
  File "/usr/local/lib/python3.7/http/client.py", line 1281, in request
    self._send_request(method, url, body, headers, encode_chunked)
  File "/usr/local/lib/python3.7/http/client.py", line 1327, in _send_request
    self.endheaders(body, encode_chunked=encode_chunked)
  File "/usr/local/lib/python3.7/http/client.py", line 1276, in endheaders
    self._send_output(message_body, encode_chunked=encode_chunked)
  File "/usr/local/lib/python3.7/http/client.py", line 1036, in _send_output
    self.send(msg)
  File "/usr/local/lib/python3.7/http/client.py", line 976, in send
    self.connect()
  File "/root/.cache/pypoetry/virtualenvs/cpdbv2-backend-VA82Wl8V-py3.7/lib/python3.7/site-packages/urllib3/connection.py", line 187, in connect
    conn = self._new_conn()
  File "/root/.cache/pypoetry/virtualenvs/cpdbv2-backend-VA82Wl8V-py3.7/lib/python3.7/site-packages/urllib3/connection.py", line 172, in _new_conn
    self, "Failed to establish a new connection: %s" % e
urllib3.exceptions.NewConnectionError: <urllib3.connection.HTTPConnection object at 0x7ff069724d10>: Failed to establish a new connection: [Errno -2] Name or service not known
elasticsearch: DEBUG: > None
urllib3.util.retry: DEBUG: Converted retries value: False -> Retry(total=False, connect=None, read=None, redirect=0, status=None)
urllib3.connectionpool: DEBUG: Starting new HTTP connection (707): elasticsearch:9200
elasticsearch: WARNING: DELETE http://elasticsearch:9200/test_officers_c97d3965-996f-4fbb-b4a7-1038423423bd [status:N/A request:0.005s]
Traceback (most recent call last):
  File "/root/.cache/pypoetry/virtualenvs/cpdbv2-backend-VA82Wl8V-py3.7/lib/python3.7/site-packages/urllib3/connection.py", line 160, in _new_conn
    (self._dns_host, self.port), self.timeout, **extra_kw
  File "/root/.cache/pypoetry/virtualenvs/cpdbv2-backend-VA82Wl8V-py3.7/lib/python3.7/site-packages/urllib3/util/connection.py", line 61, in create_connection
    for res in socket.getaddrinfo(host, port, family, socket.SOCK_STREAM):
  File "/usr/local/lib/python3.7/socket.py", line 752, in getaddrinfo
    for res in _socket.getaddrinfo(host, port, family, type, proto, flags):
socket.gaierror: [Errno -2] Name or service not known

During handling of the above exception, another exception occurred:

Traceback (most recent call last):
  File "/root/.cache/pypoetry/virtualenvs/cpdbv2-backend-VA82Wl8V-py3.7/lib/python3.7/site-packages/elasticsearch/connection/http_urllib3.py", line 115, in perform_request
    response = self.pool.urlopen(method, url, body, retries=False, headers=self.headers, **kw)
  File "/root/.cache/pypoetry/virtualenvs/cpdbv2-backend-VA82Wl8V-py3.7/lib/python3.7/site-packages/urllib3/connectionpool.py", line 727, in urlopen
    method, url, error=e, _pool=self, _stacktrace=sys.exc_info()[2]
  File "/root/.cache/pypoetry/virtualenvs/cpdbv2-backend-VA82Wl8V-py3.7/lib/python3.7/site-packages/urllib3/util/retry.py", line 386, in increment
    raise six.reraise(type(error), error, _stacktrace)
  File "/root/.cache/pypoetry/virtualenvs/cpdbv2-backend-VA82Wl8V-py3.7/lib/python3.7/site-packages/urllib3/packages/six.py", line 735, in reraise
    raise value
  File "/root/.cache/pypoetry/virtualenvs/cpdbv2-backend-VA82Wl8V-py3.7/lib/python3.7/site-packages/urllib3/connectionpool.py", line 677, in urlopen
    chunked=chunked,
  File "/root/.cache/pypoetry/virtualenvs/cpdbv2-backend-VA82Wl8V-py3.7/lib/python3.7/site-packages/urllib3/connectionpool.py", line 392, in _make_request
    conn.request(method, url, **httplib_request_kw)
  File "/usr/local/lib/python3.7/http/client.py", line 1281, in request
    self._send_request(method, url, body, headers, encode_chunked)
  File "/usr/local/lib/python3.7/http/client.py", line 1327, in _send_request
    self.endheaders(body, encode_chunked=encode_chunked)
  File "/usr/local/lib/python3.7/http/client.py", line 1276, in endheaders
    self._send_output(message_body, encode_chunked=encode_chunked)
  File "/usr/local/lib/python3.7/http/client.py", line 1036, in _send_output
    self.send(msg)
  File "/usr/local/lib/python3.7/http/client.py", line 976, in send
    self.connect()
  File "/root/.cache/pypoetry/virtualenvs/cpdbv2-backend-VA82Wl8V-py3.7/lib/python3.7/site-packages/urllib3/connection.py", line 187, in connect
    conn = self._new_conn()
  File "/root/.cache/pypoetry/virtualenvs/cpdbv2-backend-VA82Wl8V-py3.7/lib/python3.7/site-packages/urllib3/connection.py", line 172, in _new_conn
    self, "Failed to establish a new connection: %s" % e
urllib3.exceptions.NewConnectionError: <urllib3.connection.HTTPConnection object at 0x7ff069724410>: Failed to establish a new connection: [Errno -2] Name or service not known
elasticsearch: DEBUG: > None
urllib3.util.retry: DEBUG: Converted retries value: False -> Retry(total=False, connect=None, read=None, redirect=0, status=None)
urllib3.connectionpool: DEBUG: Starting new HTTP connection (708): elasticsearch:9200
elasticsearch: WARNING: DELETE http://elasticsearch:9200/test_officers_c97d3965-996f-4fbb-b4a7-1038423423bd [status:N/A request:0.004s]
Traceback (most recent call last):
  File "/root/.cache/pypoetry/virtualenvs/cpdbv2-backend-VA82Wl8V-py3.7/lib/python3.7/site-packages/urllib3/connection.py", line 160, in _new_conn
    (self._dns_host, self.port), self.timeout, **extra_kw
  File "/root/.cache/pypoetry/virtualenvs/cpdbv2-backend-VA82Wl8V-py3.7/lib/python3.7/site-packages/urllib3/util/connection.py", line 61, in create_connection
    for res in socket.getaddrinfo(host, port, family, socket.SOCK_STREAM):
  File "/usr/local/lib/python3.7/socket.py", line 752, in getaddrinfo
    for res in _socket.getaddrinfo(host, port, family, type, proto, flags):
socket.gaierror: [Errno -2] Name or service not known

During handling of the above exception, another exception occurred:

Traceback (most recent call last):
  File "/root/.cache/pypoetry/virtualenvs/cpdbv2-backend-VA82Wl8V-py3.7/lib/python3.7/site-packages/elasticsearch/connection/http_urllib3.py", line 115, in perform_request
    response = self.pool.urlopen(method, url, body, retries=False, headers=self.headers, **kw)
  File "/root/.cache/pypoetry/virtualenvs/cpdbv2-backend-VA82Wl8V-py3.7/lib/python3.7/site-packages/urllib3/connectionpool.py", line 727, in urlopen
    method, url, error=e, _pool=self, _stacktrace=sys.exc_info()[2]
  File "/root/.cache/pypoetry/virtualenvs/cpdbv2-backend-VA82Wl8V-py3.7/lib/python3.7/site-packages/urllib3/util/retry.py", line 386, in increment
    raise six.reraise(type(error), error, _stacktrace)
  File "/root/.cache/pypoetry/virtualenvs/cpdbv2-backend-VA82Wl8V-py3.7/lib/python3.7/site-packages/urllib3/packages/six.py", line 735, in reraise
    raise value
  File "/root/.cache/pypoetry/virtualenvs/cpdbv2-backend-VA82Wl8V-py3.7/lib/python3.7/site-packages/urllib3/connectionpool.py", line 677, in urlopen
    chunked=chunked,
  File "/root/.cache/pypoetry/virtualenvs/cpdbv2-backend-VA82Wl8V-py3.7/lib/python3.7/site-packages/urllib3/connectionpool.py", line 392, in _make_request
    conn.request(method, url, **httplib_request_kw)
  File "/usr/local/lib/python3.7/http/client.py", line 1281, in request
    self._send_request(method, url, body, headers, encode_chunked)
  File "/usr/local/lib/python3.7/http/client.py", line 1327, in _send_request
    self.endheaders(body, encode_chunked=encode_chunked)
  File "/usr/local/lib/python3.7/http/client.py", line 1276, in endheaders
    self._send_output(message_body, encode_chunked=encode_chunked)
  File "/usr/local/lib/python3.7/http/client.py", line 1036, in _send_output
    self.send(msg)
  File "/usr/local/lib/python3.7/http/client.py", line 976, in send
    self.connect()
  File "/root/.cache/pypoetry/virtualenvs/cpdbv2-backend-VA82Wl8V-py3.7/lib/python3.7/site-packages/urllib3/connection.py", line 187, in connect
    conn = self._new_conn()
  File "/root/.cache/pypoetry/virtualenvs/cpdbv2-backend-VA82Wl8V-py3.7/lib/python3.7/site-packages/urllib3/connection.py", line 172, in _new_conn
    self, "Failed to establish a new connection: %s" % e
urllib3.exceptions.NewConnectionError: <urllib3.connection.HTTPConnection object at 0x7ff06971a350>: Failed to establish a new connection: [Errno -2] Name or service not known
elasticsearch: DEBUG: > None
--------------------- >> end captured logging << ---------------------

======================================================================
ERROR: test_extract_calls_correct_services (twitterbot.tests.test_officer_extractor_pipelines.TextPipelineTestCase)
----------------------------------------------------------------------
Traceback (most recent call last):
  File "/usr/src/app/cpdb/twitterbot/tests/mixins.py", line 7, in setUp
    officers_index_alias.write_index.delete(ignore=404)
  File "/root/.cache/pypoetry/virtualenvs/cpdbv2-backend-VA82Wl8V-py3.7/lib/python3.7/site-packages/elasticsearch_dsl/index.py", line 222, in delete
    self.connection.indices.delete(index=self._name, **kwargs)
  File "/root/.cache/pypoetry/virtualenvs/cpdbv2-backend-VA82Wl8V-py3.7/lib/python3.7/site-packages/elasticsearch/client/utils.py", line 73, in _wrapped
    return func(*args, params=params, **kwargs)
  File "/root/.cache/pypoetry/virtualenvs/cpdbv2-backend-VA82Wl8V-py3.7/lib/python3.7/site-packages/elasticsearch/client/indices.py", line 200, in delete
    params=params)
  File "/root/.cache/pypoetry/virtualenvs/cpdbv2-backend-VA82Wl8V-py3.7/lib/python3.7/site-packages/elasticsearch/transport.py", line 312, in perform_request
    status, headers, data = connection.perform_request(method, url, params, body, ignore=ignore, timeout=timeout)
  File "/root/.cache/pypoetry/virtualenvs/cpdbv2-backend-VA82Wl8V-py3.7/lib/python3.7/site-packages/elasticsearch/connection/http_urllib3.py", line 124, in perform_request
    raise ConnectionError('N/A', str(e), e)
elasticsearch.exceptions.ConnectionError: ConnectionError(<urllib3.connection.HTTPConnection object at 0x7ff0690424d0>: Failed to establish a new connection: [Errno -2] Name or service not known) caused by: NewConnectionError(<urllib3.connection.HTTPConnection object at 0x7ff0690424d0>: Failed to establish a new connection: [Errno -2] Name or service not known)
-------------------- >> begin captured logging << --------------------
urllib3.util.retry: DEBUG: Converted retries value: False -> Retry(total=False, connect=None, read=None, redirect=0, status=None)
urllib3.connectionpool: DEBUG: Starting new HTTP connection (709): elasticsearch:9200
elasticsearch: WARNING: DELETE http://elasticsearch:9200/test_officers_c97d3965-996f-4fbb-b4a7-1038423423bd [status:N/A request:0.004s]
Traceback (most recent call last):
  File "/root/.cache/pypoetry/virtualenvs/cpdbv2-backend-VA82Wl8V-py3.7/lib/python3.7/site-packages/urllib3/connection.py", line 160, in _new_conn
    (self._dns_host, self.port), self.timeout, **extra_kw
  File "/root/.cache/pypoetry/virtualenvs/cpdbv2-backend-VA82Wl8V-py3.7/lib/python3.7/site-packages/urllib3/util/connection.py", line 61, in create_connection
    for res in socket.getaddrinfo(host, port, family, socket.SOCK_STREAM):
  File "/usr/local/lib/python3.7/socket.py", line 752, in getaddrinfo
    for res in _socket.getaddrinfo(host, port, family, type, proto, flags):
socket.gaierror: [Errno -2] Name or service not known

During handling of the above exception, another exception occurred:

Traceback (most recent call last):
  File "/root/.cache/pypoetry/virtualenvs/cpdbv2-backend-VA82Wl8V-py3.7/lib/python3.7/site-packages/elasticsearch/connection/http_urllib3.py", line 115, in perform_request
    response = self.pool.urlopen(method, url, body, retries=False, headers=self.headers, **kw)
  File "/root/.cache/pypoetry/virtualenvs/cpdbv2-backend-VA82Wl8V-py3.7/lib/python3.7/site-packages/urllib3/connectionpool.py", line 727, in urlopen
    method, url, error=e, _pool=self, _stacktrace=sys.exc_info()[2]
  File "/root/.cache/pypoetry/virtualenvs/cpdbv2-backend-VA82Wl8V-py3.7/lib/python3.7/site-packages/urllib3/util/retry.py", line 386, in increment
    raise six.reraise(type(error), error, _stacktrace)
  File "/root/.cache/pypoetry/virtualenvs/cpdbv2-backend-VA82Wl8V-py3.7/lib/python3.7/site-packages/urllib3/packages/six.py", line 735, in reraise
    raise value
  File "/root/.cache/pypoetry/virtualenvs/cpdbv2-backend-VA82Wl8V-py3.7/lib/python3.7/site-packages/urllib3/connectionpool.py", line 677, in urlopen
    chunked=chunked,
  File "/root/.cache/pypoetry/virtualenvs/cpdbv2-backend-VA82Wl8V-py3.7/lib/python3.7/site-packages/urllib3/connectionpool.py", line 392, in _make_request
    conn.request(method, url, **httplib_request_kw)
  File "/usr/local/lib/python3.7/http/client.py", line 1281, in request
    self._send_request(method, url, body, headers, encode_chunked)
  File "/usr/local/lib/python3.7/http/client.py", line 1327, in _send_request
    self.endheaders(body, encode_chunked=encode_chunked)
  File "/usr/local/lib/python3.7/http/client.py", line 1276, in endheaders
    self._send_output(message_body, encode_chunked=encode_chunked)
  File "/usr/local/lib/python3.7/http/client.py", line 1036, in _send_output
    self.send(msg)
  File "/usr/local/lib/python3.7/http/client.py", line 976, in send
    self.connect()
  File "/root/.cache/pypoetry/virtualenvs/cpdbv2-backend-VA82Wl8V-py3.7/lib/python3.7/site-packages/urllib3/connection.py", line 187, in connect
    conn = self._new_conn()
  File "/root/.cache/pypoetry/virtualenvs/cpdbv2-backend-VA82Wl8V-py3.7/lib/python3.7/site-packages/urllib3/connection.py", line 172, in _new_conn
    self, "Failed to establish a new connection: %s" % e
urllib3.exceptions.NewConnectionError: <urllib3.connection.HTTPConnection object at 0x7ff06971a6d0>: Failed to establish a new connection: [Errno -2] Name or service not known
elasticsearch: DEBUG: > None
urllib3.util.retry: DEBUG: Converted retries value: False -> Retry(total=False, connect=None, read=None, redirect=0, status=None)
urllib3.connectionpool: DEBUG: Starting new HTTP connection (710): elasticsearch:9200
elasticsearch: WARNING: DELETE http://elasticsearch:9200/test_officers_c97d3965-996f-4fbb-b4a7-1038423423bd [status:N/A request:0.005s]
Traceback (most recent call last):
  File "/root/.cache/pypoetry/virtualenvs/cpdbv2-backend-VA82Wl8V-py3.7/lib/python3.7/site-packages/urllib3/connection.py", line 160, in _new_conn
    (self._dns_host, self.port), self.timeout, **extra_kw
  File "/root/.cache/pypoetry/virtualenvs/cpdbv2-backend-VA82Wl8V-py3.7/lib/python3.7/site-packages/urllib3/util/connection.py", line 61, in create_connection
    for res in socket.getaddrinfo(host, port, family, socket.SOCK_STREAM):
  File "/usr/local/lib/python3.7/socket.py", line 752, in getaddrinfo
    for res in _socket.getaddrinfo(host, port, family, type, proto, flags):
socket.gaierror: [Errno -2] Name or service not known

During handling of the above exception, another exception occurred:

Traceback (most recent call last):
  File "/root/.cache/pypoetry/virtualenvs/cpdbv2-backend-VA82Wl8V-py3.7/lib/python3.7/site-packages/elasticsearch/connection/http_urllib3.py", line 115, in perform_request
    response = self.pool.urlopen(method, url, body, retries=False, headers=self.headers, **kw)
  File "/root/.cache/pypoetry/virtualenvs/cpdbv2-backend-VA82Wl8V-py3.7/lib/python3.7/site-packages/urllib3/connectionpool.py", line 727, in urlopen
    method, url, error=e, _pool=self, _stacktrace=sys.exc_info()[2]
  File "/root/.cache/pypoetry/virtualenvs/cpdbv2-backend-VA82Wl8V-py3.7/lib/python3.7/site-packages/urllib3/util/retry.py", line 386, in increment
    raise six.reraise(type(error), error, _stacktrace)
  File "/root/.cache/pypoetry/virtualenvs/cpdbv2-backend-VA82Wl8V-py3.7/lib/python3.7/site-packages/urllib3/packages/six.py", line 735, in reraise
    raise value
  File "/root/.cache/pypoetry/virtualenvs/cpdbv2-backend-VA82Wl8V-py3.7/lib/python3.7/site-packages/urllib3/connectionpool.py", line 677, in urlopen
    chunked=chunked,
  File "/root/.cache/pypoetry/virtualenvs/cpdbv2-backend-VA82Wl8V-py3.7/lib/python3.7/site-packages/urllib3/connectionpool.py", line 392, in _make_request
    conn.request(method, url, **httplib_request_kw)
  File "/usr/local/lib/python3.7/http/client.py", line 1281, in request
    self._send_request(method, url, body, headers, encode_chunked)
  File "/usr/local/lib/python3.7/http/client.py", line 1327, in _send_request
    self.endheaders(body, encode_chunked=encode_chunked)
  File "/usr/local/lib/python3.7/http/client.py", line 1276, in endheaders
    self._send_output(message_body, encode_chunked=encode_chunked)
  File "/usr/local/lib/python3.7/http/client.py", line 1036, in _send_output
    self.send(msg)
  File "/usr/local/lib/python3.7/http/client.py", line 976, in send
    self.connect()
  File "/root/.cache/pypoetry/virtualenvs/cpdbv2-backend-VA82Wl8V-py3.7/lib/python3.7/site-packages/urllib3/connection.py", line 187, in connect
    conn = self._new_conn()
  File "/root/.cache/pypoetry/virtualenvs/cpdbv2-backend-VA82Wl8V-py3.7/lib/python3.7/site-packages/urllib3/connection.py", line 172, in _new_conn
    self, "Failed to establish a new connection: %s" % e
urllib3.exceptions.NewConnectionError: <urllib3.connection.HTTPConnection object at 0x7ff06900e5d0>: Failed to establish a new connection: [Errno -2] Name or service not known
elasticsearch: DEBUG: > None
urllib3.util.retry: DEBUG: Converted retries value: False -> Retry(total=False, connect=None, read=None, redirect=0, status=None)
urllib3.connectionpool: DEBUG: Starting new HTTP connection (711): elasticsearch:9200
elasticsearch: WARNING: DELETE http://elasticsearch:9200/test_officers_c97d3965-996f-4fbb-b4a7-1038423423bd [status:N/A request:0.004s]
Traceback (most recent call last):
  File "/root/.cache/pypoetry/virtualenvs/cpdbv2-backend-VA82Wl8V-py3.7/lib/python3.7/site-packages/urllib3/connection.py", line 160, in _new_conn
    (self._dns_host, self.port), self.timeout, **extra_kw
  File "/root/.cache/pypoetry/virtualenvs/cpdbv2-backend-VA82Wl8V-py3.7/lib/python3.7/site-packages/urllib3/util/connection.py", line 61, in create_connection
    for res in socket.getaddrinfo(host, port, family, socket.SOCK_STREAM):
  File "/usr/local/lib/python3.7/socket.py", line 752, in getaddrinfo
    for res in _socket.getaddrinfo(host, port, family, type, proto, flags):
socket.gaierror: [Errno -2] Name or service not known

During handling of the above exception, another exception occurred:

Traceback (most recent call last):
  File "/root/.cache/pypoetry/virtualenvs/cpdbv2-backend-VA82Wl8V-py3.7/lib/python3.7/site-packages/elasticsearch/connection/http_urllib3.py", line 115, in perform_request
    response = self.pool.urlopen(method, url, body, retries=False, headers=self.headers, **kw)
  File "/root/.cache/pypoetry/virtualenvs/cpdbv2-backend-VA82Wl8V-py3.7/lib/python3.7/site-packages/urllib3/connectionpool.py", line 727, in urlopen
    method, url, error=e, _pool=self, _stacktrace=sys.exc_info()[2]
  File "/root/.cache/pypoetry/virtualenvs/cpdbv2-backend-VA82Wl8V-py3.7/lib/python3.7/site-packages/urllib3/util/retry.py", line 386, in increment
    raise six.reraise(type(error), error, _stacktrace)
  File "/root/.cache/pypoetry/virtualenvs/cpdbv2-backend-VA82Wl8V-py3.7/lib/python3.7/site-packages/urllib3/packages/six.py", line 735, in reraise
    raise value
  File "/root/.cache/pypoetry/virtualenvs/cpdbv2-backend-VA82Wl8V-py3.7/lib/python3.7/site-packages/urllib3/connectionpool.py", line 677, in urlopen
    chunked=chunked,
  File "/root/.cache/pypoetry/virtualenvs/cpdbv2-backend-VA82Wl8V-py3.7/lib/python3.7/site-packages/urllib3/connectionpool.py", line 392, in _make_request
    conn.request(method, url, **httplib_request_kw)
  File "/usr/local/lib/python3.7/http/client.py", line 1281, in request
    self._send_request(method, url, body, headers, encode_chunked)
  File "/usr/local/lib/python3.7/http/client.py", line 1327, in _send_request
    self.endheaders(body, encode_chunked=encode_chunked)
  File "/usr/local/lib/python3.7/http/client.py", line 1276, in endheaders
    self._send_output(message_body, encode_chunked=encode_chunked)
  File "/usr/local/lib/python3.7/http/client.py", line 1036, in _send_output
    self.send(msg)
  File "/usr/local/lib/python3.7/http/client.py", line 976, in send
    self.connect()
  File "/root/.cache/pypoetry/virtualenvs/cpdbv2-backend-VA82Wl8V-py3.7/lib/python3.7/site-packages/urllib3/connection.py", line 187, in connect
    conn = self._new_conn()
  File "/root/.cache/pypoetry/virtualenvs/cpdbv2-backend-VA82Wl8V-py3.7/lib/python3.7/site-packages/urllib3/connection.py", line 172, in _new_conn
    self, "Failed to establish a new connection: %s" % e
urllib3.exceptions.NewConnectionError: <urllib3.connection.HTTPConnection object at 0x7ff06900eb10>: Failed to establish a new connection: [Errno -2] Name or service not known
elasticsearch: DEBUG: > None
urllib3.util.retry: DEBUG: Converted retries value: False -> Retry(total=False, connect=None, read=None, redirect=0, status=None)
urllib3.connectionpool: DEBUG: Starting new HTTP connection (712): elasticsearch:9200
elasticsearch: WARNING: DELETE http://elasticsearch:9200/test_officers_c97d3965-996f-4fbb-b4a7-1038423423bd [status:N/A request:0.004s]
Traceback (most recent call last):
  File "/root/.cache/pypoetry/virtualenvs/cpdbv2-backend-VA82Wl8V-py3.7/lib/python3.7/site-packages/urllib3/connection.py", line 160, in _new_conn
    (self._dns_host, self.port), self.timeout, **extra_kw
  File "/root/.cache/pypoetry/virtualenvs/cpdbv2-backend-VA82Wl8V-py3.7/lib/python3.7/site-packages/urllib3/util/connection.py", line 61, in create_connection
    for res in socket.getaddrinfo(host, port, family, socket.SOCK_STREAM):
  File "/usr/local/lib/python3.7/socket.py", line 752, in getaddrinfo
    for res in _socket.getaddrinfo(host, port, family, type, proto, flags):
socket.gaierror: [Errno -2] Name or service not known

During handling of the above exception, another exception occurred:

Traceback (most recent call last):
  File "/root/.cache/pypoetry/virtualenvs/cpdbv2-backend-VA82Wl8V-py3.7/lib/python3.7/site-packages/elasticsearch/connection/http_urllib3.py", line 115, in perform_request
    response = self.pool.urlopen(method, url, body, retries=False, headers=self.headers, **kw)
  File "/root/.cache/pypoetry/virtualenvs/cpdbv2-backend-VA82Wl8V-py3.7/lib/python3.7/site-packages/urllib3/connectionpool.py", line 727, in urlopen
    method, url, error=e, _pool=self, _stacktrace=sys.exc_info()[2]
  File "/root/.cache/pypoetry/virtualenvs/cpdbv2-backend-VA82Wl8V-py3.7/lib/python3.7/site-packages/urllib3/util/retry.py", line 386, in increment
    raise six.reraise(type(error), error, _stacktrace)
  File "/root/.cache/pypoetry/virtualenvs/cpdbv2-backend-VA82Wl8V-py3.7/lib/python3.7/site-packages/urllib3/packages/six.py", line 735, in reraise
    raise value
  File "/root/.cache/pypoetry/virtualenvs/cpdbv2-backend-VA82Wl8V-py3.7/lib/python3.7/site-packages/urllib3/connectionpool.py", line 677, in urlopen
    chunked=chunked,
  File "/root/.cache/pypoetry/virtualenvs/cpdbv2-backend-VA82Wl8V-py3.7/lib/python3.7/site-packages/urllib3/connectionpool.py", line 392, in _make_request
    conn.request(method, url, **httplib_request_kw)
  File "/usr/local/lib/python3.7/http/client.py", line 1281, in request
    self._send_request(method, url, body, headers, encode_chunked)
  File "/usr/local/lib/python3.7/http/client.py", line 1327, in _send_request
    self.endheaders(body, encode_chunked=encode_chunked)
  File "/usr/local/lib/python3.7/http/client.py", line 1276, in endheaders
    self._send_output(message_body, encode_chunked=encode_chunked)
  File "/usr/local/lib/python3.7/http/client.py", line 1036, in _send_output
    self.send(msg)
  File "/usr/local/lib/python3.7/http/client.py", line 976, in send
    self.connect()
  File "/root/.cache/pypoetry/virtualenvs/cpdbv2-backend-VA82Wl8V-py3.7/lib/python3.7/site-packages/urllib3/connection.py", line 187, in connect
    conn = self._new_conn()
  File "/root/.cache/pypoetry/virtualenvs/cpdbv2-backend-VA82Wl8V-py3.7/lib/python3.7/site-packages/urllib3/connection.py", line 172, in _new_conn
    self, "Failed to establish a new connection: %s" % e
urllib3.exceptions.NewConnectionError: <urllib3.connection.HTTPConnection object at 0x7ff0690424d0>: Failed to establish a new connection: [Errno -2] Name or service not known
elasticsearch: DEBUG: > None
--------------------- >> end captured logging << ---------------------

======================================================================
ERROR: test_extract_matching_id (twitterbot.tests.test_officer_extractor_pipelines.UrlPipelineTestCase)
----------------------------------------------------------------------
Traceback (most recent call last):
  File "/usr/src/app/cpdb/twitterbot/tests/mixins.py", line 7, in setUp
    officers_index_alias.write_index.delete(ignore=404)
  File "/root/.cache/pypoetry/virtualenvs/cpdbv2-backend-VA82Wl8V-py3.7/lib/python3.7/site-packages/elasticsearch_dsl/index.py", line 222, in delete
    self.connection.indices.delete(index=self._name, **kwargs)
  File "/root/.cache/pypoetry/virtualenvs/cpdbv2-backend-VA82Wl8V-py3.7/lib/python3.7/site-packages/elasticsearch/client/utils.py", line 73, in _wrapped
    return func(*args, params=params, **kwargs)
  File "/root/.cache/pypoetry/virtualenvs/cpdbv2-backend-VA82Wl8V-py3.7/lib/python3.7/site-packages/elasticsearch/client/indices.py", line 200, in delete
    params=params)
  File "/root/.cache/pypoetry/virtualenvs/cpdbv2-backend-VA82Wl8V-py3.7/lib/python3.7/site-packages/elasticsearch/transport.py", line 312, in perform_request
    status, headers, data = connection.perform_request(method, url, params, body, ignore=ignore, timeout=timeout)
  File "/root/.cache/pypoetry/virtualenvs/cpdbv2-backend-VA82Wl8V-py3.7/lib/python3.7/site-packages/elasticsearch/connection/http_urllib3.py", line 124, in perform_request
    raise ConnectionError('N/A', str(e), e)
elasticsearch.exceptions.ConnectionError: ConnectionError(<urllib3.connection.HTTPConnection object at 0x7ff069057750>: Failed to establish a new connection: [Errno -2] Name or service not known) caused by: NewConnectionError(<urllib3.connection.HTTPConnection object at 0x7ff069057750>: Failed to establish a new connection: [Errno -2] Name or service not known)
-------------------- >> begin captured logging << --------------------
urllib3.util.retry: DEBUG: Converted retries value: False -> Retry(total=False, connect=None, read=None, redirect=0, status=None)
urllib3.connectionpool: DEBUG: Starting new HTTP connection (713): elasticsearch:9200
elasticsearch: WARNING: DELETE http://elasticsearch:9200/test_officers_c97d3965-996f-4fbb-b4a7-1038423423bd [status:N/A request:0.005s]
Traceback (most recent call last):
  File "/root/.cache/pypoetry/virtualenvs/cpdbv2-backend-VA82Wl8V-py3.7/lib/python3.7/site-packages/urllib3/connection.py", line 160, in _new_conn
    (self._dns_host, self.port), self.timeout, **extra_kw
  File "/root/.cache/pypoetry/virtualenvs/cpdbv2-backend-VA82Wl8V-py3.7/lib/python3.7/site-packages/urllib3/util/connection.py", line 61, in create_connection
    for res in socket.getaddrinfo(host, port, family, socket.SOCK_STREAM):
  File "/usr/local/lib/python3.7/socket.py", line 752, in getaddrinfo
    for res in _socket.getaddrinfo(host, port, family, type, proto, flags):
socket.gaierror: [Errno -2] Name or service not known

During handling of the above exception, another exception occurred:

Traceback (most recent call last):
  File "/root/.cache/pypoetry/virtualenvs/cpdbv2-backend-VA82Wl8V-py3.7/lib/python3.7/site-packages/elasticsearch/connection/http_urllib3.py", line 115, in perform_request
    response = self.pool.urlopen(method, url, body, retries=False, headers=self.headers, **kw)
  File "/root/.cache/pypoetry/virtualenvs/cpdbv2-backend-VA82Wl8V-py3.7/lib/python3.7/site-packages/urllib3/connectionpool.py", line 727, in urlopen
    method, url, error=e, _pool=self, _stacktrace=sys.exc_info()[2]
  File "/root/.cache/pypoetry/virtualenvs/cpdbv2-backend-VA82Wl8V-py3.7/lib/python3.7/site-packages/urllib3/util/retry.py", line 386, in increment
    raise six.reraise(type(error), error, _stacktrace)
  File "/root/.cache/pypoetry/virtualenvs/cpdbv2-backend-VA82Wl8V-py3.7/lib/python3.7/site-packages/urllib3/packages/six.py", line 735, in reraise
    raise value
  File "/root/.cache/pypoetry/virtualenvs/cpdbv2-backend-VA82Wl8V-py3.7/lib/python3.7/site-packages/urllib3/connectionpool.py", line 677, in urlopen
    chunked=chunked,
  File "/root/.cache/pypoetry/virtualenvs/cpdbv2-backend-VA82Wl8V-py3.7/lib/python3.7/site-packages/urllib3/connectionpool.py", line 392, in _make_request
    conn.request(method, url, **httplib_request_kw)
  File "/usr/local/lib/python3.7/http/client.py", line 1281, in request
    self._send_request(method, url, body, headers, encode_chunked)
  File "/usr/local/lib/python3.7/http/client.py", line 1327, in _send_request
    self.endheaders(body, encode_chunked=encode_chunked)
  File "/usr/local/lib/python3.7/http/client.py", line 1276, in endheaders
    self._send_output(message_body, encode_chunked=encode_chunked)
  File "/usr/local/lib/python3.7/http/client.py", line 1036, in _send_output
    self.send(msg)
  File "/usr/local/lib/python3.7/http/client.py", line 976, in send
    self.connect()
  File "/root/.cache/pypoetry/virtualenvs/cpdbv2-backend-VA82Wl8V-py3.7/lib/python3.7/site-packages/urllib3/connection.py", line 187, in connect
    conn = self._new_conn()
  File "/root/.cache/pypoetry/virtualenvs/cpdbv2-backend-VA82Wl8V-py3.7/lib/python3.7/site-packages/urllib3/connection.py", line 172, in _new_conn
    self, "Failed to establish a new connection: %s" % e
urllib3.exceptions.NewConnectionError: <urllib3.connection.HTTPConnection object at 0x7ff06900e310>: Failed to establish a new connection: [Errno -2] Name or service not known
elasticsearch: DEBUG: > None
urllib3.util.retry: DEBUG: Converted retries value: False -> Retry(total=False, connect=None, read=None, redirect=0, status=None)
urllib3.connectionpool: DEBUG: Starting new HTTP connection (714): elasticsearch:9200
elasticsearch: WARNING: DELETE http://elasticsearch:9200/test_officers_c97d3965-996f-4fbb-b4a7-1038423423bd [status:N/A request:0.004s]
Traceback (most recent call last):
  File "/root/.cache/pypoetry/virtualenvs/cpdbv2-backend-VA82Wl8V-py3.7/lib/python3.7/site-packages/urllib3/connection.py", line 160, in _new_conn
    (self._dns_host, self.port), self.timeout, **extra_kw
  File "/root/.cache/pypoetry/virtualenvs/cpdbv2-backend-VA82Wl8V-py3.7/lib/python3.7/site-packages/urllib3/util/connection.py", line 61, in create_connection
    for res in socket.getaddrinfo(host, port, family, socket.SOCK_STREAM):
  File "/usr/local/lib/python3.7/socket.py", line 752, in getaddrinfo
    for res in _socket.getaddrinfo(host, port, family, type, proto, flags):
socket.gaierror: [Errno -2] Name or service not known

During handling of the above exception, another exception occurred:

Traceback (most recent call last):
  File "/root/.cache/pypoetry/virtualenvs/cpdbv2-backend-VA82Wl8V-py3.7/lib/python3.7/site-packages/elasticsearch/connection/http_urllib3.py", line 115, in perform_request
    response = self.pool.urlopen(method, url, body, retries=False, headers=self.headers, **kw)
  File "/root/.cache/pypoetry/virtualenvs/cpdbv2-backend-VA82Wl8V-py3.7/lib/python3.7/site-packages/urllib3/connectionpool.py", line 727, in urlopen
    method, url, error=e, _pool=self, _stacktrace=sys.exc_info()[2]
  File "/root/.cache/pypoetry/virtualenvs/cpdbv2-backend-VA82Wl8V-py3.7/lib/python3.7/site-packages/urllib3/util/retry.py", line 386, in increment
    raise six.reraise(type(error), error, _stacktrace)
  File "/root/.cache/pypoetry/virtualenvs/cpdbv2-backend-VA82Wl8V-py3.7/lib/python3.7/site-packages/urllib3/packages/six.py", line 735, in reraise
    raise value
  File "/root/.cache/pypoetry/virtualenvs/cpdbv2-backend-VA82Wl8V-py3.7/lib/python3.7/site-packages/urllib3/connectionpool.py", line 677, in urlopen
    chunked=chunked,
  File "/root/.cache/pypoetry/virtualenvs/cpdbv2-backend-VA82Wl8V-py3.7/lib/python3.7/site-packages/urllib3/connectionpool.py", line 392, in _make_request
    conn.request(method, url, **httplib_request_kw)
  File "/usr/local/lib/python3.7/http/client.py", line 1281, in request
    self._send_request(method, url, body, headers, encode_chunked)
  File "/usr/local/lib/python3.7/http/client.py", line 1327, in _send_request
    self.endheaders(body, encode_chunked=encode_chunked)
  File "/usr/local/lib/python3.7/http/client.py", line 1276, in endheaders
    self._send_output(message_body, encode_chunked=encode_chunked)
  File "/usr/local/lib/python3.7/http/client.py", line 1036, in _send_output
    self.send(msg)
  File "/usr/local/lib/python3.7/http/client.py", line 976, in send
    self.connect()
  File "/root/.cache/pypoetry/virtualenvs/cpdbv2-backend-VA82Wl8V-py3.7/lib/python3.7/site-packages/urllib3/connection.py", line 187, in connect
    conn = self._new_conn()
  File "/root/.cache/pypoetry/virtualenvs/cpdbv2-backend-VA82Wl8V-py3.7/lib/python3.7/site-packages/urllib3/connection.py", line 172, in _new_conn
    self, "Failed to establish a new connection: %s" % e
urllib3.exceptions.NewConnectionError: <urllib3.connection.HTTPConnection object at 0x7ff069057210>: Failed to establish a new connection: [Errno -2] Name or service not known
elasticsearch: DEBUG: > None
urllib3.util.retry: DEBUG: Converted retries value: False -> Retry(total=False, connect=None, read=None, redirect=0, status=None)
urllib3.connectionpool: DEBUG: Starting new HTTP connection (715): elasticsearch:9200
elasticsearch: WARNING: DELETE http://elasticsearch:9200/test_officers_c97d3965-996f-4fbb-b4a7-1038423423bd [status:N/A request:0.004s]
Traceback (most recent call last):
  File "/root/.cache/pypoetry/virtualenvs/cpdbv2-backend-VA82Wl8V-py3.7/lib/python3.7/site-packages/urllib3/connection.py", line 160, in _new_conn
    (self._dns_host, self.port), self.timeout, **extra_kw
  File "/root/.cache/pypoetry/virtualenvs/cpdbv2-backend-VA82Wl8V-py3.7/lib/python3.7/site-packages/urllib3/util/connection.py", line 61, in create_connection
    for res in socket.getaddrinfo(host, port, family, socket.SOCK_STREAM):
  File "/usr/local/lib/python3.7/socket.py", line 752, in getaddrinfo
    for res in _socket.getaddrinfo(host, port, family, type, proto, flags):
socket.gaierror: [Errno -2] Name or service not known

During handling of the above exception, another exception occurred:

Traceback (most recent call last):
  File "/root/.cache/pypoetry/virtualenvs/cpdbv2-backend-VA82Wl8V-py3.7/lib/python3.7/site-packages/elasticsearch/connection/http_urllib3.py", line 115, in perform_request
    response = self.pool.urlopen(method, url, body, retries=False, headers=self.headers, **kw)
  File "/root/.cache/pypoetry/virtualenvs/cpdbv2-backend-VA82Wl8V-py3.7/lib/python3.7/site-packages/urllib3/connectionpool.py", line 727, in urlopen
    method, url, error=e, _pool=self, _stacktrace=sys.exc_info()[2]
  File "/root/.cache/pypoetry/virtualenvs/cpdbv2-backend-VA82Wl8V-py3.7/lib/python3.7/site-packages/urllib3/util/retry.py", line 386, in increment
    raise six.reraise(type(error), error, _stacktrace)
  File "/root/.cache/pypoetry/virtualenvs/cpdbv2-backend-VA82Wl8V-py3.7/lib/python3.7/site-packages/urllib3/packages/six.py", line 735, in reraise
    raise value
  File "/root/.cache/pypoetry/virtualenvs/cpdbv2-backend-VA82Wl8V-py3.7/lib/python3.7/site-packages/urllib3/connectionpool.py", line 677, in urlopen
    chunked=chunked,
  File "/root/.cache/pypoetry/virtualenvs/cpdbv2-backend-VA82Wl8V-py3.7/lib/python3.7/site-packages/urllib3/connectionpool.py", line 392, in _make_request
    conn.request(method, url, **httplib_request_kw)
  File "/usr/local/lib/python3.7/http/client.py", line 1281, in request
    self._send_request(method, url, body, headers, encode_chunked)
  File "/usr/local/lib/python3.7/http/client.py", line 1327, in _send_request
    self.endheaders(body, encode_chunked=encode_chunked)
  File "/usr/local/lib/python3.7/http/client.py", line 1276, in endheaders
    self._send_output(message_body, encode_chunked=encode_chunked)
  File "/usr/local/lib/python3.7/http/client.py", line 1036, in _send_output
    self.send(msg)
  File "/usr/local/lib/python3.7/http/client.py", line 976, in send
    self.connect()
  File "/root/.cache/pypoetry/virtualenvs/cpdbv2-backend-VA82Wl8V-py3.7/lib/python3.7/site-packages/urllib3/connection.py", line 187, in connect
    conn = self._new_conn()
  File "/root/.cache/pypoetry/virtualenvs/cpdbv2-backend-VA82Wl8V-py3.7/lib/python3.7/site-packages/urllib3/connection.py", line 172, in _new_conn
    self, "Failed to establish a new connection: %s" % e
urllib3.exceptions.NewConnectionError: <urllib3.connection.HTTPConnection object at 0x7ff069057090>: Failed to establish a new connection: [Errno -2] Name or service not known
elasticsearch: DEBUG: > None
urllib3.util.retry: DEBUG: Converted retries value: False -> Retry(total=False, connect=None, read=None, redirect=0, status=None)
urllib3.connectionpool: DEBUG: Starting new HTTP connection (716): elasticsearch:9200
elasticsearch: WARNING: DELETE http://elasticsearch:9200/test_officers_c97d3965-996f-4fbb-b4a7-1038423423bd [status:N/A request:0.006s]
Traceback (most recent call last):
  File "/root/.cache/pypoetry/virtualenvs/cpdbv2-backend-VA82Wl8V-py3.7/lib/python3.7/site-packages/urllib3/connection.py", line 160, in _new_conn
    (self._dns_host, self.port), self.timeout, **extra_kw
  File "/root/.cache/pypoetry/virtualenvs/cpdbv2-backend-VA82Wl8V-py3.7/lib/python3.7/site-packages/urllib3/util/connection.py", line 61, in create_connection
    for res in socket.getaddrinfo(host, port, family, socket.SOCK_STREAM):
  File "/usr/local/lib/python3.7/socket.py", line 752, in getaddrinfo
    for res in _socket.getaddrinfo(host, port, family, type, proto, flags):
socket.gaierror: [Errno -2] Name or service not known

During handling of the above exception, another exception occurred:

Traceback (most recent call last):
  File "/root/.cache/pypoetry/virtualenvs/cpdbv2-backend-VA82Wl8V-py3.7/lib/python3.7/site-packages/elasticsearch/connection/http_urllib3.py", line 115, in perform_request
    response = self.pool.urlopen(method, url, body, retries=False, headers=self.headers, **kw)
  File "/root/.cache/pypoetry/virtualenvs/cpdbv2-backend-VA82Wl8V-py3.7/lib/python3.7/site-packages/urllib3/connectionpool.py", line 727, in urlopen
    method, url, error=e, _pool=self, _stacktrace=sys.exc_info()[2]
  File "/root/.cache/pypoetry/virtualenvs/cpdbv2-backend-VA82Wl8V-py3.7/lib/python3.7/site-packages/urllib3/util/retry.py", line 386, in increment
    raise six.reraise(type(error), error, _stacktrace)
  File "/root/.cache/pypoetry/virtualenvs/cpdbv2-backend-VA82Wl8V-py3.7/lib/python3.7/site-packages/urllib3/packages/six.py", line 735, in reraise
    raise value
  File "/root/.cache/pypoetry/virtualenvs/cpdbv2-backend-VA82Wl8V-py3.7/lib/python3.7/site-packages/urllib3/connectionpool.py", line 677, in urlopen
    chunked=chunked,
  File "/root/.cache/pypoetry/virtualenvs/cpdbv2-backend-VA82Wl8V-py3.7/lib/python3.7/site-packages/urllib3/connectionpool.py", line 392, in _make_request
    conn.request(method, url, **httplib_request_kw)
  File "/usr/local/lib/python3.7/http/client.py", line 1281, in request
    self._send_request(method, url, body, headers, encode_chunked)
  File "/usr/local/lib/python3.7/http/client.py", line 1327, in _send_request
    self.endheaders(body, encode_chunked=encode_chunked)
  File "/usr/local/lib/python3.7/http/client.py", line 1276, in endheaders
    self._send_output(message_body, encode_chunked=encode_chunked)
  File "/usr/local/lib/python3.7/http/client.py", line 1036, in _send_output
    self.send(msg)
  File "/usr/local/lib/python3.7/http/client.py", line 976, in send
    self.connect()
  File "/root/.cache/pypoetry/virtualenvs/cpdbv2-backend-VA82Wl8V-py3.7/lib/python3.7/site-packages/urllib3/connection.py", line 187, in connect
    conn = self._new_conn()
  File "/root/.cache/pypoetry/virtualenvs/cpdbv2-backend-VA82Wl8V-py3.7/lib/python3.7/site-packages/urllib3/connection.py", line 172, in _new_conn
    self, "Failed to establish a new connection: %s" % e
urllib3.exceptions.NewConnectionError: <urllib3.connection.HTTPConnection object at 0x7ff069057750>: Failed to establish a new connection: [Errno -2] Name or service not known
elasticsearch: DEBUG: > None
--------------------- >> end captured logging << ---------------------

======================================================================
ERROR: test_extract_no_matching_id (twitterbot.tests.test_officer_extractor_pipelines.UrlPipelineTestCase)
----------------------------------------------------------------------
Traceback (most recent call last):
  File "/usr/src/app/cpdb/twitterbot/tests/mixins.py", line 7, in setUp
    officers_index_alias.write_index.delete(ignore=404)
  File "/root/.cache/pypoetry/virtualenvs/cpdbv2-backend-VA82Wl8V-py3.7/lib/python3.7/site-packages/elasticsearch_dsl/index.py", line 222, in delete
    self.connection.indices.delete(index=self._name, **kwargs)
  File "/root/.cache/pypoetry/virtualenvs/cpdbv2-backend-VA82Wl8V-py3.7/lib/python3.7/site-packages/elasticsearch/client/utils.py", line 73, in _wrapped
    return func(*args, params=params, **kwargs)
  File "/root/.cache/pypoetry/virtualenvs/cpdbv2-backend-VA82Wl8V-py3.7/lib/python3.7/site-packages/elasticsearch/client/indices.py", line 200, in delete
    params=params)
  File "/root/.cache/pypoetry/virtualenvs/cpdbv2-backend-VA82Wl8V-py3.7/lib/python3.7/site-packages/elasticsearch/transport.py", line 312, in perform_request
    status, headers, data = connection.perform_request(method, url, params, body, ignore=ignore, timeout=timeout)
  File "/root/.cache/pypoetry/virtualenvs/cpdbv2-backend-VA82Wl8V-py3.7/lib/python3.7/site-packages/elasticsearch/connection/http_urllib3.py", line 124, in perform_request
    raise ConnectionError('N/A', str(e), e)
elasticsearch.exceptions.ConnectionError: ConnectionError(<urllib3.connection.HTTPConnection object at 0x7ff06905b4d0>: Failed to establish a new connection: [Errno -2] Name or service not known) caused by: NewConnectionError(<urllib3.connection.HTTPConnection object at 0x7ff06905b4d0>: Failed to establish a new connection: [Errno -2] Name or service not known)
-------------------- >> begin captured logging << --------------------
urllib3.util.retry: DEBUG: Converted retries value: False -> Retry(total=False, connect=None, read=None, redirect=0, status=None)
urllib3.connectionpool: DEBUG: Starting new HTTP connection (717): elasticsearch:9200
elasticsearch: WARNING: DELETE http://elasticsearch:9200/test_officers_c97d3965-996f-4fbb-b4a7-1038423423bd [status:N/A request:0.004s]
Traceback (most recent call last):
  File "/root/.cache/pypoetry/virtualenvs/cpdbv2-backend-VA82Wl8V-py3.7/lib/python3.7/site-packages/urllib3/connection.py", line 160, in _new_conn
    (self._dns_host, self.port), self.timeout, **extra_kw
  File "/root/.cache/pypoetry/virtualenvs/cpdbv2-backend-VA82Wl8V-py3.7/lib/python3.7/site-packages/urllib3/util/connection.py", line 61, in create_connection
    for res in socket.getaddrinfo(host, port, family, socket.SOCK_STREAM):
  File "/usr/local/lib/python3.7/socket.py", line 752, in getaddrinfo
    for res in _socket.getaddrinfo(host, port, family, type, proto, flags):
socket.gaierror: [Errno -2] Name or service not known

During handling of the above exception, another exception occurred:

Traceback (most recent call last):
  File "/root/.cache/pypoetry/virtualenvs/cpdbv2-backend-VA82Wl8V-py3.7/lib/python3.7/site-packages/elasticsearch/connection/http_urllib3.py", line 115, in perform_request
    response = self.pool.urlopen(method, url, body, retries=False, headers=self.headers, **kw)
  File "/root/.cache/pypoetry/virtualenvs/cpdbv2-backend-VA82Wl8V-py3.7/lib/python3.7/site-packages/urllib3/connectionpool.py", line 727, in urlopen
    method, url, error=e, _pool=self, _stacktrace=sys.exc_info()[2]
  File "/root/.cache/pypoetry/virtualenvs/cpdbv2-backend-VA82Wl8V-py3.7/lib/python3.7/site-packages/urllib3/util/retry.py", line 386, in increment
    raise six.reraise(type(error), error, _stacktrace)
  File "/root/.cache/pypoetry/virtualenvs/cpdbv2-backend-VA82Wl8V-py3.7/lib/python3.7/site-packages/urllib3/packages/six.py", line 735, in reraise
    raise value
  File "/root/.cache/pypoetry/virtualenvs/cpdbv2-backend-VA82Wl8V-py3.7/lib/python3.7/site-packages/urllib3/connectionpool.py", line 677, in urlopen
    chunked=chunked,
  File "/root/.cache/pypoetry/virtualenvs/cpdbv2-backend-VA82Wl8V-py3.7/lib/python3.7/site-packages/urllib3/connectionpool.py", line 392, in _make_request
    conn.request(method, url, **httplib_request_kw)
  File "/usr/local/lib/python3.7/http/client.py", line 1281, in request
    self._send_request(method, url, body, headers, encode_chunked)
  File "/usr/local/lib/python3.7/http/client.py", line 1327, in _send_request
    self.endheaders(body, encode_chunked=encode_chunked)
  File "/usr/local/lib/python3.7/http/client.py", line 1276, in endheaders
    self._send_output(message_body, encode_chunked=encode_chunked)
  File "/usr/local/lib/python3.7/http/client.py", line 1036, in _send_output
    self.send(msg)
  File "/usr/local/lib/python3.7/http/client.py", line 976, in send
    self.connect()
  File "/root/.cache/pypoetry/virtualenvs/cpdbv2-backend-VA82Wl8V-py3.7/lib/python3.7/site-packages/urllib3/connection.py", line 187, in connect
    conn = self._new_conn()
  File "/root/.cache/pypoetry/virtualenvs/cpdbv2-backend-VA82Wl8V-py3.7/lib/python3.7/site-packages/urllib3/connection.py", line 172, in _new_conn
    self, "Failed to establish a new connection: %s" % e
urllib3.exceptions.NewConnectionError: <urllib3.connection.HTTPConnection object at 0x7ff069057e90>: Failed to establish a new connection: [Errno -2] Name or service not known
elasticsearch: DEBUG: > None
urllib3.util.retry: DEBUG: Converted retries value: False -> Retry(total=False, connect=None, read=None, redirect=0, status=None)
urllib3.connectionpool: DEBUG: Starting new HTTP connection (718): elasticsearch:9200
elasticsearch: WARNING: DELETE http://elasticsearch:9200/test_officers_c97d3965-996f-4fbb-b4a7-1038423423bd [status:N/A request:0.004s]
Traceback (most recent call last):
  File "/root/.cache/pypoetry/virtualenvs/cpdbv2-backend-VA82Wl8V-py3.7/lib/python3.7/site-packages/urllib3/connection.py", line 160, in _new_conn
    (self._dns_host, self.port), self.timeout, **extra_kw
  File "/root/.cache/pypoetry/virtualenvs/cpdbv2-backend-VA82Wl8V-py3.7/lib/python3.7/site-packages/urllib3/util/connection.py", line 61, in create_connection
    for res in socket.getaddrinfo(host, port, family, socket.SOCK_STREAM):
  File "/usr/local/lib/python3.7/socket.py", line 752, in getaddrinfo
    for res in _socket.getaddrinfo(host, port, family, type, proto, flags):
socket.gaierror: [Errno -2] Name or service not known

During handling of the above exception, another exception occurred:

Traceback (most recent call last):
  File "/root/.cache/pypoetry/virtualenvs/cpdbv2-backend-VA82Wl8V-py3.7/lib/python3.7/site-packages/elasticsearch/connection/http_urllib3.py", line 115, in perform_request
    response = self.pool.urlopen(method, url, body, retries=False, headers=self.headers, **kw)
  File "/root/.cache/pypoetry/virtualenvs/cpdbv2-backend-VA82Wl8V-py3.7/lib/python3.7/site-packages/urllib3/connectionpool.py", line 727, in urlopen
    method, url, error=e, _pool=self, _stacktrace=sys.exc_info()[2]
  File "/root/.cache/pypoetry/virtualenvs/cpdbv2-backend-VA82Wl8V-py3.7/lib/python3.7/site-packages/urllib3/util/retry.py", line 386, in increment
    raise six.reraise(type(error), error, _stacktrace)
  File "/root/.cache/pypoetry/virtualenvs/cpdbv2-backend-VA82Wl8V-py3.7/lib/python3.7/site-packages/urllib3/packages/six.py", line 735, in reraise
    raise value
  File "/root/.cache/pypoetry/virtualenvs/cpdbv2-backend-VA82Wl8V-py3.7/lib/python3.7/site-packages/urllib3/connectionpool.py", line 677, in urlopen
    chunked=chunked,
  File "/root/.cache/pypoetry/virtualenvs/cpdbv2-backend-VA82Wl8V-py3.7/lib/python3.7/site-packages/urllib3/connectionpool.py", line 392, in _make_request
    conn.request(method, url, **httplib_request_kw)
  File "/usr/local/lib/python3.7/http/client.py", line 1281, in request
    self._send_request(method, url, body, headers, encode_chunked)
  File "/usr/local/lib/python3.7/http/client.py", line 1327, in _send_request
    self.endheaders(body, encode_chunked=encode_chunked)
  File "/usr/local/lib/python3.7/http/client.py", line 1276, in endheaders
    self._send_output(message_body, encode_chunked=encode_chunked)
  File "/usr/local/lib/python3.7/http/client.py", line 1036, in _send_output
    self.send(msg)
  File "/usr/local/lib/python3.7/http/client.py", line 976, in send
    self.connect()
  File "/root/.cache/pypoetry/virtualenvs/cpdbv2-backend-VA82Wl8V-py3.7/lib/python3.7/site-packages/urllib3/connection.py", line 187, in connect
    conn = self._new_conn()
  File "/root/.cache/pypoetry/virtualenvs/cpdbv2-backend-VA82Wl8V-py3.7/lib/python3.7/site-packages/urllib3/connection.py", line 172, in _new_conn
    self, "Failed to establish a new connection: %s" % e
urllib3.exceptions.NewConnectionError: <urllib3.connection.HTTPConnection object at 0x7ff069057d10>: Failed to establish a new connection: [Errno -2] Name or service not known
elasticsearch: DEBUG: > None
urllib3.util.retry: DEBUG: Converted retries value: False -> Retry(total=False, connect=None, read=None, redirect=0, status=None)
urllib3.connectionpool: DEBUG: Starting new HTTP connection (719): elasticsearch:9200
elasticsearch: WARNING: DELETE http://elasticsearch:9200/test_officers_c97d3965-996f-4fbb-b4a7-1038423423bd [status:N/A request:0.005s]
Traceback (most recent call last):
  File "/root/.cache/pypoetry/virtualenvs/cpdbv2-backend-VA82Wl8V-py3.7/lib/python3.7/site-packages/urllib3/connection.py", line 160, in _new_conn
    (self._dns_host, self.port), self.timeout, **extra_kw
  File "/root/.cache/pypoetry/virtualenvs/cpdbv2-backend-VA82Wl8V-py3.7/lib/python3.7/site-packages/urllib3/util/connection.py", line 61, in create_connection
    for res in socket.getaddrinfo(host, port, family, socket.SOCK_STREAM):
  File "/usr/local/lib/python3.7/socket.py", line 752, in getaddrinfo
    for res in _socket.getaddrinfo(host, port, family, type, proto, flags):
socket.gaierror: [Errno -2] Name or service not known

During handling of the above exception, another exception occurred:

Traceback (most recent call last):
  File "/root/.cache/pypoetry/virtualenvs/cpdbv2-backend-VA82Wl8V-py3.7/lib/python3.7/site-packages/elasticsearch/connection/http_urllib3.py", line 115, in perform_request
    response = self.pool.urlopen(method, url, body, retries=False, headers=self.headers, **kw)
  File "/root/.cache/pypoetry/virtualenvs/cpdbv2-backend-VA82Wl8V-py3.7/lib/python3.7/site-packages/urllib3/connectionpool.py", line 727, in urlopen
    method, url, error=e, _pool=self, _stacktrace=sys.exc_info()[2]
  File "/root/.cache/pypoetry/virtualenvs/cpdbv2-backend-VA82Wl8V-py3.7/lib/python3.7/site-packages/urllib3/util/retry.py", line 386, in increment
    raise six.reraise(type(error), error, _stacktrace)
  File "/root/.cache/pypoetry/virtualenvs/cpdbv2-backend-VA82Wl8V-py3.7/lib/python3.7/site-packages/urllib3/packages/six.py", line 735, in reraise
    raise value
  File "/root/.cache/pypoetry/virtualenvs/cpdbv2-backend-VA82Wl8V-py3.7/lib/python3.7/site-packages/urllib3/connectionpool.py", line 677, in urlopen
    chunked=chunked,
  File "/root/.cache/pypoetry/virtualenvs/cpdbv2-backend-VA82Wl8V-py3.7/lib/python3.7/site-packages/urllib3/connectionpool.py", line 392, in _make_request
    conn.request(method, url, **httplib_request_kw)
  File "/usr/local/lib/python3.7/http/client.py", line 1281, in request
    self._send_request(method, url, body, headers, encode_chunked)
  File "/usr/local/lib/python3.7/http/client.py", line 1327, in _send_request
    self.endheaders(body, encode_chunked=encode_chunked)
  File "/usr/local/lib/python3.7/http/client.py", line 1276, in endheaders
    self._send_output(message_body, encode_chunked=encode_chunked)
  File "/usr/local/lib/python3.7/http/client.py", line 1036, in _send_output
    self.send(msg)
  File "/usr/local/lib/python3.7/http/client.py", line 976, in send
    self.connect()
  File "/root/.cache/pypoetry/virtualenvs/cpdbv2-backend-VA82Wl8V-py3.7/lib/python3.7/site-packages/urllib3/connection.py", line 187, in connect
    conn = self._new_conn()
  File "/root/.cache/pypoetry/virtualenvs/cpdbv2-backend-VA82Wl8V-py3.7/lib/python3.7/site-packages/urllib3/connection.py", line 172, in _new_conn
    self, "Failed to establish a new connection: %s" % e
urllib3.exceptions.NewConnectionError: <urllib3.connection.HTTPConnection object at 0x7ff069057e50>: Failed to establish a new connection: [Errno -2] Name or service not known
elasticsearch: DEBUG: > None
urllib3.util.retry: DEBUG: Converted retries value: False -> Retry(total=False, connect=None, read=None, redirect=0, status=None)
urllib3.connectionpool: DEBUG: Starting new HTTP connection (720): elasticsearch:9200
elasticsearch: WARNING: DELETE http://elasticsearch:9200/test_officers_c97d3965-996f-4fbb-b4a7-1038423423bd [status:N/A request:0.004s]
Traceback (most recent call last):
  File "/root/.cache/pypoetry/virtualenvs/cpdbv2-backend-VA82Wl8V-py3.7/lib/python3.7/site-packages/urllib3/connection.py", line 160, in _new_conn
    (self._dns_host, self.port), self.timeout, **extra_kw
  File "/root/.cache/pypoetry/virtualenvs/cpdbv2-backend-VA82Wl8V-py3.7/lib/python3.7/site-packages/urllib3/util/connection.py", line 61, in create_connection
    for res in socket.getaddrinfo(host, port, family, socket.SOCK_STREAM):
  File "/usr/local/lib/python3.7/socket.py", line 752, in getaddrinfo
    for res in _socket.getaddrinfo(host, port, family, type, proto, flags):
socket.gaierror: [Errno -2] Name or service not known

During handling of the above exception, another exception occurred:

Traceback (most recent call last):
  File "/root/.cache/pypoetry/virtualenvs/cpdbv2-backend-VA82Wl8V-py3.7/lib/python3.7/site-packages/elasticsearch/connection/http_urllib3.py", line 115, in perform_request
    response = self.pool.urlopen(method, url, body, retries=False, headers=self.headers, **kw)
  File "/root/.cache/pypoetry/virtualenvs/cpdbv2-backend-VA82Wl8V-py3.7/lib/python3.7/site-packages/urllib3/connectionpool.py", line 727, in urlopen
    method, url, error=e, _pool=self, _stacktrace=sys.exc_info()[2]
  File "/root/.cache/pypoetry/virtualenvs/cpdbv2-backend-VA82Wl8V-py3.7/lib/python3.7/site-packages/urllib3/util/retry.py", line 386, in increment
    raise six.reraise(type(error), error, _stacktrace)
  File "/root/.cache/pypoetry/virtualenvs/cpdbv2-backend-VA82Wl8V-py3.7/lib/python3.7/site-packages/urllib3/packages/six.py", line 735, in reraise
    raise value
  File "/root/.cache/pypoetry/virtualenvs/cpdbv2-backend-VA82Wl8V-py3.7/lib/python3.7/site-packages/urllib3/connectionpool.py", line 677, in urlopen
    chunked=chunked,
  File "/root/.cache/pypoetry/virtualenvs/cpdbv2-backend-VA82Wl8V-py3.7/lib/python3.7/site-packages/urllib3/connectionpool.py", line 392, in _make_request
    conn.request(method, url, **httplib_request_kw)
  File "/usr/local/lib/python3.7/http/client.py", line 1281, in request
    self._send_request(method, url, body, headers, encode_chunked)
  File "/usr/local/lib/python3.7/http/client.py", line 1327, in _send_request
    self.endheaders(body, encode_chunked=encode_chunked)
  File "/usr/local/lib/python3.7/http/client.py", line 1276, in endheaders
    self._send_output(message_body, encode_chunked=encode_chunked)
  File "/usr/local/lib/python3.7/http/client.py", line 1036, in _send_output
    self.send(msg)
  File "/usr/local/lib/python3.7/http/client.py", line 976, in send
    self.connect()
  File "/root/.cache/pypoetry/virtualenvs/cpdbv2-backend-VA82Wl8V-py3.7/lib/python3.7/site-packages/urllib3/connection.py", line 187, in connect
    conn = self._new_conn()
  File "/root/.cache/pypoetry/virtualenvs/cpdbv2-backend-VA82Wl8V-py3.7/lib/python3.7/site-packages/urllib3/connection.py", line 172, in _new_conn
    self, "Failed to establish a new connection: %s" % e
urllib3.exceptions.NewConnectionError: <urllib3.connection.HTTPConnection object at 0x7ff06905b4d0>: Failed to establish a new connection: [Errno -2] Name or service not known
elasticsearch: DEBUG: > None
--------------------- >> end captured logging << ---------------------

======================================================================
ERROR: test_find_multiple_officers (twitterbot.tests.test_officer_extractors.ElasticSearchOfficerExtractorTestCase)
----------------------------------------------------------------------
Traceback (most recent call last):
  File "/usr/src/app/cpdb/twitterbot/tests/test_officer_extractors.py", line 18, in setUp
    super(ElasticSearchOfficerExtractorTestCase, self).setUp()
  File "/usr/src/app/cpdb/twitterbot/tests/mixins.py", line 7, in setUp
    officers_index_alias.write_index.delete(ignore=404)
  File "/root/.cache/pypoetry/virtualenvs/cpdbv2-backend-VA82Wl8V-py3.7/lib/python3.7/site-packages/elasticsearch_dsl/index.py", line 222, in delete
    self.connection.indices.delete(index=self._name, **kwargs)
  File "/root/.cache/pypoetry/virtualenvs/cpdbv2-backend-VA82Wl8V-py3.7/lib/python3.7/site-packages/elasticsearch/client/utils.py", line 73, in _wrapped
    return func(*args, params=params, **kwargs)
  File "/root/.cache/pypoetry/virtualenvs/cpdbv2-backend-VA82Wl8V-py3.7/lib/python3.7/site-packages/elasticsearch/client/indices.py", line 200, in delete
    params=params)
  File "/root/.cache/pypoetry/virtualenvs/cpdbv2-backend-VA82Wl8V-py3.7/lib/python3.7/site-packages/elasticsearch/transport.py", line 312, in perform_request
    status, headers, data = connection.perform_request(method, url, params, body, ignore=ignore, timeout=timeout)
  File "/root/.cache/pypoetry/virtualenvs/cpdbv2-backend-VA82Wl8V-py3.7/lib/python3.7/site-packages/elasticsearch/connection/http_urllib3.py", line 124, in perform_request
    raise ConnectionError('N/A', str(e), e)
elasticsearch.exceptions.ConnectionError: ConnectionError(<urllib3.connection.HTTPConnection object at 0x7ff069047790>: Failed to establish a new connection: [Errno -2] Name or service not known) caused by: NewConnectionError(<urllib3.connection.HTTPConnection object at 0x7ff069047790>: Failed to establish a new connection: [Errno -2] Name or service not known)
-------------------- >> begin captured logging << --------------------
urllib3.util.retry: DEBUG: Converted retries value: False -> Retry(total=False, connect=None, read=None, redirect=0, status=None)
urllib3.connectionpool: DEBUG: Starting new HTTP connection (721): elasticsearch:9200
elasticsearch: WARNING: DELETE http://elasticsearch:9200/test_officers_c97d3965-996f-4fbb-b4a7-1038423423bd [status:N/A request:0.004s]
Traceback (most recent call last):
  File "/root/.cache/pypoetry/virtualenvs/cpdbv2-backend-VA82Wl8V-py3.7/lib/python3.7/site-packages/urllib3/connection.py", line 160, in _new_conn
    (self._dns_host, self.port), self.timeout, **extra_kw
  File "/root/.cache/pypoetry/virtualenvs/cpdbv2-backend-VA82Wl8V-py3.7/lib/python3.7/site-packages/urllib3/util/connection.py", line 61, in create_connection
    for res in socket.getaddrinfo(host, port, family, socket.SOCK_STREAM):
  File "/usr/local/lib/python3.7/socket.py", line 752, in getaddrinfo
    for res in _socket.getaddrinfo(host, port, family, type, proto, flags):
socket.gaierror: [Errno -2] Name or service not known

During handling of the above exception, another exception occurred:

Traceback (most recent call last):
  File "/root/.cache/pypoetry/virtualenvs/cpdbv2-backend-VA82Wl8V-py3.7/lib/python3.7/site-packages/elasticsearch/connection/http_urllib3.py", line 115, in perform_request
    response = self.pool.urlopen(method, url, body, retries=False, headers=self.headers, **kw)
  File "/root/.cache/pypoetry/virtualenvs/cpdbv2-backend-VA82Wl8V-py3.7/lib/python3.7/site-packages/urllib3/connectionpool.py", line 727, in urlopen
    method, url, error=e, _pool=self, _stacktrace=sys.exc_info()[2]
  File "/root/.cache/pypoetry/virtualenvs/cpdbv2-backend-VA82Wl8V-py3.7/lib/python3.7/site-packages/urllib3/util/retry.py", line 386, in increment
    raise six.reraise(type(error), error, _stacktrace)
  File "/root/.cache/pypoetry/virtualenvs/cpdbv2-backend-VA82Wl8V-py3.7/lib/python3.7/site-packages/urllib3/packages/six.py", line 735, in reraise
    raise value
  File "/root/.cache/pypoetry/virtualenvs/cpdbv2-backend-VA82Wl8V-py3.7/lib/python3.7/site-packages/urllib3/connectionpool.py", line 677, in urlopen
    chunked=chunked,
  File "/root/.cache/pypoetry/virtualenvs/cpdbv2-backend-VA82Wl8V-py3.7/lib/python3.7/site-packages/urllib3/connectionpool.py", line 392, in _make_request
    conn.request(method, url, **httplib_request_kw)
  File "/usr/local/lib/python3.7/http/client.py", line 1281, in request
    self._send_request(method, url, body, headers, encode_chunked)
  File "/usr/local/lib/python3.7/http/client.py", line 1327, in _send_request
    self.endheaders(body, encode_chunked=encode_chunked)
  File "/usr/local/lib/python3.7/http/client.py", line 1276, in endheaders
    self._send_output(message_body, encode_chunked=encode_chunked)
  File "/usr/local/lib/python3.7/http/client.py", line 1036, in _send_output
    self.send(msg)
  File "/usr/local/lib/python3.7/http/client.py", line 976, in send
    self.connect()
  File "/root/.cache/pypoetry/virtualenvs/cpdbv2-backend-VA82Wl8V-py3.7/lib/python3.7/site-packages/urllib3/connection.py", line 187, in connect
    conn = self._new_conn()
  File "/root/.cache/pypoetry/virtualenvs/cpdbv2-backend-VA82Wl8V-py3.7/lib/python3.7/site-packages/urllib3/connection.py", line 172, in _new_conn
    self, "Failed to establish a new connection: %s" % e
urllib3.exceptions.NewConnectionError: <urllib3.connection.HTTPConnection object at 0x7ff06905b210>: Failed to establish a new connection: [Errno -2] Name or service not known
elasticsearch: DEBUG: > None
urllib3.util.retry: DEBUG: Converted retries value: False -> Retry(total=False, connect=None, read=None, redirect=0, status=None)
urllib3.connectionpool: DEBUG: Starting new HTTP connection (722): elasticsearch:9200
elasticsearch: WARNING: DELETE http://elasticsearch:9200/test_officers_c97d3965-996f-4fbb-b4a7-1038423423bd [status:N/A request:0.005s]
Traceback (most recent call last):
  File "/root/.cache/pypoetry/virtualenvs/cpdbv2-backend-VA82Wl8V-py3.7/lib/python3.7/site-packages/urllib3/connection.py", line 160, in _new_conn
    (self._dns_host, self.port), self.timeout, **extra_kw
  File "/root/.cache/pypoetry/virtualenvs/cpdbv2-backend-VA82Wl8V-py3.7/lib/python3.7/site-packages/urllib3/util/connection.py", line 61, in create_connection
    for res in socket.getaddrinfo(host, port, family, socket.SOCK_STREAM):
  File "/usr/local/lib/python3.7/socket.py", line 752, in getaddrinfo
    for res in _socket.getaddrinfo(host, port, family, type, proto, flags):
socket.gaierror: [Errno -2] Name or service not known

During handling of the above exception, another exception occurred:

Traceback (most recent call last):
  File "/root/.cache/pypoetry/virtualenvs/cpdbv2-backend-VA82Wl8V-py3.7/lib/python3.7/site-packages/elasticsearch/connection/http_urllib3.py", line 115, in perform_request
    response = self.pool.urlopen(method, url, body, retries=False, headers=self.headers, **kw)
  File "/root/.cache/pypoetry/virtualenvs/cpdbv2-backend-VA82Wl8V-py3.7/lib/python3.7/site-packages/urllib3/connectionpool.py", line 727, in urlopen
    method, url, error=e, _pool=self, _stacktrace=sys.exc_info()[2]
  File "/root/.cache/pypoetry/virtualenvs/cpdbv2-backend-VA82Wl8V-py3.7/lib/python3.7/site-packages/urllib3/util/retry.py", line 386, in increment
    raise six.reraise(type(error), error, _stacktrace)
  File "/root/.cache/pypoetry/virtualenvs/cpdbv2-backend-VA82Wl8V-py3.7/lib/python3.7/site-packages/urllib3/packages/six.py", line 735, in reraise
    raise value
  File "/root/.cache/pypoetry/virtualenvs/cpdbv2-backend-VA82Wl8V-py3.7/lib/python3.7/site-packages/urllib3/connectionpool.py", line 677, in urlopen
    chunked=chunked,
  File "/root/.cache/pypoetry/virtualenvs/cpdbv2-backend-VA82Wl8V-py3.7/lib/python3.7/site-packages/urllib3/connectionpool.py", line 392, in _make_request
    conn.request(method, url, **httplib_request_kw)
  File "/usr/local/lib/python3.7/http/client.py", line 1281, in request
    self._send_request(method, url, body, headers, encode_chunked)
  File "/usr/local/lib/python3.7/http/client.py", line 1327, in _send_request
    self.endheaders(body, encode_chunked=encode_chunked)
  File "/usr/local/lib/python3.7/http/client.py", line 1276, in endheaders
    self._send_output(message_body, encode_chunked=encode_chunked)
  File "/usr/local/lib/python3.7/http/client.py", line 1036, in _send_output
    self.send(msg)
  File "/usr/local/lib/python3.7/http/client.py", line 976, in send
    self.connect()
  File "/root/.cache/pypoetry/virtualenvs/cpdbv2-backend-VA82Wl8V-py3.7/lib/python3.7/site-packages/urllib3/connection.py", line 187, in connect
    conn = self._new_conn()
  File "/root/.cache/pypoetry/virtualenvs/cpdbv2-backend-VA82Wl8V-py3.7/lib/python3.7/site-packages/urllib3/connection.py", line 172, in _new_conn
    self, "Failed to establish a new connection: %s" % e
urllib3.exceptions.NewConnectionError: <urllib3.connection.HTTPConnection object at 0x7ff0690479d0>: Failed to establish a new connection: [Errno -2] Name or service not known
elasticsearch: DEBUG: > None
urllib3.util.retry: DEBUG: Converted retries value: False -> Retry(total=False, connect=None, read=None, redirect=0, status=None)
urllib3.connectionpool: DEBUG: Starting new HTTP connection (723): elasticsearch:9200
elasticsearch: WARNING: DELETE http://elasticsearch:9200/test_officers_c97d3965-996f-4fbb-b4a7-1038423423bd [status:N/A request:0.005s]
Traceback (most recent call last):
  File "/root/.cache/pypoetry/virtualenvs/cpdbv2-backend-VA82Wl8V-py3.7/lib/python3.7/site-packages/urllib3/connection.py", line 160, in _new_conn
    (self._dns_host, self.port), self.timeout, **extra_kw
  File "/root/.cache/pypoetry/virtualenvs/cpdbv2-backend-VA82Wl8V-py3.7/lib/python3.7/site-packages/urllib3/util/connection.py", line 61, in create_connection
    for res in socket.getaddrinfo(host, port, family, socket.SOCK_STREAM):
  File "/usr/local/lib/python3.7/socket.py", line 752, in getaddrinfo
    for res in _socket.getaddrinfo(host, port, family, type, proto, flags):
socket.gaierror: [Errno -2] Name or service not known

During handling of the above exception, another exception occurred:

Traceback (most recent call last):
  File "/root/.cache/pypoetry/virtualenvs/cpdbv2-backend-VA82Wl8V-py3.7/lib/python3.7/site-packages/elasticsearch/connection/http_urllib3.py", line 115, in perform_request
    response = self.pool.urlopen(method, url, body, retries=False, headers=self.headers, **kw)
  File "/root/.cache/pypoetry/virtualenvs/cpdbv2-backend-VA82Wl8V-py3.7/lib/python3.7/site-packages/urllib3/connectionpool.py", line 727, in urlopen
    method, url, error=e, _pool=self, _stacktrace=sys.exc_info()[2]
  File "/root/.cache/pypoetry/virtualenvs/cpdbv2-backend-VA82Wl8V-py3.7/lib/python3.7/site-packages/urllib3/util/retry.py", line 386, in increment
    raise six.reraise(type(error), error, _stacktrace)
  File "/root/.cache/pypoetry/virtualenvs/cpdbv2-backend-VA82Wl8V-py3.7/lib/python3.7/site-packages/urllib3/packages/six.py", line 735, in reraise
    raise value
  File "/root/.cache/pypoetry/virtualenvs/cpdbv2-backend-VA82Wl8V-py3.7/lib/python3.7/site-packages/urllib3/connectionpool.py", line 677, in urlopen
    chunked=chunked,
  File "/root/.cache/pypoetry/virtualenvs/cpdbv2-backend-VA82Wl8V-py3.7/lib/python3.7/site-packages/urllib3/connectionpool.py", line 392, in _make_request
    conn.request(method, url, **httplib_request_kw)
  File "/usr/local/lib/python3.7/http/client.py", line 1281, in request
    self._send_request(method, url, body, headers, encode_chunked)
  File "/usr/local/lib/python3.7/http/client.py", line 1327, in _send_request
    self.endheaders(body, encode_chunked=encode_chunked)
  File "/usr/local/lib/python3.7/http/client.py", line 1276, in endheaders
    self._send_output(message_body, encode_chunked=encode_chunked)
  File "/usr/local/lib/python3.7/http/client.py", line 1036, in _send_output
    self.send(msg)
  File "/usr/local/lib/python3.7/http/client.py", line 976, in send
    self.connect()
  File "/root/.cache/pypoetry/virtualenvs/cpdbv2-backend-VA82Wl8V-py3.7/lib/python3.7/site-packages/urllib3/connection.py", line 187, in connect
    conn = self._new_conn()
  File "/root/.cache/pypoetry/virtualenvs/cpdbv2-backend-VA82Wl8V-py3.7/lib/python3.7/site-packages/urllib3/connection.py", line 172, in _new_conn
    self, "Failed to establish a new connection: %s" % e
urllib3.exceptions.NewConnectionError: <urllib3.connection.HTTPConnection object at 0x7ff069047f10>: Failed to establish a new connection: [Errno -2] Name or service not known
elasticsearch: DEBUG: > None
urllib3.util.retry: DEBUG: Converted retries value: False -> Retry(total=False, connect=None, read=None, redirect=0, status=None)
urllib3.connectionpool: DEBUG: Starting new HTTP connection (724): elasticsearch:9200
elasticsearch: WARNING: DELETE http://elasticsearch:9200/test_officers_c97d3965-996f-4fbb-b4a7-1038423423bd [status:N/A request:0.004s]
Traceback (most recent call last):
  File "/root/.cache/pypoetry/virtualenvs/cpdbv2-backend-VA82Wl8V-py3.7/lib/python3.7/site-packages/urllib3/connection.py", line 160, in _new_conn
    (self._dns_host, self.port), self.timeout, **extra_kw
  File "/root/.cache/pypoetry/virtualenvs/cpdbv2-backend-VA82Wl8V-py3.7/lib/python3.7/site-packages/urllib3/util/connection.py", line 61, in create_connection
    for res in socket.getaddrinfo(host, port, family, socket.SOCK_STREAM):
  File "/usr/local/lib/python3.7/socket.py", line 752, in getaddrinfo
    for res in _socket.getaddrinfo(host, port, family, type, proto, flags):
socket.gaierror: [Errno -2] Name or service not known

During handling of the above exception, another exception occurred:

Traceback (most recent call last):
  File "/root/.cache/pypoetry/virtualenvs/cpdbv2-backend-VA82Wl8V-py3.7/lib/python3.7/site-packages/elasticsearch/connection/http_urllib3.py", line 115, in perform_request
    response = self.pool.urlopen(method, url, body, retries=False, headers=self.headers, **kw)
  File "/root/.cache/pypoetry/virtualenvs/cpdbv2-backend-VA82Wl8V-py3.7/lib/python3.7/site-packages/urllib3/connectionpool.py", line 727, in urlopen
    method, url, error=e, _pool=self, _stacktrace=sys.exc_info()[2]
  File "/root/.cache/pypoetry/virtualenvs/cpdbv2-backend-VA82Wl8V-py3.7/lib/python3.7/site-packages/urllib3/util/retry.py", line 386, in increment
    raise six.reraise(type(error), error, _stacktrace)
  File "/root/.cache/pypoetry/virtualenvs/cpdbv2-backend-VA82Wl8V-py3.7/lib/python3.7/site-packages/urllib3/packages/six.py", line 735, in reraise
    raise value
  File "/root/.cache/pypoetry/virtualenvs/cpdbv2-backend-VA82Wl8V-py3.7/lib/python3.7/site-packages/urllib3/connectionpool.py", line 677, in urlopen
    chunked=chunked,
  File "/root/.cache/pypoetry/virtualenvs/cpdbv2-backend-VA82Wl8V-py3.7/lib/python3.7/site-packages/urllib3/connectionpool.py", line 392, in _make_request
    conn.request(method, url, **httplib_request_kw)
  File "/usr/local/lib/python3.7/http/client.py", line 1281, in request
    self._send_request(method, url, body, headers, encode_chunked)
  File "/usr/local/lib/python3.7/http/client.py", line 1327, in _send_request
    self.endheaders(body, encode_chunked=encode_chunked)
  File "/usr/local/lib/python3.7/http/client.py", line 1276, in endheaders
    self._send_output(message_body, encode_chunked=encode_chunked)
  File "/usr/local/lib/python3.7/http/client.py", line 1036, in _send_output
    self.send(msg)
  File "/usr/local/lib/python3.7/http/client.py", line 976, in send
    self.connect()
  File "/root/.cache/pypoetry/virtualenvs/cpdbv2-backend-VA82Wl8V-py3.7/lib/python3.7/site-packages/urllib3/connection.py", line 187, in connect
    conn = self._new_conn()
  File "/root/.cache/pypoetry/virtualenvs/cpdbv2-backend-VA82Wl8V-py3.7/lib/python3.7/site-packages/urllib3/connection.py", line 172, in _new_conn
    self, "Failed to establish a new connection: %s" % e
urllib3.exceptions.NewConnectionError: <urllib3.connection.HTTPConnection object at 0x7ff069047790>: Failed to establish a new connection: [Errno -2] Name or service not known
elasticsearch: DEBUG: > None
--------------------- >> end captured logging << ---------------------

======================================================================
ERROR: test_find_officer (twitterbot.tests.test_officer_extractors.ElasticSearchOfficerExtractorTestCase)
----------------------------------------------------------------------
Traceback (most recent call last):
  File "/usr/src/app/cpdb/twitterbot/tests/test_officer_extractors.py", line 18, in setUp
    super(ElasticSearchOfficerExtractorTestCase, self).setUp()
  File "/usr/src/app/cpdb/twitterbot/tests/mixins.py", line 7, in setUp
    officers_index_alias.write_index.delete(ignore=404)
  File "/root/.cache/pypoetry/virtualenvs/cpdbv2-backend-VA82Wl8V-py3.7/lib/python3.7/site-packages/elasticsearch_dsl/index.py", line 222, in delete
    self.connection.indices.delete(index=self._name, **kwargs)
  File "/root/.cache/pypoetry/virtualenvs/cpdbv2-backend-VA82Wl8V-py3.7/lib/python3.7/site-packages/elasticsearch/client/utils.py", line 73, in _wrapped
    return func(*args, params=params, **kwargs)
  File "/root/.cache/pypoetry/virtualenvs/cpdbv2-backend-VA82Wl8V-py3.7/lib/python3.7/site-packages/elasticsearch/client/indices.py", line 200, in delete
    params=params)
  File "/root/.cache/pypoetry/virtualenvs/cpdbv2-backend-VA82Wl8V-py3.7/lib/python3.7/site-packages/elasticsearch/transport.py", line 312, in perform_request
    status, headers, data = connection.perform_request(method, url, params, body, ignore=ignore, timeout=timeout)
  File "/root/.cache/pypoetry/virtualenvs/cpdbv2-backend-VA82Wl8V-py3.7/lib/python3.7/site-packages/elasticsearch/connection/http_urllib3.py", line 124, in perform_request
    raise ConnectionError('N/A', str(e), e)
elasticsearch.exceptions.ConnectionError: ConnectionError(<urllib3.connection.HTTPConnection object at 0x7ff069030190>: Failed to establish a new connection: [Errno -2] Name or service not known) caused by: NewConnectionError(<urllib3.connection.HTTPConnection object at 0x7ff069030190>: Failed to establish a new connection: [Errno -2] Name or service not known)
-------------------- >> begin captured logging << --------------------
urllib3.util.retry: DEBUG: Converted retries value: False -> Retry(total=False, connect=None, read=None, redirect=0, status=None)
urllib3.connectionpool: DEBUG: Starting new HTTP connection (725): elasticsearch:9200
elasticsearch: WARNING: DELETE http://elasticsearch:9200/test_officers_c97d3965-996f-4fbb-b4a7-1038423423bd [status:N/A request:0.004s]
Traceback (most recent call last):
  File "/root/.cache/pypoetry/virtualenvs/cpdbv2-backend-VA82Wl8V-py3.7/lib/python3.7/site-packages/urllib3/connection.py", line 160, in _new_conn
    (self._dns_host, self.port), self.timeout, **extra_kw
  File "/root/.cache/pypoetry/virtualenvs/cpdbv2-backend-VA82Wl8V-py3.7/lib/python3.7/site-packages/urllib3/util/connection.py", line 61, in create_connection
    for res in socket.getaddrinfo(host, port, family, socket.SOCK_STREAM):
  File "/usr/local/lib/python3.7/socket.py", line 752, in getaddrinfo
    for res in _socket.getaddrinfo(host, port, family, type, proto, flags):
socket.gaierror: [Errno -2] Name or service not known

During handling of the above exception, another exception occurred:

Traceback (most recent call last):
  File "/root/.cache/pypoetry/virtualenvs/cpdbv2-backend-VA82Wl8V-py3.7/lib/python3.7/site-packages/elasticsearch/connection/http_urllib3.py", line 115, in perform_request
    response = self.pool.urlopen(method, url, body, retries=False, headers=self.headers, **kw)
  File "/root/.cache/pypoetry/virtualenvs/cpdbv2-backend-VA82Wl8V-py3.7/lib/python3.7/site-packages/urllib3/connectionpool.py", line 727, in urlopen
    method, url, error=e, _pool=self, _stacktrace=sys.exc_info()[2]
  File "/root/.cache/pypoetry/virtualenvs/cpdbv2-backend-VA82Wl8V-py3.7/lib/python3.7/site-packages/urllib3/util/retry.py", line 386, in increment
    raise six.reraise(type(error), error, _stacktrace)
  File "/root/.cache/pypoetry/virtualenvs/cpdbv2-backend-VA82Wl8V-py3.7/lib/python3.7/site-packages/urllib3/packages/six.py", line 735, in reraise
    raise value
  File "/root/.cache/pypoetry/virtualenvs/cpdbv2-backend-VA82Wl8V-py3.7/lib/python3.7/site-packages/urllib3/connectionpool.py", line 677, in urlopen
    chunked=chunked,
  File "/root/.cache/pypoetry/virtualenvs/cpdbv2-backend-VA82Wl8V-py3.7/lib/python3.7/site-packages/urllib3/connectionpool.py", line 392, in _make_request
    conn.request(method, url, **httplib_request_kw)
  File "/usr/local/lib/python3.7/http/client.py", line 1281, in request
    self._send_request(method, url, body, headers, encode_chunked)
  File "/usr/local/lib/python3.7/http/client.py", line 1327, in _send_request
    self.endheaders(body, encode_chunked=encode_chunked)
  File "/usr/local/lib/python3.7/http/client.py", line 1276, in endheaders
    self._send_output(message_body, encode_chunked=encode_chunked)
  File "/usr/local/lib/python3.7/http/client.py", line 1036, in _send_output
    self.send(msg)
  File "/usr/local/lib/python3.7/http/client.py", line 976, in send
    self.connect()
  File "/root/.cache/pypoetry/virtualenvs/cpdbv2-backend-VA82Wl8V-py3.7/lib/python3.7/site-packages/urllib3/connection.py", line 187, in connect
    conn = self._new_conn()
  File "/root/.cache/pypoetry/virtualenvs/cpdbv2-backend-VA82Wl8V-py3.7/lib/python3.7/site-packages/urllib3/connection.py", line 172, in _new_conn
    self, "Failed to establish a new connection: %s" % e
urllib3.exceptions.NewConnectionError: <urllib3.connection.HTTPConnection object at 0x7ff069016790>: Failed to establish a new connection: [Errno -2] Name or service not known
elasticsearch: DEBUG: > None
urllib3.util.retry: DEBUG: Converted retries value: False -> Retry(total=False, connect=None, read=None, redirect=0, status=None)
urllib3.connectionpool: DEBUG: Starting new HTTP connection (726): elasticsearch:9200
elasticsearch: WARNING: DELETE http://elasticsearch:9200/test_officers_c97d3965-996f-4fbb-b4a7-1038423423bd [status:N/A request:0.004s]
Traceback (most recent call last):
  File "/root/.cache/pypoetry/virtualenvs/cpdbv2-backend-VA82Wl8V-py3.7/lib/python3.7/site-packages/urllib3/connection.py", line 160, in _new_conn
    (self._dns_host, self.port), self.timeout, **extra_kw
  File "/root/.cache/pypoetry/virtualenvs/cpdbv2-backend-VA82Wl8V-py3.7/lib/python3.7/site-packages/urllib3/util/connection.py", line 61, in create_connection
    for res in socket.getaddrinfo(host, port, family, socket.SOCK_STREAM):
  File "/usr/local/lib/python3.7/socket.py", line 752, in getaddrinfo
    for res in _socket.getaddrinfo(host, port, family, type, proto, flags):
socket.gaierror: [Errno -2] Name or service not known

During handling of the above exception, another exception occurred:

Traceback (most recent call last):
  File "/root/.cache/pypoetry/virtualenvs/cpdbv2-backend-VA82Wl8V-py3.7/lib/python3.7/site-packages/elasticsearch/connection/http_urllib3.py", line 115, in perform_request
    response = self.pool.urlopen(method, url, body, retries=False, headers=self.headers, **kw)
  File "/root/.cache/pypoetry/virtualenvs/cpdbv2-backend-VA82Wl8V-py3.7/lib/python3.7/site-packages/urllib3/connectionpool.py", line 727, in urlopen
    method, url, error=e, _pool=self, _stacktrace=sys.exc_info()[2]
  File "/root/.cache/pypoetry/virtualenvs/cpdbv2-backend-VA82Wl8V-py3.7/lib/python3.7/site-packages/urllib3/util/retry.py", line 386, in increment
    raise six.reraise(type(error), error, _stacktrace)
  File "/root/.cache/pypoetry/virtualenvs/cpdbv2-backend-VA82Wl8V-py3.7/lib/python3.7/site-packages/urllib3/packages/six.py", line 735, in reraise
    raise value
  File "/root/.cache/pypoetry/virtualenvs/cpdbv2-backend-VA82Wl8V-py3.7/lib/python3.7/site-packages/urllib3/connectionpool.py", line 677, in urlopen
    chunked=chunked,
  File "/root/.cache/pypoetry/virtualenvs/cpdbv2-backend-VA82Wl8V-py3.7/lib/python3.7/site-packages/urllib3/connectionpool.py", line 392, in _make_request
    conn.request(method, url, **httplib_request_kw)
  File "/usr/local/lib/python3.7/http/client.py", line 1281, in request
    self._send_request(method, url, body, headers, encode_chunked)
  File "/usr/local/lib/python3.7/http/client.py", line 1327, in _send_request
    self.endheaders(body, encode_chunked=encode_chunked)
  File "/usr/local/lib/python3.7/http/client.py", line 1276, in endheaders
    self._send_output(message_body, encode_chunked=encode_chunked)
  File "/usr/local/lib/python3.7/http/client.py", line 1036, in _send_output
    self.send(msg)
  File "/usr/local/lib/python3.7/http/client.py", line 976, in send
    self.connect()
  File "/root/.cache/pypoetry/virtualenvs/cpdbv2-backend-VA82Wl8V-py3.7/lib/python3.7/site-packages/urllib3/connection.py", line 187, in connect
    conn = self._new_conn()
  File "/root/.cache/pypoetry/virtualenvs/cpdbv2-backend-VA82Wl8V-py3.7/lib/python3.7/site-packages/urllib3/connection.py", line 172, in _new_conn
    self, "Failed to establish a new connection: %s" % e
urllib3.exceptions.NewConnectionError: <urllib3.connection.HTTPConnection object at 0x7ff06971a090>: Failed to establish a new connection: [Errno -2] Name or service not known
elasticsearch: DEBUG: > None
urllib3.util.retry: DEBUG: Converted retries value: False -> Retry(total=False, connect=None, read=None, redirect=0, status=None)
urllib3.connectionpool: DEBUG: Starting new HTTP connection (727): elasticsearch:9200
elasticsearch: WARNING: DELETE http://elasticsearch:9200/test_officers_c97d3965-996f-4fbb-b4a7-1038423423bd [status:N/A request:0.005s]
Traceback (most recent call last):
  File "/root/.cache/pypoetry/virtualenvs/cpdbv2-backend-VA82Wl8V-py3.7/lib/python3.7/site-packages/urllib3/connection.py", line 160, in _new_conn
    (self._dns_host, self.port), self.timeout, **extra_kw
  File "/root/.cache/pypoetry/virtualenvs/cpdbv2-backend-VA82Wl8V-py3.7/lib/python3.7/site-packages/urllib3/util/connection.py", line 61, in create_connection
    for res in socket.getaddrinfo(host, port, family, socket.SOCK_STREAM):
  File "/usr/local/lib/python3.7/socket.py", line 752, in getaddrinfo
    for res in _socket.getaddrinfo(host, port, family, type, proto, flags):
socket.gaierror: [Errno -2] Name or service not known

During handling of the above exception, another exception occurred:

Traceback (most recent call last):
  File "/root/.cache/pypoetry/virtualenvs/cpdbv2-backend-VA82Wl8V-py3.7/lib/python3.7/site-packages/elasticsearch/connection/http_urllib3.py", line 115, in perform_request
    response = self.pool.urlopen(method, url, body, retries=False, headers=self.headers, **kw)
  File "/root/.cache/pypoetry/virtualenvs/cpdbv2-backend-VA82Wl8V-py3.7/lib/python3.7/site-packages/urllib3/connectionpool.py", line 727, in urlopen
    method, url, error=e, _pool=self, _stacktrace=sys.exc_info()[2]
  File "/root/.cache/pypoetry/virtualenvs/cpdbv2-backend-VA82Wl8V-py3.7/lib/python3.7/site-packages/urllib3/util/retry.py", line 386, in increment
    raise six.reraise(type(error), error, _stacktrace)
  File "/root/.cache/pypoetry/virtualenvs/cpdbv2-backend-VA82Wl8V-py3.7/lib/python3.7/site-packages/urllib3/packages/six.py", line 735, in reraise
    raise value
  File "/root/.cache/pypoetry/virtualenvs/cpdbv2-backend-VA82Wl8V-py3.7/lib/python3.7/site-packages/urllib3/connectionpool.py", line 677, in urlopen
    chunked=chunked,
  File "/root/.cache/pypoetry/virtualenvs/cpdbv2-backend-VA82Wl8V-py3.7/lib/python3.7/site-packages/urllib3/connectionpool.py", line 392, in _make_request
    conn.request(method, url, **httplib_request_kw)
  File "/usr/local/lib/python3.7/http/client.py", line 1281, in request
    self._send_request(method, url, body, headers, encode_chunked)
  File "/usr/local/lib/python3.7/http/client.py", line 1327, in _send_request
    self.endheaders(body, encode_chunked=encode_chunked)
  File "/usr/local/lib/python3.7/http/client.py", line 1276, in endheaders
    self._send_output(message_body, encode_chunked=encode_chunked)
  File "/usr/local/lib/python3.7/http/client.py", line 1036, in _send_output
    self.send(msg)
  File "/usr/local/lib/python3.7/http/client.py", line 976, in send
    self.connect()
  File "/root/.cache/pypoetry/virtualenvs/cpdbv2-backend-VA82Wl8V-py3.7/lib/python3.7/site-packages/urllib3/connection.py", line 187, in connect
    conn = self._new_conn()
  File "/root/.cache/pypoetry/virtualenvs/cpdbv2-backend-VA82Wl8V-py3.7/lib/python3.7/site-packages/urllib3/connection.py", line 172, in _new_conn
    self, "Failed to establish a new connection: %s" % e
urllib3.exceptions.NewConnectionError: <urllib3.connection.HTTPConnection object at 0x7ff069042c90>: Failed to establish a new connection: [Errno -2] Name or service not known
elasticsearch: DEBUG: > None
urllib3.util.retry: DEBUG: Converted retries value: False -> Retry(total=False, connect=None, read=None, redirect=0, status=None)
urllib3.connectionpool: DEBUG: Starting new HTTP connection (728): elasticsearch:9200
elasticsearch: WARNING: DELETE http://elasticsearch:9200/test_officers_c97d3965-996f-4fbb-b4a7-1038423423bd [status:N/A request:0.007s]
Traceback (most recent call last):
  File "/root/.cache/pypoetry/virtualenvs/cpdbv2-backend-VA82Wl8V-py3.7/lib/python3.7/site-packages/urllib3/connection.py", line 160, in _new_conn
    (self._dns_host, self.port), self.timeout, **extra_kw
  File "/root/.cache/pypoetry/virtualenvs/cpdbv2-backend-VA82Wl8V-py3.7/lib/python3.7/site-packages/urllib3/util/connection.py", line 61, in create_connection
    for res in socket.getaddrinfo(host, port, family, socket.SOCK_STREAM):
  File "/usr/local/lib/python3.7/socket.py", line 752, in getaddrinfo
    for res in _socket.getaddrinfo(host, port, family, type, proto, flags):
socket.gaierror: [Errno -2] Name or service not known

During handling of the above exception, another exception occurred:

Traceback (most recent call last):
  File "/root/.cache/pypoetry/virtualenvs/cpdbv2-backend-VA82Wl8V-py3.7/lib/python3.7/site-packages/elasticsearch/connection/http_urllib3.py", line 115, in perform_request
    response = self.pool.urlopen(method, url, body, retries=False, headers=self.headers, **kw)
  File "/root/.cache/pypoetry/virtualenvs/cpdbv2-backend-VA82Wl8V-py3.7/lib/python3.7/site-packages/urllib3/connectionpool.py", line 727, in urlopen
    method, url, error=e, _pool=self, _stacktrace=sys.exc_info()[2]
  File "/root/.cache/pypoetry/virtualenvs/cpdbv2-backend-VA82Wl8V-py3.7/lib/python3.7/site-packages/urllib3/util/retry.py", line 386, in increment
    raise six.reraise(type(error), error, _stacktrace)
  File "/root/.cache/pypoetry/virtualenvs/cpdbv2-backend-VA82Wl8V-py3.7/lib/python3.7/site-packages/urllib3/packages/six.py", line 735, in reraise
    raise value
  File "/root/.cache/pypoetry/virtualenvs/cpdbv2-backend-VA82Wl8V-py3.7/lib/python3.7/site-packages/urllib3/connectionpool.py", line 677, in urlopen
    chunked=chunked,
  File "/root/.cache/pypoetry/virtualenvs/cpdbv2-backend-VA82Wl8V-py3.7/lib/python3.7/site-packages/urllib3/connectionpool.py", line 392, in _make_request
    conn.request(method, url, **httplib_request_kw)
  File "/usr/local/lib/python3.7/http/client.py", line 1281, in request
    self._send_request(method, url, body, headers, encode_chunked)
  File "/usr/local/lib/python3.7/http/client.py", line 1327, in _send_request
    self.endheaders(body, encode_chunked=encode_chunked)
  File "/usr/local/lib/python3.7/http/client.py", line 1276, in endheaders
    self._send_output(message_body, encode_chunked=encode_chunked)
  File "/usr/local/lib/python3.7/http/client.py", line 1036, in _send_output
    self.send(msg)
  File "/usr/local/lib/python3.7/http/client.py", line 976, in send
    self.connect()
  File "/root/.cache/pypoetry/virtualenvs/cpdbv2-backend-VA82Wl8V-py3.7/lib/python3.7/site-packages/urllib3/connection.py", line 187, in connect
    conn = self._new_conn()
  File "/root/.cache/pypoetry/virtualenvs/cpdbv2-backend-VA82Wl8V-py3.7/lib/python3.7/site-packages/urllib3/connection.py", line 172, in _new_conn
    self, "Failed to establish a new connection: %s" % e
urllib3.exceptions.NewConnectionError: <urllib3.connection.HTTPConnection object at 0x7ff069030190>: Failed to establish a new connection: [Errno -2] Name or service not known
elasticsearch: DEBUG: > None
--------------------- >> end captured logging << ---------------------

======================================================================
ERROR: test_find_officer_with_correct_match (twitterbot.tests.test_officer_extractors.ElasticSearchOfficerExtractorTestCase)
----------------------------------------------------------------------
Traceback (most recent call last):
  File "/usr/src/app/cpdb/twitterbot/tests/test_officer_extractors.py", line 18, in setUp
    super(ElasticSearchOfficerExtractorTestCase, self).setUp()
  File "/usr/src/app/cpdb/twitterbot/tests/mixins.py", line 7, in setUp
    officers_index_alias.write_index.delete(ignore=404)
  File "/root/.cache/pypoetry/virtualenvs/cpdbv2-backend-VA82Wl8V-py3.7/lib/python3.7/site-packages/elasticsearch_dsl/index.py", line 222, in delete
    self.connection.indices.delete(index=self._name, **kwargs)
  File "/root/.cache/pypoetry/virtualenvs/cpdbv2-backend-VA82Wl8V-py3.7/lib/python3.7/site-packages/elasticsearch/client/utils.py", line 73, in _wrapped
    return func(*args, params=params, **kwargs)
  File "/root/.cache/pypoetry/virtualenvs/cpdbv2-backend-VA82Wl8V-py3.7/lib/python3.7/site-packages/elasticsearch/client/indices.py", line 200, in delete
    params=params)
  File "/root/.cache/pypoetry/virtualenvs/cpdbv2-backend-VA82Wl8V-py3.7/lib/python3.7/site-packages/elasticsearch/transport.py", line 312, in perform_request
    status, headers, data = connection.perform_request(method, url, params, body, ignore=ignore, timeout=timeout)
  File "/root/.cache/pypoetry/virtualenvs/cpdbv2-backend-VA82Wl8V-py3.7/lib/python3.7/site-packages/elasticsearch/connection/http_urllib3.py", line 124, in perform_request
    raise ConnectionError('N/A', str(e), e)
elasticsearch.exceptions.ConnectionError: ConnectionError(<urllib3.connection.HTTPConnection object at 0x7ff069057d10>: Failed to establish a new connection: [Errno -2] Name or service not known) caused by: NewConnectionError(<urllib3.connection.HTTPConnection object at 0x7ff069057d10>: Failed to establish a new connection: [Errno -2] Name or service not known)
-------------------- >> begin captured logging << --------------------
urllib3.util.retry: DEBUG: Converted retries value: False -> Retry(total=False, connect=None, read=None, redirect=0, status=None)
urllib3.connectionpool: DEBUG: Starting new HTTP connection (729): elasticsearch:9200
elasticsearch: WARNING: DELETE http://elasticsearch:9200/test_officers_c97d3965-996f-4fbb-b4a7-1038423423bd [status:N/A request:0.006s]
Traceback (most recent call last):
  File "/root/.cache/pypoetry/virtualenvs/cpdbv2-backend-VA82Wl8V-py3.7/lib/python3.7/site-packages/urllib3/connection.py", line 160, in _new_conn
    (self._dns_host, self.port), self.timeout, **extra_kw
  File "/root/.cache/pypoetry/virtualenvs/cpdbv2-backend-VA82Wl8V-py3.7/lib/python3.7/site-packages/urllib3/util/connection.py", line 61, in create_connection
    for res in socket.getaddrinfo(host, port, family, socket.SOCK_STREAM):
  File "/usr/local/lib/python3.7/socket.py", line 752, in getaddrinfo
    for res in _socket.getaddrinfo(host, port, family, type, proto, flags):
socket.gaierror: [Errno -2] Name or service not known

During handling of the above exception, another exception occurred:

Traceback (most recent call last):
  File "/root/.cache/pypoetry/virtualenvs/cpdbv2-backend-VA82Wl8V-py3.7/lib/python3.7/site-packages/elasticsearch/connection/http_urllib3.py", line 115, in perform_request
    response = self.pool.urlopen(method, url, body, retries=False, headers=self.headers, **kw)
  File "/root/.cache/pypoetry/virtualenvs/cpdbv2-backend-VA82Wl8V-py3.7/lib/python3.7/site-packages/urllib3/connectionpool.py", line 727, in urlopen
    method, url, error=e, _pool=self, _stacktrace=sys.exc_info()[2]
  File "/root/.cache/pypoetry/virtualenvs/cpdbv2-backend-VA82Wl8V-py3.7/lib/python3.7/site-packages/urllib3/util/retry.py", line 386, in increment
    raise six.reraise(type(error), error, _stacktrace)
  File "/root/.cache/pypoetry/virtualenvs/cpdbv2-backend-VA82Wl8V-py3.7/lib/python3.7/site-packages/urllib3/packages/six.py", line 735, in reraise
    raise value
  File "/root/.cache/pypoetry/virtualenvs/cpdbv2-backend-VA82Wl8V-py3.7/lib/python3.7/site-packages/urllib3/connectionpool.py", line 677, in urlopen
    chunked=chunked,
  File "/root/.cache/pypoetry/virtualenvs/cpdbv2-backend-VA82Wl8V-py3.7/lib/python3.7/site-packages/urllib3/connectionpool.py", line 392, in _make_request
    conn.request(method, url, **httplib_request_kw)
  File "/usr/local/lib/python3.7/http/client.py", line 1281, in request
    self._send_request(method, url, body, headers, encode_chunked)
  File "/usr/local/lib/python3.7/http/client.py", line 1327, in _send_request
    self.endheaders(body, encode_chunked=encode_chunked)
  File "/usr/local/lib/python3.7/http/client.py", line 1276, in endheaders
    self._send_output(message_body, encode_chunked=encode_chunked)
  File "/usr/local/lib/python3.7/http/client.py", line 1036, in _send_output
    self.send(msg)
  File "/usr/local/lib/python3.7/http/client.py", line 976, in send
    self.connect()
  File "/root/.cache/pypoetry/virtualenvs/cpdbv2-backend-VA82Wl8V-py3.7/lib/python3.7/site-packages/urllib3/connection.py", line 187, in connect
    conn = self._new_conn()
  File "/root/.cache/pypoetry/virtualenvs/cpdbv2-backend-VA82Wl8V-py3.7/lib/python3.7/site-packages/urllib3/connection.py", line 172, in _new_conn
    self, "Failed to establish a new connection: %s" % e
urllib3.exceptions.NewConnectionError: <urllib3.connection.HTTPConnection object at 0x7ff069016150>: Failed to establish a new connection: [Errno -2] Name or service not known
elasticsearch: DEBUG: > None
urllib3.util.retry: DEBUG: Converted retries value: False -> Retry(total=False, connect=None, read=None, redirect=0, status=None)
urllib3.connectionpool: DEBUG: Starting new HTTP connection (730): elasticsearch:9200
elasticsearch: WARNING: DELETE http://elasticsearch:9200/test_officers_c97d3965-996f-4fbb-b4a7-1038423423bd [status:N/A request:0.004s]
Traceback (most recent call last):
  File "/root/.cache/pypoetry/virtualenvs/cpdbv2-backend-VA82Wl8V-py3.7/lib/python3.7/site-packages/urllib3/connection.py", line 160, in _new_conn
    (self._dns_host, self.port), self.timeout, **extra_kw
  File "/root/.cache/pypoetry/virtualenvs/cpdbv2-backend-VA82Wl8V-py3.7/lib/python3.7/site-packages/urllib3/util/connection.py", line 61, in create_connection
    for res in socket.getaddrinfo(host, port, family, socket.SOCK_STREAM):
  File "/usr/local/lib/python3.7/socket.py", line 752, in getaddrinfo
    for res in _socket.getaddrinfo(host, port, family, type, proto, flags):
socket.gaierror: [Errno -2] Name or service not known

During handling of the above exception, another exception occurred:

Traceback (most recent call last):
  File "/root/.cache/pypoetry/virtualenvs/cpdbv2-backend-VA82Wl8V-py3.7/lib/python3.7/site-packages/elasticsearch/connection/http_urllib3.py", line 115, in perform_request
    response = self.pool.urlopen(method, url, body, retries=False, headers=self.headers, **kw)
  File "/root/.cache/pypoetry/virtualenvs/cpdbv2-backend-VA82Wl8V-py3.7/lib/python3.7/site-packages/urllib3/connectionpool.py", line 727, in urlopen
    method, url, error=e, _pool=self, _stacktrace=sys.exc_info()[2]
  File "/root/.cache/pypoetry/virtualenvs/cpdbv2-backend-VA82Wl8V-py3.7/lib/python3.7/site-packages/urllib3/util/retry.py", line 386, in increment
    raise six.reraise(type(error), error, _stacktrace)
  File "/root/.cache/pypoetry/virtualenvs/cpdbv2-backend-VA82Wl8V-py3.7/lib/python3.7/site-packages/urllib3/packages/six.py", line 735, in reraise
    raise value
  File "/root/.cache/pypoetry/virtualenvs/cpdbv2-backend-VA82Wl8V-py3.7/lib/python3.7/site-packages/urllib3/connectionpool.py", line 677, in urlopen
    chunked=chunked,
  File "/root/.cache/pypoetry/virtualenvs/cpdbv2-backend-VA82Wl8V-py3.7/lib/python3.7/site-packages/urllib3/connectionpool.py", line 392, in _make_request
    conn.request(method, url, **httplib_request_kw)
  File "/usr/local/lib/python3.7/http/client.py", line 1281, in request
    self._send_request(method, url, body, headers, encode_chunked)
  File "/usr/local/lib/python3.7/http/client.py", line 1327, in _send_request
    self.endheaders(body, encode_chunked=encode_chunked)
  File "/usr/local/lib/python3.7/http/client.py", line 1276, in endheaders
    self._send_output(message_body, encode_chunked=encode_chunked)
  File "/usr/local/lib/python3.7/http/client.py", line 1036, in _send_output
    self.send(msg)
  File "/usr/local/lib/python3.7/http/client.py", line 976, in send
    self.connect()
  File "/root/.cache/pypoetry/virtualenvs/cpdbv2-backend-VA82Wl8V-py3.7/lib/python3.7/site-packages/urllib3/connection.py", line 187, in connect
    conn = self._new_conn()
  File "/root/.cache/pypoetry/virtualenvs/cpdbv2-backend-VA82Wl8V-py3.7/lib/python3.7/site-packages/urllib3/connection.py", line 172, in _new_conn
    self, "Failed to establish a new connection: %s" % e
urllib3.exceptions.NewConnectionError: <urllib3.connection.HTTPConnection object at 0x7ff069057fd0>: Failed to establish a new connection: [Errno -2] Name or service not known
elasticsearch: DEBUG: > None
urllib3.util.retry: DEBUG: Converted retries value: False -> Retry(total=False, connect=None, read=None, redirect=0, status=None)
urllib3.connectionpool: DEBUG: Starting new HTTP connection (731): elasticsearch:9200
elasticsearch: WARNING: DELETE http://elasticsearch:9200/test_officers_c97d3965-996f-4fbb-b4a7-1038423423bd [status:N/A request:0.004s]
Traceback (most recent call last):
  File "/root/.cache/pypoetry/virtualenvs/cpdbv2-backend-VA82Wl8V-py3.7/lib/python3.7/site-packages/urllib3/connection.py", line 160, in _new_conn
    (self._dns_host, self.port), self.timeout, **extra_kw
  File "/root/.cache/pypoetry/virtualenvs/cpdbv2-backend-VA82Wl8V-py3.7/lib/python3.7/site-packages/urllib3/util/connection.py", line 61, in create_connection
    for res in socket.getaddrinfo(host, port, family, socket.SOCK_STREAM):
  File "/usr/local/lib/python3.7/socket.py", line 752, in getaddrinfo
    for res in _socket.getaddrinfo(host, port, family, type, proto, flags):
socket.gaierror: [Errno -2] Name or service not known

During handling of the above exception, another exception occurred:

Traceback (most recent call last):
  File "/root/.cache/pypoetry/virtualenvs/cpdbv2-backend-VA82Wl8V-py3.7/lib/python3.7/site-packages/elasticsearch/connection/http_urllib3.py", line 115, in perform_request
    response = self.pool.urlopen(method, url, body, retries=False, headers=self.headers, **kw)
  File "/root/.cache/pypoetry/virtualenvs/cpdbv2-backend-VA82Wl8V-py3.7/lib/python3.7/site-packages/urllib3/connectionpool.py", line 727, in urlopen
    method, url, error=e, _pool=self, _stacktrace=sys.exc_info()[2]
  File "/root/.cache/pypoetry/virtualenvs/cpdbv2-backend-VA82Wl8V-py3.7/lib/python3.7/site-packages/urllib3/util/retry.py", line 386, in increment
    raise six.reraise(type(error), error, _stacktrace)
  File "/root/.cache/pypoetry/virtualenvs/cpdbv2-backend-VA82Wl8V-py3.7/lib/python3.7/site-packages/urllib3/packages/six.py", line 735, in reraise
    raise value
  File "/root/.cache/pypoetry/virtualenvs/cpdbv2-backend-VA82Wl8V-py3.7/lib/python3.7/site-packages/urllib3/connectionpool.py", line 677, in urlopen
    chunked=chunked,
  File "/root/.cache/pypoetry/virtualenvs/cpdbv2-backend-VA82Wl8V-py3.7/lib/python3.7/site-packages/urllib3/connectionpool.py", line 392, in _make_request
    conn.request(method, url, **httplib_request_kw)
  File "/usr/local/lib/python3.7/http/client.py", line 1281, in request
    self._send_request(method, url, body, headers, encode_chunked)
  File "/usr/local/lib/python3.7/http/client.py", line 1327, in _send_request
    self.endheaders(body, encode_chunked=encode_chunked)
  File "/usr/local/lib/python3.7/http/client.py", line 1276, in endheaders
    self._send_output(message_body, encode_chunked=encode_chunked)
  File "/usr/local/lib/python3.7/http/client.py", line 1036, in _send_output
    self.send(msg)
  File "/usr/local/lib/python3.7/http/client.py", line 976, in send
    self.connect()
  File "/root/.cache/pypoetry/virtualenvs/cpdbv2-backend-VA82Wl8V-py3.7/lib/python3.7/site-packages/urllib3/connection.py", line 187, in connect
    conn = self._new_conn()
  File "/root/.cache/pypoetry/virtualenvs/cpdbv2-backend-VA82Wl8V-py3.7/lib/python3.7/site-packages/urllib3/connection.py", line 172, in _new_conn
    self, "Failed to establish a new connection: %s" % e
urllib3.exceptions.NewConnectionError: <urllib3.connection.HTTPConnection object at 0x7ff069057950>: Failed to establish a new connection: [Errno -2] Name or service not known
elasticsearch: DEBUG: > None
urllib3.util.retry: DEBUG: Converted retries value: False -> Retry(total=False, connect=None, read=None, redirect=0, status=None)
urllib3.connectionpool: DEBUG: Starting new HTTP connection (732): elasticsearch:9200
elasticsearch: WARNING: DELETE http://elasticsearch:9200/test_officers_c97d3965-996f-4fbb-b4a7-1038423423bd [status:N/A request:0.004s]
Traceback (most recent call last):
  File "/root/.cache/pypoetry/virtualenvs/cpdbv2-backend-VA82Wl8V-py3.7/lib/python3.7/site-packages/urllib3/connection.py", line 160, in _new_conn
    (self._dns_host, self.port), self.timeout, **extra_kw
  File "/root/.cache/pypoetry/virtualenvs/cpdbv2-backend-VA82Wl8V-py3.7/lib/python3.7/site-packages/urllib3/util/connection.py", line 61, in create_connection
    for res in socket.getaddrinfo(host, port, family, socket.SOCK_STREAM):
  File "/usr/local/lib/python3.7/socket.py", line 752, in getaddrinfo
    for res in _socket.getaddrinfo(host, port, family, type, proto, flags):
socket.gaierror: [Errno -2] Name or service not known

During handling of the above exception, another exception occurred:

Traceback (most recent call last):
  File "/root/.cache/pypoetry/virtualenvs/cpdbv2-backend-VA82Wl8V-py3.7/lib/python3.7/site-packages/elasticsearch/connection/http_urllib3.py", line 115, in perform_request
    response = self.pool.urlopen(method, url, body, retries=False, headers=self.headers, **kw)
  File "/root/.cache/pypoetry/virtualenvs/cpdbv2-backend-VA82Wl8V-py3.7/lib/python3.7/site-packages/urllib3/connectionpool.py", line 727, in urlopen
    method, url, error=e, _pool=self, _stacktrace=sys.exc_info()[2]
  File "/root/.cache/pypoetry/virtualenvs/cpdbv2-backend-VA82Wl8V-py3.7/lib/python3.7/site-packages/urllib3/util/retry.py", line 386, in increment
    raise six.reraise(type(error), error, _stacktrace)
  File "/root/.cache/pypoetry/virtualenvs/cpdbv2-backend-VA82Wl8V-py3.7/lib/python3.7/site-packages/urllib3/packages/six.py", line 735, in reraise
    raise value
  File "/root/.cache/pypoetry/virtualenvs/cpdbv2-backend-VA82Wl8V-py3.7/lib/python3.7/site-packages/urllib3/connectionpool.py", line 677, in urlopen
    chunked=chunked,
  File "/root/.cache/pypoetry/virtualenvs/cpdbv2-backend-VA82Wl8V-py3.7/lib/python3.7/site-packages/urllib3/connectionpool.py", line 392, in _make_request
    conn.request(method, url, **httplib_request_kw)
  File "/usr/local/lib/python3.7/http/client.py", line 1281, in request
    self._send_request(method, url, body, headers, encode_chunked)
  File "/usr/local/lib/python3.7/http/client.py", line 1327, in _send_request
    self.endheaders(body, encode_chunked=encode_chunked)
  File "/usr/local/lib/python3.7/http/client.py", line 1276, in endheaders
    self._send_output(message_body, encode_chunked=encode_chunked)
  File "/usr/local/lib/python3.7/http/client.py", line 1036, in _send_output
    self.send(msg)
  File "/usr/local/lib/python3.7/http/client.py", line 976, in send
    self.connect()
  File "/root/.cache/pypoetry/virtualenvs/cpdbv2-backend-VA82Wl8V-py3.7/lib/python3.7/site-packages/urllib3/connection.py", line 187, in connect
    conn = self._new_conn()
  File "/root/.cache/pypoetry/virtualenvs/cpdbv2-backend-VA82Wl8V-py3.7/lib/python3.7/site-packages/urllib3/connection.py", line 172, in _new_conn
    self, "Failed to establish a new connection: %s" % e
urllib3.exceptions.NewConnectionError: <urllib3.connection.HTTPConnection object at 0x7ff069057d10>: Failed to establish a new connection: [Errno -2] Name or service not known
elasticsearch: DEBUG: > None
--------------------- >> end captured logging << ---------------------

======================================================================
ERROR: test_find_only_officer_with_highest_complaint_count (twitterbot.tests.test_officer_extractors.ElasticSearchOfficerExtractorTestCase)
----------------------------------------------------------------------
Traceback (most recent call last):
  File "/usr/src/app/cpdb/twitterbot/tests/test_officer_extractors.py", line 18, in setUp
    super(ElasticSearchOfficerExtractorTestCase, self).setUp()
  File "/usr/src/app/cpdb/twitterbot/tests/mixins.py", line 7, in setUp
    officers_index_alias.write_index.delete(ignore=404)
  File "/root/.cache/pypoetry/virtualenvs/cpdbv2-backend-VA82Wl8V-py3.7/lib/python3.7/site-packages/elasticsearch_dsl/index.py", line 222, in delete
    self.connection.indices.delete(index=self._name, **kwargs)
  File "/root/.cache/pypoetry/virtualenvs/cpdbv2-backend-VA82Wl8V-py3.7/lib/python3.7/site-packages/elasticsearch/client/utils.py", line 73, in _wrapped
    return func(*args, params=params, **kwargs)
  File "/root/.cache/pypoetry/virtualenvs/cpdbv2-backend-VA82Wl8V-py3.7/lib/python3.7/site-packages/elasticsearch/client/indices.py", line 200, in delete
    params=params)
  File "/root/.cache/pypoetry/virtualenvs/cpdbv2-backend-VA82Wl8V-py3.7/lib/python3.7/site-packages/elasticsearch/transport.py", line 312, in perform_request
    status, headers, data = connection.perform_request(method, url, params, body, ignore=ignore, timeout=timeout)
  File "/root/.cache/pypoetry/virtualenvs/cpdbv2-backend-VA82Wl8V-py3.7/lib/python3.7/site-packages/elasticsearch/connection/http_urllib3.py", line 124, in perform_request
    raise ConnectionError('N/A', str(e), e)
elasticsearch.exceptions.ConnectionError: ConnectionError(<urllib3.connection.HTTPConnection object at 0x7ff069057210>: Failed to establish a new connection: [Errno -2] Name or service not known) caused by: NewConnectionError(<urllib3.connection.HTTPConnection object at 0x7ff069057210>: Failed to establish a new connection: [Errno -2] Name or service not known)
-------------------- >> begin captured logging << --------------------
urllib3.util.retry: DEBUG: Converted retries value: False -> Retry(total=False, connect=None, read=None, redirect=0, status=None)
urllib3.connectionpool: DEBUG: Starting new HTTP connection (733): elasticsearch:9200
elasticsearch: WARNING: DELETE http://elasticsearch:9200/test_officers_c97d3965-996f-4fbb-b4a7-1038423423bd [status:N/A request:0.005s]
Traceback (most recent call last):
  File "/root/.cache/pypoetry/virtualenvs/cpdbv2-backend-VA82Wl8V-py3.7/lib/python3.7/site-packages/urllib3/connection.py", line 160, in _new_conn
    (self._dns_host, self.port), self.timeout, **extra_kw
  File "/root/.cache/pypoetry/virtualenvs/cpdbv2-backend-VA82Wl8V-py3.7/lib/python3.7/site-packages/urllib3/util/connection.py", line 61, in create_connection
    for res in socket.getaddrinfo(host, port, family, socket.SOCK_STREAM):
  File "/usr/local/lib/python3.7/socket.py", line 752, in getaddrinfo
    for res in _socket.getaddrinfo(host, port, family, type, proto, flags):
socket.gaierror: [Errno -2] Name or service not known

During handling of the above exception, another exception occurred:

Traceback (most recent call last):
  File "/root/.cache/pypoetry/virtualenvs/cpdbv2-backend-VA82Wl8V-py3.7/lib/python3.7/site-packages/elasticsearch/connection/http_urllib3.py", line 115, in perform_request
    response = self.pool.urlopen(method, url, body, retries=False, headers=self.headers, **kw)
  File "/root/.cache/pypoetry/virtualenvs/cpdbv2-backend-VA82Wl8V-py3.7/lib/python3.7/site-packages/urllib3/connectionpool.py", line 727, in urlopen
    method, url, error=e, _pool=self, _stacktrace=sys.exc_info()[2]
  File "/root/.cache/pypoetry/virtualenvs/cpdbv2-backend-VA82Wl8V-py3.7/lib/python3.7/site-packages/urllib3/util/retry.py", line 386, in increment
    raise six.reraise(type(error), error, _stacktrace)
  File "/root/.cache/pypoetry/virtualenvs/cpdbv2-backend-VA82Wl8V-py3.7/lib/python3.7/site-packages/urllib3/packages/six.py", line 735, in reraise
    raise value
  File "/root/.cache/pypoetry/virtualenvs/cpdbv2-backend-VA82Wl8V-py3.7/lib/python3.7/site-packages/urllib3/connectionpool.py", line 677, in urlopen
    chunked=chunked,
  File "/root/.cache/pypoetry/virtualenvs/cpdbv2-backend-VA82Wl8V-py3.7/lib/python3.7/site-packages/urllib3/connectionpool.py", line 392, in _make_request
    conn.request(method, url, **httplib_request_kw)
  File "/usr/local/lib/python3.7/http/client.py", line 1281, in request
    self._send_request(method, url, body, headers, encode_chunked)
  File "/usr/local/lib/python3.7/http/client.py", line 1327, in _send_request
    self.endheaders(body, encode_chunked=encode_chunked)
  File "/usr/local/lib/python3.7/http/client.py", line 1276, in endheaders
    self._send_output(message_body, encode_chunked=encode_chunked)
  File "/usr/local/lib/python3.7/http/client.py", line 1036, in _send_output
    self.send(msg)
  File "/usr/local/lib/python3.7/http/client.py", line 976, in send
    self.connect()
  File "/root/.cache/pypoetry/virtualenvs/cpdbv2-backend-VA82Wl8V-py3.7/lib/python3.7/site-packages/urllib3/connection.py", line 187, in connect
    conn = self._new_conn()
  File "/root/.cache/pypoetry/virtualenvs/cpdbv2-backend-VA82Wl8V-py3.7/lib/python3.7/site-packages/urllib3/connection.py", line 172, in _new_conn
    self, "Failed to establish a new connection: %s" % e
urllib3.exceptions.NewConnectionError: <urllib3.connection.HTTPConnection object at 0x7ff069057650>: Failed to establish a new connection: [Errno -2] Name or service not known
elasticsearch: DEBUG: > None
urllib3.util.retry: DEBUG: Converted retries value: False -> Retry(total=False, connect=None, read=None, redirect=0, status=None)
urllib3.connectionpool: DEBUG: Starting new HTTP connection (734): elasticsearch:9200
elasticsearch: WARNING: DELETE http://elasticsearch:9200/test_officers_c97d3965-996f-4fbb-b4a7-1038423423bd [status:N/A request:0.004s]
Traceback (most recent call last):
  File "/root/.cache/pypoetry/virtualenvs/cpdbv2-backend-VA82Wl8V-py3.7/lib/python3.7/site-packages/urllib3/connection.py", line 160, in _new_conn
    (self._dns_host, self.port), self.timeout, **extra_kw
  File "/root/.cache/pypoetry/virtualenvs/cpdbv2-backend-VA82Wl8V-py3.7/lib/python3.7/site-packages/urllib3/util/connection.py", line 61, in create_connection
    for res in socket.getaddrinfo(host, port, family, socket.SOCK_STREAM):
  File "/usr/local/lib/python3.7/socket.py", line 752, in getaddrinfo
    for res in _socket.getaddrinfo(host, port, family, type, proto, flags):
socket.gaierror: [Errno -2] Name or service not known

During handling of the above exception, another exception occurred:

Traceback (most recent call last):
  File "/root/.cache/pypoetry/virtualenvs/cpdbv2-backend-VA82Wl8V-py3.7/lib/python3.7/site-packages/elasticsearch/connection/http_urllib3.py", line 115, in perform_request
    response = self.pool.urlopen(method, url, body, retries=False, headers=self.headers, **kw)
  File "/root/.cache/pypoetry/virtualenvs/cpdbv2-backend-VA82Wl8V-py3.7/lib/python3.7/site-packages/urllib3/connectionpool.py", line 727, in urlopen
    method, url, error=e, _pool=self, _stacktrace=sys.exc_info()[2]
  File "/root/.cache/pypoetry/virtualenvs/cpdbv2-backend-VA82Wl8V-py3.7/lib/python3.7/site-packages/urllib3/util/retry.py", line 386, in increment
    raise six.reraise(type(error), error, _stacktrace)
  File "/root/.cache/pypoetry/virtualenvs/cpdbv2-backend-VA82Wl8V-py3.7/lib/python3.7/site-packages/urllib3/packages/six.py", line 735, in reraise
    raise value
  File "/root/.cache/pypoetry/virtualenvs/cpdbv2-backend-VA82Wl8V-py3.7/lib/python3.7/site-packages/urllib3/connectionpool.py", line 677, in urlopen
    chunked=chunked,
  File "/root/.cache/pypoetry/virtualenvs/cpdbv2-backend-VA82Wl8V-py3.7/lib/python3.7/site-packages/urllib3/connectionpool.py", line 392, in _make_request
    conn.request(method, url, **httplib_request_kw)
  File "/usr/local/lib/python3.7/http/client.py", line 1281, in request
    self._send_request(method, url, body, headers, encode_chunked)
  File "/usr/local/lib/python3.7/http/client.py", line 1327, in _send_request
    self.endheaders(body, encode_chunked=encode_chunked)
  File "/usr/local/lib/python3.7/http/client.py", line 1276, in endheaders
    self._send_output(message_body, encode_chunked=encode_chunked)
  File "/usr/local/lib/python3.7/http/client.py", line 1036, in _send_output
    self.send(msg)
  File "/usr/local/lib/python3.7/http/client.py", line 976, in send
    self.connect()
  File "/root/.cache/pypoetry/virtualenvs/cpdbv2-backend-VA82Wl8V-py3.7/lib/python3.7/site-packages/urllib3/connection.py", line 187, in connect
    conn = self._new_conn()
  File "/root/.cache/pypoetry/virtualenvs/cpdbv2-backend-VA82Wl8V-py3.7/lib/python3.7/site-packages/urllib3/connection.py", line 172, in _new_conn
    self, "Failed to establish a new connection: %s" % e
urllib3.exceptions.NewConnectionError: <urllib3.connection.HTTPConnection object at 0x7ff068ffa550>: Failed to establish a new connection: [Errno -2] Name or service not known
elasticsearch: DEBUG: > None
urllib3.util.retry: DEBUG: Converted retries value: False -> Retry(total=False, connect=None, read=None, redirect=0, status=None)
urllib3.connectionpool: DEBUG: Starting new HTTP connection (735): elasticsearch:9200
elasticsearch: WARNING: DELETE http://elasticsearch:9200/test_officers_c97d3965-996f-4fbb-b4a7-1038423423bd [status:N/A request:0.004s]
Traceback (most recent call last):
  File "/root/.cache/pypoetry/virtualenvs/cpdbv2-backend-VA82Wl8V-py3.7/lib/python3.7/site-packages/urllib3/connection.py", line 160, in _new_conn
    (self._dns_host, self.port), self.timeout, **extra_kw
  File "/root/.cache/pypoetry/virtualenvs/cpdbv2-backend-VA82Wl8V-py3.7/lib/python3.7/site-packages/urllib3/util/connection.py", line 61, in create_connection
    for res in socket.getaddrinfo(host, port, family, socket.SOCK_STREAM):
  File "/usr/local/lib/python3.7/socket.py", line 752, in getaddrinfo
    for res in _socket.getaddrinfo(host, port, family, type, proto, flags):
socket.gaierror: [Errno -2] Name or service not known

During handling of the above exception, another exception occurred:

Traceback (most recent call last):
  File "/root/.cache/pypoetry/virtualenvs/cpdbv2-backend-VA82Wl8V-py3.7/lib/python3.7/site-packages/elasticsearch/connection/http_urllib3.py", line 115, in perform_request
    response = self.pool.urlopen(method, url, body, retries=False, headers=self.headers, **kw)
  File "/root/.cache/pypoetry/virtualenvs/cpdbv2-backend-VA82Wl8V-py3.7/lib/python3.7/site-packages/urllib3/connectionpool.py", line 727, in urlopen
    method, url, error=e, _pool=self, _stacktrace=sys.exc_info()[2]
  File "/root/.cache/pypoetry/virtualenvs/cpdbv2-backend-VA82Wl8V-py3.7/lib/python3.7/site-packages/urllib3/util/retry.py", line 386, in increment
    raise six.reraise(type(error), error, _stacktrace)
  File "/root/.cache/pypoetry/virtualenvs/cpdbv2-backend-VA82Wl8V-py3.7/lib/python3.7/site-packages/urllib3/packages/six.py", line 735, in reraise
    raise value
  File "/root/.cache/pypoetry/virtualenvs/cpdbv2-backend-VA82Wl8V-py3.7/lib/python3.7/site-packages/urllib3/connectionpool.py", line 677, in urlopen
    chunked=chunked,
  File "/root/.cache/pypoetry/virtualenvs/cpdbv2-backend-VA82Wl8V-py3.7/lib/python3.7/site-packages/urllib3/connectionpool.py", line 392, in _make_request
    conn.request(method, url, **httplib_request_kw)
  File "/usr/local/lib/python3.7/http/client.py", line 1281, in request
    self._send_request(method, url, body, headers, encode_chunked)
  File "/usr/local/lib/python3.7/http/client.py", line 1327, in _send_request
    self.endheaders(body, encode_chunked=encode_chunked)
  File "/usr/local/lib/python3.7/http/client.py", line 1276, in endheaders
    self._send_output(message_body, encode_chunked=encode_chunked)
  File "/usr/local/lib/python3.7/http/client.py", line 1036, in _send_output
    self.send(msg)
  File "/usr/local/lib/python3.7/http/client.py", line 976, in send
    self.connect()
  File "/root/.cache/pypoetry/virtualenvs/cpdbv2-backend-VA82Wl8V-py3.7/lib/python3.7/site-packages/urllib3/connection.py", line 187, in connect
    conn = self._new_conn()
  File "/root/.cache/pypoetry/virtualenvs/cpdbv2-backend-VA82Wl8V-py3.7/lib/python3.7/site-packages/urllib3/connection.py", line 172, in _new_conn
    self, "Failed to establish a new connection: %s" % e
urllib3.exceptions.NewConnectionError: <urllib3.connection.HTTPConnection object at 0x7ff069057750>: Failed to establish a new connection: [Errno -2] Name or service not known
elasticsearch: DEBUG: > None
urllib3.util.retry: DEBUG: Converted retries value: False -> Retry(total=False, connect=None, read=None, redirect=0, status=None)
urllib3.connectionpool: DEBUG: Starting new HTTP connection (736): elasticsearch:9200
elasticsearch: WARNING: DELETE http://elasticsearch:9200/test_officers_c97d3965-996f-4fbb-b4a7-1038423423bd [status:N/A request:0.003s]
Traceback (most recent call last):
  File "/root/.cache/pypoetry/virtualenvs/cpdbv2-backend-VA82Wl8V-py3.7/lib/python3.7/site-packages/urllib3/connection.py", line 160, in _new_conn
    (self._dns_host, self.port), self.timeout, **extra_kw
  File "/root/.cache/pypoetry/virtualenvs/cpdbv2-backend-VA82Wl8V-py3.7/lib/python3.7/site-packages/urllib3/util/connection.py", line 61, in create_connection
    for res in socket.getaddrinfo(host, port, family, socket.SOCK_STREAM):
  File "/usr/local/lib/python3.7/socket.py", line 752, in getaddrinfo
    for res in _socket.getaddrinfo(host, port, family, type, proto, flags):
socket.gaierror: [Errno -2] Name or service not known

During handling of the above exception, another exception occurred:

Traceback (most recent call last):
  File "/root/.cache/pypoetry/virtualenvs/cpdbv2-backend-VA82Wl8V-py3.7/lib/python3.7/site-packages/elasticsearch/connection/http_urllib3.py", line 115, in perform_request
    response = self.pool.urlopen(method, url, body, retries=False, headers=self.headers, **kw)
  File "/root/.cache/pypoetry/virtualenvs/cpdbv2-backend-VA82Wl8V-py3.7/lib/python3.7/site-packages/urllib3/connectionpool.py", line 727, in urlopen
    method, url, error=e, _pool=self, _stacktrace=sys.exc_info()[2]
  File "/root/.cache/pypoetry/virtualenvs/cpdbv2-backend-VA82Wl8V-py3.7/lib/python3.7/site-packages/urllib3/util/retry.py", line 386, in increment
    raise six.reraise(type(error), error, _stacktrace)
  File "/root/.cache/pypoetry/virtualenvs/cpdbv2-backend-VA82Wl8V-py3.7/lib/python3.7/site-packages/urllib3/packages/six.py", line 735, in reraise
    raise value
  File "/root/.cache/pypoetry/virtualenvs/cpdbv2-backend-VA82Wl8V-py3.7/lib/python3.7/site-packages/urllib3/connectionpool.py", line 677, in urlopen
    chunked=chunked,
  File "/root/.cache/pypoetry/virtualenvs/cpdbv2-backend-VA82Wl8V-py3.7/lib/python3.7/site-packages/urllib3/connectionpool.py", line 392, in _make_request
    conn.request(method, url, **httplib_request_kw)
  File "/usr/local/lib/python3.7/http/client.py", line 1281, in request
    self._send_request(method, url, body, headers, encode_chunked)
  File "/usr/local/lib/python3.7/http/client.py", line 1327, in _send_request
    self.endheaders(body, encode_chunked=encode_chunked)
  File "/usr/local/lib/python3.7/http/client.py", line 1276, in endheaders
    self._send_output(message_body, encode_chunked=encode_chunked)
  File "/usr/local/lib/python3.7/http/client.py", line 1036, in _send_output
    self.send(msg)
  File "/usr/local/lib/python3.7/http/client.py", line 976, in send
    self.connect()
  File "/root/.cache/pypoetry/virtualenvs/cpdbv2-backend-VA82Wl8V-py3.7/lib/python3.7/site-packages/urllib3/connection.py", line 187, in connect
    conn = self._new_conn()
  File "/root/.cache/pypoetry/virtualenvs/cpdbv2-backend-VA82Wl8V-py3.7/lib/python3.7/site-packages/urllib3/connection.py", line 172, in _new_conn
    self, "Failed to establish a new connection: %s" % e
urllib3.exceptions.NewConnectionError: <urllib3.connection.HTTPConnection object at 0x7ff069057210>: Failed to establish a new connection: [Errno -2] Name or service not known
elasticsearch: DEBUG: > None
--------------------- >> end captured logging << ---------------------

======================================================================
ERROR: test_process_coaccused_pair_response (twitterbot.tests.test_post_processors.ActivityGridUpdaterTestCase)
----------------------------------------------------------------------
Traceback (most recent call last):
  File "/usr/src/app/cpdb/twitterbot/tests/mixins.py", line 7, in setUp
    officers_index_alias.write_index.delete(ignore=404)
  File "/root/.cache/pypoetry/virtualenvs/cpdbv2-backend-VA82Wl8V-py3.7/lib/python3.7/site-packages/elasticsearch_dsl/index.py", line 222, in delete
    self.connection.indices.delete(index=self._name, **kwargs)
  File "/root/.cache/pypoetry/virtualenvs/cpdbv2-backend-VA82Wl8V-py3.7/lib/python3.7/site-packages/elasticsearch/client/utils.py", line 73, in _wrapped
    return func(*args, params=params, **kwargs)
  File "/root/.cache/pypoetry/virtualenvs/cpdbv2-backend-VA82Wl8V-py3.7/lib/python3.7/site-packages/elasticsearch/client/indices.py", line 200, in delete
    params=params)
  File "/root/.cache/pypoetry/virtualenvs/cpdbv2-backend-VA82Wl8V-py3.7/lib/python3.7/site-packages/elasticsearch/transport.py", line 312, in perform_request
    status, headers, data = connection.perform_request(method, url, params, body, ignore=ignore, timeout=timeout)
  File "/root/.cache/pypoetry/virtualenvs/cpdbv2-backend-VA82Wl8V-py3.7/lib/python3.7/site-packages/elasticsearch/connection/http_urllib3.py", line 124, in perform_request
    raise ConnectionError('N/A', str(e), e)
elasticsearch.exceptions.ConnectionError: ConnectionError(<urllib3.connection.HTTPConnection object at 0x7ff0690479d0>: Failed to establish a new connection: [Errno -2] Name or service not known) caused by: NewConnectionError(<urllib3.connection.HTTPConnection object at 0x7ff0690479d0>: Failed to establish a new connection: [Errno -2] Name or service not known)
-------------------- >> begin captured logging << --------------------
urllib3.util.retry: DEBUG: Converted retries value: False -> Retry(total=False, connect=None, read=None, redirect=0, status=None)
urllib3.connectionpool: DEBUG: Starting new HTTP connection (737): elasticsearch:9200
elasticsearch: WARNING: DELETE http://elasticsearch:9200/test_officers_c97d3965-996f-4fbb-b4a7-1038423423bd [status:N/A request:0.004s]
Traceback (most recent call last):
  File "/root/.cache/pypoetry/virtualenvs/cpdbv2-backend-VA82Wl8V-py3.7/lib/python3.7/site-packages/urllib3/connection.py", line 160, in _new_conn
    (self._dns_host, self.port), self.timeout, **extra_kw
  File "/root/.cache/pypoetry/virtualenvs/cpdbv2-backend-VA82Wl8V-py3.7/lib/python3.7/site-packages/urllib3/util/connection.py", line 61, in create_connection
    for res in socket.getaddrinfo(host, port, family, socket.SOCK_STREAM):
  File "/usr/local/lib/python3.7/socket.py", line 752, in getaddrinfo
    for res in _socket.getaddrinfo(host, port, family, type, proto, flags):
socket.gaierror: [Errno -2] Name or service not known

During handling of the above exception, another exception occurred:

Traceback (most recent call last):
  File "/root/.cache/pypoetry/virtualenvs/cpdbv2-backend-VA82Wl8V-py3.7/lib/python3.7/site-packages/elasticsearch/connection/http_urllib3.py", line 115, in perform_request
    response = self.pool.urlopen(method, url, body, retries=False, headers=self.headers, **kw)
  File "/root/.cache/pypoetry/virtualenvs/cpdbv2-backend-VA82Wl8V-py3.7/lib/python3.7/site-packages/urllib3/connectionpool.py", line 727, in urlopen
    method, url, error=e, _pool=self, _stacktrace=sys.exc_info()[2]
  File "/root/.cache/pypoetry/virtualenvs/cpdbv2-backend-VA82Wl8V-py3.7/lib/python3.7/site-packages/urllib3/util/retry.py", line 386, in increment
    raise six.reraise(type(error), error, _stacktrace)
  File "/root/.cache/pypoetry/virtualenvs/cpdbv2-backend-VA82Wl8V-py3.7/lib/python3.7/site-packages/urllib3/packages/six.py", line 735, in reraise
    raise value
  File "/root/.cache/pypoetry/virtualenvs/cpdbv2-backend-VA82Wl8V-py3.7/lib/python3.7/site-packages/urllib3/connectionpool.py", line 677, in urlopen
    chunked=chunked,
  File "/root/.cache/pypoetry/virtualenvs/cpdbv2-backend-VA82Wl8V-py3.7/lib/python3.7/site-packages/urllib3/connectionpool.py", line 392, in _make_request
    conn.request(method, url, **httplib_request_kw)
  File "/usr/local/lib/python3.7/http/client.py", line 1281, in request
    self._send_request(method, url, body, headers, encode_chunked)
  File "/usr/local/lib/python3.7/http/client.py", line 1327, in _send_request
    self.endheaders(body, encode_chunked=encode_chunked)
  File "/usr/local/lib/python3.7/http/client.py", line 1276, in endheaders
    self._send_output(message_body, encode_chunked=encode_chunked)
  File "/usr/local/lib/python3.7/http/client.py", line 1036, in _send_output
    self.send(msg)
  File "/usr/local/lib/python3.7/http/client.py", line 976, in send
    self.connect()
  File "/root/.cache/pypoetry/virtualenvs/cpdbv2-backend-VA82Wl8V-py3.7/lib/python3.7/site-packages/urllib3/connection.py", line 187, in connect
    conn = self._new_conn()
  File "/root/.cache/pypoetry/virtualenvs/cpdbv2-backend-VA82Wl8V-py3.7/lib/python3.7/site-packages/urllib3/connection.py", line 172, in _new_conn
    self, "Failed to establish a new connection: %s" % e
urllib3.exceptions.NewConnectionError: <urllib3.connection.HTTPConnection object at 0x7ff06971a5d0>: Failed to establish a new connection: [Errno -2] Name or service not known
elasticsearch: DEBUG: > None
urllib3.util.retry: DEBUG: Converted retries value: False -> Retry(total=False, connect=None, read=None, redirect=0, status=None)
urllib3.connectionpool: DEBUG: Starting new HTTP connection (738): elasticsearch:9200
elasticsearch: WARNING: DELETE http://elasticsearch:9200/test_officers_c97d3965-996f-4fbb-b4a7-1038423423bd [status:N/A request:0.004s]
Traceback (most recent call last):
  File "/root/.cache/pypoetry/virtualenvs/cpdbv2-backend-VA82Wl8V-py3.7/lib/python3.7/site-packages/urllib3/connection.py", line 160, in _new_conn
    (self._dns_host, self.port), self.timeout, **extra_kw
  File "/root/.cache/pypoetry/virtualenvs/cpdbv2-backend-VA82Wl8V-py3.7/lib/python3.7/site-packages/urllib3/util/connection.py", line 61, in create_connection
    for res in socket.getaddrinfo(host, port, family, socket.SOCK_STREAM):
  File "/usr/local/lib/python3.7/socket.py", line 752, in getaddrinfo
    for res in _socket.getaddrinfo(host, port, family, type, proto, flags):
socket.gaierror: [Errno -2] Name or service not known

During handling of the above exception, another exception occurred:

Traceback (most recent call last):
  File "/root/.cache/pypoetry/virtualenvs/cpdbv2-backend-VA82Wl8V-py3.7/lib/python3.7/site-packages/elasticsearch/connection/http_urllib3.py", line 115, in perform_request
    response = self.pool.urlopen(method, url, body, retries=False, headers=self.headers, **kw)
  File "/root/.cache/pypoetry/virtualenvs/cpdbv2-backend-VA82Wl8V-py3.7/lib/python3.7/site-packages/urllib3/connectionpool.py", line 727, in urlopen
    method, url, error=e, _pool=self, _stacktrace=sys.exc_info()[2]
  File "/root/.cache/pypoetry/virtualenvs/cpdbv2-backend-VA82Wl8V-py3.7/lib/python3.7/site-packages/urllib3/util/retry.py", line 386, in increment
    raise six.reraise(type(error), error, _stacktrace)
  File "/root/.cache/pypoetry/virtualenvs/cpdbv2-backend-VA82Wl8V-py3.7/lib/python3.7/site-packages/urllib3/packages/six.py", line 735, in reraise
    raise value
  File "/root/.cache/pypoetry/virtualenvs/cpdbv2-backend-VA82Wl8V-py3.7/lib/python3.7/site-packages/urllib3/connectionpool.py", line 677, in urlopen
    chunked=chunked,
  File "/root/.cache/pypoetry/virtualenvs/cpdbv2-backend-VA82Wl8V-py3.7/lib/python3.7/site-packages/urllib3/connectionpool.py", line 392, in _make_request
    conn.request(method, url, **httplib_request_kw)
  File "/usr/local/lib/python3.7/http/client.py", line 1281, in request
    self._send_request(method, url, body, headers, encode_chunked)
  File "/usr/local/lib/python3.7/http/client.py", line 1327, in _send_request
    self.endheaders(body, encode_chunked=encode_chunked)
  File "/usr/local/lib/python3.7/http/client.py", line 1276, in endheaders
    self._send_output(message_body, encode_chunked=encode_chunked)
  File "/usr/local/lib/python3.7/http/client.py", line 1036, in _send_output
    self.send(msg)
  File "/usr/local/lib/python3.7/http/client.py", line 976, in send
    self.connect()
  File "/root/.cache/pypoetry/virtualenvs/cpdbv2-backend-VA82Wl8V-py3.7/lib/python3.7/site-packages/urllib3/connection.py", line 187, in connect
    conn = self._new_conn()
  File "/root/.cache/pypoetry/virtualenvs/cpdbv2-backend-VA82Wl8V-py3.7/lib/python3.7/site-packages/urllib3/connection.py", line 172, in _new_conn
    self, "Failed to establish a new connection: %s" % e
urllib3.exceptions.NewConnectionError: <urllib3.connection.HTTPConnection object at 0x7ff069047e10>: Failed to establish a new connection: [Errno -2] Name or service not known
elasticsearch: DEBUG: > None
urllib3.util.retry: DEBUG: Converted retries value: False -> Retry(total=False, connect=None, read=None, redirect=0, status=None)
urllib3.connectionpool: DEBUG: Starting new HTTP connection (739): elasticsearch:9200
elasticsearch: WARNING: DELETE http://elasticsearch:9200/test_officers_c97d3965-996f-4fbb-b4a7-1038423423bd [status:N/A request:0.004s]
Traceback (most recent call last):
  File "/root/.cache/pypoetry/virtualenvs/cpdbv2-backend-VA82Wl8V-py3.7/lib/python3.7/site-packages/urllib3/connection.py", line 160, in _new_conn
    (self._dns_host, self.port), self.timeout, **extra_kw
  File "/root/.cache/pypoetry/virtualenvs/cpdbv2-backend-VA82Wl8V-py3.7/lib/python3.7/site-packages/urllib3/util/connection.py", line 61, in create_connection
    for res in socket.getaddrinfo(host, port, family, socket.SOCK_STREAM):
  File "/usr/local/lib/python3.7/socket.py", line 752, in getaddrinfo
    for res in _socket.getaddrinfo(host, port, family, type, proto, flags):
socket.gaierror: [Errno -2] Name or service not known

During handling of the above exception, another exception occurred:

Traceback (most recent call last):
  File "/root/.cache/pypoetry/virtualenvs/cpdbv2-backend-VA82Wl8V-py3.7/lib/python3.7/site-packages/elasticsearch/connection/http_urllib3.py", line 115, in perform_request
    response = self.pool.urlopen(method, url, body, retries=False, headers=self.headers, **kw)
  File "/root/.cache/pypoetry/virtualenvs/cpdbv2-backend-VA82Wl8V-py3.7/lib/python3.7/site-packages/urllib3/connectionpool.py", line 727, in urlopen
    method, url, error=e, _pool=self, _stacktrace=sys.exc_info()[2]
  File "/root/.cache/pypoetry/virtualenvs/cpdbv2-backend-VA82Wl8V-py3.7/lib/python3.7/site-packages/urllib3/util/retry.py", line 386, in increment
    raise six.reraise(type(error), error, _stacktrace)
  File "/root/.cache/pypoetry/virtualenvs/cpdbv2-backend-VA82Wl8V-py3.7/lib/python3.7/site-packages/urllib3/packages/six.py", line 735, in reraise
    raise value
  File "/root/.cache/pypoetry/virtualenvs/cpdbv2-backend-VA82Wl8V-py3.7/lib/python3.7/site-packages/urllib3/connectionpool.py", line 677, in urlopen
    chunked=chunked,
  File "/root/.cache/pypoetry/virtualenvs/cpdbv2-backend-VA82Wl8V-py3.7/lib/python3.7/site-packages/urllib3/connectionpool.py", line 392, in _make_request
    conn.request(method, url, **httplib_request_kw)
  File "/usr/local/lib/python3.7/http/client.py", line 1281, in request
    self._send_request(method, url, body, headers, encode_chunked)
  File "/usr/local/lib/python3.7/http/client.py", line 1327, in _send_request
    self.endheaders(body, encode_chunked=encode_chunked)
  File "/usr/local/lib/python3.7/http/client.py", line 1276, in endheaders
    self._send_output(message_body, encode_chunked=encode_chunked)
  File "/usr/local/lib/python3.7/http/client.py", line 1036, in _send_output
    self.send(msg)
  File "/usr/local/lib/python3.7/http/client.py", line 976, in send
    self.connect()
  File "/root/.cache/pypoetry/virtualenvs/cpdbv2-backend-VA82Wl8V-py3.7/lib/python3.7/site-packages/urllib3/connection.py", line 187, in connect
    conn = self._new_conn()
  File "/root/.cache/pypoetry/virtualenvs/cpdbv2-backend-VA82Wl8V-py3.7/lib/python3.7/site-packages/urllib3/connection.py", line 172, in _new_conn
    self, "Failed to establish a new connection: %s" % e
urllib3.exceptions.NewConnectionError: <urllib3.connection.HTTPConnection object at 0x7ff0690472d0>: Failed to establish a new connection: [Errno -2] Name or service not known
elasticsearch: DEBUG: > None
urllib3.util.retry: DEBUG: Converted retries value: False -> Retry(total=False, connect=None, read=None, redirect=0, status=None)
urllib3.connectionpool: DEBUG: Starting new HTTP connection (740): elasticsearch:9200
elasticsearch: WARNING: DELETE http://elasticsearch:9200/test_officers_c97d3965-996f-4fbb-b4a7-1038423423bd [status:N/A request:0.006s]
Traceback (most recent call last):
  File "/root/.cache/pypoetry/virtualenvs/cpdbv2-backend-VA82Wl8V-py3.7/lib/python3.7/site-packages/urllib3/connection.py", line 160, in _new_conn
    (self._dns_host, self.port), self.timeout, **extra_kw
  File "/root/.cache/pypoetry/virtualenvs/cpdbv2-backend-VA82Wl8V-py3.7/lib/python3.7/site-packages/urllib3/util/connection.py", line 61, in create_connection
    for res in socket.getaddrinfo(host, port, family, socket.SOCK_STREAM):
  File "/usr/local/lib/python3.7/socket.py", line 752, in getaddrinfo
    for res in _socket.getaddrinfo(host, port, family, type, proto, flags):
socket.gaierror: [Errno -2] Name or service not known

During handling of the above exception, another exception occurred:

Traceback (most recent call last):
  File "/root/.cache/pypoetry/virtualenvs/cpdbv2-backend-VA82Wl8V-py3.7/lib/python3.7/site-packages/elasticsearch/connection/http_urllib3.py", line 115, in perform_request
    response = self.pool.urlopen(method, url, body, retries=False, headers=self.headers, **kw)
  File "/root/.cache/pypoetry/virtualenvs/cpdbv2-backend-VA82Wl8V-py3.7/lib/python3.7/site-packages/urllib3/connectionpool.py", line 727, in urlopen
    method, url, error=e, _pool=self, _stacktrace=sys.exc_info()[2]
  File "/root/.cache/pypoetry/virtualenvs/cpdbv2-backend-VA82Wl8V-py3.7/lib/python3.7/site-packages/urllib3/util/retry.py", line 386, in increment
    raise six.reraise(type(error), error, _stacktrace)
  File "/root/.cache/pypoetry/virtualenvs/cpdbv2-backend-VA82Wl8V-py3.7/lib/python3.7/site-packages/urllib3/packages/six.py", line 735, in reraise
    raise value
  File "/root/.cache/pypoetry/virtualenvs/cpdbv2-backend-VA82Wl8V-py3.7/lib/python3.7/site-packages/urllib3/connectionpool.py", line 677, in urlopen
    chunked=chunked,
  File "/root/.cache/pypoetry/virtualenvs/cpdbv2-backend-VA82Wl8V-py3.7/lib/python3.7/site-packages/urllib3/connectionpool.py", line 392, in _make_request
    conn.request(method, url, **httplib_request_kw)
  File "/usr/local/lib/python3.7/http/client.py", line 1281, in request
    self._send_request(method, url, body, headers, encode_chunked)
  File "/usr/local/lib/python3.7/http/client.py", line 1327, in _send_request
    self.endheaders(body, encode_chunked=encode_chunked)
  File "/usr/local/lib/python3.7/http/client.py", line 1276, in endheaders
    self._send_output(message_body, encode_chunked=encode_chunked)
  File "/usr/local/lib/python3.7/http/client.py", line 1036, in _send_output
    self.send(msg)
  File "/usr/local/lib/python3.7/http/client.py", line 976, in send
    self.connect()
  File "/root/.cache/pypoetry/virtualenvs/cpdbv2-backend-VA82Wl8V-py3.7/lib/python3.7/site-packages/urllib3/connection.py", line 187, in connect
    conn = self._new_conn()
  File "/root/.cache/pypoetry/virtualenvs/cpdbv2-backend-VA82Wl8V-py3.7/lib/python3.7/site-packages/urllib3/connection.py", line 172, in _new_conn
    self, "Failed to establish a new connection: %s" % e
urllib3.exceptions.NewConnectionError: <urllib3.connection.HTTPConnection object at 0x7ff0690479d0>: Failed to establish a new connection: [Errno -2] Name or service not known
elasticsearch: DEBUG: > None
--------------------- >> end captured logging << ---------------------

======================================================================
ERROR: test_process_not_recognized_response (twitterbot.tests.test_post_processors.ActivityGridUpdaterTestCase)
----------------------------------------------------------------------
Traceback (most recent call last):
  File "/usr/src/app/cpdb/twitterbot/tests/mixins.py", line 7, in setUp
    officers_index_alias.write_index.delete(ignore=404)
  File "/root/.cache/pypoetry/virtualenvs/cpdbv2-backend-VA82Wl8V-py3.7/lib/python3.7/site-packages/elasticsearch_dsl/index.py", line 222, in delete
    self.connection.indices.delete(index=self._name, **kwargs)
  File "/root/.cache/pypoetry/virtualenvs/cpdbv2-backend-VA82Wl8V-py3.7/lib/python3.7/site-packages/elasticsearch/client/utils.py", line 73, in _wrapped
    return func(*args, params=params, **kwargs)
  File "/root/.cache/pypoetry/virtualenvs/cpdbv2-backend-VA82Wl8V-py3.7/lib/python3.7/site-packages/elasticsearch/client/indices.py", line 200, in delete
    params=params)
  File "/root/.cache/pypoetry/virtualenvs/cpdbv2-backend-VA82Wl8V-py3.7/lib/python3.7/site-packages/elasticsearch/transport.py", line 312, in perform_request
    status, headers, data = connection.perform_request(method, url, params, body, ignore=ignore, timeout=timeout)
  File "/root/.cache/pypoetry/virtualenvs/cpdbv2-backend-VA82Wl8V-py3.7/lib/python3.7/site-packages/elasticsearch/connection/http_urllib3.py", line 124, in perform_request
    raise ConnectionError('N/A', str(e), e)
elasticsearch.exceptions.ConnectionError: ConnectionError(<urllib3.connection.HTTPConnection object at 0x7ff069047550>: Failed to establish a new connection: [Errno -2] Name or service not known) caused by: NewConnectionError(<urllib3.connection.HTTPConnection object at 0x7ff069047550>: Failed to establish a new connection: [Errno -2] Name or service not known)
-------------------- >> begin captured logging << --------------------
urllib3.util.retry: DEBUG: Converted retries value: False -> Retry(total=False, connect=None, read=None, redirect=0, status=None)
urllib3.connectionpool: DEBUG: Starting new HTTP connection (741): elasticsearch:9200
elasticsearch: WARNING: DELETE http://elasticsearch:9200/test_officers_c97d3965-996f-4fbb-b4a7-1038423423bd [status:N/A request:0.004s]
Traceback (most recent call last):
  File "/root/.cache/pypoetry/virtualenvs/cpdbv2-backend-VA82Wl8V-py3.7/lib/python3.7/site-packages/urllib3/connection.py", line 160, in _new_conn
    (self._dns_host, self.port), self.timeout, **extra_kw
  File "/root/.cache/pypoetry/virtualenvs/cpdbv2-backend-VA82Wl8V-py3.7/lib/python3.7/site-packages/urllib3/util/connection.py", line 61, in create_connection
    for res in socket.getaddrinfo(host, port, family, socket.SOCK_STREAM):
  File "/usr/local/lib/python3.7/socket.py", line 752, in getaddrinfo
    for res in _socket.getaddrinfo(host, port, family, type, proto, flags):
socket.gaierror: [Errno -2] Name or service not known

During handling of the above exception, another exception occurred:

Traceback (most recent call last):
  File "/root/.cache/pypoetry/virtualenvs/cpdbv2-backend-VA82Wl8V-py3.7/lib/python3.7/site-packages/elasticsearch/connection/http_urllib3.py", line 115, in perform_request
    response = self.pool.urlopen(method, url, body, retries=False, headers=self.headers, **kw)
  File "/root/.cache/pypoetry/virtualenvs/cpdbv2-backend-VA82Wl8V-py3.7/lib/python3.7/site-packages/urllib3/connectionpool.py", line 727, in urlopen
    method, url, error=e, _pool=self, _stacktrace=sys.exc_info()[2]
  File "/root/.cache/pypoetry/virtualenvs/cpdbv2-backend-VA82Wl8V-py3.7/lib/python3.7/site-packages/urllib3/util/retry.py", line 386, in increment
    raise six.reraise(type(error), error, _stacktrace)
  File "/root/.cache/pypoetry/virtualenvs/cpdbv2-backend-VA82Wl8V-py3.7/lib/python3.7/site-packages/urllib3/packages/six.py", line 735, in reraise
    raise value
  File "/root/.cache/pypoetry/virtualenvs/cpdbv2-backend-VA82Wl8V-py3.7/lib/python3.7/site-packages/urllib3/connectionpool.py", line 677, in urlopen
    chunked=chunked,
  File "/root/.cache/pypoetry/virtualenvs/cpdbv2-backend-VA82Wl8V-py3.7/lib/python3.7/site-packages/urllib3/connectionpool.py", line 392, in _make_request
    conn.request(method, url, **httplib_request_kw)
  File "/usr/local/lib/python3.7/http/client.py", line 1281, in request
    self._send_request(method, url, body, headers, encode_chunked)
  File "/usr/local/lib/python3.7/http/client.py", line 1327, in _send_request
    self.endheaders(body, encode_chunked=encode_chunked)
  File "/usr/local/lib/python3.7/http/client.py", line 1276, in endheaders
    self._send_output(message_body, encode_chunked=encode_chunked)
  File "/usr/local/lib/python3.7/http/client.py", line 1036, in _send_output
    self.send(msg)
  File "/usr/local/lib/python3.7/http/client.py", line 976, in send
    self.connect()
  File "/root/.cache/pypoetry/virtualenvs/cpdbv2-backend-VA82Wl8V-py3.7/lib/python3.7/site-packages/urllib3/connection.py", line 187, in connect
    conn = self._new_conn()
  File "/root/.cache/pypoetry/virtualenvs/cpdbv2-backend-VA82Wl8V-py3.7/lib/python3.7/site-packages/urllib3/connection.py", line 172, in _new_conn
    self, "Failed to establish a new connection: %s" % e
urllib3.exceptions.NewConnectionError: <urllib3.connection.HTTPConnection object at 0x7ff069047550>: Failed to establish a new connection: [Errno -2] Name or service not known
elasticsearch: DEBUG: > None
urllib3.util.retry: DEBUG: Converted retries value: False -> Retry(total=False, connect=None, read=None, redirect=0, status=None)
urllib3.connectionpool: DEBUG: Starting new HTTP connection (742): elasticsearch:9200
elasticsearch: WARNING: DELETE http://elasticsearch:9200/test_officers_c97d3965-996f-4fbb-b4a7-1038423423bd [status:N/A request:0.004s]
Traceback (most recent call last):
  File "/root/.cache/pypoetry/virtualenvs/cpdbv2-backend-VA82Wl8V-py3.7/lib/python3.7/site-packages/urllib3/connection.py", line 160, in _new_conn
    (self._dns_host, self.port), self.timeout, **extra_kw
  File "/root/.cache/pypoetry/virtualenvs/cpdbv2-backend-VA82Wl8V-py3.7/lib/python3.7/site-packages/urllib3/util/connection.py", line 61, in create_connection
    for res in socket.getaddrinfo(host, port, family, socket.SOCK_STREAM):
  File "/usr/local/lib/python3.7/socket.py", line 752, in getaddrinfo
    for res in _socket.getaddrinfo(host, port, family, type, proto, flags):
socket.gaierror: [Errno -2] Name or service not known

During handling of the above exception, another exception occurred:

Traceback (most recent call last):
  File "/root/.cache/pypoetry/virtualenvs/cpdbv2-backend-VA82Wl8V-py3.7/lib/python3.7/site-packages/elasticsearch/connection/http_urllib3.py", line 115, in perform_request
    response = self.pool.urlopen(method, url, body, retries=False, headers=self.headers, **kw)
  File "/root/.cache/pypoetry/virtualenvs/cpdbv2-backend-VA82Wl8V-py3.7/lib/python3.7/site-packages/urllib3/connectionpool.py", line 727, in urlopen
    method, url, error=e, _pool=self, _stacktrace=sys.exc_info()[2]
  File "/root/.cache/pypoetry/virtualenvs/cpdbv2-backend-VA82Wl8V-py3.7/lib/python3.7/site-packages/urllib3/util/retry.py", line 386, in increment
    raise six.reraise(type(error), error, _stacktrace)
  File "/root/.cache/pypoetry/virtualenvs/cpdbv2-backend-VA82Wl8V-py3.7/lib/python3.7/site-packages/urllib3/packages/six.py", line 735, in reraise
    raise value
  File "/root/.cache/pypoetry/virtualenvs/cpdbv2-backend-VA82Wl8V-py3.7/lib/python3.7/site-packages/urllib3/connectionpool.py", line 677, in urlopen
    chunked=chunked,
  File "/root/.cache/pypoetry/virtualenvs/cpdbv2-backend-VA82Wl8V-py3.7/lib/python3.7/site-packages/urllib3/connectionpool.py", line 392, in _make_request
    conn.request(method, url, **httplib_request_kw)
  File "/usr/local/lib/python3.7/http/client.py", line 1281, in request
    self._send_request(method, url, body, headers, encode_chunked)
  File "/usr/local/lib/python3.7/http/client.py", line 1327, in _send_request
    self.endheaders(body, encode_chunked=encode_chunked)
  File "/usr/local/lib/python3.7/http/client.py", line 1276, in endheaders
    self._send_output(message_body, encode_chunked=encode_chunked)
  File "/usr/local/lib/python3.7/http/client.py", line 1036, in _send_output
    self.send(msg)
  File "/usr/local/lib/python3.7/http/client.py", line 976, in send
    self.connect()
  File "/root/.cache/pypoetry/virtualenvs/cpdbv2-backend-VA82Wl8V-py3.7/lib/python3.7/site-packages/urllib3/connection.py", line 187, in connect
    conn = self._new_conn()
  File "/root/.cache/pypoetry/virtualenvs/cpdbv2-backend-VA82Wl8V-py3.7/lib/python3.7/site-packages/urllib3/connection.py", line 172, in _new_conn
    self, "Failed to establish a new connection: %s" % e
urllib3.exceptions.NewConnectionError: <urllib3.connection.HTTPConnection object at 0x7ff06900ec50>: Failed to establish a new connection: [Errno -2] Name or service not known
elasticsearch: DEBUG: > None
urllib3.util.retry: DEBUG: Converted retries value: False -> Retry(total=False, connect=None, read=None, redirect=0, status=None)
urllib3.connectionpool: DEBUG: Starting new HTTP connection (743): elasticsearch:9200
elasticsearch: WARNING: DELETE http://elasticsearch:9200/test_officers_c97d3965-996f-4fbb-b4a7-1038423423bd [status:N/A request:0.004s]
Traceback (most recent call last):
  File "/root/.cache/pypoetry/virtualenvs/cpdbv2-backend-VA82Wl8V-py3.7/lib/python3.7/site-packages/urllib3/connection.py", line 160, in _new_conn
    (self._dns_host, self.port), self.timeout, **extra_kw
  File "/root/.cache/pypoetry/virtualenvs/cpdbv2-backend-VA82Wl8V-py3.7/lib/python3.7/site-packages/urllib3/util/connection.py", line 61, in create_connection
    for res in socket.getaddrinfo(host, port, family, socket.SOCK_STREAM):
  File "/usr/local/lib/python3.7/socket.py", line 752, in getaddrinfo
    for res in _socket.getaddrinfo(host, port, family, type, proto, flags):
socket.gaierror: [Errno -2] Name or service not known

During handling of the above exception, another exception occurred:

Traceback (most recent call last):
  File "/root/.cache/pypoetry/virtualenvs/cpdbv2-backend-VA82Wl8V-py3.7/lib/python3.7/site-packages/elasticsearch/connection/http_urllib3.py", line 115, in perform_request
    response = self.pool.urlopen(method, url, body, retries=False, headers=self.headers, **kw)
  File "/root/.cache/pypoetry/virtualenvs/cpdbv2-backend-VA82Wl8V-py3.7/lib/python3.7/site-packages/urllib3/connectionpool.py", line 727, in urlopen
    method, url, error=e, _pool=self, _stacktrace=sys.exc_info()[2]
  File "/root/.cache/pypoetry/virtualenvs/cpdbv2-backend-VA82Wl8V-py3.7/lib/python3.7/site-packages/urllib3/util/retry.py", line 386, in increment
    raise six.reraise(type(error), error, _stacktrace)
  File "/root/.cache/pypoetry/virtualenvs/cpdbv2-backend-VA82Wl8V-py3.7/lib/python3.7/site-packages/urllib3/packages/six.py", line 735, in reraise
    raise value
  File "/root/.cache/pypoetry/virtualenvs/cpdbv2-backend-VA82Wl8V-py3.7/lib/python3.7/site-packages/urllib3/connectionpool.py", line 677, in urlopen
    chunked=chunked,
  File "/root/.cache/pypoetry/virtualenvs/cpdbv2-backend-VA82Wl8V-py3.7/lib/python3.7/site-packages/urllib3/connectionpool.py", line 392, in _make_request
    conn.request(method, url, **httplib_request_kw)
  File "/usr/local/lib/python3.7/http/client.py", line 1281, in request
    self._send_request(method, url, body, headers, encode_chunked)
  File "/usr/local/lib/python3.7/http/client.py", line 1327, in _send_request
    self.endheaders(body, encode_chunked=encode_chunked)
  File "/usr/local/lib/python3.7/http/client.py", line 1276, in endheaders
    self._send_output(message_body, encode_chunked=encode_chunked)
  File "/usr/local/lib/python3.7/http/client.py", line 1036, in _send_output
    self.send(msg)
  File "/usr/local/lib/python3.7/http/client.py", line 976, in send
    self.connect()
  File "/root/.cache/pypoetry/virtualenvs/cpdbv2-backend-VA82Wl8V-py3.7/lib/python3.7/site-packages/urllib3/connection.py", line 187, in connect
    conn = self._new_conn()
  File "/root/.cache/pypoetry/virtualenvs/cpdbv2-backend-VA82Wl8V-py3.7/lib/python3.7/site-packages/urllib3/connection.py", line 172, in _new_conn
    self, "Failed to establish a new connection: %s" % e
urllib3.exceptions.NewConnectionError: <urllib3.connection.HTTPConnection object at 0x7ff069023810>: Failed to establish a new connection: [Errno -2] Name or service not known
elasticsearch: DEBUG: > None
urllib3.util.retry: DEBUG: Converted retries value: False -> Retry(total=False, connect=None, read=None, redirect=0, status=None)
urllib3.connectionpool: DEBUG: Starting new HTTP connection (744): elasticsearch:9200
elasticsearch: WARNING: DELETE http://elasticsearch:9200/test_officers_c97d3965-996f-4fbb-b4a7-1038423423bd [status:N/A request:0.004s]
Traceback (most recent call last):
  File "/root/.cache/pypoetry/virtualenvs/cpdbv2-backend-VA82Wl8V-py3.7/lib/python3.7/site-packages/urllib3/connection.py", line 160, in _new_conn
    (self._dns_host, self.port), self.timeout, **extra_kw
  File "/root/.cache/pypoetry/virtualenvs/cpdbv2-backend-VA82Wl8V-py3.7/lib/python3.7/site-packages/urllib3/util/connection.py", line 61, in create_connection
    for res in socket.getaddrinfo(host, port, family, socket.SOCK_STREAM):
  File "/usr/local/lib/python3.7/socket.py", line 752, in getaddrinfo
    for res in _socket.getaddrinfo(host, port, family, type, proto, flags):
socket.gaierror: [Errno -2] Name or service not known

During handling of the above exception, another exception occurred:

Traceback (most recent call last):
  File "/root/.cache/pypoetry/virtualenvs/cpdbv2-backend-VA82Wl8V-py3.7/lib/python3.7/site-packages/elasticsearch/connection/http_urllib3.py", line 115, in perform_request
    response = self.pool.urlopen(method, url, body, retries=False, headers=self.headers, **kw)
  File "/root/.cache/pypoetry/virtualenvs/cpdbv2-backend-VA82Wl8V-py3.7/lib/python3.7/site-packages/urllib3/connectionpool.py", line 727, in urlopen
    method, url, error=e, _pool=self, _stacktrace=sys.exc_info()[2]
  File "/root/.cache/pypoetry/virtualenvs/cpdbv2-backend-VA82Wl8V-py3.7/lib/python3.7/site-packages/urllib3/util/retry.py", line 386, in increment
    raise six.reraise(type(error), error, _stacktrace)
  File "/root/.cache/pypoetry/virtualenvs/cpdbv2-backend-VA82Wl8V-py3.7/lib/python3.7/site-packages/urllib3/packages/six.py", line 735, in reraise
    raise value
  File "/root/.cache/pypoetry/virtualenvs/cpdbv2-backend-VA82Wl8V-py3.7/lib/python3.7/site-packages/urllib3/connectionpool.py", line 677, in urlopen
    chunked=chunked,
  File "/root/.cache/pypoetry/virtualenvs/cpdbv2-backend-VA82Wl8V-py3.7/lib/python3.7/site-packages/urllib3/connectionpool.py", line 392, in _make_request
    conn.request(method, url, **httplib_request_kw)
  File "/usr/local/lib/python3.7/http/client.py", line 1281, in request
    self._send_request(method, url, body, headers, encode_chunked)
  File "/usr/local/lib/python3.7/http/client.py", line 1327, in _send_request
    self.endheaders(body, encode_chunked=encode_chunked)
  File "/usr/local/lib/python3.7/http/client.py", line 1276, in endheaders
    self._send_output(message_body, encode_chunked=encode_chunked)
  File "/usr/local/lib/python3.7/http/client.py", line 1036, in _send_output
    self.send(msg)
  File "/usr/local/lib/python3.7/http/client.py", line 976, in send
    self.connect()
  File "/root/.cache/pypoetry/virtualenvs/cpdbv2-backend-VA82Wl8V-py3.7/lib/python3.7/site-packages/urllib3/connection.py", line 187, in connect
    conn = self._new_conn()
  File "/root/.cache/pypoetry/virtualenvs/cpdbv2-backend-VA82Wl8V-py3.7/lib/python3.7/site-packages/urllib3/connection.py", line 172, in _new_conn
    self, "Failed to establish a new connection: %s" % e
urllib3.exceptions.NewConnectionError: <urllib3.connection.HTTPConnection object at 0x7ff069047550>: Failed to establish a new connection: [Errno -2] Name or service not known
elasticsearch: DEBUG: > None
--------------------- >> end captured logging << ---------------------

======================================================================
ERROR: test_process_single_officer_response (twitterbot.tests.test_post_processors.ActivityGridUpdaterTestCase)
----------------------------------------------------------------------
Traceback (most recent call last):
  File "/usr/src/app/cpdb/twitterbot/tests/mixins.py", line 7, in setUp
    officers_index_alias.write_index.delete(ignore=404)
  File "/root/.cache/pypoetry/virtualenvs/cpdbv2-backend-VA82Wl8V-py3.7/lib/python3.7/site-packages/elasticsearch_dsl/index.py", line 222, in delete
    self.connection.indices.delete(index=self._name, **kwargs)
  File "/root/.cache/pypoetry/virtualenvs/cpdbv2-backend-VA82Wl8V-py3.7/lib/python3.7/site-packages/elasticsearch/client/utils.py", line 73, in _wrapped
    return func(*args, params=params, **kwargs)
  File "/root/.cache/pypoetry/virtualenvs/cpdbv2-backend-VA82Wl8V-py3.7/lib/python3.7/site-packages/elasticsearch/client/indices.py", line 200, in delete
    params=params)
  File "/root/.cache/pypoetry/virtualenvs/cpdbv2-backend-VA82Wl8V-py3.7/lib/python3.7/site-packages/elasticsearch/transport.py", line 312, in perform_request
    status, headers, data = connection.perform_request(method, url, params, body, ignore=ignore, timeout=timeout)
  File "/root/.cache/pypoetry/virtualenvs/cpdbv2-backend-VA82Wl8V-py3.7/lib/python3.7/site-packages/elasticsearch/connection/http_urllib3.py", line 124, in perform_request
    raise ConnectionError('N/A', str(e), e)
elasticsearch.exceptions.ConnectionError: ConnectionError(<urllib3.connection.HTTPConnection object at 0x7ff06971a950>: Failed to establish a new connection: [Errno -2] Name or service not known) caused by: NewConnectionError(<urllib3.connection.HTTPConnection object at 0x7ff06971a950>: Failed to establish a new connection: [Errno -2] Name or service not known)
-------------------- >> begin captured logging << --------------------
urllib3.util.retry: DEBUG: Converted retries value: False -> Retry(total=False, connect=None, read=None, redirect=0, status=None)
urllib3.connectionpool: DEBUG: Starting new HTTP connection (745): elasticsearch:9200
elasticsearch: WARNING: DELETE http://elasticsearch:9200/test_officers_c97d3965-996f-4fbb-b4a7-1038423423bd [status:N/A request:0.004s]
Traceback (most recent call last):
  File "/root/.cache/pypoetry/virtualenvs/cpdbv2-backend-VA82Wl8V-py3.7/lib/python3.7/site-packages/urllib3/connection.py", line 160, in _new_conn
    (self._dns_host, self.port), self.timeout, **extra_kw
  File "/root/.cache/pypoetry/virtualenvs/cpdbv2-backend-VA82Wl8V-py3.7/lib/python3.7/site-packages/urllib3/util/connection.py", line 61, in create_connection
    for res in socket.getaddrinfo(host, port, family, socket.SOCK_STREAM):
  File "/usr/local/lib/python3.7/socket.py", line 752, in getaddrinfo
    for res in _socket.getaddrinfo(host, port, family, type, proto, flags):
socket.gaierror: [Errno -2] Name or service not known

During handling of the above exception, another exception occurred:

Traceback (most recent call last):
  File "/root/.cache/pypoetry/virtualenvs/cpdbv2-backend-VA82Wl8V-py3.7/lib/python3.7/site-packages/elasticsearch/connection/http_urllib3.py", line 115, in perform_request
    response = self.pool.urlopen(method, url, body, retries=False, headers=self.headers, **kw)
  File "/root/.cache/pypoetry/virtualenvs/cpdbv2-backend-VA82Wl8V-py3.7/lib/python3.7/site-packages/urllib3/connectionpool.py", line 727, in urlopen
    method, url, error=e, _pool=self, _stacktrace=sys.exc_info()[2]
  File "/root/.cache/pypoetry/virtualenvs/cpdbv2-backend-VA82Wl8V-py3.7/lib/python3.7/site-packages/urllib3/util/retry.py", line 386, in increment
    raise six.reraise(type(error), error, _stacktrace)
  File "/root/.cache/pypoetry/virtualenvs/cpdbv2-backend-VA82Wl8V-py3.7/lib/python3.7/site-packages/urllib3/packages/six.py", line 735, in reraise
    raise value
  File "/root/.cache/pypoetry/virtualenvs/cpdbv2-backend-VA82Wl8V-py3.7/lib/python3.7/site-packages/urllib3/connectionpool.py", line 677, in urlopen
    chunked=chunked,
  File "/root/.cache/pypoetry/virtualenvs/cpdbv2-backend-VA82Wl8V-py3.7/lib/python3.7/site-packages/urllib3/connectionpool.py", line 392, in _make_request
    conn.request(method, url, **httplib_request_kw)
  File "/usr/local/lib/python3.7/http/client.py", line 1281, in request
    self._send_request(method, url, body, headers, encode_chunked)
  File "/usr/local/lib/python3.7/http/client.py", line 1327, in _send_request
    self.endheaders(body, encode_chunked=encode_chunked)
  File "/usr/local/lib/python3.7/http/client.py", line 1276, in endheaders
    self._send_output(message_body, encode_chunked=encode_chunked)
  File "/usr/local/lib/python3.7/http/client.py", line 1036, in _send_output
    self.send(msg)
  File "/usr/local/lib/python3.7/http/client.py", line 976, in send
    self.connect()
  File "/root/.cache/pypoetry/virtualenvs/cpdbv2-backend-VA82Wl8V-py3.7/lib/python3.7/site-packages/urllib3/connection.py", line 187, in connect
    conn = self._new_conn()
  File "/root/.cache/pypoetry/virtualenvs/cpdbv2-backend-VA82Wl8V-py3.7/lib/python3.7/site-packages/urllib3/connection.py", line 172, in _new_conn
    self, "Failed to establish a new connection: %s" % e
urllib3.exceptions.NewConnectionError: <urllib3.connection.HTTPConnection object at 0x7ff0690475d0>: Failed to establish a new connection: [Errno -2] Name or service not known
elasticsearch: DEBUG: > None
urllib3.util.retry: DEBUG: Converted retries value: False -> Retry(total=False, connect=None, read=None, redirect=0, status=None)
urllib3.connectionpool: DEBUG: Starting new HTTP connection (746): elasticsearch:9200
elasticsearch: WARNING: DELETE http://elasticsearch:9200/test_officers_c97d3965-996f-4fbb-b4a7-1038423423bd [status:N/A request:0.004s]
Traceback (most recent call last):
  File "/root/.cache/pypoetry/virtualenvs/cpdbv2-backend-VA82Wl8V-py3.7/lib/python3.7/site-packages/urllib3/connection.py", line 160, in _new_conn
    (self._dns_host, self.port), self.timeout, **extra_kw
  File "/root/.cache/pypoetry/virtualenvs/cpdbv2-backend-VA82Wl8V-py3.7/lib/python3.7/site-packages/urllib3/util/connection.py", line 61, in create_connection
    for res in socket.getaddrinfo(host, port, family, socket.SOCK_STREAM):
  File "/usr/local/lib/python3.7/socket.py", line 752, in getaddrinfo
    for res in _socket.getaddrinfo(host, port, family, type, proto, flags):
socket.gaierror: [Errno -2] Name or service not known

During handling of the above exception, another exception occurred:

Traceback (most recent call last):
  File "/root/.cache/pypoetry/virtualenvs/cpdbv2-backend-VA82Wl8V-py3.7/lib/python3.7/site-packages/elasticsearch/connection/http_urllib3.py", line 115, in perform_request
    response = self.pool.urlopen(method, url, body, retries=False, headers=self.headers, **kw)
  File "/root/.cache/pypoetry/virtualenvs/cpdbv2-backend-VA82Wl8V-py3.7/lib/python3.7/site-packages/urllib3/connectionpool.py", line 727, in urlopen
    method, url, error=e, _pool=self, _stacktrace=sys.exc_info()[2]
  File "/root/.cache/pypoetry/virtualenvs/cpdbv2-backend-VA82Wl8V-py3.7/lib/python3.7/site-packages/urllib3/util/retry.py", line 386, in increment
    raise six.reraise(type(error), error, _stacktrace)
  File "/root/.cache/pypoetry/virtualenvs/cpdbv2-backend-VA82Wl8V-py3.7/lib/python3.7/site-packages/urllib3/packages/six.py", line 735, in reraise
    raise value
  File "/root/.cache/pypoetry/virtualenvs/cpdbv2-backend-VA82Wl8V-py3.7/lib/python3.7/site-packages/urllib3/connectionpool.py", line 677, in urlopen
    chunked=chunked,
  File "/root/.cache/pypoetry/virtualenvs/cpdbv2-backend-VA82Wl8V-py3.7/lib/python3.7/site-packages/urllib3/connectionpool.py", line 392, in _make_request
    conn.request(method, url, **httplib_request_kw)
  File "/usr/local/lib/python3.7/http/client.py", line 1281, in request
    self._send_request(method, url, body, headers, encode_chunked)
  File "/usr/local/lib/python3.7/http/client.py", line 1327, in _send_request
    self.endheaders(body, encode_chunked=encode_chunked)
  File "/usr/local/lib/python3.7/http/client.py", line 1276, in endheaders
    self._send_output(message_body, encode_chunked=encode_chunked)
  File "/usr/local/lib/python3.7/http/client.py", line 1036, in _send_output
    self.send(msg)
  File "/usr/local/lib/python3.7/http/client.py", line 976, in send
    self.connect()
  File "/root/.cache/pypoetry/virtualenvs/cpdbv2-backend-VA82Wl8V-py3.7/lib/python3.7/site-packages/urllib3/connection.py", line 187, in connect
    conn = self._new_conn()
  File "/root/.cache/pypoetry/virtualenvs/cpdbv2-backend-VA82Wl8V-py3.7/lib/python3.7/site-packages/urllib3/connection.py", line 172, in _new_conn
    self, "Failed to establish a new connection: %s" % e
urllib3.exceptions.NewConnectionError: <urllib3.connection.HTTPConnection object at 0x7ff069047ad0>: Failed to establish a new connection: [Errno -2] Name or service not known
elasticsearch: DEBUG: > None
urllib3.util.retry: DEBUG: Converted retries value: False -> Retry(total=False, connect=None, read=None, redirect=0, status=None)
urllib3.connectionpool: DEBUG: Starting new HTTP connection (747): elasticsearch:9200
elasticsearch: WARNING: DELETE http://elasticsearch:9200/test_officers_c97d3965-996f-4fbb-b4a7-1038423423bd [status:N/A request:0.004s]
Traceback (most recent call last):
  File "/root/.cache/pypoetry/virtualenvs/cpdbv2-backend-VA82Wl8V-py3.7/lib/python3.7/site-packages/urllib3/connection.py", line 160, in _new_conn
    (self._dns_host, self.port), self.timeout, **extra_kw
  File "/root/.cache/pypoetry/virtualenvs/cpdbv2-backend-VA82Wl8V-py3.7/lib/python3.7/site-packages/urllib3/util/connection.py", line 61, in create_connection
    for res in socket.getaddrinfo(host, port, family, socket.SOCK_STREAM):
  File "/usr/local/lib/python3.7/socket.py", line 752, in getaddrinfo
    for res in _socket.getaddrinfo(host, port, family, type, proto, flags):
socket.gaierror: [Errno -2] Name or service not known

During handling of the above exception, another exception occurred:

Traceback (most recent call last):
  File "/root/.cache/pypoetry/virtualenvs/cpdbv2-backend-VA82Wl8V-py3.7/lib/python3.7/site-packages/elasticsearch/connection/http_urllib3.py", line 115, in perform_request
    response = self.pool.urlopen(method, url, body, retries=False, headers=self.headers, **kw)
  File "/root/.cache/pypoetry/virtualenvs/cpdbv2-backend-VA82Wl8V-py3.7/lib/python3.7/site-packages/urllib3/connectionpool.py", line 727, in urlopen
    method, url, error=e, _pool=self, _stacktrace=sys.exc_info()[2]
  File "/root/.cache/pypoetry/virtualenvs/cpdbv2-backend-VA82Wl8V-py3.7/lib/python3.7/site-packages/urllib3/util/retry.py", line 386, in increment
    raise six.reraise(type(error), error, _stacktrace)
  File "/root/.cache/pypoetry/virtualenvs/cpdbv2-backend-VA82Wl8V-py3.7/lib/python3.7/site-packages/urllib3/packages/six.py", line 735, in reraise
    raise value
  File "/root/.cache/pypoetry/virtualenvs/cpdbv2-backend-VA82Wl8V-py3.7/lib/python3.7/site-packages/urllib3/connectionpool.py", line 677, in urlopen
    chunked=chunked,
  File "/root/.cache/pypoetry/virtualenvs/cpdbv2-backend-VA82Wl8V-py3.7/lib/python3.7/site-packages/urllib3/connectionpool.py", line 392, in _make_request
    conn.request(method, url, **httplib_request_kw)
  File "/usr/local/lib/python3.7/http/client.py", line 1281, in request
    self._send_request(method, url, body, headers, encode_chunked)
  File "/usr/local/lib/python3.7/http/client.py", line 1327, in _send_request
    self.endheaders(body, encode_chunked=encode_chunked)
  File "/usr/local/lib/python3.7/http/client.py", line 1276, in endheaders
    self._send_output(message_body, encode_chunked=encode_chunked)
  File "/usr/local/lib/python3.7/http/client.py", line 1036, in _send_output
    self.send(msg)
  File "/usr/local/lib/python3.7/http/client.py", line 976, in send
    self.connect()
  File "/root/.cache/pypoetry/virtualenvs/cpdbv2-backend-VA82Wl8V-py3.7/lib/python3.7/site-packages/urllib3/connection.py", line 187, in connect
    conn = self._new_conn()
  File "/root/.cache/pypoetry/virtualenvs/cpdbv2-backend-VA82Wl8V-py3.7/lib/python3.7/site-packages/urllib3/connection.py", line 172, in _new_conn
    self, "Failed to establish a new connection: %s" % e
urllib3.exceptions.NewConnectionError: <urllib3.connection.HTTPConnection object at 0x7ff06a674fd0>: Failed to establish a new connection: [Errno -2] Name or service not known
elasticsearch: DEBUG: > None
urllib3.util.retry: DEBUG: Converted retries value: False -> Retry(total=False, connect=None, read=None, redirect=0, status=None)
urllib3.connectionpool: DEBUG: Starting new HTTP connection (748): elasticsearch:9200
elasticsearch: WARNING: DELETE http://elasticsearch:9200/test_officers_c97d3965-996f-4fbb-b4a7-1038423423bd [status:N/A request:0.003s]
Traceback (most recent call last):
  File "/root/.cache/pypoetry/virtualenvs/cpdbv2-backend-VA82Wl8V-py3.7/lib/python3.7/site-packages/urllib3/connection.py", line 160, in _new_conn
    (self._dns_host, self.port), self.timeout, **extra_kw
  File "/root/.cache/pypoetry/virtualenvs/cpdbv2-backend-VA82Wl8V-py3.7/lib/python3.7/site-packages/urllib3/util/connection.py", line 61, in create_connection
    for res in socket.getaddrinfo(host, port, family, socket.SOCK_STREAM):
  File "/usr/local/lib/python3.7/socket.py", line 752, in getaddrinfo
    for res in _socket.getaddrinfo(host, port, family, type, proto, flags):
socket.gaierror: [Errno -2] Name or service not known

During handling of the above exception, another exception occurred:

Traceback (most recent call last):
  File "/root/.cache/pypoetry/virtualenvs/cpdbv2-backend-VA82Wl8V-py3.7/lib/python3.7/site-packages/elasticsearch/connection/http_urllib3.py", line 115, in perform_request
    response = self.pool.urlopen(method, url, body, retries=False, headers=self.headers, **kw)
  File "/root/.cache/pypoetry/virtualenvs/cpdbv2-backend-VA82Wl8V-py3.7/lib/python3.7/site-packages/urllib3/connectionpool.py", line 727, in urlopen
    method, url, error=e, _pool=self, _stacktrace=sys.exc_info()[2]
  File "/root/.cache/pypoetry/virtualenvs/cpdbv2-backend-VA82Wl8V-py3.7/lib/python3.7/site-packages/urllib3/util/retry.py", line 386, in increment
    raise six.reraise(type(error), error, _stacktrace)
  File "/root/.cache/pypoetry/virtualenvs/cpdbv2-backend-VA82Wl8V-py3.7/lib/python3.7/site-packages/urllib3/packages/six.py", line 735, in reraise
    raise value
  File "/root/.cache/pypoetry/virtualenvs/cpdbv2-backend-VA82Wl8V-py3.7/lib/python3.7/site-packages/urllib3/connectionpool.py", line 677, in urlopen
    chunked=chunked,
  File "/root/.cache/pypoetry/virtualenvs/cpdbv2-backend-VA82Wl8V-py3.7/lib/python3.7/site-packages/urllib3/connectionpool.py", line 392, in _make_request
    conn.request(method, url, **httplib_request_kw)
  File "/usr/local/lib/python3.7/http/client.py", line 1281, in request
    self._send_request(method, url, body, headers, encode_chunked)
  File "/usr/local/lib/python3.7/http/client.py", line 1327, in _send_request
    self.endheaders(body, encode_chunked=encode_chunked)
  File "/usr/local/lib/python3.7/http/client.py", line 1276, in endheaders
    self._send_output(message_body, encode_chunked=encode_chunked)
  File "/usr/local/lib/python3.7/http/client.py", line 1036, in _send_output
    self.send(msg)
  File "/usr/local/lib/python3.7/http/client.py", line 976, in send
    self.connect()
  File "/root/.cache/pypoetry/virtualenvs/cpdbv2-backend-VA82Wl8V-py3.7/lib/python3.7/site-packages/urllib3/connection.py", line 187, in connect
    conn = self._new_conn()
  File "/root/.cache/pypoetry/virtualenvs/cpdbv2-backend-VA82Wl8V-py3.7/lib/python3.7/site-packages/urllib3/connection.py", line 172, in _new_conn
    self, "Failed to establish a new connection: %s" % e
urllib3.exceptions.NewConnectionError: <urllib3.connection.HTTPConnection object at 0x7ff06971a950>: Failed to establish a new connection: [Errno -2] Name or service not known
elasticsearch: DEBUG: > None
--------------------- >> end captured logging << ---------------------

======================================================================
ERROR: test_summary (units.tests.test_views.UnitsViewSetTestCase)
----------------------------------------------------------------------
Traceback (most recent call last):
  File "/usr/src/app/cpdb/units/tests/mixins.py", line 7, in setUp
    units_index_alias.write_index.delete(ignore=404)
  File "/root/.cache/pypoetry/virtualenvs/cpdbv2-backend-VA82Wl8V-py3.7/lib/python3.7/site-packages/elasticsearch_dsl/index.py", line 222, in delete
    self.connection.indices.delete(index=self._name, **kwargs)
  File "/root/.cache/pypoetry/virtualenvs/cpdbv2-backend-VA82Wl8V-py3.7/lib/python3.7/site-packages/elasticsearch/client/utils.py", line 73, in _wrapped
    return func(*args, params=params, **kwargs)
  File "/root/.cache/pypoetry/virtualenvs/cpdbv2-backend-VA82Wl8V-py3.7/lib/python3.7/site-packages/elasticsearch/client/indices.py", line 200, in delete
    params=params)
  File "/root/.cache/pypoetry/virtualenvs/cpdbv2-backend-VA82Wl8V-py3.7/lib/python3.7/site-packages/elasticsearch/transport.py", line 312, in perform_request
    status, headers, data = connection.perform_request(method, url, params, body, ignore=ignore, timeout=timeout)
  File "/root/.cache/pypoetry/virtualenvs/cpdbv2-backend-VA82Wl8V-py3.7/lib/python3.7/site-packages/elasticsearch/connection/http_urllib3.py", line 124, in perform_request
    raise ConnectionError('N/A', str(e), e)
elasticsearch.exceptions.ConnectionError: ConnectionError(<urllib3.connection.HTTPConnection object at 0x7ff0691834d0>: Failed to establish a new connection: [Errno -2] Name or service not known) caused by: NewConnectionError(<urllib3.connection.HTTPConnection object at 0x7ff0691834d0>: Failed to establish a new connection: [Errno -2] Name or service not known)
-------------------- >> begin captured logging << --------------------
urllib3.util.retry: DEBUG: Converted retries value: False -> Retry(total=False, connect=None, read=None, redirect=0, status=None)
urllib3.connectionpool: DEBUG: Starting new HTTP connection (749): elasticsearch:9200
elasticsearch: WARNING: DELETE http://elasticsearch:9200/test_units_c97d3965-996f-4fbb-b4a7-1038423423bd [status:N/A request:0.004s]
Traceback (most recent call last):
  File "/root/.cache/pypoetry/virtualenvs/cpdbv2-backend-VA82Wl8V-py3.7/lib/python3.7/site-packages/urllib3/connection.py", line 160, in _new_conn
    (self._dns_host, self.port), self.timeout, **extra_kw
  File "/root/.cache/pypoetry/virtualenvs/cpdbv2-backend-VA82Wl8V-py3.7/lib/python3.7/site-packages/urllib3/util/connection.py", line 61, in create_connection
    for res in socket.getaddrinfo(host, port, family, socket.SOCK_STREAM):
  File "/usr/local/lib/python3.7/socket.py", line 752, in getaddrinfo
    for res in _socket.getaddrinfo(host, port, family, type, proto, flags):
socket.gaierror: [Errno -2] Name or service not known

During handling of the above exception, another exception occurred:

Traceback (most recent call last):
  File "/root/.cache/pypoetry/virtualenvs/cpdbv2-backend-VA82Wl8V-py3.7/lib/python3.7/site-packages/elasticsearch/connection/http_urllib3.py", line 115, in perform_request
    response = self.pool.urlopen(method, url, body, retries=False, headers=self.headers, **kw)
  File "/root/.cache/pypoetry/virtualenvs/cpdbv2-backend-VA82Wl8V-py3.7/lib/python3.7/site-packages/urllib3/connectionpool.py", line 727, in urlopen
    method, url, error=e, _pool=self, _stacktrace=sys.exc_info()[2]
  File "/root/.cache/pypoetry/virtualenvs/cpdbv2-backend-VA82Wl8V-py3.7/lib/python3.7/site-packages/urllib3/util/retry.py", line 386, in increment
    raise six.reraise(type(error), error, _stacktrace)
  File "/root/.cache/pypoetry/virtualenvs/cpdbv2-backend-VA82Wl8V-py3.7/lib/python3.7/site-packages/urllib3/packages/six.py", line 735, in reraise
    raise value
  File "/root/.cache/pypoetry/virtualenvs/cpdbv2-backend-VA82Wl8V-py3.7/lib/python3.7/site-packages/urllib3/connectionpool.py", line 677, in urlopen
    chunked=chunked,
  File "/root/.cache/pypoetry/virtualenvs/cpdbv2-backend-VA82Wl8V-py3.7/lib/python3.7/site-packages/urllib3/connectionpool.py", line 392, in _make_request
    conn.request(method, url, **httplib_request_kw)
  File "/usr/local/lib/python3.7/http/client.py", line 1281, in request
    self._send_request(method, url, body, headers, encode_chunked)
  File "/usr/local/lib/python3.7/http/client.py", line 1327, in _send_request
    self.endheaders(body, encode_chunked=encode_chunked)
  File "/usr/local/lib/python3.7/http/client.py", line 1276, in endheaders
    self._send_output(message_body, encode_chunked=encode_chunked)
  File "/usr/local/lib/python3.7/http/client.py", line 1036, in _send_output
    self.send(msg)
  File "/usr/local/lib/python3.7/http/client.py", line 976, in send
    self.connect()
  File "/root/.cache/pypoetry/virtualenvs/cpdbv2-backend-VA82Wl8V-py3.7/lib/python3.7/site-packages/urllib3/connection.py", line 187, in connect
    conn = self._new_conn()
  File "/root/.cache/pypoetry/virtualenvs/cpdbv2-backend-VA82Wl8V-py3.7/lib/python3.7/site-packages/urllib3/connection.py", line 172, in _new_conn
    self, "Failed to establish a new connection: %s" % e
urllib3.exceptions.NewConnectionError: <urllib3.connection.HTTPConnection object at 0x7ff069183410>: Failed to establish a new connection: [Errno -2] Name or service not known
elasticsearch: DEBUG: > None
urllib3.util.retry: DEBUG: Converted retries value: False -> Retry(total=False, connect=None, read=None, redirect=0, status=None)
urllib3.connectionpool: DEBUG: Starting new HTTP connection (750): elasticsearch:9200
elasticsearch: WARNING: DELETE http://elasticsearch:9200/test_units_c97d3965-996f-4fbb-b4a7-1038423423bd [status:N/A request:0.005s]
Traceback (most recent call last):
  File "/root/.cache/pypoetry/virtualenvs/cpdbv2-backend-VA82Wl8V-py3.7/lib/python3.7/site-packages/urllib3/connection.py", line 160, in _new_conn
    (self._dns_host, self.port), self.timeout, **extra_kw
  File "/root/.cache/pypoetry/virtualenvs/cpdbv2-backend-VA82Wl8V-py3.7/lib/python3.7/site-packages/urllib3/util/connection.py", line 61, in create_connection
    for res in socket.getaddrinfo(host, port, family, socket.SOCK_STREAM):
  File "/usr/local/lib/python3.7/socket.py", line 752, in getaddrinfo
    for res in _socket.getaddrinfo(host, port, family, type, proto, flags):
socket.gaierror: [Errno -2] Name or service not known

During handling of the above exception, another exception occurred:

Traceback (most recent call last):
  File "/root/.cache/pypoetry/virtualenvs/cpdbv2-backend-VA82Wl8V-py3.7/lib/python3.7/site-packages/elasticsearch/connection/http_urllib3.py", line 115, in perform_request
    response = self.pool.urlopen(method, url, body, retries=False, headers=self.headers, **kw)
  File "/root/.cache/pypoetry/virtualenvs/cpdbv2-backend-VA82Wl8V-py3.7/lib/python3.7/site-packages/urllib3/connectionpool.py", line 727, in urlopen
    method, url, error=e, _pool=self, _stacktrace=sys.exc_info()[2]
  File "/root/.cache/pypoetry/virtualenvs/cpdbv2-backend-VA82Wl8V-py3.7/lib/python3.7/site-packages/urllib3/util/retry.py", line 386, in increment
    raise six.reraise(type(error), error, _stacktrace)
  File "/root/.cache/pypoetry/virtualenvs/cpdbv2-backend-VA82Wl8V-py3.7/lib/python3.7/site-packages/urllib3/packages/six.py", line 735, in reraise
    raise value
  File "/root/.cache/pypoetry/virtualenvs/cpdbv2-backend-VA82Wl8V-py3.7/lib/python3.7/site-packages/urllib3/connectionpool.py", line 677, in urlopen
    chunked=chunked,
  File "/root/.cache/pypoetry/virtualenvs/cpdbv2-backend-VA82Wl8V-py3.7/lib/python3.7/site-packages/urllib3/connectionpool.py", line 392, in _make_request
    conn.request(method, url, **httplib_request_kw)
  File "/usr/local/lib/python3.7/http/client.py", line 1281, in request
    self._send_request(method, url, body, headers, encode_chunked)
  File "/usr/local/lib/python3.7/http/client.py", line 1327, in _send_request
    self.endheaders(body, encode_chunked=encode_chunked)
  File "/usr/local/lib/python3.7/http/client.py", line 1276, in endheaders
    self._send_output(message_body, encode_chunked=encode_chunked)
  File "/usr/local/lib/python3.7/http/client.py", line 1036, in _send_output
    self.send(msg)
  File "/usr/local/lib/python3.7/http/client.py", line 976, in send
    self.connect()
  File "/root/.cache/pypoetry/virtualenvs/cpdbv2-backend-VA82Wl8V-py3.7/lib/python3.7/site-packages/urllib3/connection.py", line 187, in connect
    conn = self._new_conn()
  File "/root/.cache/pypoetry/virtualenvs/cpdbv2-backend-VA82Wl8V-py3.7/lib/python3.7/site-packages/urllib3/connection.py", line 172, in _new_conn
    self, "Failed to establish a new connection: %s" % e
urllib3.exceptions.NewConnectionError: <urllib3.connection.HTTPConnection object at 0x7ff069183cd0>: Failed to establish a new connection: [Errno -2] Name or service not known
elasticsearch: DEBUG: > None
urllib3.util.retry: DEBUG: Converted retries value: False -> Retry(total=False, connect=None, read=None, redirect=0, status=None)
urllib3.connectionpool: DEBUG: Starting new HTTP connection (751): elasticsearch:9200
elasticsearch: WARNING: DELETE http://elasticsearch:9200/test_units_c97d3965-996f-4fbb-b4a7-1038423423bd [status:N/A request:0.004s]
Traceback (most recent call last):
  File "/root/.cache/pypoetry/virtualenvs/cpdbv2-backend-VA82Wl8V-py3.7/lib/python3.7/site-packages/urllib3/connection.py", line 160, in _new_conn
    (self._dns_host, self.port), self.timeout, **extra_kw
  File "/root/.cache/pypoetry/virtualenvs/cpdbv2-backend-VA82Wl8V-py3.7/lib/python3.7/site-packages/urllib3/util/connection.py", line 61, in create_connection
    for res in socket.getaddrinfo(host, port, family, socket.SOCK_STREAM):
  File "/usr/local/lib/python3.7/socket.py", line 752, in getaddrinfo
    for res in _socket.getaddrinfo(host, port, family, type, proto, flags):
socket.gaierror: [Errno -2] Name or service not known

During handling of the above exception, another exception occurred:

Traceback (most recent call last):
  File "/root/.cache/pypoetry/virtualenvs/cpdbv2-backend-VA82Wl8V-py3.7/lib/python3.7/site-packages/elasticsearch/connection/http_urllib3.py", line 115, in perform_request
    response = self.pool.urlopen(method, url, body, retries=False, headers=self.headers, **kw)
  File "/root/.cache/pypoetry/virtualenvs/cpdbv2-backend-VA82Wl8V-py3.7/lib/python3.7/site-packages/urllib3/connectionpool.py", line 727, in urlopen
    method, url, error=e, _pool=self, _stacktrace=sys.exc_info()[2]
  File "/root/.cache/pypoetry/virtualenvs/cpdbv2-backend-VA82Wl8V-py3.7/lib/python3.7/site-packages/urllib3/util/retry.py", line 386, in increment
    raise six.reraise(type(error), error, _stacktrace)
  File "/root/.cache/pypoetry/virtualenvs/cpdbv2-backend-VA82Wl8V-py3.7/lib/python3.7/site-packages/urllib3/packages/six.py", line 735, in reraise
    raise value
  File "/root/.cache/pypoetry/virtualenvs/cpdbv2-backend-VA82Wl8V-py3.7/lib/python3.7/site-packages/urllib3/connectionpool.py", line 677, in urlopen
    chunked=chunked,
  File "/root/.cache/pypoetry/virtualenvs/cpdbv2-backend-VA82Wl8V-py3.7/lib/python3.7/site-packages/urllib3/connectionpool.py", line 392, in _make_request
    conn.request(method, url, **httplib_request_kw)
  File "/usr/local/lib/python3.7/http/client.py", line 1281, in request
    self._send_request(method, url, body, headers, encode_chunked)
  File "/usr/local/lib/python3.7/http/client.py", line 1327, in _send_request
    self.endheaders(body, encode_chunked=encode_chunked)
  File "/usr/local/lib/python3.7/http/client.py", line 1276, in endheaders
    self._send_output(message_body, encode_chunked=encode_chunked)
  File "/usr/local/lib/python3.7/http/client.py", line 1036, in _send_output
    self.send(msg)
  File "/usr/local/lib/python3.7/http/client.py", line 976, in send
    self.connect()
  File "/root/.cache/pypoetry/virtualenvs/cpdbv2-backend-VA82Wl8V-py3.7/lib/python3.7/site-packages/urllib3/connection.py", line 187, in connect
    conn = self._new_conn()
  File "/root/.cache/pypoetry/virtualenvs/cpdbv2-backend-VA82Wl8V-py3.7/lib/python3.7/site-packages/urllib3/connection.py", line 172, in _new_conn
    self, "Failed to establish a new connection: %s" % e
urllib3.exceptions.NewConnectionError: <urllib3.connection.HTTPConnection object at 0x7ff069183890>: Failed to establish a new connection: [Errno -2] Name or service not known
elasticsearch: DEBUG: > None
urllib3.util.retry: DEBUG: Converted retries value: False -> Retry(total=False, connect=None, read=None, redirect=0, status=None)
urllib3.connectionpool: DEBUG: Starting new HTTP connection (752): elasticsearch:9200
elasticsearch: WARNING: DELETE http://elasticsearch:9200/test_units_c97d3965-996f-4fbb-b4a7-1038423423bd [status:N/A request:0.004s]
Traceback (most recent call last):
  File "/root/.cache/pypoetry/virtualenvs/cpdbv2-backend-VA82Wl8V-py3.7/lib/python3.7/site-packages/urllib3/connection.py", line 160, in _new_conn
    (self._dns_host, self.port), self.timeout, **extra_kw
  File "/root/.cache/pypoetry/virtualenvs/cpdbv2-backend-VA82Wl8V-py3.7/lib/python3.7/site-packages/urllib3/util/connection.py", line 61, in create_connection
    for res in socket.getaddrinfo(host, port, family, socket.SOCK_STREAM):
  File "/usr/local/lib/python3.7/socket.py", line 752, in getaddrinfo
    for res in _socket.getaddrinfo(host, port, family, type, proto, flags):
socket.gaierror: [Errno -2] Name or service not known

During handling of the above exception, another exception occurred:

Traceback (most recent call last):
  File "/root/.cache/pypoetry/virtualenvs/cpdbv2-backend-VA82Wl8V-py3.7/lib/python3.7/site-packages/elasticsearch/connection/http_urllib3.py", line 115, in perform_request
    response = self.pool.urlopen(method, url, body, retries=False, headers=self.headers, **kw)
  File "/root/.cache/pypoetry/virtualenvs/cpdbv2-backend-VA82Wl8V-py3.7/lib/python3.7/site-packages/urllib3/connectionpool.py", line 727, in urlopen
    method, url, error=e, _pool=self, _stacktrace=sys.exc_info()[2]
  File "/root/.cache/pypoetry/virtualenvs/cpdbv2-backend-VA82Wl8V-py3.7/lib/python3.7/site-packages/urllib3/util/retry.py", line 386, in increment
    raise six.reraise(type(error), error, _stacktrace)
  File "/root/.cache/pypoetry/virtualenvs/cpdbv2-backend-VA82Wl8V-py3.7/lib/python3.7/site-packages/urllib3/packages/six.py", line 735, in reraise
    raise value
  File "/root/.cache/pypoetry/virtualenvs/cpdbv2-backend-VA82Wl8V-py3.7/lib/python3.7/site-packages/urllib3/connectionpool.py", line 677, in urlopen
    chunked=chunked,
  File "/root/.cache/pypoetry/virtualenvs/cpdbv2-backend-VA82Wl8V-py3.7/lib/python3.7/site-packages/urllib3/connectionpool.py", line 392, in _make_request
    conn.request(method, url, **httplib_request_kw)
  File "/usr/local/lib/python3.7/http/client.py", line 1281, in request
    self._send_request(method, url, body, headers, encode_chunked)
  File "/usr/local/lib/python3.7/http/client.py", line 1327, in _send_request
    self.endheaders(body, encode_chunked=encode_chunked)
  File "/usr/local/lib/python3.7/http/client.py", line 1276, in endheaders
    self._send_output(message_body, encode_chunked=encode_chunked)
  File "/usr/local/lib/python3.7/http/client.py", line 1036, in _send_output
    self.send(msg)
  File "/usr/local/lib/python3.7/http/client.py", line 976, in send
    self.connect()
  File "/root/.cache/pypoetry/virtualenvs/cpdbv2-backend-VA82Wl8V-py3.7/lib/python3.7/site-packages/urllib3/connection.py", line 187, in connect
    conn = self._new_conn()
  File "/root/.cache/pypoetry/virtualenvs/cpdbv2-backend-VA82Wl8V-py3.7/lib/python3.7/site-packages/urllib3/connection.py", line 172, in _new_conn
    self, "Failed to establish a new connection: %s" % e
urllib3.exceptions.NewConnectionError: <urllib3.connection.HTTPConnection object at 0x7ff0691834d0>: Failed to establish a new connection: [Errno -2] Name or service not known
elasticsearch: DEBUG: > None
--------------------- >> end captured logging << ---------------------

======================================================================
ERROR: test_summary_no_match (units.tests.test_views.UnitsViewSetTestCase)
----------------------------------------------------------------------
Traceback (most recent call last):
  File "/usr/src/app/cpdb/units/tests/mixins.py", line 7, in setUp
    units_index_alias.write_index.delete(ignore=404)
  File "/root/.cache/pypoetry/virtualenvs/cpdbv2-backend-VA82Wl8V-py3.7/lib/python3.7/site-packages/elasticsearch_dsl/index.py", line 222, in delete
    self.connection.indices.delete(index=self._name, **kwargs)
  File "/root/.cache/pypoetry/virtualenvs/cpdbv2-backend-VA82Wl8V-py3.7/lib/python3.7/site-packages/elasticsearch/client/utils.py", line 73, in _wrapped
    return func(*args, params=params, **kwargs)
  File "/root/.cache/pypoetry/virtualenvs/cpdbv2-backend-VA82Wl8V-py3.7/lib/python3.7/site-packages/elasticsearch/client/indices.py", line 200, in delete
    params=params)
  File "/root/.cache/pypoetry/virtualenvs/cpdbv2-backend-VA82Wl8V-py3.7/lib/python3.7/site-packages/elasticsearch/transport.py", line 312, in perform_request
    status, headers, data = connection.perform_request(method, url, params, body, ignore=ignore, timeout=timeout)
  File "/root/.cache/pypoetry/virtualenvs/cpdbv2-backend-VA82Wl8V-py3.7/lib/python3.7/site-packages/elasticsearch/connection/http_urllib3.py", line 124, in perform_request
    raise ConnectionError('N/A', str(e), e)
elasticsearch.exceptions.ConnectionError: ConnectionError(<urllib3.connection.HTTPConnection object at 0x7ff069183a10>: Failed to establish a new connection: [Errno -2] Name or service not known) caused by: NewConnectionError(<urllib3.connection.HTTPConnection object at 0x7ff069183a10>: Failed to establish a new connection: [Errno -2] Name or service not known)
-------------------- >> begin captured logging << --------------------
urllib3.util.retry: DEBUG: Converted retries value: False -> Retry(total=False, connect=None, read=None, redirect=0, status=None)
urllib3.connectionpool: DEBUG: Starting new HTTP connection (753): elasticsearch:9200
elasticsearch: WARNING: DELETE http://elasticsearch:9200/test_units_c97d3965-996f-4fbb-b4a7-1038423423bd [status:N/A request:0.004s]
Traceback (most recent call last):
  File "/root/.cache/pypoetry/virtualenvs/cpdbv2-backend-VA82Wl8V-py3.7/lib/python3.7/site-packages/urllib3/connection.py", line 160, in _new_conn
    (self._dns_host, self.port), self.timeout, **extra_kw
  File "/root/.cache/pypoetry/virtualenvs/cpdbv2-backend-VA82Wl8V-py3.7/lib/python3.7/site-packages/urllib3/util/connection.py", line 61, in create_connection
    for res in socket.getaddrinfo(host, port, family, socket.SOCK_STREAM):
  File "/usr/local/lib/python3.7/socket.py", line 752, in getaddrinfo
    for res in _socket.getaddrinfo(host, port, family, type, proto, flags):
socket.gaierror: [Errno -2] Name or service not known

During handling of the above exception, another exception occurred:

Traceback (most recent call last):
  File "/root/.cache/pypoetry/virtualenvs/cpdbv2-backend-VA82Wl8V-py3.7/lib/python3.7/site-packages/elasticsearch/connection/http_urllib3.py", line 115, in perform_request
    response = self.pool.urlopen(method, url, body, retries=False, headers=self.headers, **kw)
  File "/root/.cache/pypoetry/virtualenvs/cpdbv2-backend-VA82Wl8V-py3.7/lib/python3.7/site-packages/urllib3/connectionpool.py", line 727, in urlopen
    method, url, error=e, _pool=self, _stacktrace=sys.exc_info()[2]
  File "/root/.cache/pypoetry/virtualenvs/cpdbv2-backend-VA82Wl8V-py3.7/lib/python3.7/site-packages/urllib3/util/retry.py", line 386, in increment
    raise six.reraise(type(error), error, _stacktrace)
  File "/root/.cache/pypoetry/virtualenvs/cpdbv2-backend-VA82Wl8V-py3.7/lib/python3.7/site-packages/urllib3/packages/six.py", line 735, in reraise
    raise value
  File "/root/.cache/pypoetry/virtualenvs/cpdbv2-backend-VA82Wl8V-py3.7/lib/python3.7/site-packages/urllib3/connectionpool.py", line 677, in urlopen
    chunked=chunked,
  File "/root/.cache/pypoetry/virtualenvs/cpdbv2-backend-VA82Wl8V-py3.7/lib/python3.7/site-packages/urllib3/connectionpool.py", line 392, in _make_request
    conn.request(method, url, **httplib_request_kw)
  File "/usr/local/lib/python3.7/http/client.py", line 1281, in request
    self._send_request(method, url, body, headers, encode_chunked)
  File "/usr/local/lib/python3.7/http/client.py", line 1327, in _send_request
    self.endheaders(body, encode_chunked=encode_chunked)
  File "/usr/local/lib/python3.7/http/client.py", line 1276, in endheaders
    self._send_output(message_body, encode_chunked=encode_chunked)
  File "/usr/local/lib/python3.7/http/client.py", line 1036, in _send_output
    self.send(msg)
  File "/usr/local/lib/python3.7/http/client.py", line 976, in send
    self.connect()
  File "/root/.cache/pypoetry/virtualenvs/cpdbv2-backend-VA82Wl8V-py3.7/lib/python3.7/site-packages/urllib3/connection.py", line 187, in connect
    conn = self._new_conn()
  File "/root/.cache/pypoetry/virtualenvs/cpdbv2-backend-VA82Wl8V-py3.7/lib/python3.7/site-packages/urllib3/connection.py", line 172, in _new_conn
    self, "Failed to establish a new connection: %s" % e
urllib3.exceptions.NewConnectionError: <urllib3.connection.HTTPConnection object at 0x7ff06972f290>: Failed to establish a new connection: [Errno -2] Name or service not known
elasticsearch: DEBUG: > None
urllib3.util.retry: DEBUG: Converted retries value: False -> Retry(total=False, connect=None, read=None, redirect=0, status=None)
urllib3.connectionpool: DEBUG: Starting new HTTP connection (754): elasticsearch:9200
elasticsearch: WARNING: DELETE http://elasticsearch:9200/test_units_c97d3965-996f-4fbb-b4a7-1038423423bd [status:N/A request:0.005s]
Traceback (most recent call last):
  File "/root/.cache/pypoetry/virtualenvs/cpdbv2-backend-VA82Wl8V-py3.7/lib/python3.7/site-packages/urllib3/connection.py", line 160, in _new_conn
    (self._dns_host, self.port), self.timeout, **extra_kw
  File "/root/.cache/pypoetry/virtualenvs/cpdbv2-backend-VA82Wl8V-py3.7/lib/python3.7/site-packages/urllib3/util/connection.py", line 61, in create_connection
    for res in socket.getaddrinfo(host, port, family, socket.SOCK_STREAM):
  File "/usr/local/lib/python3.7/socket.py", line 752, in getaddrinfo
    for res in _socket.getaddrinfo(host, port, family, type, proto, flags):
socket.gaierror: [Errno -2] Name or service not known

During handling of the above exception, another exception occurred:

Traceback (most recent call last):
  File "/root/.cache/pypoetry/virtualenvs/cpdbv2-backend-VA82Wl8V-py3.7/lib/python3.7/site-packages/elasticsearch/connection/http_urllib3.py", line 115, in perform_request
    response = self.pool.urlopen(method, url, body, retries=False, headers=self.headers, **kw)
  File "/root/.cache/pypoetry/virtualenvs/cpdbv2-backend-VA82Wl8V-py3.7/lib/python3.7/site-packages/urllib3/connectionpool.py", line 727, in urlopen
    method, url, error=e, _pool=self, _stacktrace=sys.exc_info()[2]
  File "/root/.cache/pypoetry/virtualenvs/cpdbv2-backend-VA82Wl8V-py3.7/lib/python3.7/site-packages/urllib3/util/retry.py", line 386, in increment
    raise six.reraise(type(error), error, _stacktrace)
  File "/root/.cache/pypoetry/virtualenvs/cpdbv2-backend-VA82Wl8V-py3.7/lib/python3.7/site-packages/urllib3/packages/six.py", line 735, in reraise
    raise value
  File "/root/.cache/pypoetry/virtualenvs/cpdbv2-backend-VA82Wl8V-py3.7/lib/python3.7/site-packages/urllib3/connectionpool.py", line 677, in urlopen
    chunked=chunked,
  File "/root/.cache/pypoetry/virtualenvs/cpdbv2-backend-VA82Wl8V-py3.7/lib/python3.7/site-packages/urllib3/connectionpool.py", line 392, in _make_request
    conn.request(method, url, **httplib_request_kw)
  File "/usr/local/lib/python3.7/http/client.py", line 1281, in request
    self._send_request(method, url, body, headers, encode_chunked)
  File "/usr/local/lib/python3.7/http/client.py", line 1327, in _send_request
    self.endheaders(body, encode_chunked=encode_chunked)
  File "/usr/local/lib/python3.7/http/client.py", line 1276, in endheaders
    self._send_output(message_body, encode_chunked=encode_chunked)
  File "/usr/local/lib/python3.7/http/client.py", line 1036, in _send_output
    self.send(msg)
  File "/usr/local/lib/python3.7/http/client.py", line 976, in send
    self.connect()
  File "/root/.cache/pypoetry/virtualenvs/cpdbv2-backend-VA82Wl8V-py3.7/lib/python3.7/site-packages/urllib3/connection.py", line 187, in connect
    conn = self._new_conn()
  File "/root/.cache/pypoetry/virtualenvs/cpdbv2-backend-VA82Wl8V-py3.7/lib/python3.7/site-packages/urllib3/connection.py", line 172, in _new_conn
    self, "Failed to establish a new connection: %s" % e
urllib3.exceptions.NewConnectionError: <urllib3.connection.HTTPConnection object at 0x7ff069183350>: Failed to establish a new connection: [Errno -2] Name or service not known
elasticsearch: DEBUG: > None
urllib3.util.retry: DEBUG: Converted retries value: False -> Retry(total=False, connect=None, read=None, redirect=0, status=None)
urllib3.connectionpool: DEBUG: Starting new HTTP connection (755): elasticsearch:9200
elasticsearch: WARNING: DELETE http://elasticsearch:9200/test_units_c97d3965-996f-4fbb-b4a7-1038423423bd [status:N/A request:0.004s]
Traceback (most recent call last):
  File "/root/.cache/pypoetry/virtualenvs/cpdbv2-backend-VA82Wl8V-py3.7/lib/python3.7/site-packages/urllib3/connection.py", line 160, in _new_conn
    (self._dns_host, self.port), self.timeout, **extra_kw
  File "/root/.cache/pypoetry/virtualenvs/cpdbv2-backend-VA82Wl8V-py3.7/lib/python3.7/site-packages/urllib3/util/connection.py", line 61, in create_connection
    for res in socket.getaddrinfo(host, port, family, socket.SOCK_STREAM):
  File "/usr/local/lib/python3.7/socket.py", line 752, in getaddrinfo
    for res in _socket.getaddrinfo(host, port, family, type, proto, flags):
socket.gaierror: [Errno -2] Name or service not known

During handling of the above exception, another exception occurred:

Traceback (most recent call last):
  File "/root/.cache/pypoetry/virtualenvs/cpdbv2-backend-VA82Wl8V-py3.7/lib/python3.7/site-packages/elasticsearch/connection/http_urllib3.py", line 115, in perform_request
    response = self.pool.urlopen(method, url, body, retries=False, headers=self.headers, **kw)
  File "/root/.cache/pypoetry/virtualenvs/cpdbv2-backend-VA82Wl8V-py3.7/lib/python3.7/site-packages/urllib3/connectionpool.py", line 727, in urlopen
    method, url, error=e, _pool=self, _stacktrace=sys.exc_info()[2]
  File "/root/.cache/pypoetry/virtualenvs/cpdbv2-backend-VA82Wl8V-py3.7/lib/python3.7/site-packages/urllib3/util/retry.py", line 386, in increment
    raise six.reraise(type(error), error, _stacktrace)
  File "/root/.cache/pypoetry/virtualenvs/cpdbv2-backend-VA82Wl8V-py3.7/lib/python3.7/site-packages/urllib3/packages/six.py", line 735, in reraise
    raise value
  File "/root/.cache/pypoetry/virtualenvs/cpdbv2-backend-VA82Wl8V-py3.7/lib/python3.7/site-packages/urllib3/connectionpool.py", line 677, in urlopen
    chunked=chunked,
  File "/root/.cache/pypoetry/virtualenvs/cpdbv2-backend-VA82Wl8V-py3.7/lib/python3.7/site-packages/urllib3/connectionpool.py", line 392, in _make_request
    conn.request(method, url, **httplib_request_kw)
  File "/usr/local/lib/python3.7/http/client.py", line 1281, in request
    self._send_request(method, url, body, headers, encode_chunked)
  File "/usr/local/lib/python3.7/http/client.py", line 1327, in _send_request
    self.endheaders(body, encode_chunked=encode_chunked)
  File "/usr/local/lib/python3.7/http/client.py", line 1276, in endheaders
    self._send_output(message_body, encode_chunked=encode_chunked)
  File "/usr/local/lib/python3.7/http/client.py", line 1036, in _send_output
    self.send(msg)
  File "/usr/local/lib/python3.7/http/client.py", line 976, in send
    self.connect()
  File "/root/.cache/pypoetry/virtualenvs/cpdbv2-backend-VA82Wl8V-py3.7/lib/python3.7/site-packages/urllib3/connection.py", line 187, in connect
    conn = self._new_conn()
  File "/root/.cache/pypoetry/virtualenvs/cpdbv2-backend-VA82Wl8V-py3.7/lib/python3.7/site-packages/urllib3/connection.py", line 172, in _new_conn
    self, "Failed to establish a new connection: %s" % e
urllib3.exceptions.NewConnectionError: <urllib3.connection.HTTPConnection object at 0x7ff069183290>: Failed to establish a new connection: [Errno -2] Name or service not known
elasticsearch: DEBUG: > None
urllib3.util.retry: DEBUG: Converted retries value: False -> Retry(total=False, connect=None, read=None, redirect=0, status=None)
urllib3.connectionpool: DEBUG: Starting new HTTP connection (756): elasticsearch:9200
elasticsearch: WARNING: DELETE http://elasticsearch:9200/test_units_c97d3965-996f-4fbb-b4a7-1038423423bd [status:N/A request:0.004s]
Traceback (most recent call last):
  File "/root/.cache/pypoetry/virtualenvs/cpdbv2-backend-VA82Wl8V-py3.7/lib/python3.7/site-packages/urllib3/connection.py", line 160, in _new_conn
    (self._dns_host, self.port), self.timeout, **extra_kw
  File "/root/.cache/pypoetry/virtualenvs/cpdbv2-backend-VA82Wl8V-py3.7/lib/python3.7/site-packages/urllib3/util/connection.py", line 61, in create_connection
    for res in socket.getaddrinfo(host, port, family, socket.SOCK_STREAM):
  File "/usr/local/lib/python3.7/socket.py", line 752, in getaddrinfo
    for res in _socket.getaddrinfo(host, port, family, type, proto, flags):
socket.gaierror: [Errno -2] Name or service not known

During handling of the above exception, another exception occurred:

Traceback (most recent call last):
  File "/root/.cache/pypoetry/virtualenvs/cpdbv2-backend-VA82Wl8V-py3.7/lib/python3.7/site-packages/elasticsearch/connection/http_urllib3.py", line 115, in perform_request
    response = self.pool.urlopen(method, url, body, retries=False, headers=self.headers, **kw)
  File "/root/.cache/pypoetry/virtualenvs/cpdbv2-backend-VA82Wl8V-py3.7/lib/python3.7/site-packages/urllib3/connectionpool.py", line 727, in urlopen
    method, url, error=e, _pool=self, _stacktrace=sys.exc_info()[2]
  File "/root/.cache/pypoetry/virtualenvs/cpdbv2-backend-VA82Wl8V-py3.7/lib/python3.7/site-packages/urllib3/util/retry.py", line 386, in increment
    raise six.reraise(type(error), error, _stacktrace)
  File "/root/.cache/pypoetry/virtualenvs/cpdbv2-backend-VA82Wl8V-py3.7/lib/python3.7/site-packages/urllib3/packages/six.py", line 735, in reraise
    raise value
  File "/root/.cache/pypoetry/virtualenvs/cpdbv2-backend-VA82Wl8V-py3.7/lib/python3.7/site-packages/urllib3/connectionpool.py", line 677, in urlopen
    chunked=chunked,
  File "/root/.cache/pypoetry/virtualenvs/cpdbv2-backend-VA82Wl8V-py3.7/lib/python3.7/site-packages/urllib3/connectionpool.py", line 392, in _make_request
    conn.request(method, url, **httplib_request_kw)
  File "/usr/local/lib/python3.7/http/client.py", line 1281, in request
    self._send_request(method, url, body, headers, encode_chunked)
  File "/usr/local/lib/python3.7/http/client.py", line 1327, in _send_request
    self.endheaders(body, encode_chunked=encode_chunked)
  File "/usr/local/lib/python3.7/http/client.py", line 1276, in endheaders
    self._send_output(message_body, encode_chunked=encode_chunked)
  File "/usr/local/lib/python3.7/http/client.py", line 1036, in _send_output
    self.send(msg)
  File "/usr/local/lib/python3.7/http/client.py", line 976, in send
    self.connect()
  File "/root/.cache/pypoetry/virtualenvs/cpdbv2-backend-VA82Wl8V-py3.7/lib/python3.7/site-packages/urllib3/connection.py", line 187, in connect
    conn = self._new_conn()
  File "/root/.cache/pypoetry/virtualenvs/cpdbv2-backend-VA82Wl8V-py3.7/lib/python3.7/site-packages/urllib3/connection.py", line 172, in _new_conn
    self, "Failed to establish a new connection: %s" % e
urllib3.exceptions.NewConnectionError: <urllib3.connection.HTTPConnection object at 0x7ff069183a10>: Failed to establish a new connection: [Errno -2] Name or service not known
elasticsearch: DEBUG: > None
--------------------- >> end captured logging << ---------------------

======================================================================
ERROR: test_export_officer_xlsx_accused (xlsx.tests.management.utils.test_export_officer_xlsx.ExportOfficerXlsxUtilTestCase)
----------------------------------------------------------------------
Traceback (most recent call last):
  File "/usr/src/app/cpdb/xlsx/tests/management/utils/test_export_officer_xlsx/__init__.py", line 232, in test_export_officer_xlsx_accused
    ['Allegation', 'Coaccused Officer', 'Beat', 'Police Witness', 'Victim']
  File "/usr/src/app/cpdb/xlsx/tests/writer_base_test_case.py", line 34, in assert_csv_files_equal
    f'{self.test_dir}/csv/{expectation_dir}/{sheet_name}.csv'
  File "/root/.cache/pypoetry/virtualenvs/cpdbv2-backend-VA82Wl8V-py3.7/lib/python3.7/site-packages/robber/expect.py", line 44, in method
    return klass(self.obj, other, negative_fact, *args, **kwargs).fail_with(self.message).match()
  File "/root/.cache/pypoetry/virtualenvs/cpdbv2-backend-VA82Wl8V-py3.7/lib/python3.7/site-packages/robber/matchers/base.py", line 29, in match
    raise BadExpectation(message)
robber.bad_expectation.BadExpectation: 
A = False
Expected A to be True

-------------------- >> begin captured logging << --------------------
factory.generate: DEBUG: LazyFunction: Evaluating <function AreaFactory.<lambda> at 0x7ff06f7124d0> on <factory.builder.BuildStep object at 0x7ff06937a710>
factory.generate: DEBUG: PostGeneration: Calling data.factories.tags(<Area: Area object (23)>, <factory.builder.BuildStep object at 0x7ff06937a710>, value_provided=False, value=None, extra={})
factory.generate: DEBUG: PostGeneration: Calling data.factories.areas(<Allegation: CRID 1009678>, <factory.builder.BuildStep object at 0x7ff069c4f450>, value_provided=False, value=None, extra={})
factory.generate: DEBUG: LazyFunction: Evaluating <function AreaFactory.<lambda> at 0x7ff06f7124d0> on <factory.builder.BuildStep object at 0x7ff069c4f590>
factory.generate: DEBUG: PostGeneration: Calling data.factories.tags(<Area: Area object (24)>, <factory.builder.BuildStep object at 0x7ff069c4f590>, value_provided=False, value=None, extra={})
factory.generate: DEBUG: PostGeneration: Calling data.factories.areas(<Allegation: CRID 1012803>, <factory.builder.BuildStep object at 0x7ff069394e10>, value_provided=False, value=None, extra={})
factory.generate: DEBUG: LazyFunction: Evaluating <function OfficerFactory.<lambda> at 0x7ff06f735200> on <factory.builder.BuildStep object at 0x7ff069394050>
factory.generate: DEBUG: LazyFunction: Evaluating <function OfficerFactory.<lambda> at 0x7ff06f735290> on <factory.builder.BuildStep object at 0x7ff069394050>
factory.generate: DEBUG: LazyFunction: Evaluating <function OfficerFactory.<lambda> at 0x7ff06f735320> on <factory.builder.BuildStep object at 0x7ff069394050>
factory.generate: DEBUG: LazyFunction: Evaluating <function OfficerFactory.<lambda> at 0x7ff06f7353b0> on <factory.builder.BuildStep object at 0x7ff069394050>
factory.generate: DEBUG: LazyFunction: Evaluating <function OfficerFactory.<lambda> at 0x7ff06f735440> on <factory.builder.BuildStep object at 0x7ff069394050>
factory.generate: DEBUG: LazyFunction: Evaluating <function OfficerFactory.<lambda> at 0x7ff06f7354d0> on <factory.builder.BuildStep object at 0x7ff069394050>
factory.generate: DEBUG: PostGeneration: Calling data.factories.tags(<Officer: Jerome Finnigan>, <factory.builder.BuildStep object at 0x7ff069394050>, value_provided=False, value=None, extra={})
factory.generate: DEBUG: LazyFunction: Evaluating <function PoliceUnitFactory.<lambda> at 0x7ff06f735050> on <factory.builder.BuildStep object at 0x7ff06981cc50>
factory.generate: DEBUG: PostGeneration: Calling data.factories.tags(<PoliceUnit: 003>, <factory.builder.BuildStep object at 0x7ff06981cc50>, value_provided=False, value=None, extra={})
factory.generate: DEBUG: PostGeneration: Calling data.factories.tags(<Officer: Jeffery Aaron>, <factory.builder.BuildStep object at 0x7ff0693737d0>, value_provided=False, value=None, extra={})
factory.generate: DEBUG: LazyFunction: Evaluating <function PoliceUnitFactory.<lambda> at 0x7ff06f735050> on <factory.builder.BuildStep object at 0x7ff069394450>
factory.generate: DEBUG: PostGeneration: Calling data.factories.tags(<PoliceUnit: 001>, <factory.builder.BuildStep object at 0x7ff069394450>, value_provided=False, value=None, extra={})
factory.generate: DEBUG: PostGeneration: Calling data.factories.tags(<Officer: Karina Aaron>, <factory.builder.BuildStep object at 0x7ff0690e9550>, value_provided=False, value=None, extra={})
factory.generate: DEBUG: LazyFunction: Evaluating <function PoliceUnitFactory.<lambda> at 0x7ff06f735050> on <factory.builder.BuildStep object at 0x7ff0690e99d0>
factory.generate: DEBUG: PostGeneration: Calling data.factories.tags(<PoliceUnit: 003>, <factory.builder.BuildStep object at 0x7ff0690e99d0>, value_provided=False, value=None, extra={})
factory.generate: DEBUG: PostGeneration: Calling data.factories.tags(<Officer: Jeffery Aaron>, <factory.builder.BuildStep object at 0x7ff0693755d0>, value_provided=False, value=None, extra={})
--------------------- >> end captured logging << ---------------------

======================================================================
ERROR: test_export_officer_xlsx_investigator (xlsx.tests.management.utils.test_export_officer_xlsx.ExportOfficerXlsxUtilTestCase)
----------------------------------------------------------------------
Traceback (most recent call last):
  File "/usr/src/app/cpdb/xlsx/tests/management/utils/test_export_officer_xlsx/__init__.py", line 463, in test_export_officer_xlsx_investigator
    sheet_names=['Allegation', 'Accused Officer', 'Beat', 'Police Witness', 'Victim']
  File "/usr/src/app/cpdb/xlsx/tests/writer_base_test_case.py", line 34, in assert_csv_files_equal
    f'{self.test_dir}/csv/{expectation_dir}/{sheet_name}.csv'
  File "/root/.cache/pypoetry/virtualenvs/cpdbv2-backend-VA82Wl8V-py3.7/lib/python3.7/site-packages/robber/expect.py", line 44, in method
    return klass(self.obj, other, negative_fact, *args, **kwargs).fail_with(self.message).match()
  File "/root/.cache/pypoetry/virtualenvs/cpdbv2-backend-VA82Wl8V-py3.7/lib/python3.7/site-packages/robber/matchers/base.py", line 29, in match
    raise BadExpectation(message)
robber.bad_expectation.BadExpectation: 
A = False
Expected A to be True

-------------------- >> begin captured logging << --------------------
factory.generate: DEBUG: LazyFunction: Evaluating <function OfficerFactory.<lambda> at 0x7ff06f7350e0> on <factory.builder.BuildStep object at 0x7ff0690e9a10>
factory.generate: DEBUG: LazyFunction: Evaluating <function OfficerFactory.<lambda> at 0x7ff06f735170> on <factory.builder.BuildStep object at 0x7ff0690e9a10>
factory.generate: DEBUG: LazyFunction: Evaluating <function OfficerFactory.<lambda> at 0x7ff06f735200> on <factory.builder.BuildStep object at 0x7ff0690e9a10>
factory.generate: DEBUG: LazyFunction: Evaluating <function OfficerFactory.<lambda> at 0x7ff06f735290> on <factory.builder.BuildStep object at 0x7ff0690e9a10>
factory.generate: DEBUG: LazyFunction: Evaluating <function OfficerFactory.<lambda> at 0x7ff06f735320> on <factory.builder.BuildStep object at 0x7ff0690e9a10>
factory.generate: DEBUG: LazyFunction: Evaluating <function OfficerFactory.<lambda> at 0x7ff06f7353b0> on <factory.builder.BuildStep object at 0x7ff0690e9a10>
factory.generate: DEBUG: LazyFunction: Evaluating <function OfficerFactory.<lambda> at 0x7ff06f735440> on <factory.builder.BuildStep object at 0x7ff0690e9a10>
factory.generate: DEBUG: LazyFunction: Evaluating <function OfficerFactory.<lambda> at 0x7ff06f7354d0> on <factory.builder.BuildStep object at 0x7ff0690e9a10>
factory.generate: DEBUG: PostGeneration: Calling data.factories.tags(<Officer: Ronnie Hill>, <factory.builder.BuildStep object at 0x7ff0690e9a10>, value_provided=False, value=None, extra={})
factory.generate: DEBUG: LazyFunction: Evaluating <function InvestigatorFactory.<lambda> at 0x7ff06f735560> on <factory.builder.BuildStep object at 0x7ff069b12390>
factory.generate: DEBUG: LazyFunction: Evaluating <function InvestigatorFactory.<lambda> at 0x7ff06f7355f0> on <factory.builder.BuildStep object at 0x7ff069b12390>
factory.generate: DEBUG: LazyFunction: Evaluating <function AreaFactory.<lambda> at 0x7ff06f7124d0> on <factory.builder.BuildStep object at 0x7ff069b00110>
factory.generate: DEBUG: PostGeneration: Calling data.factories.tags(<Area: Area object (25)>, <factory.builder.BuildStep object at 0x7ff069b00110>, value_provided=False, value=None, extra={})
factory.generate: DEBUG: PostGeneration: Calling data.factories.areas(<Allegation: CRID 1009678>, <factory.builder.BuildStep object at 0x7ff06945df50>, value_provided=False, value=None, extra={})
factory.generate: DEBUG: LazyFunction: Evaluating <function AreaFactory.<lambda> at 0x7ff06f7124d0> on <factory.builder.BuildStep object at 0x7ff069283810>
factory.generate: DEBUG: PostGeneration: Calling data.factories.tags(<Area: Area object (26)>, <factory.builder.BuildStep object at 0x7ff069283810>, value_provided=False, value=None, extra={})
factory.generate: DEBUG: PostGeneration: Calling data.factories.areas(<Allegation: CRID 1012803>, <factory.builder.BuildStep object at 0x7ff069283c10>, value_provided=False, value=None, extra={})
factory.generate: DEBUG: LazyFunction: Evaluating <function PoliceUnitFactory.<lambda> at 0x7ff06f735050> on <factory.builder.BuildStep object at 0x7ff069432a10>
factory.generate: DEBUG: PostGeneration: Calling data.factories.tags(<PoliceUnit: 003>, <factory.builder.BuildStep object at 0x7ff069432a10>, value_provided=False, value=None, extra={})
factory.generate: DEBUG: PostGeneration: Calling data.factories.tags(<Officer: Jerome Finnigan>, <factory.builder.BuildStep object at 0x7ff06912e510>, value_provided=False, value=None, extra={})
factory.generate: DEBUG: LazyFunction: Evaluating <function PoliceUnitFactory.<lambda> at 0x7ff06f735050> on <factory.builder.BuildStep object at 0x7ff0693941d0>
factory.generate: DEBUG: PostGeneration: Calling data.factories.tags(<PoliceUnit: 003>, <factory.builder.BuildStep object at 0x7ff0693941d0>, value_provided=False, value=None, extra={})
factory.generate: DEBUG: PostGeneration: Calling data.factories.tags(<Officer: Jeffery Aaron>, <factory.builder.BuildStep object at 0x7ff0690ae810>, value_provided=False, value=None, extra={})
factory.generate: DEBUG: LazyFunction: Evaluating <function PoliceUnitFactory.<lambda> at 0x7ff06f735050> on <factory.builder.BuildStep object at 0x7ff06901d450>
factory.generate: DEBUG: PostGeneration: Calling data.factories.tags(<PoliceUnit: 001>, <factory.builder.BuildStep object at 0x7ff06901d450>, value_provided=False, value=None, extra={})
factory.generate: DEBUG: PostGeneration: Calling data.factories.tags(<Officer: Karina Aaron>, <factory.builder.BuildStep object at 0x7ff06940cc90>, value_provided=False, value=None, extra={})
factory.generate: DEBUG: LazyFunction: Evaluating <function PoliceUnitFactory.<lambda> at 0x7ff06f735050> on <factory.builder.BuildStep object at 0x7ff069042b50>
factory.generate: DEBUG: PostGeneration: Calling data.factories.tags(<PoliceUnit: 003>, <factory.builder.BuildStep object at 0x7ff069042b50>, value_provided=False, value=None, extra={})
factory.generate: DEBUG: PostGeneration: Calling data.factories.tags(<Officer: Jeffery Aaron>, <factory.builder.BuildStep object at 0x7ff06912ebd0>, value_provided=False, value=None, extra={})
--------------------- >> end captured logging << ---------------------

======================================================================
ERROR: test_export_xlsx (xlsx.tests.writers.test_accused_xlsx_writer.AccusedXlsxWriterTestCase)
----------------------------------------------------------------------
Traceback (most recent call last):
  File "/usr/src/app/cpdb/xlsx/tests/writers/test_accused_xlsx_writer/__init__.py", line 238, in test_export_xlsx
    ['Allegation', 'Coaccused Officer', 'Beat', 'Police Witness', 'Victim']
  File "/usr/src/app/cpdb/xlsx/tests/writer_base_test_case.py", line 34, in assert_csv_files_equal
    f'{self.test_dir}/csv/{expectation_dir}/{sheet_name}.csv'
  File "/root/.cache/pypoetry/virtualenvs/cpdbv2-backend-VA82Wl8V-py3.7/lib/python3.7/site-packages/robber/expect.py", line 44, in method
    return klass(self.obj, other, negative_fact, *args, **kwargs).fail_with(self.message).match()
  File "/root/.cache/pypoetry/virtualenvs/cpdbv2-backend-VA82Wl8V-py3.7/lib/python3.7/site-packages/robber/matchers/base.py", line 29, in match
    raise BadExpectation(message)
robber.bad_expectation.BadExpectation: 
A = False
Expected A to be True

-------------------- >> begin captured logging << --------------------
factory.generate: DEBUG: LazyFunction: Evaluating <function AreaFactory.<lambda> at 0x7ff06f7124d0> on <factory.builder.BuildStep object at 0x7ff0696e2210>
factory.generate: DEBUG: PostGeneration: Calling data.factories.tags(<Area: Area object (27)>, <factory.builder.BuildStep object at 0x7ff0696e2210>, value_provided=False, value=None, extra={})
factory.generate: DEBUG: PostGeneration: Calling data.factories.areas(<Allegation: CRID 1009678>, <factory.builder.BuildStep object at 0x7ff06942e310>, value_provided=False, value=None, extra={})
factory.generate: DEBUG: LazyFunction: Evaluating <function AreaFactory.<lambda> at 0x7ff06f7124d0> on <factory.builder.BuildStep object at 0x7ff0696e1450>
factory.generate: DEBUG: PostGeneration: Calling data.factories.tags(<Area: Area object (28)>, <factory.builder.BuildStep object at 0x7ff0696e1450>, value_provided=False, value=None, extra={})
factory.generate: DEBUG: PostGeneration: Calling data.factories.areas(<Allegation: CRID 1012803>, <factory.builder.BuildStep object at 0x7ff069b51250>, value_provided=False, value=None, extra={})
factory.generate: DEBUG: LazyFunction: Evaluating <function OfficerFactory.<lambda> at 0x7ff06f735200> on <factory.builder.BuildStep object at 0x7ff0697f9b50>
factory.generate: DEBUG: LazyFunction: Evaluating <function OfficerFactory.<lambda> at 0x7ff06f735290> on <factory.builder.BuildStep object at 0x7ff0697f9b50>
factory.generate: DEBUG: LazyFunction: Evaluating <function OfficerFactory.<lambda> at 0x7ff06f735320> on <factory.builder.BuildStep object at 0x7ff0697f9b50>
factory.generate: DEBUG: LazyFunction: Evaluating <function OfficerFactory.<lambda> at 0x7ff06f7353b0> on <factory.builder.BuildStep object at 0x7ff0697f9b50>
factory.generate: DEBUG: LazyFunction: Evaluating <function OfficerFactory.<lambda> at 0x7ff06f735440> on <factory.builder.BuildStep object at 0x7ff0697f9b50>
factory.generate: DEBUG: LazyFunction: Evaluating <function OfficerFactory.<lambda> at 0x7ff06f7354d0> on <factory.builder.BuildStep object at 0x7ff0697f9b50>
factory.generate: DEBUG: PostGeneration: Calling data.factories.tags(<Officer: Jerome Finnigan>, <factory.builder.BuildStep object at 0x7ff0697f9b50>, value_provided=False, value=None, extra={})
factory.generate: DEBUG: LazyFunction: Evaluating <function PoliceUnitFactory.<lambda> at 0x7ff06f735050> on <factory.builder.BuildStep object at 0x7ff06945d250>
factory.generate: DEBUG: PostGeneration: Calling data.factories.tags(<PoliceUnit: 003>, <factory.builder.BuildStep object at 0x7ff06945d250>, value_provided=False, value=None, extra={})
factory.generate: DEBUG: PostGeneration: Calling data.factories.tags(<Officer: Jeffery Aaron>, <factory.builder.BuildStep object at 0x7ff069b518d0>, value_provided=False, value=None, extra={})
factory.generate: DEBUG: LazyFunction: Evaluating <function PoliceUnitFactory.<lambda> at 0x7ff06f735050> on <factory.builder.BuildStep object at 0x7ff0696e1590>
factory.generate: DEBUG: PostGeneration: Calling data.factories.tags(<PoliceUnit: 001>, <factory.builder.BuildStep object at 0x7ff0696e1590>, value_provided=False, value=None, extra={})
factory.generate: DEBUG: PostGeneration: Calling data.factories.tags(<Officer: Karina Aaron>, <factory.builder.BuildStep object at 0x7ff069b57b90>, value_provided=False, value=None, extra={})
factory.generate: DEBUG: LazyFunction: Evaluating <function PoliceUnitFactory.<lambda> at 0x7ff06f735050> on <factory.builder.BuildStep object at 0x7ff0696f3f10>
factory.generate: DEBUG: PostGeneration: Calling data.factories.tags(<PoliceUnit: 003>, <factory.builder.BuildStep object at 0x7ff0696f3f10>, value_provided=False, value=None, extra={})
factory.generate: DEBUG: PostGeneration: Calling data.factories.tags(<Officer: Jeffery Aaron>, <factory.builder.BuildStep object at 0x7ff0696d49d0>, value_provided=False, value=None, extra={})
--------------------- >> end captured logging << ---------------------

======================================================================
ERROR: test_export_xlsx (xlsx.tests.writers.test_investigator_xlsx_writer.InvestigatorXlsxWriterTestCase)
----------------------------------------------------------------------
Traceback (most recent call last):
  File "/usr/src/app/cpdb/xlsx/tests/writers/test_investigator_xlsx_writer/__init__.py", line 269, in test_export_xlsx
    sheet_names=['Allegation', 'Accused Officer', 'Beat', 'Police Witness', 'Victim']
  File "/usr/src/app/cpdb/xlsx/tests/writer_base_test_case.py", line 34, in assert_csv_files_equal
    f'{self.test_dir}/csv/{expectation_dir}/{sheet_name}.csv'
  File "/root/.cache/pypoetry/virtualenvs/cpdbv2-backend-VA82Wl8V-py3.7/lib/python3.7/site-packages/robber/expect.py", line 44, in method
    return klass(self.obj, other, negative_fact, *args, **kwargs).fail_with(self.message).match()
  File "/root/.cache/pypoetry/virtualenvs/cpdbv2-backend-VA82Wl8V-py3.7/lib/python3.7/site-packages/robber/matchers/base.py", line 29, in match
    raise BadExpectation(message)
robber.bad_expectation.BadExpectation: 
A = False
Expected A to be True

-------------------- >> begin captured logging << --------------------
factory.generate: DEBUG: LazyFunction: Evaluating <function OfficerFactory.<lambda> at 0x7ff06f7350e0> on <factory.builder.BuildStep object at 0x7ff069375810>
factory.generate: DEBUG: LazyFunction: Evaluating <function OfficerFactory.<lambda> at 0x7ff06f735170> on <factory.builder.BuildStep object at 0x7ff069375810>
factory.generate: DEBUG: LazyFunction: Evaluating <function OfficerFactory.<lambda> at 0x7ff06f735200> on <factory.builder.BuildStep object at 0x7ff069375810>
factory.generate: DEBUG: LazyFunction: Evaluating <function OfficerFactory.<lambda> at 0x7ff06f735290> on <factory.builder.BuildStep object at 0x7ff069375810>
factory.generate: DEBUG: LazyFunction: Evaluating <function OfficerFactory.<lambda> at 0x7ff06f735320> on <factory.builder.BuildStep object at 0x7ff069375810>
factory.generate: DEBUG: LazyFunction: Evaluating <function OfficerFactory.<lambda> at 0x7ff06f7353b0> on <factory.builder.BuildStep object at 0x7ff069375810>
factory.generate: DEBUG: LazyFunction: Evaluating <function OfficerFactory.<lambda> at 0x7ff06f735440> on <factory.builder.BuildStep object at 0x7ff069375810>
factory.generate: DEBUG: LazyFunction: Evaluating <function OfficerFactory.<lambda> at 0x7ff06f7354d0> on <factory.builder.BuildStep object at 0x7ff069375810>
factory.generate: DEBUG: PostGeneration: Calling data.factories.tags(<Officer: Daniel Cruz>, <factory.builder.BuildStep object at 0x7ff069375810>, value_provided=False, value=None, extra={})
factory.generate: DEBUG: LazyFunction: Evaluating <function InvestigatorFactory.<lambda> at 0x7ff06f735560> on <factory.builder.BuildStep object at 0x7ff0693f8cd0>
factory.generate: DEBUG: LazyFunction: Evaluating <function InvestigatorFactory.<lambda> at 0x7ff06f7355f0> on <factory.builder.BuildStep object at 0x7ff0693f8cd0>
factory.generate: DEBUG: LazyFunction: Evaluating <function AreaFactory.<lambda> at 0x7ff06f7124d0> on <factory.builder.BuildStep object at 0x7ff068ff8c50>
factory.generate: DEBUG: PostGeneration: Calling data.factories.tags(<Area: Area object (29)>, <factory.builder.BuildStep object at 0x7ff068ff8c50>, value_provided=False, value=None, extra={})
factory.generate: DEBUG: PostGeneration: Calling data.factories.areas(<Allegation: CRID 1009678>, <factory.builder.BuildStep object at 0x7ff069b12550>, value_provided=False, value=None, extra={})
factory.generate: DEBUG: LazyFunction: Evaluating <function AreaFactory.<lambda> at 0x7ff06f7124d0> on <factory.builder.BuildStep object at 0x7ff069825190>
factory.generate: DEBUG: PostGeneration: Calling data.factories.tags(<Area: Area object (30)>, <factory.builder.BuildStep object at 0x7ff069825190>, value_provided=False, value=None, extra={})
factory.generate: DEBUG: PostGeneration: Calling data.factories.areas(<Allegation: CRID 1012803>, <factory.builder.BuildStep object at 0x7ff06964bc50>, value_provided=False, value=None, extra={})
factory.generate: DEBUG: LazyFunction: Evaluating <function PoliceUnitFactory.<lambda> at 0x7ff06f735050> on <factory.builder.BuildStep object at 0x7ff068ff8050>
factory.generate: DEBUG: PostGeneration: Calling data.factories.tags(<PoliceUnit: 003>, <factory.builder.BuildStep object at 0x7ff068ff8050>, value_provided=False, value=None, extra={})
factory.generate: DEBUG: PostGeneration: Calling data.factories.tags(<Officer: Jerome Finnigan>, <factory.builder.BuildStep object at 0x7ff068ff8e90>, value_provided=False, value=None, extra={})
factory.generate: DEBUG: LazyFunction: Evaluating <function PoliceUnitFactory.<lambda> at 0x7ff06f735050> on <factory.builder.BuildStep object at 0x7ff069c4f050>
factory.generate: DEBUG: PostGeneration: Calling data.factories.tags(<PoliceUnit: 003>, <factory.builder.BuildStep object at 0x7ff069c4f050>, value_provided=False, value=None, extra={})
factory.generate: DEBUG: PostGeneration: Calling data.factories.tags(<Officer: Jeffery Aaron>, <factory.builder.BuildStep object at 0x7ff068ff87d0>, value_provided=False, value=None, extra={})
factory.generate: DEBUG: LazyFunction: Evaluating <function PoliceUnitFactory.<lambda> at 0x7ff06f735050> on <factory.builder.BuildStep object at 0x7ff06942ef90>
factory.generate: DEBUG: PostGeneration: Calling data.factories.tags(<PoliceUnit: 001>, <factory.builder.BuildStep object at 0x7ff06942ef90>, value_provided=False, value=None, extra={})
factory.generate: DEBUG: PostGeneration: Calling data.factories.tags(<Officer: Karina Aaron>, <factory.builder.BuildStep object at 0x7ff069070850>, value_provided=False, value=None, extra={})
factory.generate: DEBUG: LazyFunction: Evaluating <function PoliceUnitFactory.<lambda> at 0x7ff06f735050> on <factory.builder.BuildStep object at 0x7ff069124190>
factory.generate: DEBUG: PostGeneration: Calling data.factories.tags(<PoliceUnit: 003>, <factory.builder.BuildStep object at 0x7ff069124190>, value_provided=False, value=None, extra={})
factory.generate: DEBUG: PostGeneration: Calling data.factories.tags(<Officer: Jeffery Aaron>, <factory.builder.BuildStep object at 0x7ff06942e590>, value_provided=False, value=None, extra={})
--------------------- >> end captured logging << ---------------------

======================================================================
ERROR: test_get_top_officers (officers.tests.test_doc_types.OfficerInfoDocTypeTestCase)
----------------------------------------------------------------------
Traceback (most recent call last):
  File "/usr/src/app/cpdb/officers/tests/mixins.py", line 10, in setUp
    officers_index_alias.write_index.delete(ignore=404)
  File "/root/.cache/pypoetry/virtualenvs/cpdbv2-backend-VA82Wl8V-py3.7/lib/python3.7/site-packages/elasticsearch_dsl/index.py", line 222, in delete
    self.connection.indices.delete(index=self._name, **kwargs)
  File "/root/.cache/pypoetry/virtualenvs/cpdbv2-backend-VA82Wl8V-py3.7/lib/python3.7/site-packages/elasticsearch/client/utils.py", line 73, in _wrapped
    return func(*args, params=params, **kwargs)
  File "/root/.cache/pypoetry/virtualenvs/cpdbv2-backend-VA82Wl8V-py3.7/lib/python3.7/site-packages/elasticsearch/client/indices.py", line 200, in delete
    params=params)
  File "/root/.cache/pypoetry/virtualenvs/cpdbv2-backend-VA82Wl8V-py3.7/lib/python3.7/site-packages/elasticsearch/transport.py", line 312, in perform_request
    status, headers, data = connection.perform_request(method, url, params, body, ignore=ignore, timeout=timeout)
  File "/root/.cache/pypoetry/virtualenvs/cpdbv2-backend-VA82Wl8V-py3.7/lib/python3.7/site-packages/elasticsearch/connection/http_urllib3.py", line 124, in perform_request
    raise ConnectionError('N/A', str(e), e)
elasticsearch.exceptions.ConnectionError: ConnectionError(<urllib3.connection.HTTPConnection object at 0x7ff068887e10>: Failed to establish a new connection: [Errno -2] Name or service not known) caused by: NewConnectionError(<urllib3.connection.HTTPConnection object at 0x7ff068887e10>: Failed to establish a new connection: [Errno -2] Name or service not known)
-------------------- >> begin captured logging << --------------------
urllib3.util.retry: DEBUG: Converted retries value: False -> Retry(total=False, connect=None, read=None, redirect=0, status=None)
urllib3.connectionpool: DEBUG: Starting new HTTP connection (757): elasticsearch:9200
elasticsearch: WARNING: DELETE http://elasticsearch:9200/test_officers_c97d3965-996f-4fbb-b4a7-1038423423bd [status:N/A request:0.009s]
Traceback (most recent call last):
  File "/root/.cache/pypoetry/virtualenvs/cpdbv2-backend-VA82Wl8V-py3.7/lib/python3.7/site-packages/urllib3/connection.py", line 160, in _new_conn
    (self._dns_host, self.port), self.timeout, **extra_kw
  File "/root/.cache/pypoetry/virtualenvs/cpdbv2-backend-VA82Wl8V-py3.7/lib/python3.7/site-packages/urllib3/util/connection.py", line 61, in create_connection
    for res in socket.getaddrinfo(host, port, family, socket.SOCK_STREAM):
  File "/usr/local/lib/python3.7/socket.py", line 752, in getaddrinfo
    for res in _socket.getaddrinfo(host, port, family, type, proto, flags):
socket.gaierror: [Errno -2] Name or service not known

During handling of the above exception, another exception occurred:

Traceback (most recent call last):
  File "/root/.cache/pypoetry/virtualenvs/cpdbv2-backend-VA82Wl8V-py3.7/lib/python3.7/site-packages/elasticsearch/connection/http_urllib3.py", line 115, in perform_request
    response = self.pool.urlopen(method, url, body, retries=False, headers=self.headers, **kw)
  File "/root/.cache/pypoetry/virtualenvs/cpdbv2-backend-VA82Wl8V-py3.7/lib/python3.7/site-packages/urllib3/connectionpool.py", line 727, in urlopen
    method, url, error=e, _pool=self, _stacktrace=sys.exc_info()[2]
  File "/root/.cache/pypoetry/virtualenvs/cpdbv2-backend-VA82Wl8V-py3.7/lib/python3.7/site-packages/urllib3/util/retry.py", line 386, in increment
    raise six.reraise(type(error), error, _stacktrace)
  File "/root/.cache/pypoetry/virtualenvs/cpdbv2-backend-VA82Wl8V-py3.7/lib/python3.7/site-packages/urllib3/packages/six.py", line 735, in reraise
    raise value
  File "/root/.cache/pypoetry/virtualenvs/cpdbv2-backend-VA82Wl8V-py3.7/lib/python3.7/site-packages/urllib3/connectionpool.py", line 677, in urlopen
    chunked=chunked,
  File "/root/.cache/pypoetry/virtualenvs/cpdbv2-backend-VA82Wl8V-py3.7/lib/python3.7/site-packages/urllib3/connectionpool.py", line 392, in _make_request
    conn.request(method, url, **httplib_request_kw)
  File "/usr/local/lib/python3.7/http/client.py", line 1281, in request
    self._send_request(method, url, body, headers, encode_chunked)
  File "/usr/local/lib/python3.7/http/client.py", line 1327, in _send_request
    self.endheaders(body, encode_chunked=encode_chunked)
  File "/usr/local/lib/python3.7/http/client.py", line 1276, in endheaders
    self._send_output(message_body, encode_chunked=encode_chunked)
  File "/usr/local/lib/python3.7/http/client.py", line 1036, in _send_output
    self.send(msg)
  File "/usr/local/lib/python3.7/http/client.py", line 976, in send
    self.connect()
  File "/root/.cache/pypoetry/virtualenvs/cpdbv2-backend-VA82Wl8V-py3.7/lib/python3.7/site-packages/urllib3/connection.py", line 187, in connect
    conn = self._new_conn()
  File "/root/.cache/pypoetry/virtualenvs/cpdbv2-backend-VA82Wl8V-py3.7/lib/python3.7/site-packages/urllib3/connection.py", line 172, in _new_conn
    self, "Failed to establish a new connection: %s" % e
urllib3.exceptions.NewConnectionError: <urllib3.connection.HTTPConnection object at 0x7ff06888a890>: Failed to establish a new connection: [Errno -2] Name or service not known
elasticsearch: DEBUG: > None
urllib3.util.retry: DEBUG: Converted retries value: False -> Retry(total=False, connect=None, read=None, redirect=0, status=None)
urllib3.connectionpool: DEBUG: Starting new HTTP connection (758): elasticsearch:9200
elasticsearch: WARNING: DELETE http://elasticsearch:9200/test_officers_c97d3965-996f-4fbb-b4a7-1038423423bd [status:N/A request:0.005s]
Traceback (most recent call last):
  File "/root/.cache/pypoetry/virtualenvs/cpdbv2-backend-VA82Wl8V-py3.7/lib/python3.7/site-packages/urllib3/connection.py", line 160, in _new_conn
    (self._dns_host, self.port), self.timeout, **extra_kw
  File "/root/.cache/pypoetry/virtualenvs/cpdbv2-backend-VA82Wl8V-py3.7/lib/python3.7/site-packages/urllib3/util/connection.py", line 61, in create_connection
    for res in socket.getaddrinfo(host, port, family, socket.SOCK_STREAM):
  File "/usr/local/lib/python3.7/socket.py", line 752, in getaddrinfo
    for res in _socket.getaddrinfo(host, port, family, type, proto, flags):
socket.gaierror: [Errno -2] Name or service not known

During handling of the above exception, another exception occurred:

Traceback (most recent call last):
  File "/root/.cache/pypoetry/virtualenvs/cpdbv2-backend-VA82Wl8V-py3.7/lib/python3.7/site-packages/elasticsearch/connection/http_urllib3.py", line 115, in perform_request
    response = self.pool.urlopen(method, url, body, retries=False, headers=self.headers, **kw)
  File "/root/.cache/pypoetry/virtualenvs/cpdbv2-backend-VA82Wl8V-py3.7/lib/python3.7/site-packages/urllib3/connectionpool.py", line 727, in urlopen
    method, url, error=e, _pool=self, _stacktrace=sys.exc_info()[2]
  File "/root/.cache/pypoetry/virtualenvs/cpdbv2-backend-VA82Wl8V-py3.7/lib/python3.7/site-packages/urllib3/util/retry.py", line 386, in increment
    raise six.reraise(type(error), error, _stacktrace)
  File "/root/.cache/pypoetry/virtualenvs/cpdbv2-backend-VA82Wl8V-py3.7/lib/python3.7/site-packages/urllib3/packages/six.py", line 735, in reraise
    raise value
  File "/root/.cache/pypoetry/virtualenvs/cpdbv2-backend-VA82Wl8V-py3.7/lib/python3.7/site-packages/urllib3/connectionpool.py", line 677, in urlopen
    chunked=chunked,
  File "/root/.cache/pypoetry/virtualenvs/cpdbv2-backend-VA82Wl8V-py3.7/lib/python3.7/site-packages/urllib3/connectionpool.py", line 392, in _make_request
    conn.request(method, url, **httplib_request_kw)
  File "/usr/local/lib/python3.7/http/client.py", line 1281, in request
    self._send_request(method, url, body, headers, encode_chunked)
  File "/usr/local/lib/python3.7/http/client.py", line 1327, in _send_request
    self.endheaders(body, encode_chunked=encode_chunked)
  File "/usr/local/lib/python3.7/http/client.py", line 1276, in endheaders
    self._send_output(message_body, encode_chunked=encode_chunked)
  File "/usr/local/lib/python3.7/http/client.py", line 1036, in _send_output
    self.send(msg)
  File "/usr/local/lib/python3.7/http/client.py", line 976, in send
    self.connect()
  File "/root/.cache/pypoetry/virtualenvs/cpdbv2-backend-VA82Wl8V-py3.7/lib/python3.7/site-packages/urllib3/connection.py", line 187, in connect
    conn = self._new_conn()
  File "/root/.cache/pypoetry/virtualenvs/cpdbv2-backend-VA82Wl8V-py3.7/lib/python3.7/site-packages/urllib3/connection.py", line 172, in _new_conn
    self, "Failed to establish a new connection: %s" % e
urllib3.exceptions.NewConnectionError: <urllib3.connection.HTTPConnection object at 0x7ff06888a950>: Failed to establish a new connection: [Errno -2] Name or service not known
elasticsearch: DEBUG: > None
urllib3.util.retry: DEBUG: Converted retries value: False -> Retry(total=False, connect=None, read=None, redirect=0, status=None)
urllib3.connectionpool: DEBUG: Starting new HTTP connection (759): elasticsearch:9200
elasticsearch: WARNING: DELETE http://elasticsearch:9200/test_officers_c97d3965-996f-4fbb-b4a7-1038423423bd [status:N/A request:0.004s]
Traceback (most recent call last):
  File "/root/.cache/pypoetry/virtualenvs/cpdbv2-backend-VA82Wl8V-py3.7/lib/python3.7/site-packages/urllib3/connection.py", line 160, in _new_conn
    (self._dns_host, self.port), self.timeout, **extra_kw
  File "/root/.cache/pypoetry/virtualenvs/cpdbv2-backend-VA82Wl8V-py3.7/lib/python3.7/site-packages/urllib3/util/connection.py", line 61, in create_connection
    for res in socket.getaddrinfo(host, port, family, socket.SOCK_STREAM):
  File "/usr/local/lib/python3.7/socket.py", line 752, in getaddrinfo
    for res in _socket.getaddrinfo(host, port, family, type, proto, flags):
socket.gaierror: [Errno -2] Name or service not known

During handling of the above exception, another exception occurred:

Traceback (most recent call last):
  File "/root/.cache/pypoetry/virtualenvs/cpdbv2-backend-VA82Wl8V-py3.7/lib/python3.7/site-packages/elasticsearch/connection/http_urllib3.py", line 115, in perform_request
    response = self.pool.urlopen(method, url, body, retries=False, headers=self.headers, **kw)
  File "/root/.cache/pypoetry/virtualenvs/cpdbv2-backend-VA82Wl8V-py3.7/lib/python3.7/site-packages/urllib3/connectionpool.py", line 727, in urlopen
    method, url, error=e, _pool=self, _stacktrace=sys.exc_info()[2]
  File "/root/.cache/pypoetry/virtualenvs/cpdbv2-backend-VA82Wl8V-py3.7/lib/python3.7/site-packages/urllib3/util/retry.py", line 386, in increment
    raise six.reraise(type(error), error, _stacktrace)
  File "/root/.cache/pypoetry/virtualenvs/cpdbv2-backend-VA82Wl8V-py3.7/lib/python3.7/site-packages/urllib3/packages/six.py", line 735, in reraise
    raise value
  File "/root/.cache/pypoetry/virtualenvs/cpdbv2-backend-VA82Wl8V-py3.7/lib/python3.7/site-packages/urllib3/connectionpool.py", line 677, in urlopen
    chunked=chunked,
  File "/root/.cache/pypoetry/virtualenvs/cpdbv2-backend-VA82Wl8V-py3.7/lib/python3.7/site-packages/urllib3/connectionpool.py", line 392, in _make_request
    conn.request(method, url, **httplib_request_kw)
  File "/usr/local/lib/python3.7/http/client.py", line 1281, in request
    self._send_request(method, url, body, headers, encode_chunked)
  File "/usr/local/lib/python3.7/http/client.py", line 1327, in _send_request
    self.endheaders(body, encode_chunked=encode_chunked)
  File "/usr/local/lib/python3.7/http/client.py", line 1276, in endheaders
    self._send_output(message_body, encode_chunked=encode_chunked)
  File "/usr/local/lib/python3.7/http/client.py", line 1036, in _send_output
    self.send(msg)
  File "/usr/local/lib/python3.7/http/client.py", line 976, in send
    self.connect()
  File "/root/.cache/pypoetry/virtualenvs/cpdbv2-backend-VA82Wl8V-py3.7/lib/python3.7/site-packages/urllib3/connection.py", line 187, in connect
    conn = self._new_conn()
  File "/root/.cache/pypoetry/virtualenvs/cpdbv2-backend-VA82Wl8V-py3.7/lib/python3.7/site-packages/urllib3/connection.py", line 172, in _new_conn
    self, "Failed to establish a new connection: %s" % e
urllib3.exceptions.NewConnectionError: <urllib3.connection.HTTPConnection object at 0x7ff06888ab90>: Failed to establish a new connection: [Errno -2] Name or service not known
elasticsearch: DEBUG: > None
urllib3.util.retry: DEBUG: Converted retries value: False -> Retry(total=False, connect=None, read=None, redirect=0, status=None)
urllib3.connectionpool: DEBUG: Starting new HTTP connection (760): elasticsearch:9200
elasticsearch: WARNING: DELETE http://elasticsearch:9200/test_officers_c97d3965-996f-4fbb-b4a7-1038423423bd [status:N/A request:0.005s]
Traceback (most recent call last):
  File "/root/.cache/pypoetry/virtualenvs/cpdbv2-backend-VA82Wl8V-py3.7/lib/python3.7/site-packages/urllib3/connection.py", line 160, in _new_conn
    (self._dns_host, self.port), self.timeout, **extra_kw
  File "/root/.cache/pypoetry/virtualenvs/cpdbv2-backend-VA82Wl8V-py3.7/lib/python3.7/site-packages/urllib3/util/connection.py", line 61, in create_connection
    for res in socket.getaddrinfo(host, port, family, socket.SOCK_STREAM):
  File "/usr/local/lib/python3.7/socket.py", line 752, in getaddrinfo
    for res in _socket.getaddrinfo(host, port, family, type, proto, flags):
socket.gaierror: [Errno -2] Name or service not known

During handling of the above exception, another exception occurred:

Traceback (most recent call last):
  File "/root/.cache/pypoetry/virtualenvs/cpdbv2-backend-VA82Wl8V-py3.7/lib/python3.7/site-packages/elasticsearch/connection/http_urllib3.py", line 115, in perform_request
    response = self.pool.urlopen(method, url, body, retries=False, headers=self.headers, **kw)
  File "/root/.cache/pypoetry/virtualenvs/cpdbv2-backend-VA82Wl8V-py3.7/lib/python3.7/site-packages/urllib3/connectionpool.py", line 727, in urlopen
    method, url, error=e, _pool=self, _stacktrace=sys.exc_info()[2]
  File "/root/.cache/pypoetry/virtualenvs/cpdbv2-backend-VA82Wl8V-py3.7/lib/python3.7/site-packages/urllib3/util/retry.py", line 386, in increment
    raise six.reraise(type(error), error, _stacktrace)
  File "/root/.cache/pypoetry/virtualenvs/cpdbv2-backend-VA82Wl8V-py3.7/lib/python3.7/site-packages/urllib3/packages/six.py", line 735, in reraise
    raise value
  File "/root/.cache/pypoetry/virtualenvs/cpdbv2-backend-VA82Wl8V-py3.7/lib/python3.7/site-packages/urllib3/connectionpool.py", line 677, in urlopen
    chunked=chunked,
  File "/root/.cache/pypoetry/virtualenvs/cpdbv2-backend-VA82Wl8V-py3.7/lib/python3.7/site-packages/urllib3/connectionpool.py", line 392, in _make_request
    conn.request(method, url, **httplib_request_kw)
  File "/usr/local/lib/python3.7/http/client.py", line 1281, in request
    self._send_request(method, url, body, headers, encode_chunked)
  File "/usr/local/lib/python3.7/http/client.py", line 1327, in _send_request
    self.endheaders(body, encode_chunked=encode_chunked)
  File "/usr/local/lib/python3.7/http/client.py", line 1276, in endheaders
    self._send_output(message_body, encode_chunked=encode_chunked)
  File "/usr/local/lib/python3.7/http/client.py", line 1036, in _send_output
    self.send(msg)
  File "/usr/local/lib/python3.7/http/client.py", line 976, in send
    self.connect()
  File "/root/.cache/pypoetry/virtualenvs/cpdbv2-backend-VA82Wl8V-py3.7/lib/python3.7/site-packages/urllib3/connection.py", line 187, in connect
    conn = self._new_conn()
  File "/root/.cache/pypoetry/virtualenvs/cpdbv2-backend-VA82Wl8V-py3.7/lib/python3.7/site-packages/urllib3/connection.py", line 172, in _new_conn
    self, "Failed to establish a new connection: %s" % e
urllib3.exceptions.NewConnectionError: <urllib3.connection.HTTPConnection object at 0x7ff068887e10>: Failed to establish a new connection: [Errno -2] Name or service not known
elasticsearch: DEBUG: > None
--------------------- >> end captured logging << ---------------------

======================================================================
ERROR: test_find_dates_from_string_incomplete_dates (search.tests.test_date_util.DateUtilTestCase)
----------------------------------------------------------------------
Traceback (most recent call last):
  File "/usr/src/app/cpdb/search/tests/test_date_util.py", line 97, in test_find_dates_from_string_incomplete_dates
    expect(find_dates_from_string(incomplete_date_string)).to.eq([])
  File "/usr/src/app/cpdb/search/date_util.py", line 43, in find_dates_from_string
    date, remaining = _search_first_date(string)
  File "/usr/src/app/cpdb/search/date_util.py", line 29, in _search_first_date
    candidates = search_dates(string, languages=['en'], settings={'STRICT_PARSING': True})
  File "/root/.cache/pypoetry/virtualenvs/cpdbv2-backend-VA82Wl8V-py3.7/lib/python3.7/site-packages/dateparser/search/__init__.py", line 50, in search_dates
    text=text, languages=languages, settings=settings
  File "/root/.cache/pypoetry/virtualenvs/cpdbv2-backend-VA82Wl8V-py3.7/lib/python3.7/site-packages/dateparser/conf.py", line 85, in wrapper
    return f(*args, **kwargs)
  File "/root/.cache/pypoetry/virtualenvs/cpdbv2-backend-VA82Wl8V-py3.7/lib/python3.7/site-packages/dateparser/search/search.py", line 230, in search_dates
    settings=settings)}
  File "/root/.cache/pypoetry/virtualenvs/cpdbv2-backend-VA82Wl8V-py3.7/lib/python3.7/site-packages/dateparser/search/search.py", line 162, in search_parse
    original=original, translated=translated, settings=settings)
  File "/root/.cache/pypoetry/virtualenvs/cpdbv2-backend-VA82Wl8V-py3.7/lib/python3.7/site-packages/dateparser/search/search.py", line 125, in parse_found_objects
    parsed_item = self.parse_item(parser, item, translated[i], parsed, need_relative_base)
  File "/root/.cache/pypoetry/virtualenvs/cpdbv2-backend-VA82Wl8V-py3.7/lib/python3.7/site-packages/dateparser/search/search.py", line 102, in parse_item
    pre_parsed_item = parser.get_date_data(item)
  File "/root/.cache/pypoetry/virtualenvs/cpdbv2-backend-VA82Wl8V-py3.7/lib/python3.7/site-packages/dateparser/date.py", line 418, in get_date_data
    locale, date_string, date_formats, settings=self._settings)
  File "/root/.cache/pypoetry/virtualenvs/cpdbv2-backend-VA82Wl8V-py3.7/lib/python3.7/site-packages/dateparser/date.py", line 194, in parse
    return instance._parse()
  File "/root/.cache/pypoetry/virtualenvs/cpdbv2-backend-VA82Wl8V-py3.7/lib/python3.7/site-packages/dateparser/date.py", line 198, in _parse
    date_obj = self._parsers[parser_name]()
  File "/root/.cache/pypoetry/virtualenvs/cpdbv2-backend-VA82Wl8V-py3.7/lib/python3.7/site-packages/dateparser/date.py", line 212, in _try_freshness_parser
    return freshness_date_parser.get_date_data(self._get_translated_date(), self._settings)
  File "/root/.cache/pypoetry/virtualenvs/cpdbv2-backend-VA82Wl8V-py3.7/lib/python3.7/site-packages/dateparser/date.py", line 262, in _get_translated_date
    self.date_string, keep_formatting=False, settings=self._settings)
  File "/root/.cache/pypoetry/virtualenvs/cpdbv2-backend-VA82Wl8V-py3.7/lib/python3.7/site-packages/dateparser/languages/locale.py", line 135, in translate
    relative_translations = self._get_relative_translations(settings=settings)
  File "/root/.cache/pypoetry/virtualenvs/cpdbv2-backend-VA82Wl8V-py3.7/lib/python3.7/site-packages/dateparser/languages/locale.py", line 164, in _get_relative_translations
    self._generate_relative_translations(normalize=True))
  File "/root/.cache/pypoetry/virtualenvs/cpdbv2-backend-VA82Wl8V-py3.7/lib/python3.7/site-packages/dateparser/languages/locale.py", line 178, in _generate_relative_translations
    pattern = DIGIT_GROUP_PATTERN.sub(r'?P<n>\d+', pattern)
  File "/root/.cache/pypoetry/virtualenvs/cpdbv2-backend-VA82Wl8V-py3.7/lib/python3.7/site-packages/regex/regex.py", line 710, in _compile_replacement_helper
    is_group, items = _compile_replacement(source, pattern, is_unicode)
  File "/root/.cache/pypoetry/virtualenvs/cpdbv2-backend-VA82Wl8V-py3.7/lib/python3.7/site-packages/regex/_regex_core.py", line 1737, in _compile_replacement
    raise error("bad escape \\%s" % ch, source.string, source.pos)
regex._regex_core.error: bad escape \d at position 7

======================================================================
ERROR: test_find_dates_from_string_invalid_dates (search.tests.test_date_util.DateUtilTestCase)
----------------------------------------------------------------------
Traceback (most recent call last):
  File "/usr/src/app/cpdb/search/tests/test_date_util.py", line 84, in test_find_dates_from_string_invalid_dates
    expect(find_dates_from_string(invalid_date_string)).to.eq([])
  File "/usr/src/app/cpdb/search/date_util.py", line 43, in find_dates_from_string
    date, remaining = _search_first_date(string)
  File "/usr/src/app/cpdb/search/date_util.py", line 29, in _search_first_date
    candidates = search_dates(string, languages=['en'], settings={'STRICT_PARSING': True})
  File "/root/.cache/pypoetry/virtualenvs/cpdbv2-backend-VA82Wl8V-py3.7/lib/python3.7/site-packages/dateparser/search/__init__.py", line 50, in search_dates
    text=text, languages=languages, settings=settings
  File "/root/.cache/pypoetry/virtualenvs/cpdbv2-backend-VA82Wl8V-py3.7/lib/python3.7/site-packages/dateparser/conf.py", line 85, in wrapper
    return f(*args, **kwargs)
  File "/root/.cache/pypoetry/virtualenvs/cpdbv2-backend-VA82Wl8V-py3.7/lib/python3.7/site-packages/dateparser/search/search.py", line 230, in search_dates
    settings=settings)}
  File "/root/.cache/pypoetry/virtualenvs/cpdbv2-backend-VA82Wl8V-py3.7/lib/python3.7/site-packages/dateparser/search/search.py", line 162, in search_parse
    original=original, translated=translated, settings=settings)
  File "/root/.cache/pypoetry/virtualenvs/cpdbv2-backend-VA82Wl8V-py3.7/lib/python3.7/site-packages/dateparser/search/search.py", line 125, in parse_found_objects
    parsed_item = self.parse_item(parser, item, translated[i], parsed, need_relative_base)
  File "/root/.cache/pypoetry/virtualenvs/cpdbv2-backend-VA82Wl8V-py3.7/lib/python3.7/site-packages/dateparser/search/search.py", line 102, in parse_item
    pre_parsed_item = parser.get_date_data(item)
  File "/root/.cache/pypoetry/virtualenvs/cpdbv2-backend-VA82Wl8V-py3.7/lib/python3.7/site-packages/dateparser/date.py", line 418, in get_date_data
    locale, date_string, date_formats, settings=self._settings)
  File "/root/.cache/pypoetry/virtualenvs/cpdbv2-backend-VA82Wl8V-py3.7/lib/python3.7/site-packages/dateparser/date.py", line 194, in parse
    return instance._parse()
  File "/root/.cache/pypoetry/virtualenvs/cpdbv2-backend-VA82Wl8V-py3.7/lib/python3.7/site-packages/dateparser/date.py", line 198, in _parse
    date_obj = self._parsers[parser_name]()
  File "/root/.cache/pypoetry/virtualenvs/cpdbv2-backend-VA82Wl8V-py3.7/lib/python3.7/site-packages/dateparser/date.py", line 212, in _try_freshness_parser
    return freshness_date_parser.get_date_data(self._get_translated_date(), self._settings)
  File "/root/.cache/pypoetry/virtualenvs/cpdbv2-backend-VA82Wl8V-py3.7/lib/python3.7/site-packages/dateparser/date.py", line 262, in _get_translated_date
    self.date_string, keep_formatting=False, settings=self._settings)
  File "/root/.cache/pypoetry/virtualenvs/cpdbv2-backend-VA82Wl8V-py3.7/lib/python3.7/site-packages/dateparser/languages/locale.py", line 135, in translate
    relative_translations = self._get_relative_translations(settings=settings)
  File "/root/.cache/pypoetry/virtualenvs/cpdbv2-backend-VA82Wl8V-py3.7/lib/python3.7/site-packages/dateparser/languages/locale.py", line 164, in _get_relative_translations
    self._generate_relative_translations(normalize=True))
  File "/root/.cache/pypoetry/virtualenvs/cpdbv2-backend-VA82Wl8V-py3.7/lib/python3.7/site-packages/dateparser/languages/locale.py", line 178, in _generate_relative_translations
    pattern = DIGIT_GROUP_PATTERN.sub(r'?P<n>\d+', pattern)
  File "/root/.cache/pypoetry/virtualenvs/cpdbv2-backend-VA82Wl8V-py3.7/lib/python3.7/site-packages/regex/regex.py", line 710, in _compile_replacement_helper
    is_group, items = _compile_replacement(source, pattern, is_unicode)
  File "/root/.cache/pypoetry/virtualenvs/cpdbv2-backend-VA82Wl8V-py3.7/lib/python3.7/site-packages/regex/_regex_core.py", line 1737, in _compile_replacement
    raise error("bad escape \\%s" % ch, source.string, source.pos)
regex._regex_core.error: bad escape \d at position 7

======================================================================
ERROR: test_find_dates_from_string_multiple_dates (search.tests.test_date_util.DateUtilTestCase)
----------------------------------------------------------------------
Traceback (most recent call last):
  File "/usr/src/app/cpdb/search/tests/test_date_util.py", line 74, in test_find_dates_from_string_multiple_dates
    expect(find_dates_from_string(string)).to.eq(dates)
  File "/usr/src/app/cpdb/search/date_util.py", line 43, in find_dates_from_string
    date, remaining = _search_first_date(string)
  File "/usr/src/app/cpdb/search/date_util.py", line 29, in _search_first_date
    candidates = search_dates(string, languages=['en'], settings={'STRICT_PARSING': True})
  File "/root/.cache/pypoetry/virtualenvs/cpdbv2-backend-VA82Wl8V-py3.7/lib/python3.7/site-packages/dateparser/search/__init__.py", line 50, in search_dates
    text=text, languages=languages, settings=settings
  File "/root/.cache/pypoetry/virtualenvs/cpdbv2-backend-VA82Wl8V-py3.7/lib/python3.7/site-packages/dateparser/conf.py", line 85, in wrapper
    return f(*args, **kwargs)
  File "/root/.cache/pypoetry/virtualenvs/cpdbv2-backend-VA82Wl8V-py3.7/lib/python3.7/site-packages/dateparser/search/search.py", line 230, in search_dates
    settings=settings)}
  File "/root/.cache/pypoetry/virtualenvs/cpdbv2-backend-VA82Wl8V-py3.7/lib/python3.7/site-packages/dateparser/search/search.py", line 162, in search_parse
    original=original, translated=translated, settings=settings)
  File "/root/.cache/pypoetry/virtualenvs/cpdbv2-backend-VA82Wl8V-py3.7/lib/python3.7/site-packages/dateparser/search/search.py", line 125, in parse_found_objects
    parsed_item = self.parse_item(parser, item, translated[i], parsed, need_relative_base)
  File "/root/.cache/pypoetry/virtualenvs/cpdbv2-backend-VA82Wl8V-py3.7/lib/python3.7/site-packages/dateparser/search/search.py", line 102, in parse_item
    pre_parsed_item = parser.get_date_data(item)
  File "/root/.cache/pypoetry/virtualenvs/cpdbv2-backend-VA82Wl8V-py3.7/lib/python3.7/site-packages/dateparser/date.py", line 418, in get_date_data
    locale, date_string, date_formats, settings=self._settings)
  File "/root/.cache/pypoetry/virtualenvs/cpdbv2-backend-VA82Wl8V-py3.7/lib/python3.7/site-packages/dateparser/date.py", line 194, in parse
    return instance._parse()
  File "/root/.cache/pypoetry/virtualenvs/cpdbv2-backend-VA82Wl8V-py3.7/lib/python3.7/site-packages/dateparser/date.py", line 198, in _parse
    date_obj = self._parsers[parser_name]()
  File "/root/.cache/pypoetry/virtualenvs/cpdbv2-backend-VA82Wl8V-py3.7/lib/python3.7/site-packages/dateparser/date.py", line 212, in _try_freshness_parser
    return freshness_date_parser.get_date_data(self._get_translated_date(), self._settings)
  File "/root/.cache/pypoetry/virtualenvs/cpdbv2-backend-VA82Wl8V-py3.7/lib/python3.7/site-packages/dateparser/date.py", line 262, in _get_translated_date
    self.date_string, keep_formatting=False, settings=self._settings)
  File "/root/.cache/pypoetry/virtualenvs/cpdbv2-backend-VA82Wl8V-py3.7/lib/python3.7/site-packages/dateparser/languages/locale.py", line 135, in translate
    relative_translations = self._get_relative_translations(settings=settings)
  File "/root/.cache/pypoetry/virtualenvs/cpdbv2-backend-VA82Wl8V-py3.7/lib/python3.7/site-packages/dateparser/languages/locale.py", line 164, in _get_relative_translations
    self._generate_relative_translations(normalize=True))
  File "/root/.cache/pypoetry/virtualenvs/cpdbv2-backend-VA82Wl8V-py3.7/lib/python3.7/site-packages/dateparser/languages/locale.py", line 178, in _generate_relative_translations
    pattern = DIGIT_GROUP_PATTERN.sub(r'?P<n>\d+', pattern)
  File "/root/.cache/pypoetry/virtualenvs/cpdbv2-backend-VA82Wl8V-py3.7/lib/python3.7/site-packages/regex/regex.py", line 710, in _compile_replacement_helper
    is_group, items = _compile_replacement(source, pattern, is_unicode)
  File "/root/.cache/pypoetry/virtualenvs/cpdbv2-backend-VA82Wl8V-py3.7/lib/python3.7/site-packages/regex/_regex_core.py", line 1737, in _compile_replacement
    raise error("bad escape \\%s" % ch, source.string, source.pos)
regex._regex_core.error: bad escape \d at position 7

======================================================================
ERROR: test_find_dates_from_string_single_date (search.tests.test_date_util.DateUtilTestCase)
----------------------------------------------------------------------
Traceback (most recent call last):
  File "/usr/src/app/cpdb/search/tests/test_date_util.py", line 63, in test_find_dates_from_string_single_date
    expect(find_dates_from_string(string)).to.eq(dates)
  File "/usr/src/app/cpdb/search/date_util.py", line 43, in find_dates_from_string
    date, remaining = _search_first_date(string)
  File "/usr/src/app/cpdb/search/date_util.py", line 29, in _search_first_date
    candidates = search_dates(string, languages=['en'], settings={'STRICT_PARSING': True})
  File "/root/.cache/pypoetry/virtualenvs/cpdbv2-backend-VA82Wl8V-py3.7/lib/python3.7/site-packages/dateparser/search/__init__.py", line 50, in search_dates
    text=text, languages=languages, settings=settings
  File "/root/.cache/pypoetry/virtualenvs/cpdbv2-backend-VA82Wl8V-py3.7/lib/python3.7/site-packages/dateparser/conf.py", line 85, in wrapper
    return f(*args, **kwargs)
  File "/root/.cache/pypoetry/virtualenvs/cpdbv2-backend-VA82Wl8V-py3.7/lib/python3.7/site-packages/dateparser/search/search.py", line 230, in search_dates
    settings=settings)}
  File "/root/.cache/pypoetry/virtualenvs/cpdbv2-backend-VA82Wl8V-py3.7/lib/python3.7/site-packages/dateparser/search/search.py", line 162, in search_parse
    original=original, translated=translated, settings=settings)
  File "/root/.cache/pypoetry/virtualenvs/cpdbv2-backend-VA82Wl8V-py3.7/lib/python3.7/site-packages/dateparser/search/search.py", line 125, in parse_found_objects
    parsed_item = self.parse_item(parser, item, translated[i], parsed, need_relative_base)
  File "/root/.cache/pypoetry/virtualenvs/cpdbv2-backend-VA82Wl8V-py3.7/lib/python3.7/site-packages/dateparser/search/search.py", line 102, in parse_item
    pre_parsed_item = parser.get_date_data(item)
  File "/root/.cache/pypoetry/virtualenvs/cpdbv2-backend-VA82Wl8V-py3.7/lib/python3.7/site-packages/dateparser/date.py", line 418, in get_date_data
    locale, date_string, date_formats, settings=self._settings)
  File "/root/.cache/pypoetry/virtualenvs/cpdbv2-backend-VA82Wl8V-py3.7/lib/python3.7/site-packages/dateparser/date.py", line 194, in parse
    return instance._parse()
  File "/root/.cache/pypoetry/virtualenvs/cpdbv2-backend-VA82Wl8V-py3.7/lib/python3.7/site-packages/dateparser/date.py", line 198, in _parse
    date_obj = self._parsers[parser_name]()
  File "/root/.cache/pypoetry/virtualenvs/cpdbv2-backend-VA82Wl8V-py3.7/lib/python3.7/site-packages/dateparser/date.py", line 212, in _try_freshness_parser
    return freshness_date_parser.get_date_data(self._get_translated_date(), self._settings)
  File "/root/.cache/pypoetry/virtualenvs/cpdbv2-backend-VA82Wl8V-py3.7/lib/python3.7/site-packages/dateparser/date.py", line 262, in _get_translated_date
    self.date_string, keep_formatting=False, settings=self._settings)
  File "/root/.cache/pypoetry/virtualenvs/cpdbv2-backend-VA82Wl8V-py3.7/lib/python3.7/site-packages/dateparser/languages/locale.py", line 135, in translate
    relative_translations = self._get_relative_translations(settings=settings)
  File "/root/.cache/pypoetry/virtualenvs/cpdbv2-backend-VA82Wl8V-py3.7/lib/python3.7/site-packages/dateparser/languages/locale.py", line 164, in _get_relative_translations
    self._generate_relative_translations(normalize=True))
  File "/root/.cache/pypoetry/virtualenvs/cpdbv2-backend-VA82Wl8V-py3.7/lib/python3.7/site-packages/dateparser/languages/locale.py", line 178, in _generate_relative_translations
    pattern = DIGIT_GROUP_PATTERN.sub(r'?P<n>\d+', pattern)
  File "/root/.cache/pypoetry/virtualenvs/cpdbv2-backend-VA82Wl8V-py3.7/lib/python3.7/site-packages/regex/regex.py", line 710, in _compile_replacement_helper
    is_group, items = _compile_replacement(source, pattern, is_unicode)
  File "/root/.cache/pypoetry/virtualenvs/cpdbv2-backend-VA82Wl8V-py3.7/lib/python3.7/site-packages/regex/_regex_core.py", line 1737, in _compile_replacement
    raise error("bad escape \\%s" % ch, source.string, source.pos)
regex._regex_core.error: bad escape \d at position 7

======================================================================
ERROR: test_search_sort_by_allegation_count (search.tests.test_workers.AreaWorkerTestCase)
----------------------------------------------------------------------
Traceback (most recent call last):
  File "/usr/src/app/cpdb/search/tests/utils.py", line 12, in setUp
    autocompletes_alias.read_index.delete(ignore=404)
  File "/root/.cache/pypoetry/virtualenvs/cpdbv2-backend-VA82Wl8V-py3.7/lib/python3.7/site-packages/elasticsearch_dsl/index.py", line 222, in delete
    self.connection.indices.delete(index=self._name, **kwargs)
  File "/root/.cache/pypoetry/virtualenvs/cpdbv2-backend-VA82Wl8V-py3.7/lib/python3.7/site-packages/elasticsearch/client/utils.py", line 73, in _wrapped
    return func(*args, params=params, **kwargs)
  File "/root/.cache/pypoetry/virtualenvs/cpdbv2-backend-VA82Wl8V-py3.7/lib/python3.7/site-packages/elasticsearch/client/indices.py", line 200, in delete
    params=params)
  File "/root/.cache/pypoetry/virtualenvs/cpdbv2-backend-VA82Wl8V-py3.7/lib/python3.7/site-packages/elasticsearch/transport.py", line 312, in perform_request
    status, headers, data = connection.perform_request(method, url, params, body, ignore=ignore, timeout=timeout)
  File "/root/.cache/pypoetry/virtualenvs/cpdbv2-backend-VA82Wl8V-py3.7/lib/python3.7/site-packages/elasticsearch/connection/http_urllib3.py", line 124, in perform_request
    raise ConnectionError('N/A', str(e), e)
elasticsearch.exceptions.ConnectionError: ConnectionError(<urllib3.connection.HTTPConnection object at 0x7ff0690c71d0>: Failed to establish a new connection: [Errno -2] Name or service not known) caused by: NewConnectionError(<urllib3.connection.HTTPConnection object at 0x7ff0690c71d0>: Failed to establish a new connection: [Errno -2] Name or service not known)
-------------------- >> begin captured logging << --------------------
urllib3.util.retry: DEBUG: Converted retries value: False -> Retry(total=False, connect=None, read=None, redirect=0, status=None)
urllib3.connectionpool: DEBUG: Starting new HTTP connection (761): elasticsearch:9200
elasticsearch: WARNING: DELETE http://elasticsearch:9200/test_autocompletes [status:N/A request:0.004s]
Traceback (most recent call last):
  File "/root/.cache/pypoetry/virtualenvs/cpdbv2-backend-VA82Wl8V-py3.7/lib/python3.7/site-packages/urllib3/connection.py", line 160, in _new_conn
    (self._dns_host, self.port), self.timeout, **extra_kw
  File "/root/.cache/pypoetry/virtualenvs/cpdbv2-backend-VA82Wl8V-py3.7/lib/python3.7/site-packages/urllib3/util/connection.py", line 61, in create_connection
    for res in socket.getaddrinfo(host, port, family, socket.SOCK_STREAM):
  File "/usr/local/lib/python3.7/socket.py", line 752, in getaddrinfo
    for res in _socket.getaddrinfo(host, port, family, type, proto, flags):
socket.gaierror: [Errno -2] Name or service not known

During handling of the above exception, another exception occurred:

Traceback (most recent call last):
  File "/root/.cache/pypoetry/virtualenvs/cpdbv2-backend-VA82Wl8V-py3.7/lib/python3.7/site-packages/elasticsearch/connection/http_urllib3.py", line 115, in perform_request
    response = self.pool.urlopen(method, url, body, retries=False, headers=self.headers, **kw)
  File "/root/.cache/pypoetry/virtualenvs/cpdbv2-backend-VA82Wl8V-py3.7/lib/python3.7/site-packages/urllib3/connectionpool.py", line 727, in urlopen
    method, url, error=e, _pool=self, _stacktrace=sys.exc_info()[2]
  File "/root/.cache/pypoetry/virtualenvs/cpdbv2-backend-VA82Wl8V-py3.7/lib/python3.7/site-packages/urllib3/util/retry.py", line 386, in increment
    raise six.reraise(type(error), error, _stacktrace)
  File "/root/.cache/pypoetry/virtualenvs/cpdbv2-backend-VA82Wl8V-py3.7/lib/python3.7/site-packages/urllib3/packages/six.py", line 735, in reraise
    raise value
  File "/root/.cache/pypoetry/virtualenvs/cpdbv2-backend-VA82Wl8V-py3.7/lib/python3.7/site-packages/urllib3/connectionpool.py", line 677, in urlopen
    chunked=chunked,
  File "/root/.cache/pypoetry/virtualenvs/cpdbv2-backend-VA82Wl8V-py3.7/lib/python3.7/site-packages/urllib3/connectionpool.py", line 392, in _make_request
    conn.request(method, url, **httplib_request_kw)
  File "/usr/local/lib/python3.7/http/client.py", line 1281, in request
    self._send_request(method, url, body, headers, encode_chunked)
  File "/usr/local/lib/python3.7/http/client.py", line 1327, in _send_request
    self.endheaders(body, encode_chunked=encode_chunked)
  File "/usr/local/lib/python3.7/http/client.py", line 1276, in endheaders
    self._send_output(message_body, encode_chunked=encode_chunked)
  File "/usr/local/lib/python3.7/http/client.py", line 1036, in _send_output
    self.send(msg)
  File "/usr/local/lib/python3.7/http/client.py", line 976, in send
    self.connect()
  File "/root/.cache/pypoetry/virtualenvs/cpdbv2-backend-VA82Wl8V-py3.7/lib/python3.7/site-packages/urllib3/connection.py", line 187, in connect
    conn = self._new_conn()
  File "/root/.cache/pypoetry/virtualenvs/cpdbv2-backend-VA82Wl8V-py3.7/lib/python3.7/site-packages/urllib3/connection.py", line 172, in _new_conn
    self, "Failed to establish a new connection: %s" % e
urllib3.exceptions.NewConnectionError: <urllib3.connection.HTTPConnection object at 0x7ff068887c10>: Failed to establish a new connection: [Errno -2] Name or service not known
elasticsearch: DEBUG: > None
urllib3.util.retry: DEBUG: Converted retries value: False -> Retry(total=False, connect=None, read=None, redirect=0, status=None)
urllib3.connectionpool: DEBUG: Starting new HTTP connection (762): elasticsearch:9200
elasticsearch: WARNING: DELETE http://elasticsearch:9200/test_autocompletes [status:N/A request:0.005s]
Traceback (most recent call last):
  File "/root/.cache/pypoetry/virtualenvs/cpdbv2-backend-VA82Wl8V-py3.7/lib/python3.7/site-packages/urllib3/connection.py", line 160, in _new_conn
    (self._dns_host, self.port), self.timeout, **extra_kw
  File "/root/.cache/pypoetry/virtualenvs/cpdbv2-backend-VA82Wl8V-py3.7/lib/python3.7/site-packages/urllib3/util/connection.py", line 61, in create_connection
    for res in socket.getaddrinfo(host, port, family, socket.SOCK_STREAM):
  File "/usr/local/lib/python3.7/socket.py", line 752, in getaddrinfo
    for res in _socket.getaddrinfo(host, port, family, type, proto, flags):
socket.gaierror: [Errno -2] Name or service not known

During handling of the above exception, another exception occurred:

Traceback (most recent call last):
  File "/root/.cache/pypoetry/virtualenvs/cpdbv2-backend-VA82Wl8V-py3.7/lib/python3.7/site-packages/elasticsearch/connection/http_urllib3.py", line 115, in perform_request
    response = self.pool.urlopen(method, url, body, retries=False, headers=self.headers, **kw)
  File "/root/.cache/pypoetry/virtualenvs/cpdbv2-backend-VA82Wl8V-py3.7/lib/python3.7/site-packages/urllib3/connectionpool.py", line 727, in urlopen
    method, url, error=e, _pool=self, _stacktrace=sys.exc_info()[2]
  File "/root/.cache/pypoetry/virtualenvs/cpdbv2-backend-VA82Wl8V-py3.7/lib/python3.7/site-packages/urllib3/util/retry.py", line 386, in increment
    raise six.reraise(type(error), error, _stacktrace)
  File "/root/.cache/pypoetry/virtualenvs/cpdbv2-backend-VA82Wl8V-py3.7/lib/python3.7/site-packages/urllib3/packages/six.py", line 735, in reraise
    raise value
  File "/root/.cache/pypoetry/virtualenvs/cpdbv2-backend-VA82Wl8V-py3.7/lib/python3.7/site-packages/urllib3/connectionpool.py", line 677, in urlopen
    chunked=chunked,
  File "/root/.cache/pypoetry/virtualenvs/cpdbv2-backend-VA82Wl8V-py3.7/lib/python3.7/site-packages/urllib3/connectionpool.py", line 392, in _make_request
    conn.request(method, url, **httplib_request_kw)
  File "/usr/local/lib/python3.7/http/client.py", line 1281, in request
    self._send_request(method, url, body, headers, encode_chunked)
  File "/usr/local/lib/python3.7/http/client.py", line 1327, in _send_request
    self.endheaders(body, encode_chunked=encode_chunked)
  File "/usr/local/lib/python3.7/http/client.py", line 1276, in endheaders
    self._send_output(message_body, encode_chunked=encode_chunked)
  File "/usr/local/lib/python3.7/http/client.py", line 1036, in _send_output
    self.send(msg)
  File "/usr/local/lib/python3.7/http/client.py", line 976, in send
    self.connect()
  File "/root/.cache/pypoetry/virtualenvs/cpdbv2-backend-VA82Wl8V-py3.7/lib/python3.7/site-packages/urllib3/connection.py", line 187, in connect
    conn = self._new_conn()
  File "/root/.cache/pypoetry/virtualenvs/cpdbv2-backend-VA82Wl8V-py3.7/lib/python3.7/site-packages/urllib3/connection.py", line 172, in _new_conn
    self, "Failed to establish a new connection: %s" % e
urllib3.exceptions.NewConnectionError: <urllib3.connection.HTTPConnection object at 0x7ff0689e9c90>: Failed to establish a new connection: [Errno -2] Name or service not known
elasticsearch: DEBUG: > None
urllib3.util.retry: DEBUG: Converted retries value: False -> Retry(total=False, connect=None, read=None, redirect=0, status=None)
urllib3.connectionpool: DEBUG: Starting new HTTP connection (763): elasticsearch:9200
elasticsearch: WARNING: DELETE http://elasticsearch:9200/test_autocompletes [status:N/A request:0.005s]
Traceback (most recent call last):
  File "/root/.cache/pypoetry/virtualenvs/cpdbv2-backend-VA82Wl8V-py3.7/lib/python3.7/site-packages/urllib3/connection.py", line 160, in _new_conn
    (self._dns_host, self.port), self.timeout, **extra_kw
  File "/root/.cache/pypoetry/virtualenvs/cpdbv2-backend-VA82Wl8V-py3.7/lib/python3.7/site-packages/urllib3/util/connection.py", line 61, in create_connection
    for res in socket.getaddrinfo(host, port, family, socket.SOCK_STREAM):
  File "/usr/local/lib/python3.7/socket.py", line 752, in getaddrinfo
    for res in _socket.getaddrinfo(host, port, family, type, proto, flags):
socket.gaierror: [Errno -2] Name or service not known

During handling of the above exception, another exception occurred:

Traceback (most recent call last):
  File "/root/.cache/pypoetry/virtualenvs/cpdbv2-backend-VA82Wl8V-py3.7/lib/python3.7/site-packages/elasticsearch/connection/http_urllib3.py", line 115, in perform_request
    response = self.pool.urlopen(method, url, body, retries=False, headers=self.headers, **kw)
  File "/root/.cache/pypoetry/virtualenvs/cpdbv2-backend-VA82Wl8V-py3.7/lib/python3.7/site-packages/urllib3/connectionpool.py", line 727, in urlopen
    method, url, error=e, _pool=self, _stacktrace=sys.exc_info()[2]
  File "/root/.cache/pypoetry/virtualenvs/cpdbv2-backend-VA82Wl8V-py3.7/lib/python3.7/site-packages/urllib3/util/retry.py", line 386, in increment
    raise six.reraise(type(error), error, _stacktrace)
  File "/root/.cache/pypoetry/virtualenvs/cpdbv2-backend-VA82Wl8V-py3.7/lib/python3.7/site-packages/urllib3/packages/six.py", line 735, in reraise
    raise value
  File "/root/.cache/pypoetry/virtualenvs/cpdbv2-backend-VA82Wl8V-py3.7/lib/python3.7/site-packages/urllib3/connectionpool.py", line 677, in urlopen
    chunked=chunked,
  File "/root/.cache/pypoetry/virtualenvs/cpdbv2-backend-VA82Wl8V-py3.7/lib/python3.7/site-packages/urllib3/connectionpool.py", line 392, in _make_request
    conn.request(method, url, **httplib_request_kw)
  File "/usr/local/lib/python3.7/http/client.py", line 1281, in request
    self._send_request(method, url, body, headers, encode_chunked)
  File "/usr/local/lib/python3.7/http/client.py", line 1327, in _send_request
    self.endheaders(body, encode_chunked=encode_chunked)
  File "/usr/local/lib/python3.7/http/client.py", line 1276, in endheaders
    self._send_output(message_body, encode_chunked=encode_chunked)
  File "/usr/local/lib/python3.7/http/client.py", line 1036, in _send_output
    self.send(msg)
  File "/usr/local/lib/python3.7/http/client.py", line 976, in send
    self.connect()
  File "/root/.cache/pypoetry/virtualenvs/cpdbv2-backend-VA82Wl8V-py3.7/lib/python3.7/site-packages/urllib3/connection.py", line 187, in connect
    conn = self._new_conn()
  File "/root/.cache/pypoetry/virtualenvs/cpdbv2-backend-VA82Wl8V-py3.7/lib/python3.7/site-packages/urllib3/connection.py", line 172, in _new_conn
    self, "Failed to establish a new connection: %s" % e
urllib3.exceptions.NewConnectionError: <urllib3.connection.HTTPConnection object at 0x7ff0690c7910>: Failed to establish a new connection: [Errno -2] Name or service not known
elasticsearch: DEBUG: > None
urllib3.util.retry: DEBUG: Converted retries value: False -> Retry(total=False, connect=None, read=None, redirect=0, status=None)
urllib3.connectionpool: DEBUG: Starting new HTTP connection (764): elasticsearch:9200
elasticsearch: WARNING: DELETE http://elasticsearch:9200/test_autocompletes [status:N/A request:0.004s]
Traceback (most recent call last):
  File "/root/.cache/pypoetry/virtualenvs/cpdbv2-backend-VA82Wl8V-py3.7/lib/python3.7/site-packages/urllib3/connection.py", line 160, in _new_conn
    (self._dns_host, self.port), self.timeout, **extra_kw
  File "/root/.cache/pypoetry/virtualenvs/cpdbv2-backend-VA82Wl8V-py3.7/lib/python3.7/site-packages/urllib3/util/connection.py", line 61, in create_connection
    for res in socket.getaddrinfo(host, port, family, socket.SOCK_STREAM):
  File "/usr/local/lib/python3.7/socket.py", line 752, in getaddrinfo
    for res in _socket.getaddrinfo(host, port, family, type, proto, flags):
socket.gaierror: [Errno -2] Name or service not known

During handling of the above exception, another exception occurred:

Traceback (most recent call last):
  File "/root/.cache/pypoetry/virtualenvs/cpdbv2-backend-VA82Wl8V-py3.7/lib/python3.7/site-packages/elasticsearch/connection/http_urllib3.py", line 115, in perform_request
    response = self.pool.urlopen(method, url, body, retries=False, headers=self.headers, **kw)
  File "/root/.cache/pypoetry/virtualenvs/cpdbv2-backend-VA82Wl8V-py3.7/lib/python3.7/site-packages/urllib3/connectionpool.py", line 727, in urlopen
    method, url, error=e, _pool=self, _stacktrace=sys.exc_info()[2]
  File "/root/.cache/pypoetry/virtualenvs/cpdbv2-backend-VA82Wl8V-py3.7/lib/python3.7/site-packages/urllib3/util/retry.py", line 386, in increment
    raise six.reraise(type(error), error, _stacktrace)
  File "/root/.cache/pypoetry/virtualenvs/cpdbv2-backend-VA82Wl8V-py3.7/lib/python3.7/site-packages/urllib3/packages/six.py", line 735, in reraise
    raise value
  File "/root/.cache/pypoetry/virtualenvs/cpdbv2-backend-VA82Wl8V-py3.7/lib/python3.7/site-packages/urllib3/connectionpool.py", line 677, in urlopen
    chunked=chunked,
  File "/root/.cache/pypoetry/virtualenvs/cpdbv2-backend-VA82Wl8V-py3.7/lib/python3.7/site-packages/urllib3/connectionpool.py", line 392, in _make_request
    conn.request(method, url, **httplib_request_kw)
  File "/usr/local/lib/python3.7/http/client.py", line 1281, in request
    self._send_request(method, url, body, headers, encode_chunked)
  File "/usr/local/lib/python3.7/http/client.py", line 1327, in _send_request
    self.endheaders(body, encode_chunked=encode_chunked)
  File "/usr/local/lib/python3.7/http/client.py", line 1276, in endheaders
    self._send_output(message_body, encode_chunked=encode_chunked)
  File "/usr/local/lib/python3.7/http/client.py", line 1036, in _send_output
    self.send(msg)
  File "/usr/local/lib/python3.7/http/client.py", line 976, in send
    self.connect()
  File "/root/.cache/pypoetry/virtualenvs/cpdbv2-backend-VA82Wl8V-py3.7/lib/python3.7/site-packages/urllib3/connection.py", line 187, in connect
    conn = self._new_conn()
  File "/root/.cache/pypoetry/virtualenvs/cpdbv2-backend-VA82Wl8V-py3.7/lib/python3.7/site-packages/urllib3/connection.py", line 172, in _new_conn
    self, "Failed to establish a new connection: %s" % e
urllib3.exceptions.NewConnectionError: <urllib3.connection.HTTPConnection object at 0x7ff0690c71d0>: Failed to establish a new connection: [Errno -2] Name or service not known
elasticsearch: DEBUG: > None
--------------------- >> end captured logging << ---------------------

======================================================================
ERROR: test_search_sort_by_name (search.tests.test_workers.AreaWorkerTestCase)
----------------------------------------------------------------------
Traceback (most recent call last):
  File "/usr/src/app/cpdb/search/tests/utils.py", line 12, in setUp
    autocompletes_alias.read_index.delete(ignore=404)
  File "/root/.cache/pypoetry/virtualenvs/cpdbv2-backend-VA82Wl8V-py3.7/lib/python3.7/site-packages/elasticsearch_dsl/index.py", line 222, in delete
    self.connection.indices.delete(index=self._name, **kwargs)
  File "/root/.cache/pypoetry/virtualenvs/cpdbv2-backend-VA82Wl8V-py3.7/lib/python3.7/site-packages/elasticsearch/client/utils.py", line 73, in _wrapped
    return func(*args, params=params, **kwargs)
  File "/root/.cache/pypoetry/virtualenvs/cpdbv2-backend-VA82Wl8V-py3.7/lib/python3.7/site-packages/elasticsearch/client/indices.py", line 200, in delete
    params=params)
  File "/root/.cache/pypoetry/virtualenvs/cpdbv2-backend-VA82Wl8V-py3.7/lib/python3.7/site-packages/elasticsearch/transport.py", line 312, in perform_request
    status, headers, data = connection.perform_request(method, url, params, body, ignore=ignore, timeout=timeout)
  File "/root/.cache/pypoetry/virtualenvs/cpdbv2-backend-VA82Wl8V-py3.7/lib/python3.7/site-packages/elasticsearch/connection/http_urllib3.py", line 124, in perform_request
    raise ConnectionError('N/A', str(e), e)
elasticsearch.exceptions.ConnectionError: ConnectionError(<urllib3.connection.HTTPConnection object at 0x7ff0689e9c90>: Failed to establish a new connection: [Errno -2] Name or service not known) caused by: NewConnectionError(<urllib3.connection.HTTPConnection object at 0x7ff0689e9c90>: Failed to establish a new connection: [Errno -2] Name or service not known)
-------------------- >> begin captured logging << --------------------
urllib3.util.retry: DEBUG: Converted retries value: False -> Retry(total=False, connect=None, read=None, redirect=0, status=None)
urllib3.connectionpool: DEBUG: Starting new HTTP connection (765): elasticsearch:9200
elasticsearch: WARNING: DELETE http://elasticsearch:9200/test_autocompletes [status:N/A request:0.006s]
Traceback (most recent call last):
  File "/root/.cache/pypoetry/virtualenvs/cpdbv2-backend-VA82Wl8V-py3.7/lib/python3.7/site-packages/urllib3/connection.py", line 160, in _new_conn
    (self._dns_host, self.port), self.timeout, **extra_kw
  File "/root/.cache/pypoetry/virtualenvs/cpdbv2-backend-VA82Wl8V-py3.7/lib/python3.7/site-packages/urllib3/util/connection.py", line 61, in create_connection
    for res in socket.getaddrinfo(host, port, family, socket.SOCK_STREAM):
  File "/usr/local/lib/python3.7/socket.py", line 752, in getaddrinfo
    for res in _socket.getaddrinfo(host, port, family, type, proto, flags):
socket.gaierror: [Errno -2] Name or service not known

During handling of the above exception, another exception occurred:

Traceback (most recent call last):
  File "/root/.cache/pypoetry/virtualenvs/cpdbv2-backend-VA82Wl8V-py3.7/lib/python3.7/site-packages/elasticsearch/connection/http_urllib3.py", line 115, in perform_request
    response = self.pool.urlopen(method, url, body, retries=False, headers=self.headers, **kw)
  File "/root/.cache/pypoetry/virtualenvs/cpdbv2-backend-VA82Wl8V-py3.7/lib/python3.7/site-packages/urllib3/connectionpool.py", line 727, in urlopen
    method, url, error=e, _pool=self, _stacktrace=sys.exc_info()[2]
  File "/root/.cache/pypoetry/virtualenvs/cpdbv2-backend-VA82Wl8V-py3.7/lib/python3.7/site-packages/urllib3/util/retry.py", line 386, in increment
    raise six.reraise(type(error), error, _stacktrace)
  File "/root/.cache/pypoetry/virtualenvs/cpdbv2-backend-VA82Wl8V-py3.7/lib/python3.7/site-packages/urllib3/packages/six.py", line 735, in reraise
    raise value
  File "/root/.cache/pypoetry/virtualenvs/cpdbv2-backend-VA82Wl8V-py3.7/lib/python3.7/site-packages/urllib3/connectionpool.py", line 677, in urlopen
    chunked=chunked,
  File "/root/.cache/pypoetry/virtualenvs/cpdbv2-backend-VA82Wl8V-py3.7/lib/python3.7/site-packages/urllib3/connectionpool.py", line 392, in _make_request
    conn.request(method, url, **httplib_request_kw)
  File "/usr/local/lib/python3.7/http/client.py", line 1281, in request
    self._send_request(method, url, body, headers, encode_chunked)
  File "/usr/local/lib/python3.7/http/client.py", line 1327, in _send_request
    self.endheaders(body, encode_chunked=encode_chunked)
  File "/usr/local/lib/python3.7/http/client.py", line 1276, in endheaders
    self._send_output(message_body, encode_chunked=encode_chunked)
  File "/usr/local/lib/python3.7/http/client.py", line 1036, in _send_output
    self.send(msg)
  File "/usr/local/lib/python3.7/http/client.py", line 976, in send
    self.connect()
  File "/root/.cache/pypoetry/virtualenvs/cpdbv2-backend-VA82Wl8V-py3.7/lib/python3.7/site-packages/urllib3/connection.py", line 187, in connect
    conn = self._new_conn()
  File "/root/.cache/pypoetry/virtualenvs/cpdbv2-backend-VA82Wl8V-py3.7/lib/python3.7/site-packages/urllib3/connection.py", line 172, in _new_conn
    self, "Failed to establish a new connection: %s" % e
urllib3.exceptions.NewConnectionError: <urllib3.connection.HTTPConnection object at 0x7ff068f0ce90>: Failed to establish a new connection: [Errno -2] Name or service not known
elasticsearch: DEBUG: > None
urllib3.util.retry: DEBUG: Converted retries value: False -> Retry(total=False, connect=None, read=None, redirect=0, status=None)
urllib3.connectionpool: DEBUG: Starting new HTTP connection (766): elasticsearch:9200
elasticsearch: WARNING: DELETE http://elasticsearch:9200/test_autocompletes [status:N/A request:0.005s]
Traceback (most recent call last):
  File "/root/.cache/pypoetry/virtualenvs/cpdbv2-backend-VA82Wl8V-py3.7/lib/python3.7/site-packages/urllib3/connection.py", line 160, in _new_conn
    (self._dns_host, self.port), self.timeout, **extra_kw
  File "/root/.cache/pypoetry/virtualenvs/cpdbv2-backend-VA82Wl8V-py3.7/lib/python3.7/site-packages/urllib3/util/connection.py", line 61, in create_connection
    for res in socket.getaddrinfo(host, port, family, socket.SOCK_STREAM):
  File "/usr/local/lib/python3.7/socket.py", line 752, in getaddrinfo
    for res in _socket.getaddrinfo(host, port, family, type, proto, flags):
socket.gaierror: [Errno -2] Name or service not known

During handling of the above exception, another exception occurred:

Traceback (most recent call last):
  File "/root/.cache/pypoetry/virtualenvs/cpdbv2-backend-VA82Wl8V-py3.7/lib/python3.7/site-packages/elasticsearch/connection/http_urllib3.py", line 115, in perform_request
    response = self.pool.urlopen(method, url, body, retries=False, headers=self.headers, **kw)
  File "/root/.cache/pypoetry/virtualenvs/cpdbv2-backend-VA82Wl8V-py3.7/lib/python3.7/site-packages/urllib3/connectionpool.py", line 727, in urlopen
    method, url, error=e, _pool=self, _stacktrace=sys.exc_info()[2]
  File "/root/.cache/pypoetry/virtualenvs/cpdbv2-backend-VA82Wl8V-py3.7/lib/python3.7/site-packages/urllib3/util/retry.py", line 386, in increment
    raise six.reraise(type(error), error, _stacktrace)
  File "/root/.cache/pypoetry/virtualenvs/cpdbv2-backend-VA82Wl8V-py3.7/lib/python3.7/site-packages/urllib3/packages/six.py", line 735, in reraise
    raise value
  File "/root/.cache/pypoetry/virtualenvs/cpdbv2-backend-VA82Wl8V-py3.7/lib/python3.7/site-packages/urllib3/connectionpool.py", line 677, in urlopen
    chunked=chunked,
  File "/root/.cache/pypoetry/virtualenvs/cpdbv2-backend-VA82Wl8V-py3.7/lib/python3.7/site-packages/urllib3/connectionpool.py", line 392, in _make_request
    conn.request(method, url, **httplib_request_kw)
  File "/usr/local/lib/python3.7/http/client.py", line 1281, in request
    self._send_request(method, url, body, headers, encode_chunked)
  File "/usr/local/lib/python3.7/http/client.py", line 1327, in _send_request
    self.endheaders(body, encode_chunked=encode_chunked)
  File "/usr/local/lib/python3.7/http/client.py", line 1276, in endheaders
    self._send_output(message_body, encode_chunked=encode_chunked)
  File "/usr/local/lib/python3.7/http/client.py", line 1036, in _send_output
    self.send(msg)
  File "/usr/local/lib/python3.7/http/client.py", line 976, in send
    self.connect()
  File "/root/.cache/pypoetry/virtualenvs/cpdbv2-backend-VA82Wl8V-py3.7/lib/python3.7/site-packages/urllib3/connection.py", line 187, in connect
    conn = self._new_conn()
  File "/root/.cache/pypoetry/virtualenvs/cpdbv2-backend-VA82Wl8V-py3.7/lib/python3.7/site-packages/urllib3/connection.py", line 172, in _new_conn
    self, "Failed to establish a new connection: %s" % e
urllib3.exceptions.NewConnectionError: <urllib3.connection.HTTPConnection object at 0x7ff0690c7150>: Failed to establish a new connection: [Errno -2] Name or service not known
elasticsearch: DEBUG: > None
urllib3.util.retry: DEBUG: Converted retries value: False -> Retry(total=False, connect=None, read=None, redirect=0, status=None)
urllib3.connectionpool: DEBUG: Starting new HTTP connection (767): elasticsearch:9200
elasticsearch: WARNING: DELETE http://elasticsearch:9200/test_autocompletes [status:N/A request:0.004s]
Traceback (most recent call last):
  File "/root/.cache/pypoetry/virtualenvs/cpdbv2-backend-VA82Wl8V-py3.7/lib/python3.7/site-packages/urllib3/connection.py", line 160, in _new_conn
    (self._dns_host, self.port), self.timeout, **extra_kw
  File "/root/.cache/pypoetry/virtualenvs/cpdbv2-backend-VA82Wl8V-py3.7/lib/python3.7/site-packages/urllib3/util/connection.py", line 61, in create_connection
    for res in socket.getaddrinfo(host, port, family, socket.SOCK_STREAM):
  File "/usr/local/lib/python3.7/socket.py", line 752, in getaddrinfo
    for res in _socket.getaddrinfo(host, port, family, type, proto, flags):
socket.gaierror: [Errno -2] Name or service not known

During handling of the above exception, another exception occurred:

Traceback (most recent call last):
  File "/root/.cache/pypoetry/virtualenvs/cpdbv2-backend-VA82Wl8V-py3.7/lib/python3.7/site-packages/elasticsearch/connection/http_urllib3.py", line 115, in perform_request
    response = self.pool.urlopen(method, url, body, retries=False, headers=self.headers, **kw)
  File "/root/.cache/pypoetry/virtualenvs/cpdbv2-backend-VA82Wl8V-py3.7/lib/python3.7/site-packages/urllib3/connectionpool.py", line 727, in urlopen
    method, url, error=e, _pool=self, _stacktrace=sys.exc_info()[2]
  File "/root/.cache/pypoetry/virtualenvs/cpdbv2-backend-VA82Wl8V-py3.7/lib/python3.7/site-packages/urllib3/util/retry.py", line 386, in increment
    raise six.reraise(type(error), error, _stacktrace)
  File "/root/.cache/pypoetry/virtualenvs/cpdbv2-backend-VA82Wl8V-py3.7/lib/python3.7/site-packages/urllib3/packages/six.py", line 735, in reraise
    raise value
  File "/root/.cache/pypoetry/virtualenvs/cpdbv2-backend-VA82Wl8V-py3.7/lib/python3.7/site-packages/urllib3/connectionpool.py", line 677, in urlopen
    chunked=chunked,
  File "/root/.cache/pypoetry/virtualenvs/cpdbv2-backend-VA82Wl8V-py3.7/lib/python3.7/site-packages/urllib3/connectionpool.py", line 392, in _make_request
    conn.request(method, url, **httplib_request_kw)
  File "/usr/local/lib/python3.7/http/client.py", line 1281, in request
    self._send_request(method, url, body, headers, encode_chunked)
  File "/usr/local/lib/python3.7/http/client.py", line 1327, in _send_request
    self.endheaders(body, encode_chunked=encode_chunked)
  File "/usr/local/lib/python3.7/http/client.py", line 1276, in endheaders
    self._send_output(message_body, encode_chunked=encode_chunked)
  File "/usr/local/lib/python3.7/http/client.py", line 1036, in _send_output
    self.send(msg)
  File "/usr/local/lib/python3.7/http/client.py", line 976, in send
    self.connect()
  File "/root/.cache/pypoetry/virtualenvs/cpdbv2-backend-VA82Wl8V-py3.7/lib/python3.7/site-packages/urllib3/connection.py", line 187, in connect
    conn = self._new_conn()
  File "/root/.cache/pypoetry/virtualenvs/cpdbv2-backend-VA82Wl8V-py3.7/lib/python3.7/site-packages/urllib3/connection.py", line 172, in _new_conn
    self, "Failed to establish a new connection: %s" % e
urllib3.exceptions.NewConnectionError: <urllib3.connection.HTTPConnection object at 0x7ff0690c7a10>: Failed to establish a new connection: [Errno -2] Name or service not known
elasticsearch: DEBUG: > None
urllib3.util.retry: DEBUG: Converted retries value: False -> Retry(total=False, connect=None, read=None, redirect=0, status=None)
urllib3.connectionpool: DEBUG: Starting new HTTP connection (768): elasticsearch:9200
elasticsearch: WARNING: DELETE http://elasticsearch:9200/test_autocompletes [status:N/A request:0.005s]
Traceback (most recent call last):
  File "/root/.cache/pypoetry/virtualenvs/cpdbv2-backend-VA82Wl8V-py3.7/lib/python3.7/site-packages/urllib3/connection.py", line 160, in _new_conn
    (self._dns_host, self.port), self.timeout, **extra_kw
  File "/root/.cache/pypoetry/virtualenvs/cpdbv2-backend-VA82Wl8V-py3.7/lib/python3.7/site-packages/urllib3/util/connection.py", line 61, in create_connection
    for res in socket.getaddrinfo(host, port, family, socket.SOCK_STREAM):
  File "/usr/local/lib/python3.7/socket.py", line 752, in getaddrinfo
    for res in _socket.getaddrinfo(host, port, family, type, proto, flags):
socket.gaierror: [Errno -2] Name or service not known

During handling of the above exception, another exception occurred:

Traceback (most recent call last):
  File "/root/.cache/pypoetry/virtualenvs/cpdbv2-backend-VA82Wl8V-py3.7/lib/python3.7/site-packages/elasticsearch/connection/http_urllib3.py", line 115, in perform_request
    response = self.pool.urlopen(method, url, body, retries=False, headers=self.headers, **kw)
  File "/root/.cache/pypoetry/virtualenvs/cpdbv2-backend-VA82Wl8V-py3.7/lib/python3.7/site-packages/urllib3/connectionpool.py", line 727, in urlopen
    method, url, error=e, _pool=self, _stacktrace=sys.exc_info()[2]
  File "/root/.cache/pypoetry/virtualenvs/cpdbv2-backend-VA82Wl8V-py3.7/lib/python3.7/site-packages/urllib3/util/retry.py", line 386, in increment
    raise six.reraise(type(error), error, _stacktrace)
  File "/root/.cache/pypoetry/virtualenvs/cpdbv2-backend-VA82Wl8V-py3.7/lib/python3.7/site-packages/urllib3/packages/six.py", line 735, in reraise
    raise value
  File "/root/.cache/pypoetry/virtualenvs/cpdbv2-backend-VA82Wl8V-py3.7/lib/python3.7/site-packages/urllib3/connectionpool.py", line 677, in urlopen
    chunked=chunked,
  File "/root/.cache/pypoetry/virtualenvs/cpdbv2-backend-VA82Wl8V-py3.7/lib/python3.7/site-packages/urllib3/connectionpool.py", line 392, in _make_request
    conn.request(method, url, **httplib_request_kw)
  File "/usr/local/lib/python3.7/http/client.py", line 1281, in request
    self._send_request(method, url, body, headers, encode_chunked)
  File "/usr/local/lib/python3.7/http/client.py", line 1327, in _send_request
    self.endheaders(body, encode_chunked=encode_chunked)
  File "/usr/local/lib/python3.7/http/client.py", line 1276, in endheaders
    self._send_output(message_body, encode_chunked=encode_chunked)
  File "/usr/local/lib/python3.7/http/client.py", line 1036, in _send_output
    self.send(msg)
  File "/usr/local/lib/python3.7/http/client.py", line 976, in send
    self.connect()
  File "/root/.cache/pypoetry/virtualenvs/cpdbv2-backend-VA82Wl8V-py3.7/lib/python3.7/site-packages/urllib3/connection.py", line 187, in connect
    conn = self._new_conn()
  File "/root/.cache/pypoetry/virtualenvs/cpdbv2-backend-VA82Wl8V-py3.7/lib/python3.7/site-packages/urllib3/connection.py", line 172, in _new_conn
    self, "Failed to establish a new connection: %s" % e
urllib3.exceptions.NewConnectionError: <urllib3.connection.HTTPConnection object at 0x7ff0689e9c90>: Failed to establish a new connection: [Errno -2] Name or service not known
elasticsearch: DEBUG: > None
--------------------- >> end captured logging << ---------------------

======================================================================
ERROR: test_search (search.tests.test_workers.CRWorkerTestCase)
----------------------------------------------------------------------
Traceback (most recent call last):
  File "/usr/src/app/cpdb/search/tests/utils.py", line 12, in setUp
    autocompletes_alias.read_index.delete(ignore=404)
  File "/root/.cache/pypoetry/virtualenvs/cpdbv2-backend-VA82Wl8V-py3.7/lib/python3.7/site-packages/elasticsearch_dsl/index.py", line 222, in delete
    self.connection.indices.delete(index=self._name, **kwargs)
  File "/root/.cache/pypoetry/virtualenvs/cpdbv2-backend-VA82Wl8V-py3.7/lib/python3.7/site-packages/elasticsearch/client/utils.py", line 73, in _wrapped
    return func(*args, params=params, **kwargs)
  File "/root/.cache/pypoetry/virtualenvs/cpdbv2-backend-VA82Wl8V-py3.7/lib/python3.7/site-packages/elasticsearch/client/indices.py", line 200, in delete
    params=params)
  File "/root/.cache/pypoetry/virtualenvs/cpdbv2-backend-VA82Wl8V-py3.7/lib/python3.7/site-packages/elasticsearch/transport.py", line 312, in perform_request
    status, headers, data = connection.perform_request(method, url, params, body, ignore=ignore, timeout=timeout)
  File "/root/.cache/pypoetry/virtualenvs/cpdbv2-backend-VA82Wl8V-py3.7/lib/python3.7/site-packages/elasticsearch/connection/http_urllib3.py", line 124, in perform_request
    raise ConnectionError('N/A', str(e), e)
elasticsearch.exceptions.ConnectionError: ConnectionError(<urllib3.connection.HTTPConnection object at 0x7ff0696f3f90>: Failed to establish a new connection: [Errno -2] Name or service not known) caused by: NewConnectionError(<urllib3.connection.HTTPConnection object at 0x7ff0696f3f90>: Failed to establish a new connection: [Errno -2] Name or service not known)
-------------------- >> begin captured logging << --------------------
urllib3.util.retry: DEBUG: Converted retries value: False -> Retry(total=False, connect=None, read=None, redirect=0, status=None)
urllib3.connectionpool: DEBUG: Starting new HTTP connection (769): elasticsearch:9200
elasticsearch: WARNING: DELETE http://elasticsearch:9200/test_autocompletes [status:N/A request:0.005s]
Traceback (most recent call last):
  File "/root/.cache/pypoetry/virtualenvs/cpdbv2-backend-VA82Wl8V-py3.7/lib/python3.7/site-packages/urllib3/connection.py", line 160, in _new_conn
    (self._dns_host, self.port), self.timeout, **extra_kw
  File "/root/.cache/pypoetry/virtualenvs/cpdbv2-backend-VA82Wl8V-py3.7/lib/python3.7/site-packages/urllib3/util/connection.py", line 61, in create_connection
    for res in socket.getaddrinfo(host, port, family, socket.SOCK_STREAM):
  File "/usr/local/lib/python3.7/socket.py", line 752, in getaddrinfo
    for res in _socket.getaddrinfo(host, port, family, type, proto, flags):
socket.gaierror: [Errno -2] Name or service not known

During handling of the above exception, another exception occurred:

Traceback (most recent call last):
  File "/root/.cache/pypoetry/virtualenvs/cpdbv2-backend-VA82Wl8V-py3.7/lib/python3.7/site-packages/elasticsearch/connection/http_urllib3.py", line 115, in perform_request
    response = self.pool.urlopen(method, url, body, retries=False, headers=self.headers, **kw)
  File "/root/.cache/pypoetry/virtualenvs/cpdbv2-backend-VA82Wl8V-py3.7/lib/python3.7/site-packages/urllib3/connectionpool.py", line 727, in urlopen
    method, url, error=e, _pool=self, _stacktrace=sys.exc_info()[2]
  File "/root/.cache/pypoetry/virtualenvs/cpdbv2-backend-VA82Wl8V-py3.7/lib/python3.7/site-packages/urllib3/util/retry.py", line 386, in increment
    raise six.reraise(type(error), error, _stacktrace)
  File "/root/.cache/pypoetry/virtualenvs/cpdbv2-backend-VA82Wl8V-py3.7/lib/python3.7/site-packages/urllib3/packages/six.py", line 735, in reraise
    raise value
  File "/root/.cache/pypoetry/virtualenvs/cpdbv2-backend-VA82Wl8V-py3.7/lib/python3.7/site-packages/urllib3/connectionpool.py", line 677, in urlopen
    chunked=chunked,
  File "/root/.cache/pypoetry/virtualenvs/cpdbv2-backend-VA82Wl8V-py3.7/lib/python3.7/site-packages/urllib3/connectionpool.py", line 392, in _make_request
    conn.request(method, url, **httplib_request_kw)
  File "/usr/local/lib/python3.7/http/client.py", line 1281, in request
    self._send_request(method, url, body, headers, encode_chunked)
  File "/usr/local/lib/python3.7/http/client.py", line 1327, in _send_request
    self.endheaders(body, encode_chunked=encode_chunked)
  File "/usr/local/lib/python3.7/http/client.py", line 1276, in endheaders
    self._send_output(message_body, encode_chunked=encode_chunked)
  File "/usr/local/lib/python3.7/http/client.py", line 1036, in _send_output
    self.send(msg)
  File "/usr/local/lib/python3.7/http/client.py", line 976, in send
    self.connect()
  File "/root/.cache/pypoetry/virtualenvs/cpdbv2-backend-VA82Wl8V-py3.7/lib/python3.7/site-packages/urllib3/connection.py", line 187, in connect
    conn = self._new_conn()
  File "/root/.cache/pypoetry/virtualenvs/cpdbv2-backend-VA82Wl8V-py3.7/lib/python3.7/site-packages/urllib3/connection.py", line 172, in _new_conn
    self, "Failed to establish a new connection: %s" % e
urllib3.exceptions.NewConnectionError: <urllib3.connection.HTTPConnection object at 0x7ff0689e9f10>: Failed to establish a new connection: [Errno -2] Name or service not known
elasticsearch: DEBUG: > None
urllib3.util.retry: DEBUG: Converted retries value: False -> Retry(total=False, connect=None, read=None, redirect=0, status=None)
urllib3.connectionpool: DEBUG: Starting new HTTP connection (770): elasticsearch:9200
elasticsearch: WARNING: DELETE http://elasticsearch:9200/test_autocompletes [status:N/A request:0.004s]
Traceback (most recent call last):
  File "/root/.cache/pypoetry/virtualenvs/cpdbv2-backend-VA82Wl8V-py3.7/lib/python3.7/site-packages/urllib3/connection.py", line 160, in _new_conn
    (self._dns_host, self.port), self.timeout, **extra_kw
  File "/root/.cache/pypoetry/virtualenvs/cpdbv2-backend-VA82Wl8V-py3.7/lib/python3.7/site-packages/urllib3/util/connection.py", line 61, in create_connection
    for res in socket.getaddrinfo(host, port, family, socket.SOCK_STREAM):
  File "/usr/local/lib/python3.7/socket.py", line 752, in getaddrinfo
    for res in _socket.getaddrinfo(host, port, family, type, proto, flags):
socket.gaierror: [Errno -2] Name or service not known

During handling of the above exception, another exception occurred:

Traceback (most recent call last):
  File "/root/.cache/pypoetry/virtualenvs/cpdbv2-backend-VA82Wl8V-py3.7/lib/python3.7/site-packages/elasticsearch/connection/http_urllib3.py", line 115, in perform_request
    response = self.pool.urlopen(method, url, body, retries=False, headers=self.headers, **kw)
  File "/root/.cache/pypoetry/virtualenvs/cpdbv2-backend-VA82Wl8V-py3.7/lib/python3.7/site-packages/urllib3/connectionpool.py", line 727, in urlopen
    method, url, error=e, _pool=self, _stacktrace=sys.exc_info()[2]
  File "/root/.cache/pypoetry/virtualenvs/cpdbv2-backend-VA82Wl8V-py3.7/lib/python3.7/site-packages/urllib3/util/retry.py", line 386, in increment
    raise six.reraise(type(error), error, _stacktrace)
  File "/root/.cache/pypoetry/virtualenvs/cpdbv2-backend-VA82Wl8V-py3.7/lib/python3.7/site-packages/urllib3/packages/six.py", line 735, in reraise
    raise value
  File "/root/.cache/pypoetry/virtualenvs/cpdbv2-backend-VA82Wl8V-py3.7/lib/python3.7/site-packages/urllib3/connectionpool.py", line 677, in urlopen
    chunked=chunked,
  File "/root/.cache/pypoetry/virtualenvs/cpdbv2-backend-VA82Wl8V-py3.7/lib/python3.7/site-packages/urllib3/connectionpool.py", line 392, in _make_request
    conn.request(method, url, **httplib_request_kw)
  File "/usr/local/lib/python3.7/http/client.py", line 1281, in request
    self._send_request(method, url, body, headers, encode_chunked)
  File "/usr/local/lib/python3.7/http/client.py", line 1327, in _send_request
    self.endheaders(body, encode_chunked=encode_chunked)
  File "/usr/local/lib/python3.7/http/client.py", line 1276, in endheaders
    self._send_output(message_body, encode_chunked=encode_chunked)
  File "/usr/local/lib/python3.7/http/client.py", line 1036, in _send_output
    self.send(msg)
  File "/usr/local/lib/python3.7/http/client.py", line 976, in send
    self.connect()
  File "/root/.cache/pypoetry/virtualenvs/cpdbv2-backend-VA82Wl8V-py3.7/lib/python3.7/site-packages/urllib3/connection.py", line 187, in connect
    conn = self._new_conn()
  File "/root/.cache/pypoetry/virtualenvs/cpdbv2-backend-VA82Wl8V-py3.7/lib/python3.7/site-packages/urllib3/connection.py", line 172, in _new_conn
    self, "Failed to establish a new connection: %s" % e
urllib3.exceptions.NewConnectionError: <urllib3.connection.HTTPConnection object at 0x7ff069375390>: Failed to establish a new connection: [Errno -2] Name or service not known
elasticsearch: DEBUG: > None
urllib3.util.retry: DEBUG: Converted retries value: False -> Retry(total=False, connect=None, read=None, redirect=0, status=None)
urllib3.connectionpool: DEBUG: Starting new HTTP connection (771): elasticsearch:9200
elasticsearch: WARNING: DELETE http://elasticsearch:9200/test_autocompletes [status:N/A request:0.006s]
Traceback (most recent call last):
  File "/root/.cache/pypoetry/virtualenvs/cpdbv2-backend-VA82Wl8V-py3.7/lib/python3.7/site-packages/urllib3/connection.py", line 160, in _new_conn
    (self._dns_host, self.port), self.timeout, **extra_kw
  File "/root/.cache/pypoetry/virtualenvs/cpdbv2-backend-VA82Wl8V-py3.7/lib/python3.7/site-packages/urllib3/util/connection.py", line 61, in create_connection
    for res in socket.getaddrinfo(host, port, family, socket.SOCK_STREAM):
  File "/usr/local/lib/python3.7/socket.py", line 752, in getaddrinfo
    for res in _socket.getaddrinfo(host, port, family, type, proto, flags):
socket.gaierror: [Errno -2] Name or service not known

During handling of the above exception, another exception occurred:

Traceback (most recent call last):
  File "/root/.cache/pypoetry/virtualenvs/cpdbv2-backend-VA82Wl8V-py3.7/lib/python3.7/site-packages/elasticsearch/connection/http_urllib3.py", line 115, in perform_request
    response = self.pool.urlopen(method, url, body, retries=False, headers=self.headers, **kw)
  File "/root/.cache/pypoetry/virtualenvs/cpdbv2-backend-VA82Wl8V-py3.7/lib/python3.7/site-packages/urllib3/connectionpool.py", line 727, in urlopen
    method, url, error=e, _pool=self, _stacktrace=sys.exc_info()[2]
  File "/root/.cache/pypoetry/virtualenvs/cpdbv2-backend-VA82Wl8V-py3.7/lib/python3.7/site-packages/urllib3/util/retry.py", line 386, in increment
    raise six.reraise(type(error), error, _stacktrace)
  File "/root/.cache/pypoetry/virtualenvs/cpdbv2-backend-VA82Wl8V-py3.7/lib/python3.7/site-packages/urllib3/packages/six.py", line 735, in reraise
    raise value
  File "/root/.cache/pypoetry/virtualenvs/cpdbv2-backend-VA82Wl8V-py3.7/lib/python3.7/site-packages/urllib3/connectionpool.py", line 677, in urlopen
    chunked=chunked,
  File "/root/.cache/pypoetry/virtualenvs/cpdbv2-backend-VA82Wl8V-py3.7/lib/python3.7/site-packages/urllib3/connectionpool.py", line 392, in _make_request
    conn.request(method, url, **httplib_request_kw)
  File "/usr/local/lib/python3.7/http/client.py", line 1281, in request
    self._send_request(method, url, body, headers, encode_chunked)
  File "/usr/local/lib/python3.7/http/client.py", line 1327, in _send_request
    self.endheaders(body, encode_chunked=encode_chunked)
  File "/usr/local/lib/python3.7/http/client.py", line 1276, in endheaders
    self._send_output(message_body, encode_chunked=encode_chunked)
  File "/usr/local/lib/python3.7/http/client.py", line 1036, in _send_output
    self.send(msg)
  File "/usr/local/lib/python3.7/http/client.py", line 976, in send
    self.connect()
  File "/root/.cache/pypoetry/virtualenvs/cpdbv2-backend-VA82Wl8V-py3.7/lib/python3.7/site-packages/urllib3/connection.py", line 187, in connect
    conn = self._new_conn()
  File "/root/.cache/pypoetry/virtualenvs/cpdbv2-backend-VA82Wl8V-py3.7/lib/python3.7/site-packages/urllib3/connection.py", line 172, in _new_conn
    self, "Failed to establish a new connection: %s" % e
urllib3.exceptions.NewConnectionError: <urllib3.connection.HTTPConnection object at 0x7ff069b4cf90>: Failed to establish a new connection: [Errno -2] Name or service not known
elasticsearch: DEBUG: > None
urllib3.util.retry: DEBUG: Converted retries value: False -> Retry(total=False, connect=None, read=None, redirect=0, status=None)
urllib3.connectionpool: DEBUG: Starting new HTTP connection (772): elasticsearch:9200
elasticsearch: WARNING: DELETE http://elasticsearch:9200/test_autocompletes [status:N/A request:0.013s]
Traceback (most recent call last):
  File "/root/.cache/pypoetry/virtualenvs/cpdbv2-backend-VA82Wl8V-py3.7/lib/python3.7/site-packages/urllib3/connection.py", line 160, in _new_conn
    (self._dns_host, self.port), self.timeout, **extra_kw
  File "/root/.cache/pypoetry/virtualenvs/cpdbv2-backend-VA82Wl8V-py3.7/lib/python3.7/site-packages/urllib3/util/connection.py", line 61, in create_connection
    for res in socket.getaddrinfo(host, port, family, socket.SOCK_STREAM):
  File "/usr/local/lib/python3.7/socket.py", line 752, in getaddrinfo
    for res in _socket.getaddrinfo(host, port, family, type, proto, flags):
socket.gaierror: [Errno -2] Name or service not known

During handling of the above exception, another exception occurred:

Traceback (most recent call last):
  File "/root/.cache/pypoetry/virtualenvs/cpdbv2-backend-VA82Wl8V-py3.7/lib/python3.7/site-packages/elasticsearch/connection/http_urllib3.py", line 115, in perform_request
    response = self.pool.urlopen(method, url, body, retries=False, headers=self.headers, **kw)
  File "/root/.cache/pypoetry/virtualenvs/cpdbv2-backend-VA82Wl8V-py3.7/lib/python3.7/site-packages/urllib3/connectionpool.py", line 727, in urlopen
    method, url, error=e, _pool=self, _stacktrace=sys.exc_info()[2]
  File "/root/.cache/pypoetry/virtualenvs/cpdbv2-backend-VA82Wl8V-py3.7/lib/python3.7/site-packages/urllib3/util/retry.py", line 386, in increment
    raise six.reraise(type(error), error, _stacktrace)
  File "/root/.cache/pypoetry/virtualenvs/cpdbv2-backend-VA82Wl8V-py3.7/lib/python3.7/site-packages/urllib3/packages/six.py", line 735, in reraise
    raise value
  File "/root/.cache/pypoetry/virtualenvs/cpdbv2-backend-VA82Wl8V-py3.7/lib/python3.7/site-packages/urllib3/connectionpool.py", line 677, in urlopen
    chunked=chunked,
  File "/root/.cache/pypoetry/virtualenvs/cpdbv2-backend-VA82Wl8V-py3.7/lib/python3.7/site-packages/urllib3/connectionpool.py", line 392, in _make_request
    conn.request(method, url, **httplib_request_kw)
  File "/usr/local/lib/python3.7/http/client.py", line 1281, in request
    self._send_request(method, url, body, headers, encode_chunked)
  File "/usr/local/lib/python3.7/http/client.py", line 1327, in _send_request
    self.endheaders(body, encode_chunked=encode_chunked)
  File "/usr/local/lib/python3.7/http/client.py", line 1276, in endheaders
    self._send_output(message_body, encode_chunked=encode_chunked)
  File "/usr/local/lib/python3.7/http/client.py", line 1036, in _send_output
    self.send(msg)
  File "/usr/local/lib/python3.7/http/client.py", line 976, in send
    self.connect()
  File "/root/.cache/pypoetry/virtualenvs/cpdbv2-backend-VA82Wl8V-py3.7/lib/python3.7/site-packages/urllib3/connection.py", line 187, in connect
    conn = self._new_conn()
  File "/root/.cache/pypoetry/virtualenvs/cpdbv2-backend-VA82Wl8V-py3.7/lib/python3.7/site-packages/urllib3/connection.py", line 172, in _new_conn
    self, "Failed to establish a new connection: %s" % e
urllib3.exceptions.NewConnectionError: <urllib3.connection.HTTPConnection object at 0x7ff0696f3f90>: Failed to establish a new connection: [Errno -2] Name or service not known
elasticsearch: DEBUG: > None
--------------------- >> end captured logging << ---------------------

======================================================================
ERROR: test_search_text_content (search.tests.test_workers.CRWorkerTestCase)
----------------------------------------------------------------------
Traceback (most recent call last):
  File "/usr/src/app/cpdb/search/tests/utils.py", line 12, in setUp
    autocompletes_alias.read_index.delete(ignore=404)
  File "/root/.cache/pypoetry/virtualenvs/cpdbv2-backend-VA82Wl8V-py3.7/lib/python3.7/site-packages/elasticsearch_dsl/index.py", line 222, in delete
    self.connection.indices.delete(index=self._name, **kwargs)
  File "/root/.cache/pypoetry/virtualenvs/cpdbv2-backend-VA82Wl8V-py3.7/lib/python3.7/site-packages/elasticsearch/client/utils.py", line 73, in _wrapped
    return func(*args, params=params, **kwargs)
  File "/root/.cache/pypoetry/virtualenvs/cpdbv2-backend-VA82Wl8V-py3.7/lib/python3.7/site-packages/elasticsearch/client/indices.py", line 200, in delete
    params=params)
  File "/root/.cache/pypoetry/virtualenvs/cpdbv2-backend-VA82Wl8V-py3.7/lib/python3.7/site-packages/elasticsearch/transport.py", line 312, in perform_request
    status, headers, data = connection.perform_request(method, url, params, body, ignore=ignore, timeout=timeout)
  File "/root/.cache/pypoetry/virtualenvs/cpdbv2-backend-VA82Wl8V-py3.7/lib/python3.7/site-packages/elasticsearch/connection/http_urllib3.py", line 124, in perform_request
    raise ConnectionError('N/A', str(e), e)
elasticsearch.exceptions.ConnectionError: ConnectionError(<urllib3.connection.HTTPConnection object at 0x7ff06892e490>: Failed to establish a new connection: [Errno -2] Name or service not known) caused by: NewConnectionError(<urllib3.connection.HTTPConnection object at 0x7ff06892e490>: Failed to establish a new connection: [Errno -2] Name or service not known)
-------------------- >> begin captured logging << --------------------
urllib3.util.retry: DEBUG: Converted retries value: False -> Retry(total=False, connect=None, read=None, redirect=0, status=None)
urllib3.connectionpool: DEBUG: Starting new HTTP connection (773): elasticsearch:9200
elasticsearch: WARNING: DELETE http://elasticsearch:9200/test_autocompletes [status:N/A request:0.005s]
Traceback (most recent call last):
  File "/root/.cache/pypoetry/virtualenvs/cpdbv2-backend-VA82Wl8V-py3.7/lib/python3.7/site-packages/urllib3/connection.py", line 160, in _new_conn
    (self._dns_host, self.port), self.timeout, **extra_kw
  File "/root/.cache/pypoetry/virtualenvs/cpdbv2-backend-VA82Wl8V-py3.7/lib/python3.7/site-packages/urllib3/util/connection.py", line 61, in create_connection
    for res in socket.getaddrinfo(host, port, family, socket.SOCK_STREAM):
  File "/usr/local/lib/python3.7/socket.py", line 752, in getaddrinfo
    for res in _socket.getaddrinfo(host, port, family, type, proto, flags):
socket.gaierror: [Errno -2] Name or service not known

During handling of the above exception, another exception occurred:

Traceback (most recent call last):
  File "/root/.cache/pypoetry/virtualenvs/cpdbv2-backend-VA82Wl8V-py3.7/lib/python3.7/site-packages/elasticsearch/connection/http_urllib3.py", line 115, in perform_request
    response = self.pool.urlopen(method, url, body, retries=False, headers=self.headers, **kw)
  File "/root/.cache/pypoetry/virtualenvs/cpdbv2-backend-VA82Wl8V-py3.7/lib/python3.7/site-packages/urllib3/connectionpool.py", line 727, in urlopen
    method, url, error=e, _pool=self, _stacktrace=sys.exc_info()[2]
  File "/root/.cache/pypoetry/virtualenvs/cpdbv2-backend-VA82Wl8V-py3.7/lib/python3.7/site-packages/urllib3/util/retry.py", line 386, in increment
    raise six.reraise(type(error), error, _stacktrace)
  File "/root/.cache/pypoetry/virtualenvs/cpdbv2-backend-VA82Wl8V-py3.7/lib/python3.7/site-packages/urllib3/packages/six.py", line 735, in reraise
    raise value
  File "/root/.cache/pypoetry/virtualenvs/cpdbv2-backend-VA82Wl8V-py3.7/lib/python3.7/site-packages/urllib3/connectionpool.py", line 677, in urlopen
    chunked=chunked,
  File "/root/.cache/pypoetry/virtualenvs/cpdbv2-backend-VA82Wl8V-py3.7/lib/python3.7/site-packages/urllib3/connectionpool.py", line 392, in _make_request
    conn.request(method, url, **httplib_request_kw)
  File "/usr/local/lib/python3.7/http/client.py", line 1281, in request
    self._send_request(method, url, body, headers, encode_chunked)
  File "/usr/local/lib/python3.7/http/client.py", line 1327, in _send_request
    self.endheaders(body, encode_chunked=encode_chunked)
  File "/usr/local/lib/python3.7/http/client.py", line 1276, in endheaders
    self._send_output(message_body, encode_chunked=encode_chunked)
  File "/usr/local/lib/python3.7/http/client.py", line 1036, in _send_output
    self.send(msg)
  File "/usr/local/lib/python3.7/http/client.py", line 976, in send
    self.connect()
  File "/root/.cache/pypoetry/virtualenvs/cpdbv2-backend-VA82Wl8V-py3.7/lib/python3.7/site-packages/urllib3/connection.py", line 187, in connect
    conn = self._new_conn()
  File "/root/.cache/pypoetry/virtualenvs/cpdbv2-backend-VA82Wl8V-py3.7/lib/python3.7/site-packages/urllib3/connection.py", line 172, in _new_conn
    self, "Failed to establish a new connection: %s" % e
urllib3.exceptions.NewConnectionError: <urllib3.connection.HTTPConnection object at 0x7ff0696f38d0>: Failed to establish a new connection: [Errno -2] Name or service not known
elasticsearch: DEBUG: > None
urllib3.util.retry: DEBUG: Converted retries value: False -> Retry(total=False, connect=None, read=None, redirect=0, status=None)
urllib3.connectionpool: DEBUG: Starting new HTTP connection (774): elasticsearch:9200
elasticsearch: WARNING: DELETE http://elasticsearch:9200/test_autocompletes [status:N/A request:0.004s]
Traceback (most recent call last):
  File "/root/.cache/pypoetry/virtualenvs/cpdbv2-backend-VA82Wl8V-py3.7/lib/python3.7/site-packages/urllib3/connection.py", line 160, in _new_conn
    (self._dns_host, self.port), self.timeout, **extra_kw
  File "/root/.cache/pypoetry/virtualenvs/cpdbv2-backend-VA82Wl8V-py3.7/lib/python3.7/site-packages/urllib3/util/connection.py", line 61, in create_connection
    for res in socket.getaddrinfo(host, port, family, socket.SOCK_STREAM):
  File "/usr/local/lib/python3.7/socket.py", line 752, in getaddrinfo
    for res in _socket.getaddrinfo(host, port, family, type, proto, flags):
socket.gaierror: [Errno -2] Name or service not known

During handling of the above exception, another exception occurred:

Traceback (most recent call last):
  File "/root/.cache/pypoetry/virtualenvs/cpdbv2-backend-VA82Wl8V-py3.7/lib/python3.7/site-packages/elasticsearch/connection/http_urllib3.py", line 115, in perform_request
    response = self.pool.urlopen(method, url, body, retries=False, headers=self.headers, **kw)
  File "/root/.cache/pypoetry/virtualenvs/cpdbv2-backend-VA82Wl8V-py3.7/lib/python3.7/site-packages/urllib3/connectionpool.py", line 727, in urlopen
    method, url, error=e, _pool=self, _stacktrace=sys.exc_info()[2]
  File "/root/.cache/pypoetry/virtualenvs/cpdbv2-backend-VA82Wl8V-py3.7/lib/python3.7/site-packages/urllib3/util/retry.py", line 386, in increment
    raise six.reraise(type(error), error, _stacktrace)
  File "/root/.cache/pypoetry/virtualenvs/cpdbv2-backend-VA82Wl8V-py3.7/lib/python3.7/site-packages/urllib3/packages/six.py", line 735, in reraise
    raise value
  File "/root/.cache/pypoetry/virtualenvs/cpdbv2-backend-VA82Wl8V-py3.7/lib/python3.7/site-packages/urllib3/connectionpool.py", line 677, in urlopen
    chunked=chunked,
  File "/root/.cache/pypoetry/virtualenvs/cpdbv2-backend-VA82Wl8V-py3.7/lib/python3.7/site-packages/urllib3/connectionpool.py", line 392, in _make_request
    conn.request(method, url, **httplib_request_kw)
  File "/usr/local/lib/python3.7/http/client.py", line 1281, in request
    self._send_request(method, url, body, headers, encode_chunked)
  File "/usr/local/lib/python3.7/http/client.py", line 1327, in _send_request
    self.endheaders(body, encode_chunked=encode_chunked)
  File "/usr/local/lib/python3.7/http/client.py", line 1276, in endheaders
    self._send_output(message_body, encode_chunked=encode_chunked)
  File "/usr/local/lib/python3.7/http/client.py", line 1036, in _send_output
    self.send(msg)
  File "/usr/local/lib/python3.7/http/client.py", line 976, in send
    self.connect()
  File "/root/.cache/pypoetry/virtualenvs/cpdbv2-backend-VA82Wl8V-py3.7/lib/python3.7/site-packages/urllib3/connection.py", line 187, in connect
    conn = self._new_conn()
  File "/root/.cache/pypoetry/virtualenvs/cpdbv2-backend-VA82Wl8V-py3.7/lib/python3.7/site-packages/urllib3/connection.py", line 172, in _new_conn
    self, "Failed to establish a new connection: %s" % e
urllib3.exceptions.NewConnectionError: <urllib3.connection.HTTPConnection object at 0x7ff0696d7e10>: Failed to establish a new connection: [Errno -2] Name or service not known
elasticsearch: DEBUG: > None
urllib3.util.retry: DEBUG: Converted retries value: False -> Retry(total=False, connect=None, read=None, redirect=0, status=None)
urllib3.connectionpool: DEBUG: Starting new HTTP connection (775): elasticsearch:9200
elasticsearch: WARNING: DELETE http://elasticsearch:9200/test_autocompletes [status:N/A request:0.005s]
Traceback (most recent call last):
  File "/root/.cache/pypoetry/virtualenvs/cpdbv2-backend-VA82Wl8V-py3.7/lib/python3.7/site-packages/urllib3/connection.py", line 160, in _new_conn
    (self._dns_host, self.port), self.timeout, **extra_kw
  File "/root/.cache/pypoetry/virtualenvs/cpdbv2-backend-VA82Wl8V-py3.7/lib/python3.7/site-packages/urllib3/util/connection.py", line 61, in create_connection
    for res in socket.getaddrinfo(host, port, family, socket.SOCK_STREAM):
  File "/usr/local/lib/python3.7/socket.py", line 752, in getaddrinfo
    for res in _socket.getaddrinfo(host, port, family, type, proto, flags):
socket.gaierror: [Errno -2] Name or service not known

During handling of the above exception, another exception occurred:

Traceback (most recent call last):
  File "/root/.cache/pypoetry/virtualenvs/cpdbv2-backend-VA82Wl8V-py3.7/lib/python3.7/site-packages/elasticsearch/connection/http_urllib3.py", line 115, in perform_request
    response = self.pool.urlopen(method, url, body, retries=False, headers=self.headers, **kw)
  File "/root/.cache/pypoetry/virtualenvs/cpdbv2-backend-VA82Wl8V-py3.7/lib/python3.7/site-packages/urllib3/connectionpool.py", line 727, in urlopen
    method, url, error=e, _pool=self, _stacktrace=sys.exc_info()[2]
  File "/root/.cache/pypoetry/virtualenvs/cpdbv2-backend-VA82Wl8V-py3.7/lib/python3.7/site-packages/urllib3/util/retry.py", line 386, in increment
    raise six.reraise(type(error), error, _stacktrace)
  File "/root/.cache/pypoetry/virtualenvs/cpdbv2-backend-VA82Wl8V-py3.7/lib/python3.7/site-packages/urllib3/packages/six.py", line 735, in reraise
    raise value
  File "/root/.cache/pypoetry/virtualenvs/cpdbv2-backend-VA82Wl8V-py3.7/lib/python3.7/site-packages/urllib3/connectionpool.py", line 677, in urlopen
    chunked=chunked,
  File "/root/.cache/pypoetry/virtualenvs/cpdbv2-backend-VA82Wl8V-py3.7/lib/python3.7/site-packages/urllib3/connectionpool.py", line 392, in _make_request
    conn.request(method, url, **httplib_request_kw)
  File "/usr/local/lib/python3.7/http/client.py", line 1281, in request
    self._send_request(method, url, body, headers, encode_chunked)
  File "/usr/local/lib/python3.7/http/client.py", line 1327, in _send_request
    self.endheaders(body, encode_chunked=encode_chunked)
  File "/usr/local/lib/python3.7/http/client.py", line 1276, in endheaders
    self._send_output(message_body, encode_chunked=encode_chunked)
  File "/usr/local/lib/python3.7/http/client.py", line 1036, in _send_output
    self.send(msg)
  File "/usr/local/lib/python3.7/http/client.py", line 976, in send
    self.connect()
  File "/root/.cache/pypoetry/virtualenvs/cpdbv2-backend-VA82Wl8V-py3.7/lib/python3.7/site-packages/urllib3/connection.py", line 187, in connect
    conn = self._new_conn()
  File "/root/.cache/pypoetry/virtualenvs/cpdbv2-backend-VA82Wl8V-py3.7/lib/python3.7/site-packages/urllib3/connection.py", line 172, in _new_conn
    self, "Failed to establish a new connection: %s" % e
urllib3.exceptions.NewConnectionError: <urllib3.connection.HTTPConnection object at 0x7ff0696d7190>: Failed to establish a new connection: [Errno -2] Name or service not known
elasticsearch: DEBUG: > None
urllib3.util.retry: DEBUG: Converted retries value: False -> Retry(total=False, connect=None, read=None, redirect=0, status=None)
urllib3.connectionpool: DEBUG: Starting new HTTP connection (776): elasticsearch:9200
elasticsearch: WARNING: DELETE http://elasticsearch:9200/test_autocompletes [status:N/A request:0.005s]
Traceback (most recent call last):
  File "/root/.cache/pypoetry/virtualenvs/cpdbv2-backend-VA82Wl8V-py3.7/lib/python3.7/site-packages/urllib3/connection.py", line 160, in _new_conn
    (self._dns_host, self.port), self.timeout, **extra_kw
  File "/root/.cache/pypoetry/virtualenvs/cpdbv2-backend-VA82Wl8V-py3.7/lib/python3.7/site-packages/urllib3/util/connection.py", line 61, in create_connection
    for res in socket.getaddrinfo(host, port, family, socket.SOCK_STREAM):
  File "/usr/local/lib/python3.7/socket.py", line 752, in getaddrinfo
    for res in _socket.getaddrinfo(host, port, family, type, proto, flags):
socket.gaierror: [Errno -2] Name or service not known

During handling of the above exception, another exception occurred:

Traceback (most recent call last):
  File "/root/.cache/pypoetry/virtualenvs/cpdbv2-backend-VA82Wl8V-py3.7/lib/python3.7/site-packages/elasticsearch/connection/http_urllib3.py", line 115, in perform_request
    response = self.pool.urlopen(method, url, body, retries=False, headers=self.headers, **kw)
  File "/root/.cache/pypoetry/virtualenvs/cpdbv2-backend-VA82Wl8V-py3.7/lib/python3.7/site-packages/urllib3/connectionpool.py", line 727, in urlopen
    method, url, error=e, _pool=self, _stacktrace=sys.exc_info()[2]
  File "/root/.cache/pypoetry/virtualenvs/cpdbv2-backend-VA82Wl8V-py3.7/lib/python3.7/site-packages/urllib3/util/retry.py", line 386, in increment
    raise six.reraise(type(error), error, _stacktrace)
  File "/root/.cache/pypoetry/virtualenvs/cpdbv2-backend-VA82Wl8V-py3.7/lib/python3.7/site-packages/urllib3/packages/six.py", line 735, in reraise
    raise value
  File "/root/.cache/pypoetry/virtualenvs/cpdbv2-backend-VA82Wl8V-py3.7/lib/python3.7/site-packages/urllib3/connectionpool.py", line 677, in urlopen
    chunked=chunked,
  File "/root/.cache/pypoetry/virtualenvs/cpdbv2-backend-VA82Wl8V-py3.7/lib/python3.7/site-packages/urllib3/connectionpool.py", line 392, in _make_request
    conn.request(method, url, **httplib_request_kw)
  File "/usr/local/lib/python3.7/http/client.py", line 1281, in request
    self._send_request(method, url, body, headers, encode_chunked)
  File "/usr/local/lib/python3.7/http/client.py", line 1327, in _send_request
    self.endheaders(body, encode_chunked=encode_chunked)
  File "/usr/local/lib/python3.7/http/client.py", line 1276, in endheaders
    self._send_output(message_body, encode_chunked=encode_chunked)
  File "/usr/local/lib/python3.7/http/client.py", line 1036, in _send_output
    self.send(msg)
  File "/usr/local/lib/python3.7/http/client.py", line 976, in send
    self.connect()
  File "/root/.cache/pypoetry/virtualenvs/cpdbv2-backend-VA82Wl8V-py3.7/lib/python3.7/site-packages/urllib3/connection.py", line 187, in connect
    conn = self._new_conn()
  File "/root/.cache/pypoetry/virtualenvs/cpdbv2-backend-VA82Wl8V-py3.7/lib/python3.7/site-packages/urllib3/connection.py", line 172, in _new_conn
    self, "Failed to establish a new connection: %s" % e
urllib3.exceptions.NewConnectionError: <urllib3.connection.HTTPConnection object at 0x7ff06892e490>: Failed to establish a new connection: [Errno -2] Name or service not known
elasticsearch: DEBUG: > None
--------------------- >> end captured logging << ---------------------

======================================================================
ERROR: test_search (search.tests.test_workers.CommunityWorkerTestCase)
----------------------------------------------------------------------
Traceback (most recent call last):
  File "/usr/src/app/cpdb/search/tests/utils.py", line 12, in setUp
    autocompletes_alias.read_index.delete(ignore=404)
  File "/root/.cache/pypoetry/virtualenvs/cpdbv2-backend-VA82Wl8V-py3.7/lib/python3.7/site-packages/elasticsearch_dsl/index.py", line 222, in delete
    self.connection.indices.delete(index=self._name, **kwargs)
  File "/root/.cache/pypoetry/virtualenvs/cpdbv2-backend-VA82Wl8V-py3.7/lib/python3.7/site-packages/elasticsearch/client/utils.py", line 73, in _wrapped
    return func(*args, params=params, **kwargs)
  File "/root/.cache/pypoetry/virtualenvs/cpdbv2-backend-VA82Wl8V-py3.7/lib/python3.7/site-packages/elasticsearch/client/indices.py", line 200, in delete
    params=params)
  File "/root/.cache/pypoetry/virtualenvs/cpdbv2-backend-VA82Wl8V-py3.7/lib/python3.7/site-packages/elasticsearch/transport.py", line 312, in perform_request
    status, headers, data = connection.perform_request(method, url, params, body, ignore=ignore, timeout=timeout)
  File "/root/.cache/pypoetry/virtualenvs/cpdbv2-backend-VA82Wl8V-py3.7/lib/python3.7/site-packages/elasticsearch/connection/http_urllib3.py", line 124, in perform_request
    raise ConnectionError('N/A', str(e), e)
elasticsearch.exceptions.ConnectionError: ConnectionError(<urllib3.connection.HTTPConnection object at 0x7ff0696d7050>: Failed to establish a new connection: [Errno -2] Name or service not known) caused by: NewConnectionError(<urllib3.connection.HTTPConnection object at 0x7ff0696d7050>: Failed to establish a new connection: [Errno -2] Name or service not known)
-------------------- >> begin captured logging << --------------------
urllib3.util.retry: DEBUG: Converted retries value: False -> Retry(total=False, connect=None, read=None, redirect=0, status=None)
urllib3.connectionpool: DEBUG: Starting new HTTP connection (777): elasticsearch:9200
elasticsearch: WARNING: DELETE http://elasticsearch:9200/test_autocompletes [status:N/A request:0.004s]
Traceback (most recent call last):
  File "/root/.cache/pypoetry/virtualenvs/cpdbv2-backend-VA82Wl8V-py3.7/lib/python3.7/site-packages/urllib3/connection.py", line 160, in _new_conn
    (self._dns_host, self.port), self.timeout, **extra_kw
  File "/root/.cache/pypoetry/virtualenvs/cpdbv2-backend-VA82Wl8V-py3.7/lib/python3.7/site-packages/urllib3/util/connection.py", line 61, in create_connection
    for res in socket.getaddrinfo(host, port, family, socket.SOCK_STREAM):
  File "/usr/local/lib/python3.7/socket.py", line 752, in getaddrinfo
    for res in _socket.getaddrinfo(host, port, family, type, proto, flags):
socket.gaierror: [Errno -2] Name or service not known

During handling of the above exception, another exception occurred:

Traceback (most recent call last):
  File "/root/.cache/pypoetry/virtualenvs/cpdbv2-backend-VA82Wl8V-py3.7/lib/python3.7/site-packages/elasticsearch/connection/http_urllib3.py", line 115, in perform_request
    response = self.pool.urlopen(method, url, body, retries=False, headers=self.headers, **kw)
  File "/root/.cache/pypoetry/virtualenvs/cpdbv2-backend-VA82Wl8V-py3.7/lib/python3.7/site-packages/urllib3/connectionpool.py", line 727, in urlopen
    method, url, error=e, _pool=self, _stacktrace=sys.exc_info()[2]
  File "/root/.cache/pypoetry/virtualenvs/cpdbv2-backend-VA82Wl8V-py3.7/lib/python3.7/site-packages/urllib3/util/retry.py", line 386, in increment
    raise six.reraise(type(error), error, _stacktrace)
  File "/root/.cache/pypoetry/virtualenvs/cpdbv2-backend-VA82Wl8V-py3.7/lib/python3.7/site-packages/urllib3/packages/six.py", line 735, in reraise
    raise value
  File "/root/.cache/pypoetry/virtualenvs/cpdbv2-backend-VA82Wl8V-py3.7/lib/python3.7/site-packages/urllib3/connectionpool.py", line 677, in urlopen
    chunked=chunked,
  File "/root/.cache/pypoetry/virtualenvs/cpdbv2-backend-VA82Wl8V-py3.7/lib/python3.7/site-packages/urllib3/connectionpool.py", line 392, in _make_request
    conn.request(method, url, **httplib_request_kw)
  File "/usr/local/lib/python3.7/http/client.py", line 1281, in request
    self._send_request(method, url, body, headers, encode_chunked)
  File "/usr/local/lib/python3.7/http/client.py", line 1327, in _send_request
    self.endheaders(body, encode_chunked=encode_chunked)
  File "/usr/local/lib/python3.7/http/client.py", line 1276, in endheaders
    self._send_output(message_body, encode_chunked=encode_chunked)
  File "/usr/local/lib/python3.7/http/client.py", line 1036, in _send_output
    self.send(msg)
  File "/usr/local/lib/python3.7/http/client.py", line 976, in send
    self.connect()
  File "/root/.cache/pypoetry/virtualenvs/cpdbv2-backend-VA82Wl8V-py3.7/lib/python3.7/site-packages/urllib3/connection.py", line 187, in connect
    conn = self._new_conn()
  File "/root/.cache/pypoetry/virtualenvs/cpdbv2-backend-VA82Wl8V-py3.7/lib/python3.7/site-packages/urllib3/connection.py", line 172, in _new_conn
    self, "Failed to establish a new connection: %s" % e
urllib3.exceptions.NewConnectionError: <urllib3.connection.HTTPConnection object at 0x7ff06892ee90>: Failed to establish a new connection: [Errno -2] Name or service not known
elasticsearch: DEBUG: > None
urllib3.util.retry: DEBUG: Converted retries value: False -> Retry(total=False, connect=None, read=None, redirect=0, status=None)
urllib3.connectionpool: DEBUG: Starting new HTTP connection (778): elasticsearch:9200
elasticsearch: WARNING: DELETE http://elasticsearch:9200/test_autocompletes [status:N/A request:0.004s]
Traceback (most recent call last):
  File "/root/.cache/pypoetry/virtualenvs/cpdbv2-backend-VA82Wl8V-py3.7/lib/python3.7/site-packages/urllib3/connection.py", line 160, in _new_conn
    (self._dns_host, self.port), self.timeout, **extra_kw
  File "/root/.cache/pypoetry/virtualenvs/cpdbv2-backend-VA82Wl8V-py3.7/lib/python3.7/site-packages/urllib3/util/connection.py", line 61, in create_connection
    for res in socket.getaddrinfo(host, port, family, socket.SOCK_STREAM):
  File "/usr/local/lib/python3.7/socket.py", line 752, in getaddrinfo
    for res in _socket.getaddrinfo(host, port, family, type, proto, flags):
socket.gaierror: [Errno -2] Name or service not known

During handling of the above exception, another exception occurred:

Traceback (most recent call last):
  File "/root/.cache/pypoetry/virtualenvs/cpdbv2-backend-VA82Wl8V-py3.7/lib/python3.7/site-packages/elasticsearch/connection/http_urllib3.py", line 115, in perform_request
    response = self.pool.urlopen(method, url, body, retries=False, headers=self.headers, **kw)
  File "/root/.cache/pypoetry/virtualenvs/cpdbv2-backend-VA82Wl8V-py3.7/lib/python3.7/site-packages/urllib3/connectionpool.py", line 727, in urlopen
    method, url, error=e, _pool=self, _stacktrace=sys.exc_info()[2]
  File "/root/.cache/pypoetry/virtualenvs/cpdbv2-backend-VA82Wl8V-py3.7/lib/python3.7/site-packages/urllib3/util/retry.py", line 386, in increment
    raise six.reraise(type(error), error, _stacktrace)
  File "/root/.cache/pypoetry/virtualenvs/cpdbv2-backend-VA82Wl8V-py3.7/lib/python3.7/site-packages/urllib3/packages/six.py", line 735, in reraise
    raise value
  File "/root/.cache/pypoetry/virtualenvs/cpdbv2-backend-VA82Wl8V-py3.7/lib/python3.7/site-packages/urllib3/connectionpool.py", line 677, in urlopen
    chunked=chunked,
  File "/root/.cache/pypoetry/virtualenvs/cpdbv2-backend-VA82Wl8V-py3.7/lib/python3.7/site-packages/urllib3/connectionpool.py", line 392, in _make_request
    conn.request(method, url, **httplib_request_kw)
  File "/usr/local/lib/python3.7/http/client.py", line 1281, in request
    self._send_request(method, url, body, headers, encode_chunked)
  File "/usr/local/lib/python3.7/http/client.py", line 1327, in _send_request
    self.endheaders(body, encode_chunked=encode_chunked)
  File "/usr/local/lib/python3.7/http/client.py", line 1276, in endheaders
    self._send_output(message_body, encode_chunked=encode_chunked)
  File "/usr/local/lib/python3.7/http/client.py", line 1036, in _send_output
    self.send(msg)
  File "/usr/local/lib/python3.7/http/client.py", line 976, in send
    self.connect()
  File "/root/.cache/pypoetry/virtualenvs/cpdbv2-backend-VA82Wl8V-py3.7/lib/python3.7/site-packages/urllib3/connection.py", line 187, in connect
    conn = self._new_conn()
  File "/root/.cache/pypoetry/virtualenvs/cpdbv2-backend-VA82Wl8V-py3.7/lib/python3.7/site-packages/urllib3/connection.py", line 172, in _new_conn
    self, "Failed to establish a new connection: %s" % e
urllib3.exceptions.NewConnectionError: <urllib3.connection.HTTPConnection object at 0x7ff06892ea90>: Failed to establish a new connection: [Errno -2] Name or service not known
elasticsearch: DEBUG: > None
urllib3.util.retry: DEBUG: Converted retries value: False -> Retry(total=False, connect=None, read=None, redirect=0, status=None)
urllib3.connectionpool: DEBUG: Starting new HTTP connection (779): elasticsearch:9200
elasticsearch: WARNING: DELETE http://elasticsearch:9200/test_autocompletes [status:N/A request:0.005s]
Traceback (most recent call last):
  File "/root/.cache/pypoetry/virtualenvs/cpdbv2-backend-VA82Wl8V-py3.7/lib/python3.7/site-packages/urllib3/connection.py", line 160, in _new_conn
    (self._dns_host, self.port), self.timeout, **extra_kw
  File "/root/.cache/pypoetry/virtualenvs/cpdbv2-backend-VA82Wl8V-py3.7/lib/python3.7/site-packages/urllib3/util/connection.py", line 61, in create_connection
    for res in socket.getaddrinfo(host, port, family, socket.SOCK_STREAM):
  File "/usr/local/lib/python3.7/socket.py", line 752, in getaddrinfo
    for res in _socket.getaddrinfo(host, port, family, type, proto, flags):
socket.gaierror: [Errno -2] Name or service not known

During handling of the above exception, another exception occurred:

Traceback (most recent call last):
  File "/root/.cache/pypoetry/virtualenvs/cpdbv2-backend-VA82Wl8V-py3.7/lib/python3.7/site-packages/elasticsearch/connection/http_urllib3.py", line 115, in perform_request
    response = self.pool.urlopen(method, url, body, retries=False, headers=self.headers, **kw)
  File "/root/.cache/pypoetry/virtualenvs/cpdbv2-backend-VA82Wl8V-py3.7/lib/python3.7/site-packages/urllib3/connectionpool.py", line 727, in urlopen
    method, url, error=e, _pool=self, _stacktrace=sys.exc_info()[2]
  File "/root/.cache/pypoetry/virtualenvs/cpdbv2-backend-VA82Wl8V-py3.7/lib/python3.7/site-packages/urllib3/util/retry.py", line 386, in increment
    raise six.reraise(type(error), error, _stacktrace)
  File "/root/.cache/pypoetry/virtualenvs/cpdbv2-backend-VA82Wl8V-py3.7/lib/python3.7/site-packages/urllib3/packages/six.py", line 735, in reraise
    raise value
  File "/root/.cache/pypoetry/virtualenvs/cpdbv2-backend-VA82Wl8V-py3.7/lib/python3.7/site-packages/urllib3/connectionpool.py", line 677, in urlopen
    chunked=chunked,
  File "/root/.cache/pypoetry/virtualenvs/cpdbv2-backend-VA82Wl8V-py3.7/lib/python3.7/site-packages/urllib3/connectionpool.py", line 392, in _make_request
    conn.request(method, url, **httplib_request_kw)
  File "/usr/local/lib/python3.7/http/client.py", line 1281, in request
    self._send_request(method, url, body, headers, encode_chunked)
  File "/usr/local/lib/python3.7/http/client.py", line 1327, in _send_request
    self.endheaders(body, encode_chunked=encode_chunked)
  File "/usr/local/lib/python3.7/http/client.py", line 1276, in endheaders
    self._send_output(message_body, encode_chunked=encode_chunked)
  File "/usr/local/lib/python3.7/http/client.py", line 1036, in _send_output
    self.send(msg)
  File "/usr/local/lib/python3.7/http/client.py", line 976, in send
    self.connect()
  File "/root/.cache/pypoetry/virtualenvs/cpdbv2-backend-VA82Wl8V-py3.7/lib/python3.7/site-packages/urllib3/connection.py", line 187, in connect
    conn = self._new_conn()
  File "/root/.cache/pypoetry/virtualenvs/cpdbv2-backend-VA82Wl8V-py3.7/lib/python3.7/site-packages/urllib3/connection.py", line 172, in _new_conn
    self, "Failed to establish a new connection: %s" % e
urllib3.exceptions.NewConnectionError: <urllib3.connection.HTTPConnection object at 0x7ff06892ed50>: Failed to establish a new connection: [Errno -2] Name or service not known
elasticsearch: DEBUG: > None
urllib3.util.retry: DEBUG: Converted retries value: False -> Retry(total=False, connect=None, read=None, redirect=0, status=None)
urllib3.connectionpool: DEBUG: Starting new HTTP connection (780): elasticsearch:9200
elasticsearch: WARNING: DELETE http://elasticsearch:9200/test_autocompletes [status:N/A request:0.004s]
Traceback (most recent call last):
  File "/root/.cache/pypoetry/virtualenvs/cpdbv2-backend-VA82Wl8V-py3.7/lib/python3.7/site-packages/urllib3/connection.py", line 160, in _new_conn
    (self._dns_host, self.port), self.timeout, **extra_kw
  File "/root/.cache/pypoetry/virtualenvs/cpdbv2-backend-VA82Wl8V-py3.7/lib/python3.7/site-packages/urllib3/util/connection.py", line 61, in create_connection
    for res in socket.getaddrinfo(host, port, family, socket.SOCK_STREAM):
  File "/usr/local/lib/python3.7/socket.py", line 752, in getaddrinfo
    for res in _socket.getaddrinfo(host, port, family, type, proto, flags):
socket.gaierror: [Errno -2] Name or service not known

During handling of the above exception, another exception occurred:

Traceback (most recent call last):
  File "/root/.cache/pypoetry/virtualenvs/cpdbv2-backend-VA82Wl8V-py3.7/lib/python3.7/site-packages/elasticsearch/connection/http_urllib3.py", line 115, in perform_request
    response = self.pool.urlopen(method, url, body, retries=False, headers=self.headers, **kw)
  File "/root/.cache/pypoetry/virtualenvs/cpdbv2-backend-VA82Wl8V-py3.7/lib/python3.7/site-packages/urllib3/connectionpool.py", line 727, in urlopen
    method, url, error=e, _pool=self, _stacktrace=sys.exc_info()[2]
  File "/root/.cache/pypoetry/virtualenvs/cpdbv2-backend-VA82Wl8V-py3.7/lib/python3.7/site-packages/urllib3/util/retry.py", line 386, in increment
    raise six.reraise(type(error), error, _stacktrace)
  File "/root/.cache/pypoetry/virtualenvs/cpdbv2-backend-VA82Wl8V-py3.7/lib/python3.7/site-packages/urllib3/packages/six.py", line 735, in reraise
    raise value
  File "/root/.cache/pypoetry/virtualenvs/cpdbv2-backend-VA82Wl8V-py3.7/lib/python3.7/site-packages/urllib3/connectionpool.py", line 677, in urlopen
    chunked=chunked,
  File "/root/.cache/pypoetry/virtualenvs/cpdbv2-backend-VA82Wl8V-py3.7/lib/python3.7/site-packages/urllib3/connectionpool.py", line 392, in _make_request
    conn.request(method, url, **httplib_request_kw)
  File "/usr/local/lib/python3.7/http/client.py", line 1281, in request
    self._send_request(method, url, body, headers, encode_chunked)
  File "/usr/local/lib/python3.7/http/client.py", line 1327, in _send_request
    self.endheaders(body, encode_chunked=encode_chunked)
  File "/usr/local/lib/python3.7/http/client.py", line 1276, in endheaders
    self._send_output(message_body, encode_chunked=encode_chunked)
  File "/usr/local/lib/python3.7/http/client.py", line 1036, in _send_output
    self.send(msg)
  File "/usr/local/lib/python3.7/http/client.py", line 976, in send
    self.connect()
  File "/root/.cache/pypoetry/virtualenvs/cpdbv2-backend-VA82Wl8V-py3.7/lib/python3.7/site-packages/urllib3/connection.py", line 187, in connect
    conn = self._new_conn()
  File "/root/.cache/pypoetry/virtualenvs/cpdbv2-backend-VA82Wl8V-py3.7/lib/python3.7/site-packages/urllib3/connection.py", line 172, in _new_conn
    self, "Failed to establish a new connection: %s" % e
urllib3.exceptions.NewConnectionError: <urllib3.connection.HTTPConnection object at 0x7ff0696d7050>: Failed to establish a new connection: [Errno -2] Name or service not known
elasticsearch: DEBUG: > None
--------------------- >> end captured logging << ---------------------

======================================================================
ERROR: test_search (search.tests.test_workers.DateCRWorkerTestCase)
----------------------------------------------------------------------
Traceback (most recent call last):
  File "/usr/src/app/cpdb/search/tests/utils.py", line 12, in setUp
    autocompletes_alias.read_index.delete(ignore=404)
  File "/root/.cache/pypoetry/virtualenvs/cpdbv2-backend-VA82Wl8V-py3.7/lib/python3.7/site-packages/elasticsearch_dsl/index.py", line 222, in delete
    self.connection.indices.delete(index=self._name, **kwargs)
  File "/root/.cache/pypoetry/virtualenvs/cpdbv2-backend-VA82Wl8V-py3.7/lib/python3.7/site-packages/elasticsearch/client/utils.py", line 73, in _wrapped
    return func(*args, params=params, **kwargs)
  File "/root/.cache/pypoetry/virtualenvs/cpdbv2-backend-VA82Wl8V-py3.7/lib/python3.7/site-packages/elasticsearch/client/indices.py", line 200, in delete
    params=params)
  File "/root/.cache/pypoetry/virtualenvs/cpdbv2-backend-VA82Wl8V-py3.7/lib/python3.7/site-packages/elasticsearch/transport.py", line 312, in perform_request
    status, headers, data = connection.perform_request(method, url, params, body, ignore=ignore, timeout=timeout)
  File "/root/.cache/pypoetry/virtualenvs/cpdbv2-backend-VA82Wl8V-py3.7/lib/python3.7/site-packages/elasticsearch/connection/http_urllib3.py", line 124, in perform_request
    raise ConnectionError('N/A', str(e), e)
elasticsearch.exceptions.ConnectionError: ConnectionError(<urllib3.connection.HTTPConnection object at 0x7ff069375910>: Failed to establish a new connection: [Errno -2] Name or service not known) caused by: NewConnectionError(<urllib3.connection.HTTPConnection object at 0x7ff069375910>: Failed to establish a new connection: [Errno -2] Name or service not known)
-------------------- >> begin captured logging << --------------------
urllib3.util.retry: DEBUG: Converted retries value: False -> Retry(total=False, connect=None, read=None, redirect=0, status=None)
urllib3.connectionpool: DEBUG: Starting new HTTP connection (781): elasticsearch:9200
elasticsearch: WARNING: DELETE http://elasticsearch:9200/test_autocompletes [status:N/A request:0.004s]
Traceback (most recent call last):
  File "/root/.cache/pypoetry/virtualenvs/cpdbv2-backend-VA82Wl8V-py3.7/lib/python3.7/site-packages/urllib3/connection.py", line 160, in _new_conn
    (self._dns_host, self.port), self.timeout, **extra_kw
  File "/root/.cache/pypoetry/virtualenvs/cpdbv2-backend-VA82Wl8V-py3.7/lib/python3.7/site-packages/urllib3/util/connection.py", line 61, in create_connection
    for res in socket.getaddrinfo(host, port, family, socket.SOCK_STREAM):
  File "/usr/local/lib/python3.7/socket.py", line 752, in getaddrinfo
    for res in _socket.getaddrinfo(host, port, family, type, proto, flags):
socket.gaierror: [Errno -2] Name or service not known

During handling of the above exception, another exception occurred:

Traceback (most recent call last):
  File "/root/.cache/pypoetry/virtualenvs/cpdbv2-backend-VA82Wl8V-py3.7/lib/python3.7/site-packages/elasticsearch/connection/http_urllib3.py", line 115, in perform_request
    response = self.pool.urlopen(method, url, body, retries=False, headers=self.headers, **kw)
  File "/root/.cache/pypoetry/virtualenvs/cpdbv2-backend-VA82Wl8V-py3.7/lib/python3.7/site-packages/urllib3/connectionpool.py", line 727, in urlopen
    method, url, error=e, _pool=self, _stacktrace=sys.exc_info()[2]
  File "/root/.cache/pypoetry/virtualenvs/cpdbv2-backend-VA82Wl8V-py3.7/lib/python3.7/site-packages/urllib3/util/retry.py", line 386, in increment
    raise six.reraise(type(error), error, _stacktrace)
  File "/root/.cache/pypoetry/virtualenvs/cpdbv2-backend-VA82Wl8V-py3.7/lib/python3.7/site-packages/urllib3/packages/six.py", line 735, in reraise
    raise value
  File "/root/.cache/pypoetry/virtualenvs/cpdbv2-backend-VA82Wl8V-py3.7/lib/python3.7/site-packages/urllib3/connectionpool.py", line 677, in urlopen
    chunked=chunked,
  File "/root/.cache/pypoetry/virtualenvs/cpdbv2-backend-VA82Wl8V-py3.7/lib/python3.7/site-packages/urllib3/connectionpool.py", line 392, in _make_request
    conn.request(method, url, **httplib_request_kw)
  File "/usr/local/lib/python3.7/http/client.py", line 1281, in request
    self._send_request(method, url, body, headers, encode_chunked)
  File "/usr/local/lib/python3.7/http/client.py", line 1327, in _send_request
    self.endheaders(body, encode_chunked=encode_chunked)
  File "/usr/local/lib/python3.7/http/client.py", line 1276, in endheaders
    self._send_output(message_body, encode_chunked=encode_chunked)
  File "/usr/local/lib/python3.7/http/client.py", line 1036, in _send_output
    self.send(msg)
  File "/usr/local/lib/python3.7/http/client.py", line 976, in send
    self.connect()
  File "/root/.cache/pypoetry/virtualenvs/cpdbv2-backend-VA82Wl8V-py3.7/lib/python3.7/site-packages/urllib3/connection.py", line 187, in connect
    conn = self._new_conn()
  File "/root/.cache/pypoetry/virtualenvs/cpdbv2-backend-VA82Wl8V-py3.7/lib/python3.7/site-packages/urllib3/connection.py", line 172, in _new_conn
    self, "Failed to establish a new connection: %s" % e
urllib3.exceptions.NewConnectionError: <urllib3.connection.HTTPConnection object at 0x7ff0696d7150>: Failed to establish a new connection: [Errno -2] Name or service not known
elasticsearch: DEBUG: > None
urllib3.util.retry: DEBUG: Converted retries value: False -> Retry(total=False, connect=None, read=None, redirect=0, status=None)
urllib3.connectionpool: DEBUG: Starting new HTTP connection (782): elasticsearch:9200
elasticsearch: WARNING: DELETE http://elasticsearch:9200/test_autocompletes [status:N/A request:0.005s]
Traceback (most recent call last):
  File "/root/.cache/pypoetry/virtualenvs/cpdbv2-backend-VA82Wl8V-py3.7/lib/python3.7/site-packages/urllib3/connection.py", line 160, in _new_conn
    (self._dns_host, self.port), self.timeout, **extra_kw
  File "/root/.cache/pypoetry/virtualenvs/cpdbv2-backend-VA82Wl8V-py3.7/lib/python3.7/site-packages/urllib3/util/connection.py", line 61, in create_connection
    for res in socket.getaddrinfo(host, port, family, socket.SOCK_STREAM):
  File "/usr/local/lib/python3.7/socket.py", line 752, in getaddrinfo
    for res in _socket.getaddrinfo(host, port, family, type, proto, flags):
socket.gaierror: [Errno -2] Name or service not known

During handling of the above exception, another exception occurred:

Traceback (most recent call last):
  File "/root/.cache/pypoetry/virtualenvs/cpdbv2-backend-VA82Wl8V-py3.7/lib/python3.7/site-packages/elasticsearch/connection/http_urllib3.py", line 115, in perform_request
    response = self.pool.urlopen(method, url, body, retries=False, headers=self.headers, **kw)
  File "/root/.cache/pypoetry/virtualenvs/cpdbv2-backend-VA82Wl8V-py3.7/lib/python3.7/site-packages/urllib3/connectionpool.py", line 727, in urlopen
    method, url, error=e, _pool=self, _stacktrace=sys.exc_info()[2]
  File "/root/.cache/pypoetry/virtualenvs/cpdbv2-backend-VA82Wl8V-py3.7/lib/python3.7/site-packages/urllib3/util/retry.py", line 386, in increment
    raise six.reraise(type(error), error, _stacktrace)
  File "/root/.cache/pypoetry/virtualenvs/cpdbv2-backend-VA82Wl8V-py3.7/lib/python3.7/site-packages/urllib3/packages/six.py", line 735, in reraise
    raise value
  File "/root/.cache/pypoetry/virtualenvs/cpdbv2-backend-VA82Wl8V-py3.7/lib/python3.7/site-packages/urllib3/connectionpool.py", line 677, in urlopen
    chunked=chunked,
  File "/root/.cache/pypoetry/virtualenvs/cpdbv2-backend-VA82Wl8V-py3.7/lib/python3.7/site-packages/urllib3/connectionpool.py", line 392, in _make_request
    conn.request(method, url, **httplib_request_kw)
  File "/usr/local/lib/python3.7/http/client.py", line 1281, in request
    self._send_request(method, url, body, headers, encode_chunked)
  File "/usr/local/lib/python3.7/http/client.py", line 1327, in _send_request
    self.endheaders(body, encode_chunked=encode_chunked)
  File "/usr/local/lib/python3.7/http/client.py", line 1276, in endheaders
    self._send_output(message_body, encode_chunked=encode_chunked)
  File "/usr/local/lib/python3.7/http/client.py", line 1036, in _send_output
    self.send(msg)
  File "/usr/local/lib/python3.7/http/client.py", line 976, in send
    self.connect()
  File "/root/.cache/pypoetry/virtualenvs/cpdbv2-backend-VA82Wl8V-py3.7/lib/python3.7/site-packages/urllib3/connection.py", line 187, in connect
    conn = self._new_conn()
  File "/root/.cache/pypoetry/virtualenvs/cpdbv2-backend-VA82Wl8V-py3.7/lib/python3.7/site-packages/urllib3/connection.py", line 172, in _new_conn
    self, "Failed to establish a new connection: %s" % e
urllib3.exceptions.NewConnectionError: <urllib3.connection.HTTPConnection object at 0x7ff069b4ccd0>: Failed to establish a new connection: [Errno -2] Name or service not known
elasticsearch: DEBUG: > None
urllib3.util.retry: DEBUG: Converted retries value: False -> Retry(total=False, connect=None, read=None, redirect=0, status=None)
urllib3.connectionpool: DEBUG: Starting new HTTP connection (783): elasticsearch:9200
elasticsearch: WARNING: DELETE http://elasticsearch:9200/test_autocompletes [status:N/A request:0.004s]
Traceback (most recent call last):
  File "/root/.cache/pypoetry/virtualenvs/cpdbv2-backend-VA82Wl8V-py3.7/lib/python3.7/site-packages/urllib3/connection.py", line 160, in _new_conn
    (self._dns_host, self.port), self.timeout, **extra_kw
  File "/root/.cache/pypoetry/virtualenvs/cpdbv2-backend-VA82Wl8V-py3.7/lib/python3.7/site-packages/urllib3/util/connection.py", line 61, in create_connection
    for res in socket.getaddrinfo(host, port, family, socket.SOCK_STREAM):
  File "/usr/local/lib/python3.7/socket.py", line 752, in getaddrinfo
    for res in _socket.getaddrinfo(host, port, family, type, proto, flags):
socket.gaierror: [Errno -2] Name or service not known

During handling of the above exception, another exception occurred:

Traceback (most recent call last):
  File "/root/.cache/pypoetry/virtualenvs/cpdbv2-backend-VA82Wl8V-py3.7/lib/python3.7/site-packages/elasticsearch/connection/http_urllib3.py", line 115, in perform_request
    response = self.pool.urlopen(method, url, body, retries=False, headers=self.headers, **kw)
  File "/root/.cache/pypoetry/virtualenvs/cpdbv2-backend-VA82Wl8V-py3.7/lib/python3.7/site-packages/urllib3/connectionpool.py", line 727, in urlopen
    method, url, error=e, _pool=self, _stacktrace=sys.exc_info()[2]
  File "/root/.cache/pypoetry/virtualenvs/cpdbv2-backend-VA82Wl8V-py3.7/lib/python3.7/site-packages/urllib3/util/retry.py", line 386, in increment
    raise six.reraise(type(error), error, _stacktrace)
  File "/root/.cache/pypoetry/virtualenvs/cpdbv2-backend-VA82Wl8V-py3.7/lib/python3.7/site-packages/urllib3/packages/six.py", line 735, in reraise
    raise value
  File "/root/.cache/pypoetry/virtualenvs/cpdbv2-backend-VA82Wl8V-py3.7/lib/python3.7/site-packages/urllib3/connectionpool.py", line 677, in urlopen
    chunked=chunked,
  File "/root/.cache/pypoetry/virtualenvs/cpdbv2-backend-VA82Wl8V-py3.7/lib/python3.7/site-packages/urllib3/connectionpool.py", line 392, in _make_request
    conn.request(method, url, **httplib_request_kw)
  File "/usr/local/lib/python3.7/http/client.py", line 1281, in request
    self._send_request(method, url, body, headers, encode_chunked)
  File "/usr/local/lib/python3.7/http/client.py", line 1327, in _send_request
    self.endheaders(body, encode_chunked=encode_chunked)
  File "/usr/local/lib/python3.7/http/client.py", line 1276, in endheaders
    self._send_output(message_body, encode_chunked=encode_chunked)
  File "/usr/local/lib/python3.7/http/client.py", line 1036, in _send_output
    self.send(msg)
  File "/usr/local/lib/python3.7/http/client.py", line 976, in send
    self.connect()
  File "/root/.cache/pypoetry/virtualenvs/cpdbv2-backend-VA82Wl8V-py3.7/lib/python3.7/site-packages/urllib3/connection.py", line 187, in connect
    conn = self._new_conn()
  File "/root/.cache/pypoetry/virtualenvs/cpdbv2-backend-VA82Wl8V-py3.7/lib/python3.7/site-packages/urllib3/connection.py", line 172, in _new_conn
    self, "Failed to establish a new connection: %s" % e
urllib3.exceptions.NewConnectionError: <urllib3.connection.HTTPConnection object at 0x7ff069375b90>: Failed to establish a new connection: [Errno -2] Name or service not known
elasticsearch: DEBUG: > None
urllib3.util.retry: DEBUG: Converted retries value: False -> Retry(total=False, connect=None, read=None, redirect=0, status=None)
urllib3.connectionpool: DEBUG: Starting new HTTP connection (784): elasticsearch:9200
elasticsearch: WARNING: DELETE http://elasticsearch:9200/test_autocompletes [status:N/A request:0.004s]
Traceback (most recent call last):
  File "/root/.cache/pypoetry/virtualenvs/cpdbv2-backend-VA82Wl8V-py3.7/lib/python3.7/site-packages/urllib3/connection.py", line 160, in _new_conn
    (self._dns_host, self.port), self.timeout, **extra_kw
  File "/root/.cache/pypoetry/virtualenvs/cpdbv2-backend-VA82Wl8V-py3.7/lib/python3.7/site-packages/urllib3/util/connection.py", line 61, in create_connection
    for res in socket.getaddrinfo(host, port, family, socket.SOCK_STREAM):
  File "/usr/local/lib/python3.7/socket.py", line 752, in getaddrinfo
    for res in _socket.getaddrinfo(host, port, family, type, proto, flags):
socket.gaierror: [Errno -2] Name or service not known

During handling of the above exception, another exception occurred:

Traceback (most recent call last):
  File "/root/.cache/pypoetry/virtualenvs/cpdbv2-backend-VA82Wl8V-py3.7/lib/python3.7/site-packages/elasticsearch/connection/http_urllib3.py", line 115, in perform_request
    response = self.pool.urlopen(method, url, body, retries=False, headers=self.headers, **kw)
  File "/root/.cache/pypoetry/virtualenvs/cpdbv2-backend-VA82Wl8V-py3.7/lib/python3.7/site-packages/urllib3/connectionpool.py", line 727, in urlopen
    method, url, error=e, _pool=self, _stacktrace=sys.exc_info()[2]
  File "/root/.cache/pypoetry/virtualenvs/cpdbv2-backend-VA82Wl8V-py3.7/lib/python3.7/site-packages/urllib3/util/retry.py", line 386, in increment
    raise six.reraise(type(error), error, _stacktrace)
  File "/root/.cache/pypoetry/virtualenvs/cpdbv2-backend-VA82Wl8V-py3.7/lib/python3.7/site-packages/urllib3/packages/six.py", line 735, in reraise
    raise value
  File "/root/.cache/pypoetry/virtualenvs/cpdbv2-backend-VA82Wl8V-py3.7/lib/python3.7/site-packages/urllib3/connectionpool.py", line 677, in urlopen
    chunked=chunked,
  File "/root/.cache/pypoetry/virtualenvs/cpdbv2-backend-VA82Wl8V-py3.7/lib/python3.7/site-packages/urllib3/connectionpool.py", line 392, in _make_request
    conn.request(method, url, **httplib_request_kw)
  File "/usr/local/lib/python3.7/http/client.py", line 1281, in request
    self._send_request(method, url, body, headers, encode_chunked)
  File "/usr/local/lib/python3.7/http/client.py", line 1327, in _send_request
    self.endheaders(body, encode_chunked=encode_chunked)
  File "/usr/local/lib/python3.7/http/client.py", line 1276, in endheaders
    self._send_output(message_body, encode_chunked=encode_chunked)
  File "/usr/local/lib/python3.7/http/client.py", line 1036, in _send_output
    self.send(msg)
  File "/usr/local/lib/python3.7/http/client.py", line 976, in send
    self.connect()
  File "/root/.cache/pypoetry/virtualenvs/cpdbv2-backend-VA82Wl8V-py3.7/lib/python3.7/site-packages/urllib3/connection.py", line 187, in connect
    conn = self._new_conn()
  File "/root/.cache/pypoetry/virtualenvs/cpdbv2-backend-VA82Wl8V-py3.7/lib/python3.7/site-packages/urllib3/connection.py", line 172, in _new_conn
    self, "Failed to establish a new connection: %s" % e
urllib3.exceptions.NewConnectionError: <urllib3.connection.HTTPConnection object at 0x7ff069375910>: Failed to establish a new connection: [Errno -2] Name or service not known
elasticsearch: DEBUG: > None
--------------------- >> end captured logging << ---------------------

======================================================================
ERROR: test_search (search.tests.test_workers.DateTRRWorkerTestCase)
----------------------------------------------------------------------
Traceback (most recent call last):
  File "/usr/src/app/cpdb/search/tests/utils.py", line 12, in setUp
    autocompletes_alias.read_index.delete(ignore=404)
  File "/root/.cache/pypoetry/virtualenvs/cpdbv2-backend-VA82Wl8V-py3.7/lib/python3.7/site-packages/elasticsearch_dsl/index.py", line 222, in delete
    self.connection.indices.delete(index=self._name, **kwargs)
  File "/root/.cache/pypoetry/virtualenvs/cpdbv2-backend-VA82Wl8V-py3.7/lib/python3.7/site-packages/elasticsearch/client/utils.py", line 73, in _wrapped
    return func(*args, params=params, **kwargs)
  File "/root/.cache/pypoetry/virtualenvs/cpdbv2-backend-VA82Wl8V-py3.7/lib/python3.7/site-packages/elasticsearch/client/indices.py", line 200, in delete
    params=params)
  File "/root/.cache/pypoetry/virtualenvs/cpdbv2-backend-VA82Wl8V-py3.7/lib/python3.7/site-packages/elasticsearch/transport.py", line 312, in perform_request
    status, headers, data = connection.perform_request(method, url, params, body, ignore=ignore, timeout=timeout)
  File "/root/.cache/pypoetry/virtualenvs/cpdbv2-backend-VA82Wl8V-py3.7/lib/python3.7/site-packages/elasticsearch/connection/http_urllib3.py", line 124, in perform_request
    raise ConnectionError('N/A', str(e), e)
elasticsearch.exceptions.ConnectionError: ConnectionError(<urllib3.connection.HTTPConnection object at 0x7ff06892e710>: Failed to establish a new connection: [Errno -2] Name or service not known) caused by: NewConnectionError(<urllib3.connection.HTTPConnection object at 0x7ff06892e710>: Failed to establish a new connection: [Errno -2] Name or service not known)
-------------------- >> begin captured logging << --------------------
urllib3.util.retry: DEBUG: Converted retries value: False -> Retry(total=False, connect=None, read=None, redirect=0, status=None)
urllib3.connectionpool: DEBUG: Starting new HTTP connection (785): elasticsearch:9200
elasticsearch: WARNING: DELETE http://elasticsearch:9200/test_autocompletes [status:N/A request:0.005s]
Traceback (most recent call last):
  File "/root/.cache/pypoetry/virtualenvs/cpdbv2-backend-VA82Wl8V-py3.7/lib/python3.7/site-packages/urllib3/connection.py", line 160, in _new_conn
    (self._dns_host, self.port), self.timeout, **extra_kw
  File "/root/.cache/pypoetry/virtualenvs/cpdbv2-backend-VA82Wl8V-py3.7/lib/python3.7/site-packages/urllib3/util/connection.py", line 61, in create_connection
    for res in socket.getaddrinfo(host, port, family, socket.SOCK_STREAM):
  File "/usr/local/lib/python3.7/socket.py", line 752, in getaddrinfo
    for res in _socket.getaddrinfo(host, port, family, type, proto, flags):
socket.gaierror: [Errno -2] Name or service not known

During handling of the above exception, another exception occurred:

Traceback (most recent call last):
  File "/root/.cache/pypoetry/virtualenvs/cpdbv2-backend-VA82Wl8V-py3.7/lib/python3.7/site-packages/elasticsearch/connection/http_urllib3.py", line 115, in perform_request
    response = self.pool.urlopen(method, url, body, retries=False, headers=self.headers, **kw)
  File "/root/.cache/pypoetry/virtualenvs/cpdbv2-backend-VA82Wl8V-py3.7/lib/python3.7/site-packages/urllib3/connectionpool.py", line 727, in urlopen
    method, url, error=e, _pool=self, _stacktrace=sys.exc_info()[2]
  File "/root/.cache/pypoetry/virtualenvs/cpdbv2-backend-VA82Wl8V-py3.7/lib/python3.7/site-packages/urllib3/util/retry.py", line 386, in increment
    raise six.reraise(type(error), error, _stacktrace)
  File "/root/.cache/pypoetry/virtualenvs/cpdbv2-backend-VA82Wl8V-py3.7/lib/python3.7/site-packages/urllib3/packages/six.py", line 735, in reraise
    raise value
  File "/root/.cache/pypoetry/virtualenvs/cpdbv2-backend-VA82Wl8V-py3.7/lib/python3.7/site-packages/urllib3/connectionpool.py", line 677, in urlopen
    chunked=chunked,
  File "/root/.cache/pypoetry/virtualenvs/cpdbv2-backend-VA82Wl8V-py3.7/lib/python3.7/site-packages/urllib3/connectionpool.py", line 392, in _make_request
    conn.request(method, url, **httplib_request_kw)
  File "/usr/local/lib/python3.7/http/client.py", line 1281, in request
    self._send_request(method, url, body, headers, encode_chunked)
  File "/usr/local/lib/python3.7/http/client.py", line 1327, in _send_request
    self.endheaders(body, encode_chunked=encode_chunked)
  File "/usr/local/lib/python3.7/http/client.py", line 1276, in endheaders
    self._send_output(message_body, encode_chunked=encode_chunked)
  File "/usr/local/lib/python3.7/http/client.py", line 1036, in _send_output
    self.send(msg)
  File "/usr/local/lib/python3.7/http/client.py", line 976, in send
    self.connect()
  File "/root/.cache/pypoetry/virtualenvs/cpdbv2-backend-VA82Wl8V-py3.7/lib/python3.7/site-packages/urllib3/connection.py", line 187, in connect
    conn = self._new_conn()
  File "/root/.cache/pypoetry/virtualenvs/cpdbv2-backend-VA82Wl8V-py3.7/lib/python3.7/site-packages/urllib3/connection.py", line 172, in _new_conn
    self, "Failed to establish a new connection: %s" % e
urllib3.exceptions.NewConnectionError: <urllib3.connection.HTTPConnection object at 0x7ff0689e9250>: Failed to establish a new connection: [Errno -2] Name or service not known
elasticsearch: DEBUG: > None
urllib3.util.retry: DEBUG: Converted retries value: False -> Retry(total=False, connect=None, read=None, redirect=0, status=None)
urllib3.connectionpool: DEBUG: Starting new HTTP connection (786): elasticsearch:9200
elasticsearch: WARNING: DELETE http://elasticsearch:9200/test_autocompletes [status:N/A request:0.004s]
Traceback (most recent call last):
  File "/root/.cache/pypoetry/virtualenvs/cpdbv2-backend-VA82Wl8V-py3.7/lib/python3.7/site-packages/urllib3/connection.py", line 160, in _new_conn
    (self._dns_host, self.port), self.timeout, **extra_kw
  File "/root/.cache/pypoetry/virtualenvs/cpdbv2-backend-VA82Wl8V-py3.7/lib/python3.7/site-packages/urllib3/util/connection.py", line 61, in create_connection
    for res in socket.getaddrinfo(host, port, family, socket.SOCK_STREAM):
  File "/usr/local/lib/python3.7/socket.py", line 752, in getaddrinfo
    for res in _socket.getaddrinfo(host, port, family, type, proto, flags):
socket.gaierror: [Errno -2] Name or service not known

During handling of the above exception, another exception occurred:

Traceback (most recent call last):
  File "/root/.cache/pypoetry/virtualenvs/cpdbv2-backend-VA82Wl8V-py3.7/lib/python3.7/site-packages/elasticsearch/connection/http_urllib3.py", line 115, in perform_request
    response = self.pool.urlopen(method, url, body, retries=False, headers=self.headers, **kw)
  File "/root/.cache/pypoetry/virtualenvs/cpdbv2-backend-VA82Wl8V-py3.7/lib/python3.7/site-packages/urllib3/connectionpool.py", line 727, in urlopen
    method, url, error=e, _pool=self, _stacktrace=sys.exc_info()[2]
  File "/root/.cache/pypoetry/virtualenvs/cpdbv2-backend-VA82Wl8V-py3.7/lib/python3.7/site-packages/urllib3/util/retry.py", line 386, in increment
    raise six.reraise(type(error), error, _stacktrace)
  File "/root/.cache/pypoetry/virtualenvs/cpdbv2-backend-VA82Wl8V-py3.7/lib/python3.7/site-packages/urllib3/packages/six.py", line 735, in reraise
    raise value
  File "/root/.cache/pypoetry/virtualenvs/cpdbv2-backend-VA82Wl8V-py3.7/lib/python3.7/site-packages/urllib3/connectionpool.py", line 677, in urlopen
    chunked=chunked,
  File "/root/.cache/pypoetry/virtualenvs/cpdbv2-backend-VA82Wl8V-py3.7/lib/python3.7/site-packages/urllib3/connectionpool.py", line 392, in _make_request
    conn.request(method, url, **httplib_request_kw)
  File "/usr/local/lib/python3.7/http/client.py", line 1281, in request
    self._send_request(method, url, body, headers, encode_chunked)
  File "/usr/local/lib/python3.7/http/client.py", line 1327, in _send_request
    self.endheaders(body, encode_chunked=encode_chunked)
  File "/usr/local/lib/python3.7/http/client.py", line 1276, in endheaders
    self._send_output(message_body, encode_chunked=encode_chunked)
  File "/usr/local/lib/python3.7/http/client.py", line 1036, in _send_output
    self.send(msg)
  File "/usr/local/lib/python3.7/http/client.py", line 976, in send
    self.connect()
  File "/root/.cache/pypoetry/virtualenvs/cpdbv2-backend-VA82Wl8V-py3.7/lib/python3.7/site-packages/urllib3/connection.py", line 187, in connect
    conn = self._new_conn()
  File "/root/.cache/pypoetry/virtualenvs/cpdbv2-backend-VA82Wl8V-py3.7/lib/python3.7/site-packages/urllib3/connection.py", line 172, in _new_conn
    self, "Failed to establish a new connection: %s" % e
urllib3.exceptions.NewConnectionError: <urllib3.connection.HTTPConnection object at 0x7ff068887c10>: Failed to establish a new connection: [Errno -2] Name or service not known
elasticsearch: DEBUG: > None
urllib3.util.retry: DEBUG: Converted retries value: False -> Retry(total=False, connect=None, read=None, redirect=0, status=None)
urllib3.connectionpool: DEBUG: Starting new HTTP connection (787): elasticsearch:9200
elasticsearch: WARNING: DELETE http://elasticsearch:9200/test_autocompletes [status:N/A request:0.004s]
Traceback (most recent call last):
  File "/root/.cache/pypoetry/virtualenvs/cpdbv2-backend-VA82Wl8V-py3.7/lib/python3.7/site-packages/urllib3/connection.py", line 160, in _new_conn
    (self._dns_host, self.port), self.timeout, **extra_kw
  File "/root/.cache/pypoetry/virtualenvs/cpdbv2-backend-VA82Wl8V-py3.7/lib/python3.7/site-packages/urllib3/util/connection.py", line 61, in create_connection
    for res in socket.getaddrinfo(host, port, family, socket.SOCK_STREAM):
  File "/usr/local/lib/python3.7/socket.py", line 752, in getaddrinfo
    for res in _socket.getaddrinfo(host, port, family, type, proto, flags):
socket.gaierror: [Errno -2] Name or service not known

During handling of the above exception, another exception occurred:

Traceback (most recent call last):
  File "/root/.cache/pypoetry/virtualenvs/cpdbv2-backend-VA82Wl8V-py3.7/lib/python3.7/site-packages/elasticsearch/connection/http_urllib3.py", line 115, in perform_request
    response = self.pool.urlopen(method, url, body, retries=False, headers=self.headers, **kw)
  File "/root/.cache/pypoetry/virtualenvs/cpdbv2-backend-VA82Wl8V-py3.7/lib/python3.7/site-packages/urllib3/connectionpool.py", line 727, in urlopen
    method, url, error=e, _pool=self, _stacktrace=sys.exc_info()[2]
  File "/root/.cache/pypoetry/virtualenvs/cpdbv2-backend-VA82Wl8V-py3.7/lib/python3.7/site-packages/urllib3/util/retry.py", line 386, in increment
    raise six.reraise(type(error), error, _stacktrace)
  File "/root/.cache/pypoetry/virtualenvs/cpdbv2-backend-VA82Wl8V-py3.7/lib/python3.7/site-packages/urllib3/packages/six.py", line 735, in reraise
    raise value
  File "/root/.cache/pypoetry/virtualenvs/cpdbv2-backend-VA82Wl8V-py3.7/lib/python3.7/site-packages/urllib3/connectionpool.py", line 677, in urlopen
    chunked=chunked,
  File "/root/.cache/pypoetry/virtualenvs/cpdbv2-backend-VA82Wl8V-py3.7/lib/python3.7/site-packages/urllib3/connectionpool.py", line 392, in _make_request
    conn.request(method, url, **httplib_request_kw)
  File "/usr/local/lib/python3.7/http/client.py", line 1281, in request
    self._send_request(method, url, body, headers, encode_chunked)
  File "/usr/local/lib/python3.7/http/client.py", line 1327, in _send_request
    self.endheaders(body, encode_chunked=encode_chunked)
  File "/usr/local/lib/python3.7/http/client.py", line 1276, in endheaders
    self._send_output(message_body, encode_chunked=encode_chunked)
  File "/usr/local/lib/python3.7/http/client.py", line 1036, in _send_output
    self.send(msg)
  File "/usr/local/lib/python3.7/http/client.py", line 976, in send
    self.connect()
  File "/root/.cache/pypoetry/virtualenvs/cpdbv2-backend-VA82Wl8V-py3.7/lib/python3.7/site-packages/urllib3/connection.py", line 187, in connect
    conn = self._new_conn()
  File "/root/.cache/pypoetry/virtualenvs/cpdbv2-backend-VA82Wl8V-py3.7/lib/python3.7/site-packages/urllib3/connection.py", line 172, in _new_conn
    self, "Failed to establish a new connection: %s" % e
urllib3.exceptions.NewConnectionError: <urllib3.connection.HTTPConnection object at 0x7ff0690c71d0>: Failed to establish a new connection: [Errno -2] Name or service not known
elasticsearch: DEBUG: > None
urllib3.util.retry: DEBUG: Converted retries value: False -> Retry(total=False, connect=None, read=None, redirect=0, status=None)
urllib3.connectionpool: DEBUG: Starting new HTTP connection (788): elasticsearch:9200
elasticsearch: WARNING: DELETE http://elasticsearch:9200/test_autocompletes [status:N/A request:0.005s]
Traceback (most recent call last):
  File "/root/.cache/pypoetry/virtualenvs/cpdbv2-backend-VA82Wl8V-py3.7/lib/python3.7/site-packages/urllib3/connection.py", line 160, in _new_conn
    (self._dns_host, self.port), self.timeout, **extra_kw
  File "/root/.cache/pypoetry/virtualenvs/cpdbv2-backend-VA82Wl8V-py3.7/lib/python3.7/site-packages/urllib3/util/connection.py", line 61, in create_connection
    for res in socket.getaddrinfo(host, port, family, socket.SOCK_STREAM):
  File "/usr/local/lib/python3.7/socket.py", line 752, in getaddrinfo
    for res in _socket.getaddrinfo(host, port, family, type, proto, flags):
socket.gaierror: [Errno -2] Name or service not known

During handling of the above exception, another exception occurred:

Traceback (most recent call last):
  File "/root/.cache/pypoetry/virtualenvs/cpdbv2-backend-VA82Wl8V-py3.7/lib/python3.7/site-packages/elasticsearch/connection/http_urllib3.py", line 115, in perform_request
    response = self.pool.urlopen(method, url, body, retries=False, headers=self.headers, **kw)
  File "/root/.cache/pypoetry/virtualenvs/cpdbv2-backend-VA82Wl8V-py3.7/lib/python3.7/site-packages/urllib3/connectionpool.py", line 727, in urlopen
    method, url, error=e, _pool=self, _stacktrace=sys.exc_info()[2]
  File "/root/.cache/pypoetry/virtualenvs/cpdbv2-backend-VA82Wl8V-py3.7/lib/python3.7/site-packages/urllib3/util/retry.py", line 386, in increment
    raise six.reraise(type(error), error, _stacktrace)
  File "/root/.cache/pypoetry/virtualenvs/cpdbv2-backend-VA82Wl8V-py3.7/lib/python3.7/site-packages/urllib3/packages/six.py", line 735, in reraise
    raise value
  File "/root/.cache/pypoetry/virtualenvs/cpdbv2-backend-VA82Wl8V-py3.7/lib/python3.7/site-packages/urllib3/connectionpool.py", line 677, in urlopen
    chunked=chunked,
  File "/root/.cache/pypoetry/virtualenvs/cpdbv2-backend-VA82Wl8V-py3.7/lib/python3.7/site-packages/urllib3/connectionpool.py", line 392, in _make_request
    conn.request(method, url, **httplib_request_kw)
  File "/usr/local/lib/python3.7/http/client.py", line 1281, in request
    self._send_request(method, url, body, headers, encode_chunked)
  File "/usr/local/lib/python3.7/http/client.py", line 1327, in _send_request
    self.endheaders(body, encode_chunked=encode_chunked)
  File "/usr/local/lib/python3.7/http/client.py", line 1276, in endheaders
    self._send_output(message_body, encode_chunked=encode_chunked)
  File "/usr/local/lib/python3.7/http/client.py", line 1036, in _send_output
    self.send(msg)
  File "/usr/local/lib/python3.7/http/client.py", line 976, in send
    self.connect()
  File "/root/.cache/pypoetry/virtualenvs/cpdbv2-backend-VA82Wl8V-py3.7/lib/python3.7/site-packages/urllib3/connection.py", line 187, in connect
    conn = self._new_conn()
  File "/root/.cache/pypoetry/virtualenvs/cpdbv2-backend-VA82Wl8V-py3.7/lib/python3.7/site-packages/urllib3/connection.py", line 172, in _new_conn
    self, "Failed to establish a new connection: %s" % e
urllib3.exceptions.NewConnectionError: <urllib3.connection.HTTPConnection object at 0x7ff06892e710>: Failed to establish a new connection: [Errno -2] Name or service not known
elasticsearch: DEBUG: > None
--------------------- >> end captured logging << ---------------------

======================================================================
ERROR: test_search (search.tests.test_workers.NeighborhoodsWorkerTestCase)
----------------------------------------------------------------------
Traceback (most recent call last):
  File "/usr/src/app/cpdb/search/tests/utils.py", line 12, in setUp
    autocompletes_alias.read_index.delete(ignore=404)
  File "/root/.cache/pypoetry/virtualenvs/cpdbv2-backend-VA82Wl8V-py3.7/lib/python3.7/site-packages/elasticsearch_dsl/index.py", line 222, in delete
    self.connection.indices.delete(index=self._name, **kwargs)
  File "/root/.cache/pypoetry/virtualenvs/cpdbv2-backend-VA82Wl8V-py3.7/lib/python3.7/site-packages/elasticsearch/client/utils.py", line 73, in _wrapped
    return func(*args, params=params, **kwargs)
  File "/root/.cache/pypoetry/virtualenvs/cpdbv2-backend-VA82Wl8V-py3.7/lib/python3.7/site-packages/elasticsearch/client/indices.py", line 200, in delete
    params=params)
  File "/root/.cache/pypoetry/virtualenvs/cpdbv2-backend-VA82Wl8V-py3.7/lib/python3.7/site-packages/elasticsearch/transport.py", line 312, in perform_request
    status, headers, data = connection.perform_request(method, url, params, body, ignore=ignore, timeout=timeout)
  File "/root/.cache/pypoetry/virtualenvs/cpdbv2-backend-VA82Wl8V-py3.7/lib/python3.7/site-packages/elasticsearch/connection/http_urllib3.py", line 124, in perform_request
    raise ConnectionError('N/A', str(e), e)
elasticsearch.exceptions.ConnectionError: ConnectionError(<urllib3.connection.HTTPConnection object at 0x7ff06892e790>: Failed to establish a new connection: [Errno -2] Name or service not known) caused by: NewConnectionError(<urllib3.connection.HTTPConnection object at 0x7ff06892e790>: Failed to establish a new connection: [Errno -2] Name or service not known)
-------------------- >> begin captured logging << --------------------
urllib3.util.retry: DEBUG: Converted retries value: False -> Retry(total=False, connect=None, read=None, redirect=0, status=None)
urllib3.connectionpool: DEBUG: Starting new HTTP connection (789): elasticsearch:9200
elasticsearch: WARNING: DELETE http://elasticsearch:9200/test_autocompletes [status:N/A request:0.004s]
Traceback (most recent call last):
  File "/root/.cache/pypoetry/virtualenvs/cpdbv2-backend-VA82Wl8V-py3.7/lib/python3.7/site-packages/urllib3/connection.py", line 160, in _new_conn
    (self._dns_host, self.port), self.timeout, **extra_kw
  File "/root/.cache/pypoetry/virtualenvs/cpdbv2-backend-VA82Wl8V-py3.7/lib/python3.7/site-packages/urllib3/util/connection.py", line 61, in create_connection
    for res in socket.getaddrinfo(host, port, family, socket.SOCK_STREAM):
  File "/usr/local/lib/python3.7/socket.py", line 752, in getaddrinfo
    for res in _socket.getaddrinfo(host, port, family, type, proto, flags):
socket.gaierror: [Errno -2] Name or service not known

During handling of the above exception, another exception occurred:

Traceback (most recent call last):
  File "/root/.cache/pypoetry/virtualenvs/cpdbv2-backend-VA82Wl8V-py3.7/lib/python3.7/site-packages/elasticsearch/connection/http_urllib3.py", line 115, in perform_request
    response = self.pool.urlopen(method, url, body, retries=False, headers=self.headers, **kw)
  File "/root/.cache/pypoetry/virtualenvs/cpdbv2-backend-VA82Wl8V-py3.7/lib/python3.7/site-packages/urllib3/connectionpool.py", line 727, in urlopen
    method, url, error=e, _pool=self, _stacktrace=sys.exc_info()[2]
  File "/root/.cache/pypoetry/virtualenvs/cpdbv2-backend-VA82Wl8V-py3.7/lib/python3.7/site-packages/urllib3/util/retry.py", line 386, in increment
    raise six.reraise(type(error), error, _stacktrace)
  File "/root/.cache/pypoetry/virtualenvs/cpdbv2-backend-VA82Wl8V-py3.7/lib/python3.7/site-packages/urllib3/packages/six.py", line 735, in reraise
    raise value
  File "/root/.cache/pypoetry/virtualenvs/cpdbv2-backend-VA82Wl8V-py3.7/lib/python3.7/site-packages/urllib3/connectionpool.py", line 677, in urlopen
    chunked=chunked,
  File "/root/.cache/pypoetry/virtualenvs/cpdbv2-backend-VA82Wl8V-py3.7/lib/python3.7/site-packages/urllib3/connectionpool.py", line 392, in _make_request
    conn.request(method, url, **httplib_request_kw)
  File "/usr/local/lib/python3.7/http/client.py", line 1281, in request
    self._send_request(method, url, body, headers, encode_chunked)
  File "/usr/local/lib/python3.7/http/client.py", line 1327, in _send_request
    self.endheaders(body, encode_chunked=encode_chunked)
  File "/usr/local/lib/python3.7/http/client.py", line 1276, in endheaders
    self._send_output(message_body, encode_chunked=encode_chunked)
  File "/usr/local/lib/python3.7/http/client.py", line 1036, in _send_output
    self.send(msg)
  File "/usr/local/lib/python3.7/http/client.py", line 976, in send
    self.connect()
  File "/root/.cache/pypoetry/virtualenvs/cpdbv2-backend-VA82Wl8V-py3.7/lib/python3.7/site-packages/urllib3/connection.py", line 187, in connect
    conn = self._new_conn()
  File "/root/.cache/pypoetry/virtualenvs/cpdbv2-backend-VA82Wl8V-py3.7/lib/python3.7/site-packages/urllib3/connection.py", line 172, in _new_conn
    self, "Failed to establish a new connection: %s" % e
urllib3.exceptions.NewConnectionError: <urllib3.connection.HTTPConnection object at 0x7ff06892ebd0>: Failed to establish a new connection: [Errno -2] Name or service not known
elasticsearch: DEBUG: > None
urllib3.util.retry: DEBUG: Converted retries value: False -> Retry(total=False, connect=None, read=None, redirect=0, status=None)
urllib3.connectionpool: DEBUG: Starting new HTTP connection (790): elasticsearch:9200
elasticsearch: WARNING: DELETE http://elasticsearch:9200/test_autocompletes [status:N/A request:0.004s]
Traceback (most recent call last):
  File "/root/.cache/pypoetry/virtualenvs/cpdbv2-backend-VA82Wl8V-py3.7/lib/python3.7/site-packages/urllib3/connection.py", line 160, in _new_conn
    (self._dns_host, self.port), self.timeout, **extra_kw
  File "/root/.cache/pypoetry/virtualenvs/cpdbv2-backend-VA82Wl8V-py3.7/lib/python3.7/site-packages/urllib3/util/connection.py", line 61, in create_connection
    for res in socket.getaddrinfo(host, port, family, socket.SOCK_STREAM):
  File "/usr/local/lib/python3.7/socket.py", line 752, in getaddrinfo
    for res in _socket.getaddrinfo(host, port, family, type, proto, flags):
socket.gaierror: [Errno -2] Name or service not known

During handling of the above exception, another exception occurred:

Traceback (most recent call last):
  File "/root/.cache/pypoetry/virtualenvs/cpdbv2-backend-VA82Wl8V-py3.7/lib/python3.7/site-packages/elasticsearch/connection/http_urllib3.py", line 115, in perform_request
    response = self.pool.urlopen(method, url, body, retries=False, headers=self.headers, **kw)
  File "/root/.cache/pypoetry/virtualenvs/cpdbv2-backend-VA82Wl8V-py3.7/lib/python3.7/site-packages/urllib3/connectionpool.py", line 727, in urlopen
    method, url, error=e, _pool=self, _stacktrace=sys.exc_info()[2]
  File "/root/.cache/pypoetry/virtualenvs/cpdbv2-backend-VA82Wl8V-py3.7/lib/python3.7/site-packages/urllib3/util/retry.py", line 386, in increment
    raise six.reraise(type(error), error, _stacktrace)
  File "/root/.cache/pypoetry/virtualenvs/cpdbv2-backend-VA82Wl8V-py3.7/lib/python3.7/site-packages/urllib3/packages/six.py", line 735, in reraise
    raise value
  File "/root/.cache/pypoetry/virtualenvs/cpdbv2-backend-VA82Wl8V-py3.7/lib/python3.7/site-packages/urllib3/connectionpool.py", line 677, in urlopen
    chunked=chunked,
  File "/root/.cache/pypoetry/virtualenvs/cpdbv2-backend-VA82Wl8V-py3.7/lib/python3.7/site-packages/urllib3/connectionpool.py", line 392, in _make_request
    conn.request(method, url, **httplib_request_kw)
  File "/usr/local/lib/python3.7/http/client.py", line 1281, in request
    self._send_request(method, url, body, headers, encode_chunked)
  File "/usr/local/lib/python3.7/http/client.py", line 1327, in _send_request
    self.endheaders(body, encode_chunked=encode_chunked)
  File "/usr/local/lib/python3.7/http/client.py", line 1276, in endheaders
    self._send_output(message_body, encode_chunked=encode_chunked)
  File "/usr/local/lib/python3.7/http/client.py", line 1036, in _send_output
    self.send(msg)
  File "/usr/local/lib/python3.7/http/client.py", line 976, in send
    self.connect()
  File "/root/.cache/pypoetry/virtualenvs/cpdbv2-backend-VA82Wl8V-py3.7/lib/python3.7/site-packages/urllib3/connection.py", line 187, in connect
    conn = self._new_conn()
  File "/root/.cache/pypoetry/virtualenvs/cpdbv2-backend-VA82Wl8V-py3.7/lib/python3.7/site-packages/urllib3/connection.py", line 172, in _new_conn
    self, "Failed to establish a new connection: %s" % e
urllib3.exceptions.NewConnectionError: <urllib3.connection.HTTPConnection object at 0x7ff06892e890>: Failed to establish a new connection: [Errno -2] Name or service not known
elasticsearch: DEBUG: > None
urllib3.util.retry: DEBUG: Converted retries value: False -> Retry(total=False, connect=None, read=None, redirect=0, status=None)
urllib3.connectionpool: DEBUG: Starting new HTTP connection (791): elasticsearch:9200
elasticsearch: WARNING: DELETE http://elasticsearch:9200/test_autocompletes [status:N/A request:0.004s]
Traceback (most recent call last):
  File "/root/.cache/pypoetry/virtualenvs/cpdbv2-backend-VA82Wl8V-py3.7/lib/python3.7/site-packages/urllib3/connection.py", line 160, in _new_conn
    (self._dns_host, self.port), self.timeout, **extra_kw
  File "/root/.cache/pypoetry/virtualenvs/cpdbv2-backend-VA82Wl8V-py3.7/lib/python3.7/site-packages/urllib3/util/connection.py", line 61, in create_connection
    for res in socket.getaddrinfo(host, port, family, socket.SOCK_STREAM):
  File "/usr/local/lib/python3.7/socket.py", line 752, in getaddrinfo
    for res in _socket.getaddrinfo(host, port, family, type, proto, flags):
socket.gaierror: [Errno -2] Name or service not known

During handling of the above exception, another exception occurred:

Traceback (most recent call last):
  File "/root/.cache/pypoetry/virtualenvs/cpdbv2-backend-VA82Wl8V-py3.7/lib/python3.7/site-packages/elasticsearch/connection/http_urllib3.py", line 115, in perform_request
    response = self.pool.urlopen(method, url, body, retries=False, headers=self.headers, **kw)
  File "/root/.cache/pypoetry/virtualenvs/cpdbv2-backend-VA82Wl8V-py3.7/lib/python3.7/site-packages/urllib3/connectionpool.py", line 727, in urlopen
    method, url, error=e, _pool=self, _stacktrace=sys.exc_info()[2]
  File "/root/.cache/pypoetry/virtualenvs/cpdbv2-backend-VA82Wl8V-py3.7/lib/python3.7/site-packages/urllib3/util/retry.py", line 386, in increment
    raise six.reraise(type(error), error, _stacktrace)
  File "/root/.cache/pypoetry/virtualenvs/cpdbv2-backend-VA82Wl8V-py3.7/lib/python3.7/site-packages/urllib3/packages/six.py", line 735, in reraise
    raise value
  File "/root/.cache/pypoetry/virtualenvs/cpdbv2-backend-VA82Wl8V-py3.7/lib/python3.7/site-packages/urllib3/connectionpool.py", line 677, in urlopen
    chunked=chunked,
  File "/root/.cache/pypoetry/virtualenvs/cpdbv2-backend-VA82Wl8V-py3.7/lib/python3.7/site-packages/urllib3/connectionpool.py", line 392, in _make_request
    conn.request(method, url, **httplib_request_kw)
  File "/usr/local/lib/python3.7/http/client.py", line 1281, in request
    self._send_request(method, url, body, headers, encode_chunked)
  File "/usr/local/lib/python3.7/http/client.py", line 1327, in _send_request
    self.endheaders(body, encode_chunked=encode_chunked)
  File "/usr/local/lib/python3.7/http/client.py", line 1276, in endheaders
    self._send_output(message_body, encode_chunked=encode_chunked)
  File "/usr/local/lib/python3.7/http/client.py", line 1036, in _send_output
    self.send(msg)
  File "/usr/local/lib/python3.7/http/client.py", line 976, in send
    self.connect()
  File "/root/.cache/pypoetry/virtualenvs/cpdbv2-backend-VA82Wl8V-py3.7/lib/python3.7/site-packages/urllib3/connection.py", line 187, in connect
    conn = self._new_conn()
  File "/root/.cache/pypoetry/virtualenvs/cpdbv2-backend-VA82Wl8V-py3.7/lib/python3.7/site-packages/urllib3/connection.py", line 172, in _new_conn
    self, "Failed to establish a new connection: %s" % e
urllib3.exceptions.NewConnectionError: <urllib3.connection.HTTPConnection object at 0x7ff06892e3d0>: Failed to establish a new connection: [Errno -2] Name or service not known
elasticsearch: DEBUG: > None
urllib3.util.retry: DEBUG: Converted retries value: False -> Retry(total=False, connect=None, read=None, redirect=0, status=None)
urllib3.connectionpool: DEBUG: Starting new HTTP connection (792): elasticsearch:9200
elasticsearch: WARNING: DELETE http://elasticsearch:9200/test_autocompletes [status:N/A request:0.005s]
Traceback (most recent call last):
  File "/root/.cache/pypoetry/virtualenvs/cpdbv2-backend-VA82Wl8V-py3.7/lib/python3.7/site-packages/urllib3/connection.py", line 160, in _new_conn
    (self._dns_host, self.port), self.timeout, **extra_kw
  File "/root/.cache/pypoetry/virtualenvs/cpdbv2-backend-VA82Wl8V-py3.7/lib/python3.7/site-packages/urllib3/util/connection.py", line 61, in create_connection
    for res in socket.getaddrinfo(host, port, family, socket.SOCK_STREAM):
  File "/usr/local/lib/python3.7/socket.py", line 752, in getaddrinfo
    for res in _socket.getaddrinfo(host, port, family, type, proto, flags):
socket.gaierror: [Errno -2] Name or service not known

During handling of the above exception, another exception occurred:

Traceback (most recent call last):
  File "/root/.cache/pypoetry/virtualenvs/cpdbv2-backend-VA82Wl8V-py3.7/lib/python3.7/site-packages/elasticsearch/connection/http_urllib3.py", line 115, in perform_request
    response = self.pool.urlopen(method, url, body, retries=False, headers=self.headers, **kw)
  File "/root/.cache/pypoetry/virtualenvs/cpdbv2-backend-VA82Wl8V-py3.7/lib/python3.7/site-packages/urllib3/connectionpool.py", line 727, in urlopen
    method, url, error=e, _pool=self, _stacktrace=sys.exc_info()[2]
  File "/root/.cache/pypoetry/virtualenvs/cpdbv2-backend-VA82Wl8V-py3.7/lib/python3.7/site-packages/urllib3/util/retry.py", line 386, in increment
    raise six.reraise(type(error), error, _stacktrace)
  File "/root/.cache/pypoetry/virtualenvs/cpdbv2-backend-VA82Wl8V-py3.7/lib/python3.7/site-packages/urllib3/packages/six.py", line 735, in reraise
    raise value
  File "/root/.cache/pypoetry/virtualenvs/cpdbv2-backend-VA82Wl8V-py3.7/lib/python3.7/site-packages/urllib3/connectionpool.py", line 677, in urlopen
    chunked=chunked,
  File "/root/.cache/pypoetry/virtualenvs/cpdbv2-backend-VA82Wl8V-py3.7/lib/python3.7/site-packages/urllib3/connectionpool.py", line 392, in _make_request
    conn.request(method, url, **httplib_request_kw)
  File "/usr/local/lib/python3.7/http/client.py", line 1281, in request
    self._send_request(method, url, body, headers, encode_chunked)
  File "/usr/local/lib/python3.7/http/client.py", line 1327, in _send_request
    self.endheaders(body, encode_chunked=encode_chunked)
  File "/usr/local/lib/python3.7/http/client.py", line 1276, in endheaders
    self._send_output(message_body, encode_chunked=encode_chunked)
  File "/usr/local/lib/python3.7/http/client.py", line 1036, in _send_output
    self.send(msg)
  File "/usr/local/lib/python3.7/http/client.py", line 976, in send
    self.connect()
  File "/root/.cache/pypoetry/virtualenvs/cpdbv2-backend-VA82Wl8V-py3.7/lib/python3.7/site-packages/urllib3/connection.py", line 187, in connect
    conn = self._new_conn()
  File "/root/.cache/pypoetry/virtualenvs/cpdbv2-backend-VA82Wl8V-py3.7/lib/python3.7/site-packages/urllib3/connection.py", line 172, in _new_conn
    self, "Failed to establish a new connection: %s" % e
urllib3.exceptions.NewConnectionError: <urllib3.connection.HTTPConnection object at 0x7ff06892e790>: Failed to establish a new connection: [Errno -2] Name or service not known
elasticsearch: DEBUG: > None
--------------------- >> end captured logging << ---------------------

======================================================================
ERROR: test_prioritizing_autocomplete_and_keyword_on_badge_and_historic_badges (search.tests.test_workers.OfficerWorkerTestCase)
----------------------------------------------------------------------
Traceback (most recent call last):
  File "/usr/src/app/cpdb/search/tests/utils.py", line 12, in setUp
    autocompletes_alias.read_index.delete(ignore=404)
  File "/root/.cache/pypoetry/virtualenvs/cpdbv2-backend-VA82Wl8V-py3.7/lib/python3.7/site-packages/elasticsearch_dsl/index.py", line 222, in delete
    self.connection.indices.delete(index=self._name, **kwargs)
  File "/root/.cache/pypoetry/virtualenvs/cpdbv2-backend-VA82Wl8V-py3.7/lib/python3.7/site-packages/elasticsearch/client/utils.py", line 73, in _wrapped
    return func(*args, params=params, **kwargs)
  File "/root/.cache/pypoetry/virtualenvs/cpdbv2-backend-VA82Wl8V-py3.7/lib/python3.7/site-packages/elasticsearch/client/indices.py", line 200, in delete
    params=params)
  File "/root/.cache/pypoetry/virtualenvs/cpdbv2-backend-VA82Wl8V-py3.7/lib/python3.7/site-packages/elasticsearch/transport.py", line 312, in perform_request
    status, headers, data = connection.perform_request(method, url, params, body, ignore=ignore, timeout=timeout)
  File "/root/.cache/pypoetry/virtualenvs/cpdbv2-backend-VA82Wl8V-py3.7/lib/python3.7/site-packages/elasticsearch/connection/http_urllib3.py", line 124, in perform_request
    raise ConnectionError('N/A', str(e), e)
elasticsearch.exceptions.ConnectionError: ConnectionError(<urllib3.connection.HTTPConnection object at 0x7ff06892e5d0>: Failed to establish a new connection: [Errno -2] Name or service not known) caused by: NewConnectionError(<urllib3.connection.HTTPConnection object at 0x7ff06892e5d0>: Failed to establish a new connection: [Errno -2] Name or service not known)
-------------------- >> begin captured logging << --------------------
urllib3.util.retry: DEBUG: Converted retries value: False -> Retry(total=False, connect=None, read=None, redirect=0, status=None)
urllib3.connectionpool: DEBUG: Starting new HTTP connection (793): elasticsearch:9200
elasticsearch: WARNING: DELETE http://elasticsearch:9200/test_autocompletes [status:N/A request:0.004s]
Traceback (most recent call last):
  File "/root/.cache/pypoetry/virtualenvs/cpdbv2-backend-VA82Wl8V-py3.7/lib/python3.7/site-packages/urllib3/connection.py", line 160, in _new_conn
    (self._dns_host, self.port), self.timeout, **extra_kw
  File "/root/.cache/pypoetry/virtualenvs/cpdbv2-backend-VA82Wl8V-py3.7/lib/python3.7/site-packages/urllib3/util/connection.py", line 61, in create_connection
    for res in socket.getaddrinfo(host, port, family, socket.SOCK_STREAM):
  File "/usr/local/lib/python3.7/socket.py", line 752, in getaddrinfo
    for res in _socket.getaddrinfo(host, port, family, type, proto, flags):
socket.gaierror: [Errno -2] Name or service not known

During handling of the above exception, another exception occurred:

Traceback (most recent call last):
  File "/root/.cache/pypoetry/virtualenvs/cpdbv2-backend-VA82Wl8V-py3.7/lib/python3.7/site-packages/elasticsearch/connection/http_urllib3.py", line 115, in perform_request
    response = self.pool.urlopen(method, url, body, retries=False, headers=self.headers, **kw)
  File "/root/.cache/pypoetry/virtualenvs/cpdbv2-backend-VA82Wl8V-py3.7/lib/python3.7/site-packages/urllib3/connectionpool.py", line 727, in urlopen
    method, url, error=e, _pool=self, _stacktrace=sys.exc_info()[2]
  File "/root/.cache/pypoetry/virtualenvs/cpdbv2-backend-VA82Wl8V-py3.7/lib/python3.7/site-packages/urllib3/util/retry.py", line 386, in increment
    raise six.reraise(type(error), error, _stacktrace)
  File "/root/.cache/pypoetry/virtualenvs/cpdbv2-backend-VA82Wl8V-py3.7/lib/python3.7/site-packages/urllib3/packages/six.py", line 735, in reraise
    raise value
  File "/root/.cache/pypoetry/virtualenvs/cpdbv2-backend-VA82Wl8V-py3.7/lib/python3.7/site-packages/urllib3/connectionpool.py", line 677, in urlopen
    chunked=chunked,
  File "/root/.cache/pypoetry/virtualenvs/cpdbv2-backend-VA82Wl8V-py3.7/lib/python3.7/site-packages/urllib3/connectionpool.py", line 392, in _make_request
    conn.request(method, url, **httplib_request_kw)
  File "/usr/local/lib/python3.7/http/client.py", line 1281, in request
    self._send_request(method, url, body, headers, encode_chunked)
  File "/usr/local/lib/python3.7/http/client.py", line 1327, in _send_request
    self.endheaders(body, encode_chunked=encode_chunked)
  File "/usr/local/lib/python3.7/http/client.py", line 1276, in endheaders
    self._send_output(message_body, encode_chunked=encode_chunked)
  File "/usr/local/lib/python3.7/http/client.py", line 1036, in _send_output
    self.send(msg)
  File "/usr/local/lib/python3.7/http/client.py", line 976, in send
    self.connect()
  File "/root/.cache/pypoetry/virtualenvs/cpdbv2-backend-VA82Wl8V-py3.7/lib/python3.7/site-packages/urllib3/connection.py", line 187, in connect
    conn = self._new_conn()
  File "/root/.cache/pypoetry/virtualenvs/cpdbv2-backend-VA82Wl8V-py3.7/lib/python3.7/site-packages/urllib3/connection.py", line 172, in _new_conn
    self, "Failed to establish a new connection: %s" % e
urllib3.exceptions.NewConnectionError: <urllib3.connection.HTTPConnection object at 0x7ff06892e350>: Failed to establish a new connection: [Errno -2] Name or service not known
elasticsearch: DEBUG: > None
urllib3.util.retry: DEBUG: Converted retries value: False -> Retry(total=False, connect=None, read=None, redirect=0, status=None)
urllib3.connectionpool: DEBUG: Starting new HTTP connection (794): elasticsearch:9200
elasticsearch: WARNING: DELETE http://elasticsearch:9200/test_autocompletes [status:N/A request:0.004s]
Traceback (most recent call last):
  File "/root/.cache/pypoetry/virtualenvs/cpdbv2-backend-VA82Wl8V-py3.7/lib/python3.7/site-packages/urllib3/connection.py", line 160, in _new_conn
    (self._dns_host, self.port), self.timeout, **extra_kw
  File "/root/.cache/pypoetry/virtualenvs/cpdbv2-backend-VA82Wl8V-py3.7/lib/python3.7/site-packages/urllib3/util/connection.py", line 61, in create_connection
    for res in socket.getaddrinfo(host, port, family, socket.SOCK_STREAM):
  File "/usr/local/lib/python3.7/socket.py", line 752, in getaddrinfo
    for res in _socket.getaddrinfo(host, port, family, type, proto, flags):
socket.gaierror: [Errno -2] Name or service not known

During handling of the above exception, another exception occurred:

Traceback (most recent call last):
  File "/root/.cache/pypoetry/virtualenvs/cpdbv2-backend-VA82Wl8V-py3.7/lib/python3.7/site-packages/elasticsearch/connection/http_urllib3.py", line 115, in perform_request
    response = self.pool.urlopen(method, url, body, retries=False, headers=self.headers, **kw)
  File "/root/.cache/pypoetry/virtualenvs/cpdbv2-backend-VA82Wl8V-py3.7/lib/python3.7/site-packages/urllib3/connectionpool.py", line 727, in urlopen
    method, url, error=e, _pool=self, _stacktrace=sys.exc_info()[2]
  File "/root/.cache/pypoetry/virtualenvs/cpdbv2-backend-VA82Wl8V-py3.7/lib/python3.7/site-packages/urllib3/util/retry.py", line 386, in increment
    raise six.reraise(type(error), error, _stacktrace)
  File "/root/.cache/pypoetry/virtualenvs/cpdbv2-backend-VA82Wl8V-py3.7/lib/python3.7/site-packages/urllib3/packages/six.py", line 735, in reraise
    raise value
  File "/root/.cache/pypoetry/virtualenvs/cpdbv2-backend-VA82Wl8V-py3.7/lib/python3.7/site-packages/urllib3/connectionpool.py", line 677, in urlopen
    chunked=chunked,
  File "/root/.cache/pypoetry/virtualenvs/cpdbv2-backend-VA82Wl8V-py3.7/lib/python3.7/site-packages/urllib3/connectionpool.py", line 392, in _make_request
    conn.request(method, url, **httplib_request_kw)
  File "/usr/local/lib/python3.7/http/client.py", line 1281, in request
    self._send_request(method, url, body, headers, encode_chunked)
  File "/usr/local/lib/python3.7/http/client.py", line 1327, in _send_request
    self.endheaders(body, encode_chunked=encode_chunked)
  File "/usr/local/lib/python3.7/http/client.py", line 1276, in endheaders
    self._send_output(message_body, encode_chunked=encode_chunked)
  File "/usr/local/lib/python3.7/http/client.py", line 1036, in _send_output
    self.send(msg)
  File "/usr/local/lib/python3.7/http/client.py", line 976, in send
    self.connect()
  File "/root/.cache/pypoetry/virtualenvs/cpdbv2-backend-VA82Wl8V-py3.7/lib/python3.7/site-packages/urllib3/connection.py", line 187, in connect
    conn = self._new_conn()
  File "/root/.cache/pypoetry/virtualenvs/cpdbv2-backend-VA82Wl8V-py3.7/lib/python3.7/site-packages/urllib3/connection.py", line 172, in _new_conn
    self, "Failed to establish a new connection: %s" % e
urllib3.exceptions.NewConnectionError: <urllib3.connection.HTTPConnection object at 0x7ff0688597d0>: Failed to establish a new connection: [Errno -2] Name or service not known
elasticsearch: DEBUG: > None
urllib3.util.retry: DEBUG: Converted retries value: False -> Retry(total=False, connect=None, read=None, redirect=0, status=None)
urllib3.connectionpool: DEBUG: Starting new HTTP connection (795): elasticsearch:9200
elasticsearch: WARNING: DELETE http://elasticsearch:9200/test_autocompletes [status:N/A request:0.005s]
Traceback (most recent call last):
  File "/root/.cache/pypoetry/virtualenvs/cpdbv2-backend-VA82Wl8V-py3.7/lib/python3.7/site-packages/urllib3/connection.py", line 160, in _new_conn
    (self._dns_host, self.port), self.timeout, **extra_kw
  File "/root/.cache/pypoetry/virtualenvs/cpdbv2-backend-VA82Wl8V-py3.7/lib/python3.7/site-packages/urllib3/util/connection.py", line 61, in create_connection
    for res in socket.getaddrinfo(host, port, family, socket.SOCK_STREAM):
  File "/usr/local/lib/python3.7/socket.py", line 752, in getaddrinfo
    for res in _socket.getaddrinfo(host, port, family, type, proto, flags):
socket.gaierror: [Errno -2] Name or service not known

During handling of the above exception, another exception occurred:

Traceback (most recent call last):
  File "/root/.cache/pypoetry/virtualenvs/cpdbv2-backend-VA82Wl8V-py3.7/lib/python3.7/site-packages/elasticsearch/connection/http_urllib3.py", line 115, in perform_request
    response = self.pool.urlopen(method, url, body, retries=False, headers=self.headers, **kw)
  File "/root/.cache/pypoetry/virtualenvs/cpdbv2-backend-VA82Wl8V-py3.7/lib/python3.7/site-packages/urllib3/connectionpool.py", line 727, in urlopen
    method, url, error=e, _pool=self, _stacktrace=sys.exc_info()[2]
  File "/root/.cache/pypoetry/virtualenvs/cpdbv2-backend-VA82Wl8V-py3.7/lib/python3.7/site-packages/urllib3/util/retry.py", line 386, in increment
    raise six.reraise(type(error), error, _stacktrace)
  File "/root/.cache/pypoetry/virtualenvs/cpdbv2-backend-VA82Wl8V-py3.7/lib/python3.7/site-packages/urllib3/packages/six.py", line 735, in reraise
    raise value
  File "/root/.cache/pypoetry/virtualenvs/cpdbv2-backend-VA82Wl8V-py3.7/lib/python3.7/site-packages/urllib3/connectionpool.py", line 677, in urlopen
    chunked=chunked,
  File "/root/.cache/pypoetry/virtualenvs/cpdbv2-backend-VA82Wl8V-py3.7/lib/python3.7/site-packages/urllib3/connectionpool.py", line 392, in _make_request
    conn.request(method, url, **httplib_request_kw)
  File "/usr/local/lib/python3.7/http/client.py", line 1281, in request
    self._send_request(method, url, body, headers, encode_chunked)
  File "/usr/local/lib/python3.7/http/client.py", line 1327, in _send_request
    self.endheaders(body, encode_chunked=encode_chunked)
  File "/usr/local/lib/python3.7/http/client.py", line 1276, in endheaders
    self._send_output(message_body, encode_chunked=encode_chunked)
  File "/usr/local/lib/python3.7/http/client.py", line 1036, in _send_output
    self.send(msg)
  File "/usr/local/lib/python3.7/http/client.py", line 976, in send
    self.connect()
  File "/root/.cache/pypoetry/virtualenvs/cpdbv2-backend-VA82Wl8V-py3.7/lib/python3.7/site-packages/urllib3/connection.py", line 187, in connect
    conn = self._new_conn()
  File "/root/.cache/pypoetry/virtualenvs/cpdbv2-backend-VA82Wl8V-py3.7/lib/python3.7/site-packages/urllib3/connection.py", line 172, in _new_conn
    self, "Failed to establish a new connection: %s" % e
urllib3.exceptions.NewConnectionError: <urllib3.connection.HTTPConnection object at 0x7ff06892e350>: Failed to establish a new connection: [Errno -2] Name or service not known
elasticsearch: DEBUG: > None
urllib3.util.retry: DEBUG: Converted retries value: False -> Retry(total=False, connect=None, read=None, redirect=0, status=None)
urllib3.connectionpool: DEBUG: Starting new HTTP connection (796): elasticsearch:9200
elasticsearch: WARNING: DELETE http://elasticsearch:9200/test_autocompletes [status:N/A request:0.004s]
Traceback (most recent call last):
  File "/root/.cache/pypoetry/virtualenvs/cpdbv2-backend-VA82Wl8V-py3.7/lib/python3.7/site-packages/urllib3/connection.py", line 160, in _new_conn
    (self._dns_host, self.port), self.timeout, **extra_kw
  File "/root/.cache/pypoetry/virtualenvs/cpdbv2-backend-VA82Wl8V-py3.7/lib/python3.7/site-packages/urllib3/util/connection.py", line 61, in create_connection
    for res in socket.getaddrinfo(host, port, family, socket.SOCK_STREAM):
  File "/usr/local/lib/python3.7/socket.py", line 752, in getaddrinfo
    for res in _socket.getaddrinfo(host, port, family, type, proto, flags):
socket.gaierror: [Errno -2] Name or service not known

During handling of the above exception, another exception occurred:

Traceback (most recent call last):
  File "/root/.cache/pypoetry/virtualenvs/cpdbv2-backend-VA82Wl8V-py3.7/lib/python3.7/site-packages/elasticsearch/connection/http_urllib3.py", line 115, in perform_request
    response = self.pool.urlopen(method, url, body, retries=False, headers=self.headers, **kw)
  File "/root/.cache/pypoetry/virtualenvs/cpdbv2-backend-VA82Wl8V-py3.7/lib/python3.7/site-packages/urllib3/connectionpool.py", line 727, in urlopen
    method, url, error=e, _pool=self, _stacktrace=sys.exc_info()[2]
  File "/root/.cache/pypoetry/virtualenvs/cpdbv2-backend-VA82Wl8V-py3.7/lib/python3.7/site-packages/urllib3/util/retry.py", line 386, in increment
    raise six.reraise(type(error), error, _stacktrace)
  File "/root/.cache/pypoetry/virtualenvs/cpdbv2-backend-VA82Wl8V-py3.7/lib/python3.7/site-packages/urllib3/packages/six.py", line 735, in reraise
    raise value
  File "/root/.cache/pypoetry/virtualenvs/cpdbv2-backend-VA82Wl8V-py3.7/lib/python3.7/site-packages/urllib3/connectionpool.py", line 677, in urlopen
    chunked=chunked,
  File "/root/.cache/pypoetry/virtualenvs/cpdbv2-backend-VA82Wl8V-py3.7/lib/python3.7/site-packages/urllib3/connectionpool.py", line 392, in _make_request
    conn.request(method, url, **httplib_request_kw)
  File "/usr/local/lib/python3.7/http/client.py", line 1281, in request
    self._send_request(method, url, body, headers, encode_chunked)
  File "/usr/local/lib/python3.7/http/client.py", line 1327, in _send_request
    self.endheaders(body, encode_chunked=encode_chunked)
  File "/usr/local/lib/python3.7/http/client.py", line 1276, in endheaders
    self._send_output(message_body, encode_chunked=encode_chunked)
  File "/usr/local/lib/python3.7/http/client.py", line 1036, in _send_output
    self.send(msg)
  File "/usr/local/lib/python3.7/http/client.py", line 976, in send
    self.connect()
  File "/root/.cache/pypoetry/virtualenvs/cpdbv2-backend-VA82Wl8V-py3.7/lib/python3.7/site-packages/urllib3/connection.py", line 187, in connect
    conn = self._new_conn()
  File "/root/.cache/pypoetry/virtualenvs/cpdbv2-backend-VA82Wl8V-py3.7/lib/python3.7/site-packages/urllib3/connection.py", line 172, in _new_conn
    self, "Failed to establish a new connection: %s" % e
urllib3.exceptions.NewConnectionError: <urllib3.connection.HTTPConnection object at 0x7ff06892e5d0>: Failed to establish a new connection: [Errno -2] Name or service not known
elasticsearch: DEBUG: > None
--------------------- >> end captured logging << ---------------------

======================================================================
ERROR: test_search_by_officer_id (search.tests.test_workers.OfficerWorkerTestCase)
----------------------------------------------------------------------
Traceback (most recent call last):
  File "/usr/src/app/cpdb/search/tests/utils.py", line 12, in setUp
    autocompletes_alias.read_index.delete(ignore=404)
  File "/root/.cache/pypoetry/virtualenvs/cpdbv2-backend-VA82Wl8V-py3.7/lib/python3.7/site-packages/elasticsearch_dsl/index.py", line 222, in delete
    self.connection.indices.delete(index=self._name, **kwargs)
  File "/root/.cache/pypoetry/virtualenvs/cpdbv2-backend-VA82Wl8V-py3.7/lib/python3.7/site-packages/elasticsearch/client/utils.py", line 73, in _wrapped
    return func(*args, params=params, **kwargs)
  File "/root/.cache/pypoetry/virtualenvs/cpdbv2-backend-VA82Wl8V-py3.7/lib/python3.7/site-packages/elasticsearch/client/indices.py", line 200, in delete
    params=params)
  File "/root/.cache/pypoetry/virtualenvs/cpdbv2-backend-VA82Wl8V-py3.7/lib/python3.7/site-packages/elasticsearch/transport.py", line 312, in perform_request
    status, headers, data = connection.perform_request(method, url, params, body, ignore=ignore, timeout=timeout)
  File "/root/.cache/pypoetry/virtualenvs/cpdbv2-backend-VA82Wl8V-py3.7/lib/python3.7/site-packages/elasticsearch/connection/http_urllib3.py", line 124, in perform_request
    raise ConnectionError('N/A', str(e), e)
elasticsearch.exceptions.ConnectionError: ConnectionError(<urllib3.connection.HTTPConnection object at 0x7ff0690c7290>: Failed to establish a new connection: [Errno -2] Name or service not known) caused by: NewConnectionError(<urllib3.connection.HTTPConnection object at 0x7ff0690c7290>: Failed to establish a new connection: [Errno -2] Name or service not known)
-------------------- >> begin captured logging << --------------------
urllib3.util.retry: DEBUG: Converted retries value: False -> Retry(total=False, connect=None, read=None, redirect=0, status=None)
urllib3.connectionpool: DEBUG: Starting new HTTP connection (797): elasticsearch:9200
elasticsearch: WARNING: DELETE http://elasticsearch:9200/test_autocompletes [status:N/A request:0.004s]
Traceback (most recent call last):
  File "/root/.cache/pypoetry/virtualenvs/cpdbv2-backend-VA82Wl8V-py3.7/lib/python3.7/site-packages/urllib3/connection.py", line 160, in _new_conn
    (self._dns_host, self.port), self.timeout, **extra_kw
  File "/root/.cache/pypoetry/virtualenvs/cpdbv2-backend-VA82Wl8V-py3.7/lib/python3.7/site-packages/urllib3/util/connection.py", line 61, in create_connection
    for res in socket.getaddrinfo(host, port, family, socket.SOCK_STREAM):
  File "/usr/local/lib/python3.7/socket.py", line 752, in getaddrinfo
    for res in _socket.getaddrinfo(host, port, family, type, proto, flags):
socket.gaierror: [Errno -2] Name or service not known

During handling of the above exception, another exception occurred:

Traceback (most recent call last):
  File "/root/.cache/pypoetry/virtualenvs/cpdbv2-backend-VA82Wl8V-py3.7/lib/python3.7/site-packages/elasticsearch/connection/http_urllib3.py", line 115, in perform_request
    response = self.pool.urlopen(method, url, body, retries=False, headers=self.headers, **kw)
  File "/root/.cache/pypoetry/virtualenvs/cpdbv2-backend-VA82Wl8V-py3.7/lib/python3.7/site-packages/urllib3/connectionpool.py", line 727, in urlopen
    method, url, error=e, _pool=self, _stacktrace=sys.exc_info()[2]
  File "/root/.cache/pypoetry/virtualenvs/cpdbv2-backend-VA82Wl8V-py3.7/lib/python3.7/site-packages/urllib3/util/retry.py", line 386, in increment
    raise six.reraise(type(error), error, _stacktrace)
  File "/root/.cache/pypoetry/virtualenvs/cpdbv2-backend-VA82Wl8V-py3.7/lib/python3.7/site-packages/urllib3/packages/six.py", line 735, in reraise
    raise value
  File "/root/.cache/pypoetry/virtualenvs/cpdbv2-backend-VA82Wl8V-py3.7/lib/python3.7/site-packages/urllib3/connectionpool.py", line 677, in urlopen
    chunked=chunked,
  File "/root/.cache/pypoetry/virtualenvs/cpdbv2-backend-VA82Wl8V-py3.7/lib/python3.7/site-packages/urllib3/connectionpool.py", line 392, in _make_request
    conn.request(method, url, **httplib_request_kw)
  File "/usr/local/lib/python3.7/http/client.py", line 1281, in request
    self._send_request(method, url, body, headers, encode_chunked)
  File "/usr/local/lib/python3.7/http/client.py", line 1327, in _send_request
    self.endheaders(body, encode_chunked=encode_chunked)
  File "/usr/local/lib/python3.7/http/client.py", line 1276, in endheaders
    self._send_output(message_body, encode_chunked=encode_chunked)
  File "/usr/local/lib/python3.7/http/client.py", line 1036, in _send_output
    self.send(msg)
  File "/usr/local/lib/python3.7/http/client.py", line 976, in send
    self.connect()
  File "/root/.cache/pypoetry/virtualenvs/cpdbv2-backend-VA82Wl8V-py3.7/lib/python3.7/site-packages/urllib3/connection.py", line 187, in connect
    conn = self._new_conn()
  File "/root/.cache/pypoetry/virtualenvs/cpdbv2-backend-VA82Wl8V-py3.7/lib/python3.7/site-packages/urllib3/connection.py", line 172, in _new_conn
    self, "Failed to establish a new connection: %s" % e
urllib3.exceptions.NewConnectionError: <urllib3.connection.HTTPConnection object at 0x7ff06892e210>: Failed to establish a new connection: [Errno -2] Name or service not known
elasticsearch: DEBUG: > None
urllib3.util.retry: DEBUG: Converted retries value: False -> Retry(total=False, connect=None, read=None, redirect=0, status=None)
urllib3.connectionpool: DEBUG: Starting new HTTP connection (798): elasticsearch:9200
elasticsearch: WARNING: DELETE http://elasticsearch:9200/test_autocompletes [status:N/A request:0.005s]
Traceback (most recent call last):
  File "/root/.cache/pypoetry/virtualenvs/cpdbv2-backend-VA82Wl8V-py3.7/lib/python3.7/site-packages/urllib3/connection.py", line 160, in _new_conn
    (self._dns_host, self.port), self.timeout, **extra_kw
  File "/root/.cache/pypoetry/virtualenvs/cpdbv2-backend-VA82Wl8V-py3.7/lib/python3.7/site-packages/urllib3/util/connection.py", line 61, in create_connection
    for res in socket.getaddrinfo(host, port, family, socket.SOCK_STREAM):
  File "/usr/local/lib/python3.7/socket.py", line 752, in getaddrinfo
    for res in _socket.getaddrinfo(host, port, family, type, proto, flags):
socket.gaierror: [Errno -2] Name or service not known

During handling of the above exception, another exception occurred:

Traceback (most recent call last):
  File "/root/.cache/pypoetry/virtualenvs/cpdbv2-backend-VA82Wl8V-py3.7/lib/python3.7/site-packages/elasticsearch/connection/http_urllib3.py", line 115, in perform_request
    response = self.pool.urlopen(method, url, body, retries=False, headers=self.headers, **kw)
  File "/root/.cache/pypoetry/virtualenvs/cpdbv2-backend-VA82Wl8V-py3.7/lib/python3.7/site-packages/urllib3/connectionpool.py", line 727, in urlopen
    method, url, error=e, _pool=self, _stacktrace=sys.exc_info()[2]
  File "/root/.cache/pypoetry/virtualenvs/cpdbv2-backend-VA82Wl8V-py3.7/lib/python3.7/site-packages/urllib3/util/retry.py", line 386, in increment
    raise six.reraise(type(error), error, _stacktrace)
  File "/root/.cache/pypoetry/virtualenvs/cpdbv2-backend-VA82Wl8V-py3.7/lib/python3.7/site-packages/urllib3/packages/six.py", line 735, in reraise
    raise value
  File "/root/.cache/pypoetry/virtualenvs/cpdbv2-backend-VA82Wl8V-py3.7/lib/python3.7/site-packages/urllib3/connectionpool.py", line 677, in urlopen
    chunked=chunked,
  File "/root/.cache/pypoetry/virtualenvs/cpdbv2-backend-VA82Wl8V-py3.7/lib/python3.7/site-packages/urllib3/connectionpool.py", line 392, in _make_request
    conn.request(method, url, **httplib_request_kw)
  File "/usr/local/lib/python3.7/http/client.py", line 1281, in request
    self._send_request(method, url, body, headers, encode_chunked)
  File "/usr/local/lib/python3.7/http/client.py", line 1327, in _send_request
    self.endheaders(body, encode_chunked=encode_chunked)
  File "/usr/local/lib/python3.7/http/client.py", line 1276, in endheaders
    self._send_output(message_body, encode_chunked=encode_chunked)
  File "/usr/local/lib/python3.7/http/client.py", line 1036, in _send_output
    self.send(msg)
  File "/usr/local/lib/python3.7/http/client.py", line 976, in send
    self.connect()
  File "/root/.cache/pypoetry/virtualenvs/cpdbv2-backend-VA82Wl8V-py3.7/lib/python3.7/site-packages/urllib3/connection.py", line 187, in connect
    conn = self._new_conn()
  File "/root/.cache/pypoetry/virtualenvs/cpdbv2-backend-VA82Wl8V-py3.7/lib/python3.7/site-packages/urllib3/connection.py", line 172, in _new_conn
    self, "Failed to establish a new connection: %s" % e
urllib3.exceptions.NewConnectionError: <urllib3.connection.HTTPConnection object at 0x7ff06892e690>: Failed to establish a new connection: [Errno -2] Name or service not known
elasticsearch: DEBUG: > None
urllib3.util.retry: DEBUG: Converted retries value: False -> Retry(total=False, connect=None, read=None, redirect=0, status=None)
urllib3.connectionpool: DEBUG: Starting new HTTP connection (799): elasticsearch:9200
elasticsearch: WARNING: DELETE http://elasticsearch:9200/test_autocompletes [status:N/A request:0.004s]
Traceback (most recent call last):
  File "/root/.cache/pypoetry/virtualenvs/cpdbv2-backend-VA82Wl8V-py3.7/lib/python3.7/site-packages/urllib3/connection.py", line 160, in _new_conn
    (self._dns_host, self.port), self.timeout, **extra_kw
  File "/root/.cache/pypoetry/virtualenvs/cpdbv2-backend-VA82Wl8V-py3.7/lib/python3.7/site-packages/urllib3/util/connection.py", line 61, in create_connection
    for res in socket.getaddrinfo(host, port, family, socket.SOCK_STREAM):
  File "/usr/local/lib/python3.7/socket.py", line 752, in getaddrinfo
    for res in _socket.getaddrinfo(host, port, family, type, proto, flags):
socket.gaierror: [Errno -2] Name or service not known

During handling of the above exception, another exception occurred:

Traceback (most recent call last):
  File "/root/.cache/pypoetry/virtualenvs/cpdbv2-backend-VA82Wl8V-py3.7/lib/python3.7/site-packages/elasticsearch/connection/http_urllib3.py", line 115, in perform_request
    response = self.pool.urlopen(method, url, body, retries=False, headers=self.headers, **kw)
  File "/root/.cache/pypoetry/virtualenvs/cpdbv2-backend-VA82Wl8V-py3.7/lib/python3.7/site-packages/urllib3/connectionpool.py", line 727, in urlopen
    method, url, error=e, _pool=self, _stacktrace=sys.exc_info()[2]
  File "/root/.cache/pypoetry/virtualenvs/cpdbv2-backend-VA82Wl8V-py3.7/lib/python3.7/site-packages/urllib3/util/retry.py", line 386, in increment
    raise six.reraise(type(error), error, _stacktrace)
  File "/root/.cache/pypoetry/virtualenvs/cpdbv2-backend-VA82Wl8V-py3.7/lib/python3.7/site-packages/urllib3/packages/six.py", line 735, in reraise
    raise value
  File "/root/.cache/pypoetry/virtualenvs/cpdbv2-backend-VA82Wl8V-py3.7/lib/python3.7/site-packages/urllib3/connectionpool.py", line 677, in urlopen
    chunked=chunked,
  File "/root/.cache/pypoetry/virtualenvs/cpdbv2-backend-VA82Wl8V-py3.7/lib/python3.7/site-packages/urllib3/connectionpool.py", line 392, in _make_request
    conn.request(method, url, **httplib_request_kw)
  File "/usr/local/lib/python3.7/http/client.py", line 1281, in request
    self._send_request(method, url, body, headers, encode_chunked)
  File "/usr/local/lib/python3.7/http/client.py", line 1327, in _send_request
    self.endheaders(body, encode_chunked=encode_chunked)
  File "/usr/local/lib/python3.7/http/client.py", line 1276, in endheaders
    self._send_output(message_body, encode_chunked=encode_chunked)
  File "/usr/local/lib/python3.7/http/client.py", line 1036, in _send_output
    self.send(msg)
  File "/usr/local/lib/python3.7/http/client.py", line 976, in send
    self.connect()
  File "/root/.cache/pypoetry/virtualenvs/cpdbv2-backend-VA82Wl8V-py3.7/lib/python3.7/site-packages/urllib3/connection.py", line 187, in connect
    conn = self._new_conn()
  File "/root/.cache/pypoetry/virtualenvs/cpdbv2-backend-VA82Wl8V-py3.7/lib/python3.7/site-packages/urllib3/connection.py", line 172, in _new_conn
    self, "Failed to establish a new connection: %s" % e
urllib3.exceptions.NewConnectionError: <urllib3.connection.HTTPConnection object at 0x7ff06892e190>: Failed to establish a new connection: [Errno -2] Name or service not known
elasticsearch: DEBUG: > None
urllib3.util.retry: DEBUG: Converted retries value: False -> Retry(total=False, connect=None, read=None, redirect=0, status=None)
urllib3.connectionpool: DEBUG: Starting new HTTP connection (800): elasticsearch:9200
elasticsearch: WARNING: DELETE http://elasticsearch:9200/test_autocompletes [status:N/A request:0.004s]
Traceback (most recent call last):
  File "/root/.cache/pypoetry/virtualenvs/cpdbv2-backend-VA82Wl8V-py3.7/lib/python3.7/site-packages/urllib3/connection.py", line 160, in _new_conn
    (self._dns_host, self.port), self.timeout, **extra_kw
  File "/root/.cache/pypoetry/virtualenvs/cpdbv2-backend-VA82Wl8V-py3.7/lib/python3.7/site-packages/urllib3/util/connection.py", line 61, in create_connection
    for res in socket.getaddrinfo(host, port, family, socket.SOCK_STREAM):
  File "/usr/local/lib/python3.7/socket.py", line 752, in getaddrinfo
    for res in _socket.getaddrinfo(host, port, family, type, proto, flags):
socket.gaierror: [Errno -2] Name or service not known

During handling of the above exception, another exception occurred:

Traceback (most recent call last):
  File "/root/.cache/pypoetry/virtualenvs/cpdbv2-backend-VA82Wl8V-py3.7/lib/python3.7/site-packages/elasticsearch/connection/http_urllib3.py", line 115, in perform_request
    response = self.pool.urlopen(method, url, body, retries=False, headers=self.headers, **kw)
  File "/root/.cache/pypoetry/virtualenvs/cpdbv2-backend-VA82Wl8V-py3.7/lib/python3.7/site-packages/urllib3/connectionpool.py", line 727, in urlopen
    method, url, error=e, _pool=self, _stacktrace=sys.exc_info()[2]
  File "/root/.cache/pypoetry/virtualenvs/cpdbv2-backend-VA82Wl8V-py3.7/lib/python3.7/site-packages/urllib3/util/retry.py", line 386, in increment
    raise six.reraise(type(error), error, _stacktrace)
  File "/root/.cache/pypoetry/virtualenvs/cpdbv2-backend-VA82Wl8V-py3.7/lib/python3.7/site-packages/urllib3/packages/six.py", line 735, in reraise
    raise value
  File "/root/.cache/pypoetry/virtualenvs/cpdbv2-backend-VA82Wl8V-py3.7/lib/python3.7/site-packages/urllib3/connectionpool.py", line 677, in urlopen
    chunked=chunked,
  File "/root/.cache/pypoetry/virtualenvs/cpdbv2-backend-VA82Wl8V-py3.7/lib/python3.7/site-packages/urllib3/connectionpool.py", line 392, in _make_request
    conn.request(method, url, **httplib_request_kw)
  File "/usr/local/lib/python3.7/http/client.py", line 1281, in request
    self._send_request(method, url, body, headers, encode_chunked)
  File "/usr/local/lib/python3.7/http/client.py", line 1327, in _send_request
    self.endheaders(body, encode_chunked=encode_chunked)
  File "/usr/local/lib/python3.7/http/client.py", line 1276, in endheaders
    self._send_output(message_body, encode_chunked=encode_chunked)
  File "/usr/local/lib/python3.7/http/client.py", line 1036, in _send_output
    self.send(msg)
  File "/usr/local/lib/python3.7/http/client.py", line 976, in send
    self.connect()
  File "/root/.cache/pypoetry/virtualenvs/cpdbv2-backend-VA82Wl8V-py3.7/lib/python3.7/site-packages/urllib3/connection.py", line 187, in connect
    conn = self._new_conn()
  File "/root/.cache/pypoetry/virtualenvs/cpdbv2-backend-VA82Wl8V-py3.7/lib/python3.7/site-packages/urllib3/connection.py", line 172, in _new_conn
    self, "Failed to establish a new connection: %s" % e
urllib3.exceptions.NewConnectionError: <urllib3.connection.HTTPConnection object at 0x7ff0690c7290>: Failed to establish a new connection: [Errno -2] Name or service not known
elasticsearch: DEBUG: > None
--------------------- >> end captured logging << ---------------------

======================================================================
ERROR: test_search_officer_badge (search.tests.test_workers.OfficerWorkerTestCase)
----------------------------------------------------------------------
Traceback (most recent call last):
  File "/usr/src/app/cpdb/search/tests/utils.py", line 12, in setUp
    autocompletes_alias.read_index.delete(ignore=404)
  File "/root/.cache/pypoetry/virtualenvs/cpdbv2-backend-VA82Wl8V-py3.7/lib/python3.7/site-packages/elasticsearch_dsl/index.py", line 222, in delete
    self.connection.indices.delete(index=self._name, **kwargs)
  File "/root/.cache/pypoetry/virtualenvs/cpdbv2-backend-VA82Wl8V-py3.7/lib/python3.7/site-packages/elasticsearch/client/utils.py", line 73, in _wrapped
    return func(*args, params=params, **kwargs)
  File "/root/.cache/pypoetry/virtualenvs/cpdbv2-backend-VA82Wl8V-py3.7/lib/python3.7/site-packages/elasticsearch/client/indices.py", line 200, in delete
    params=params)
  File "/root/.cache/pypoetry/virtualenvs/cpdbv2-backend-VA82Wl8V-py3.7/lib/python3.7/site-packages/elasticsearch/transport.py", line 312, in perform_request
    status, headers, data = connection.perform_request(method, url, params, body, ignore=ignore, timeout=timeout)
  File "/root/.cache/pypoetry/virtualenvs/cpdbv2-backend-VA82Wl8V-py3.7/lib/python3.7/site-packages/elasticsearch/connection/http_urllib3.py", line 124, in perform_request
    raise ConnectionError('N/A', str(e), e)
elasticsearch.exceptions.ConnectionError: ConnectionError(<urllib3.connection.HTTPConnection object at 0x7ff0693755d0>: Failed to establish a new connection: [Errno -2] Name or service not known) caused by: NewConnectionError(<urllib3.connection.HTTPConnection object at 0x7ff0693755d0>: Failed to establish a new connection: [Errno -2] Name or service not known)
-------------------- >> begin captured logging << --------------------
urllib3.util.retry: DEBUG: Converted retries value: False -> Retry(total=False, connect=None, read=None, redirect=0, status=None)
urllib3.connectionpool: DEBUG: Starting new HTTP connection (801): elasticsearch:9200
elasticsearch: WARNING: DELETE http://elasticsearch:9200/test_autocompletes [status:N/A request:0.005s]
Traceback (most recent call last):
  File "/root/.cache/pypoetry/virtualenvs/cpdbv2-backend-VA82Wl8V-py3.7/lib/python3.7/site-packages/urllib3/connection.py", line 160, in _new_conn
    (self._dns_host, self.port), self.timeout, **extra_kw
  File "/root/.cache/pypoetry/virtualenvs/cpdbv2-backend-VA82Wl8V-py3.7/lib/python3.7/site-packages/urllib3/util/connection.py", line 61, in create_connection
    for res in socket.getaddrinfo(host, port, family, socket.SOCK_STREAM):
  File "/usr/local/lib/python3.7/socket.py", line 752, in getaddrinfo
    for res in _socket.getaddrinfo(host, port, family, type, proto, flags):
socket.gaierror: [Errno -2] Name or service not known

During handling of the above exception, another exception occurred:

Traceback (most recent call last):
  File "/root/.cache/pypoetry/virtualenvs/cpdbv2-backend-VA82Wl8V-py3.7/lib/python3.7/site-packages/elasticsearch/connection/http_urllib3.py", line 115, in perform_request
    response = self.pool.urlopen(method, url, body, retries=False, headers=self.headers, **kw)
  File "/root/.cache/pypoetry/virtualenvs/cpdbv2-backend-VA82Wl8V-py3.7/lib/python3.7/site-packages/urllib3/connectionpool.py", line 727, in urlopen
    method, url, error=e, _pool=self, _stacktrace=sys.exc_info()[2]
  File "/root/.cache/pypoetry/virtualenvs/cpdbv2-backend-VA82Wl8V-py3.7/lib/python3.7/site-packages/urllib3/util/retry.py", line 386, in increment
    raise six.reraise(type(error), error, _stacktrace)
  File "/root/.cache/pypoetry/virtualenvs/cpdbv2-backend-VA82Wl8V-py3.7/lib/python3.7/site-packages/urllib3/packages/six.py", line 735, in reraise
    raise value
  File "/root/.cache/pypoetry/virtualenvs/cpdbv2-backend-VA82Wl8V-py3.7/lib/python3.7/site-packages/urllib3/connectionpool.py", line 677, in urlopen
    chunked=chunked,
  File "/root/.cache/pypoetry/virtualenvs/cpdbv2-backend-VA82Wl8V-py3.7/lib/python3.7/site-packages/urllib3/connectionpool.py", line 392, in _make_request
    conn.request(method, url, **httplib_request_kw)
  File "/usr/local/lib/python3.7/http/client.py", line 1281, in request
    self._send_request(method, url, body, headers, encode_chunked)
  File "/usr/local/lib/python3.7/http/client.py", line 1327, in _send_request
    self.endheaders(body, encode_chunked=encode_chunked)
  File "/usr/local/lib/python3.7/http/client.py", line 1276, in endheaders
    self._send_output(message_body, encode_chunked=encode_chunked)
  File "/usr/local/lib/python3.7/http/client.py", line 1036, in _send_output
    self.send(msg)
  File "/usr/local/lib/python3.7/http/client.py", line 976, in send
    self.connect()
  File "/root/.cache/pypoetry/virtualenvs/cpdbv2-backend-VA82Wl8V-py3.7/lib/python3.7/site-packages/urllib3/connection.py", line 187, in connect
    conn = self._new_conn()
  File "/root/.cache/pypoetry/virtualenvs/cpdbv2-backend-VA82Wl8V-py3.7/lib/python3.7/site-packages/urllib3/connection.py", line 172, in _new_conn
    self, "Failed to establish a new connection: %s" % e
urllib3.exceptions.NewConnectionError: <urllib3.connection.HTTPConnection object at 0x7ff0690c7a10>: Failed to establish a new connection: [Errno -2] Name or service not known
elasticsearch: DEBUG: > None
urllib3.util.retry: DEBUG: Converted retries value: False -> Retry(total=False, connect=None, read=None, redirect=0, status=None)
urllib3.connectionpool: DEBUG: Starting new HTTP connection (802): elasticsearch:9200
elasticsearch: WARNING: DELETE http://elasticsearch:9200/test_autocompletes [status:N/A request:0.005s]
Traceback (most recent call last):
  File "/root/.cache/pypoetry/virtualenvs/cpdbv2-backend-VA82Wl8V-py3.7/lib/python3.7/site-packages/urllib3/connection.py", line 160, in _new_conn
    (self._dns_host, self.port), self.timeout, **extra_kw
  File "/root/.cache/pypoetry/virtualenvs/cpdbv2-backend-VA82Wl8V-py3.7/lib/python3.7/site-packages/urllib3/util/connection.py", line 61, in create_connection
    for res in socket.getaddrinfo(host, port, family, socket.SOCK_STREAM):
  File "/usr/local/lib/python3.7/socket.py", line 752, in getaddrinfo
    for res in _socket.getaddrinfo(host, port, family, type, proto, flags):
socket.gaierror: [Errno -2] Name or service not known

During handling of the above exception, another exception occurred:

Traceback (most recent call last):
  File "/root/.cache/pypoetry/virtualenvs/cpdbv2-backend-VA82Wl8V-py3.7/lib/python3.7/site-packages/elasticsearch/connection/http_urllib3.py", line 115, in perform_request
    response = self.pool.urlopen(method, url, body, retries=False, headers=self.headers, **kw)
  File "/root/.cache/pypoetry/virtualenvs/cpdbv2-backend-VA82Wl8V-py3.7/lib/python3.7/site-packages/urllib3/connectionpool.py", line 727, in urlopen
    method, url, error=e, _pool=self, _stacktrace=sys.exc_info()[2]
  File "/root/.cache/pypoetry/virtualenvs/cpdbv2-backend-VA82Wl8V-py3.7/lib/python3.7/site-packages/urllib3/util/retry.py", line 386, in increment
    raise six.reraise(type(error), error, _stacktrace)
  File "/root/.cache/pypoetry/virtualenvs/cpdbv2-backend-VA82Wl8V-py3.7/lib/python3.7/site-packages/urllib3/packages/six.py", line 735, in reraise
    raise value
  File "/root/.cache/pypoetry/virtualenvs/cpdbv2-backend-VA82Wl8V-py3.7/lib/python3.7/site-packages/urllib3/connectionpool.py", line 677, in urlopen
    chunked=chunked,
  File "/root/.cache/pypoetry/virtualenvs/cpdbv2-backend-VA82Wl8V-py3.7/lib/python3.7/site-packages/urllib3/connectionpool.py", line 392, in _make_request
    conn.request(method, url, **httplib_request_kw)
  File "/usr/local/lib/python3.7/http/client.py", line 1281, in request
    self._send_request(method, url, body, headers, encode_chunked)
  File "/usr/local/lib/python3.7/http/client.py", line 1327, in _send_request
    self.endheaders(body, encode_chunked=encode_chunked)
  File "/usr/local/lib/python3.7/http/client.py", line 1276, in endheaders
    self._send_output(message_body, encode_chunked=encode_chunked)
  File "/usr/local/lib/python3.7/http/client.py", line 1036, in _send_output
    self.send(msg)
  File "/usr/local/lib/python3.7/http/client.py", line 976, in send
    self.connect()
  File "/root/.cache/pypoetry/virtualenvs/cpdbv2-backend-VA82Wl8V-py3.7/lib/python3.7/site-packages/urllib3/connection.py", line 187, in connect
    conn = self._new_conn()
  File "/root/.cache/pypoetry/virtualenvs/cpdbv2-backend-VA82Wl8V-py3.7/lib/python3.7/site-packages/urllib3/connection.py", line 172, in _new_conn
    self, "Failed to establish a new connection: %s" % e
urllib3.exceptions.NewConnectionError: <urllib3.connection.HTTPConnection object at 0x7ff0689e9950>: Failed to establish a new connection: [Errno -2] Name or service not known
elasticsearch: DEBUG: > None
urllib3.util.retry: DEBUG: Converted retries value: False -> Retry(total=False, connect=None, read=None, redirect=0, status=None)
urllib3.connectionpool: DEBUG: Starting new HTTP connection (803): elasticsearch:9200
elasticsearch: WARNING: DELETE http://elasticsearch:9200/test_autocompletes [status:N/A request:0.004s]
Traceback (most recent call last):
  File "/root/.cache/pypoetry/virtualenvs/cpdbv2-backend-VA82Wl8V-py3.7/lib/python3.7/site-packages/urllib3/connection.py", line 160, in _new_conn
    (self._dns_host, self.port), self.timeout, **extra_kw
  File "/root/.cache/pypoetry/virtualenvs/cpdbv2-backend-VA82Wl8V-py3.7/lib/python3.7/site-packages/urllib3/util/connection.py", line 61, in create_connection
    for res in socket.getaddrinfo(host, port, family, socket.SOCK_STREAM):
  File "/usr/local/lib/python3.7/socket.py", line 752, in getaddrinfo
    for res in _socket.getaddrinfo(host, port, family, type, proto, flags):
socket.gaierror: [Errno -2] Name or service not known

During handling of the above exception, another exception occurred:

Traceback (most recent call last):
  File "/root/.cache/pypoetry/virtualenvs/cpdbv2-backend-VA82Wl8V-py3.7/lib/python3.7/site-packages/elasticsearch/connection/http_urllib3.py", line 115, in perform_request
    response = self.pool.urlopen(method, url, body, retries=False, headers=self.headers, **kw)
  File "/root/.cache/pypoetry/virtualenvs/cpdbv2-backend-VA82Wl8V-py3.7/lib/python3.7/site-packages/urllib3/connectionpool.py", line 727, in urlopen
    method, url, error=e, _pool=self, _stacktrace=sys.exc_info()[2]
  File "/root/.cache/pypoetry/virtualenvs/cpdbv2-backend-VA82Wl8V-py3.7/lib/python3.7/site-packages/urllib3/util/retry.py", line 386, in increment
    raise six.reraise(type(error), error, _stacktrace)
  File "/root/.cache/pypoetry/virtualenvs/cpdbv2-backend-VA82Wl8V-py3.7/lib/python3.7/site-packages/urllib3/packages/six.py", line 735, in reraise
    raise value
  File "/root/.cache/pypoetry/virtualenvs/cpdbv2-backend-VA82Wl8V-py3.7/lib/python3.7/site-packages/urllib3/connectionpool.py", line 677, in urlopen
    chunked=chunked,
  File "/root/.cache/pypoetry/virtualenvs/cpdbv2-backend-VA82Wl8V-py3.7/lib/python3.7/site-packages/urllib3/connectionpool.py", line 392, in _make_request
    conn.request(method, url, **httplib_request_kw)
  File "/usr/local/lib/python3.7/http/client.py", line 1281, in request
    self._send_request(method, url, body, headers, encode_chunked)
  File "/usr/local/lib/python3.7/http/client.py", line 1327, in _send_request
    self.endheaders(body, encode_chunked=encode_chunked)
  File "/usr/local/lib/python3.7/http/client.py", line 1276, in endheaders
    self._send_output(message_body, encode_chunked=encode_chunked)
  File "/usr/local/lib/python3.7/http/client.py", line 1036, in _send_output
    self.send(msg)
  File "/usr/local/lib/python3.7/http/client.py", line 976, in send
    self.connect()
  File "/root/.cache/pypoetry/virtualenvs/cpdbv2-backend-VA82Wl8V-py3.7/lib/python3.7/site-packages/urllib3/connection.py", line 187, in connect
    conn = self._new_conn()
  File "/root/.cache/pypoetry/virtualenvs/cpdbv2-backend-VA82Wl8V-py3.7/lib/python3.7/site-packages/urllib3/connection.py", line 172, in _new_conn
    self, "Failed to establish a new connection: %s" % e
urllib3.exceptions.NewConnectionError: <urllib3.connection.HTTPConnection object at 0x7ff069375910>: Failed to establish a new connection: [Errno -2] Name or service not known
elasticsearch: DEBUG: > None
urllib3.util.retry: DEBUG: Converted retries value: False -> Retry(total=False, connect=None, read=None, redirect=0, status=None)
urllib3.connectionpool: DEBUG: Starting new HTTP connection (804): elasticsearch:9200
elasticsearch: WARNING: DELETE http://elasticsearch:9200/test_autocompletes [status:N/A request:0.004s]
Traceback (most recent call last):
  File "/root/.cache/pypoetry/virtualenvs/cpdbv2-backend-VA82Wl8V-py3.7/lib/python3.7/site-packages/urllib3/connection.py", line 160, in _new_conn
    (self._dns_host, self.port), self.timeout, **extra_kw
  File "/root/.cache/pypoetry/virtualenvs/cpdbv2-backend-VA82Wl8V-py3.7/lib/python3.7/site-packages/urllib3/util/connection.py", line 61, in create_connection
    for res in socket.getaddrinfo(host, port, family, socket.SOCK_STREAM):
  File "/usr/local/lib/python3.7/socket.py", line 752, in getaddrinfo
    for res in _socket.getaddrinfo(host, port, family, type, proto, flags):
socket.gaierror: [Errno -2] Name or service not known

During handling of the above exception, another exception occurred:

Traceback (most recent call last):
  File "/root/.cache/pypoetry/virtualenvs/cpdbv2-backend-VA82Wl8V-py3.7/lib/python3.7/site-packages/elasticsearch/connection/http_urllib3.py", line 115, in perform_request
    response = self.pool.urlopen(method, url, body, retries=False, headers=self.headers, **kw)
  File "/root/.cache/pypoetry/virtualenvs/cpdbv2-backend-VA82Wl8V-py3.7/lib/python3.7/site-packages/urllib3/connectionpool.py", line 727, in urlopen
    method, url, error=e, _pool=self, _stacktrace=sys.exc_info()[2]
  File "/root/.cache/pypoetry/virtualenvs/cpdbv2-backend-VA82Wl8V-py3.7/lib/python3.7/site-packages/urllib3/util/retry.py", line 386, in increment
    raise six.reraise(type(error), error, _stacktrace)
  File "/root/.cache/pypoetry/virtualenvs/cpdbv2-backend-VA82Wl8V-py3.7/lib/python3.7/site-packages/urllib3/packages/six.py", line 735, in reraise
    raise value
  File "/root/.cache/pypoetry/virtualenvs/cpdbv2-backend-VA82Wl8V-py3.7/lib/python3.7/site-packages/urllib3/connectionpool.py", line 677, in urlopen
    chunked=chunked,
  File "/root/.cache/pypoetry/virtualenvs/cpdbv2-backend-VA82Wl8V-py3.7/lib/python3.7/site-packages/urllib3/connectionpool.py", line 392, in _make_request
    conn.request(method, url, **httplib_request_kw)
  File "/usr/local/lib/python3.7/http/client.py", line 1281, in request
    self._send_request(method, url, body, headers, encode_chunked)
  File "/usr/local/lib/python3.7/http/client.py", line 1327, in _send_request
    self.endheaders(body, encode_chunked=encode_chunked)
  File "/usr/local/lib/python3.7/http/client.py", line 1276, in endheaders
    self._send_output(message_body, encode_chunked=encode_chunked)
  File "/usr/local/lib/python3.7/http/client.py", line 1036, in _send_output
    self.send(msg)
  File "/usr/local/lib/python3.7/http/client.py", line 976, in send
    self.connect()
  File "/root/.cache/pypoetry/virtualenvs/cpdbv2-backend-VA82Wl8V-py3.7/lib/python3.7/site-packages/urllib3/connection.py", line 187, in connect
    conn = self._new_conn()
  File "/root/.cache/pypoetry/virtualenvs/cpdbv2-backend-VA82Wl8V-py3.7/lib/python3.7/site-packages/urllib3/connection.py", line 172, in _new_conn
    self, "Failed to establish a new connection: %s" % e
urllib3.exceptions.NewConnectionError: <urllib3.connection.HTTPConnection object at 0x7ff0693755d0>: Failed to establish a new connection: [Errno -2] Name or service not known
elasticsearch: DEBUG: > None
--------------------- >> end captured logging << ---------------------

======================================================================
ERROR: test_search_officer_historic_badge (search.tests.test_workers.OfficerWorkerTestCase)
----------------------------------------------------------------------
Traceback (most recent call last):
  File "/usr/src/app/cpdb/search/tests/utils.py", line 12, in setUp
    autocompletes_alias.read_index.delete(ignore=404)
  File "/root/.cache/pypoetry/virtualenvs/cpdbv2-backend-VA82Wl8V-py3.7/lib/python3.7/site-packages/elasticsearch_dsl/index.py", line 222, in delete
    self.connection.indices.delete(index=self._name, **kwargs)
  File "/root/.cache/pypoetry/virtualenvs/cpdbv2-backend-VA82Wl8V-py3.7/lib/python3.7/site-packages/elasticsearch/client/utils.py", line 73, in _wrapped
    return func(*args, params=params, **kwargs)
  File "/root/.cache/pypoetry/virtualenvs/cpdbv2-backend-VA82Wl8V-py3.7/lib/python3.7/site-packages/elasticsearch/client/indices.py", line 200, in delete
    params=params)
  File "/root/.cache/pypoetry/virtualenvs/cpdbv2-backend-VA82Wl8V-py3.7/lib/python3.7/site-packages/elasticsearch/transport.py", line 312, in perform_request
    status, headers, data = connection.perform_request(method, url, params, body, ignore=ignore, timeout=timeout)
  File "/root/.cache/pypoetry/virtualenvs/cpdbv2-backend-VA82Wl8V-py3.7/lib/python3.7/site-packages/elasticsearch/connection/http_urllib3.py", line 124, in perform_request
    raise ConnectionError('N/A', str(e), e)
elasticsearch.exceptions.ConnectionError: ConnectionError(<urllib3.connection.HTTPConnection object at 0x7ff068859750>: Failed to establish a new connection: [Errno -2] Name or service not known) caused by: NewConnectionError(<urllib3.connection.HTTPConnection object at 0x7ff068859750>: Failed to establish a new connection: [Errno -2] Name or service not known)
-------------------- >> begin captured logging << --------------------
urllib3.util.retry: DEBUG: Converted retries value: False -> Retry(total=False, connect=None, read=None, redirect=0, status=None)
urllib3.connectionpool: DEBUG: Starting new HTTP connection (805): elasticsearch:9200
elasticsearch: WARNING: DELETE http://elasticsearch:9200/test_autocompletes [status:N/A request:0.005s]
Traceback (most recent call last):
  File "/root/.cache/pypoetry/virtualenvs/cpdbv2-backend-VA82Wl8V-py3.7/lib/python3.7/site-packages/urllib3/connection.py", line 160, in _new_conn
    (self._dns_host, self.port), self.timeout, **extra_kw
  File "/root/.cache/pypoetry/virtualenvs/cpdbv2-backend-VA82Wl8V-py3.7/lib/python3.7/site-packages/urllib3/util/connection.py", line 61, in create_connection
    for res in socket.getaddrinfo(host, port, family, socket.SOCK_STREAM):
  File "/usr/local/lib/python3.7/socket.py", line 752, in getaddrinfo
    for res in _socket.getaddrinfo(host, port, family, type, proto, flags):
socket.gaierror: [Errno -2] Name or service not known

During handling of the above exception, another exception occurred:

Traceback (most recent call last):
  File "/root/.cache/pypoetry/virtualenvs/cpdbv2-backend-VA82Wl8V-py3.7/lib/python3.7/site-packages/elasticsearch/connection/http_urllib3.py", line 115, in perform_request
    response = self.pool.urlopen(method, url, body, retries=False, headers=self.headers, **kw)
  File "/root/.cache/pypoetry/virtualenvs/cpdbv2-backend-VA82Wl8V-py3.7/lib/python3.7/site-packages/urllib3/connectionpool.py", line 727, in urlopen
    method, url, error=e, _pool=self, _stacktrace=sys.exc_info()[2]
  File "/root/.cache/pypoetry/virtualenvs/cpdbv2-backend-VA82Wl8V-py3.7/lib/python3.7/site-packages/urllib3/util/retry.py", line 386, in increment
    raise six.reraise(type(error), error, _stacktrace)
  File "/root/.cache/pypoetry/virtualenvs/cpdbv2-backend-VA82Wl8V-py3.7/lib/python3.7/site-packages/urllib3/packages/six.py", line 735, in reraise
    raise value
  File "/root/.cache/pypoetry/virtualenvs/cpdbv2-backend-VA82Wl8V-py3.7/lib/python3.7/site-packages/urllib3/connectionpool.py", line 677, in urlopen
    chunked=chunked,
  File "/root/.cache/pypoetry/virtualenvs/cpdbv2-backend-VA82Wl8V-py3.7/lib/python3.7/site-packages/urllib3/connectionpool.py", line 392, in _make_request
    conn.request(method, url, **httplib_request_kw)
  File "/usr/local/lib/python3.7/http/client.py", line 1281, in request
    self._send_request(method, url, body, headers, encode_chunked)
  File "/usr/local/lib/python3.7/http/client.py", line 1327, in _send_request
    self.endheaders(body, encode_chunked=encode_chunked)
  File "/usr/local/lib/python3.7/http/client.py", line 1276, in endheaders
    self._send_output(message_body, encode_chunked=encode_chunked)
  File "/usr/local/lib/python3.7/http/client.py", line 1036, in _send_output
    self.send(msg)
  File "/usr/local/lib/python3.7/http/client.py", line 976, in send
    self.connect()
  File "/root/.cache/pypoetry/virtualenvs/cpdbv2-backend-VA82Wl8V-py3.7/lib/python3.7/site-packages/urllib3/connection.py", line 187, in connect
    conn = self._new_conn()
  File "/root/.cache/pypoetry/virtualenvs/cpdbv2-backend-VA82Wl8V-py3.7/lib/python3.7/site-packages/urllib3/connection.py", line 172, in _new_conn
    self, "Failed to establish a new connection: %s" % e
urllib3.exceptions.NewConnectionError: <urllib3.connection.HTTPConnection object at 0x7ff069b4c890>: Failed to establish a new connection: [Errno -2] Name or service not known
elasticsearch: DEBUG: > None
urllib3.util.retry: DEBUG: Converted retries value: False -> Retry(total=False, connect=None, read=None, redirect=0, status=None)
urllib3.connectionpool: DEBUG: Starting new HTTP connection (806): elasticsearch:9200
elasticsearch: WARNING: DELETE http://elasticsearch:9200/test_autocompletes [status:N/A request:0.004s]
Traceback (most recent call last):
  File "/root/.cache/pypoetry/virtualenvs/cpdbv2-backend-VA82Wl8V-py3.7/lib/python3.7/site-packages/urllib3/connection.py", line 160, in _new_conn
    (self._dns_host, self.port), self.timeout, **extra_kw
  File "/root/.cache/pypoetry/virtualenvs/cpdbv2-backend-VA82Wl8V-py3.7/lib/python3.7/site-packages/urllib3/util/connection.py", line 61, in create_connection
    for res in socket.getaddrinfo(host, port, family, socket.SOCK_STREAM):
  File "/usr/local/lib/python3.7/socket.py", line 752, in getaddrinfo
    for res in _socket.getaddrinfo(host, port, family, type, proto, flags):
socket.gaierror: [Errno -2] Name or service not known

During handling of the above exception, another exception occurred:

Traceback (most recent call last):
  File "/root/.cache/pypoetry/virtualenvs/cpdbv2-backend-VA82Wl8V-py3.7/lib/python3.7/site-packages/elasticsearch/connection/http_urllib3.py", line 115, in perform_request
    response = self.pool.urlopen(method, url, body, retries=False, headers=self.headers, **kw)
  File "/root/.cache/pypoetry/virtualenvs/cpdbv2-backend-VA82Wl8V-py3.7/lib/python3.7/site-packages/urllib3/connectionpool.py", line 727, in urlopen
    method, url, error=e, _pool=self, _stacktrace=sys.exc_info()[2]
  File "/root/.cache/pypoetry/virtualenvs/cpdbv2-backend-VA82Wl8V-py3.7/lib/python3.7/site-packages/urllib3/util/retry.py", line 386, in increment
    raise six.reraise(type(error), error, _stacktrace)
  File "/root/.cache/pypoetry/virtualenvs/cpdbv2-backend-VA82Wl8V-py3.7/lib/python3.7/site-packages/urllib3/packages/six.py", line 735, in reraise
    raise value
  File "/root/.cache/pypoetry/virtualenvs/cpdbv2-backend-VA82Wl8V-py3.7/lib/python3.7/site-packages/urllib3/connectionpool.py", line 677, in urlopen
    chunked=chunked,
  File "/root/.cache/pypoetry/virtualenvs/cpdbv2-backend-VA82Wl8V-py3.7/lib/python3.7/site-packages/urllib3/connectionpool.py", line 392, in _make_request
    conn.request(method, url, **httplib_request_kw)
  File "/usr/local/lib/python3.7/http/client.py", line 1281, in request
    self._send_request(method, url, body, headers, encode_chunked)
  File "/usr/local/lib/python3.7/http/client.py", line 1327, in _send_request
    self.endheaders(body, encode_chunked=encode_chunked)
  File "/usr/local/lib/python3.7/http/client.py", line 1276, in endheaders
    self._send_output(message_body, encode_chunked=encode_chunked)
  File "/usr/local/lib/python3.7/http/client.py", line 1036, in _send_output
    self.send(msg)
  File "/usr/local/lib/python3.7/http/client.py", line 976, in send
    self.connect()
  File "/root/.cache/pypoetry/virtualenvs/cpdbv2-backend-VA82Wl8V-py3.7/lib/python3.7/site-packages/urllib3/connection.py", line 187, in connect
    conn = self._new_conn()
  File "/root/.cache/pypoetry/virtualenvs/cpdbv2-backend-VA82Wl8V-py3.7/lib/python3.7/site-packages/urllib3/connection.py", line 172, in _new_conn
    self, "Failed to establish a new connection: %s" % e
urllib3.exceptions.NewConnectionError: <urllib3.connection.HTTPConnection object at 0x7ff0696d76d0>: Failed to establish a new connection: [Errno -2] Name or service not known
elasticsearch: DEBUG: > None
urllib3.util.retry: DEBUG: Converted retries value: False -> Retry(total=False, connect=None, read=None, redirect=0, status=None)
urllib3.connectionpool: DEBUG: Starting new HTTP connection (807): elasticsearch:9200
elasticsearch: WARNING: DELETE http://elasticsearch:9200/test_autocompletes [status:N/A request:0.004s]
Traceback (most recent call last):
  File "/root/.cache/pypoetry/virtualenvs/cpdbv2-backend-VA82Wl8V-py3.7/lib/python3.7/site-packages/urllib3/connection.py", line 160, in _new_conn
    (self._dns_host, self.port), self.timeout, **extra_kw
  File "/root/.cache/pypoetry/virtualenvs/cpdbv2-backend-VA82Wl8V-py3.7/lib/python3.7/site-packages/urllib3/util/connection.py", line 61, in create_connection
    for res in socket.getaddrinfo(host, port, family, socket.SOCK_STREAM):
  File "/usr/local/lib/python3.7/socket.py", line 752, in getaddrinfo
    for res in _socket.getaddrinfo(host, port, family, type, proto, flags):
socket.gaierror: [Errno -2] Name or service not known

During handling of the above exception, another exception occurred:

Traceback (most recent call last):
  File "/root/.cache/pypoetry/virtualenvs/cpdbv2-backend-VA82Wl8V-py3.7/lib/python3.7/site-packages/elasticsearch/connection/http_urllib3.py", line 115, in perform_request
    response = self.pool.urlopen(method, url, body, retries=False, headers=self.headers, **kw)
  File "/root/.cache/pypoetry/virtualenvs/cpdbv2-backend-VA82Wl8V-py3.7/lib/python3.7/site-packages/urllib3/connectionpool.py", line 727, in urlopen
    method, url, error=e, _pool=self, _stacktrace=sys.exc_info()[2]
  File "/root/.cache/pypoetry/virtualenvs/cpdbv2-backend-VA82Wl8V-py3.7/lib/python3.7/site-packages/urllib3/util/retry.py", line 386, in increment
    raise six.reraise(type(error), error, _stacktrace)
  File "/root/.cache/pypoetry/virtualenvs/cpdbv2-backend-VA82Wl8V-py3.7/lib/python3.7/site-packages/urllib3/packages/six.py", line 735, in reraise
    raise value
  File "/root/.cache/pypoetry/virtualenvs/cpdbv2-backend-VA82Wl8V-py3.7/lib/python3.7/site-packages/urllib3/connectionpool.py", line 677, in urlopen
    chunked=chunked,
  File "/root/.cache/pypoetry/virtualenvs/cpdbv2-backend-VA82Wl8V-py3.7/lib/python3.7/site-packages/urllib3/connectionpool.py", line 392, in _make_request
    conn.request(method, url, **httplib_request_kw)
  File "/usr/local/lib/python3.7/http/client.py", line 1281, in request
    self._send_request(method, url, body, headers, encode_chunked)
  File "/usr/local/lib/python3.7/http/client.py", line 1327, in _send_request
    self.endheaders(body, encode_chunked=encode_chunked)
  File "/usr/local/lib/python3.7/http/client.py", line 1276, in endheaders
    self._send_output(message_body, encode_chunked=encode_chunked)
  File "/usr/local/lib/python3.7/http/client.py", line 1036, in _send_output
    self.send(msg)
  File "/usr/local/lib/python3.7/http/client.py", line 976, in send
    self.connect()
  File "/root/.cache/pypoetry/virtualenvs/cpdbv2-backend-VA82Wl8V-py3.7/lib/python3.7/site-packages/urllib3/connection.py", line 187, in connect
    conn = self._new_conn()
  File "/root/.cache/pypoetry/virtualenvs/cpdbv2-backend-VA82Wl8V-py3.7/lib/python3.7/site-packages/urllib3/connection.py", line 172, in _new_conn
    self, "Failed to establish a new connection: %s" % e
urllib3.exceptions.NewConnectionError: <urllib3.connection.HTTPConnection object at 0x7ff0696d7cd0>: Failed to establish a new connection: [Errno -2] Name or service not known
elasticsearch: DEBUG: > None
urllib3.util.retry: DEBUG: Converted retries value: False -> Retry(total=False, connect=None, read=None, redirect=0, status=None)
urllib3.connectionpool: DEBUG: Starting new HTTP connection (808): elasticsearch:9200
elasticsearch: WARNING: DELETE http://elasticsearch:9200/test_autocompletes [status:N/A request:0.005s]
Traceback (most recent call last):
  File "/root/.cache/pypoetry/virtualenvs/cpdbv2-backend-VA82Wl8V-py3.7/lib/python3.7/site-packages/urllib3/connection.py", line 160, in _new_conn
    (self._dns_host, self.port), self.timeout, **extra_kw
  File "/root/.cache/pypoetry/virtualenvs/cpdbv2-backend-VA82Wl8V-py3.7/lib/python3.7/site-packages/urllib3/util/connection.py", line 61, in create_connection
    for res in socket.getaddrinfo(host, port, family, socket.SOCK_STREAM):
  File "/usr/local/lib/python3.7/socket.py", line 752, in getaddrinfo
    for res in _socket.getaddrinfo(host, port, family, type, proto, flags):
socket.gaierror: [Errno -2] Name or service not known

During handling of the above exception, another exception occurred:

Traceback (most recent call last):
  File "/root/.cache/pypoetry/virtualenvs/cpdbv2-backend-VA82Wl8V-py3.7/lib/python3.7/site-packages/elasticsearch/connection/http_urllib3.py", line 115, in perform_request
    response = self.pool.urlopen(method, url, body, retries=False, headers=self.headers, **kw)
  File "/root/.cache/pypoetry/virtualenvs/cpdbv2-backend-VA82Wl8V-py3.7/lib/python3.7/site-packages/urllib3/connectionpool.py", line 727, in urlopen
    method, url, error=e, _pool=self, _stacktrace=sys.exc_info()[2]
  File "/root/.cache/pypoetry/virtualenvs/cpdbv2-backend-VA82Wl8V-py3.7/lib/python3.7/site-packages/urllib3/util/retry.py", line 386, in increment
    raise six.reraise(type(error), error, _stacktrace)
  File "/root/.cache/pypoetry/virtualenvs/cpdbv2-backend-VA82Wl8V-py3.7/lib/python3.7/site-packages/urllib3/packages/six.py", line 735, in reraise
    raise value
  File "/root/.cache/pypoetry/virtualenvs/cpdbv2-backend-VA82Wl8V-py3.7/lib/python3.7/site-packages/urllib3/connectionpool.py", line 677, in urlopen
    chunked=chunked,
  File "/root/.cache/pypoetry/virtualenvs/cpdbv2-backend-VA82Wl8V-py3.7/lib/python3.7/site-packages/urllib3/connectionpool.py", line 392, in _make_request
    conn.request(method, url, **httplib_request_kw)
  File "/usr/local/lib/python3.7/http/client.py", line 1281, in request
    self._send_request(method, url, body, headers, encode_chunked)
  File "/usr/local/lib/python3.7/http/client.py", line 1327, in _send_request
    self.endheaders(body, encode_chunked=encode_chunked)
  File "/usr/local/lib/python3.7/http/client.py", line 1276, in endheaders
    self._send_output(message_body, encode_chunked=encode_chunked)
  File "/usr/local/lib/python3.7/http/client.py", line 1036, in _send_output
    self.send(msg)
  File "/usr/local/lib/python3.7/http/client.py", line 976, in send
    self.connect()
  File "/root/.cache/pypoetry/virtualenvs/cpdbv2-backend-VA82Wl8V-py3.7/lib/python3.7/site-packages/urllib3/connection.py", line 187, in connect
    conn = self._new_conn()
  File "/root/.cache/pypoetry/virtualenvs/cpdbv2-backend-VA82Wl8V-py3.7/lib/python3.7/site-packages/urllib3/connection.py", line 172, in _new_conn
    self, "Failed to establish a new connection: %s" % e
urllib3.exceptions.NewConnectionError: <urllib3.connection.HTTPConnection object at 0x7ff068859750>: Failed to establish a new connection: [Errno -2] Name or service not known
elasticsearch: DEBUG: > None
--------------------- >> end captured logging << ---------------------

======================================================================
ERROR: test_search_prioritizing_allegation_count (search.tests.test_workers.OfficerWorkerTestCase)
----------------------------------------------------------------------
Traceback (most recent call last):
  File "/usr/src/app/cpdb/search/tests/utils.py", line 12, in setUp
    autocompletes_alias.read_index.delete(ignore=404)
  File "/root/.cache/pypoetry/virtualenvs/cpdbv2-backend-VA82Wl8V-py3.7/lib/python3.7/site-packages/elasticsearch_dsl/index.py", line 222, in delete
    self.connection.indices.delete(index=self._name, **kwargs)
  File "/root/.cache/pypoetry/virtualenvs/cpdbv2-backend-VA82Wl8V-py3.7/lib/python3.7/site-packages/elasticsearch/client/utils.py", line 73, in _wrapped
    return func(*args, params=params, **kwargs)
  File "/root/.cache/pypoetry/virtualenvs/cpdbv2-backend-VA82Wl8V-py3.7/lib/python3.7/site-packages/elasticsearch/client/indices.py", line 200, in delete
    params=params)
  File "/root/.cache/pypoetry/virtualenvs/cpdbv2-backend-VA82Wl8V-py3.7/lib/python3.7/site-packages/elasticsearch/transport.py", line 312, in perform_request
    status, headers, data = connection.perform_request(method, url, params, body, ignore=ignore, timeout=timeout)
  File "/root/.cache/pypoetry/virtualenvs/cpdbv2-backend-VA82Wl8V-py3.7/lib/python3.7/site-packages/elasticsearch/connection/http_urllib3.py", line 124, in perform_request
    raise ConnectionError('N/A', str(e), e)
elasticsearch.exceptions.ConnectionError: ConnectionError(<urllib3.connection.HTTPConnection object at 0x7ff0696d7210>: Failed to establish a new connection: [Errno -2] Name or service not known) caused by: NewConnectionError(<urllib3.connection.HTTPConnection object at 0x7ff0696d7210>: Failed to establish a new connection: [Errno -2] Name or service not known)
-------------------- >> begin captured logging << --------------------
urllib3.util.retry: DEBUG: Converted retries value: False -> Retry(total=False, connect=None, read=None, redirect=0, status=None)
urllib3.connectionpool: DEBUG: Starting new HTTP connection (809): elasticsearch:9200
elasticsearch: WARNING: DELETE http://elasticsearch:9200/test_autocompletes [status:N/A request:0.005s]
Traceback (most recent call last):
  File "/root/.cache/pypoetry/virtualenvs/cpdbv2-backend-VA82Wl8V-py3.7/lib/python3.7/site-packages/urllib3/connection.py", line 160, in _new_conn
    (self._dns_host, self.port), self.timeout, **extra_kw
  File "/root/.cache/pypoetry/virtualenvs/cpdbv2-backend-VA82Wl8V-py3.7/lib/python3.7/site-packages/urllib3/util/connection.py", line 61, in create_connection
    for res in socket.getaddrinfo(host, port, family, socket.SOCK_STREAM):
  File "/usr/local/lib/python3.7/socket.py", line 752, in getaddrinfo
    for res in _socket.getaddrinfo(host, port, family, type, proto, flags):
socket.gaierror: [Errno -2] Name or service not known

During handling of the above exception, another exception occurred:

Traceback (most recent call last):
  File "/root/.cache/pypoetry/virtualenvs/cpdbv2-backend-VA82Wl8V-py3.7/lib/python3.7/site-packages/elasticsearch/connection/http_urllib3.py", line 115, in perform_request
    response = self.pool.urlopen(method, url, body, retries=False, headers=self.headers, **kw)
  File "/root/.cache/pypoetry/virtualenvs/cpdbv2-backend-VA82Wl8V-py3.7/lib/python3.7/site-packages/urllib3/connectionpool.py", line 727, in urlopen
    method, url, error=e, _pool=self, _stacktrace=sys.exc_info()[2]
  File "/root/.cache/pypoetry/virtualenvs/cpdbv2-backend-VA82Wl8V-py3.7/lib/python3.7/site-packages/urllib3/util/retry.py", line 386, in increment
    raise six.reraise(type(error), error, _stacktrace)
  File "/root/.cache/pypoetry/virtualenvs/cpdbv2-backend-VA82Wl8V-py3.7/lib/python3.7/site-packages/urllib3/packages/six.py", line 735, in reraise
    raise value
  File "/root/.cache/pypoetry/virtualenvs/cpdbv2-backend-VA82Wl8V-py3.7/lib/python3.7/site-packages/urllib3/connectionpool.py", line 677, in urlopen
    chunked=chunked,
  File "/root/.cache/pypoetry/virtualenvs/cpdbv2-backend-VA82Wl8V-py3.7/lib/python3.7/site-packages/urllib3/connectionpool.py", line 392, in _make_request
    conn.request(method, url, **httplib_request_kw)
  File "/usr/local/lib/python3.7/http/client.py", line 1281, in request
    self._send_request(method, url, body, headers, encode_chunked)
  File "/usr/local/lib/python3.7/http/client.py", line 1327, in _send_request
    self.endheaders(body, encode_chunked=encode_chunked)
  File "/usr/local/lib/python3.7/http/client.py", line 1276, in endheaders
    self._send_output(message_body, encode_chunked=encode_chunked)
  File "/usr/local/lib/python3.7/http/client.py", line 1036, in _send_output
    self.send(msg)
  File "/usr/local/lib/python3.7/http/client.py", line 976, in send
    self.connect()
  File "/root/.cache/pypoetry/virtualenvs/cpdbv2-backend-VA82Wl8V-py3.7/lib/python3.7/site-packages/urllib3/connection.py", line 187, in connect
    conn = self._new_conn()
  File "/root/.cache/pypoetry/virtualenvs/cpdbv2-backend-VA82Wl8V-py3.7/lib/python3.7/site-packages/urllib3/connection.py", line 172, in _new_conn
    self, "Failed to establish a new connection: %s" % e
urllib3.exceptions.NewConnectionError: <urllib3.connection.HTTPConnection object at 0x7ff068859410>: Failed to establish a new connection: [Errno -2] Name or service not known
elasticsearch: DEBUG: > None
urllib3.util.retry: DEBUG: Converted retries value: False -> Retry(total=False, connect=None, read=None, redirect=0, status=None)
urllib3.connectionpool: DEBUG: Starting new HTTP connection (810): elasticsearch:9200
elasticsearch: WARNING: DELETE http://elasticsearch:9200/test_autocompletes [status:N/A request:0.004s]
Traceback (most recent call last):
  File "/root/.cache/pypoetry/virtualenvs/cpdbv2-backend-VA82Wl8V-py3.7/lib/python3.7/site-packages/urllib3/connection.py", line 160, in _new_conn
    (self._dns_host, self.port), self.timeout, **extra_kw
  File "/root/.cache/pypoetry/virtualenvs/cpdbv2-backend-VA82Wl8V-py3.7/lib/python3.7/site-packages/urllib3/util/connection.py", line 61, in create_connection
    for res in socket.getaddrinfo(host, port, family, socket.SOCK_STREAM):
  File "/usr/local/lib/python3.7/socket.py", line 752, in getaddrinfo
    for res in _socket.getaddrinfo(host, port, family, type, proto, flags):
socket.gaierror: [Errno -2] Name or service not known

During handling of the above exception, another exception occurred:

Traceback (most recent call last):
  File "/root/.cache/pypoetry/virtualenvs/cpdbv2-backend-VA82Wl8V-py3.7/lib/python3.7/site-packages/elasticsearch/connection/http_urllib3.py", line 115, in perform_request
    response = self.pool.urlopen(method, url, body, retries=False, headers=self.headers, **kw)
  File "/root/.cache/pypoetry/virtualenvs/cpdbv2-backend-VA82Wl8V-py3.7/lib/python3.7/site-packages/urllib3/connectionpool.py", line 727, in urlopen
    method, url, error=e, _pool=self, _stacktrace=sys.exc_info()[2]
  File "/root/.cache/pypoetry/virtualenvs/cpdbv2-backend-VA82Wl8V-py3.7/lib/python3.7/site-packages/urllib3/util/retry.py", line 386, in increment
    raise six.reraise(type(error), error, _stacktrace)
  File "/root/.cache/pypoetry/virtualenvs/cpdbv2-backend-VA82Wl8V-py3.7/lib/python3.7/site-packages/urllib3/packages/six.py", line 735, in reraise
    raise value
  File "/root/.cache/pypoetry/virtualenvs/cpdbv2-backend-VA82Wl8V-py3.7/lib/python3.7/site-packages/urllib3/connectionpool.py", line 677, in urlopen
    chunked=chunked,
  File "/root/.cache/pypoetry/virtualenvs/cpdbv2-backend-VA82Wl8V-py3.7/lib/python3.7/site-packages/urllib3/connectionpool.py", line 392, in _make_request
    conn.request(method, url, **httplib_request_kw)
  File "/usr/local/lib/python3.7/http/client.py", line 1281, in request
    self._send_request(method, url, body, headers, encode_chunked)
  File "/usr/local/lib/python3.7/http/client.py", line 1327, in _send_request
    self.endheaders(body, encode_chunked=encode_chunked)
  File "/usr/local/lib/python3.7/http/client.py", line 1276, in endheaders
    self._send_output(message_body, encode_chunked=encode_chunked)
  File "/usr/local/lib/python3.7/http/client.py", line 1036, in _send_output
    self.send(msg)
  File "/usr/local/lib/python3.7/http/client.py", line 976, in send
    self.connect()
  File "/root/.cache/pypoetry/virtualenvs/cpdbv2-backend-VA82Wl8V-py3.7/lib/python3.7/site-packages/urllib3/connection.py", line 187, in connect
    conn = self._new_conn()
  File "/root/.cache/pypoetry/virtualenvs/cpdbv2-backend-VA82Wl8V-py3.7/lib/python3.7/site-packages/urllib3/connection.py", line 172, in _new_conn
    self, "Failed to establish a new connection: %s" % e
urllib3.exceptions.NewConnectionError: <urllib3.connection.HTTPConnection object at 0x7ff0688592d0>: Failed to establish a new connection: [Errno -2] Name or service not known
elasticsearch: DEBUG: > None
urllib3.util.retry: DEBUG: Converted retries value: False -> Retry(total=False, connect=None, read=None, redirect=0, status=None)
urllib3.connectionpool: DEBUG: Starting new HTTP connection (811): elasticsearch:9200
elasticsearch: WARNING: DELETE http://elasticsearch:9200/test_autocompletes [status:N/A request:0.006s]
Traceback (most recent call last):
  File "/root/.cache/pypoetry/virtualenvs/cpdbv2-backend-VA82Wl8V-py3.7/lib/python3.7/site-packages/urllib3/connection.py", line 160, in _new_conn
    (self._dns_host, self.port), self.timeout, **extra_kw
  File "/root/.cache/pypoetry/virtualenvs/cpdbv2-backend-VA82Wl8V-py3.7/lib/python3.7/site-packages/urllib3/util/connection.py", line 61, in create_connection
    for res in socket.getaddrinfo(host, port, family, socket.SOCK_STREAM):
  File "/usr/local/lib/python3.7/socket.py", line 752, in getaddrinfo
    for res in _socket.getaddrinfo(host, port, family, type, proto, flags):
socket.gaierror: [Errno -2] Name or service not known

During handling of the above exception, another exception occurred:

Traceback (most recent call last):
  File "/root/.cache/pypoetry/virtualenvs/cpdbv2-backend-VA82Wl8V-py3.7/lib/python3.7/site-packages/elasticsearch/connection/http_urllib3.py", line 115, in perform_request
    response = self.pool.urlopen(method, url, body, retries=False, headers=self.headers, **kw)
  File "/root/.cache/pypoetry/virtualenvs/cpdbv2-backend-VA82Wl8V-py3.7/lib/python3.7/site-packages/urllib3/connectionpool.py", line 727, in urlopen
    method, url, error=e, _pool=self, _stacktrace=sys.exc_info()[2]
  File "/root/.cache/pypoetry/virtualenvs/cpdbv2-backend-VA82Wl8V-py3.7/lib/python3.7/site-packages/urllib3/util/retry.py", line 386, in increment
    raise six.reraise(type(error), error, _stacktrace)
  File "/root/.cache/pypoetry/virtualenvs/cpdbv2-backend-VA82Wl8V-py3.7/lib/python3.7/site-packages/urllib3/packages/six.py", line 735, in reraise
    raise value
  File "/root/.cache/pypoetry/virtualenvs/cpdbv2-backend-VA82Wl8V-py3.7/lib/python3.7/site-packages/urllib3/connectionpool.py", line 677, in urlopen
    chunked=chunked,
  File "/root/.cache/pypoetry/virtualenvs/cpdbv2-backend-VA82Wl8V-py3.7/lib/python3.7/site-packages/urllib3/connectionpool.py", line 392, in _make_request
    conn.request(method, url, **httplib_request_kw)
  File "/usr/local/lib/python3.7/http/client.py", line 1281, in request
    self._send_request(method, url, body, headers, encode_chunked)
  File "/usr/local/lib/python3.7/http/client.py", line 1327, in _send_request
    self.endheaders(body, encode_chunked=encode_chunked)
  File "/usr/local/lib/python3.7/http/client.py", line 1276, in endheaders
    self._send_output(message_body, encode_chunked=encode_chunked)
  File "/usr/local/lib/python3.7/http/client.py", line 1036, in _send_output
    self.send(msg)
  File "/usr/local/lib/python3.7/http/client.py", line 976, in send
    self.connect()
  File "/root/.cache/pypoetry/virtualenvs/cpdbv2-backend-VA82Wl8V-py3.7/lib/python3.7/site-packages/urllib3/connection.py", line 187, in connect
    conn = self._new_conn()
  File "/root/.cache/pypoetry/virtualenvs/cpdbv2-backend-VA82Wl8V-py3.7/lib/python3.7/site-packages/urllib3/connection.py", line 172, in _new_conn
    self, "Failed to establish a new connection: %s" % e
urllib3.exceptions.NewConnectionError: <urllib3.connection.HTTPConnection object at 0x7ff0696d7a10>: Failed to establish a new connection: [Errno -2] Name or service not known
elasticsearch: DEBUG: > None
urllib3.util.retry: DEBUG: Converted retries value: False -> Retry(total=False, connect=None, read=None, redirect=0, status=None)
urllib3.connectionpool: DEBUG: Starting new HTTP connection (812): elasticsearch:9200
elasticsearch: WARNING: DELETE http://elasticsearch:9200/test_autocompletes [status:N/A request:0.005s]
Traceback (most recent call last):
  File "/root/.cache/pypoetry/virtualenvs/cpdbv2-backend-VA82Wl8V-py3.7/lib/python3.7/site-packages/urllib3/connection.py", line 160, in _new_conn
    (self._dns_host, self.port), self.timeout, **extra_kw
  File "/root/.cache/pypoetry/virtualenvs/cpdbv2-backend-VA82Wl8V-py3.7/lib/python3.7/site-packages/urllib3/util/connection.py", line 61, in create_connection
    for res in socket.getaddrinfo(host, port, family, socket.SOCK_STREAM):
  File "/usr/local/lib/python3.7/socket.py", line 752, in getaddrinfo
    for res in _socket.getaddrinfo(host, port, family, type, proto, flags):
socket.gaierror: [Errno -2] Name or service not known

During handling of the above exception, another exception occurred:

Traceback (most recent call last):
  File "/root/.cache/pypoetry/virtualenvs/cpdbv2-backend-VA82Wl8V-py3.7/lib/python3.7/site-packages/elasticsearch/connection/http_urllib3.py", line 115, in perform_request
    response = self.pool.urlopen(method, url, body, retries=False, headers=self.headers, **kw)
  File "/root/.cache/pypoetry/virtualenvs/cpdbv2-backend-VA82Wl8V-py3.7/lib/python3.7/site-packages/urllib3/connectionpool.py", line 727, in urlopen
    method, url, error=e, _pool=self, _stacktrace=sys.exc_info()[2]
  File "/root/.cache/pypoetry/virtualenvs/cpdbv2-backend-VA82Wl8V-py3.7/lib/python3.7/site-packages/urllib3/util/retry.py", line 386, in increment
    raise six.reraise(type(error), error, _stacktrace)
  File "/root/.cache/pypoetry/virtualenvs/cpdbv2-backend-VA82Wl8V-py3.7/lib/python3.7/site-packages/urllib3/packages/six.py", line 735, in reraise
    raise value
  File "/root/.cache/pypoetry/virtualenvs/cpdbv2-backend-VA82Wl8V-py3.7/lib/python3.7/site-packages/urllib3/connectionpool.py", line 677, in urlopen
    chunked=chunked,
  File "/root/.cache/pypoetry/virtualenvs/cpdbv2-backend-VA82Wl8V-py3.7/lib/python3.7/site-packages/urllib3/connectionpool.py", line 392, in _make_request
    conn.request(method, url, **httplib_request_kw)
  File "/usr/local/lib/python3.7/http/client.py", line 1281, in request
    self._send_request(method, url, body, headers, encode_chunked)
  File "/usr/local/lib/python3.7/http/client.py", line 1327, in _send_request
    self.endheaders(body, encode_chunked=encode_chunked)
  File "/usr/local/lib/python3.7/http/client.py", line 1276, in endheaders
    self._send_output(message_body, encode_chunked=encode_chunked)
  File "/usr/local/lib/python3.7/http/client.py", line 1036, in _send_output
    self.send(msg)
  File "/usr/local/lib/python3.7/http/client.py", line 976, in send
    self.connect()
  File "/root/.cache/pypoetry/virtualenvs/cpdbv2-backend-VA82Wl8V-py3.7/lib/python3.7/site-packages/urllib3/connection.py", line 187, in connect
    conn = self._new_conn()
  File "/root/.cache/pypoetry/virtualenvs/cpdbv2-backend-VA82Wl8V-py3.7/lib/python3.7/site-packages/urllib3/connection.py", line 172, in _new_conn
    self, "Failed to establish a new connection: %s" % e
urllib3.exceptions.NewConnectionError: <urllib3.connection.HTTPConnection object at 0x7ff0696d7210>: Failed to establish a new connection: [Errno -2] Name or service not known
elasticsearch: DEBUG: > None
--------------------- >> end captured logging << ---------------------

======================================================================
ERROR: test_search_prioritizing_tags (search.tests.test_workers.OfficerWorkerTestCase)
----------------------------------------------------------------------
Traceback (most recent call last):
  File "/usr/src/app/cpdb/search/tests/utils.py", line 12, in setUp
    autocompletes_alias.read_index.delete(ignore=404)
  File "/root/.cache/pypoetry/virtualenvs/cpdbv2-backend-VA82Wl8V-py3.7/lib/python3.7/site-packages/elasticsearch_dsl/index.py", line 222, in delete
    self.connection.indices.delete(index=self._name, **kwargs)
  File "/root/.cache/pypoetry/virtualenvs/cpdbv2-backend-VA82Wl8V-py3.7/lib/python3.7/site-packages/elasticsearch/client/utils.py", line 73, in _wrapped
    return func(*args, params=params, **kwargs)
  File "/root/.cache/pypoetry/virtualenvs/cpdbv2-backend-VA82Wl8V-py3.7/lib/python3.7/site-packages/elasticsearch/client/indices.py", line 200, in delete
    params=params)
  File "/root/.cache/pypoetry/virtualenvs/cpdbv2-backend-VA82Wl8V-py3.7/lib/python3.7/site-packages/elasticsearch/transport.py", line 312, in perform_request
    status, headers, data = connection.perform_request(method, url, params, body, ignore=ignore, timeout=timeout)
  File "/root/.cache/pypoetry/virtualenvs/cpdbv2-backend-VA82Wl8V-py3.7/lib/python3.7/site-packages/elasticsearch/connection/http_urllib3.py", line 124, in perform_request
    raise ConnectionError('N/A', str(e), e)
elasticsearch.exceptions.ConnectionError: ConnectionError(<urllib3.connection.HTTPConnection object at 0x7ff0689e9750>: Failed to establish a new connection: [Errno -2] Name or service not known) caused by: NewConnectionError(<urllib3.connection.HTTPConnection object at 0x7ff0689e9750>: Failed to establish a new connection: [Errno -2] Name or service not known)
-------------------- >> begin captured logging << --------------------
urllib3.util.retry: DEBUG: Converted retries value: False -> Retry(total=False, connect=None, read=None, redirect=0, status=None)
urllib3.connectionpool: DEBUG: Starting new HTTP connection (813): elasticsearch:9200
elasticsearch: WARNING: DELETE http://elasticsearch:9200/test_autocompletes [status:N/A request:0.006s]
Traceback (most recent call last):
  File "/root/.cache/pypoetry/virtualenvs/cpdbv2-backend-VA82Wl8V-py3.7/lib/python3.7/site-packages/urllib3/connection.py", line 160, in _new_conn
    (self._dns_host, self.port), self.timeout, **extra_kw
  File "/root/.cache/pypoetry/virtualenvs/cpdbv2-backend-VA82Wl8V-py3.7/lib/python3.7/site-packages/urllib3/util/connection.py", line 61, in create_connection
    for res in socket.getaddrinfo(host, port, family, socket.SOCK_STREAM):
  File "/usr/local/lib/python3.7/socket.py", line 752, in getaddrinfo
    for res in _socket.getaddrinfo(host, port, family, type, proto, flags):
socket.gaierror: [Errno -2] Name or service not known

During handling of the above exception, another exception occurred:

Traceback (most recent call last):
  File "/root/.cache/pypoetry/virtualenvs/cpdbv2-backend-VA82Wl8V-py3.7/lib/python3.7/site-packages/elasticsearch/connection/http_urllib3.py", line 115, in perform_request
    response = self.pool.urlopen(method, url, body, retries=False, headers=self.headers, **kw)
  File "/root/.cache/pypoetry/virtualenvs/cpdbv2-backend-VA82Wl8V-py3.7/lib/python3.7/site-packages/urllib3/connectionpool.py", line 727, in urlopen
    method, url, error=e, _pool=self, _stacktrace=sys.exc_info()[2]
  File "/root/.cache/pypoetry/virtualenvs/cpdbv2-backend-VA82Wl8V-py3.7/lib/python3.7/site-packages/urllib3/util/retry.py", line 386, in increment
    raise six.reraise(type(error), error, _stacktrace)
  File "/root/.cache/pypoetry/virtualenvs/cpdbv2-backend-VA82Wl8V-py3.7/lib/python3.7/site-packages/urllib3/packages/six.py", line 735, in reraise
    raise value
  File "/root/.cache/pypoetry/virtualenvs/cpdbv2-backend-VA82Wl8V-py3.7/lib/python3.7/site-packages/urllib3/connectionpool.py", line 677, in urlopen
    chunked=chunked,
  File "/root/.cache/pypoetry/virtualenvs/cpdbv2-backend-VA82Wl8V-py3.7/lib/python3.7/site-packages/urllib3/connectionpool.py", line 392, in _make_request
    conn.request(method, url, **httplib_request_kw)
  File "/usr/local/lib/python3.7/http/client.py", line 1281, in request
    self._send_request(method, url, body, headers, encode_chunked)
  File "/usr/local/lib/python3.7/http/client.py", line 1327, in _send_request
    self.endheaders(body, encode_chunked=encode_chunked)
  File "/usr/local/lib/python3.7/http/client.py", line 1276, in endheaders
    self._send_output(message_body, encode_chunked=encode_chunked)
  File "/usr/local/lib/python3.7/http/client.py", line 1036, in _send_output
    self.send(msg)
  File "/usr/local/lib/python3.7/http/client.py", line 976, in send
    self.connect()
  File "/root/.cache/pypoetry/virtualenvs/cpdbv2-backend-VA82Wl8V-py3.7/lib/python3.7/site-packages/urllib3/connection.py", line 187, in connect
    conn = self._new_conn()
  File "/root/.cache/pypoetry/virtualenvs/cpdbv2-backend-VA82Wl8V-py3.7/lib/python3.7/site-packages/urllib3/connection.py", line 172, in _new_conn
    self, "Failed to establish a new connection: %s" % e
urllib3.exceptions.NewConnectionError: <urllib3.connection.HTTPConnection object at 0x7ff0696f3b50>: Failed to establish a new connection: [Errno -2] Name or service not known
elasticsearch: DEBUG: > None
urllib3.util.retry: DEBUG: Converted retries value: False -> Retry(total=False, connect=None, read=None, redirect=0, status=None)
urllib3.connectionpool: DEBUG: Starting new HTTP connection (814): elasticsearch:9200
elasticsearch: WARNING: DELETE http://elasticsearch:9200/test_autocompletes [status:N/A request:0.006s]
Traceback (most recent call last):
  File "/root/.cache/pypoetry/virtualenvs/cpdbv2-backend-VA82Wl8V-py3.7/lib/python3.7/site-packages/urllib3/connection.py", line 160, in _new_conn
    (self._dns_host, self.port), self.timeout, **extra_kw
  File "/root/.cache/pypoetry/virtualenvs/cpdbv2-backend-VA82Wl8V-py3.7/lib/python3.7/site-packages/urllib3/util/connection.py", line 61, in create_connection
    for res in socket.getaddrinfo(host, port, family, socket.SOCK_STREAM):
  File "/usr/local/lib/python3.7/socket.py", line 752, in getaddrinfo
    for res in _socket.getaddrinfo(host, port, family, type, proto, flags):
socket.gaierror: [Errno -2] Name or service not known

During handling of the above exception, another exception occurred:

Traceback (most recent call last):
  File "/root/.cache/pypoetry/virtualenvs/cpdbv2-backend-VA82Wl8V-py3.7/lib/python3.7/site-packages/elasticsearch/connection/http_urllib3.py", line 115, in perform_request
    response = self.pool.urlopen(method, url, body, retries=False, headers=self.headers, **kw)
  File "/root/.cache/pypoetry/virtualenvs/cpdbv2-backend-VA82Wl8V-py3.7/lib/python3.7/site-packages/urllib3/connectionpool.py", line 727, in urlopen
    method, url, error=e, _pool=self, _stacktrace=sys.exc_info()[2]
  File "/root/.cache/pypoetry/virtualenvs/cpdbv2-backend-VA82Wl8V-py3.7/lib/python3.7/site-packages/urllib3/util/retry.py", line 386, in increment
    raise six.reraise(type(error), error, _stacktrace)
  File "/root/.cache/pypoetry/virtualenvs/cpdbv2-backend-VA82Wl8V-py3.7/lib/python3.7/site-packages/urllib3/packages/six.py", line 735, in reraise
    raise value
  File "/root/.cache/pypoetry/virtualenvs/cpdbv2-backend-VA82Wl8V-py3.7/lib/python3.7/site-packages/urllib3/connectionpool.py", line 677, in urlopen
    chunked=chunked,
  File "/root/.cache/pypoetry/virtualenvs/cpdbv2-backend-VA82Wl8V-py3.7/lib/python3.7/site-packages/urllib3/connectionpool.py", line 392, in _make_request
    conn.request(method, url, **httplib_request_kw)
  File "/usr/local/lib/python3.7/http/client.py", line 1281, in request
    self._send_request(method, url, body, headers, encode_chunked)
  File "/usr/local/lib/python3.7/http/client.py", line 1327, in _send_request
    self.endheaders(body, encode_chunked=encode_chunked)
  File "/usr/local/lib/python3.7/http/client.py", line 1276, in endheaders
    self._send_output(message_body, encode_chunked=encode_chunked)
  File "/usr/local/lib/python3.7/http/client.py", line 1036, in _send_output
    self.send(msg)
  File "/usr/local/lib/python3.7/http/client.py", line 976, in send
    self.connect()
  File "/root/.cache/pypoetry/virtualenvs/cpdbv2-backend-VA82Wl8V-py3.7/lib/python3.7/site-packages/urllib3/connection.py", line 187, in connect
    conn = self._new_conn()
  File "/root/.cache/pypoetry/virtualenvs/cpdbv2-backend-VA82Wl8V-py3.7/lib/python3.7/site-packages/urllib3/connection.py", line 172, in _new_conn
    self, "Failed to establish a new connection: %s" % e
urllib3.exceptions.NewConnectionError: <urllib3.connection.HTTPConnection object at 0x7ff069375b90>: Failed to establish a new connection: [Errno -2] Name or service not known
elasticsearch: DEBUG: > None
urllib3.util.retry: DEBUG: Converted retries value: False -> Retry(total=False, connect=None, read=None, redirect=0, status=None)
urllib3.connectionpool: DEBUG: Starting new HTTP connection (815): elasticsearch:9200
elasticsearch: WARNING: DELETE http://elasticsearch:9200/test_autocompletes [status:N/A request:0.005s]
Traceback (most recent call last):
  File "/root/.cache/pypoetry/virtualenvs/cpdbv2-backend-VA82Wl8V-py3.7/lib/python3.7/site-packages/urllib3/connection.py", line 160, in _new_conn
    (self._dns_host, self.port), self.timeout, **extra_kw
  File "/root/.cache/pypoetry/virtualenvs/cpdbv2-backend-VA82Wl8V-py3.7/lib/python3.7/site-packages/urllib3/util/connection.py", line 61, in create_connection
    for res in socket.getaddrinfo(host, port, family, socket.SOCK_STREAM):
  File "/usr/local/lib/python3.7/socket.py", line 752, in getaddrinfo
    for res in _socket.getaddrinfo(host, port, family, type, proto, flags):
socket.gaierror: [Errno -2] Name or service not known

During handling of the above exception, another exception occurred:

Traceback (most recent call last):
  File "/root/.cache/pypoetry/virtualenvs/cpdbv2-backend-VA82Wl8V-py3.7/lib/python3.7/site-packages/elasticsearch/connection/http_urllib3.py", line 115, in perform_request
    response = self.pool.urlopen(method, url, body, retries=False, headers=self.headers, **kw)
  File "/root/.cache/pypoetry/virtualenvs/cpdbv2-backend-VA82Wl8V-py3.7/lib/python3.7/site-packages/urllib3/connectionpool.py", line 727, in urlopen
    method, url, error=e, _pool=self, _stacktrace=sys.exc_info()[2]
  File "/root/.cache/pypoetry/virtualenvs/cpdbv2-backend-VA82Wl8V-py3.7/lib/python3.7/site-packages/urllib3/util/retry.py", line 386, in increment
    raise six.reraise(type(error), error, _stacktrace)
  File "/root/.cache/pypoetry/virtualenvs/cpdbv2-backend-VA82Wl8V-py3.7/lib/python3.7/site-packages/urllib3/packages/six.py", line 735, in reraise
    raise value
  File "/root/.cache/pypoetry/virtualenvs/cpdbv2-backend-VA82Wl8V-py3.7/lib/python3.7/site-packages/urllib3/connectionpool.py", line 677, in urlopen
    chunked=chunked,
  File "/root/.cache/pypoetry/virtualenvs/cpdbv2-backend-VA82Wl8V-py3.7/lib/python3.7/site-packages/urllib3/connectionpool.py", line 392, in _make_request
    conn.request(method, url, **httplib_request_kw)
  File "/usr/local/lib/python3.7/http/client.py", line 1281, in request
    self._send_request(method, url, body, headers, encode_chunked)
  File "/usr/local/lib/python3.7/http/client.py", line 1327, in _send_request
    self.endheaders(body, encode_chunked=encode_chunked)
  File "/usr/local/lib/python3.7/http/client.py", line 1276, in endheaders
    self._send_output(message_body, encode_chunked=encode_chunked)
  File "/usr/local/lib/python3.7/http/client.py", line 1036, in _send_output
    self.send(msg)
  File "/usr/local/lib/python3.7/http/client.py", line 976, in send
    self.connect()
  File "/root/.cache/pypoetry/virtualenvs/cpdbv2-backend-VA82Wl8V-py3.7/lib/python3.7/site-packages/urllib3/connection.py", line 187, in connect
    conn = self._new_conn()
  File "/root/.cache/pypoetry/virtualenvs/cpdbv2-backend-VA82Wl8V-py3.7/lib/python3.7/site-packages/urllib3/connection.py", line 172, in _new_conn
    self, "Failed to establish a new connection: %s" % e
urllib3.exceptions.NewConnectionError: <urllib3.connection.HTTPConnection object at 0x7ff0689e9bd0>: Failed to establish a new connection: [Errno -2] Name or service not known
elasticsearch: DEBUG: > None
urllib3.util.retry: DEBUG: Converted retries value: False -> Retry(total=False, connect=None, read=None, redirect=0, status=None)
urllib3.connectionpool: DEBUG: Starting new HTTP connection (816): elasticsearch:9200
elasticsearch: WARNING: DELETE http://elasticsearch:9200/test_autocompletes [status:N/A request:0.005s]
Traceback (most recent call last):
  File "/root/.cache/pypoetry/virtualenvs/cpdbv2-backend-VA82Wl8V-py3.7/lib/python3.7/site-packages/urllib3/connection.py", line 160, in _new_conn
    (self._dns_host, self.port), self.timeout, **extra_kw
  File "/root/.cache/pypoetry/virtualenvs/cpdbv2-backend-VA82Wl8V-py3.7/lib/python3.7/site-packages/urllib3/util/connection.py", line 61, in create_connection
    for res in socket.getaddrinfo(host, port, family, socket.SOCK_STREAM):
  File "/usr/local/lib/python3.7/socket.py", line 752, in getaddrinfo
    for res in _socket.getaddrinfo(host, port, family, type, proto, flags):
socket.gaierror: [Errno -2] Name or service not known

During handling of the above exception, another exception occurred:

Traceback (most recent call last):
  File "/root/.cache/pypoetry/virtualenvs/cpdbv2-backend-VA82Wl8V-py3.7/lib/python3.7/site-packages/elasticsearch/connection/http_urllib3.py", line 115, in perform_request
    response = self.pool.urlopen(method, url, body, retries=False, headers=self.headers, **kw)
  File "/root/.cache/pypoetry/virtualenvs/cpdbv2-backend-VA82Wl8V-py3.7/lib/python3.7/site-packages/urllib3/connectionpool.py", line 727, in urlopen
    method, url, error=e, _pool=self, _stacktrace=sys.exc_info()[2]
  File "/root/.cache/pypoetry/virtualenvs/cpdbv2-backend-VA82Wl8V-py3.7/lib/python3.7/site-packages/urllib3/util/retry.py", line 386, in increment
    raise six.reraise(type(error), error, _stacktrace)
  File "/root/.cache/pypoetry/virtualenvs/cpdbv2-backend-VA82Wl8V-py3.7/lib/python3.7/site-packages/urllib3/packages/six.py", line 735, in reraise
    raise value
  File "/root/.cache/pypoetry/virtualenvs/cpdbv2-backend-VA82Wl8V-py3.7/lib/python3.7/site-packages/urllib3/connectionpool.py", line 677, in urlopen
    chunked=chunked,
  File "/root/.cache/pypoetry/virtualenvs/cpdbv2-backend-VA82Wl8V-py3.7/lib/python3.7/site-packages/urllib3/connectionpool.py", line 392, in _make_request
    conn.request(method, url, **httplib_request_kw)
  File "/usr/local/lib/python3.7/http/client.py", line 1281, in request
    self._send_request(method, url, body, headers, encode_chunked)
  File "/usr/local/lib/python3.7/http/client.py", line 1327, in _send_request
    self.endheaders(body, encode_chunked=encode_chunked)
  File "/usr/local/lib/python3.7/http/client.py", line 1276, in endheaders
    self._send_output(message_body, encode_chunked=encode_chunked)
  File "/usr/local/lib/python3.7/http/client.py", line 1036, in _send_output
    self.send(msg)
  File "/usr/local/lib/python3.7/http/client.py", line 976, in send
    self.connect()
  File "/root/.cache/pypoetry/virtualenvs/cpdbv2-backend-VA82Wl8V-py3.7/lib/python3.7/site-packages/urllib3/connection.py", line 187, in connect
    conn = self._new_conn()
  File "/root/.cache/pypoetry/virtualenvs/cpdbv2-backend-VA82Wl8V-py3.7/lib/python3.7/site-packages/urllib3/connection.py", line 172, in _new_conn
    self, "Failed to establish a new connection: %s" % e
urllib3.exceptions.NewConnectionError: <urllib3.connection.HTTPConnection object at 0x7ff0689e9750>: Failed to establish a new connection: [Errno -2] Name or service not known
elasticsearch: DEBUG: > None
--------------------- >> end captured logging << ---------------------

======================================================================
ERROR: test_search_by_rank (search.tests.test_workers.RankWorkerTestCase)
----------------------------------------------------------------------
Traceback (most recent call last):
  File "/usr/src/app/cpdb/search/tests/utils.py", line 12, in setUp
    autocompletes_alias.read_index.delete(ignore=404)
  File "/root/.cache/pypoetry/virtualenvs/cpdbv2-backend-VA82Wl8V-py3.7/lib/python3.7/site-packages/elasticsearch_dsl/index.py", line 222, in delete
    self.connection.indices.delete(index=self._name, **kwargs)
  File "/root/.cache/pypoetry/virtualenvs/cpdbv2-backend-VA82Wl8V-py3.7/lib/python3.7/site-packages/elasticsearch/client/utils.py", line 73, in _wrapped
    return func(*args, params=params, **kwargs)
  File "/root/.cache/pypoetry/virtualenvs/cpdbv2-backend-VA82Wl8V-py3.7/lib/python3.7/site-packages/elasticsearch/client/indices.py", line 200, in delete
    params=params)
  File "/root/.cache/pypoetry/virtualenvs/cpdbv2-backend-VA82Wl8V-py3.7/lib/python3.7/site-packages/elasticsearch/transport.py", line 312, in perform_request
    status, headers, data = connection.perform_request(method, url, params, body, ignore=ignore, timeout=timeout)
  File "/root/.cache/pypoetry/virtualenvs/cpdbv2-backend-VA82Wl8V-py3.7/lib/python3.7/site-packages/elasticsearch/connection/http_urllib3.py", line 124, in perform_request
    raise ConnectionError('N/A', str(e), e)
elasticsearch.exceptions.ConnectionError: ConnectionError(<urllib3.connection.HTTPConnection object at 0x7ff06892e150>: Failed to establish a new connection: [Errno -2] Name or service not known) caused by: NewConnectionError(<urllib3.connection.HTTPConnection object at 0x7ff06892e150>: Failed to establish a new connection: [Errno -2] Name or service not known)
-------------------- >> begin captured logging << --------------------
urllib3.util.retry: DEBUG: Converted retries value: False -> Retry(total=False, connect=None, read=None, redirect=0, status=None)
urllib3.connectionpool: DEBUG: Starting new HTTP connection (817): elasticsearch:9200
elasticsearch: WARNING: DELETE http://elasticsearch:9200/test_autocompletes [status:N/A request:0.004s]
Traceback (most recent call last):
  File "/root/.cache/pypoetry/virtualenvs/cpdbv2-backend-VA82Wl8V-py3.7/lib/python3.7/site-packages/urllib3/connection.py", line 160, in _new_conn
    (self._dns_host, self.port), self.timeout, **extra_kw
  File "/root/.cache/pypoetry/virtualenvs/cpdbv2-backend-VA82Wl8V-py3.7/lib/python3.7/site-packages/urllib3/util/connection.py", line 61, in create_connection
    for res in socket.getaddrinfo(host, port, family, socket.SOCK_STREAM):
  File "/usr/local/lib/python3.7/socket.py", line 752, in getaddrinfo
    for res in _socket.getaddrinfo(host, port, family, type, proto, flags):
socket.gaierror: [Errno -2] Name or service not known

During handling of the above exception, another exception occurred:

Traceback (most recent call last):
  File "/root/.cache/pypoetry/virtualenvs/cpdbv2-backend-VA82Wl8V-py3.7/lib/python3.7/site-packages/elasticsearch/connection/http_urllib3.py", line 115, in perform_request
    response = self.pool.urlopen(method, url, body, retries=False, headers=self.headers, **kw)
  File "/root/.cache/pypoetry/virtualenvs/cpdbv2-backend-VA82Wl8V-py3.7/lib/python3.7/site-packages/urllib3/connectionpool.py", line 727, in urlopen
    method, url, error=e, _pool=self, _stacktrace=sys.exc_info()[2]
  File "/root/.cache/pypoetry/virtualenvs/cpdbv2-backend-VA82Wl8V-py3.7/lib/python3.7/site-packages/urllib3/util/retry.py", line 386, in increment
    raise six.reraise(type(error), error, _stacktrace)
  File "/root/.cache/pypoetry/virtualenvs/cpdbv2-backend-VA82Wl8V-py3.7/lib/python3.7/site-packages/urllib3/packages/six.py", line 735, in reraise
    raise value
  File "/root/.cache/pypoetry/virtualenvs/cpdbv2-backend-VA82Wl8V-py3.7/lib/python3.7/site-packages/urllib3/connectionpool.py", line 677, in urlopen
    chunked=chunked,
  File "/root/.cache/pypoetry/virtualenvs/cpdbv2-backend-VA82Wl8V-py3.7/lib/python3.7/site-packages/urllib3/connectionpool.py", line 392, in _make_request
    conn.request(method, url, **httplib_request_kw)
  File "/usr/local/lib/python3.7/http/client.py", line 1281, in request
    self._send_request(method, url, body, headers, encode_chunked)
  File "/usr/local/lib/python3.7/http/client.py", line 1327, in _send_request
    self.endheaders(body, encode_chunked=encode_chunked)
  File "/usr/local/lib/python3.7/http/client.py", line 1276, in endheaders
    self._send_output(message_body, encode_chunked=encode_chunked)
  File "/usr/local/lib/python3.7/http/client.py", line 1036, in _send_output
    self.send(msg)
  File "/usr/local/lib/python3.7/http/client.py", line 976, in send
    self.connect()
  File "/root/.cache/pypoetry/virtualenvs/cpdbv2-backend-VA82Wl8V-py3.7/lib/python3.7/site-packages/urllib3/connection.py", line 187, in connect
    conn = self._new_conn()
  File "/root/.cache/pypoetry/virtualenvs/cpdbv2-backend-VA82Wl8V-py3.7/lib/python3.7/site-packages/urllib3/connection.py", line 172, in _new_conn
    self, "Failed to establish a new connection: %s" % e
urllib3.exceptions.NewConnectionError: <urllib3.connection.HTTPConnection object at 0x7ff068887b10>: Failed to establish a new connection: [Errno -2] Name or service not known
elasticsearch: DEBUG: > None
urllib3.util.retry: DEBUG: Converted retries value: False -> Retry(total=False, connect=None, read=None, redirect=0, status=None)
urllib3.connectionpool: DEBUG: Starting new HTTP connection (818): elasticsearch:9200
elasticsearch: WARNING: DELETE http://elasticsearch:9200/test_autocompletes [status:N/A request:0.004s]
Traceback (most recent call last):
  File "/root/.cache/pypoetry/virtualenvs/cpdbv2-backend-VA82Wl8V-py3.7/lib/python3.7/site-packages/urllib3/connection.py", line 160, in _new_conn
    (self._dns_host, self.port), self.timeout, **extra_kw
  File "/root/.cache/pypoetry/virtualenvs/cpdbv2-backend-VA82Wl8V-py3.7/lib/python3.7/site-packages/urllib3/util/connection.py", line 61, in create_connection
    for res in socket.getaddrinfo(host, port, family, socket.SOCK_STREAM):
  File "/usr/local/lib/python3.7/socket.py", line 752, in getaddrinfo
    for res in _socket.getaddrinfo(host, port, family, type, proto, flags):
socket.gaierror: [Errno -2] Name or service not known

During handling of the above exception, another exception occurred:

Traceback (most recent call last):
  File "/root/.cache/pypoetry/virtualenvs/cpdbv2-backend-VA82Wl8V-py3.7/lib/python3.7/site-packages/elasticsearch/connection/http_urllib3.py", line 115, in perform_request
    response = self.pool.urlopen(method, url, body, retries=False, headers=self.headers, **kw)
  File "/root/.cache/pypoetry/virtualenvs/cpdbv2-backend-VA82Wl8V-py3.7/lib/python3.7/site-packages/urllib3/connectionpool.py", line 727, in urlopen
    method, url, error=e, _pool=self, _stacktrace=sys.exc_info()[2]
  File "/root/.cache/pypoetry/virtualenvs/cpdbv2-backend-VA82Wl8V-py3.7/lib/python3.7/site-packages/urllib3/util/retry.py", line 386, in increment
    raise six.reraise(type(error), error, _stacktrace)
  File "/root/.cache/pypoetry/virtualenvs/cpdbv2-backend-VA82Wl8V-py3.7/lib/python3.7/site-packages/urllib3/packages/six.py", line 735, in reraise
    raise value
  File "/root/.cache/pypoetry/virtualenvs/cpdbv2-backend-VA82Wl8V-py3.7/lib/python3.7/site-packages/urllib3/connectionpool.py", line 677, in urlopen
    chunked=chunked,
  File "/root/.cache/pypoetry/virtualenvs/cpdbv2-backend-VA82Wl8V-py3.7/lib/python3.7/site-packages/urllib3/connectionpool.py", line 392, in _make_request
    conn.request(method, url, **httplib_request_kw)
  File "/usr/local/lib/python3.7/http/client.py", line 1281, in request
    self._send_request(method, url, body, headers, encode_chunked)
  File "/usr/local/lib/python3.7/http/client.py", line 1327, in _send_request
    self.endheaders(body, encode_chunked=encode_chunked)
  File "/usr/local/lib/python3.7/http/client.py", line 1276, in endheaders
    self._send_output(message_body, encode_chunked=encode_chunked)
  File "/usr/local/lib/python3.7/http/client.py", line 1036, in _send_output
    self.send(msg)
  File "/usr/local/lib/python3.7/http/client.py", line 976, in send
    self.connect()
  File "/root/.cache/pypoetry/virtualenvs/cpdbv2-backend-VA82Wl8V-py3.7/lib/python3.7/site-packages/urllib3/connection.py", line 187, in connect
    conn = self._new_conn()
  File "/root/.cache/pypoetry/virtualenvs/cpdbv2-backend-VA82Wl8V-py3.7/lib/python3.7/site-packages/urllib3/connection.py", line 172, in _new_conn
    self, "Failed to establish a new connection: %s" % e
urllib3.exceptions.NewConnectionError: <urllib3.connection.HTTPConnection object at 0x7ff06892e590>: Failed to establish a new connection: [Errno -2] Name or service not known
elasticsearch: DEBUG: > None
urllib3.util.retry: DEBUG: Converted retries value: False -> Retry(total=False, connect=None, read=None, redirect=0, status=None)
urllib3.connectionpool: DEBUG: Starting new HTTP connection (819): elasticsearch:9200
elasticsearch: WARNING: DELETE http://elasticsearch:9200/test_autocompletes [status:N/A request:0.004s]
Traceback (most recent call last):
  File "/root/.cache/pypoetry/virtualenvs/cpdbv2-backend-VA82Wl8V-py3.7/lib/python3.7/site-packages/urllib3/connection.py", line 160, in _new_conn
    (self._dns_host, self.port), self.timeout, **extra_kw
  File "/root/.cache/pypoetry/virtualenvs/cpdbv2-backend-VA82Wl8V-py3.7/lib/python3.7/site-packages/urllib3/util/connection.py", line 61, in create_connection
    for res in socket.getaddrinfo(host, port, family, socket.SOCK_STREAM):
  File "/usr/local/lib/python3.7/socket.py", line 752, in getaddrinfo
    for res in _socket.getaddrinfo(host, port, family, type, proto, flags):
socket.gaierror: [Errno -2] Name or service not known

During handling of the above exception, another exception occurred:

Traceback (most recent call last):
  File "/root/.cache/pypoetry/virtualenvs/cpdbv2-backend-VA82Wl8V-py3.7/lib/python3.7/site-packages/elasticsearch/connection/http_urllib3.py", line 115, in perform_request
    response = self.pool.urlopen(method, url, body, retries=False, headers=self.headers, **kw)
  File "/root/.cache/pypoetry/virtualenvs/cpdbv2-backend-VA82Wl8V-py3.7/lib/python3.7/site-packages/urllib3/connectionpool.py", line 727, in urlopen
    method, url, error=e, _pool=self, _stacktrace=sys.exc_info()[2]
  File "/root/.cache/pypoetry/virtualenvs/cpdbv2-backend-VA82Wl8V-py3.7/lib/python3.7/site-packages/urllib3/util/retry.py", line 386, in increment
    raise six.reraise(type(error), error, _stacktrace)
  File "/root/.cache/pypoetry/virtualenvs/cpdbv2-backend-VA82Wl8V-py3.7/lib/python3.7/site-packages/urllib3/packages/six.py", line 735, in reraise
    raise value
  File "/root/.cache/pypoetry/virtualenvs/cpdbv2-backend-VA82Wl8V-py3.7/lib/python3.7/site-packages/urllib3/connectionpool.py", line 677, in urlopen
    chunked=chunked,
  File "/root/.cache/pypoetry/virtualenvs/cpdbv2-backend-VA82Wl8V-py3.7/lib/python3.7/site-packages/urllib3/connectionpool.py", line 392, in _make_request
    conn.request(method, url, **httplib_request_kw)
  File "/usr/local/lib/python3.7/http/client.py", line 1281, in request
    self._send_request(method, url, body, headers, encode_chunked)
  File "/usr/local/lib/python3.7/http/client.py", line 1327, in _send_request
    self.endheaders(body, encode_chunked=encode_chunked)
  File "/usr/local/lib/python3.7/http/client.py", line 1276, in endheaders
    self._send_output(message_body, encode_chunked=encode_chunked)
  File "/usr/local/lib/python3.7/http/client.py", line 1036, in _send_output
    self.send(msg)
  File "/usr/local/lib/python3.7/http/client.py", line 976, in send
    self.connect()
  File "/root/.cache/pypoetry/virtualenvs/cpdbv2-backend-VA82Wl8V-py3.7/lib/python3.7/site-packages/urllib3/connection.py", line 187, in connect
    conn = self._new_conn()
  File "/root/.cache/pypoetry/virtualenvs/cpdbv2-backend-VA82Wl8V-py3.7/lib/python3.7/site-packages/urllib3/connection.py", line 172, in _new_conn
    self, "Failed to establish a new connection: %s" % e
urllib3.exceptions.NewConnectionError: <urllib3.connection.HTTPConnection object at 0x7ff06892e710>: Failed to establish a new connection: [Errno -2] Name or service not known
elasticsearch: DEBUG: > None
urllib3.util.retry: DEBUG: Converted retries value: False -> Retry(total=False, connect=None, read=None, redirect=0, status=None)
urllib3.connectionpool: DEBUG: Starting new HTTP connection (820): elasticsearch:9200
elasticsearch: WARNING: DELETE http://elasticsearch:9200/test_autocompletes [status:N/A request:0.006s]
Traceback (most recent call last):
  File "/root/.cache/pypoetry/virtualenvs/cpdbv2-backend-VA82Wl8V-py3.7/lib/python3.7/site-packages/urllib3/connection.py", line 160, in _new_conn
    (self._dns_host, self.port), self.timeout, **extra_kw
  File "/root/.cache/pypoetry/virtualenvs/cpdbv2-backend-VA82Wl8V-py3.7/lib/python3.7/site-packages/urllib3/util/connection.py", line 61, in create_connection
    for res in socket.getaddrinfo(host, port, family, socket.SOCK_STREAM):
  File "/usr/local/lib/python3.7/socket.py", line 752, in getaddrinfo
    for res in _socket.getaddrinfo(host, port, family, type, proto, flags):
socket.gaierror: [Errno -2] Name or service not known

During handling of the above exception, another exception occurred:

Traceback (most recent call last):
  File "/root/.cache/pypoetry/virtualenvs/cpdbv2-backend-VA82Wl8V-py3.7/lib/python3.7/site-packages/elasticsearch/connection/http_urllib3.py", line 115, in perform_request
    response = self.pool.urlopen(method, url, body, retries=False, headers=self.headers, **kw)
  File "/root/.cache/pypoetry/virtualenvs/cpdbv2-backend-VA82Wl8V-py3.7/lib/python3.7/site-packages/urllib3/connectionpool.py", line 727, in urlopen
    method, url, error=e, _pool=self, _stacktrace=sys.exc_info()[2]
  File "/root/.cache/pypoetry/virtualenvs/cpdbv2-backend-VA82Wl8V-py3.7/lib/python3.7/site-packages/urllib3/util/retry.py", line 386, in increment
    raise six.reraise(type(error), error, _stacktrace)
  File "/root/.cache/pypoetry/virtualenvs/cpdbv2-backend-VA82Wl8V-py3.7/lib/python3.7/site-packages/urllib3/packages/six.py", line 735, in reraise
    raise value
  File "/root/.cache/pypoetry/virtualenvs/cpdbv2-backend-VA82Wl8V-py3.7/lib/python3.7/site-packages/urllib3/connectionpool.py", line 677, in urlopen
    chunked=chunked,
  File "/root/.cache/pypoetry/virtualenvs/cpdbv2-backend-VA82Wl8V-py3.7/lib/python3.7/site-packages/urllib3/connectionpool.py", line 392, in _make_request
    conn.request(method, url, **httplib_request_kw)
  File "/usr/local/lib/python3.7/http/client.py", line 1281, in request
    self._send_request(method, url, body, headers, encode_chunked)
  File "/usr/local/lib/python3.7/http/client.py", line 1327, in _send_request
    self.endheaders(body, encode_chunked=encode_chunked)
  File "/usr/local/lib/python3.7/http/client.py", line 1276, in endheaders
    self._send_output(message_body, encode_chunked=encode_chunked)
  File "/usr/local/lib/python3.7/http/client.py", line 1036, in _send_output
    self.send(msg)
  File "/usr/local/lib/python3.7/http/client.py", line 976, in send
    self.connect()
  File "/root/.cache/pypoetry/virtualenvs/cpdbv2-backend-VA82Wl8V-py3.7/lib/python3.7/site-packages/urllib3/connection.py", line 187, in connect
    conn = self._new_conn()
  File "/root/.cache/pypoetry/virtualenvs/cpdbv2-backend-VA82Wl8V-py3.7/lib/python3.7/site-packages/urllib3/connection.py", line 172, in _new_conn
    self, "Failed to establish a new connection: %s" % e
urllib3.exceptions.NewConnectionError: <urllib3.connection.HTTPConnection object at 0x7ff06892e150>: Failed to establish a new connection: [Errno -2] Name or service not known
elasticsearch: DEBUG: > None
--------------------- >> end captured logging << ---------------------

======================================================================
ERROR: test_search_by_tag (search.tests.test_workers.RankWorkerTestCase)
----------------------------------------------------------------------
Traceback (most recent call last):
  File "/usr/src/app/cpdb/search/tests/utils.py", line 12, in setUp
    autocompletes_alias.read_index.delete(ignore=404)
  File "/root/.cache/pypoetry/virtualenvs/cpdbv2-backend-VA82Wl8V-py3.7/lib/python3.7/site-packages/elasticsearch_dsl/index.py", line 222, in delete
    self.connection.indices.delete(index=self._name, **kwargs)
  File "/root/.cache/pypoetry/virtualenvs/cpdbv2-backend-VA82Wl8V-py3.7/lib/python3.7/site-packages/elasticsearch/client/utils.py", line 73, in _wrapped
    return func(*args, params=params, **kwargs)
  File "/root/.cache/pypoetry/virtualenvs/cpdbv2-backend-VA82Wl8V-py3.7/lib/python3.7/site-packages/elasticsearch/client/indices.py", line 200, in delete
    params=params)
  File "/root/.cache/pypoetry/virtualenvs/cpdbv2-backend-VA82Wl8V-py3.7/lib/python3.7/site-packages/elasticsearch/transport.py", line 312, in perform_request
    status, headers, data = connection.perform_request(method, url, params, body, ignore=ignore, timeout=timeout)
  File "/root/.cache/pypoetry/virtualenvs/cpdbv2-backend-VA82Wl8V-py3.7/lib/python3.7/site-packages/elasticsearch/connection/http_urllib3.py", line 124, in perform_request
    raise ConnectionError('N/A', str(e), e)
elasticsearch.exceptions.ConnectionError: ConnectionError(<urllib3.connection.HTTPConnection object at 0x7ff068859a90>: Failed to establish a new connection: [Errno -2] Name or service not known) caused by: NewConnectionError(<urllib3.connection.HTTPConnection object at 0x7ff068859a90>: Failed to establish a new connection: [Errno -2] Name or service not known)
-------------------- >> begin captured logging << --------------------
urllib3.util.retry: DEBUG: Converted retries value: False -> Retry(total=False, connect=None, read=None, redirect=0, status=None)
urllib3.connectionpool: DEBUG: Starting new HTTP connection (821): elasticsearch:9200
elasticsearch: WARNING: DELETE http://elasticsearch:9200/test_autocompletes [status:N/A request:0.004s]
Traceback (most recent call last):
  File "/root/.cache/pypoetry/virtualenvs/cpdbv2-backend-VA82Wl8V-py3.7/lib/python3.7/site-packages/urllib3/connection.py", line 160, in _new_conn
    (self._dns_host, self.port), self.timeout, **extra_kw
  File "/root/.cache/pypoetry/virtualenvs/cpdbv2-backend-VA82Wl8V-py3.7/lib/python3.7/site-packages/urllib3/util/connection.py", line 61, in create_connection
    for res in socket.getaddrinfo(host, port, family, socket.SOCK_STREAM):
  File "/usr/local/lib/python3.7/socket.py", line 752, in getaddrinfo
    for res in _socket.getaddrinfo(host, port, family, type, proto, flags):
socket.gaierror: [Errno -2] Name or service not known

During handling of the above exception, another exception occurred:

Traceback (most recent call last):
  File "/root/.cache/pypoetry/virtualenvs/cpdbv2-backend-VA82Wl8V-py3.7/lib/python3.7/site-packages/elasticsearch/connection/http_urllib3.py", line 115, in perform_request
    response = self.pool.urlopen(method, url, body, retries=False, headers=self.headers, **kw)
  File "/root/.cache/pypoetry/virtualenvs/cpdbv2-backend-VA82Wl8V-py3.7/lib/python3.7/site-packages/urllib3/connectionpool.py", line 727, in urlopen
    method, url, error=e, _pool=self, _stacktrace=sys.exc_info()[2]
  File "/root/.cache/pypoetry/virtualenvs/cpdbv2-backend-VA82Wl8V-py3.7/lib/python3.7/site-packages/urllib3/util/retry.py", line 386, in increment
    raise six.reraise(type(error), error, _stacktrace)
  File "/root/.cache/pypoetry/virtualenvs/cpdbv2-backend-VA82Wl8V-py3.7/lib/python3.7/site-packages/urllib3/packages/six.py", line 735, in reraise
    raise value
  File "/root/.cache/pypoetry/virtualenvs/cpdbv2-backend-VA82Wl8V-py3.7/lib/python3.7/site-packages/urllib3/connectionpool.py", line 677, in urlopen
    chunked=chunked,
  File "/root/.cache/pypoetry/virtualenvs/cpdbv2-backend-VA82Wl8V-py3.7/lib/python3.7/site-packages/urllib3/connectionpool.py", line 392, in _make_request
    conn.request(method, url, **httplib_request_kw)
  File "/usr/local/lib/python3.7/http/client.py", line 1281, in request
    self._send_request(method, url, body, headers, encode_chunked)
  File "/usr/local/lib/python3.7/http/client.py", line 1327, in _send_request
    self.endheaders(body, encode_chunked=encode_chunked)
  File "/usr/local/lib/python3.7/http/client.py", line 1276, in endheaders
    self._send_output(message_body, encode_chunked=encode_chunked)
  File "/usr/local/lib/python3.7/http/client.py", line 1036, in _send_output
    self.send(msg)
  File "/usr/local/lib/python3.7/http/client.py", line 976, in send
    self.connect()
  File "/root/.cache/pypoetry/virtualenvs/cpdbv2-backend-VA82Wl8V-py3.7/lib/python3.7/site-packages/urllib3/connection.py", line 187, in connect
    conn = self._new_conn()
  File "/root/.cache/pypoetry/virtualenvs/cpdbv2-backend-VA82Wl8V-py3.7/lib/python3.7/site-packages/urllib3/connection.py", line 172, in _new_conn
    self, "Failed to establish a new connection: %s" % e
urllib3.exceptions.NewConnectionError: <urllib3.connection.HTTPConnection object at 0x7ff06892e090>: Failed to establish a new connection: [Errno -2] Name or service not known
elasticsearch: DEBUG: > None
urllib3.util.retry: DEBUG: Converted retries value: False -> Retry(total=False, connect=None, read=None, redirect=0, status=None)
urllib3.connectionpool: DEBUG: Starting new HTTP connection (822): elasticsearch:9200
elasticsearch: WARNING: DELETE http://elasticsearch:9200/test_autocompletes [status:N/A request:0.004s]
Traceback (most recent call last):
  File "/root/.cache/pypoetry/virtualenvs/cpdbv2-backend-VA82Wl8V-py3.7/lib/python3.7/site-packages/urllib3/connection.py", line 160, in _new_conn
    (self._dns_host, self.port), self.timeout, **extra_kw
  File "/root/.cache/pypoetry/virtualenvs/cpdbv2-backend-VA82Wl8V-py3.7/lib/python3.7/site-packages/urllib3/util/connection.py", line 61, in create_connection
    for res in socket.getaddrinfo(host, port, family, socket.SOCK_STREAM):
  File "/usr/local/lib/python3.7/socket.py", line 752, in getaddrinfo
    for res in _socket.getaddrinfo(host, port, family, type, proto, flags):
socket.gaierror: [Errno -2] Name or service not known

During handling of the above exception, another exception occurred:

Traceback (most recent call last):
  File "/root/.cache/pypoetry/virtualenvs/cpdbv2-backend-VA82Wl8V-py3.7/lib/python3.7/site-packages/elasticsearch/connection/http_urllib3.py", line 115, in perform_request
    response = self.pool.urlopen(method, url, body, retries=False, headers=self.headers, **kw)
  File "/root/.cache/pypoetry/virtualenvs/cpdbv2-backend-VA82Wl8V-py3.7/lib/python3.7/site-packages/urllib3/connectionpool.py", line 727, in urlopen
    method, url, error=e, _pool=self, _stacktrace=sys.exc_info()[2]
  File "/root/.cache/pypoetry/virtualenvs/cpdbv2-backend-VA82Wl8V-py3.7/lib/python3.7/site-packages/urllib3/util/retry.py", line 386, in increment
    raise six.reraise(type(error), error, _stacktrace)
  File "/root/.cache/pypoetry/virtualenvs/cpdbv2-backend-VA82Wl8V-py3.7/lib/python3.7/site-packages/urllib3/packages/six.py", line 735, in reraise
    raise value
  File "/root/.cache/pypoetry/virtualenvs/cpdbv2-backend-VA82Wl8V-py3.7/lib/python3.7/site-packages/urllib3/connectionpool.py", line 677, in urlopen
    chunked=chunked,
  File "/root/.cache/pypoetry/virtualenvs/cpdbv2-backend-VA82Wl8V-py3.7/lib/python3.7/site-packages/urllib3/connectionpool.py", line 392, in _make_request
    conn.request(method, url, **httplib_request_kw)
  File "/usr/local/lib/python3.7/http/client.py", line 1281, in request
    self._send_request(method, url, body, headers, encode_chunked)
  File "/usr/local/lib/python3.7/http/client.py", line 1327, in _send_request
    self.endheaders(body, encode_chunked=encode_chunked)
  File "/usr/local/lib/python3.7/http/client.py", line 1276, in endheaders
    self._send_output(message_body, encode_chunked=encode_chunked)
  File "/usr/local/lib/python3.7/http/client.py", line 1036, in _send_output
    self.send(msg)
  File "/usr/local/lib/python3.7/http/client.py", line 976, in send
    self.connect()
  File "/root/.cache/pypoetry/virtualenvs/cpdbv2-backend-VA82Wl8V-py3.7/lib/python3.7/site-packages/urllib3/connection.py", line 187, in connect
    conn = self._new_conn()
  File "/root/.cache/pypoetry/virtualenvs/cpdbv2-backend-VA82Wl8V-py3.7/lib/python3.7/site-packages/urllib3/connection.py", line 172, in _new_conn
    self, "Failed to establish a new connection: %s" % e
urllib3.exceptions.NewConnectionError: <urllib3.connection.HTTPConnection object at 0x7ff06892e350>: Failed to establish a new connection: [Errno -2] Name or service not known
elasticsearch: DEBUG: > None
urllib3.util.retry: DEBUG: Converted retries value: False -> Retry(total=False, connect=None, read=None, redirect=0, status=None)
urllib3.connectionpool: DEBUG: Starting new HTTP connection (823): elasticsearch:9200
elasticsearch: WARNING: DELETE http://elasticsearch:9200/test_autocompletes [status:N/A request:0.004s]
Traceback (most recent call last):
  File "/root/.cache/pypoetry/virtualenvs/cpdbv2-backend-VA82Wl8V-py3.7/lib/python3.7/site-packages/urllib3/connection.py", line 160, in _new_conn
    (self._dns_host, self.port), self.timeout, **extra_kw
  File "/root/.cache/pypoetry/virtualenvs/cpdbv2-backend-VA82Wl8V-py3.7/lib/python3.7/site-packages/urllib3/util/connection.py", line 61, in create_connection
    for res in socket.getaddrinfo(host, port, family, socket.SOCK_STREAM):
  File "/usr/local/lib/python3.7/socket.py", line 752, in getaddrinfo
    for res in _socket.getaddrinfo(host, port, family, type, proto, flags):
socket.gaierror: [Errno -2] Name or service not known

During handling of the above exception, another exception occurred:

Traceback (most recent call last):
  File "/root/.cache/pypoetry/virtualenvs/cpdbv2-backend-VA82Wl8V-py3.7/lib/python3.7/site-packages/elasticsearch/connection/http_urllib3.py", line 115, in perform_request
    response = self.pool.urlopen(method, url, body, retries=False, headers=self.headers, **kw)
  File "/root/.cache/pypoetry/virtualenvs/cpdbv2-backend-VA82Wl8V-py3.7/lib/python3.7/site-packages/urllib3/connectionpool.py", line 727, in urlopen
    method, url, error=e, _pool=self, _stacktrace=sys.exc_info()[2]
  File "/root/.cache/pypoetry/virtualenvs/cpdbv2-backend-VA82Wl8V-py3.7/lib/python3.7/site-packages/urllib3/util/retry.py", line 386, in increment
    raise six.reraise(type(error), error, _stacktrace)
  File "/root/.cache/pypoetry/virtualenvs/cpdbv2-backend-VA82Wl8V-py3.7/lib/python3.7/site-packages/urllib3/packages/six.py", line 735, in reraise
    raise value
  File "/root/.cache/pypoetry/virtualenvs/cpdbv2-backend-VA82Wl8V-py3.7/lib/python3.7/site-packages/urllib3/connectionpool.py", line 677, in urlopen
    chunked=chunked,
  File "/root/.cache/pypoetry/virtualenvs/cpdbv2-backend-VA82Wl8V-py3.7/lib/python3.7/site-packages/urllib3/connectionpool.py", line 392, in _make_request
    conn.request(method, url, **httplib_request_kw)
  File "/usr/local/lib/python3.7/http/client.py", line 1281, in request
    self._send_request(method, url, body, headers, encode_chunked)
  File "/usr/local/lib/python3.7/http/client.py", line 1327, in _send_request
    self.endheaders(body, encode_chunked=encode_chunked)
  File "/usr/local/lib/python3.7/http/client.py", line 1276, in endheaders
    self._send_output(message_body, encode_chunked=encode_chunked)
  File "/usr/local/lib/python3.7/http/client.py", line 1036, in _send_output
    self.send(msg)
  File "/usr/local/lib/python3.7/http/client.py", line 976, in send
    self.connect()
  File "/root/.cache/pypoetry/virtualenvs/cpdbv2-backend-VA82Wl8V-py3.7/lib/python3.7/site-packages/urllib3/connection.py", line 187, in connect
    conn = self._new_conn()
  File "/root/.cache/pypoetry/virtualenvs/cpdbv2-backend-VA82Wl8V-py3.7/lib/python3.7/site-packages/urllib3/connection.py", line 172, in _new_conn
    self, "Failed to establish a new connection: %s" % e
urllib3.exceptions.NewConnectionError: <urllib3.connection.HTTPConnection object at 0x7ff0688590d0>: Failed to establish a new connection: [Errno -2] Name or service not known
elasticsearch: DEBUG: > None
urllib3.util.retry: DEBUG: Converted retries value: False -> Retry(total=False, connect=None, read=None, redirect=0, status=None)
urllib3.connectionpool: DEBUG: Starting new HTTP connection (824): elasticsearch:9200
elasticsearch: WARNING: DELETE http://elasticsearch:9200/test_autocompletes [status:N/A request:0.004s]
Traceback (most recent call last):
  File "/root/.cache/pypoetry/virtualenvs/cpdbv2-backend-VA82Wl8V-py3.7/lib/python3.7/site-packages/urllib3/connection.py", line 160, in _new_conn
    (self._dns_host, self.port), self.timeout, **extra_kw
  File "/root/.cache/pypoetry/virtualenvs/cpdbv2-backend-VA82Wl8V-py3.7/lib/python3.7/site-packages/urllib3/util/connection.py", line 61, in create_connection
    for res in socket.getaddrinfo(host, port, family, socket.SOCK_STREAM):
  File "/usr/local/lib/python3.7/socket.py", line 752, in getaddrinfo
    for res in _socket.getaddrinfo(host, port, family, type, proto, flags):
socket.gaierror: [Errno -2] Name or service not known

During handling of the above exception, another exception occurred:

Traceback (most recent call last):
  File "/root/.cache/pypoetry/virtualenvs/cpdbv2-backend-VA82Wl8V-py3.7/lib/python3.7/site-packages/elasticsearch/connection/http_urllib3.py", line 115, in perform_request
    response = self.pool.urlopen(method, url, body, retries=False, headers=self.headers, **kw)
  File "/root/.cache/pypoetry/virtualenvs/cpdbv2-backend-VA82Wl8V-py3.7/lib/python3.7/site-packages/urllib3/connectionpool.py", line 727, in urlopen
    method, url, error=e, _pool=self, _stacktrace=sys.exc_info()[2]
  File "/root/.cache/pypoetry/virtualenvs/cpdbv2-backend-VA82Wl8V-py3.7/lib/python3.7/site-packages/urllib3/util/retry.py", line 386, in increment
    raise six.reraise(type(error), error, _stacktrace)
  File "/root/.cache/pypoetry/virtualenvs/cpdbv2-backend-VA82Wl8V-py3.7/lib/python3.7/site-packages/urllib3/packages/six.py", line 735, in reraise
    raise value
  File "/root/.cache/pypoetry/virtualenvs/cpdbv2-backend-VA82Wl8V-py3.7/lib/python3.7/site-packages/urllib3/connectionpool.py", line 677, in urlopen
    chunked=chunked,
  File "/root/.cache/pypoetry/virtualenvs/cpdbv2-backend-VA82Wl8V-py3.7/lib/python3.7/site-packages/urllib3/connectionpool.py", line 392, in _make_request
    conn.request(method, url, **httplib_request_kw)
  File "/usr/local/lib/python3.7/http/client.py", line 1281, in request
    self._send_request(method, url, body, headers, encode_chunked)
  File "/usr/local/lib/python3.7/http/client.py", line 1327, in _send_request
    self.endheaders(body, encode_chunked=encode_chunked)
  File "/usr/local/lib/python3.7/http/client.py", line 1276, in endheaders
    self._send_output(message_body, encode_chunked=encode_chunked)
  File "/usr/local/lib/python3.7/http/client.py", line 1036, in _send_output
    self.send(msg)
  File "/usr/local/lib/python3.7/http/client.py", line 976, in send
    self.connect()
  File "/root/.cache/pypoetry/virtualenvs/cpdbv2-backend-VA82Wl8V-py3.7/lib/python3.7/site-packages/urllib3/connection.py", line 187, in connect
    conn = self._new_conn()
  File "/root/.cache/pypoetry/virtualenvs/cpdbv2-backend-VA82Wl8V-py3.7/lib/python3.7/site-packages/urllib3/connection.py", line 172, in _new_conn
    self, "Failed to establish a new connection: %s" % e
urllib3.exceptions.NewConnectionError: <urllib3.connection.HTTPConnection object at 0x7ff068859a90>: Failed to establish a new connection: [Errno -2] Name or service not known
elasticsearch: DEBUG: > None
--------------------- >> end captured logging << ---------------------

======================================================================
ERROR: test_search (search.tests.test_workers.ReportWorkerTestCase)
----------------------------------------------------------------------
Traceback (most recent call last):
  File "/usr/src/app/cpdb/search/tests/utils.py", line 12, in setUp
    autocompletes_alias.read_index.delete(ignore=404)
  File "/root/.cache/pypoetry/virtualenvs/cpdbv2-backend-VA82Wl8V-py3.7/lib/python3.7/site-packages/elasticsearch_dsl/index.py", line 222, in delete
    self.connection.indices.delete(index=self._name, **kwargs)
  File "/root/.cache/pypoetry/virtualenvs/cpdbv2-backend-VA82Wl8V-py3.7/lib/python3.7/site-packages/elasticsearch/client/utils.py", line 73, in _wrapped
    return func(*args, params=params, **kwargs)
  File "/root/.cache/pypoetry/virtualenvs/cpdbv2-backend-VA82Wl8V-py3.7/lib/python3.7/site-packages/elasticsearch/client/indices.py", line 200, in delete
    params=params)
  File "/root/.cache/pypoetry/virtualenvs/cpdbv2-backend-VA82Wl8V-py3.7/lib/python3.7/site-packages/elasticsearch/transport.py", line 312, in perform_request
    status, headers, data = connection.perform_request(method, url, params, body, ignore=ignore, timeout=timeout)
  File "/root/.cache/pypoetry/virtualenvs/cpdbv2-backend-VA82Wl8V-py3.7/lib/python3.7/site-packages/elasticsearch/connection/http_urllib3.py", line 124, in perform_request
    raise ConnectionError('N/A', str(e), e)
elasticsearch.exceptions.ConnectionError: ConnectionError(<urllib3.connection.HTTPConnection object at 0x7ff0688595d0>: Failed to establish a new connection: [Errno -2] Name or service not known) caused by: NewConnectionError(<urllib3.connection.HTTPConnection object at 0x7ff0688595d0>: Failed to establish a new connection: [Errno -2] Name or service not known)
-------------------- >> begin captured logging << --------------------
urllib3.util.retry: DEBUG: Converted retries value: False -> Retry(total=False, connect=None, read=None, redirect=0, status=None)
urllib3.connectionpool: DEBUG: Starting new HTTP connection (825): elasticsearch:9200
elasticsearch: WARNING: DELETE http://elasticsearch:9200/test_autocompletes [status:N/A request:0.004s]
Traceback (most recent call last):
  File "/root/.cache/pypoetry/virtualenvs/cpdbv2-backend-VA82Wl8V-py3.7/lib/python3.7/site-packages/urllib3/connection.py", line 160, in _new_conn
    (self._dns_host, self.port), self.timeout, **extra_kw
  File "/root/.cache/pypoetry/virtualenvs/cpdbv2-backend-VA82Wl8V-py3.7/lib/python3.7/site-packages/urllib3/util/connection.py", line 61, in create_connection
    for res in socket.getaddrinfo(host, port, family, socket.SOCK_STREAM):
  File "/usr/local/lib/python3.7/socket.py", line 752, in getaddrinfo
    for res in _socket.getaddrinfo(host, port, family, type, proto, flags):
socket.gaierror: [Errno -2] Name or service not known

During handling of the above exception, another exception occurred:

Traceback (most recent call last):
  File "/root/.cache/pypoetry/virtualenvs/cpdbv2-backend-VA82Wl8V-py3.7/lib/python3.7/site-packages/elasticsearch/connection/http_urllib3.py", line 115, in perform_request
    response = self.pool.urlopen(method, url, body, retries=False, headers=self.headers, **kw)
  File "/root/.cache/pypoetry/virtualenvs/cpdbv2-backend-VA82Wl8V-py3.7/lib/python3.7/site-packages/urllib3/connectionpool.py", line 727, in urlopen
    method, url, error=e, _pool=self, _stacktrace=sys.exc_info()[2]
  File "/root/.cache/pypoetry/virtualenvs/cpdbv2-backend-VA82Wl8V-py3.7/lib/python3.7/site-packages/urllib3/util/retry.py", line 386, in increment
    raise six.reraise(type(error), error, _stacktrace)
  File "/root/.cache/pypoetry/virtualenvs/cpdbv2-backend-VA82Wl8V-py3.7/lib/python3.7/site-packages/urllib3/packages/six.py", line 735, in reraise
    raise value
  File "/root/.cache/pypoetry/virtualenvs/cpdbv2-backend-VA82Wl8V-py3.7/lib/python3.7/site-packages/urllib3/connectionpool.py", line 677, in urlopen
    chunked=chunked,
  File "/root/.cache/pypoetry/virtualenvs/cpdbv2-backend-VA82Wl8V-py3.7/lib/python3.7/site-packages/urllib3/connectionpool.py", line 392, in _make_request
    conn.request(method, url, **httplib_request_kw)
  File "/usr/local/lib/python3.7/http/client.py", line 1281, in request
    self._send_request(method, url, body, headers, encode_chunked)
  File "/usr/local/lib/python3.7/http/client.py", line 1327, in _send_request
    self.endheaders(body, encode_chunked=encode_chunked)
  File "/usr/local/lib/python3.7/http/client.py", line 1276, in endheaders
    self._send_output(message_body, encode_chunked=encode_chunked)
  File "/usr/local/lib/python3.7/http/client.py", line 1036, in _send_output
    self.send(msg)
  File "/usr/local/lib/python3.7/http/client.py", line 976, in send
    self.connect()
  File "/root/.cache/pypoetry/virtualenvs/cpdbv2-backend-VA82Wl8V-py3.7/lib/python3.7/site-packages/urllib3/connection.py", line 187, in connect
    conn = self._new_conn()
  File "/root/.cache/pypoetry/virtualenvs/cpdbv2-backend-VA82Wl8V-py3.7/lib/python3.7/site-packages/urllib3/connection.py", line 172, in _new_conn
    self, "Failed to establish a new connection: %s" % e
urllib3.exceptions.NewConnectionError: <urllib3.connection.HTTPConnection object at 0x7ff068859210>: Failed to establish a new connection: [Errno -2] Name or service not known
elasticsearch: DEBUG: > None
urllib3.util.retry: DEBUG: Converted retries value: False -> Retry(total=False, connect=None, read=None, redirect=0, status=None)
urllib3.connectionpool: DEBUG: Starting new HTTP connection (826): elasticsearch:9200
elasticsearch: WARNING: DELETE http://elasticsearch:9200/test_autocompletes [status:N/A request:0.005s]
Traceback (most recent call last):
  File "/root/.cache/pypoetry/virtualenvs/cpdbv2-backend-VA82Wl8V-py3.7/lib/python3.7/site-packages/urllib3/connection.py", line 160, in _new_conn
    (self._dns_host, self.port), self.timeout, **extra_kw
  File "/root/.cache/pypoetry/virtualenvs/cpdbv2-backend-VA82Wl8V-py3.7/lib/python3.7/site-packages/urllib3/util/connection.py", line 61, in create_connection
    for res in socket.getaddrinfo(host, port, family, socket.SOCK_STREAM):
  File "/usr/local/lib/python3.7/socket.py", line 752, in getaddrinfo
    for res in _socket.getaddrinfo(host, port, family, type, proto, flags):
socket.gaierror: [Errno -2] Name or service not known

During handling of the above exception, another exception occurred:

Traceback (most recent call last):
  File "/root/.cache/pypoetry/virtualenvs/cpdbv2-backend-VA82Wl8V-py3.7/lib/python3.7/site-packages/elasticsearch/connection/http_urllib3.py", line 115, in perform_request
    response = self.pool.urlopen(method, url, body, retries=False, headers=self.headers, **kw)
  File "/root/.cache/pypoetry/virtualenvs/cpdbv2-backend-VA82Wl8V-py3.7/lib/python3.7/site-packages/urllib3/connectionpool.py", line 727, in urlopen
    method, url, error=e, _pool=self, _stacktrace=sys.exc_info()[2]
  File "/root/.cache/pypoetry/virtualenvs/cpdbv2-backend-VA82Wl8V-py3.7/lib/python3.7/site-packages/urllib3/util/retry.py", line 386, in increment
    raise six.reraise(type(error), error, _stacktrace)
  File "/root/.cache/pypoetry/virtualenvs/cpdbv2-backend-VA82Wl8V-py3.7/lib/python3.7/site-packages/urllib3/packages/six.py", line 735, in reraise
    raise value
  File "/root/.cache/pypoetry/virtualenvs/cpdbv2-backend-VA82Wl8V-py3.7/lib/python3.7/site-packages/urllib3/connectionpool.py", line 677, in urlopen
    chunked=chunked,
  File "/root/.cache/pypoetry/virtualenvs/cpdbv2-backend-VA82Wl8V-py3.7/lib/python3.7/site-packages/urllib3/connectionpool.py", line 392, in _make_request
    conn.request(method, url, **httplib_request_kw)
  File "/usr/local/lib/python3.7/http/client.py", line 1281, in request
    self._send_request(method, url, body, headers, encode_chunked)
  File "/usr/local/lib/python3.7/http/client.py", line 1327, in _send_request
    self.endheaders(body, encode_chunked=encode_chunked)
  File "/usr/local/lib/python3.7/http/client.py", line 1276, in endheaders
    self._send_output(message_body, encode_chunked=encode_chunked)
  File "/usr/local/lib/python3.7/http/client.py", line 1036, in _send_output
    self.send(msg)
  File "/usr/local/lib/python3.7/http/client.py", line 976, in send
    self.connect()
  File "/root/.cache/pypoetry/virtualenvs/cpdbv2-backend-VA82Wl8V-py3.7/lib/python3.7/site-packages/urllib3/connection.py", line 187, in connect
    conn = self._new_conn()
  File "/root/.cache/pypoetry/virtualenvs/cpdbv2-backend-VA82Wl8V-py3.7/lib/python3.7/site-packages/urllib3/connection.py", line 172, in _new_conn
    self, "Failed to establish a new connection: %s" % e
urllib3.exceptions.NewConnectionError: <urllib3.connection.HTTPConnection object at 0x7ff068859b90>: Failed to establish a new connection: [Errno -2] Name or service not known
elasticsearch: DEBUG: > None
urllib3.util.retry: DEBUG: Converted retries value: False -> Retry(total=False, connect=None, read=None, redirect=0, status=None)
urllib3.connectionpool: DEBUG: Starting new HTTP connection (827): elasticsearch:9200
elasticsearch: WARNING: DELETE http://elasticsearch:9200/test_autocompletes [status:N/A request:0.004s]
Traceback (most recent call last):
  File "/root/.cache/pypoetry/virtualenvs/cpdbv2-backend-VA82Wl8V-py3.7/lib/python3.7/site-packages/urllib3/connection.py", line 160, in _new_conn
    (self._dns_host, self.port), self.timeout, **extra_kw
  File "/root/.cache/pypoetry/virtualenvs/cpdbv2-backend-VA82Wl8V-py3.7/lib/python3.7/site-packages/urllib3/util/connection.py", line 61, in create_connection
    for res in socket.getaddrinfo(host, port, family, socket.SOCK_STREAM):
  File "/usr/local/lib/python3.7/socket.py", line 752, in getaddrinfo
    for res in _socket.getaddrinfo(host, port, family, type, proto, flags):
socket.gaierror: [Errno -2] Name or service not known

During handling of the above exception, another exception occurred:

Traceback (most recent call last):
  File "/root/.cache/pypoetry/virtualenvs/cpdbv2-backend-VA82Wl8V-py3.7/lib/python3.7/site-packages/elasticsearch/connection/http_urllib3.py", line 115, in perform_request
    response = self.pool.urlopen(method, url, body, retries=False, headers=self.headers, **kw)
  File "/root/.cache/pypoetry/virtualenvs/cpdbv2-backend-VA82Wl8V-py3.7/lib/python3.7/site-packages/urllib3/connectionpool.py", line 727, in urlopen
    method, url, error=e, _pool=self, _stacktrace=sys.exc_info()[2]
  File "/root/.cache/pypoetry/virtualenvs/cpdbv2-backend-VA82Wl8V-py3.7/lib/python3.7/site-packages/urllib3/util/retry.py", line 386, in increment
    raise six.reraise(type(error), error, _stacktrace)
  File "/root/.cache/pypoetry/virtualenvs/cpdbv2-backend-VA82Wl8V-py3.7/lib/python3.7/site-packages/urllib3/packages/six.py", line 735, in reraise
    raise value
  File "/root/.cache/pypoetry/virtualenvs/cpdbv2-backend-VA82Wl8V-py3.7/lib/python3.7/site-packages/urllib3/connectionpool.py", line 677, in urlopen
    chunked=chunked,
  File "/root/.cache/pypoetry/virtualenvs/cpdbv2-backend-VA82Wl8V-py3.7/lib/python3.7/site-packages/urllib3/connectionpool.py", line 392, in _make_request
    conn.request(method, url, **httplib_request_kw)
  File "/usr/local/lib/python3.7/http/client.py", line 1281, in request
    self._send_request(method, url, body, headers, encode_chunked)
  File "/usr/local/lib/python3.7/http/client.py", line 1327, in _send_request
    self.endheaders(body, encode_chunked=encode_chunked)
  File "/usr/local/lib/python3.7/http/client.py", line 1276, in endheaders
    self._send_output(message_body, encode_chunked=encode_chunked)
  File "/usr/local/lib/python3.7/http/client.py", line 1036, in _send_output
    self.send(msg)
  File "/usr/local/lib/python3.7/http/client.py", line 976, in send
    self.connect()
  File "/root/.cache/pypoetry/virtualenvs/cpdbv2-backend-VA82Wl8V-py3.7/lib/python3.7/site-packages/urllib3/connection.py", line 187, in connect
    conn = self._new_conn()
  File "/root/.cache/pypoetry/virtualenvs/cpdbv2-backend-VA82Wl8V-py3.7/lib/python3.7/site-packages/urllib3/connection.py", line 172, in _new_conn
    self, "Failed to establish a new connection: %s" % e
urllib3.exceptions.NewConnectionError: <urllib3.connection.HTTPConnection object at 0x7ff068839d50>: Failed to establish a new connection: [Errno -2] Name or service not known
elasticsearch: DEBUG: > None
urllib3.util.retry: DEBUG: Converted retries value: False -> Retry(total=False, connect=None, read=None, redirect=0, status=None)
urllib3.connectionpool: DEBUG: Starting new HTTP connection (828): elasticsearch:9200
elasticsearch: WARNING: DELETE http://elasticsearch:9200/test_autocompletes [status:N/A request:0.004s]
Traceback (most recent call last):
  File "/root/.cache/pypoetry/virtualenvs/cpdbv2-backend-VA82Wl8V-py3.7/lib/python3.7/site-packages/urllib3/connection.py", line 160, in _new_conn
    (self._dns_host, self.port), self.timeout, **extra_kw
  File "/root/.cache/pypoetry/virtualenvs/cpdbv2-backend-VA82Wl8V-py3.7/lib/python3.7/site-packages/urllib3/util/connection.py", line 61, in create_connection
    for res in socket.getaddrinfo(host, port, family, socket.SOCK_STREAM):
  File "/usr/local/lib/python3.7/socket.py", line 752, in getaddrinfo
    for res in _socket.getaddrinfo(host, port, family, type, proto, flags):
socket.gaierror: [Errno -2] Name or service not known

During handling of the above exception, another exception occurred:

Traceback (most recent call last):
  File "/root/.cache/pypoetry/virtualenvs/cpdbv2-backend-VA82Wl8V-py3.7/lib/python3.7/site-packages/elasticsearch/connection/http_urllib3.py", line 115, in perform_request
    response = self.pool.urlopen(method, url, body, retries=False, headers=self.headers, **kw)
  File "/root/.cache/pypoetry/virtualenvs/cpdbv2-backend-VA82Wl8V-py3.7/lib/python3.7/site-packages/urllib3/connectionpool.py", line 727, in urlopen
    method, url, error=e, _pool=self, _stacktrace=sys.exc_info()[2]
  File "/root/.cache/pypoetry/virtualenvs/cpdbv2-backend-VA82Wl8V-py3.7/lib/python3.7/site-packages/urllib3/util/retry.py", line 386, in increment
    raise six.reraise(type(error), error, _stacktrace)
  File "/root/.cache/pypoetry/virtualenvs/cpdbv2-backend-VA82Wl8V-py3.7/lib/python3.7/site-packages/urllib3/packages/six.py", line 735, in reraise
    raise value
  File "/root/.cache/pypoetry/virtualenvs/cpdbv2-backend-VA82Wl8V-py3.7/lib/python3.7/site-packages/urllib3/connectionpool.py", line 677, in urlopen
    chunked=chunked,
  File "/root/.cache/pypoetry/virtualenvs/cpdbv2-backend-VA82Wl8V-py3.7/lib/python3.7/site-packages/urllib3/connectionpool.py", line 392, in _make_request
    conn.request(method, url, **httplib_request_kw)
  File "/usr/local/lib/python3.7/http/client.py", line 1281, in request
    self._send_request(method, url, body, headers, encode_chunked)
  File "/usr/local/lib/python3.7/http/client.py", line 1327, in _send_request
    self.endheaders(body, encode_chunked=encode_chunked)
  File "/usr/local/lib/python3.7/http/client.py", line 1276, in endheaders
    self._send_output(message_body, encode_chunked=encode_chunked)
  File "/usr/local/lib/python3.7/http/client.py", line 1036, in _send_output
    self.send(msg)
  File "/usr/local/lib/python3.7/http/client.py", line 976, in send
    self.connect()
  File "/root/.cache/pypoetry/virtualenvs/cpdbv2-backend-VA82Wl8V-py3.7/lib/python3.7/site-packages/urllib3/connection.py", line 187, in connect
    conn = self._new_conn()
  File "/root/.cache/pypoetry/virtualenvs/cpdbv2-backend-VA82Wl8V-py3.7/lib/python3.7/site-packages/urllib3/connection.py", line 172, in _new_conn
    self, "Failed to establish a new connection: %s" % e
urllib3.exceptions.NewConnectionError: <urllib3.connection.HTTPConnection object at 0x7ff0688595d0>: Failed to establish a new connection: [Errno -2] Name or service not known
elasticsearch: DEBUG: > None
--------------------- >> end captured logging << ---------------------

======================================================================
ERROR: test_search (search.tests.test_workers.TRRWorkerTestCase)
----------------------------------------------------------------------
Traceback (most recent call last):
  File "/usr/src/app/cpdb/search/tests/utils.py", line 12, in setUp
    autocompletes_alias.read_index.delete(ignore=404)
  File "/root/.cache/pypoetry/virtualenvs/cpdbv2-backend-VA82Wl8V-py3.7/lib/python3.7/site-packages/elasticsearch_dsl/index.py", line 222, in delete
    self.connection.indices.delete(index=self._name, **kwargs)
  File "/root/.cache/pypoetry/virtualenvs/cpdbv2-backend-VA82Wl8V-py3.7/lib/python3.7/site-packages/elasticsearch/client/utils.py", line 73, in _wrapped
    return func(*args, params=params, **kwargs)
  File "/root/.cache/pypoetry/virtualenvs/cpdbv2-backend-VA82Wl8V-py3.7/lib/python3.7/site-packages/elasticsearch/client/indices.py", line 200, in delete
    params=params)
  File "/root/.cache/pypoetry/virtualenvs/cpdbv2-backend-VA82Wl8V-py3.7/lib/python3.7/site-packages/elasticsearch/transport.py", line 312, in perform_request
    status, headers, data = connection.perform_request(method, url, params, body, ignore=ignore, timeout=timeout)
  File "/root/.cache/pypoetry/virtualenvs/cpdbv2-backend-VA82Wl8V-py3.7/lib/python3.7/site-packages/elasticsearch/connection/http_urllib3.py", line 124, in perform_request
    raise ConnectionError('N/A', str(e), e)
elasticsearch.exceptions.ConnectionError: ConnectionError(<urllib3.connection.HTTPConnection object at 0x7ff06892e790>: Failed to establish a new connection: [Errno -2] Name or service not known) caused by: NewConnectionError(<urllib3.connection.HTTPConnection object at 0x7ff06892e790>: Failed to establish a new connection: [Errno -2] Name or service not known)
-------------------- >> begin captured logging << --------------------
urllib3.util.retry: DEBUG: Converted retries value: False -> Retry(total=False, connect=None, read=None, redirect=0, status=None)
urllib3.connectionpool: DEBUG: Starting new HTTP connection (829): elasticsearch:9200
elasticsearch: WARNING: DELETE http://elasticsearch:9200/test_autocompletes [status:N/A request:0.004s]
Traceback (most recent call last):
  File "/root/.cache/pypoetry/virtualenvs/cpdbv2-backend-VA82Wl8V-py3.7/lib/python3.7/site-packages/urllib3/connection.py", line 160, in _new_conn
    (self._dns_host, self.port), self.timeout, **extra_kw
  File "/root/.cache/pypoetry/virtualenvs/cpdbv2-backend-VA82Wl8V-py3.7/lib/python3.7/site-packages/urllib3/util/connection.py", line 61, in create_connection
    for res in socket.getaddrinfo(host, port, family, socket.SOCK_STREAM):
  File "/usr/local/lib/python3.7/socket.py", line 752, in getaddrinfo
    for res in _socket.getaddrinfo(host, port, family, type, proto, flags):
socket.gaierror: [Errno -2] Name or service not known

During handling of the above exception, another exception occurred:

Traceback (most recent call last):
  File "/root/.cache/pypoetry/virtualenvs/cpdbv2-backend-VA82Wl8V-py3.7/lib/python3.7/site-packages/elasticsearch/connection/http_urllib3.py", line 115, in perform_request
    response = self.pool.urlopen(method, url, body, retries=False, headers=self.headers, **kw)
  File "/root/.cache/pypoetry/virtualenvs/cpdbv2-backend-VA82Wl8V-py3.7/lib/python3.7/site-packages/urllib3/connectionpool.py", line 727, in urlopen
    method, url, error=e, _pool=self, _stacktrace=sys.exc_info()[2]
  File "/root/.cache/pypoetry/virtualenvs/cpdbv2-backend-VA82Wl8V-py3.7/lib/python3.7/site-packages/urllib3/util/retry.py", line 386, in increment
    raise six.reraise(type(error), error, _stacktrace)
  File "/root/.cache/pypoetry/virtualenvs/cpdbv2-backend-VA82Wl8V-py3.7/lib/python3.7/site-packages/urllib3/packages/six.py", line 735, in reraise
    raise value
  File "/root/.cache/pypoetry/virtualenvs/cpdbv2-backend-VA82Wl8V-py3.7/lib/python3.7/site-packages/urllib3/connectionpool.py", line 677, in urlopen
    chunked=chunked,
  File "/root/.cache/pypoetry/virtualenvs/cpdbv2-backend-VA82Wl8V-py3.7/lib/python3.7/site-packages/urllib3/connectionpool.py", line 392, in _make_request
    conn.request(method, url, **httplib_request_kw)
  File "/usr/local/lib/python3.7/http/client.py", line 1281, in request
    self._send_request(method, url, body, headers, encode_chunked)
  File "/usr/local/lib/python3.7/http/client.py", line 1327, in _send_request
    self.endheaders(body, encode_chunked=encode_chunked)
  File "/usr/local/lib/python3.7/http/client.py", line 1276, in endheaders
    self._send_output(message_body, encode_chunked=encode_chunked)
  File "/usr/local/lib/python3.7/http/client.py", line 1036, in _send_output
    self.send(msg)
  File "/usr/local/lib/python3.7/http/client.py", line 976, in send
    self.connect()
  File "/root/.cache/pypoetry/virtualenvs/cpdbv2-backend-VA82Wl8V-py3.7/lib/python3.7/site-packages/urllib3/connection.py", line 187, in connect
    conn = self._new_conn()
  File "/root/.cache/pypoetry/virtualenvs/cpdbv2-backend-VA82Wl8V-py3.7/lib/python3.7/site-packages/urllib3/connection.py", line 172, in _new_conn
    self, "Failed to establish a new connection: %s" % e
urllib3.exceptions.NewConnectionError: <urllib3.connection.HTTPConnection object at 0x7ff068859490>: Failed to establish a new connection: [Errno -2] Name or service not known
elasticsearch: DEBUG: > None
urllib3.util.retry: DEBUG: Converted retries value: False -> Retry(total=False, connect=None, read=None, redirect=0, status=None)
urllib3.connectionpool: DEBUG: Starting new HTTP connection (830): elasticsearch:9200
elasticsearch: WARNING: DELETE http://elasticsearch:9200/test_autocompletes [status:N/A request:0.004s]
Traceback (most recent call last):
  File "/root/.cache/pypoetry/virtualenvs/cpdbv2-backend-VA82Wl8V-py3.7/lib/python3.7/site-packages/urllib3/connection.py", line 160, in _new_conn
    (self._dns_host, self.port), self.timeout, **extra_kw
  File "/root/.cache/pypoetry/virtualenvs/cpdbv2-backend-VA82Wl8V-py3.7/lib/python3.7/site-packages/urllib3/util/connection.py", line 61, in create_connection
    for res in socket.getaddrinfo(host, port, family, socket.SOCK_STREAM):
  File "/usr/local/lib/python3.7/socket.py", line 752, in getaddrinfo
    for res in _socket.getaddrinfo(host, port, family, type, proto, flags):
socket.gaierror: [Errno -2] Name or service not known

During handling of the above exception, another exception occurred:

Traceback (most recent call last):
  File "/root/.cache/pypoetry/virtualenvs/cpdbv2-backend-VA82Wl8V-py3.7/lib/python3.7/site-packages/elasticsearch/connection/http_urllib3.py", line 115, in perform_request
    response = self.pool.urlopen(method, url, body, retries=False, headers=self.headers, **kw)
  File "/root/.cache/pypoetry/virtualenvs/cpdbv2-backend-VA82Wl8V-py3.7/lib/python3.7/site-packages/urllib3/connectionpool.py", line 727, in urlopen
    method, url, error=e, _pool=self, _stacktrace=sys.exc_info()[2]
  File "/root/.cache/pypoetry/virtualenvs/cpdbv2-backend-VA82Wl8V-py3.7/lib/python3.7/site-packages/urllib3/util/retry.py", line 386, in increment
    raise six.reraise(type(error), error, _stacktrace)
  File "/root/.cache/pypoetry/virtualenvs/cpdbv2-backend-VA82Wl8V-py3.7/lib/python3.7/site-packages/urllib3/packages/six.py", line 735, in reraise
    raise value
  File "/root/.cache/pypoetry/virtualenvs/cpdbv2-backend-VA82Wl8V-py3.7/lib/python3.7/site-packages/urllib3/connectionpool.py", line 677, in urlopen
    chunked=chunked,
  File "/root/.cache/pypoetry/virtualenvs/cpdbv2-backend-VA82Wl8V-py3.7/lib/python3.7/site-packages/urllib3/connectionpool.py", line 392, in _make_request
    conn.request(method, url, **httplib_request_kw)
  File "/usr/local/lib/python3.7/http/client.py", line 1281, in request
    self._send_request(method, url, body, headers, encode_chunked)
  File "/usr/local/lib/python3.7/http/client.py", line 1327, in _send_request
    self.endheaders(body, encode_chunked=encode_chunked)
  File "/usr/local/lib/python3.7/http/client.py", line 1276, in endheaders
    self._send_output(message_body, encode_chunked=encode_chunked)
  File "/usr/local/lib/python3.7/http/client.py", line 1036, in _send_output
    self.send(msg)
  File "/usr/local/lib/python3.7/http/client.py", line 976, in send
    self.connect()
  File "/root/.cache/pypoetry/virtualenvs/cpdbv2-backend-VA82Wl8V-py3.7/lib/python3.7/site-packages/urllib3/connection.py", line 187, in connect
    conn = self._new_conn()
  File "/root/.cache/pypoetry/virtualenvs/cpdbv2-backend-VA82Wl8V-py3.7/lib/python3.7/site-packages/urllib3/connection.py", line 172, in _new_conn
    self, "Failed to establish a new connection: %s" % e
urllib3.exceptions.NewConnectionError: <urllib3.connection.HTTPConnection object at 0x7ff06892e510>: Failed to establish a new connection: [Errno -2] Name or service not known
elasticsearch: DEBUG: > None
urllib3.util.retry: DEBUG: Converted retries value: False -> Retry(total=False, connect=None, read=None, redirect=0, status=None)
urllib3.connectionpool: DEBUG: Starting new HTTP connection (831): elasticsearch:9200
elasticsearch: WARNING: DELETE http://elasticsearch:9200/test_autocompletes [status:N/A request:0.005s]
Traceback (most recent call last):
  File "/root/.cache/pypoetry/virtualenvs/cpdbv2-backend-VA82Wl8V-py3.7/lib/python3.7/site-packages/urllib3/connection.py", line 160, in _new_conn
    (self._dns_host, self.port), self.timeout, **extra_kw
  File "/root/.cache/pypoetry/virtualenvs/cpdbv2-backend-VA82Wl8V-py3.7/lib/python3.7/site-packages/urllib3/util/connection.py", line 61, in create_connection
    for res in socket.getaddrinfo(host, port, family, socket.SOCK_STREAM):
  File "/usr/local/lib/python3.7/socket.py", line 752, in getaddrinfo
    for res in _socket.getaddrinfo(host, port, family, type, proto, flags):
socket.gaierror: [Errno -2] Name or service not known

During handling of the above exception, another exception occurred:

Traceback (most recent call last):
  File "/root/.cache/pypoetry/virtualenvs/cpdbv2-backend-VA82Wl8V-py3.7/lib/python3.7/site-packages/elasticsearch/connection/http_urllib3.py", line 115, in perform_request
    response = self.pool.urlopen(method, url, body, retries=False, headers=self.headers, **kw)
  File "/root/.cache/pypoetry/virtualenvs/cpdbv2-backend-VA82Wl8V-py3.7/lib/python3.7/site-packages/urllib3/connectionpool.py", line 727, in urlopen
    method, url, error=e, _pool=self, _stacktrace=sys.exc_info()[2]
  File "/root/.cache/pypoetry/virtualenvs/cpdbv2-backend-VA82Wl8V-py3.7/lib/python3.7/site-packages/urllib3/util/retry.py", line 386, in increment
    raise six.reraise(type(error), error, _stacktrace)
  File "/root/.cache/pypoetry/virtualenvs/cpdbv2-backend-VA82Wl8V-py3.7/lib/python3.7/site-packages/urllib3/packages/six.py", line 735, in reraise
    raise value
  File "/root/.cache/pypoetry/virtualenvs/cpdbv2-backend-VA82Wl8V-py3.7/lib/python3.7/site-packages/urllib3/connectionpool.py", line 677, in urlopen
    chunked=chunked,
  File "/root/.cache/pypoetry/virtualenvs/cpdbv2-backend-VA82Wl8V-py3.7/lib/python3.7/site-packages/urllib3/connectionpool.py", line 392, in _make_request
    conn.request(method, url, **httplib_request_kw)
  File "/usr/local/lib/python3.7/http/client.py", line 1281, in request
    self._send_request(method, url, body, headers, encode_chunked)
  File "/usr/local/lib/python3.7/http/client.py", line 1327, in _send_request
    self.endheaders(body, encode_chunked=encode_chunked)
  File "/usr/local/lib/python3.7/http/client.py", line 1276, in endheaders
    self._send_output(message_body, encode_chunked=encode_chunked)
  File "/usr/local/lib/python3.7/http/client.py", line 1036, in _send_output
    self.send(msg)
  File "/usr/local/lib/python3.7/http/client.py", line 976, in send
    self.connect()
  File "/root/.cache/pypoetry/virtualenvs/cpdbv2-backend-VA82Wl8V-py3.7/lib/python3.7/site-packages/urllib3/connection.py", line 187, in connect
    conn = self._new_conn()
  File "/root/.cache/pypoetry/virtualenvs/cpdbv2-backend-VA82Wl8V-py3.7/lib/python3.7/site-packages/urllib3/connection.py", line 172, in _new_conn
    self, "Failed to establish a new connection: %s" % e
urllib3.exceptions.NewConnectionError: <urllib3.connection.HTTPConnection object at 0x7ff06892e090>: Failed to establish a new connection: [Errno -2] Name or service not known
elasticsearch: DEBUG: > None
urllib3.util.retry: DEBUG: Converted retries value: False -> Retry(total=False, connect=None, read=None, redirect=0, status=None)
urllib3.connectionpool: DEBUG: Starting new HTTP connection (832): elasticsearch:9200
elasticsearch: WARNING: DELETE http://elasticsearch:9200/test_autocompletes [status:N/A request:0.004s]
Traceback (most recent call last):
  File "/root/.cache/pypoetry/virtualenvs/cpdbv2-backend-VA82Wl8V-py3.7/lib/python3.7/site-packages/urllib3/connection.py", line 160, in _new_conn
    (self._dns_host, self.port), self.timeout, **extra_kw
  File "/root/.cache/pypoetry/virtualenvs/cpdbv2-backend-VA82Wl8V-py3.7/lib/python3.7/site-packages/urllib3/util/connection.py", line 61, in create_connection
    for res in socket.getaddrinfo(host, port, family, socket.SOCK_STREAM):
  File "/usr/local/lib/python3.7/socket.py", line 752, in getaddrinfo
    for res in _socket.getaddrinfo(host, port, family, type, proto, flags):
socket.gaierror: [Errno -2] Name or service not known

During handling of the above exception, another exception occurred:

Traceback (most recent call last):
  File "/root/.cache/pypoetry/virtualenvs/cpdbv2-backend-VA82Wl8V-py3.7/lib/python3.7/site-packages/elasticsearch/connection/http_urllib3.py", line 115, in perform_request
    response = self.pool.urlopen(method, url, body, retries=False, headers=self.headers, **kw)
  File "/root/.cache/pypoetry/virtualenvs/cpdbv2-backend-VA82Wl8V-py3.7/lib/python3.7/site-packages/urllib3/connectionpool.py", line 727, in urlopen
    method, url, error=e, _pool=self, _stacktrace=sys.exc_info()[2]
  File "/root/.cache/pypoetry/virtualenvs/cpdbv2-backend-VA82Wl8V-py3.7/lib/python3.7/site-packages/urllib3/util/retry.py", line 386, in increment
    raise six.reraise(type(error), error, _stacktrace)
  File "/root/.cache/pypoetry/virtualenvs/cpdbv2-backend-VA82Wl8V-py3.7/lib/python3.7/site-packages/urllib3/packages/six.py", line 735, in reraise
    raise value
  File "/root/.cache/pypoetry/virtualenvs/cpdbv2-backend-VA82Wl8V-py3.7/lib/python3.7/site-packages/urllib3/connectionpool.py", line 677, in urlopen
    chunked=chunked,
  File "/root/.cache/pypoetry/virtualenvs/cpdbv2-backend-VA82Wl8V-py3.7/lib/python3.7/site-packages/urllib3/connectionpool.py", line 392, in _make_request
    conn.request(method, url, **httplib_request_kw)
  File "/usr/local/lib/python3.7/http/client.py", line 1281, in request
    self._send_request(method, url, body, headers, encode_chunked)
  File "/usr/local/lib/python3.7/http/client.py", line 1327, in _send_request
    self.endheaders(body, encode_chunked=encode_chunked)
  File "/usr/local/lib/python3.7/http/client.py", line 1276, in endheaders
    self._send_output(message_body, encode_chunked=encode_chunked)
  File "/usr/local/lib/python3.7/http/client.py", line 1036, in _send_output
    self.send(msg)
  File "/usr/local/lib/python3.7/http/client.py", line 976, in send
    self.connect()
  File "/root/.cache/pypoetry/virtualenvs/cpdbv2-backend-VA82Wl8V-py3.7/lib/python3.7/site-packages/urllib3/connection.py", line 187, in connect
    conn = self._new_conn()
  File "/root/.cache/pypoetry/virtualenvs/cpdbv2-backend-VA82Wl8V-py3.7/lib/python3.7/site-packages/urllib3/connection.py", line 172, in _new_conn
    self, "Failed to establish a new connection: %s" % e
urllib3.exceptions.NewConnectionError: <urllib3.connection.HTTPConnection object at 0x7ff06892e790>: Failed to establish a new connection: [Errno -2] Name or service not known
elasticsearch: DEBUG: > None
--------------------- >> end captured logging << ---------------------

======================================================================
ERROR: test_search_by_description (search.tests.test_workers.UnitWorkerTestCase)
----------------------------------------------------------------------
Traceback (most recent call last):
  File "/usr/src/app/cpdb/search/tests/utils.py", line 12, in setUp
    autocompletes_alias.read_index.delete(ignore=404)
  File "/root/.cache/pypoetry/virtualenvs/cpdbv2-backend-VA82Wl8V-py3.7/lib/python3.7/site-packages/elasticsearch_dsl/index.py", line 222, in delete
    self.connection.indices.delete(index=self._name, **kwargs)
  File "/root/.cache/pypoetry/virtualenvs/cpdbv2-backend-VA82Wl8V-py3.7/lib/python3.7/site-packages/elasticsearch/client/utils.py", line 73, in _wrapped
    return func(*args, params=params, **kwargs)
  File "/root/.cache/pypoetry/virtualenvs/cpdbv2-backend-VA82Wl8V-py3.7/lib/python3.7/site-packages/elasticsearch/client/indices.py", line 200, in delete
    params=params)
  File "/root/.cache/pypoetry/virtualenvs/cpdbv2-backend-VA82Wl8V-py3.7/lib/python3.7/site-packages/elasticsearch/transport.py", line 312, in perform_request
    status, headers, data = connection.perform_request(method, url, params, body, ignore=ignore, timeout=timeout)
  File "/root/.cache/pypoetry/virtualenvs/cpdbv2-backend-VA82Wl8V-py3.7/lib/python3.7/site-packages/elasticsearch/connection/http_urllib3.py", line 124, in perform_request
    raise ConnectionError('N/A', str(e), e)
elasticsearch.exceptions.ConnectionError: ConnectionError(<urllib3.connection.HTTPConnection object at 0x7ff0689e9bd0>: Failed to establish a new connection: [Errno -2] Name or service not known) caused by: NewConnectionError(<urllib3.connection.HTTPConnection object at 0x7ff0689e9bd0>: Failed to establish a new connection: [Errno -2] Name or service not known)
-------------------- >> begin captured logging << --------------------
urllib3.util.retry: DEBUG: Converted retries value: False -> Retry(total=False, connect=None, read=None, redirect=0, status=None)
urllib3.connectionpool: DEBUG: Starting new HTTP connection (833): elasticsearch:9200
elasticsearch: WARNING: DELETE http://elasticsearch:9200/test_autocompletes [status:N/A request:0.005s]
Traceback (most recent call last):
  File "/root/.cache/pypoetry/virtualenvs/cpdbv2-backend-VA82Wl8V-py3.7/lib/python3.7/site-packages/urllib3/connection.py", line 160, in _new_conn
    (self._dns_host, self.port), self.timeout, **extra_kw
  File "/root/.cache/pypoetry/virtualenvs/cpdbv2-backend-VA82Wl8V-py3.7/lib/python3.7/site-packages/urllib3/util/connection.py", line 61, in create_connection
    for res in socket.getaddrinfo(host, port, family, socket.SOCK_STREAM):
  File "/usr/local/lib/python3.7/socket.py", line 752, in getaddrinfo
    for res in _socket.getaddrinfo(host, port, family, type, proto, flags):
socket.gaierror: [Errno -2] Name or service not known

During handling of the above exception, another exception occurred:

Traceback (most recent call last):
  File "/root/.cache/pypoetry/virtualenvs/cpdbv2-backend-VA82Wl8V-py3.7/lib/python3.7/site-packages/elasticsearch/connection/http_urllib3.py", line 115, in perform_request
    response = self.pool.urlopen(method, url, body, retries=False, headers=self.headers, **kw)
  File "/root/.cache/pypoetry/virtualenvs/cpdbv2-backend-VA82Wl8V-py3.7/lib/python3.7/site-packages/urllib3/connectionpool.py", line 727, in urlopen
    method, url, error=e, _pool=self, _stacktrace=sys.exc_info()[2]
  File "/root/.cache/pypoetry/virtualenvs/cpdbv2-backend-VA82Wl8V-py3.7/lib/python3.7/site-packages/urllib3/util/retry.py", line 386, in increment
    raise six.reraise(type(error), error, _stacktrace)
  File "/root/.cache/pypoetry/virtualenvs/cpdbv2-backend-VA82Wl8V-py3.7/lib/python3.7/site-packages/urllib3/packages/six.py", line 735, in reraise
    raise value
  File "/root/.cache/pypoetry/virtualenvs/cpdbv2-backend-VA82Wl8V-py3.7/lib/python3.7/site-packages/urllib3/connectionpool.py", line 677, in urlopen
    chunked=chunked,
  File "/root/.cache/pypoetry/virtualenvs/cpdbv2-backend-VA82Wl8V-py3.7/lib/python3.7/site-packages/urllib3/connectionpool.py", line 392, in _make_request
    conn.request(method, url, **httplib_request_kw)
  File "/usr/local/lib/python3.7/http/client.py", line 1281, in request
    self._send_request(method, url, body, headers, encode_chunked)
  File "/usr/local/lib/python3.7/http/client.py", line 1327, in _send_request
    self.endheaders(body, encode_chunked=encode_chunked)
  File "/usr/local/lib/python3.7/http/client.py", line 1276, in endheaders
    self._send_output(message_body, encode_chunked=encode_chunked)
  File "/usr/local/lib/python3.7/http/client.py", line 1036, in _send_output
    self.send(msg)
  File "/usr/local/lib/python3.7/http/client.py", line 976, in send
    self.connect()
  File "/root/.cache/pypoetry/virtualenvs/cpdbv2-backend-VA82Wl8V-py3.7/lib/python3.7/site-packages/urllib3/connection.py", line 187, in connect
    conn = self._new_conn()
  File "/root/.cache/pypoetry/virtualenvs/cpdbv2-backend-VA82Wl8V-py3.7/lib/python3.7/site-packages/urllib3/connection.py", line 172, in _new_conn
    self, "Failed to establish a new connection: %s" % e
urllib3.exceptions.NewConnectionError: <urllib3.connection.HTTPConnection object at 0x7ff06892ead0>: Failed to establish a new connection: [Errno -2] Name or service not known
elasticsearch: DEBUG: > None
urllib3.util.retry: DEBUG: Converted retries value: False -> Retry(total=False, connect=None, read=None, redirect=0, status=None)
urllib3.connectionpool: DEBUG: Starting new HTTP connection (834): elasticsearch:9200
elasticsearch: WARNING: DELETE http://elasticsearch:9200/test_autocompletes [status:N/A request:0.004s]
Traceback (most recent call last):
  File "/root/.cache/pypoetry/virtualenvs/cpdbv2-backend-VA82Wl8V-py3.7/lib/python3.7/site-packages/urllib3/connection.py", line 160, in _new_conn
    (self._dns_host, self.port), self.timeout, **extra_kw
  File "/root/.cache/pypoetry/virtualenvs/cpdbv2-backend-VA82Wl8V-py3.7/lib/python3.7/site-packages/urllib3/util/connection.py", line 61, in create_connection
    for res in socket.getaddrinfo(host, port, family, socket.SOCK_STREAM):
  File "/usr/local/lib/python3.7/socket.py", line 752, in getaddrinfo
    for res in _socket.getaddrinfo(host, port, family, type, proto, flags):
socket.gaierror: [Errno -2] Name or service not known

During handling of the above exception, another exception occurred:

Traceback (most recent call last):
  File "/root/.cache/pypoetry/virtualenvs/cpdbv2-backend-VA82Wl8V-py3.7/lib/python3.7/site-packages/elasticsearch/connection/http_urllib3.py", line 115, in perform_request
    response = self.pool.urlopen(method, url, body, retries=False, headers=self.headers, **kw)
  File "/root/.cache/pypoetry/virtualenvs/cpdbv2-backend-VA82Wl8V-py3.7/lib/python3.7/site-packages/urllib3/connectionpool.py", line 727, in urlopen
    method, url, error=e, _pool=self, _stacktrace=sys.exc_info()[2]
  File "/root/.cache/pypoetry/virtualenvs/cpdbv2-backend-VA82Wl8V-py3.7/lib/python3.7/site-packages/urllib3/util/retry.py", line 386, in increment
    raise six.reraise(type(error), error, _stacktrace)
  File "/root/.cache/pypoetry/virtualenvs/cpdbv2-backend-VA82Wl8V-py3.7/lib/python3.7/site-packages/urllib3/packages/six.py", line 735, in reraise
    raise value
  File "/root/.cache/pypoetry/virtualenvs/cpdbv2-backend-VA82Wl8V-py3.7/lib/python3.7/site-packages/urllib3/connectionpool.py", line 677, in urlopen
    chunked=chunked,
  File "/root/.cache/pypoetry/virtualenvs/cpdbv2-backend-VA82Wl8V-py3.7/lib/python3.7/site-packages/urllib3/connectionpool.py", line 392, in _make_request
    conn.request(method, url, **httplib_request_kw)
  File "/usr/local/lib/python3.7/http/client.py", line 1281, in request
    self._send_request(method, url, body, headers, encode_chunked)
  File "/usr/local/lib/python3.7/http/client.py", line 1327, in _send_request
    self.endheaders(body, encode_chunked=encode_chunked)
  File "/usr/local/lib/python3.7/http/client.py", line 1276, in endheaders
    self._send_output(message_body, encode_chunked=encode_chunked)
  File "/usr/local/lib/python3.7/http/client.py", line 1036, in _send_output
    self.send(msg)
  File "/usr/local/lib/python3.7/http/client.py", line 976, in send
    self.connect()
  File "/root/.cache/pypoetry/virtualenvs/cpdbv2-backend-VA82Wl8V-py3.7/lib/python3.7/site-packages/urllib3/connection.py", line 187, in connect
    conn = self._new_conn()
  File "/root/.cache/pypoetry/virtualenvs/cpdbv2-backend-VA82Wl8V-py3.7/lib/python3.7/site-packages/urllib3/connection.py", line 172, in _new_conn
    self, "Failed to establish a new connection: %s" % e
urllib3.exceptions.NewConnectionError: <urllib3.connection.HTTPConnection object at 0x7ff0690c7150>: Failed to establish a new connection: [Errno -2] Name or service not known
elasticsearch: DEBUG: > None
urllib3.util.retry: DEBUG: Converted retries value: False -> Retry(total=False, connect=None, read=None, redirect=0, status=None)
urllib3.connectionpool: DEBUG: Starting new HTTP connection (835): elasticsearch:9200
elasticsearch: WARNING: DELETE http://elasticsearch:9200/test_autocompletes [status:N/A request:0.004s]
Traceback (most recent call last):
  File "/root/.cache/pypoetry/virtualenvs/cpdbv2-backend-VA82Wl8V-py3.7/lib/python3.7/site-packages/urllib3/connection.py", line 160, in _new_conn
    (self._dns_host, self.port), self.timeout, **extra_kw
  File "/root/.cache/pypoetry/virtualenvs/cpdbv2-backend-VA82Wl8V-py3.7/lib/python3.7/site-packages/urllib3/util/connection.py", line 61, in create_connection
    for res in socket.getaddrinfo(host, port, family, socket.SOCK_STREAM):
  File "/usr/local/lib/python3.7/socket.py", line 752, in getaddrinfo
    for res in _socket.getaddrinfo(host, port, family, type, proto, flags):
socket.gaierror: [Errno -2] Name or service not known

During handling of the above exception, another exception occurred:

Traceback (most recent call last):
  File "/root/.cache/pypoetry/virtualenvs/cpdbv2-backend-VA82Wl8V-py3.7/lib/python3.7/site-packages/elasticsearch/connection/http_urllib3.py", line 115, in perform_request
    response = self.pool.urlopen(method, url, body, retries=False, headers=self.headers, **kw)
  File "/root/.cache/pypoetry/virtualenvs/cpdbv2-backend-VA82Wl8V-py3.7/lib/python3.7/site-packages/urllib3/connectionpool.py", line 727, in urlopen
    method, url, error=e, _pool=self, _stacktrace=sys.exc_info()[2]
  File "/root/.cache/pypoetry/virtualenvs/cpdbv2-backend-VA82Wl8V-py3.7/lib/python3.7/site-packages/urllib3/util/retry.py", line 386, in increment
    raise six.reraise(type(error), error, _stacktrace)
  File "/root/.cache/pypoetry/virtualenvs/cpdbv2-backend-VA82Wl8V-py3.7/lib/python3.7/site-packages/urllib3/packages/six.py", line 735, in reraise
    raise value
  File "/root/.cache/pypoetry/virtualenvs/cpdbv2-backend-VA82Wl8V-py3.7/lib/python3.7/site-packages/urllib3/connectionpool.py", line 677, in urlopen
    chunked=chunked,
  File "/root/.cache/pypoetry/virtualenvs/cpdbv2-backend-VA82Wl8V-py3.7/lib/python3.7/site-packages/urllib3/connectionpool.py", line 392, in _make_request
    conn.request(method, url, **httplib_request_kw)
  File "/usr/local/lib/python3.7/http/client.py", line 1281, in request
    self._send_request(method, url, body, headers, encode_chunked)
  File "/usr/local/lib/python3.7/http/client.py", line 1327, in _send_request
    self.endheaders(body, encode_chunked=encode_chunked)
  File "/usr/local/lib/python3.7/http/client.py", line 1276, in endheaders
    self._send_output(message_body, encode_chunked=encode_chunked)
  File "/usr/local/lib/python3.7/http/client.py", line 1036, in _send_output
    self.send(msg)
  File "/usr/local/lib/python3.7/http/client.py", line 976, in send
    self.connect()
  File "/root/.cache/pypoetry/virtualenvs/cpdbv2-backend-VA82Wl8V-py3.7/lib/python3.7/site-packages/urllib3/connection.py", line 187, in connect
    conn = self._new_conn()
  File "/root/.cache/pypoetry/virtualenvs/cpdbv2-backend-VA82Wl8V-py3.7/lib/python3.7/site-packages/urllib3/connection.py", line 172, in _new_conn
    self, "Failed to establish a new connection: %s" % e
urllib3.exceptions.NewConnectionError: <urllib3.connection.HTTPConnection object at 0x7ff068887c90>: Failed to establish a new connection: [Errno -2] Name or service not known
elasticsearch: DEBUG: > None
urllib3.util.retry: DEBUG: Converted retries value: False -> Retry(total=False, connect=None, read=None, redirect=0, status=None)
urllib3.connectionpool: DEBUG: Starting new HTTP connection (836): elasticsearch:9200
elasticsearch: WARNING: DELETE http://elasticsearch:9200/test_autocompletes [status:N/A request:0.005s]
Traceback (most recent call last):
  File "/root/.cache/pypoetry/virtualenvs/cpdbv2-backend-VA82Wl8V-py3.7/lib/python3.7/site-packages/urllib3/connection.py", line 160, in _new_conn
    (self._dns_host, self.port), self.timeout, **extra_kw
  File "/root/.cache/pypoetry/virtualenvs/cpdbv2-backend-VA82Wl8V-py3.7/lib/python3.7/site-packages/urllib3/util/connection.py", line 61, in create_connection
    for res in socket.getaddrinfo(host, port, family, socket.SOCK_STREAM):
  File "/usr/local/lib/python3.7/socket.py", line 752, in getaddrinfo
    for res in _socket.getaddrinfo(host, port, family, type, proto, flags):
socket.gaierror: [Errno -2] Name or service not known

During handling of the above exception, another exception occurred:

Traceback (most recent call last):
  File "/root/.cache/pypoetry/virtualenvs/cpdbv2-backend-VA82Wl8V-py3.7/lib/python3.7/site-packages/elasticsearch/connection/http_urllib3.py", line 115, in perform_request
    response = self.pool.urlopen(method, url, body, retries=False, headers=self.headers, **kw)
  File "/root/.cache/pypoetry/virtualenvs/cpdbv2-backend-VA82Wl8V-py3.7/lib/python3.7/site-packages/urllib3/connectionpool.py", line 727, in urlopen
    method, url, error=e, _pool=self, _stacktrace=sys.exc_info()[2]
  File "/root/.cache/pypoetry/virtualenvs/cpdbv2-backend-VA82Wl8V-py3.7/lib/python3.7/site-packages/urllib3/util/retry.py", line 386, in increment
    raise six.reraise(type(error), error, _stacktrace)
  File "/root/.cache/pypoetry/virtualenvs/cpdbv2-backend-VA82Wl8V-py3.7/lib/python3.7/site-packages/urllib3/packages/six.py", line 735, in reraise
    raise value
  File "/root/.cache/pypoetry/virtualenvs/cpdbv2-backend-VA82Wl8V-py3.7/lib/python3.7/site-packages/urllib3/connectionpool.py", line 677, in urlopen
    chunked=chunked,
  File "/root/.cache/pypoetry/virtualenvs/cpdbv2-backend-VA82Wl8V-py3.7/lib/python3.7/site-packages/urllib3/connectionpool.py", line 392, in _make_request
    conn.request(method, url, **httplib_request_kw)
  File "/usr/local/lib/python3.7/http/client.py", line 1281, in request
    self._send_request(method, url, body, headers, encode_chunked)
  File "/usr/local/lib/python3.7/http/client.py", line 1327, in _send_request
    self.endheaders(body, encode_chunked=encode_chunked)
  File "/usr/local/lib/python3.7/http/client.py", line 1276, in endheaders
    self._send_output(message_body, encode_chunked=encode_chunked)
  File "/usr/local/lib/python3.7/http/client.py", line 1036, in _send_output
    self.send(msg)
  File "/usr/local/lib/python3.7/http/client.py", line 976, in send
    self.connect()
  File "/root/.cache/pypoetry/virtualenvs/cpdbv2-backend-VA82Wl8V-py3.7/lib/python3.7/site-packages/urllib3/connection.py", line 187, in connect
    conn = self._new_conn()
  File "/root/.cache/pypoetry/virtualenvs/cpdbv2-backend-VA82Wl8V-py3.7/lib/python3.7/site-packages/urllib3/connection.py", line 172, in _new_conn
    self, "Failed to establish a new connection: %s" % e
urllib3.exceptions.NewConnectionError: <urllib3.connection.HTTPConnection object at 0x7ff0689e9bd0>: Failed to establish a new connection: [Errno -2] Name or service not known
elasticsearch: DEBUG: > None
--------------------- >> end captured logging << ---------------------

======================================================================
ERROR: test_search_by_name (search.tests.test_workers.UnitWorkerTestCase)
----------------------------------------------------------------------
Traceback (most recent call last):
  File "/usr/src/app/cpdb/search/tests/utils.py", line 12, in setUp
    autocompletes_alias.read_index.delete(ignore=404)
  File "/root/.cache/pypoetry/virtualenvs/cpdbv2-backend-VA82Wl8V-py3.7/lib/python3.7/site-packages/elasticsearch_dsl/index.py", line 222, in delete
    self.connection.indices.delete(index=self._name, **kwargs)
  File "/root/.cache/pypoetry/virtualenvs/cpdbv2-backend-VA82Wl8V-py3.7/lib/python3.7/site-packages/elasticsearch/client/utils.py", line 73, in _wrapped
    return func(*args, params=params, **kwargs)
  File "/root/.cache/pypoetry/virtualenvs/cpdbv2-backend-VA82Wl8V-py3.7/lib/python3.7/site-packages/elasticsearch/client/indices.py", line 200, in delete
    params=params)
  File "/root/.cache/pypoetry/virtualenvs/cpdbv2-backend-VA82Wl8V-py3.7/lib/python3.7/site-packages/elasticsearch/transport.py", line 312, in perform_request
    status, headers, data = connection.perform_request(method, url, params, body, ignore=ignore, timeout=timeout)
  File "/root/.cache/pypoetry/virtualenvs/cpdbv2-backend-VA82Wl8V-py3.7/lib/python3.7/site-packages/elasticsearch/connection/http_urllib3.py", line 124, in perform_request
    raise ConnectionError('N/A', str(e), e)
elasticsearch.exceptions.ConnectionError: ConnectionError(<urllib3.connection.HTTPConnection object at 0x7ff0696d7210>: Failed to establish a new connection: [Errno -2] Name or service not known) caused by: NewConnectionError(<urllib3.connection.HTTPConnection object at 0x7ff0696d7210>: Failed to establish a new connection: [Errno -2] Name or service not known)
-------------------- >> begin captured logging << --------------------
urllib3.util.retry: DEBUG: Converted retries value: False -> Retry(total=False, connect=None, read=None, redirect=0, status=None)
urllib3.connectionpool: DEBUG: Starting new HTTP connection (837): elasticsearch:9200
elasticsearch: WARNING: DELETE http://elasticsearch:9200/test_autocompletes [status:N/A request:0.004s]
Traceback (most recent call last):
  File "/root/.cache/pypoetry/virtualenvs/cpdbv2-backend-VA82Wl8V-py3.7/lib/python3.7/site-packages/urllib3/connection.py", line 160, in _new_conn
    (self._dns_host, self.port), self.timeout, **extra_kw
  File "/root/.cache/pypoetry/virtualenvs/cpdbv2-backend-VA82Wl8V-py3.7/lib/python3.7/site-packages/urllib3/util/connection.py", line 61, in create_connection
    for res in socket.getaddrinfo(host, port, family, socket.SOCK_STREAM):
  File "/usr/local/lib/python3.7/socket.py", line 752, in getaddrinfo
    for res in _socket.getaddrinfo(host, port, family, type, proto, flags):
socket.gaierror: [Errno -2] Name or service not known

During handling of the above exception, another exception occurred:

Traceback (most recent call last):
  File "/root/.cache/pypoetry/virtualenvs/cpdbv2-backend-VA82Wl8V-py3.7/lib/python3.7/site-packages/elasticsearch/connection/http_urllib3.py", line 115, in perform_request
    response = self.pool.urlopen(method, url, body, retries=False, headers=self.headers, **kw)
  File "/root/.cache/pypoetry/virtualenvs/cpdbv2-backend-VA82Wl8V-py3.7/lib/python3.7/site-packages/urllib3/connectionpool.py", line 727, in urlopen
    method, url, error=e, _pool=self, _stacktrace=sys.exc_info()[2]
  File "/root/.cache/pypoetry/virtualenvs/cpdbv2-backend-VA82Wl8V-py3.7/lib/python3.7/site-packages/urllib3/util/retry.py", line 386, in increment
    raise six.reraise(type(error), error, _stacktrace)
  File "/root/.cache/pypoetry/virtualenvs/cpdbv2-backend-VA82Wl8V-py3.7/lib/python3.7/site-packages/urllib3/packages/six.py", line 735, in reraise
    raise value
  File "/root/.cache/pypoetry/virtualenvs/cpdbv2-backend-VA82Wl8V-py3.7/lib/python3.7/site-packages/urllib3/connectionpool.py", line 677, in urlopen
    chunked=chunked,
  File "/root/.cache/pypoetry/virtualenvs/cpdbv2-backend-VA82Wl8V-py3.7/lib/python3.7/site-packages/urllib3/connectionpool.py", line 392, in _make_request
    conn.request(method, url, **httplib_request_kw)
  File "/usr/local/lib/python3.7/http/client.py", line 1281, in request
    self._send_request(method, url, body, headers, encode_chunked)
  File "/usr/local/lib/python3.7/http/client.py", line 1327, in _send_request
    self.endheaders(body, encode_chunked=encode_chunked)
  File "/usr/local/lib/python3.7/http/client.py", line 1276, in endheaders
    self._send_output(message_body, encode_chunked=encode_chunked)
  File "/usr/local/lib/python3.7/http/client.py", line 1036, in _send_output
    self.send(msg)
  File "/usr/local/lib/python3.7/http/client.py", line 976, in send
    self.connect()
  File "/root/.cache/pypoetry/virtualenvs/cpdbv2-backend-VA82Wl8V-py3.7/lib/python3.7/site-packages/urllib3/connection.py", line 187, in connect
    conn = self._new_conn()
  File "/root/.cache/pypoetry/virtualenvs/cpdbv2-backend-VA82Wl8V-py3.7/lib/python3.7/site-packages/urllib3/connection.py", line 172, in _new_conn
    self, "Failed to establish a new connection: %s" % e
urllib3.exceptions.NewConnectionError: <urllib3.connection.HTTPConnection object at 0x7ff0689e9c90>: Failed to establish a new connection: [Errno -2] Name or service not known
elasticsearch: DEBUG: > None
urllib3.util.retry: DEBUG: Converted retries value: False -> Retry(total=False, connect=None, read=None, redirect=0, status=None)
urllib3.connectionpool: DEBUG: Starting new HTTP connection (838): elasticsearch:9200
elasticsearch: WARNING: DELETE http://elasticsearch:9200/test_autocompletes [status:N/A request:0.005s]
Traceback (most recent call last):
  File "/root/.cache/pypoetry/virtualenvs/cpdbv2-backend-VA82Wl8V-py3.7/lib/python3.7/site-packages/urllib3/connection.py", line 160, in _new_conn
    (self._dns_host, self.port), self.timeout, **extra_kw
  File "/root/.cache/pypoetry/virtualenvs/cpdbv2-backend-VA82Wl8V-py3.7/lib/python3.7/site-packages/urllib3/util/connection.py", line 61, in create_connection
    for res in socket.getaddrinfo(host, port, family, socket.SOCK_STREAM):
  File "/usr/local/lib/python3.7/socket.py", line 752, in getaddrinfo
    for res in _socket.getaddrinfo(host, port, family, type, proto, flags):
socket.gaierror: [Errno -2] Name or service not known

During handling of the above exception, another exception occurred:

Traceback (most recent call last):
  File "/root/.cache/pypoetry/virtualenvs/cpdbv2-backend-VA82Wl8V-py3.7/lib/python3.7/site-packages/elasticsearch/connection/http_urllib3.py", line 115, in perform_request
    response = self.pool.urlopen(method, url, body, retries=False, headers=self.headers, **kw)
  File "/root/.cache/pypoetry/virtualenvs/cpdbv2-backend-VA82Wl8V-py3.7/lib/python3.7/site-packages/urllib3/connectionpool.py", line 727, in urlopen
    method, url, error=e, _pool=self, _stacktrace=sys.exc_info()[2]
  File "/root/.cache/pypoetry/virtualenvs/cpdbv2-backend-VA82Wl8V-py3.7/lib/python3.7/site-packages/urllib3/util/retry.py", line 386, in increment
    raise six.reraise(type(error), error, _stacktrace)
  File "/root/.cache/pypoetry/virtualenvs/cpdbv2-backend-VA82Wl8V-py3.7/lib/python3.7/site-packages/urllib3/packages/six.py", line 735, in reraise
    raise value
  File "/root/.cache/pypoetry/virtualenvs/cpdbv2-backend-VA82Wl8V-py3.7/lib/python3.7/site-packages/urllib3/connectionpool.py", line 677, in urlopen
    chunked=chunked,
  File "/root/.cache/pypoetry/virtualenvs/cpdbv2-backend-VA82Wl8V-py3.7/lib/python3.7/site-packages/urllib3/connectionpool.py", line 392, in _make_request
    conn.request(method, url, **httplib_request_kw)
  File "/usr/local/lib/python3.7/http/client.py", line 1281, in request
    self._send_request(method, url, body, headers, encode_chunked)
  File "/usr/local/lib/python3.7/http/client.py", line 1327, in _send_request
    self.endheaders(body, encode_chunked=encode_chunked)
  File "/usr/local/lib/python3.7/http/client.py", line 1276, in endheaders
    self._send_output(message_body, encode_chunked=encode_chunked)
  File "/usr/local/lib/python3.7/http/client.py", line 1036, in _send_output
    self.send(msg)
  File "/usr/local/lib/python3.7/http/client.py", line 976, in send
    self.connect()
  File "/root/.cache/pypoetry/virtualenvs/cpdbv2-backend-VA82Wl8V-py3.7/lib/python3.7/site-packages/urllib3/connection.py", line 187, in connect
    conn = self._new_conn()
  File "/root/.cache/pypoetry/virtualenvs/cpdbv2-backend-VA82Wl8V-py3.7/lib/python3.7/site-packages/urllib3/connection.py", line 172, in _new_conn
    self, "Failed to establish a new connection: %s" % e
urllib3.exceptions.NewConnectionError: <urllib3.connection.HTTPConnection object at 0x7ff069b4c890>: Failed to establish a new connection: [Errno -2] Name or service not known
elasticsearch: DEBUG: > None
urllib3.util.retry: DEBUG: Converted retries value: False -> Retry(total=False, connect=None, read=None, redirect=0, status=None)
urllib3.connectionpool: DEBUG: Starting new HTTP connection (839): elasticsearch:9200
elasticsearch: WARNING: DELETE http://elasticsearch:9200/test_autocompletes [status:N/A request:0.005s]
Traceback (most recent call last):
  File "/root/.cache/pypoetry/virtualenvs/cpdbv2-backend-VA82Wl8V-py3.7/lib/python3.7/site-packages/urllib3/connection.py", line 160, in _new_conn
    (self._dns_host, self.port), self.timeout, **extra_kw
  File "/root/.cache/pypoetry/virtualenvs/cpdbv2-backend-VA82Wl8V-py3.7/lib/python3.7/site-packages/urllib3/util/connection.py", line 61, in create_connection
    for res in socket.getaddrinfo(host, port, family, socket.SOCK_STREAM):
  File "/usr/local/lib/python3.7/socket.py", line 752, in getaddrinfo
    for res in _socket.getaddrinfo(host, port, family, type, proto, flags):
socket.gaierror: [Errno -2] Name or service not known

During handling of the above exception, another exception occurred:

Traceback (most recent call last):
  File "/root/.cache/pypoetry/virtualenvs/cpdbv2-backend-VA82Wl8V-py3.7/lib/python3.7/site-packages/elasticsearch/connection/http_urllib3.py", line 115, in perform_request
    response = self.pool.urlopen(method, url, body, retries=False, headers=self.headers, **kw)
  File "/root/.cache/pypoetry/virtualenvs/cpdbv2-backend-VA82Wl8V-py3.7/lib/python3.7/site-packages/urllib3/connectionpool.py", line 727, in urlopen
    method, url, error=e, _pool=self, _stacktrace=sys.exc_info()[2]
  File "/root/.cache/pypoetry/virtualenvs/cpdbv2-backend-VA82Wl8V-py3.7/lib/python3.7/site-packages/urllib3/util/retry.py", line 386, in increment
    raise six.reraise(type(error), error, _stacktrace)
  File "/root/.cache/pypoetry/virtualenvs/cpdbv2-backend-VA82Wl8V-py3.7/lib/python3.7/site-packages/urllib3/packages/six.py", line 735, in reraise
    raise value
  File "/root/.cache/pypoetry/virtualenvs/cpdbv2-backend-VA82Wl8V-py3.7/lib/python3.7/site-packages/urllib3/connectionpool.py", line 677, in urlopen
    chunked=chunked,
  File "/root/.cache/pypoetry/virtualenvs/cpdbv2-backend-VA82Wl8V-py3.7/lib/python3.7/site-packages/urllib3/connectionpool.py", line 392, in _make_request
    conn.request(method, url, **httplib_request_kw)
  File "/usr/local/lib/python3.7/http/client.py", line 1281, in request
    self._send_request(method, url, body, headers, encode_chunked)
  File "/usr/local/lib/python3.7/http/client.py", line 1327, in _send_request
    self.endheaders(body, encode_chunked=encode_chunked)
  File "/usr/local/lib/python3.7/http/client.py", line 1276, in endheaders
    self._send_output(message_body, encode_chunked=encode_chunked)
  File "/usr/local/lib/python3.7/http/client.py", line 1036, in _send_output
    self.send(msg)
  File "/usr/local/lib/python3.7/http/client.py", line 976, in send
    self.connect()
  File "/root/.cache/pypoetry/virtualenvs/cpdbv2-backend-VA82Wl8V-py3.7/lib/python3.7/site-packages/urllib3/connection.py", line 187, in connect
    conn = self._new_conn()
  File "/root/.cache/pypoetry/virtualenvs/cpdbv2-backend-VA82Wl8V-py3.7/lib/python3.7/site-packages/urllib3/connection.py", line 172, in _new_conn
    self, "Failed to establish a new connection: %s" % e
urllib3.exceptions.NewConnectionError: <urllib3.connection.HTTPConnection object at 0x7ff0696f3f90>: Failed to establish a new connection: [Errno -2] Name or service not known
elasticsearch: DEBUG: > None
urllib3.util.retry: DEBUG: Converted retries value: False -> Retry(total=False, connect=None, read=None, redirect=0, status=None)
urllib3.connectionpool: DEBUG: Starting new HTTP connection (840): elasticsearch:9200
elasticsearch: WARNING: DELETE http://elasticsearch:9200/test_autocompletes [status:N/A request:0.004s]
Traceback (most recent call last):
  File "/root/.cache/pypoetry/virtualenvs/cpdbv2-backend-VA82Wl8V-py3.7/lib/python3.7/site-packages/urllib3/connection.py", line 160, in _new_conn
    (self._dns_host, self.port), self.timeout, **extra_kw
  File "/root/.cache/pypoetry/virtualenvs/cpdbv2-backend-VA82Wl8V-py3.7/lib/python3.7/site-packages/urllib3/util/connection.py", line 61, in create_connection
    for res in socket.getaddrinfo(host, port, family, socket.SOCK_STREAM):
  File "/usr/local/lib/python3.7/socket.py", line 752, in getaddrinfo
    for res in _socket.getaddrinfo(host, port, family, type, proto, flags):
socket.gaierror: [Errno -2] Name or service not known

During handling of the above exception, another exception occurred:

Traceback (most recent call last):
  File "/root/.cache/pypoetry/virtualenvs/cpdbv2-backend-VA82Wl8V-py3.7/lib/python3.7/site-packages/elasticsearch/connection/http_urllib3.py", line 115, in perform_request
    response = self.pool.urlopen(method, url, body, retries=False, headers=self.headers, **kw)
  File "/root/.cache/pypoetry/virtualenvs/cpdbv2-backend-VA82Wl8V-py3.7/lib/python3.7/site-packages/urllib3/connectionpool.py", line 727, in urlopen
    method, url, error=e, _pool=self, _stacktrace=sys.exc_info()[2]
  File "/root/.cache/pypoetry/virtualenvs/cpdbv2-backend-VA82Wl8V-py3.7/lib/python3.7/site-packages/urllib3/util/retry.py", line 386, in increment
    raise six.reraise(type(error), error, _stacktrace)
  File "/root/.cache/pypoetry/virtualenvs/cpdbv2-backend-VA82Wl8V-py3.7/lib/python3.7/site-packages/urllib3/packages/six.py", line 735, in reraise
    raise value
  File "/root/.cache/pypoetry/virtualenvs/cpdbv2-backend-VA82Wl8V-py3.7/lib/python3.7/site-packages/urllib3/connectionpool.py", line 677, in urlopen
    chunked=chunked,
  File "/root/.cache/pypoetry/virtualenvs/cpdbv2-backend-VA82Wl8V-py3.7/lib/python3.7/site-packages/urllib3/connectionpool.py", line 392, in _make_request
    conn.request(method, url, **httplib_request_kw)
  File "/usr/local/lib/python3.7/http/client.py", line 1281, in request
    self._send_request(method, url, body, headers, encode_chunked)
  File "/usr/local/lib/python3.7/http/client.py", line 1327, in _send_request
    self.endheaders(body, encode_chunked=encode_chunked)
  File "/usr/local/lib/python3.7/http/client.py", line 1276, in endheaders
    self._send_output(message_body, encode_chunked=encode_chunked)
  File "/usr/local/lib/python3.7/http/client.py", line 1036, in _send_output
    self.send(msg)
  File "/usr/local/lib/python3.7/http/client.py", line 976, in send
    self.connect()
  File "/root/.cache/pypoetry/virtualenvs/cpdbv2-backend-VA82Wl8V-py3.7/lib/python3.7/site-packages/urllib3/connection.py", line 187, in connect
    conn = self._new_conn()
  File "/root/.cache/pypoetry/virtualenvs/cpdbv2-backend-VA82Wl8V-py3.7/lib/python3.7/site-packages/urllib3/connection.py", line 172, in _new_conn
    self, "Failed to establish a new connection: %s" % e
urllib3.exceptions.NewConnectionError: <urllib3.connection.HTTPConnection object at 0x7ff0696d7210>: Failed to establish a new connection: [Errno -2] Name or service not known
elasticsearch: DEBUG: > None
--------------------- >> end captured logging << ---------------------

======================================================================
ERROR: test_search (search.tests.test_workers.ZipCodeWorkerTestCase)
----------------------------------------------------------------------
Traceback (most recent call last):
  File "/usr/src/app/cpdb/search/tests/utils.py", line 12, in setUp
    autocompletes_alias.read_index.delete(ignore=404)
  File "/root/.cache/pypoetry/virtualenvs/cpdbv2-backend-VA82Wl8V-py3.7/lib/python3.7/site-packages/elasticsearch_dsl/index.py", line 222, in delete
    self.connection.indices.delete(index=self._name, **kwargs)
  File "/root/.cache/pypoetry/virtualenvs/cpdbv2-backend-VA82Wl8V-py3.7/lib/python3.7/site-packages/elasticsearch/client/utils.py", line 73, in _wrapped
    return func(*args, params=params, **kwargs)
  File "/root/.cache/pypoetry/virtualenvs/cpdbv2-backend-VA82Wl8V-py3.7/lib/python3.7/site-packages/elasticsearch/client/indices.py", line 200, in delete
    params=params)
  File "/root/.cache/pypoetry/virtualenvs/cpdbv2-backend-VA82Wl8V-py3.7/lib/python3.7/site-packages/elasticsearch/transport.py", line 312, in perform_request
    status, headers, data = connection.perform_request(method, url, params, body, ignore=ignore, timeout=timeout)
  File "/root/.cache/pypoetry/virtualenvs/cpdbv2-backend-VA82Wl8V-py3.7/lib/python3.7/site-packages/elasticsearch/connection/http_urllib3.py", line 124, in perform_request
    raise ConnectionError('N/A', str(e), e)
elasticsearch.exceptions.ConnectionError: ConnectionError(<urllib3.connection.HTTPConnection object at 0x7ff0696f39d0>: Failed to establish a new connection: [Errno -2] Name or service not known) caused by: NewConnectionError(<urllib3.connection.HTTPConnection object at 0x7ff0696f39d0>: Failed to establish a new connection: [Errno -2] Name or service not known)
-------------------- >> begin captured logging << --------------------
urllib3.util.retry: DEBUG: Converted retries value: False -> Retry(total=False, connect=None, read=None, redirect=0, status=None)
urllib3.connectionpool: DEBUG: Starting new HTTP connection (841): elasticsearch:9200
elasticsearch: WARNING: DELETE http://elasticsearch:9200/test_autocompletes [status:N/A request:0.004s]
Traceback (most recent call last):
  File "/root/.cache/pypoetry/virtualenvs/cpdbv2-backend-VA82Wl8V-py3.7/lib/python3.7/site-packages/urllib3/connection.py", line 160, in _new_conn
    (self._dns_host, self.port), self.timeout, **extra_kw
  File "/root/.cache/pypoetry/virtualenvs/cpdbv2-backend-VA82Wl8V-py3.7/lib/python3.7/site-packages/urllib3/util/connection.py", line 61, in create_connection
    for res in socket.getaddrinfo(host, port, family, socket.SOCK_STREAM):
  File "/usr/local/lib/python3.7/socket.py", line 752, in getaddrinfo
    for res in _socket.getaddrinfo(host, port, family, type, proto, flags):
socket.gaierror: [Errno -2] Name or service not known

During handling of the above exception, another exception occurred:

Traceback (most recent call last):
  File "/root/.cache/pypoetry/virtualenvs/cpdbv2-backend-VA82Wl8V-py3.7/lib/python3.7/site-packages/elasticsearch/connection/http_urllib3.py", line 115, in perform_request
    response = self.pool.urlopen(method, url, body, retries=False, headers=self.headers, **kw)
  File "/root/.cache/pypoetry/virtualenvs/cpdbv2-backend-VA82Wl8V-py3.7/lib/python3.7/site-packages/urllib3/connectionpool.py", line 727, in urlopen
    method, url, error=e, _pool=self, _stacktrace=sys.exc_info()[2]
  File "/root/.cache/pypoetry/virtualenvs/cpdbv2-backend-VA82Wl8V-py3.7/lib/python3.7/site-packages/urllib3/util/retry.py", line 386, in increment
    raise six.reraise(type(error), error, _stacktrace)
  File "/root/.cache/pypoetry/virtualenvs/cpdbv2-backend-VA82Wl8V-py3.7/lib/python3.7/site-packages/urllib3/packages/six.py", line 735, in reraise
    raise value
  File "/root/.cache/pypoetry/virtualenvs/cpdbv2-backend-VA82Wl8V-py3.7/lib/python3.7/site-packages/urllib3/connectionpool.py", line 677, in urlopen
    chunked=chunked,
  File "/root/.cache/pypoetry/virtualenvs/cpdbv2-backend-VA82Wl8V-py3.7/lib/python3.7/site-packages/urllib3/connectionpool.py", line 392, in _make_request
    conn.request(method, url, **httplib_request_kw)
  File "/usr/local/lib/python3.7/http/client.py", line 1281, in request
    self._send_request(method, url, body, headers, encode_chunked)
  File "/usr/local/lib/python3.7/http/client.py", line 1327, in _send_request
    self.endheaders(body, encode_chunked=encode_chunked)
  File "/usr/local/lib/python3.7/http/client.py", line 1276, in endheaders
    self._send_output(message_body, encode_chunked=encode_chunked)
  File "/usr/local/lib/python3.7/http/client.py", line 1036, in _send_output
    self.send(msg)
  File "/usr/local/lib/python3.7/http/client.py", line 976, in send
    self.connect()
  File "/root/.cache/pypoetry/virtualenvs/cpdbv2-backend-VA82Wl8V-py3.7/lib/python3.7/site-packages/urllib3/connection.py", line 187, in connect
    conn = self._new_conn()
  File "/root/.cache/pypoetry/virtualenvs/cpdbv2-backend-VA82Wl8V-py3.7/lib/python3.7/site-packages/urllib3/connection.py", line 172, in _new_conn
    self, "Failed to establish a new connection: %s" % e
urllib3.exceptions.NewConnectionError: <urllib3.connection.HTTPConnection object at 0x7ff0696d7a10>: Failed to establish a new connection: [Errno -2] Name or service not known
elasticsearch: DEBUG: > None
urllib3.util.retry: DEBUG: Converted retries value: False -> Retry(total=False, connect=None, read=None, redirect=0, status=None)
urllib3.connectionpool: DEBUG: Starting new HTTP connection (842): elasticsearch:9200
elasticsearch: WARNING: DELETE http://elasticsearch:9200/test_autocompletes [status:N/A request:0.004s]
Traceback (most recent call last):
  File "/root/.cache/pypoetry/virtualenvs/cpdbv2-backend-VA82Wl8V-py3.7/lib/python3.7/site-packages/urllib3/connection.py", line 160, in _new_conn
    (self._dns_host, self.port), self.timeout, **extra_kw
  File "/root/.cache/pypoetry/virtualenvs/cpdbv2-backend-VA82Wl8V-py3.7/lib/python3.7/site-packages/urllib3/util/connection.py", line 61, in create_connection
    for res in socket.getaddrinfo(host, port, family, socket.SOCK_STREAM):
  File "/usr/local/lib/python3.7/socket.py", line 752, in getaddrinfo
    for res in _socket.getaddrinfo(host, port, family, type, proto, flags):
socket.gaierror: [Errno -2] Name or service not known

During handling of the above exception, another exception occurred:

Traceback (most recent call last):
  File "/root/.cache/pypoetry/virtualenvs/cpdbv2-backend-VA82Wl8V-py3.7/lib/python3.7/site-packages/elasticsearch/connection/http_urllib3.py", line 115, in perform_request
    response = self.pool.urlopen(method, url, body, retries=False, headers=self.headers, **kw)
  File "/root/.cache/pypoetry/virtualenvs/cpdbv2-backend-VA82Wl8V-py3.7/lib/python3.7/site-packages/urllib3/connectionpool.py", line 727, in urlopen
    method, url, error=e, _pool=self, _stacktrace=sys.exc_info()[2]
  File "/root/.cache/pypoetry/virtualenvs/cpdbv2-backend-VA82Wl8V-py3.7/lib/python3.7/site-packages/urllib3/util/retry.py", line 386, in increment
    raise six.reraise(type(error), error, _stacktrace)
  File "/root/.cache/pypoetry/virtualenvs/cpdbv2-backend-VA82Wl8V-py3.7/lib/python3.7/site-packages/urllib3/packages/six.py", line 735, in reraise
    raise value
  File "/root/.cache/pypoetry/virtualenvs/cpdbv2-backend-VA82Wl8V-py3.7/lib/python3.7/site-packages/urllib3/connectionpool.py", line 677, in urlopen
    chunked=chunked,
  File "/root/.cache/pypoetry/virtualenvs/cpdbv2-backend-VA82Wl8V-py3.7/lib/python3.7/site-packages/urllib3/connectionpool.py", line 392, in _make_request
    conn.request(method, url, **httplib_request_kw)
  File "/usr/local/lib/python3.7/http/client.py", line 1281, in request
    self._send_request(method, url, body, headers, encode_chunked)
  File "/usr/local/lib/python3.7/http/client.py", line 1327, in _send_request
    self.endheaders(body, encode_chunked=encode_chunked)
  File "/usr/local/lib/python3.7/http/client.py", line 1276, in endheaders
    self._send_output(message_body, encode_chunked=encode_chunked)
  File "/usr/local/lib/python3.7/http/client.py", line 1036, in _send_output
    self.send(msg)
  File "/usr/local/lib/python3.7/http/client.py", line 976, in send
    self.connect()
  File "/root/.cache/pypoetry/virtualenvs/cpdbv2-backend-VA82Wl8V-py3.7/lib/python3.7/site-packages/urllib3/connection.py", line 187, in connect
    conn = self._new_conn()
  File "/root/.cache/pypoetry/virtualenvs/cpdbv2-backend-VA82Wl8V-py3.7/lib/python3.7/site-packages/urllib3/connection.py", line 172, in _new_conn
    self, "Failed to establish a new connection: %s" % e
urllib3.exceptions.NewConnectionError: <urllib3.connection.HTTPConnection object at 0x7ff068f0ced0>: Failed to establish a new connection: [Errno -2] Name or service not known
elasticsearch: DEBUG: > None
urllib3.util.retry: DEBUG: Converted retries value: False -> Retry(total=False, connect=None, read=None, redirect=0, status=None)
urllib3.connectionpool: DEBUG: Starting new HTTP connection (843): elasticsearch:9200
elasticsearch: WARNING: DELETE http://elasticsearch:9200/test_autocompletes [status:N/A request:0.005s]
Traceback (most recent call last):
  File "/root/.cache/pypoetry/virtualenvs/cpdbv2-backend-VA82Wl8V-py3.7/lib/python3.7/site-packages/urllib3/connection.py", line 160, in _new_conn
    (self._dns_host, self.port), self.timeout, **extra_kw
  File "/root/.cache/pypoetry/virtualenvs/cpdbv2-backend-VA82Wl8V-py3.7/lib/python3.7/site-packages/urllib3/util/connection.py", line 61, in create_connection
    for res in socket.getaddrinfo(host, port, family, socket.SOCK_STREAM):
  File "/usr/local/lib/python3.7/socket.py", line 752, in getaddrinfo
    for res in _socket.getaddrinfo(host, port, family, type, proto, flags):
socket.gaierror: [Errno -2] Name or service not known

During handling of the above exception, another exception occurred:

Traceback (most recent call last):
  File "/root/.cache/pypoetry/virtualenvs/cpdbv2-backend-VA82Wl8V-py3.7/lib/python3.7/site-packages/elasticsearch/connection/http_urllib3.py", line 115, in perform_request
    response = self.pool.urlopen(method, url, body, retries=False, headers=self.headers, **kw)
  File "/root/.cache/pypoetry/virtualenvs/cpdbv2-backend-VA82Wl8V-py3.7/lib/python3.7/site-packages/urllib3/connectionpool.py", line 727, in urlopen
    method, url, error=e, _pool=self, _stacktrace=sys.exc_info()[2]
  File "/root/.cache/pypoetry/virtualenvs/cpdbv2-backend-VA82Wl8V-py3.7/lib/python3.7/site-packages/urllib3/util/retry.py", line 386, in increment
    raise six.reraise(type(error), error, _stacktrace)
  File "/root/.cache/pypoetry/virtualenvs/cpdbv2-backend-VA82Wl8V-py3.7/lib/python3.7/site-packages/urllib3/packages/six.py", line 735, in reraise
    raise value
  File "/root/.cache/pypoetry/virtualenvs/cpdbv2-backend-VA82Wl8V-py3.7/lib/python3.7/site-packages/urllib3/connectionpool.py", line 677, in urlopen
    chunked=chunked,
  File "/root/.cache/pypoetry/virtualenvs/cpdbv2-backend-VA82Wl8V-py3.7/lib/python3.7/site-packages/urllib3/connectionpool.py", line 392, in _make_request
    conn.request(method, url, **httplib_request_kw)
  File "/usr/local/lib/python3.7/http/client.py", line 1281, in request
    self._send_request(method, url, body, headers, encode_chunked)
  File "/usr/local/lib/python3.7/http/client.py", line 1327, in _send_request
    self.endheaders(body, encode_chunked=encode_chunked)
  File "/usr/local/lib/python3.7/http/client.py", line 1276, in endheaders
    self._send_output(message_body, encode_chunked=encode_chunked)
  File "/usr/local/lib/python3.7/http/client.py", line 1036, in _send_output
    self.send(msg)
  File "/usr/local/lib/python3.7/http/client.py", line 976, in send
    self.connect()
  File "/root/.cache/pypoetry/virtualenvs/cpdbv2-backend-VA82Wl8V-py3.7/lib/python3.7/site-packages/urllib3/connection.py", line 187, in connect
    conn = self._new_conn()
  File "/root/.cache/pypoetry/virtualenvs/cpdbv2-backend-VA82Wl8V-py3.7/lib/python3.7/site-packages/urllib3/connection.py", line 172, in _new_conn
    self, "Failed to establish a new connection: %s" % e
urllib3.exceptions.NewConnectionError: <urllib3.connection.HTTPConnection object at 0x7ff0696d7310>: Failed to establish a new connection: [Errno -2] Name or service not known
elasticsearch: DEBUG: > None
urllib3.util.retry: DEBUG: Converted retries value: False -> Retry(total=False, connect=None, read=None, redirect=0, status=None)
urllib3.connectionpool: DEBUG: Starting new HTTP connection (844): elasticsearch:9200
elasticsearch: WARNING: DELETE http://elasticsearch:9200/test_autocompletes [status:N/A request:0.004s]
Traceback (most recent call last):
  File "/root/.cache/pypoetry/virtualenvs/cpdbv2-backend-VA82Wl8V-py3.7/lib/python3.7/site-packages/urllib3/connection.py", line 160, in _new_conn
    (self._dns_host, self.port), self.timeout, **extra_kw
  File "/root/.cache/pypoetry/virtualenvs/cpdbv2-backend-VA82Wl8V-py3.7/lib/python3.7/site-packages/urllib3/util/connection.py", line 61, in create_connection
    for res in socket.getaddrinfo(host, port, family, socket.SOCK_STREAM):
  File "/usr/local/lib/python3.7/socket.py", line 752, in getaddrinfo
    for res in _socket.getaddrinfo(host, port, family, type, proto, flags):
socket.gaierror: [Errno -2] Name or service not known

During handling of the above exception, another exception occurred:

Traceback (most recent call last):
  File "/root/.cache/pypoetry/virtualenvs/cpdbv2-backend-VA82Wl8V-py3.7/lib/python3.7/site-packages/elasticsearch/connection/http_urllib3.py", line 115, in perform_request
    response = self.pool.urlopen(method, url, body, retries=False, headers=self.headers, **kw)
  File "/root/.cache/pypoetry/virtualenvs/cpdbv2-backend-VA82Wl8V-py3.7/lib/python3.7/site-packages/urllib3/connectionpool.py", line 727, in urlopen
    method, url, error=e, _pool=self, _stacktrace=sys.exc_info()[2]
  File "/root/.cache/pypoetry/virtualenvs/cpdbv2-backend-VA82Wl8V-py3.7/lib/python3.7/site-packages/urllib3/util/retry.py", line 386, in increment
    raise six.reraise(type(error), error, _stacktrace)
  File "/root/.cache/pypoetry/virtualenvs/cpdbv2-backend-VA82Wl8V-py3.7/lib/python3.7/site-packages/urllib3/packages/six.py", line 735, in reraise
    raise value
  File "/root/.cache/pypoetry/virtualenvs/cpdbv2-backend-VA82Wl8V-py3.7/lib/python3.7/site-packages/urllib3/connectionpool.py", line 677, in urlopen
    chunked=chunked,
  File "/root/.cache/pypoetry/virtualenvs/cpdbv2-backend-VA82Wl8V-py3.7/lib/python3.7/site-packages/urllib3/connectionpool.py", line 392, in _make_request
    conn.request(method, url, **httplib_request_kw)
  File "/usr/local/lib/python3.7/http/client.py", line 1281, in request
    self._send_request(method, url, body, headers, encode_chunked)
  File "/usr/local/lib/python3.7/http/client.py", line 1327, in _send_request
    self.endheaders(body, encode_chunked=encode_chunked)
  File "/usr/local/lib/python3.7/http/client.py", line 1276, in endheaders
    self._send_output(message_body, encode_chunked=encode_chunked)
  File "/usr/local/lib/python3.7/http/client.py", line 1036, in _send_output
    self.send(msg)
  File "/usr/local/lib/python3.7/http/client.py", line 976, in send
    self.connect()
  File "/root/.cache/pypoetry/virtualenvs/cpdbv2-backend-VA82Wl8V-py3.7/lib/python3.7/site-packages/urllib3/connection.py", line 187, in connect
    conn = self._new_conn()
  File "/root/.cache/pypoetry/virtualenvs/cpdbv2-backend-VA82Wl8V-py3.7/lib/python3.7/site-packages/urllib3/connection.py", line 172, in _new_conn
    self, "Failed to establish a new connection: %s" % e
urllib3.exceptions.NewConnectionError: <urllib3.connection.HTTPConnection object at 0x7ff0696f39d0>: Failed to establish a new connection: [Errno -2] Name or service not known
elasticsearch: DEBUG: > None
--------------------- >> end captured logging << ---------------------

----------------------------------------------------------------------
Ran 1363 tests in 63.290s

FAILED (errors=219)
Destroying test database for alias 'default'...
